16:20:10  INFO     Starting scrape: 27 countries, 5 queries each
16:20:10  INFO     [FR] 'artificial intelligence' → 100 entries, 47 kept so far
/home/runner/work/EU_AI_News/EU_AI_News/eu_ai_news_scraper.py:230: DeprecationWarning: datetime.datetime.utcnow() is deprecated and scheduled for removal in a future version. Use timezone-aware objects to represent datetimes in UTC: datetime.datetime.now(datetime.UTC).
  "scraped_at":   datetime.utcnow().isoformat(),
16:20:10  INFO     [DE] 'artificial intelligence' → 100 entries, 40 kept so far
16:20:10  INFO     [IT] 'artificial intelligence' → 100 entries, 33 kept so far
16:20:10  INFO     [PL] 'artificial intelligence' → 100 entries, 22 kept so far
16:20:10  INFO     [ES] 'artificial intelligence' → 100 entries, 62 kept so far
16:20:12  INFO     [FR] 'AI regulation' → 100 entries, 134 kept so far
16:20:12  INFO     [DE] 'AI regulation' → 100 entries, 121 kept so far
16:20:12  INFO     [IT] 'AI regulation' → 100 entries, 125 kept so far
16:20:12  INFO     [PL] 'AI regulation' → 90 entries, 95 kept so far
16:20:13  INFO     [ES] 'AI regulation' → 83 entries, 121 kept so far
16:20:13  INFO     [DE] 'machine learning' → 100 entries, 175 kept so far
16:20:14  INFO     [FR] 'machine learning' → 100 entries, 189 kept so far
16:20:14  INFO     [IT] 'machine learning' → 100 entries, 197 kept so far
16:20:14  INFO     [PL] 'machine learning' → 100 entries, 143 kept so far
16:20:14  INFO     [ES] 'machine learning' → 100 entries, 200 kept so far
16:20:15  INFO     [DE] 'EU AI Act' → 100 entries, 235 kept so far
16:20:15  INFO     [IT] 'EU AI Act' → 100 entries, 263 kept so far
16:20:15  INFO     [FR] 'EU AI Act' → 88 entries, 236 kept so far
16:20:15  INFO     [PL] 'EU AI Act' → 78 entries, 170 kept so far
16:20:16  INFO     [ES] 'EU AI Act' → 78 entries, 223 kept so far
16:20:17  INFO     [DE] 'generative AI' → 100 entries, 258 kept so far
16:20:17  INFO     [IT] 'generative AI' → 100 entries, 306 kept so far
16:20:17  INFO     [FR] 'generative AI' → 100 entries, 262 kept so far
16:20:17  INFO     [PL] 'generative AI' → 100 entries, 204 kept so far
16:20:17  INFO     [ES] 'generative AI' → 100 entries, 268 kept so far
16:20:18  INFO     [DE] +198 new articles saved
16:20:18  INFO     [IT] +218 new articles saved
16:20:18  INFO     [FR] +145 new articles saved
16:20:18  INFO     [PL] +130 new articles saved
16:20:18  INFO     [NL] 'artificial intelligence' → 100 entries, 14 kept so far
16:20:18  INFO     [SE] 'artificial intelligence' → 100 entries, 11 kept so far
16:20:18  INFO     [BE] 'artificial intelligence' → 100 entries, 57 kept so far
16:20:18  INFO     [AT] 'artificial intelligence' → 100 entries, 41 kept so far
16:20:19  INFO     [ES] +157 new articles saved
16:20:19  INFO     [DK] 'artificial intelligence' → 100 entries, 14 kept so far
16:20:20  INFO     [NL] 'AI regulation' → 77 entries, 69 kept so far
16:20:20  INFO     [SE] 'AI regulation' → 71 entries, 26 kept so far
16:20:20  INFO     [BE] 'AI regulation' → 100 entries, 143 kept so far
16:20:20  INFO     [AT] 'AI regulation' → 100 entries, 121 kept so far
16:20:21  INFO     [DK] 'AI regulation' → 48 entries, 26 kept so far
16:20:21  INFO     [NL] 'machine learning' → 100 entries, 121 kept so far
16:20:21  INFO     [SE] 'machine learning' → 77 entries, 46 kept so far
16:20:21  INFO     [BE] 'machine learning' → 100 entries, 200 kept so far
16:20:22  INFO     [AT] 'machine learning' → 100 entries, 175 kept so far
16:20:22  INFO     [DK] 'machine learning' → 86 entries, 45 kept so far
16:20:23  INFO     [SE] 'EU AI Act' → 67 entries, 51 kept so far
16:20:23  INFO     [NL] 'EU AI Act' → 100 entries, 144 kept so far
16:20:23  INFO     [BE] 'EU AI Act' → 93 entries, 250 kept so far
16:20:23  INFO     [AT] 'EU AI Act' → 100 entries, 252 kept so far
16:20:24  INFO     [DK] 'EU AI Act' → 75 entries, 59 kept so far
16:20:24  INFO     [SE] 'generative AI' → 79 entries, 58 kept so far
16:20:25  INFO     [NL] 'generative AI' → 100 entries, 172 kept so far
16:20:25  INFO     [BE] 'generative AI' → 100 entries, 273 kept so far
16:20:25  INFO     [AT] 'generative AI' → 100 entries, 275 kept so far
16:20:26  INFO     [DK] 'generative AI' → 100 entries, 93 kept so far
16:20:26  INFO     [SE] +26 new articles saved
16:20:26  INFO     [FI] 'artificial intelligence' → 100 entries, 59 kept so far
16:20:26  INFO     [NL] +98 new articles saved
16:20:26  INFO     [BE] +25 new articles saved
16:20:26  INFO     [AT] +56 new articles saved
16:20:26  INFO     [PT] 'artificial intelligence' → 100 entries, 60 kept so far
16:20:26  INFO     [CZ] 'artificial intelligence' → 100 entries, 17 kept so far
16:20:26  INFO     [RO] 'artificial intelligence' → 100 entries, 42 kept so far
16:20:27  INFO     [HU] 'artificial intelligence' → 100 entries, 18 kept so far
16:20:27  INFO     [DK] +38 new articles saved
16:20:27  INFO     [FI] 'AI regulation' → 55 entries, 74 kept so far
16:20:28  INFO     [CZ] 'AI regulation' → 74 entries, 49 kept so far
16:20:28  INFO     [RO] 'AI regulation' → 77 entries, 51 kept so far
16:20:28  INFO     [PT] 'AI regulation' → 98 entries, 125 kept so far
16:20:29  INFO     [HU] 'AI regulation' → 79 entries, 24 kept so far
16:20:29  INFO     [FI] 'machine learning' → 89 entries, 122 kept so far
16:20:29  INFO     [CZ] 'machine learning' → 77 entries, 70 kept so far
16:20:30  INFO     [RO] 'machine learning' → 100 entries, 103 kept so far
16:20:30  INFO     [PT] 'machine learning' → 100 entries, 208 kept so far
16:20:30  INFO     [HU] 'machine learning' → 67 entries, 50 kept so far
16:20:30  INFO     [FI] 'EU AI Act' → 56 entries, 157 kept so far
16:20:31  INFO     [CZ] 'EU AI Act' → 72 entries, 82 kept so far
16:20:31  INFO     [RO] 'EU AI Act' → 77 entries, 129 kept so far
16:20:31  INFO     [PT] 'EU AI Act' → 55 entries, 217 kept so far
16:20:32  INFO     [HU] 'EU AI Act' → 79 entries, 73 kept so far
16:20:32  INFO     [FI] 'generative AI' → 67 entries, 196 kept so far
16:20:32  INFO     [CZ] 'generative AI' → 80 entries, 102 kept so far
16:20:33  INFO     [RO] 'generative AI' → 92 entries, 155 kept so far
16:20:33  INFO     [PT] 'generative AI' → 100 entries, 250 kept so far
16:20:33  INFO     [HU] 'generative AI' → 75 entries, 96 kept so far
16:20:33  INFO     [GR] 'artificial intelligence' → 100 entries, 37 kept so far
16:20:34  INFO     [SK] 'artificial intelligence' → 100 entries, 23 kept so far
16:20:34  INFO     [HR] 'artificial intelligence' → 100 entries, 46 kept so far
16:20:34  INFO     [IE] 'artificial intelligence' → 100 entries, 55 kept so far
16:20:34  INFO     [BG] 'artificial intelligence' → 79 entries, 31 kept so far
16:20:35  INFO     [GR] 'AI regulation' → 60 entries, 90 kept so far
16:20:35  INFO     [SK] 'AI regulation' → 25 entries, 26 kept so far
16:20:36  INFO     [HR] 'AI regulation' → 100 entries, 105 kept so far
16:20:36  INFO     [FI] +104 new articles saved
16:20:36  INFO     [CZ] +71 new articles saved
16:20:36  INFO     [RO] +91 new articles saved
16:20:36  INFO     [PT] +178 new articles saved
16:20:36  INFO     [HU] +58 new articles saved
16:20:36  INFO     [IE] 'AI regulation' → 100 entries, 111 kept so far
16:20:36  INFO     [BG] 'AI regulation' → 14 entries, 32 kept so far
16:20:36  INFO     [GR] 'machine learning' → 100 entries, 132 kept so far
16:20:37  INFO     [SK] 'machine learning' → 57 entries, 36 kept so far
16:20:37  INFO     [HR] 'machine learning' → 100 entries, 170 kept so far
16:20:37  INFO     [BG] 'machine learning' → 57 entries, 42 kept so far
16:20:37  INFO     [IE] 'machine learning' → 100 entries, 175 kept so far
16:20:38  INFO     [GR] 'EU AI Act' → 56 entries, 150 kept so far
16:20:38  INFO     [SK] 'EU AI Act' → 58 entries, 45 kept so far
16:20:39  INFO     [BG] 'EU AI Act' → 12 entries, 44 kept so far
16:20:39  INFO     [HR] 'EU AI Act' → 100 entries, 248 kept so far
16:20:39  INFO     [IE] 'EU AI Act' → 100 entries, 244 kept so far
16:20:39  INFO     [GR] 'generative AI' → 100 entries, 196 kept so far
16:20:39  INFO     [SK] 'generative AI' → 43 entries, 54 kept so far
16:20:40  INFO     [BG] 'generative AI' → 31 entries, 49 kept so far
16:20:40  INFO     [HR] 'generative AI' → 100 entries, 317 kept so far
16:20:40  INFO     [GR] +133 new articles saved
16:20:40  INFO     [SK] +25 new articles saved
16:20:41  INFO     [LT] 'artificial intelligence' → 87 entries, 34 kept so far
16:20:41  INFO     [IE] 'generative AI' → 100 entries, 304 kept so far
16:20:41  INFO     [BG] +27 new articles saved
16:20:41  INFO     [SI] 'artificial intelligence' → 100 entries, 54 kept so far
16:20:41  INFO     [HR] +276 new articles saved
16:20:41  INFO     [LV] 'artificial intelligence' → 63 entries, 21 kept so far
16:20:42  INFO     [EE] 'artificial intelligence' → 98 entries, 50 kept so far
16:20:42  INFO     [IE] +102 new articles saved
16:20:42  INFO     [LT] 'AI regulation' → 14 entries, 34 kept so far
16:20:42  INFO     [SI] 'AI regulation' → 9 entries, 54 kept so far
16:20:42  INFO     [CY] 'artificial intelligence' → 100 entries, 37 kept so far
16:20:43  INFO     [LV] 'AI regulation' → 6 entries, 21 kept so far
16:20:43  INFO     [EE] 'AI regulation' → 6 entries, 50 kept so far
16:20:43  INFO     [LT] 'machine learning' → 23 entries, 36 kept so far
16:20:44  INFO     [SI] 'machine learning' → 20 entries, 55 kept so far
16:20:44  INFO     [LV] 'machine learning' → 14 entries, 24 kept so far
16:20:44  INFO     [CY] 'AI regulation' → 60 entries, 90 kept so far
16:20:44  INFO     [EE] 'machine learning' → 18 entries, 53 kept so far
16:20:45  INFO     [SI] 'EU AI Act' → 26 entries, 61 kept so far
16:20:45  INFO     [LT] 'EU AI Act' → 17 entries, 37 kept so far
16:20:45  INFO     [LV] 'EU AI Act' → 6 entries, 24 kept so far
16:20:45  INFO     [CY] 'machine learning' → 100 entries, 132 kept so far
16:20:46  INFO     [EE] 'EU AI Act' → 10 entries, 54 kept so far
16:20:46  INFO     [SI] 'generative AI' → 13 entries, 63 kept so far
16:20:46  INFO     [LT] 'generative AI' → 19 entries, 42 kept so far
16:20:46  INFO     [LV] 'generative AI' → 8 entries, 25 kept so far
16:20:47  INFO     [CY] 'EU AI Act' → 56 entries, 150 kept so far
16:20:47  INFO     [EE] 'generative AI' → 11 entries, 57 kept so far
16:20:47  INFO     [SI] +29 new articles saved
16:20:47  INFO     [LT] +18 new articles saved
16:20:47  INFO     [MT] 'artificial intelligence' → 100 entries, 46 kept so far
16:20:47  INFO     [LV] +11 new articles saved
16:20:48  INFO     [LU] 'artificial intelligence' → 100 entries, 47 kept so far
16:20:48  INFO     [EE] +32 new articles saved
16:20:48  INFO     [CY] 'generative AI' → 100 entries, 196 kept so far
16:20:49  INFO     [MT] 'AI regulation' → 100 entries, 105 kept so far
16:20:49  INFO     [CY] +0 new articles saved
16:20:49  INFO     [LU] 'AI regulation' → 100 entries, 134 kept so far
16:20:50  INFO     [MT] 'machine learning' → 100 entries, 170 kept so far
16:20:51  INFO     [LU] 'machine learning' → 100 entries, 189 kept so far
16:20:51  INFO     [MT] 'EU AI Act' → 100 entries, 248 kept so far
16:20:52  INFO     [MT] 'generative AI' → 100 entries, 317 kept so far
16:20:52  INFO     [LU] 'EU AI Act' → 88 entries, 236 kept so far
16:20:53  INFO     [MT] +0 new articles saved
16:20:54  INFO     [LU] 'generative AI' → 100 entries, 262 kept so far
16:20:55  INFO     [LU] +0 new articles saved
16:20:55  INFO     Scrape complete. 2246 new articles this run.
