11:24:53  INFO     Starting scrape: 27 countries, 5 queries each
/home/runner/work/EU_AI_News/EU_AI_News/eu_ai_news_scraper.py:230: DeprecationWarning: datetime.datetime.utcnow() is deprecated and scheduled for removal in a future version. Use timezone-aware objects to represent datetimes in UTC: datetime.datetime.now(datetime.UTC).
  "scraped_at":   datetime.utcnow().isoformat(),
11:24:53  INFO     [DE] 'artificial intelligence' → 100 entries, 39 kept so far
11:24:53  INFO     [IT] 'artificial intelligence' → 99 entries, 31 kept so far
11:24:54  INFO     [PL] 'artificial intelligence' → 100 entries, 11 kept so far
11:24:54  INFO     [FR] 'artificial intelligence' → 100 entries, 44 kept so far
11:24:54  INFO     [ES] 'artificial intelligence' → 100 entries, 53 kept so far
11:24:55  INFO     [DE] 'AI regulation' → 100 entries, 117 kept so far
11:24:55  INFO     [IT] 'AI regulation' → 100 entries, 120 kept so far
11:24:55  INFO     [PL] 'AI regulation' → 79 entries, 70 kept so far
11:24:55  INFO     [FR] 'AI regulation' → 99 entries, 135 kept so far
11:24:56  INFO     [ES] 'AI regulation' → 78 entries, 89 kept so far
11:24:57  INFO     [DE] 'machine learning' → 100 entries, 169 kept so far
11:24:57  INFO     [IT] 'machine learning' → 100 entries, 193 kept so far
11:24:57  INFO     [FR] 'machine learning' → 100 entries, 186 kept so far
11:24:57  INFO     [PL] 'machine learning' → 100 entries, 116 kept so far
11:24:57  INFO     [ES] 'machine learning' → 100 entries, 156 kept so far
11:24:58  INFO     [DE] 'EU AI Act' → 100 entries, 243 kept so far
11:24:58  INFO     [FR] 'EU AI Act' → 78 entries, 218 kept so far
11:24:59  INFO     [PL] 'EU AI Act' → 77 entries, 136 kept so far
11:24:59  INFO     [IT] 'EU AI Act' → 100 entries, 242 kept so far
11:24:59  INFO     [ES] 'EU AI Act' → 79 entries, 184 kept so far
11:25:00  INFO     [DE] 'generative AI' → 100 entries, 266 kept so far
11:25:00  INFO     [FR] 'generative AI' → 100 entries, 246 kept so far
11:25:00  INFO     [PL] 'generative AI' → 100 entries, 163 kept so far
11:25:00  INFO     [IT] 'generative AI' → 100 entries, 286 kept so far
11:25:01  INFO     [DE] +175 new articles saved
11:25:01  INFO     [ES] 'generative AI' → 100 entries, 230 kept so far
11:25:01  INFO     [FR] +144 new articles saved
11:25:01  INFO     [PL] +89 new articles saved
11:25:01  INFO     [IT] +190 new articles saved
11:25:01  INFO     [NL] 'artificial intelligence' → 100 entries, 15 kept so far
11:25:02  INFO     [BE] 'artificial intelligence' → 100 entries, 57 kept so far
11:25:02  INFO     [SE] 'artificial intelligence' → 100 entries, 12 kept so far
11:25:02  INFO     [ES] +126 new articles saved
11:25:02  INFO     [AT] 'artificial intelligence' → 100 entries, 37 kept so far
11:25:02  INFO     [DK] 'artificial intelligence' → 100 entries, 12 kept so far
11:25:03  INFO     [NL] 'AI regulation' → 78 entries, 61 kept so far
11:25:03  INFO     [BE] 'AI regulation' → 98 entries, 147 kept so far
11:25:03  INFO     [SE] 'AI regulation' → 76 entries, 22 kept so far
11:25:04  INFO     [AT] 'AI regulation' → 100 entries, 113 kept so far
11:25:04  INFO     [DK] 'AI regulation' → 35 entries, 17 kept so far
11:25:04  INFO     [NL] 'machine learning' → 100 entries, 106 kept so far
11:25:05  INFO     [SE] 'machine learning' → 86 entries, 50 kept so far
11:25:05  INFO     [BE] 'machine learning' → 100 entries, 198 kept so far
11:25:05  INFO     [AT] 'machine learning' → 100 entries, 164 kept so far
11:25:05  INFO     [DK] 'machine learning' → 77 entries, 37 kept so far
11:25:06  INFO     [NL] 'EU AI Act' → 100 entries, 135 kept so far
11:25:06  INFO     [SE] 'EU AI Act' → 73 entries, 59 kept so far
11:25:06  INFO     [BE] 'EU AI Act' → 81 entries, 232 kept so far
11:25:07  INFO     [AT] 'EU AI Act' → 100 entries, 244 kept so far
11:25:07  INFO     [DK] 'EU AI Act' → 77 entries, 53 kept so far
11:25:08  INFO     [NL] 'generative AI' → 100 entries, 164 kept so far
11:25:08  INFO     [SE] 'generative AI' → 71 entries, 69 kept so far
11:25:08  INFO     [BE] 'generative AI' → 100 entries, 259 kept so far
11:25:09  INFO     [AT] 'generative AI' → 100 entries, 267 kept so far
11:25:09  INFO     [DK] 'generative AI' → 97 entries, 85 kept so far
11:25:09  INFO     [NL] +79 new articles saved
11:25:09  INFO     [SE] +34 new articles saved
11:25:09  INFO     [BE] +25 new articles saved
11:25:09  INFO     [FI] 'artificial intelligence' → 100 entries, 65 kept so far
11:25:10  INFO     [PT] 'artificial intelligence' → 100 entries, 68 kept so far
11:25:10  INFO     [AT] +59 new articles saved
11:25:10  INFO     [DK] +30 new articles saved
11:25:10  INFO     [CZ] 'artificial intelligence' → 100 entries, 18 kept so far
11:25:10  INFO     [RO] 'artificial intelligence' → 100 entries, 44 kept so far
11:25:10  INFO     [HU] 'artificial intelligence' → 100 entries, 15 kept so far
11:25:11  INFO     [FI] 'AI regulation' → 61 entries, 75 kept so far
11:25:11  INFO     [PT] 'AI regulation' → 79 entries, 106 kept so far
11:25:11  INFO     [CZ] 'AI regulation' → 78 entries, 40 kept so far
11:25:12  INFO     [RO] 'AI regulation' → 75 entries, 55 kept so far
11:25:12  INFO     [HU] 'AI regulation' → 79 entries, 19 kept so far
11:25:12  INFO     [FI] 'machine learning' → 88 entries, 121 kept so far
11:25:13  INFO     [PT] 'machine learning' → 100 entries, 182 kept so far
11:25:13  INFO     [CZ] 'machine learning' → 76 entries, 60 kept so far
11:25:13  INFO     [RO] 'machine learning' → 100 entries, 109 kept so far
11:25:13  INFO     [HU] 'machine learning' → 71 entries, 41 kept so far
11:25:14  INFO     [FI] 'EU AI Act' → 72 entries, 166 kept so far
11:25:14  INFO     [CZ] 'EU AI Act' → 75 entries, 75 kept so far
11:25:14  INFO     [PT] 'EU AI Act' → 64 entries, 197 kept so far
11:25:15  INFO     [RO] 'EU AI Act' → 76 entries, 135 kept so far
11:25:15  INFO     [HU] 'EU AI Act' → 78 entries, 67 kept so far
11:25:15  INFO     [FI] 'generative AI' → 64 entries, 205 kept so far
11:25:16  INFO     [CZ] 'generative AI' → 77 entries, 95 kept so far
11:25:16  INFO     [PT] 'generative AI' → 100 entries, 229 kept so far
11:25:16  INFO     [RO] 'generative AI' → 95 entries, 159 kept so far
11:25:17  INFO     [HU] 'generative AI' → 75 entries, 88 kept so far
11:25:17  INFO     [FI] +111 new articles saved
11:25:17  INFO     [CZ] +62 new articles saved
11:25:17  INFO     [GR] 'artificial intelligence' → 100 entries, 37 kept so far
11:25:17  INFO     [PT] +143 new articles saved
11:25:17  INFO     [SK] 'artificial intelligence' → 100 entries, 24 kept so far
11:25:17  INFO     [RO] +94 new articles saved
11:25:18  INFO     [HU] +53 new articles saved
11:25:18  INFO     [HR] 'artificial intelligence' → 102 entries, 51 kept so far
11:25:18  INFO     [BG] 'artificial intelligence' → 76 entries, 35 kept so far
11:25:18  INFO     [IE] 'artificial intelligence' → 100 entries, 51 kept so far
11:25:19  INFO     [GR] 'AI regulation' → 68 entries, 85 kept so far
11:25:19  INFO     [SK] 'AI regulation' → 20 entries, 25 kept so far
11:25:19  INFO     [HR] 'AI regulation' → 92 entries, 102 kept so far
11:25:19  INFO     [BG] 'AI regulation' → 19 entries, 38 kept so far
11:25:20  INFO     [IE] 'AI regulation' → 100 entries, 106 kept so far
11:25:20  INFO     [SK] 'machine learning' → 58 entries, 39 kept so far
11:25:20  INFO     [GR] 'machine learning' → 100 entries, 127 kept so far
11:25:20  INFO     [HR] 'machine learning' → 100 entries, 171 kept so far
11:25:21  INFO     [BG] 'machine learning' → 58 entries, 47 kept so far
11:25:22  INFO     [IE] 'machine learning' → 100 entries, 180 kept so far
11:25:22  INFO     [SK] 'EU AI Act' → 76 entries, 50 kept so far
11:25:22  INFO     [GR] 'EU AI Act' → 60 entries, 146 kept so far
11:25:22  INFO     [HR] 'EU AI Act' → 100 entries, 256 kept so far
11:25:22  INFO     [BG] 'EU AI Act' → 20 entries, 50 kept so far
11:25:23  INFO     [SK] 'generative AI' → 46 entries, 59 kept so far
11:25:23  INFO     [IE] 'EU AI Act' → 100 entries, 255 kept so far
11:25:23  INFO     [GR] 'generative AI' → 100 entries, 187 kept so far
11:25:24  INFO     [HR] 'generative AI' → 100 entries, 328 kept so far
11:25:24  INFO     [BG] 'generative AI' → 30 entries, 57 kept so far
11:25:24  INFO     [SK] +28 new articles saved
11:25:24  INFO     [GR] +125 new articles saved
11:25:25  INFO     [LT] 'artificial intelligence' → 77 entries, 25 kept so far
11:25:25  INFO     [HR] +285 new articles saved
11:25:25  INFO     [BG] +34 new articles saved
11:25:25  INFO     [SI] 'artificial intelligence' → 100 entries, 51 kept so far
11:25:25  INFO     [IE] 'generative AI' → 100 entries, 320 kept so far
11:25:25  INFO     [LV] 'artificial intelligence' → 66 entries, 18 kept so far
11:25:25  INFO     [EE] 'artificial intelligence' → 92 entries, 51 kept so far
11:25:26  INFO     [LT] 'AI regulation' → 6 entries, 25 kept so far
11:25:26  INFO     [IE] +110 new articles saved
11:25:26  INFO     [SI] 'AI regulation' → 2 entries, 51 kept so far
11:25:26  INFO     [LV] 'AI regulation' → 7 entries, 18 kept so far
11:25:27  INFO     [CY] 'artificial intelligence' → 100 entries, 37 kept so far
11:25:27  INFO     [EE] 'AI regulation' → 5 entries, 52 kept so far
11:25:27  INFO     [LT] 'machine learning' → 29 entries, 29 kept so far
11:25:28  INFO     [SI] 'machine learning' → 20 entries, 51 kept so far
11:25:28  INFO     [LV] 'machine learning' → 12 entries, 21 kept so far
11:25:28  INFO     [CY] 'AI regulation' → 68 entries, 85 kept so far
11:25:28  INFO     [EE] 'machine learning' → 16 entries, 54 kept so far
11:25:29  INFO     [LT] 'EU AI Act' → 18 entries, 29 kept so far
11:25:29  INFO     [SI] 'EU AI Act' → 23 entries, 55 kept so far
11:25:29  INFO     [LV] 'EU AI Act' → 8 entries, 21 kept so far
11:25:29  INFO     [CY] 'machine learning' → 100 entries, 127 kept so far
11:25:29  INFO     [EE] 'EU AI Act' → 9 entries, 55 kept so far
11:25:30  INFO     [LT] 'generative AI' → 18 entries, 35 kept so far
11:25:30  INFO     [SI] 'generative AI' → 14 entries, 56 kept so far
11:25:30  INFO     [LV] 'generative AI' → 10 entries, 22 kept so far
11:25:31  INFO     [EE] 'generative AI' → 10 entries, 58 kept so far
11:25:31  INFO     [CY] 'EU AI Act' → 60 entries, 146 kept so far
11:25:31  INFO     [LT] +11 new articles saved
11:25:31  INFO     [SI] +21 new articles saved
11:25:31  INFO     [LV] +11 new articles saved
11:25:31  INFO     [MT] 'artificial intelligence' → 102 entries, 51 kept so far
11:25:31  INFO     [LU] 'artificial intelligence' → 100 entries, 44 kept so far
11:25:32  INFO     [EE] +29 new articles saved
11:25:32  INFO     [CY] 'generative AI' → 100 entries, 187 kept so far
11:25:33  INFO     [MT] 'AI regulation' → 92 entries, 102 kept so far
11:25:33  INFO     [LU] 'AI regulation' → 99 entries, 135 kept so far
11:25:33  INFO     [CY] +0 new articles saved
11:25:34  INFO     [MT] 'machine learning' → 100 entries, 171 kept so far
11:25:34  INFO     [LU] 'machine learning' → 100 entries, 186 kept so far
11:25:35  INFO     [MT] 'EU AI Act' → 100 entries, 256 kept so far
11:25:36  INFO     [LU] 'EU AI Act' → 78 entries, 218 kept so far
11:25:36  INFO     [MT] 'generative AI' → 100 entries, 328 kept so far
11:25:37  INFO     [MT] +0 new articles saved
11:25:37  INFO     [LU] 'generative AI' → 100 entries, 246 kept so far
11:25:38  INFO     [LU] +0 new articles saved
11:25:38  INFO     Scrape complete. 2068 new articles this run.
