18:35:39  INFO     Starting scrape: 27 countries, 5 queries each
18:35:40  INFO     [FR] 'artificial intelligence' → 100 entries, 52 kept so far
/home/runner/work/EU_AI_News/EU_AI_News/eu_ai_news_scraper.py:230: DeprecationWarning: datetime.datetime.utcnow() is deprecated and scheduled for removal in a future version. Use timezone-aware objects to represent datetimes in UTC: datetime.datetime.now(datetime.UTC).
  "scraped_at":   datetime.utcnow().isoformat(),
18:35:40  INFO     [IT] 'artificial intelligence' → 100 entries, 40 kept so far
18:35:40  INFO     [PL] 'artificial intelligence' → 100 entries, 18 kept so far
18:35:40  INFO     [DE] 'artificial intelligence' → 100 entries, 60 kept so far
18:35:40  INFO     [ES] 'artificial intelligence' → 100 entries, 59 kept so far
18:35:42  INFO     [IT] 'AI regulation' → 100 entries, 112 kept so far
18:35:42  INFO     [FR] 'AI regulation' → 100 entries, 111 kept so far
18:35:42  INFO     [DE] 'AI regulation' → 100 entries, 108 kept so far
18:35:42  INFO     [ES] 'AI regulation' → 74 entries, 85 kept so far
18:35:42  INFO     [PL] 'AI regulation' → 100 entries, 90 kept so far
18:35:44  INFO     [IT] 'machine learning' → 100 entries, 180 kept so far
18:35:44  INFO     [DE] 'machine learning' → 100 entries, 160 kept so far
18:35:44  INFO     [FR] 'machine learning' → 100 entries, 165 kept so far
18:35:44  INFO     [PL] 'machine learning' → 100 entries, 134 kept so far
18:35:44  INFO     [ES] 'machine learning' → 100 entries, 157 kept so far
18:35:45  INFO     [FR] 'EU AI Act' → 38 entries, 190 kept so far
18:35:45  INFO     [IT] 'EU AI Act' → 100 entries, 257 kept so far
18:35:45  INFO     [DE] 'EU AI Act' → 100 entries, 243 kept so far
18:35:45  INFO     [PL] 'EU AI Act' → 77 entries, 163 kept so far
18:35:46  INFO     [ES] 'EU AI Act' → 78 entries, 200 kept so far
18:35:47  INFO     [FR] 'generative AI' → 100 entries, 215 kept so far
18:35:47  INFO     [IT] 'generative AI' → 100 entries, 298 kept so far
18:35:47  INFO     [DE] 'generative AI' → 100 entries, 270 kept so far
18:35:47  INFO     [PL] 'generative AI' → 100 entries, 196 kept so far
18:35:47  INFO     [ES] 'generative AI' → 100 entries, 242 kept so far
18:35:48  INFO     [FR] +122 new articles saved
18:35:48  INFO     [IT] +166 new articles saved
18:35:48  INFO     [DE] +206 new articles saved
18:35:48  INFO     [PL] +124 new articles saved
18:35:48  INFO     [ES] +132 new articles saved
18:35:48  INFO     [NL] 'artificial intelligence' → 100 entries, 14 kept so far
18:35:49  INFO     [SE] 'artificial intelligence' → 100 entries, 17 kept so far
18:35:49  INFO     [BE] 'artificial intelligence' → 100 entries, 63 kept so far
18:35:49  INFO     [AT] 'artificial intelligence' → 100 entries, 58 kept so far
18:35:49  INFO     [DK] 'artificial intelligence' → 100 entries, 25 kept so far
18:35:50  INFO     [NL] 'AI regulation' → 76 entries, 68 kept so far
18:35:50  INFO     [SE] 'AI regulation' → 75 entries, 32 kept so far
18:35:50  INFO     [AT] 'AI regulation' → 100 entries, 109 kept so far
18:35:50  INFO     [BE] 'AI regulation' → 100 entries, 123 kept so far
18:35:50  INFO     [DK] 'AI regulation' → 32 entries, 30 kept so far
18:35:52  INFO     [NL] 'machine learning' → 100 entries, 121 kept so far
18:35:52  INFO     [SE] 'machine learning' → 74 entries, 51 kept so far
18:35:52  INFO     [AT] 'machine learning' → 100 entries, 170 kept so far
18:35:52  INFO     [BE] 'machine learning' → 100 entries, 179 kept so far
18:35:52  INFO     [DK] 'machine learning' → 80 entries, 47 kept so far
18:35:53  INFO     [NL] 'EU AI Act' → 100 entries, 146 kept so far
18:35:53  INFO     [SE] 'EU AI Act' → 71 entries, 54 kept so far
18:35:54  INFO     [AT] 'EU AI Act' → 100 entries, 254 kept so far
18:35:54  INFO     [BE] 'EU AI Act' → 89 entries, 233 kept so far
18:35:54  INFO     [DK] 'EU AI Act' → 76 entries, 66 kept so far
18:35:55  INFO     [SE] 'generative AI' → 73 entries, 61 kept so far
18:35:55  INFO     [NL] 'generative AI' → 100 entries, 174 kept so far
18:35:55  INFO     [AT] 'generative AI' → 100 entries, 278 kept so far
18:35:55  INFO     [BE] 'generative AI' → 100 entries, 262 kept so far
18:35:55  INFO     [DK] 'generative AI' → 93 entries, 95 kept so far
18:35:56  INFO     [SE] +29 new articles saved
18:35:56  INFO     [NL] +82 new articles saved
18:35:56  INFO     [AT] +70 new articles saved
18:35:56  INFO     [BE] +35 new articles saved
18:35:56  INFO     [DK] +38 new articles saved
18:35:57  INFO     [FI] 'artificial intelligence' → 100 entries, 64 kept so far
18:35:57  INFO     [PT] 'artificial intelligence' → 100 entries, 58 kept so far
18:35:57  INFO     [CZ] 'artificial intelligence' → 100 entries, 17 kept so far
18:35:57  INFO     [RO] 'artificial intelligence' → 100 entries, 47 kept so far
18:35:57  INFO     [HU] 'artificial intelligence' → 100 entries, 15 kept so far
18:35:58  INFO     [FI] 'AI regulation' → 53 entries, 78 kept so far
18:35:58  INFO     [CZ] 'AI regulation' → 78 entries, 47 kept so far
18:35:58  INFO     [RO] 'AI regulation' → 28 entries, 53 kept so far
18:35:59  INFO     [PT] 'AI regulation' → 100 entries, 120 kept so far
18:35:59  INFO     [HU] 'AI regulation' → 79 entries, 19 kept so far
18:36:00  INFO     [FI] 'machine learning' → 87 entries, 117 kept so far
18:36:00  INFO     [CZ] 'machine learning' → 83 entries, 65 kept so far
18:36:00  INFO     [RO] 'machine learning' → 91 entries, 103 kept so far
18:36:00  INFO     [HU] 'machine learning' → 69 entries, 45 kept so far
18:36:00  INFO     [PT] 'machine learning' → 100 entries, 197 kept so far
18:36:01  INFO     [FI] 'EU AI Act' → 70 entries, 155 kept so far
18:36:02  INFO     [CZ] 'EU AI Act' → 76 entries, 76 kept so far
18:36:02  INFO     [RO] 'EU AI Act' → 79 entries, 129 kept so far
18:36:02  INFO     [HU] 'EU AI Act' → 79 entries, 67 kept so far
18:36:02  INFO     [PT] 'EU AI Act' → 57 entries, 205 kept so far
18:36:03  INFO     [FI] 'generative AI' → 55 entries, 189 kept so far
18:36:03  INFO     [CZ] 'generative AI' → 80 entries, 92 kept so far
18:36:03  INFO     [RO] 'generative AI' → 81 entries, 150 kept so far
18:36:03  INFO     [HU] 'generative AI' → 70 entries, 88 kept so far
18:36:04  INFO     [PT] 'generative AI' → 100 entries, 233 kept so far
18:36:04  INFO     [FI] +95 new articles saved
18:36:04  INFO     [CZ] +61 new articles saved
18:36:04  INFO     [RO] +82 new articles saved
18:36:04  INFO     [HU] +44 new articles saved
18:36:05  INFO     [GR] 'artificial intelligence' → 100 entries, 42 kept so far
18:36:05  INFO     [SK] 'artificial intelligence' → 100 entries, 20 kept so far
18:36:05  INFO     [PT] +146 new articles saved
18:36:05  INFO     [IE] 'artificial intelligence' → 100 entries, 60 kept so far
18:36:05  INFO     [HR] 'artificial intelligence' → 100 entries, 67 kept so far
18:36:05  INFO     [BG] 'artificial intelligence' → 74 entries, 32 kept so far
18:36:06  INFO     [GR] 'AI regulation' → 64 entries, 99 kept so far
18:36:06  INFO     [SK] 'AI regulation' → 18 entries, 21 kept so far
18:36:07  INFO     [IE] 'AI regulation' → 100 entries, 100 kept so far
18:36:07  INFO     [HR] 'AI regulation' → 100 entries, 109 kept so far
18:36:07  INFO     [BG] 'AI regulation' → 11 entries, 32 kept so far
18:36:08  INFO     [GR] 'machine learning' → 88 entries, 135 kept so far
18:36:08  INFO     [SK] 'machine learning' → 57 entries, 32 kept so far
18:36:08  INFO     [HR] 'machine learning' → 100 entries, 182 kept so far
18:36:09  INFO     [BG] 'machine learning' → 52 entries, 41 kept so far
18:36:09  INFO     [IE] 'machine learning' → 100 entries, 172 kept so far
18:36:10  INFO     [SK] 'EU AI Act' → 19 entries, 37 kept so far
18:36:10  INFO     [GR] 'EU AI Act' → 65 entries, 155 kept so far
18:36:10  INFO     [BG] 'EU AI Act' → 19 entries, 45 kept so far
18:36:10  INFO     [HR] 'EU AI Act' → 100 entries, 263 kept so far
18:36:11  INFO     [IE] 'EU AI Act' → 100 entries, 241 kept so far
18:36:11  INFO     [SK] 'generative AI' → 42 entries, 48 kept so far
18:36:11  INFO     [GR] 'generative AI' → 100 entries, 195 kept so far
18:36:11  INFO     [BG] 'generative AI' → 25 entries, 49 kept so far
18:36:12  INFO     [HR] 'generative AI' → 100 entries, 313 kept so far
18:36:12  INFO     [SK] +22 new articles saved
18:36:12  INFO     [GR] +129 new articles saved
18:36:12  INFO     [BG] +26 new articles saved
18:36:13  INFO     [LT] 'artificial intelligence' → 84 entries, 26 kept so far
18:36:13  INFO     [IE] 'generative AI' → 100 entries, 295 kept so far
18:36:13  INFO     [SI] 'artificial intelligence' → 98 entries, 50 kept so far
18:36:13  INFO     [LV] 'artificial intelligence' → 61 entries, 19 kept so far
18:36:13  INFO     [HR] +273 new articles saved
18:36:13  INFO     [EE] 'artificial intelligence' → 51 entries, 24 kept so far
18:36:14  INFO     [IE] +98 new articles saved
18:36:14  INFO     [LT] 'AI regulation' → 15 entries, 27 kept so far
18:36:14  INFO     [LV] 'AI regulation' → 8 entries, 19 kept so far
18:36:14  INFO     [SI] 'AI regulation' → 9 entries, 50 kept so far
18:36:14  INFO     [CY] 'artificial intelligence' → 100 entries, 42 kept so far
18:36:15  INFO     [EE] 'AI regulation' → 11 entries, 25 kept so far
18:36:15  INFO     [LT] 'machine learning' → 34 entries, 31 kept so far
18:36:15  INFO     [LV] 'machine learning' → 9 entries, 20 kept so far
18:36:15  INFO     [SI] 'machine learning' → 21 entries, 54 kept so far
18:36:16  INFO     [CY] 'AI regulation' → 64 entries, 99 kept so far
18:36:16  INFO     [EE] 'machine learning' → 19 entries, 26 kept so far
18:36:17  INFO     [LT] 'EU AI Act' → 23 entries, 32 kept so far
18:36:17  INFO     [LV] 'EU AI Act' → 5 entries, 20 kept so far
18:36:17  INFO     [SI] 'EU AI Act' → 20 entries, 57 kept so far
18:36:18  INFO     [CY] 'machine learning' → 88 entries, 135 kept so far
18:36:18  INFO     [EE] 'EU AI Act' → 14 entries, 28 kept so far
18:36:18  INFO     [LT] 'generative AI' → 11 entries, 38 kept so far
18:36:18  INFO     [LV] 'generative AI' → 7 entries, 22 kept so far
18:36:18  INFO     [SI] 'generative AI' → 12 entries, 59 kept so far
18:36:19  INFO     [LT] +10 new articles saved
18:36:19  INFO     [LV] +9 new articles saved
18:36:19  INFO     [CY] 'EU AI Act' → 65 entries, 155 kept so far
18:36:19  INFO     [EE] 'generative AI' → 11 entries, 30 kept so far
18:36:19  INFO     [SI] +25 new articles saved
18:36:19  INFO     [MT] 'artificial intelligence' → 100 entries, 67 kept so far
18:36:19  INFO     [LU] 'artificial intelligence' → 100 entries, 52 kept so far
18:36:20  INFO     [EE] +13 new articles saved
18:36:21  INFO     [MT] 'AI regulation' → 100 entries, 109 kept so far
18:36:21  INFO     [CY] 'generative AI' → 100 entries, 195 kept so far
18:36:21  INFO     [LU] 'AI regulation' → 100 entries, 111 kept so far
18:36:22  INFO     [CY] +0 new articles saved
18:36:22  INFO     [MT] 'machine learning' → 100 entries, 182 kept so far
18:36:23  INFO     [LU] 'machine learning' → 100 entries, 199 kept so far
18:36:23  INFO     [MT] 'EU AI Act' → 100 entries, 263 kept so far
18:36:25  INFO     [MT] 'generative AI' → 100 entries, 313 kept so far
18:36:25  INFO     [LU] 'EU AI Act' → 84 entries, 252 kept so far
18:36:26  INFO     [MT] +0 new articles saved
18:36:26  INFO     [LU] 'generative AI' → 100 entries, 278 kept so far
18:36:27  INFO     [LU] +59 new articles saved
18:36:27  INFO     Scrape complete. 2096 new articles this run.
