07:38:08  INFO     Starting scrape: 27 countries, 5 queries each
07:38:09  INFO     [FR] 'artificial intelligence' → 100 entries, 53 kept so far
/home/runner/work/EU_AI_News/EU_AI_News/eu_ai_news_scraper.py:230: DeprecationWarning: datetime.datetime.utcnow() is deprecated and scheduled for removal in a future version. Use timezone-aware objects to represent datetimes in UTC: datetime.datetime.now(datetime.UTC).
  "scraped_at":   datetime.utcnow().isoformat(),
07:38:09  INFO     [DE] 'artificial intelligence' → 100 entries, 48 kept so far
07:38:09  INFO     [IT] 'artificial intelligence' → 100 entries, 46 kept so far
07:38:09  INFO     [PL] 'artificial intelligence' → 100 entries, 9 kept so far
07:38:09  INFO     [ES] 'artificial intelligence' → 100 entries, 59 kept so far
07:38:10  INFO     [DE] 'AI regulation' → 79 entries, 109 kept so far
07:38:11  INFO     [FR] 'AI regulation' → 100 entries, 136 kept so far
07:38:11  INFO     [IT] 'AI regulation' → 100 entries, 138 kept so far
07:38:11  INFO     [PL] 'AI regulation' → 100 entries, 87 kept so far
07:38:11  INFO     [ES] 'AI regulation' → 79 entries, 112 kept so far
07:38:12  INFO     [DE] 'machine learning' → 100 entries, 160 kept so far
07:38:12  INFO     [FR] 'machine learning' → 100 entries, 189 kept so far
07:38:12  INFO     [IT] 'machine learning' → 100 entries, 208 kept so far
07:38:12  INFO     [ES] 'machine learning' → 100 entries, 187 kept so far
07:38:13  INFO     [PL] 'machine learning' → 100 entries, 127 kept so far
07:38:14  INFO     [FR] 'EU AI Act' → 89 entries, 246 kept so far
07:38:14  INFO     [IT] 'EU AI Act' → 100 entries, 292 kept so far
07:38:14  INFO     [DE] 'EU AI Act' → 100 entries, 234 kept so far
07:38:14  INFO     [ES] 'EU AI Act' → 79 entries, 214 kept so far
07:38:14  INFO     [PL] 'EU AI Act' → 77 entries, 152 kept so far
07:38:15  INFO     [DE] 'generative AI' → 100 entries, 257 kept so far
07:38:15  INFO     [FR] 'generative AI' → 100 entries, 275 kept so far
07:38:15  INFO     [IT] 'generative AI' → 100 entries, 331 kept so far
07:38:15  INFO     [ES] 'generative AI' → 100 entries, 251 kept so far
07:38:16  INFO     [PL] 'generative AI' → 100 entries, 189 kept so far
07:38:17  INFO     [DE] +182 new articles saved
07:38:17  INFO     [NL] 'artificial intelligence' → 100 entries, 13 kept so far
07:38:17  INFO     [BE] 'artificial intelligence' → 100 entries, 58 kept so far
07:38:17  INFO     [SE] 'artificial intelligence' → 100 entries, 14 kept so far
07:38:17  INFO     [FR] +152 new articles saved
07:38:17  INFO     [IT] +204 new articles saved
07:38:17  INFO     [ES] +130 new articles saved
07:38:17  INFO     [PL] +121 new articles saved
07:38:17  INFO     [AT] 'artificial intelligence' → 100 entries, 51 kept so far
07:38:17  INFO     [DK] 'artificial intelligence' → 100 entries, 21 kept so far
07:38:18  INFO     [NL] 'AI regulation' → 78 entries, 64 kept so far
07:38:18  INFO     [SE] 'AI regulation' → 79 entries, 28 kept so far
07:38:18  INFO     [BE] 'AI regulation' → 100 entries, 140 kept so far
07:38:19  INFO     [AT] 'AI regulation' → 85 entries, 115 kept so far
07:38:19  INFO     [DK] 'AI regulation' → 47 entries, 35 kept so far
07:38:20  INFO     [SE] 'machine learning' → 75 entries, 51 kept so far
07:38:20  INFO     [NL] 'machine learning' → 100 entries, 119 kept so far
07:38:20  INFO     [BE] 'machine learning' → 100 entries, 195 kept so far
07:38:20  INFO     [AT] 'machine learning' → 100 entries, 164 kept so far
07:38:20  INFO     [DK] 'machine learning' → 81 entries, 58 kept so far
07:38:21  INFO     [SE] 'EU AI Act' → 72 entries, 54 kept so far
07:38:21  INFO     [NL] 'EU AI Act' → 100 entries, 144 kept so far
07:38:22  INFO     [BE] 'EU AI Act' → 93 entries, 252 kept so far
07:38:22  INFO     [AT] 'EU AI Act' → 100 entries, 242 kept so far
07:38:22  INFO     [DK] 'EU AI Act' → 77 entries, 75 kept so far
07:38:23  INFO     [SE] 'generative AI' → 72 entries, 61 kept so far
07:38:23  INFO     [NL] 'generative AI' → 100 entries, 172 kept so far
07:38:23  INFO     [BE] 'generative AI' → 100 entries, 278 kept so far
07:38:23  INFO     [AT] 'generative AI' → 100 entries, 265 kept so far
07:38:24  INFO     [DK] 'generative AI' → 100 entries, 107 kept so far
07:38:24  INFO     [SE] +22 new articles saved
07:38:24  INFO     [NL] +76 new articles saved
07:38:24  INFO     [BE] +29 new articles saved
07:38:24  INFO     [FI] 'artificial intelligence' → 100 entries, 64 kept so far
07:38:25  INFO     [PT] 'artificial intelligence' → 100 entries, 68 kept so far
07:38:25  INFO     [AT] +37 new articles saved
07:38:25  INFO     [CZ] 'artificial intelligence' → 100 entries, 16 kept so far
07:38:25  INFO     [DK] +40 new articles saved
07:38:25  INFO     [RO] 'artificial intelligence' → 100 entries, 42 kept so far
07:38:25  INFO     [HU] 'artificial intelligence' → 100 entries, 16 kept so far
07:38:26  INFO     [FI] 'AI regulation' → 60 entries, 81 kept so far
07:38:26  INFO     [PT] 'AI regulation' → 96 entries, 132 kept so far
07:38:26  INFO     [CZ] 'AI regulation' → 78 entries, 50 kept so far
07:38:27  INFO     [RO] 'AI regulation' → 79 entries, 53 kept so far
07:38:27  INFO     [HU] 'AI regulation' → 78 entries, 21 kept so far
07:38:28  INFO     [FI] 'machine learning' → 85 entries, 117 kept so far
07:38:28  INFO     [CZ] 'machine learning' → 79 entries, 71 kept so far
07:38:28  INFO     [PT] 'machine learning' → 100 entries, 211 kept so far
07:38:28  INFO     [HU] 'machine learning' → 67 entries, 48 kept so far
07:38:28  INFO     [RO] 'machine learning' → 100 entries, 106 kept so far
07:38:29  INFO     [FI] 'EU AI Act' → 65 entries, 149 kept so far
07:38:29  INFO     [CZ] 'EU AI Act' → 78 entries, 83 kept so far
07:38:30  INFO     [PT] 'EU AI Act' → 60 entries, 222 kept so far
07:38:30  INFO     [HU] 'EU AI Act' → 77 entries, 71 kept so far
07:38:30  INFO     [RO] 'EU AI Act' → 79 entries, 134 kept so far
07:38:30  INFO     [FI] 'generative AI' → 56 entries, 183 kept so far
07:38:31  INFO     [CZ] 'generative AI' → 89 entries, 105 kept so far
07:38:31  INFO     [HU] 'generative AI' → 77 entries, 96 kept so far
07:38:31  INFO     [PT] 'generative AI' → 100 entries, 253 kept so far
07:38:31  INFO     [RO] 'generative AI' → 89 entries, 161 kept so far
07:38:31  INFO     [FI] +91 new articles saved
07:38:32  INFO     [CZ] +67 new articles saved
07:38:32  INFO     [GR] 'artificial intelligence' → 100 entries, 49 kept so far
07:38:32  INFO     [HU] +52 new articles saved
07:38:32  INFO     [PT] +161 new articles saved
07:38:32  INFO     [SK] 'artificial intelligence' → 100 entries, 25 kept so far
07:38:32  INFO     [RO] +91 new articles saved
07:38:33  INFO     [HR] 'artificial intelligence' → 100 entries, 56 kept so far
07:38:33  INFO     [IE] 'artificial intelligence' → 100 entries, 56 kept so far
07:38:33  INFO     [BG] 'artificial intelligence' → 96 entries, 45 kept so far
07:38:33  INFO     [GR] 'AI regulation' → 64 entries, 106 kept so far
07:38:34  INFO     [SK] 'AI regulation' → 18 entries, 28 kept so far
07:38:34  INFO     [HR] 'AI regulation' → 100 entries, 96 kept so far
07:38:35  INFO     [BG] 'AI regulation' → 22 entries, 47 kept so far
07:38:35  INFO     [IE] 'AI regulation' → 100 entries, 105 kept so far
07:38:35  INFO     [GR] 'machine learning' → 94 entries, 142 kept so far
07:38:35  INFO     [SK] 'machine learning' → 57 entries, 41 kept so far
07:38:35  INFO     [HR] 'machine learning' → 100 entries, 165 kept so far
07:38:36  INFO     [BG] 'machine learning' → 53 entries, 53 kept so far
07:38:36  INFO     [IE] 'machine learning' → 100 entries, 175 kept so far
07:38:36  INFO     [SK] 'EU AI Act' → 60 entries, 54 kept so far
07:38:36  INFO     [GR] 'EU AI Act' → 64 entries, 161 kept so far
07:38:37  INFO     [HR] 'EU AI Act' → 100 entries, 247 kept so far
07:38:37  INFO     [BG] 'EU AI Act' → 20 entries, 58 kept so far
07:38:38  INFO     [SK] 'generative AI' → 42 entries, 62 kept so far
07:38:38  INFO     [GR] 'generative AI' → 100 entries, 205 kept so far
07:38:38  INFO     [IE] 'EU AI Act' → 100 entries, 243 kept so far
07:38:38  INFO     [HR] 'generative AI' → 100 entries, 307 kept so far
07:38:39  INFO     [BG] 'generative AI' → 28 entries, 61 kept so far
07:38:39  INFO     [SK] +28 new articles saved
07:38:39  INFO     [GR] +128 new articles saved
07:38:39  INFO     [LT] 'artificial intelligence' → 85 entries, 32 kept so far
07:38:39  INFO     [HR] +265 new articles saved
07:38:40  INFO     [SI] 'artificial intelligence' → 100 entries, 49 kept so far
07:38:40  INFO     [LV] 'artificial intelligence' → 65 entries, 25 kept so far
07:38:40  INFO     [BG] +36 new articles saved
07:38:40  INFO     [IE] 'generative AI' → 100 entries, 292 kept so far
07:38:40  INFO     [EE] 'artificial intelligence' → 100 entries, 48 kept so far
07:38:41  INFO     [LT] 'AI regulation' → 18 entries, 33 kept so far
07:38:41  INFO     [SI] 'AI regulation' → 9 entries, 49 kept so far
07:38:41  INFO     [LV] 'AI regulation' → 10 entries, 25 kept so far
07:38:41  INFO     [IE] +87 new articles saved
07:38:42  INFO     [CY] 'artificial intelligence' → 100 entries, 49 kept so far
07:38:42  INFO     [EE] 'AI regulation' → 9 entries, 48 kept so far
07:38:42  INFO     [LT] 'machine learning' → 29 entries, 36 kept so far
07:38:42  INFO     [LV] 'machine learning' → 8 entries, 26 kept so far
07:38:42  INFO     [SI] 'machine learning' → 24 entries, 51 kept so far
07:38:43  INFO     [EE] 'machine learning' → 16 entries, 52 kept so far
07:38:43  INFO     [CY] 'AI regulation' → 64 entries, 106 kept so far
07:38:43  INFO     [LT] 'EU AI Act' → 26 entries, 40 kept so far
07:38:43  INFO     [LV] 'EU AI Act' → 6 entries, 26 kept so far
07:38:44  INFO     [SI] 'EU AI Act' → 29 entries, 55 kept so far
07:38:44  INFO     [EE] 'EU AI Act' → 14 entries, 53 kept so far
07:38:44  INFO     [LT] 'generative AI' → 22 entries, 47 kept so far
07:38:45  INFO     [CY] 'machine learning' → 94 entries, 142 kept so far
07:38:45  INFO     [LV] 'generative AI' → 8 entries, 28 kept so far
07:38:45  INFO     [SI] 'generative AI' → 12 entries, 56 kept so far
07:38:45  INFO     [EE] 'generative AI' → 10 entries, 55 kept so far
07:38:45  INFO     [LT] +17 new articles saved
07:38:46  INFO     [LV] +13 new articles saved
07:38:46  INFO     [MT] 'artificial intelligence' → 100 entries, 56 kept so far
07:38:46  INFO     [LU] 'artificial intelligence' → 100 entries, 53 kept so far
07:38:46  INFO     [SI] +17 new articles saved
07:38:46  INFO     [CY] 'EU AI Act' → 64 entries, 161 kept so far
07:38:47  INFO     [MT] 'AI regulation' → 100 entries, 96 kept so far
07:38:47  INFO     [EE] +24 new articles saved
07:38:47  INFO     [LU] 'AI regulation' → 100 entries, 136 kept so far
07:38:47  INFO     [CY] 'generative AI' → 100 entries, 205 kept so far
07:38:48  INFO     [MT] 'machine learning' → 100 entries, 165 kept so far
07:38:48  INFO     [CY] +0 new articles saved
07:38:49  INFO     [LU] 'machine learning' → 100 entries, 189 kept so far
07:38:49  INFO     [MT] 'EU AI Act' → 100 entries, 247 kept so far
07:38:50  INFO     [LU] 'EU AI Act' → 89 entries, 246 kept so far
07:38:50  INFO     [MT] 'generative AI' → 100 entries, 307 kept so far
07:38:51  INFO     [MT] +0 new articles saved
07:38:52  INFO     [LU] 'generative AI' → 100 entries, 275 kept so far
07:38:53  INFO     [LU] +0 new articles saved
07:38:53  INFO     Scrape complete. 2070 new articles this run.
