02:56:50  INFO     Starting scrape: 27 countries, 5 queries each
/home/runner/work/EU_AI_News/EU_AI_News/eu_ai_news_scraper.py:230: DeprecationWarning: datetime.datetime.utcnow() is deprecated and scheduled for removal in a future version. Use timezone-aware objects to represent datetimes in UTC: datetime.datetime.now(datetime.UTC).
  "scraped_at":   datetime.utcnow().isoformat(),
02:56:51  INFO     [FR] 'artificial intelligence' → 100 entries, 52 kept so far
02:56:51  INFO     [DE] 'artificial intelligence' → 100 entries, 48 kept so far
02:56:51  INFO     [IT] 'artificial intelligence' → 100 entries, 39 kept so far
02:56:51  INFO     [PL] 'artificial intelligence' → 100 entries, 12 kept so far
02:56:51  INFO     [ES] 'artificial intelligence' → 100 entries, 58 kept so far
02:56:53  INFO     [FR] 'AI regulation' → 100 entries, 131 kept so far
02:56:53  INFO     [DE] 'AI regulation' → 94 entries, 125 kept so far
02:56:53  INFO     [PL] 'AI regulation' → 100 entries, 80 kept so far
02:56:53  INFO     [ES] 'AI regulation' → 78 entries, 92 kept so far
02:56:53  INFO     [IT] 'AI regulation' → 100 entries, 123 kept so far
02:56:54  INFO     [FR] 'machine learning' → 100 entries, 188 kept so far
02:56:54  INFO     [DE] 'machine learning' → 100 entries, 168 kept so far
02:56:54  INFO     [PL] 'machine learning' → 100 entries, 118 kept so far
02:56:54  INFO     [IT] 'machine learning' → 100 entries, 200 kept so far
02:56:55  INFO     [ES] 'machine learning' → 100 entries, 169 kept so far
02:56:56  INFO     [FR] 'EU AI Act' → 79 entries, 234 kept so far
02:56:56  INFO     [PL] 'EU AI Act' → 77 entries, 131 kept so far
02:56:56  INFO     [DE] 'EU AI Act' → 100 entries, 243 kept so far
02:56:56  INFO     [ES] 'EU AI Act' → 77 entries, 194 kept so far
02:56:56  INFO     [IT] 'EU AI Act' → 100 entries, 273 kept so far
02:56:57  INFO     [PL] 'generative AI' → 100 entries, 166 kept so far
02:56:57  INFO     [FR] 'generative AI' → 100 entries, 264 kept so far
02:56:58  INFO     [DE] 'generative AI' → 100 entries, 262 kept so far
02:56:58  INFO     [ES] 'generative AI' → 100 entries, 231 kept so far
02:56:58  INFO     [IT] 'generative AI' → 100 entries, 311 kept so far
02:56:58  INFO     [PL] +77 new articles saved
02:56:58  INFO     [FR] +128 new articles saved
02:56:59  INFO     [DE] +149 new articles saved
02:56:59  INFO     [ES] +106 new articles saved
02:56:59  INFO     [IT] +160 new articles saved
02:56:59  INFO     [NL] 'artificial intelligence' → 100 entries, 16 kept so far
02:56:59  INFO     [BE] 'artificial intelligence' → 100 entries, 64 kept so far
02:56:59  INFO     [SE] 'artificial intelligence' → 100 entries, 9 kept so far
02:56:59  INFO     [AT] 'artificial intelligence' → 100 entries, 46 kept so far
02:56:59  INFO     [DK] 'artificial intelligence' → 100 entries, 9 kept so far
02:57:01  INFO     [NL] 'AI regulation' → 78 entries, 53 kept so far
02:57:01  INFO     [BE] 'AI regulation' → 100 entries, 151 kept so far
02:57:01  INFO     [SE] 'AI regulation' → 78 entries, 23 kept so far
02:57:01  INFO     [DK] 'AI regulation' → 35 entries, 15 kept so far
02:57:01  INFO     [AT] 'AI regulation' → 94 entries, 119 kept so far
02:57:02  INFO     [NL] 'machine learning' → 100 entries, 112 kept so far
02:57:02  INFO     [SE] 'machine learning' → 72 entries, 43 kept so far
02:57:02  INFO     [BE] 'machine learning' → 100 entries, 207 kept so far
02:57:03  INFO     [DK] 'machine learning' → 80 entries, 37 kept so far
02:57:03  INFO     [AT] 'machine learning' → 100 entries, 164 kept so far
02:57:04  INFO     [NL] 'EU AI Act' → 100 entries, 136 kept so far
02:57:04  INFO     [SE] 'EU AI Act' → 76 entries, 52 kept so far
02:57:04  INFO     [BE] 'EU AI Act' → 84 entries, 241 kept so far
02:57:04  INFO     [DK] 'EU AI Act' → 75 entries, 55 kept so far
02:57:04  INFO     [AT] 'EU AI Act' → 100 entries, 249 kept so far
02:57:05  INFO     [NL] 'generative AI' → 100 entries, 164 kept so far
02:57:05  INFO     [SE] 'generative AI' → 74 entries, 64 kept so far
02:57:06  INFO     [BE] 'generative AI' → 100 entries, 264 kept so far
02:57:06  INFO     [AT] 'generative AI' → 100 entries, 268 kept so far
02:57:06  INFO     [DK] 'generative AI' → 100 entries, 92 kept so far
02:57:06  INFO     [NL] +58 new articles saved
02:57:06  INFO     [SE] +23 new articles saved
02:57:07  INFO     [BE] +23 new articles saved
02:57:07  INFO     [AT] +33 new articles saved
02:57:07  INFO     [DK] +29 new articles saved
02:57:07  INFO     [FI] 'artificial intelligence' → 100 entries, 49 kept so far
02:57:07  INFO     [PT] 'artificial intelligence' → 100 entries, 61 kept so far
02:57:07  INFO     [CZ] 'artificial intelligence' → 100 entries, 21 kept so far
02:57:07  INFO     [HU] 'artificial intelligence' → 100 entries, 20 kept so far
02:57:07  INFO     [RO] 'artificial intelligence' → 100 entries, 41 kept so far
02:57:09  INFO     [FI] 'AI regulation' → 51 entries, 64 kept so far
02:57:09  INFO     [PT] 'AI regulation' → 75 entries, 89 kept so far
02:57:09  INFO     [CZ] 'AI regulation' → 77 entries, 37 kept so far
02:57:09  INFO     [HU] 'AI regulation' → 79 entries, 23 kept so far
02:57:09  INFO     [RO] 'AI regulation' → 77 entries, 52 kept so far
02:57:10  INFO     [FI] 'machine learning' → 86 entries, 105 kept so far
02:57:10  INFO     [HU] 'machine learning' → 71 entries, 50 kept so far
02:57:10  INFO     [CZ] 'machine learning' → 66 entries, 51 kept so far
02:57:11  INFO     [PT] 'machine learning' → 100 entries, 165 kept so far
02:57:11  INFO     [RO] 'machine learning' → 100 entries, 106 kept so far
02:57:12  INFO     [FI] 'EU AI Act' → 70 entries, 140 kept so far
02:57:12  INFO     [CZ] 'EU AI Act' → 75 entries, 60 kept so far
02:57:12  INFO     [HU] 'EU AI Act' → 78 entries, 69 kept so far
02:57:12  INFO     [RO] 'EU AI Act' → 78 entries, 118 kept so far
02:57:12  INFO     [PT] 'EU AI Act' → 47 entries, 173 kept so far
02:57:14  INFO     [CZ] 'generative AI' → 75 entries, 77 kept so far
02:57:14  INFO     [FI] 'generative AI' → 61 entries, 173 kept so far
02:57:14  INFO     [HU] 'generative AI' → 74 entries, 94 kept so far
02:57:14  INFO     [RO] 'generative AI' → 78 entries, 135 kept so far
02:57:14  INFO     [PT] 'generative AI' → 100 entries, 206 kept so far
02:57:15  INFO     [CZ] +42 new articles saved
02:57:15  INFO     [FI] +75 new articles saved
02:57:15  INFO     [HU] +47 new articles saved
02:57:15  INFO     [RO] +58 new articles saved
02:57:15  INFO     [PT] +92 new articles saved
02:57:15  INFO     [SK] 'artificial intelligence' → 100 entries, 23 kept so far
02:57:15  INFO     [GR] 'artificial intelligence' → 100 entries, 45 kept so far
02:57:15  INFO     [HR] 'artificial intelligence' → 102 entries, 58 kept so far
02:57:15  INFO     [BG] 'artificial intelligence' → 65 entries, 31 kept so far
02:57:15  INFO     [IE] 'artificial intelligence' → 100 entries, 59 kept so far
02:57:17  INFO     [SK] 'AI regulation' → 23 entries, 27 kept so far
02:57:17  INFO     [GR] 'AI regulation' → 60 entries, 95 kept so far
02:57:17  INFO     [BG] 'AI regulation' → 12 entries, 33 kept so far
02:57:17  INFO     [HR] 'AI regulation' → 100 entries, 108 kept so far
02:57:17  INFO     [IE] 'AI regulation' → 100 entries, 103 kept so far
02:57:18  INFO     [SK] 'machine learning' → 65 entries, 43 kept so far
02:57:18  INFO     [BG] 'machine learning' → 59 entries, 44 kept so far
02:57:18  INFO     [GR] 'machine learning' → 86 entries, 129 kept so far
02:57:19  INFO     [HR] 'machine learning' → 100 entries, 175 kept so far
02:57:19  INFO     [IE] 'machine learning' → 100 entries, 167 kept so far
02:57:19  INFO     [SK] 'EU AI Act' → 64 entries, 58 kept so far
02:57:20  INFO     [BG] 'EU AI Act' → 11 entries, 47 kept so far
02:57:20  INFO     [GR] 'EU AI Act' → 60 entries, 145 kept so far
02:57:20  INFO     [HR] 'EU AI Act' → 100 entries, 249 kept so far
02:57:21  INFO     [IE] 'EU AI Act' → 100 entries, 235 kept so far
02:57:21  INFO     [SK] 'generative AI' → 48 entries, 66 kept so far
02:57:21  INFO     [BG] 'generative AI' → 28 entries, 50 kept so far
02:57:22  INFO     [GR] 'generative AI' → 100 entries, 185 kept so far
02:57:22  INFO     [SK] +31 new articles saved
02:57:22  INFO     [HR] 'generative AI' → 100 entries, 304 kept so far
02:57:22  INFO     [BG] +26 new articles saved
02:57:22  INFO     [LT] 'artificial intelligence' → 81 entries, 27 kept so far
02:57:22  INFO     [SI] 'artificial intelligence' → 100 entries, 47 kept so far
02:57:23  INFO     [IE] 'generative AI' → 100 entries, 292 kept so far
02:57:23  INFO     [GR] +109 new articles saved
02:57:23  INFO     [LV] 'artificial intelligence' → 75 entries, 25 kept so far
02:57:23  INFO     [HR] +242 new articles saved
02:57:24  INFO     [IE] +82 new articles saved
02:57:24  INFO     [EE] 'artificial intelligence' → 100 entries, 45 kept so far
02:57:24  INFO     [LT] 'AI regulation' → 9 entries, 27 kept so far
02:57:24  INFO     [SI] 'AI regulation' → 3 entries, 47 kept so far
02:57:24  INFO     [CY] 'artificial intelligence' → 100 entries, 45 kept so far
02:57:24  INFO     [LV] 'AI regulation' → 9 entries, 25 kept so far
02:57:25  INFO     [LT] 'machine learning' → 30 entries, 31 kept so far
02:57:25  INFO     [SI] 'machine learning' → 23 entries, 50 kept so far
02:57:25  INFO     [EE] 'AI regulation' → 10 entries, 47 kept so far
02:57:26  INFO     [LV] 'machine learning' → 11 entries, 26 kept so far
02:57:26  INFO     [CY] 'AI regulation' → 60 entries, 95 kept so far
02:57:26  INFO     [SI] 'EU AI Act' → 23 entries, 55 kept so far
02:57:26  INFO     [LT] 'EU AI Act' → 21 entries, 32 kept so far
02:57:27  INFO     [EE] 'machine learning' → 15 entries, 51 kept so far
02:57:27  INFO     [LV] 'EU AI Act' → 8 entries, 26 kept so far
02:57:27  INFO     [CY] 'machine learning' → 88 entries, 128 kept so far
02:57:28  INFO     [SI] 'generative AI' → 13 entries, 58 kept so far
02:57:28  INFO     [LT] 'generative AI' → 23 entries, 39 kept so far
02:57:28  INFO     [EE] 'EU AI Act' → 18 entries, 53 kept so far
02:57:28  INFO     [LV] 'generative AI' → 8 entries, 28 kept so far
02:57:29  INFO     [SI] +18 new articles saved
02:57:29  INFO     [CY] 'EU AI Act' → 60 entries, 144 kept so far
02:57:29  INFO     [LT] +9 new articles saved
02:57:29  INFO     [MT] 'artificial intelligence' → 102 entries, 58 kept so far
02:57:29  INFO     [LV] +13 new articles saved
02:57:29  INFO     [LU] 'artificial intelligence' → 100 entries, 52 kept so far
02:57:29  INFO     [EE] 'generative AI' → 12 entries, 56 kept so far
02:57:30  INFO     [CY] 'generative AI' → 100 entries, 183 kept so far
02:57:30  INFO     [MT] 'AI regulation' → 100 entries, 108 kept so far
02:57:30  INFO     [EE] +21 new articles saved
02:57:31  INFO     [LU] 'AI regulation' → 100 entries, 129 kept so far
02:57:31  INFO     [CY] +1 new articles saved
02:57:32  INFO     [MT] 'machine learning' → 100 entries, 175 kept so far
02:57:33  INFO     [LU] 'machine learning' → 100 entries, 186 kept so far
02:57:33  INFO     [MT] 'EU AI Act' → 100 entries, 249 kept so far
02:57:34  INFO     [MT] 'generative AI' → 100 entries, 304 kept so far
02:57:34  INFO     [LU] 'EU AI Act' → 80 entries, 234 kept so far
02:57:35  INFO     [MT] +0 new articles saved
02:57:36  INFO     [LU] 'generative AI' → 100 entries, 264 kept so far
02:57:37  INFO     [LU] +1 new articles saved
02:57:37  INFO     Scrape complete. 1653 new articles this run.
