13:10:16  INFO     Starting scrape: 27 countries, 5 queries each
/home/runner/work/EU_AI_News/EU_AI_News/eu_ai_news_scraper.py:230: DeprecationWarning: datetime.datetime.utcnow() is deprecated and scheduled for removal in a future version. Use timezone-aware objects to represent datetimes in UTC: datetime.datetime.now(datetime.UTC).
  "scraped_at":   datetime.utcnow().isoformat(),
13:10:16  INFO     [DE] 'artificial intelligence' → 100 entries, 43 kept so far
13:10:16  INFO     [ES] 'artificial intelligence' → 100 entries, 62 kept so far
13:10:16  INFO     [IT] 'artificial intelligence' → 100 entries, 35 kept so far
13:10:16  INFO     [PL] 'artificial intelligence' → 100 entries, 10 kept so far
13:10:16  INFO     [FR] 'artificial intelligence' → 100 entries, 53 kept so far
13:10:18  INFO     [DE] 'AI regulation' → 100 entries, 120 kept so far
13:10:18  INFO     [ES] 'AI regulation' → 80 entries, 117 kept so far
13:10:18  INFO     [PL] 'AI regulation' → 100 entries, 89 kept so far
13:10:18  INFO     [FR] 'AI regulation' → 100 entries, 134 kept so far
13:10:18  INFO     [IT] 'AI regulation' → 100 entries, 116 kept so far
13:10:20  INFO     [PL] 'machine learning' → 41 entries, 111 kept so far
13:10:20  INFO     [DE] 'machine learning' → 100 entries, 178 kept so far
13:10:20  INFO     [ES] 'machine learning' → 100 entries, 196 kept so far
13:10:20  INFO     [FR] 'machine learning' → 100 entries, 191 kept so far
13:10:20  INFO     [IT] 'machine learning' → 100 entries, 191 kept so far
13:10:21  INFO     [PL] 'EU AI Act' → 78 entries, 139 kept so far
13:10:21  INFO     [DE] 'EU AI Act' → 100 entries, 242 kept so far
13:10:21  INFO     [ES] 'EU AI Act' → 78 entries, 219 kept so far
13:10:22  INFO     [FR] 'EU AI Act' → 85 entries, 245 kept so far
13:10:22  INFO     [IT] 'EU AI Act' → 100 entries, 270 kept so far
13:10:23  INFO     [PL] 'generative AI' → 100 entries, 169 kept so far
13:10:23  INFO     [DE] 'generative AI' → 100 entries, 262 kept so far
13:10:23  INFO     [ES] 'generative AI' → 100 entries, 262 kept so far
13:10:23  INFO     [FR] 'generative AI' → 100 entries, 270 kept so far
13:10:23  INFO     [IT] 'generative AI' → 100 entries, 313 kept so far
13:10:24  INFO     [PL] +113 new articles saved
13:10:24  INFO     [DE] +201 new articles saved
13:10:24  INFO     [ES] +148 new articles saved
13:10:24  INFO     [FR] +155 new articles saved
13:10:24  INFO     [IT] +216 new articles saved
13:10:25  INFO     [NL] 'artificial intelligence' → 100 entries, 12 kept so far
13:10:25  INFO     [BE] 'artificial intelligence' → 100 entries, 62 kept so far
13:10:25  INFO     [SE] 'artificial intelligence' → 100 entries, 7 kept so far
13:10:25  INFO     [AT] 'artificial intelligence' → 100 entries, 38 kept so far
13:10:25  INFO     [DK] 'artificial intelligence' → 100 entries, 16 kept so far
13:10:26  INFO     [NL] 'AI regulation' → 78 entries, 64 kept so far
13:10:26  INFO     [BE] 'AI regulation' → 100 entries, 141 kept so far
13:10:26  INFO     [SE] 'AI regulation' → 72 entries, 24 kept so far
13:10:27  INFO     [AT] 'AI regulation' → 100 entries, 115 kept so far
13:10:27  INFO     [DK] 'AI regulation' → 42 entries, 29 kept so far
13:10:28  INFO     [NL] 'machine learning' → 100 entries, 118 kept so far
13:10:28  INFO     [BE] 'machine learning' → 100 entries, 196 kept so far
13:10:28  INFO     [SE] 'machine learning' → 79 entries, 44 kept so far
13:10:28  INFO     [AT] 'machine learning' → 100 entries, 167 kept so far
13:10:28  INFO     [DK] 'machine learning' → 77 entries, 52 kept so far
13:10:29  INFO     [NL] 'EU AI Act' → 93 entries, 143 kept so far
13:10:30  INFO     [SE] 'EU AI Act' → 72 entries, 47 kept so far
13:10:30  INFO     [BE] 'EU AI Act' → 90 entries, 248 kept so far
13:10:30  INFO     [AT] 'EU AI Act' → 100 entries, 238 kept so far
13:10:30  INFO     [DK] 'EU AI Act' → 76 entries, 68 kept so far
13:10:31  INFO     [NL] 'generative AI' → 100 entries, 173 kept so far
13:10:31  INFO     [SE] 'generative AI' → 70 entries, 57 kept so far
13:10:31  INFO     [BE] 'generative AI' → 100 entries, 271 kept so far
13:10:31  INFO     [AT] 'generative AI' → 100 entries, 258 kept so far
13:10:32  INFO     [DK] 'generative AI' → 90 entries, 95 kept so far
13:10:32  INFO     [NL] +83 new articles saved
13:10:32  INFO     [SE] +22 new articles saved
13:10:32  INFO     [BE] +26 new articles saved
13:10:32  INFO     [AT] +43 new articles saved
13:10:33  INFO     [PT] 'artificial intelligence' → 51 entries, 47 kept so far
13:10:33  INFO     [FI] 'artificial intelligence' → 100 entries, 70 kept so far
13:10:33  INFO     [DK] +38 new articles saved
13:10:33  INFO     [CZ] 'artificial intelligence' → 100 entries, 15 kept so far
13:10:33  INFO     [RO] 'artificial intelligence' → 100 entries, 42 kept so far
13:10:34  INFO     [HU] 'artificial intelligence' → 100 entries, 12 kept so far
13:10:34  INFO     [PT] 'AI regulation' → 36 entries, 74 kept so far
13:10:34  INFO     [FI] 'AI regulation' → 54 entries, 82 kept so far
13:10:35  INFO     [CZ] 'AI regulation' → 76 entries, 40 kept so far
13:10:35  INFO     [RO] 'AI regulation' → 79 entries, 51 kept so far
13:10:35  INFO     [HU] 'AI regulation' → 79 entries, 18 kept so far
13:10:36  INFO     [PT] 'machine learning' → 100 entries, 150 kept so far
13:10:36  INFO     [FI] 'machine learning' → 89 entries, 128 kept so far
13:10:36  INFO     [CZ] 'machine learning' → 78 entries, 57 kept so far
13:10:36  INFO     [RO] 'machine learning' → 99 entries, 98 kept so far
13:10:37  INFO     [HU] 'machine learning' → 73 entries, 46 kept so far
13:10:38  INFO     [CZ] 'EU AI Act' → 74 entries, 70 kept so far
13:10:38  INFO     [PT] 'EU AI Act' → 58 entries, 161 kept so far
13:10:38  INFO     [FI] 'EU AI Act' → 72 entries, 164 kept so far
13:10:38  INFO     [RO] 'EU AI Act' → 78 entries, 114 kept so far
13:10:38  INFO     [HU] 'EU AI Act' → 78 entries, 70 kept so far
13:10:39  INFO     [CZ] 'generative AI' → 77 entries, 85 kept so far
13:10:39  INFO     [FI] 'generative AI' → 59 entries, 202 kept so far
13:10:40  INFO     [PT] 'generative AI' → 100 entries, 189 kept so far
13:10:40  INFO     [RO] 'generative AI' → 81 entries, 135 kept so far
13:10:40  INFO     [HU] 'generative AI' → 37 entries, 80 kept so far
13:10:40  INFO     [CZ] +56 new articles saved
13:10:40  INFO     [FI] +106 new articles saved
13:10:41  INFO     [PT] +117 new articles saved
13:10:41  INFO     [RO] +70 new articles saved
13:10:41  INFO     [SK] 'artificial intelligence' → 36 entries, 22 kept so far
13:10:41  INFO     [GR] 'artificial intelligence' → 100 entries, 43 kept so far
13:10:41  INFO     [HU] +44 new articles saved
13:10:41  INFO     [HR] 'artificial intelligence' → 100 entries, 53 kept so far
13:10:41  INFO     [IE] 'artificial intelligence' → 100 entries, 46 kept so far
13:10:42  INFO     [BG] 'artificial intelligence' → 78 entries, 36 kept so far
13:10:42  INFO     [SK] 'AI regulation' → 22 entries, 23 kept so far
13:10:43  INFO     [GR] 'AI regulation' → 61 entries, 98 kept so far
13:10:43  INFO     [HR] 'AI regulation' → 100 entries, 95 kept so far
13:10:43  INFO     [BG] 'AI regulation' → 12 entries, 37 kept so far
13:10:43  INFO     [IE] 'AI regulation' → 100 entries, 89 kept so far
13:10:44  INFO     [SK] 'machine learning' → 55 entries, 34 kept so far
13:10:44  INFO     [GR] 'machine learning' → 100 entries, 135 kept so far
13:10:44  INFO     [BG] 'machine learning' → 54 entries, 44 kept so far
13:10:44  INFO     [HR] 'machine learning' → 100 entries, 176 kept so far
13:10:45  INFO     [IE] 'machine learning' → 100 entries, 172 kept so far
13:10:45  INFO     [SK] 'EU AI Act' → 62 entries, 44 kept so far
13:10:46  INFO     [BG] 'EU AI Act' → 15 entries, 47 kept so far
13:10:46  INFO     [GR] 'EU AI Act' → 57 entries, 155 kept so far
13:10:46  INFO     [HR] 'EU AI Act' → 100 entries, 261 kept so far
13:10:47  INFO     [SK] 'generative AI' → 44 entries, 55 kept so far
13:10:47  INFO     [IE] 'EU AI Act' → 100 entries, 253 kept so far
13:10:47  INFO     [BG] 'generative AI' → 27 entries, 52 kept so far
13:10:48  INFO     [GR] 'generative AI' → 100 entries, 194 kept so far
13:10:48  INFO     [SK] +33 new articles saved
13:10:48  INFO     [HR] 'generative AI' → 102 entries, 321 kept so far
13:10:48  INFO     [BG] +25 new articles saved
13:10:48  INFO     [LT] 'artificial intelligence' → 87 entries, 29 kept so far
13:10:49  INFO     [GR] +129 new articles saved
13:10:49  INFO     [SI] 'artificial intelligence' → 91 entries, 45 kept so far
13:10:49  INFO     [IE] 'generative AI' → 100 entries, 311 kept so far
13:10:49  INFO     [HR] +282 new articles saved
13:10:49  INFO     [LV] 'artificial intelligence' → 62 entries, 20 kept so far
13:10:50  INFO     [EE] 'artificial intelligence' → 100 entries, 51 kept so far
13:10:50  INFO     [LT] 'AI regulation' → 16 entries, 29 kept so far
13:10:50  INFO     [IE] +95 new articles saved
13:10:50  INFO     [SI] 'AI regulation' → 14 entries, 45 kept so far
13:10:50  INFO     [CY] 'artificial intelligence' → 100 entries, 43 kept so far
13:10:50  INFO     [LV] 'AI regulation' → 6 entries, 20 kept so far
13:10:51  INFO     [EE] 'AI regulation' → 6 entries, 51 kept so far
13:10:51  INFO     [LT] 'machine learning' → 31 entries, 33 kept so far
13:10:52  INFO     [SI] 'machine learning' → 22 entries, 47 kept so far
13:10:52  INFO     [LV] 'machine learning' → 15 entries, 21 kept so far
13:10:52  INFO     [CY] 'AI regulation' → 61 entries, 98 kept so far
13:10:52  INFO     [LT] 'EU AI Act' → 20 entries, 34 kept so far
13:10:52  INFO     [EE] 'machine learning' → 25 entries, 53 kept so far
13:10:53  INFO     [SI] 'EU AI Act' → 26 entries, 51 kept so far
13:10:53  INFO     [LV] 'EU AI Act' → 5 entries, 21 kept so far
13:10:54  INFO     [LT] 'generative AI' → 17 entries, 40 kept so far
13:10:54  INFO     [CY] 'machine learning' → 100 entries, 135 kept so far
13:10:54  INFO     [EE] 'EU AI Act' → 13 entries, 54 kept so far
13:10:54  INFO     [SI] 'generative AI' → 13 entries, 53 kept so far
13:10:54  INFO     [LV] 'generative AI' → 8 entries, 23 kept so far
13:10:55  INFO     [LT] +13 new articles saved
13:10:55  INFO     [SI] +20 new articles saved
13:10:55  INFO     [EE] 'generative AI' → 10 entries, 57 kept so far
13:10:55  INFO     [LU] 'artificial intelligence' → 100 entries, 53 kept so far
13:10:55  INFO     [CY] 'EU AI Act' → 58 entries, 157 kept so far
13:10:55  INFO     [LV] +9 new articles saved
13:10:56  INFO     [MT] 'artificial intelligence' → 100 entries, 53 kept so far
13:10:56  INFO     [EE] +28 new articles saved
13:10:57  INFO     [MT] 'AI regulation' → 100 entries, 95 kept so far
13:10:57  INFO     [CY] 'generative AI' → 100 entries, 196 kept so far
13:10:57  INFO     [LU] 'AI regulation' → 100 entries, 133 kept so far
13:10:58  INFO     [CY] +1 new articles saved
13:10:58  INFO     [MT] 'machine learning' → 100 entries, 176 kept so far
13:10:59  INFO     [LU] 'machine learning' → 100 entries, 189 kept so far
13:11:00  INFO     [MT] 'EU AI Act' → 100 entries, 261 kept so far
13:11:01  INFO     [LU] 'EU AI Act' → 83 entries, 240 kept so far
13:11:01  INFO     [MT] 'generative AI' → 102 entries, 321 kept so far
13:11:02  INFO     [MT] +0 new articles saved
13:11:02  INFO     [LU] 'generative AI' → 100 entries, 265 kept so far
13:11:03  INFO     [LU] +0 new articles saved
13:11:03  INFO     Scrape complete. 2073 new articles this run.
