12:46:41  INFO     Starting scrape: 27 countries, 5 queries each
/home/runner/work/EU_AI_News/EU_AI_News/eu_ai_news_scraper.py:230: DeprecationWarning: datetime.datetime.utcnow() is deprecated and scheduled for removal in a future version. Use timezone-aware objects to represent datetimes in UTC: datetime.datetime.now(datetime.UTC).
  "scraped_at":   datetime.utcnow().isoformat(),
12:46:42  INFO     [DE] 'artificial intelligence' → 100 entries, 54 kept so far
12:46:42  INFO     [FR] 'artificial intelligence' → 100 entries, 56 kept so far
12:46:42  INFO     [PL] 'artificial intelligence' → 100 entries, 17 kept so far
12:46:42  INFO     [IT] 'artificial intelligence' → 100 entries, 48 kept so far
12:46:42  INFO     [ES] 'artificial intelligence' → 100 entries, 63 kept so far
12:46:43  INFO     [DE] 'AI regulation' → 100 entries, 108 kept so far
12:46:43  INFO     [FR] 'AI regulation' → 100 entries, 119 kept so far
12:46:43  INFO     [PL] 'AI regulation' → 100 entries, 98 kept so far
12:46:43  INFO     [IT] 'AI regulation' → 100 entries, 120 kept so far
12:46:43  INFO     [ES] 'AI regulation' → 68 entries, 85 kept so far
12:46:45  INFO     [DE] 'machine learning' → 100 entries, 156 kept so far
12:46:45  INFO     [FR] 'machine learning' → 100 entries, 173 kept so far
12:46:45  INFO     [IT] 'machine learning' → 100 entries, 194 kept so far
12:46:45  INFO     [PL] 'machine learning' → 100 entries, 140 kept so far
12:46:45  INFO     [ES] 'machine learning' → 100 entries, 162 kept so far
12:46:46  INFO     [DE] 'EU AI Act' → 100 entries, 240 kept so far
12:46:46  INFO     [FR] 'EU AI Act' → 89 entries, 228 kept so far
12:46:47  INFO     [PL] 'EU AI Act' → 78 entries, 166 kept so far
12:46:47  INFO     [IT] 'EU AI Act' → 100 entries, 263 kept so far
12:46:47  INFO     [ES] 'EU AI Act' → 79 entries, 202 kept so far
12:46:48  INFO     [DE] 'generative AI' → 100 entries, 271 kept so far
12:46:48  INFO     [FR] 'generative AI' → 100 entries, 259 kept so far
12:46:48  INFO     [PL] 'generative AI' → 100 entries, 201 kept so far
12:46:48  INFO     [IT] 'generative AI' → 100 entries, 299 kept so far
12:46:48  INFO     [ES] 'generative AI' → 100 entries, 241 kept so far
12:46:49  INFO     [DE] +193 new articles saved
12:46:49  INFO     [FR] +136 new articles saved
12:46:49  INFO     [PL] +129 new articles saved
12:46:49  INFO     [IT] +155 new articles saved
12:46:49  INFO     [NL] 'artificial intelligence' → 100 entries, 13 kept so far
12:46:49  INFO     [ES] +131 new articles saved
12:46:50  INFO     [SE] 'artificial intelligence' → 100 entries, 17 kept so far
12:46:50  INFO     [BE] 'artificial intelligence' → 100 entries, 64 kept so far
12:46:50  INFO     [AT] 'artificial intelligence' → 100 entries, 59 kept so far
12:46:50  INFO     [DK] 'artificial intelligence' → 100 entries, 16 kept so far
12:46:51  INFO     [NL] 'AI regulation' → 76 entries, 63 kept so far
12:46:51  INFO     [SE] 'AI regulation' → 68 entries, 32 kept so far
12:46:51  INFO     [BE] 'AI regulation' → 100 entries, 124 kept so far
12:46:51  INFO     [AT] 'AI regulation' → 100 entries, 118 kept so far
12:46:52  INFO     [DK] 'AI regulation' → 34 entries, 21 kept so far
12:46:52  INFO     [NL] 'machine learning' → 100 entries, 119 kept so far
12:46:53  INFO     [SE] 'machine learning' → 76 entries, 53 kept so far
12:46:53  INFO     [BE] 'machine learning' → 100 entries, 179 kept so far
12:46:53  INFO     [AT] 'machine learning' → 100 entries, 169 kept so far
12:46:53  INFO     [DK] 'machine learning' → 87 entries, 45 kept so far
12:46:54  INFO     [NL] 'EU AI Act' → 100 entries, 144 kept so far
12:46:54  INFO     [SE] 'EU AI Act' → 63 entries, 56 kept so far
12:46:55  INFO     [BE] 'EU AI Act' → 92 entries, 234 kept so far
12:46:55  INFO     [AT] 'EU AI Act' → 100 entries, 253 kept so far
12:46:55  INFO     [DK] 'EU AI Act' → 76 entries, 65 kept so far
12:46:56  INFO     [NL] 'generative AI' → 100 entries, 171 kept so far
12:46:56  INFO     [SE] 'generative AI' → 75 entries, 66 kept so far
12:46:56  INFO     [AT] 'generative AI' → 100 entries, 283 kept so far
12:46:56  INFO     [BE] 'generative AI' → 100 entries, 262 kept so far
12:46:56  INFO     [DK] 'generative AI' → 100 entries, 98 kept so far
12:46:57  INFO     [NL] +78 new articles saved
12:46:57  INFO     [SE] +28 new articles saved
12:46:57  INFO     [FI] 'artificial intelligence' → 100 entries, 66 kept so far
12:46:57  INFO     [AT] +63 new articles saved
12:46:57  INFO     [BE] +21 new articles saved
12:46:57  INFO     [PT] 'artificial intelligence' → 100 entries, 62 kept so far
12:46:57  INFO     [DK] +39 new articles saved
12:46:58  INFO     [CZ] 'artificial intelligence' → 100 entries, 19 kept so far
12:46:58  INFO     [RO] 'artificial intelligence' → 100 entries, 43 kept so far
12:46:58  INFO     [HU] 'artificial intelligence' → 100 entries, 17 kept so far
12:46:59  INFO     [FI] 'AI regulation' → 45 entries, 76 kept so far
12:46:59  INFO     [PT] 'AI regulation' → 94 entries, 120 kept so far
12:46:59  INFO     [RO] 'AI regulation' → 30 entries, 50 kept so far
12:46:59  INFO     [CZ] 'AI regulation' → 77 entries, 48 kept so far
12:47:00  INFO     [HU] 'AI regulation' → 79 entries, 18 kept so far
12:47:00  INFO     [FI] 'machine learning' → 86 entries, 113 kept so far
12:47:01  INFO     [PT] 'machine learning' → 100 entries, 196 kept so far
12:47:01  INFO     [CZ] 'machine learning' → 86 entries, 66 kept so far
12:47:01  INFO     [RO] 'machine learning' → 100 entries, 104 kept so far
12:47:01  INFO     [HU] 'machine learning' → 68 entries, 44 kept so far
12:47:02  INFO     [FI] 'EU AI Act' → 60 entries, 145 kept so far
12:47:02  INFO     [CZ] 'EU AI Act' → 73 entries, 79 kept so far
12:47:02  INFO     [PT] 'EU AI Act' → 64 entries, 211 kept so far
12:47:02  INFO     [RO] 'EU AI Act' → 78 entries, 130 kept so far
12:47:03  INFO     [HU] 'EU AI Act' → 77 entries, 67 kept so far
12:47:03  INFO     [FI] 'generative AI' → 56 entries, 176 kept so far
12:47:04  INFO     [CZ] 'generative AI' → 91 entries, 100 kept so far
12:47:04  INFO     [PT] 'generative AI' → 100 entries, 247 kept so far
12:47:04  INFO     [RO] 'generative AI' → 91 entries, 159 kept so far
12:47:04  INFO     [HU] 'generative AI' → 77 entries, 88 kept so far
12:47:05  INFO     [FI] +80 new articles saved
12:47:05  INFO     [GR] 'artificial intelligence' → 100 entries, 46 kept so far
12:47:05  INFO     [CZ] +63 new articles saved
12:47:05  INFO     [SK] 'artificial intelligence' → 100 entries, 23 kept so far
12:47:05  INFO     [PT] +155 new articles saved
12:47:06  INFO     [BG] 'artificial intelligence' → 80 entries, 35 kept so far
12:47:06  INFO     [IE] 'artificial intelligence' → 100 entries, 67 kept so far
12:47:06  INFO     [RO] +92 new articles saved
12:47:06  INFO     [HR] 'artificial intelligence' → 100 entries, 60 kept so far
12:47:06  INFO     [HU] +48 new articles saved
12:47:06  INFO     [GR] 'AI regulation' → 63 entries, 105 kept so far
12:47:07  INFO     [SK] 'AI regulation' → 14 entries, 24 kept so far
12:47:07  INFO     [BG] 'AI regulation' → 16 entries, 36 kept so far
12:47:07  INFO     [HR] 'AI regulation' → 100 entries, 108 kept so far
12:47:08  INFO     [IE] 'AI regulation' → 100 entries, 124 kept so far
12:47:08  INFO     [GR] 'machine learning' → 91 entries, 144 kept so far
12:47:08  INFO     [SK] 'machine learning' → 56 entries, 38 kept so far
12:47:08  INFO     [BG] 'machine learning' → 52 entries, 44 kept so far
12:47:09  INFO     [HR] 'machine learning' → 100 entries, 188 kept so far
12:47:09  INFO     [SK] 'EU AI Act' → 63 entries, 52 kept so far
12:47:09  INFO     [GR] 'EU AI Act' → 61 entries, 161 kept so far
12:47:10  INFO     [IE] 'machine learning' → 100 entries, 201 kept so far
12:47:10  INFO     [BG] 'EU AI Act' → 16 entries, 48 kept so far
12:47:10  INFO     [HR] 'EU AI Act' → 100 entries, 266 kept so far
12:47:11  INFO     [SK] 'generative AI' → 45 entries, 62 kept so far
12:47:11  INFO     [GR] 'generative AI' → 100 entries, 202 kept so far
12:47:11  INFO     [BG] 'generative AI' → 27 entries, 52 kept so far
12:47:11  INFO     [IE] 'EU AI Act' → 100 entries, 270 kept so far
12:47:12  INFO     [SK] +28 new articles saved
12:47:12  INFO     [GR] +126 new articles saved
12:47:12  INFO     [HR] 'generative AI' → 100 entries, 333 kept so far
12:47:12  INFO     [BG] +27 new articles saved
12:47:12  INFO     [LT] 'artificial intelligence' → 85 entries, 29 kept so far
12:47:12  INFO     [LV] 'artificial intelligence' → 61 entries, 24 kept so far
12:47:13  INFO     [SI] 'artificial intelligence' → 100 entries, 53 kept so far
12:47:13  INFO     [HR] +284 new articles saved
12:47:13  INFO     [IE] 'generative AI' → 100 entries, 327 kept so far
12:47:14  INFO     [EE] 'artificial intelligence' → 100 entries, 48 kept so far
12:47:14  INFO     [LT] 'AI regulation' → 15 entries, 30 kept so far
12:47:14  INFO     [LV] 'AI regulation' → 7 entries, 24 kept so far
12:47:14  INFO     [SI] 'AI regulation' → 7 entries, 53 kept so far
12:47:14  INFO     [IE] +109 new articles saved
12:47:15  INFO     [CY] 'artificial intelligence' → 100 entries, 46 kept so far
12:47:15  INFO     [LT] 'machine learning' → 29 entries, 32 kept so far
12:47:15  INFO     [LV] 'machine learning' → 9 entries, 25 kept so far
12:47:15  INFO     [EE] 'AI regulation' → 7 entries, 48 kept so far
12:47:15  INFO     [SI] 'machine learning' → 21 entries, 55 kept so far
12:47:16  INFO     [CY] 'AI regulation' → 63 entries, 105 kept so far
12:47:16  INFO     [LV] 'EU AI Act' → 6 entries, 25 kept so far
12:47:16  INFO     [LT] 'EU AI Act' → 23 entries, 36 kept so far
12:47:17  INFO     [EE] 'machine learning' → 16 entries, 53 kept so far
12:47:17  INFO     [SI] 'EU AI Act' → 24 entries, 59 kept so far
12:47:18  INFO     [LV] 'generative AI' → 8 entries, 27 kept so far
12:47:18  INFO     [LT] 'generative AI' → 22 entries, 44 kept so far
12:47:18  INFO     [CY] 'machine learning' → 91 entries, 144 kept so far
12:47:18  INFO     [SI] 'generative AI' → 12 entries, 60 kept so far
12:47:18  INFO     [EE] 'EU AI Act' → 12 entries, 54 kept so far
12:47:19  INFO     [LV] +12 new articles saved
12:47:19  INFO     [LT] +15 new articles saved
12:47:19  INFO     [MT] 'artificial intelligence' → 100 entries, 60 kept so far
12:47:19  INFO     [SI] +20 new articles saved
12:47:19  INFO     [LU] 'artificial intelligence' → 100 entries, 56 kept so far
12:47:19  INFO     [CY] 'EU AI Act' → 61 entries, 161 kept so far
12:47:19  INFO     [EE] 'generative AI' → 10 entries, 56 kept so far
12:47:20  INFO     [MT] 'AI regulation' → 100 entries, 108 kept so far
12:47:20  INFO     [EE] +29 new articles saved
12:47:21  INFO     [LU] 'AI regulation' → 100 entries, 119 kept so far
12:47:21  INFO     [CY] 'generative AI' → 100 entries, 202 kept so far
12:47:21  INFO     [MT] 'machine learning' → 100 entries, 188 kept so far
12:47:22  INFO     [CY] +0 new articles saved
12:47:22  INFO     [LU] 'machine learning' → 100 entries, 176 kept so far
12:47:22  INFO     [MT] 'EU AI Act' → 100 entries, 266 kept so far
12:47:24  INFO     [MT] 'generative AI' → 100 entries, 333 kept so far
12:47:24  INFO     [LU] 'EU AI Act' → 89 entries, 231 kept so far
12:47:25  INFO     [MT] +0 new articles saved
12:47:25  INFO     [LU] 'generative AI' → 100 entries, 262 kept so far
12:47:26  INFO     [LU] +10 new articles saved
12:47:26  INFO     Scrape complete. 2071 new articles this run.
