12:02:10  INFO     Starting scrape: 27 countries, 5 queries each
/home/runner/work/EU_AI_News/EU_AI_News/eu_ai_news_scraper.py:230: DeprecationWarning: datetime.datetime.utcnow() is deprecated and scheduled for removal in a future version. Use timezone-aware objects to represent datetimes in UTC: datetime.datetime.now(datetime.UTC).
  "scraped_at":   datetime.utcnow().isoformat(),
12:02:11  INFO     [DE] 'artificial intelligence' → 100 entries, 51 kept so far
12:02:11  INFO     [PL] 'artificial intelligence' → 100 entries, 20 kept so far
12:02:11  INFO     [FR] 'artificial intelligence' → 100 entries, 49 kept so far
12:02:11  INFO     [IT] 'artificial intelligence' → 100 entries, 38 kept so far
12:02:11  INFO     [ES] 'artificial intelligence' → 100 entries, 65 kept so far
12:02:13  INFO     [DE] 'AI regulation' → 100 entries, 130 kept so far
12:02:13  INFO     [FR] 'AI regulation' → 100 entries, 139 kept so far
12:02:13  INFO     [IT] 'AI regulation' → 100 entries, 128 kept so far
12:02:13  INFO     [PL] 'AI regulation' → 78 entries, 82 kept so far
12:02:13  INFO     [ES] 'AI regulation' → 78 entries, 105 kept so far
12:02:14  INFO     [FR] 'machine learning' → 100 entries, 196 kept so far
12:02:14  INFO     [DE] 'machine learning' → 100 entries, 181 kept so far
12:02:15  INFO     [IT] 'machine learning' → 100 entries, 206 kept so far
12:02:15  INFO     [PL] 'machine learning' → 100 entries, 134 kept so far
12:02:15  INFO     [ES] 'machine learning' → 100 entries, 179 kept so far
12:02:16  INFO     [FR] 'EU AI Act' → 100 entries, 245 kept so far
12:02:16  INFO     [DE] 'EU AI Act' → 100 entries, 254 kept so far
12:02:16  INFO     [IT] 'EU AI Act' → 100 entries, 269 kept so far
12:02:16  INFO     [PL] 'EU AI Act' → 78 entries, 150 kept so far
12:02:17  INFO     [ES] 'EU AI Act' → 78 entries, 205 kept so far
12:02:18  INFO     [FR] 'generative AI' → 100 entries, 276 kept so far
12:02:18  INFO     [DE] 'generative AI' → 100 entries, 279 kept so far
12:02:18  INFO     [IT] 'generative AI' → 100 entries, 308 kept so far
12:02:18  INFO     [PL] 'generative AI' → 100 entries, 181 kept so far
12:02:18  INFO     [ES] 'generative AI' → 100 entries, 250 kept so far
12:02:19  INFO     [FR] +174 new articles saved
12:02:19  INFO     [DE] +198 new articles saved
12:02:19  INFO     [IT] +206 new articles saved
12:02:19  INFO     [PL] +109 new articles saved
12:02:19  INFO     [NL] 'artificial intelligence' → 100 entries, 15 kept so far
12:02:19  INFO     [ES] +158 new articles saved
12:02:19  INFO     [BE] 'artificial intelligence' → 100 entries, 59 kept so far
12:02:19  INFO     [SE] 'artificial intelligence' → 100 entries, 9 kept so far
12:02:20  INFO     [AT] 'artificial intelligence' → 100 entries, 48 kept so far
12:02:20  INFO     [DK] 'artificial intelligence' → 100 entries, 22 kept so far
12:02:21  INFO     [NL] 'AI regulation' → 79 entries, 61 kept so far
12:02:21  INFO     [SE] 'AI regulation' → 76 entries, 23 kept so far
12:02:21  INFO     [BE] 'AI regulation' → 100 entries, 148 kept so far
12:02:21  INFO     [AT] 'AI regulation' → 100 entries, 123 kept so far
12:02:21  INFO     [DK] 'AI regulation' → 48 entries, 28 kept so far
12:02:22  INFO     [NL] 'machine learning' → 100 entries, 114 kept so far
12:02:23  INFO     [SE] 'machine learning' → 87 entries, 43 kept so far
12:02:23  INFO     [BE] 'machine learning' → 100 entries, 204 kept so far
12:02:23  INFO     [AT] 'machine learning' → 100 entries, 177 kept so far
12:02:23  INFO     [DK] 'machine learning' → 81 entries, 50 kept so far
12:02:24  INFO     [NL] 'EU AI Act' → 100 entries, 145 kept so far
12:02:24  INFO     [SE] 'EU AI Act' → 71 entries, 51 kept so far
12:02:24  INFO     [BE] 'EU AI Act' → 100 entries, 248 kept so far
12:02:25  INFO     [AT] 'EU AI Act' → 100 entries, 253 kept so far
12:02:25  INFO     [DK] 'EU AI Act' → 73 entries, 69 kept so far
12:02:25  INFO     [NL] 'generative AI' → 100 entries, 177 kept so far
12:02:26  INFO     [SE] 'generative AI' → 79 entries, 65 kept so far
12:02:26  INFO     [BE] 'generative AI' → 100 entries, 276 kept so far
12:02:26  INFO     [AT] 'generative AI' → 100 entries, 281 kept so far
12:02:26  INFO     [DK] 'generative AI' → 98 entries, 104 kept so far
12:02:26  INFO     [NL] +96 new articles saved
12:02:27  INFO     [SE] +36 new articles saved
12:02:27  INFO     [FI] 'artificial intelligence' → 100 entries, 60 kept so far
12:02:27  INFO     [BE] +33 new articles saved
12:02:27  INFO     [AT] +44 new articles saved
12:02:27  INFO     [PT] 'artificial intelligence' → 100 entries, 51 kept so far
12:02:27  INFO     [DK] +53 new articles saved
12:02:28  INFO     [CZ] 'artificial intelligence' → 100 entries, 13 kept so far
12:02:28  INFO     [RO] 'artificial intelligence' → 100 entries, 34 kept so far
12:02:28  INFO     [HU] 'artificial intelligence' → 100 entries, 18 kept so far
12:02:29  INFO     [FI] 'AI regulation' → 63 entries, 73 kept so far
12:02:29  INFO     [PT] 'AI regulation' → 77 entries, 88 kept so far
12:02:29  INFO     [CZ] 'AI regulation' → 78 entries, 35 kept so far
12:02:29  INFO     [RO] 'AI regulation' → 79 entries, 43 kept so far
12:02:29  INFO     [HU] 'AI regulation' → 78 entries, 22 kept so far
12:02:30  INFO     [FI] 'machine learning' → 96 entries, 120 kept so far
12:02:31  INFO     [CZ] 'machine learning' → 78 entries, 55 kept so far
12:02:31  INFO     [PT] 'machine learning' → 100 entries, 168 kept so far
12:02:31  INFO     [HU] 'machine learning' → 65 entries, 43 kept so far
12:02:31  INFO     [RO] 'machine learning' → 100 entries, 103 kept so far
12:02:32  INFO     [FI] 'EU AI Act' → 64 entries, 156 kept so far
12:02:32  INFO     [CZ] 'EU AI Act' → 73 entries, 70 kept so far
12:02:32  INFO     [PT] 'EU AI Act' → 72 entries, 181 kept so far
12:02:33  INFO     [HU] 'EU AI Act' → 78 entries, 64 kept so far
12:02:33  INFO     [RO] 'EU AI Act' → 77 entries, 125 kept so far
12:02:33  INFO     [FI] 'generative AI' → 66 entries, 194 kept so far
12:02:34  INFO     [CZ] 'generative AI' → 76 entries, 87 kept so far
12:02:34  INFO     [HU] 'generative AI' → 63 entries, 83 kept so far
12:02:34  INFO     [PT] 'generative AI' → 100 entries, 212 kept so far
12:02:34  INFO     [RO] 'generative AI' → 88 entries, 149 kept so far
12:02:34  INFO     [FI] +112 new articles saved
12:02:35  INFO     [CZ] +60 new articles saved
12:02:35  INFO     [GR] 'artificial intelligence' → 100 entries, 38 kept so far
12:02:35  INFO     [HU] +50 new articles saved
12:02:35  INFO     [PT] +144 new articles saved
12:02:35  INFO     [RO] +94 new articles saved
12:02:35  INFO     [SK] 'artificial intelligence' → 100 entries, 24 kept so far
12:02:36  INFO     [HR] 'artificial intelligence' → 100 entries, 58 kept so far
12:02:36  INFO     [BG] 'artificial intelligence' → 88 entries, 33 kept so far
12:02:36  INFO     [IE] 'artificial intelligence' → 100 entries, 64 kept so far
12:02:36  INFO     [GR] 'AI regulation' → 70 entries, 89 kept so far
12:02:37  INFO     [SK] 'AI regulation' → 39 entries, 29 kept so far
12:02:37  INFO     [HR] 'AI regulation' → 100 entries, 102 kept so far
12:02:37  INFO     [BG] 'AI regulation' → 9 entries, 33 kept so far
12:02:38  INFO     [IE] 'AI regulation' → 100 entries, 115 kept so far
12:02:38  INFO     [GR] 'machine learning' → 100 entries, 130 kept so far
12:02:38  INFO     [SK] 'machine learning' → 61 entries, 44 kept so far
12:02:39  INFO     [HR] 'machine learning' → 100 entries, 173 kept so far
12:02:39  INFO     [BG] 'machine learning' → 53 entries, 41 kept so far
12:02:39  INFO     [IE] 'machine learning' → 100 entries, 192 kept so far
12:02:40  INFO     [GR] 'EU AI Act' → 63 entries, 146 kept so far
12:02:40  INFO     [SK] 'EU AI Act' → 69 entries, 51 kept so far
12:02:40  INFO     [BG] 'EU AI Act' → 17 entries, 43 kept so far
12:02:40  INFO     [HR] 'EU AI Act' → 100 entries, 265 kept so far
12:02:41  INFO     [IE] 'EU AI Act' → 100 entries, 270 kept so far
12:02:41  INFO     [GR] 'generative AI' → 100 entries, 186 kept so far
12:02:41  INFO     [SK] 'generative AI' → 53 entries, 63 kept so far
12:02:41  INFO     [BG] 'generative AI' → 29 entries, 48 kept so far
12:02:42  INFO     [HR] 'generative AI' → 100 entries, 328 kept so far
12:02:42  INFO     [GR] +127 new articles saved
12:02:42  INFO     [SK] +37 new articles saved
12:02:42  INFO     [BG] +26 new articles saved
12:02:43  INFO     [IE] 'generative AI' → 100 entries, 330 kept so far
12:02:43  INFO     [HR] +296 new articles saved
12:02:43  INFO     [SI] 'artificial intelligence' → 100 entries, 44 kept so far
12:02:43  INFO     [LV] 'artificial intelligence' → 64 entries, 24 kept so far
12:02:43  INFO     [LT] 'artificial intelligence' → 86 entries, 29 kept so far
12:02:43  INFO     [EE] 'artificial intelligence' → 100 entries, 46 kept so far
12:02:44  INFO     [IE] +130 new articles saved
12:02:44  INFO     [SI] 'AI regulation' → 6 entries, 44 kept so far
12:02:44  INFO     [LT] 'AI regulation' → 5 entries, 29 kept so far
12:02:44  INFO     [CY] 'artificial intelligence' → 100 entries, 38 kept so far
12:02:44  INFO     [LV] 'AI regulation' → 3 entries, 24 kept so far
12:02:45  INFO     [EE] 'AI regulation' → 9 entries, 46 kept so far
12:02:45  INFO     [SI] 'machine learning' → 22 entries, 46 kept so far
12:02:46  INFO     [LV] 'machine learning' → 14 entries, 27 kept so far
12:02:46  INFO     [LT] 'machine learning' → 38 entries, 33 kept so far
12:02:46  INFO     [CY] 'AI regulation' → 70 entries, 89 kept so far
12:02:46  INFO     [EE] 'machine learning' → 23 entries, 47 kept so far
12:02:47  INFO     [SI] 'EU AI Act' → 19 entries, 49 kept so far
12:02:47  INFO     [LV] 'EU AI Act' → 7 entries, 27 kept so far
12:02:47  INFO     [LT] 'EU AI Act' → 17 entries, 34 kept so far
12:02:47  INFO     [CY] 'machine learning' → 100 entries, 130 kept so far
12:02:48  INFO     [EE] 'EU AI Act' → 15 entries, 48 kept so far
12:02:48  INFO     [LV] 'generative AI' → 9 entries, 28 kept so far
12:02:48  INFO     [SI] 'generative AI' → 13 entries, 51 kept so far
12:02:48  INFO     [LT] 'generative AI' → 15 entries, 40 kept so far
12:02:49  INFO     [CY] 'EU AI Act' → 63 entries, 146 kept so far
12:02:49  INFO     [EE] 'generative AI' → 13 entries, 51 kept so far
12:02:49  INFO     [LV] +15 new articles saved
12:02:49  INFO     [SI] +24 new articles saved
12:02:49  INFO     [MT] 'artificial intelligence' → 100 entries, 58 kept so far
12:02:49  INFO     [LT] +18 new articles saved
12:02:50  INFO     [LU] 'artificial intelligence' → 100 entries, 49 kept so far
12:02:50  INFO     [EE] +28 new articles saved
12:02:50  INFO     [CY] 'generative AI' → 100 entries, 185 kept so far
12:02:51  INFO     [MT] 'AI regulation' → 100 entries, 102 kept so far
12:02:51  INFO     [LU] 'AI regulation' → 100 entries, 139 kept so far
12:02:51  INFO     [CY] +1 new articles saved
12:02:52  INFO     [MT] 'machine learning' → 100 entries, 173 kept so far
12:02:53  INFO     [LU] 'machine learning' → 100 entries, 196 kept so far
12:02:53  INFO     [MT] 'EU AI Act' → 100 entries, 265 kept so far
12:02:54  INFO     [MT] 'generative AI' → 100 entries, 328 kept so far
12:02:54  INFO     [LU] 'EU AI Act' → 100 entries, 245 kept so far
12:02:55  INFO     [MT] +0 new articles saved
12:02:56  INFO     [LU] 'generative AI' → 100 entries, 276 kept so far
12:02:57  INFO     [LU] +0 new articles saved
12:02:57  INFO     Scrape complete. 2269 new articles this run.
