14:05:15  INFO     Starting scrape: 27 countries, 5 queries each
/home/runner/work/EU_AI_News/EU_AI_News/eu_ai_news_scraper.py:230: DeprecationWarning: datetime.datetime.utcnow() is deprecated and scheduled for removal in a future version. Use timezone-aware objects to represent datetimes in UTC: datetime.datetime.now(datetime.UTC).
  "scraped_at":   datetime.utcnow().isoformat(),
14:05:15  INFO     [FR] 'artificial intelligence' → 100 entries, 41 kept so far
14:05:15  INFO     [DE] 'artificial intelligence' → 102 entries, 41 kept so far
14:05:15  INFO     [PL] 'artificial intelligence' → 100 entries, 18 kept so far
14:05:15  INFO     [IT] 'artificial intelligence' → 100 entries, 31 kept so far
14:05:15  INFO     [ES] 'artificial intelligence' → 100 entries, 46 kept so far
14:05:17  INFO     [FR] 'AI regulation' → 100 entries, 130 kept so far
14:05:17  INFO     [DE] 'AI regulation' → 100 entries, 121 kept so far
14:05:17  INFO     [PL] 'AI regulation' → 78 entries, 80 kept so far
14:05:17  INFO     [IT] 'AI regulation' → 100 entries, 122 kept so far
14:05:17  INFO     [ES] 'AI regulation' → 78 entries, 90 kept so far
14:05:18  INFO     [FR] 'machine learning' → 100 entries, 185 kept so far
14:05:18  INFO     [DE] 'machine learning' → 100 entries, 174 kept so far
14:05:19  INFO     [PL] 'machine learning' → 100 entries, 124 kept so far
14:05:19  INFO     [IT] 'machine learning' → 100 entries, 199 kept so far
14:05:19  INFO     [ES] 'machine learning' → 100 entries, 165 kept so far
14:05:20  INFO     [FR] 'EU AI Act' → 100 entries, 236 kept so far
14:05:20  INFO     [DE] 'EU AI Act' → 100 entries, 249 kept so far
14:05:20  INFO     [PL] 'EU AI Act' → 78 entries, 138 kept so far
14:05:20  INFO     [IT] 'EU AI Act' → 100 entries, 261 kept so far
14:05:21  INFO     [ES] 'EU AI Act' → 78 entries, 190 kept so far
14:05:21  INFO     [FR] 'generative AI' → 100 entries, 266 kept so far
14:05:21  INFO     [DE] 'generative AI' → 100 entries, 274 kept so far
14:05:22  INFO     [PL] 'generative AI' → 100 entries, 170 kept so far
14:05:22  INFO     [IT] 'generative AI' → 100 entries, 302 kept so far
14:05:22  INFO     [ES] 'generative AI' → 100 entries, 236 kept so far
14:05:22  INFO     [FR] +166 new articles saved
14:05:22  INFO     [DE] +194 new articles saved
14:05:23  INFO     [PL] +101 new articles saved
14:05:23  INFO     [NL] 'artificial intelligence' → 100 entries, 14 kept so far
14:05:23  INFO     [IT] +208 new articles saved
14:05:23  INFO     [BE] 'artificial intelligence' → 100 entries, 46 kept so far
14:05:23  INFO     [SE] 'artificial intelligence' → 100 entries, 6 kept so far
14:05:23  INFO     [ES] +153 new articles saved
14:05:24  INFO     [AT] 'artificial intelligence' → 100 entries, 42 kept so far
14:05:24  INFO     [DK] 'artificial intelligence' → 100 entries, 18 kept so far
14:05:25  INFO     [NL] 'AI regulation' → 79 entries, 61 kept so far
14:05:25  INFO     [BE] 'AI regulation' → 100 entries, 135 kept so far
14:05:25  INFO     [SE] 'AI regulation' → 77 entries, 19 kept so far
14:05:25  INFO     [AT] 'AI regulation' → 100 entries, 120 kept so far
14:05:26  INFO     [DK] 'AI regulation' → 43 entries, 25 kept so far
14:05:26  INFO     [NL] 'machine learning' → 100 entries, 106 kept so far
14:05:27  INFO     [SE] 'machine learning' → 85 entries, 39 kept so far
14:05:27  INFO     [BE] 'machine learning' → 100 entries, 189 kept so far
14:05:27  INFO     [AT] 'machine learning' → 100 entries, 177 kept so far
14:05:27  INFO     [DK] 'machine learning' → 78 entries, 44 kept so far
14:05:28  INFO     [NL] 'EU AI Act' → 100 entries, 136 kept so far
14:05:28  INFO     [SE] 'EU AI Act' → 56 entries, 46 kept so far
14:05:28  INFO     [BE] 'EU AI Act' → 100 entries, 232 kept so far
14:05:29  INFO     [AT] 'EU AI Act' → 100 entries, 255 kept so far
14:05:29  INFO     [DK] 'EU AI Act' → 75 entries, 62 kept so far
14:05:29  INFO     [NL] 'generative AI' → 100 entries, 168 kept so far
14:05:30  INFO     [SE] 'generative AI' → 78 entries, 57 kept so far
14:05:30  INFO     [BE] 'generative AI' → 100 entries, 257 kept so far
14:05:30  INFO     [AT] 'generative AI' → 100 entries, 281 kept so far
14:05:31  INFO     [DK] 'generative AI' → 93 entries, 94 kept so far
14:05:31  INFO     [NL] +88 new articles saved
14:05:31  INFO     [SE] +28 new articles saved
14:05:31  INFO     [BE] +25 new articles saved
14:05:31  INFO     [FI] 'artificial intelligence' → 100 entries, 55 kept so far
14:05:31  INFO     [PT] 'artificial intelligence' → 100 entries, 54 kept so far
14:05:31  INFO     [AT] +41 new articles saved
14:05:32  INFO     [DK] +45 new articles saved
14:05:32  INFO     [CZ] 'artificial intelligence' → 100 entries, 17 kept so far
14:05:32  INFO     [RO] 'artificial intelligence' → 100 entries, 38 kept so far
14:05:32  INFO     [HU] 'artificial intelligence' → 100 entries, 17 kept so far
14:05:33  INFO     [FI] 'AI regulation' → 62 entries, 68 kept so far
14:05:33  INFO     [PT] 'AI regulation' → 77 entries, 90 kept so far
14:05:33  INFO     [CZ] 'AI regulation' → 78 entries, 40 kept so far
14:05:34  INFO     [RO] 'AI regulation' → 79 entries, 47 kept so far
14:05:34  INFO     [HU] 'AI regulation' → 78 entries, 21 kept so far
14:05:34  INFO     [FI] 'machine learning' → 97 entries, 112 kept so far
14:05:35  INFO     [CZ] 'machine learning' → 76 entries, 60 kept so far
14:05:35  INFO     [PT] 'machine learning' → 100 entries, 164 kept so far
14:05:35  INFO     [HU] 'machine learning' → 74 entries, 44 kept so far
14:05:35  INFO     [RO] 'machine learning' → 100 entries, 103 kept so far
14:05:36  INFO     [FI] 'EU AI Act' → 65 entries, 146 kept so far
14:05:36  INFO     [CZ] 'EU AI Act' → 74 entries, 76 kept so far
14:05:36  INFO     [PT] 'EU AI Act' → 71 entries, 178 kept so far
14:05:37  INFO     [HU] 'EU AI Act' → 79 entries, 66 kept so far
14:05:37  INFO     [RO] 'EU AI Act' → 76 entries, 125 kept so far
14:05:38  INFO     [FI] 'generative AI' → 67 entries, 184 kept so far
14:05:38  INFO     [CZ] 'generative AI' → 75 entries, 94 kept so far
14:05:38  INFO     [PT] 'generative AI' → 100 entries, 211 kept so far
14:05:38  INFO     [HU] 'generative AI' → 62 entries, 83 kept so far
14:05:39  INFO     [FI] +102 new articles saved
14:05:39  INFO     [CZ] +63 new articles saved
14:05:39  INFO     [RO] 'generative AI' → 90 entries, 148 kept so far
14:05:39  INFO     [PT] +143 new articles saved
14:05:39  INFO     [SK] 'artificial intelligence' → 100 entries, 23 kept so far
14:05:39  INFO     [GR] 'artificial intelligence' → 100 entries, 39 kept so far
14:05:39  INFO     [HU] +52 new articles saved
14:05:40  INFO     [HR] 'artificial intelligence' → 100 entries, 42 kept so far
14:05:40  INFO     [RO] +96 new articles saved
14:05:40  INFO     [IE] 'artificial intelligence' → 102 entries, 44 kept so far
14:05:40  INFO     [BG] 'artificial intelligence' → 97 entries, 38 kept so far
14:05:41  INFO     [SK] 'AI regulation' → 46 entries, 27 kept so far
14:05:41  INFO     [GR] 'AI regulation' → 71 entries, 89 kept so far
14:05:41  INFO     [HR] 'AI regulation' → 100 entries, 88 kept so far
14:05:42  INFO     [IE] 'AI regulation' → 100 entries, 95 kept so far
14:05:42  INFO     [BG] 'AI regulation' → 12 entries, 38 kept so far
14:05:42  INFO     [SK] 'machine learning' → 61 entries, 42 kept so far
14:05:43  INFO     [GR] 'machine learning' → 100 entries, 130 kept so far
14:05:43  INFO     [HR] 'machine learning' → 100 entries, 161 kept so far
14:05:43  INFO     [BG] 'machine learning' → 51 entries, 45 kept so far
14:05:43  INFO     [IE] 'machine learning' → 100 entries, 170 kept so far
14:05:44  INFO     [SK] 'EU AI Act' → 78 entries, 52 kept so far
14:05:44  INFO     [GR] 'EU AI Act' → 62 entries, 144 kept so far
14:05:44  INFO     [HR] 'EU AI Act' → 100 entries, 249 kept so far
14:05:45  INFO     [BG] 'EU AI Act' → 15 entries, 47 kept so far
14:05:45  INFO     [IE] 'EU AI Act' → 100 entries, 249 kept so far
14:05:45  INFO     [SK] 'generative AI' → 51 entries, 65 kept so far
14:05:46  INFO     [GR] 'generative AI' → 100 entries, 188 kept so far
14:05:46  INFO     [HR] 'generative AI' → 100 entries, 316 kept so far
14:05:46  INFO     [BG] 'generative AI' → 29 entries, 53 kept so far
14:05:46  INFO     [SK] +37 new articles saved
14:05:47  INFO     [GR] +126 new articles saved
14:05:47  INFO     [LT] 'artificial intelligence' → 86 entries, 26 kept so far
14:05:47  INFO     [IE] 'generative AI' → 100 entries, 308 kept so far
14:05:47  INFO     [HR] +289 new articles saved
14:05:47  INFO     [BG] +32 new articles saved
14:05:47  INFO     [SI] 'artificial intelligence' → 100 entries, 45 kept so far
14:05:47  INFO     [LV] 'artificial intelligence' → 62 entries, 23 kept so far
14:05:48  INFO     [EE] 'artificial intelligence' → 100 entries, 45 kept so far
14:05:48  INFO     [IE] +114 new articles saved
14:05:48  INFO     [LT] 'AI regulation' → 7 entries, 26 kept so far
14:05:48  INFO     [CY] 'artificial intelligence' → 100 entries, 39 kept so far
14:05:49  INFO     [SI] 'AI regulation' → 6 entries, 45 kept so far
14:05:49  INFO     [LV] 'AI regulation' → 3 entries, 23 kept so far
14:05:49  INFO     [EE] 'AI regulation' → 8 entries, 45 kept so far
14:05:50  INFO     [LT] 'machine learning' → 36 entries, 30 kept so far
14:05:50  INFO     [CY] 'AI regulation' → 71 entries, 89 kept so far
14:05:50  INFO     [LV] 'machine learning' → 15 entries, 26 kept so far
14:05:50  INFO     [SI] 'machine learning' → 21 entries, 47 kept so far
14:05:50  INFO     [EE] 'machine learning' → 20 entries, 46 kept so far
14:05:51  INFO     [LT] 'EU AI Act' → 14 entries, 31 kept so far
14:05:51  INFO     [LV] 'EU AI Act' → 7 entries, 26 kept so far
14:05:52  INFO     [SI] 'EU AI Act' → 18 entries, 49 kept so far
14:05:52  INFO     [CY] 'machine learning' → 100 entries, 130 kept so far
14:05:52  INFO     [EE] 'EU AI Act' → 15 entries, 47 kept so far
14:05:52  INFO     [LT] 'generative AI' → 15 entries, 37 kept so far
14:05:53  INFO     [LV] 'generative AI' → 9 entries, 27 kept so far
14:05:53  INFO     [SI] 'generative AI' → 13 entries, 51 kept so far
14:05:53  INFO     [CY] 'EU AI Act' → 62 entries, 144 kept so far
14:05:53  INFO     [EE] 'generative AI' → 12 entries, 49 kept so far
14:05:53  INFO     [LT] +15 new articles saved
14:05:54  INFO     [LV] +14 new articles saved
14:05:54  INFO     [LU] 'artificial intelligence' → 100 entries, 41 kept so far
14:05:54  INFO     [SI] +22 new articles saved
14:05:54  INFO     [MT] 'artificial intelligence' → 100 entries, 42 kept so far
14:05:54  INFO     [EE] +26 new articles saved
14:05:55  INFO     [CY] 'generative AI' → 100 entries, 188 kept so far
14:05:55  INFO     [MT] 'AI regulation' → 100 entries, 88 kept so far
14:05:55  INFO     [LU] 'AI regulation' → 100 entries, 130 kept so far
14:05:56  INFO     [CY] +0 new articles saved
14:05:56  INFO     [MT] 'machine learning' → 100 entries, 161 kept so far
14:05:57  INFO     [LU] 'machine learning' → 100 entries, 185 kept so far
14:05:58  INFO     [MT] 'EU AI Act' → 100 entries, 249 kept so far
14:05:59  INFO     [LU] 'EU AI Act' → 100 entries, 236 kept so far
14:05:59  INFO     [MT] 'generative AI' → 100 entries, 316 kept so far
14:06:00  INFO     [MT] +0 new articles saved
14:06:00  INFO     [LU] 'generative AI' → 100 entries, 266 kept so far
14:06:01  INFO     [LU] +0 new articles saved
14:06:01  INFO     Scrape complete. 2180 new articles this run.
