16:30:02  INFO     Starting scrape: 27 countries, 5 queries each
/home/runner/work/EU_AI_News/EU_AI_News/eu_ai_news_scraper.py:230: DeprecationWarning: datetime.datetime.utcnow() is deprecated and scheduled for removal in a future version. Use timezone-aware objects to represent datetimes in UTC: datetime.datetime.now(datetime.UTC).
  "scraped_at":   datetime.utcnow().isoformat(),
16:30:02  INFO     [IT] 'artificial intelligence' → 100 entries, 29 kept so far
16:30:03  INFO     [PL] 'artificial intelligence' → 100 entries, 10 kept so far
16:30:03  INFO     [FR] 'artificial intelligence' → 100 entries, 50 kept so far
16:30:03  INFO     [ES] 'artificial intelligence' → 100 entries, 50 kept so far
16:30:03  INFO     [DE] 'artificial intelligence' → 100 entries, 33 kept so far
16:30:04  INFO     [IT] 'AI regulation' → 100 entries, 114 kept so far
16:30:04  INFO     [FR] 'AI regulation' → 89 entries, 131 kept so far
16:30:04  INFO     [ES] 'AI regulation' → 77 entries, 86 kept so far
16:30:04  INFO     [PL] 'AI regulation' → 76 entries, 68 kept so far
16:30:05  INFO     [DE] 'AI regulation' → 100 entries, 106 kept so far
16:30:06  INFO     [IT] 'machine learning' → 100 entries, 186 kept so far
16:30:06  INFO     [FR] 'machine learning' → 100 entries, 183 kept so far
16:30:06  INFO     [PL] 'machine learning' → 100 entries, 117 kept so far
16:30:06  INFO     [ES] 'machine learning' → 100 entries, 159 kept so far
16:30:06  INFO     [DE] 'machine learning' → 100 entries, 154 kept so far
16:30:07  INFO     [IT] 'EU AI Act' → 100 entries, 239 kept so far
16:30:08  INFO     [FR] 'EU AI Act' → 81 entries, 219 kept so far
16:30:08  INFO     [PL] 'EU AI Act' → 77 entries, 136 kept so far
16:30:08  INFO     [DE] 'EU AI Act' → 100 entries, 231 kept so far
16:30:08  INFO     [ES] 'EU AI Act' → 78 entries, 186 kept so far
16:30:09  INFO     [IT] 'generative AI' → 100 entries, 285 kept so far
16:30:09  INFO     [FR] 'generative AI' → 100 entries, 248 kept so far
16:30:09  INFO     [PL] 'generative AI' → 100 entries, 163 kept so far
16:30:10  INFO     [DE] 'generative AI' → 100 entries, 254 kept so far
16:30:10  INFO     [ES] 'generative AI' → 100 entries, 233 kept so far
16:30:10  INFO     [IT] +189 new articles saved
16:30:10  INFO     [FR] +145 new articles saved
16:30:10  INFO     [PL] +89 new articles saved
16:30:11  INFO     [DE] +178 new articles saved
16:30:11  INFO     [ES] +128 new articles saved
16:30:11  INFO     [NL] 'artificial intelligence' → 101 entries, 15 kept so far
16:30:11  INFO     [SE] 'artificial intelligence' → 100 entries, 13 kept so far
16:30:11  INFO     [BE] 'artificial intelligence' → 100 entries, 59 kept so far
16:30:11  INFO     [AT] 'artificial intelligence' → 100 entries, 32 kept so far
16:30:11  INFO     [DK] 'artificial intelligence' → 100 entries, 15 kept so far
16:30:12  INFO     [NL] 'AI regulation' → 77 entries, 57 kept so far
16:30:12  INFO     [SE] 'AI regulation' → 75 entries, 21 kept so far
16:30:13  INFO     [BE] 'AI regulation' → 88 entries, 139 kept so far
16:30:13  INFO     [DK] 'AI regulation' → 41 entries, 21 kept so far
16:30:13  INFO     [AT] 'AI regulation' → 100 entries, 104 kept so far
16:30:14  INFO     [NL] 'machine learning' → 100 entries, 109 kept so far
16:30:14  INFO     [SE] 'machine learning' → 82 entries, 47 kept so far
16:30:14  INFO     [BE] 'machine learning' → 100 entries, 189 kept so far
16:30:14  INFO     [DK] 'machine learning' → 75 entries, 42 kept so far
16:30:15  INFO     [AT] 'machine learning' → 100 entries, 153 kept so far
16:30:16  INFO     [NL] 'EU AI Act' → 100 entries, 139 kept so far
16:30:16  INFO     [SE] 'EU AI Act' → 70 entries, 56 kept so far
16:30:16  INFO     [BE] 'EU AI Act' → 85 entries, 226 kept so far
16:30:16  INFO     [DK] 'EU AI Act' → 74 entries, 58 kept so far
16:30:16  INFO     [AT] 'EU AI Act' → 100 entries, 235 kept so far
16:30:17  INFO     [NL] 'generative AI' → 100 entries, 169 kept so far
16:30:17  INFO     [SE] 'generative AI' → 69 entries, 67 kept so far
16:30:18  INFO     [DK] 'generative AI' → 92 entries, 89 kept so far
16:30:18  INFO     [BE] 'generative AI' → 100 entries, 252 kept so far
16:30:18  INFO     [AT] 'generative AI' → 100 entries, 259 kept so far
16:30:18  INFO     [NL] +84 new articles saved
16:30:18  INFO     [SE] +35 new articles saved
16:30:19  INFO     [DK] +38 new articles saved
16:30:19  INFO     [FI] 'artificial intelligence' → 100 entries, 61 kept so far
16:30:19  INFO     [BE] +33 new articles saved
16:30:19  INFO     [PT] 'artificial intelligence' → 100 entries, 66 kept so far
16:30:19  INFO     [AT] +56 new articles saved
16:30:19  INFO     [CZ] 'artificial intelligence' → 101 entries, 16 kept so far
16:30:19  INFO     [RO] 'artificial intelligence' → 100 entries, 40 kept so far
16:30:20  INFO     [HU] 'artificial intelligence' → 100 entries, 24 kept so far
16:30:20  INFO     [FI] 'AI regulation' → 59 entries, 73 kept so far
16:30:21  INFO     [PT] 'AI regulation' → 76 entries, 104 kept so far
16:30:21  INFO     [CZ] 'AI regulation' → 77 entries, 36 kept so far
16:30:21  INFO     [RO] 'AI regulation' → 74 entries, 51 kept so far
16:30:21  INFO     [HU] 'AI regulation' → 78 entries, 26 kept so far
16:30:22  INFO     [FI] 'machine learning' → 84 entries, 116 kept so far
16:30:22  INFO     [CZ] 'machine learning' → 71 entries, 56 kept so far
16:30:23  INFO     [PT] 'machine learning' → 100 entries, 181 kept so far
16:30:23  INFO     [RO] 'machine learning' → 100 entries, 104 kept so far
16:30:23  INFO     [HU] 'machine learning' → 74 entries, 47 kept so far
16:30:24  INFO     [FI] 'EU AI Act' → 75 entries, 160 kept so far
16:30:24  INFO     [CZ] 'EU AI Act' → 70 entries, 69 kept so far
16:30:24  INFO     [PT] 'EU AI Act' → 60 entries, 196 kept so far
16:30:24  INFO     [RO] 'EU AI Act' → 75 entries, 126 kept so far
16:30:25  INFO     [HU] 'EU AI Act' → 77 entries, 68 kept so far
16:30:25  INFO     [FI] 'generative AI' → 62 entries, 198 kept so far
16:30:26  INFO     [CZ] 'generative AI' → 71 entries, 88 kept so far
16:30:26  INFO     [RO] 'generative AI' → 95 entries, 149 kept so far
16:30:26  INFO     [PT] 'generative AI' → 100 entries, 231 kept so far
16:30:26  INFO     [HU] 'generative AI' → 69 entries, 88 kept so far
16:30:26  INFO     [FI] +105 new articles saved
16:30:27  INFO     [CZ] +59 new articles saved
16:30:27  INFO     [GR] 'artificial intelligence' → 100 entries, 41 kept so far
16:30:27  INFO     [RO] +86 new articles saved
16:30:27  INFO     [PT] +153 new articles saved
16:30:27  INFO     [SK] 'artificial intelligence' → 100 entries, 24 kept so far
16:30:27  INFO     [HU] +56 new articles saved
16:30:27  INFO     [HR] 'artificial intelligence' → 100 entries, 55 kept so far
16:30:28  INFO     [IE] 'artificial intelligence' → 102 entries, 55 kept so far
16:30:28  INFO     [BG] 'artificial intelligence' → 80 entries, 34 kept so far
16:30:28  INFO     [GR] 'AI regulation' → 68 entries, 89 kept so far
16:30:29  INFO     [SK] 'AI regulation' → 24 entries, 26 kept so far
16:30:29  INFO     [HR] 'AI regulation' → 100 entries, 123 kept so far
16:30:29  INFO     [BG] 'AI regulation' → 18 entries, 37 kept so far
16:30:29  INFO     [IE] 'AI regulation' → 100 entries, 119 kept so far
16:30:30  INFO     [GR] 'machine learning' → 100 entries, 131 kept so far
16:30:30  INFO     [SK] 'machine learning' → 56 entries, 41 kept so far
16:30:30  INFO     [HR] 'machine learning' → 100 entries, 190 kept so far
16:30:31  INFO     [BG] 'machine learning' → 59 entries, 45 kept so far
16:30:31  INFO     [IE] 'machine learning' → 100 entries, 189 kept so far
16:30:32  INFO     [GR] 'EU AI Act' → 60 entries, 150 kept so far
16:30:32  INFO     [SK] 'EU AI Act' → 74 entries, 50 kept so far
16:30:32  INFO     [BG] 'EU AI Act' → 19 entries, 48 kept so far
16:30:32  INFO     [HR] 'EU AI Act' → 100 entries, 269 kept so far
16:30:33  INFO     [IE] 'EU AI Act' → 100 entries, 261 kept so far
16:30:33  INFO     [GR] 'generative AI' → 100 entries, 193 kept so far
16:30:33  INFO     [SK] 'generative AI' → 42 entries, 59 kept so far
16:30:34  INFO     [BG] 'generative AI' → 30 entries, 55 kept so far
16:30:34  INFO     [HR] 'generative AI' → 100 entries, 330 kept so far
16:30:34  INFO     [GR] +133 new articles saved
16:30:34  INFO     [SK] +30 new articles saved
16:30:35  INFO     [BG] +33 new articles saved
16:30:35  INFO     [IE] 'generative AI' → 100 entries, 328 kept so far
16:30:35  INFO     [LT] 'artificial intelligence' → 71 entries, 23 kept so far
16:30:35  INFO     [SI] 'artificial intelligence' → 100 entries, 50 kept so far
16:30:35  INFO     [HR] +296 new articles saved
16:30:35  INFO     [LV] 'artificial intelligence' → 66 entries, 18 kept so far
16:30:35  INFO     [EE] 'artificial intelligence' → 93 entries, 51 kept so far
16:30:36  INFO     [IE] +124 new articles saved
16:30:36  INFO     [LT] 'AI regulation' → 6 entries, 23 kept so far
16:30:36  INFO     [SI] 'AI regulation' → 3 entries, 50 kept so far
16:30:36  INFO     [CY] 'artificial intelligence' → 100 entries, 41 kept so far
16:30:36  INFO     [LV] 'AI regulation' → 7 entries, 18 kept so far
16:30:37  INFO     [EE] 'AI regulation' → 5 entries, 52 kept so far
16:30:37  INFO     [LT] 'machine learning' → 26 entries, 27 kept so far
16:30:37  INFO     [SI] 'machine learning' → 20 entries, 51 kept so far
16:30:38  INFO     [CY] 'AI regulation' → 68 entries, 89 kept so far
16:30:38  INFO     [LV] 'machine learning' → 12 entries, 21 kept so far
16:30:38  INFO     [EE] 'machine learning' → 13 entries, 54 kept so far
16:30:39  INFO     [LT] 'EU AI Act' → 18 entries, 27 kept so far
16:30:39  INFO     [SI] 'EU AI Act' → 25 entries, 55 kept so far
16:30:39  INFO     [LV] 'EU AI Act' → 8 entries, 21 kept so far
16:30:39  INFO     [CY] 'machine learning' → 100 entries, 131 kept so far
16:30:40  INFO     [EE] 'EU AI Act' → 10 entries, 55 kept so far
16:30:40  INFO     [LT] 'generative AI' → 17 entries, 33 kept so far
16:30:40  INFO     [SI] 'generative AI' → 15 entries, 56 kept so far
16:30:40  INFO     [LV] 'generative AI' → 10 entries, 22 kept so far
16:30:41  INFO     [CY] 'EU AI Act' → 60 entries, 150 kept so far
16:30:41  INFO     [EE] 'generative AI' → 10 entries, 58 kept so far
16:30:41  INFO     [LT] +12 new articles saved
16:30:41  INFO     [SI] +22 new articles saved
16:30:41  INFO     [MT] 'artificial intelligence' → 100 entries, 55 kept so far
16:30:41  INFO     [LV] +12 new articles saved
16:30:42  INFO     [LU] 'artificial intelligence' → 100 entries, 50 kept so far
16:30:42  INFO     [EE] +31 new articles saved
16:30:42  INFO     [CY] 'generative AI' → 100 entries, 193 kept so far
16:30:43  INFO     [MT] 'AI regulation' → 100 entries, 123 kept so far
16:30:43  INFO     [CY] +0 new articles saved
16:30:43  INFO     [LU] 'AI regulation' → 89 entries, 131 kept so far
16:30:44  INFO     [MT] 'machine learning' → 100 entries, 190 kept so far
16:30:45  INFO     [LU] 'machine learning' → 100 entries, 183 kept so far
16:30:45  INFO     [MT] 'EU AI Act' → 100 entries, 269 kept so far
16:30:46  INFO     [MT] 'generative AI' → 100 entries, 330 kept so far
16:30:46  INFO     [LU] 'EU AI Act' → 81 entries, 219 kept so far
16:30:47  INFO     [MT] +0 new articles saved
16:30:48  INFO     [LU] 'generative AI' → 100 entries, 248 kept so far
16:30:49  INFO     [LU] +0 new articles saved
16:30:49  INFO     Scrape complete. 2127 new articles this run.
