18:47:01  INFO     Starting scrape: 27 countries, 5 queries each
/home/runner/work/EU_AI_News/EU_AI_News/eu_ai_news_scraper.py:230: DeprecationWarning: datetime.datetime.utcnow() is deprecated and scheduled for removal in a future version. Use timezone-aware objects to represent datetimes in UTC: datetime.datetime.now(datetime.UTC).
  "scraped_at":   datetime.utcnow().isoformat(),
18:47:02  INFO     [DE] 'artificial intelligence' → 100 entries, 52 kept so far
18:47:02  INFO     [PL] 'artificial intelligence' → 100 entries, 25 kept so far
18:47:02  INFO     [FR] 'artificial intelligence' → 100 entries, 51 kept so far
18:47:02  INFO     [ES] 'artificial intelligence' → 100 entries, 54 kept so far
18:47:02  INFO     [IT] 'artificial intelligence' → 100 entries, 44 kept so far
18:47:03  INFO     [DE] 'AI regulation' → 93 entries, 100 kept so far
18:47:03  INFO     [FR] 'AI regulation' → 100 entries, 109 kept so far
18:47:04  INFO     [PL] 'AI regulation' → 100 entries, 98 kept so far
18:47:04  INFO     [IT] 'AI regulation' → 100 entries, 116 kept so far
18:47:04  INFO     [ES] 'AI regulation' → 71 entries, 74 kept so far
18:47:05  INFO     [DE] 'machine learning' → 100 entries, 149 kept so far
18:47:05  INFO     [FR] 'machine learning' → 100 entries, 165 kept so far
18:47:05  INFO     [PL] 'machine learning' → 100 entries, 134 kept so far
18:47:05  INFO     [IT] 'machine learning' → 100 entries, 187 kept so far
18:47:05  INFO     [ES] 'machine learning' → 100 entries, 148 kept so far
18:47:06  INFO     [DE] 'EU AI Act' → 100 entries, 228 kept so far
18:47:06  INFO     [FR] 'EU AI Act' → 85 entries, 214 kept so far
18:47:07  INFO     [PL] 'EU AI Act' → 77 entries, 163 kept so far
18:47:07  INFO     [IT] 'EU AI Act' → 100 entries, 261 kept so far
18:47:07  INFO     [ES] 'EU AI Act' → 79 entries, 191 kept so far
18:47:08  INFO     [DE] 'generative AI' → 100 entries, 254 kept so far
18:47:08  INFO     [FR] 'generative AI' → 100 entries, 248 kept so far
18:47:08  INFO     [PL] 'generative AI' → 100 entries, 197 kept so far
18:47:09  INFO     [IT] 'generative AI' → 100 entries, 301 kept so far
18:47:09  INFO     [ES] 'generative AI' → 100 entries, 233 kept so far
18:47:09  INFO     [DE] +185 new articles saved
18:47:09  INFO     [FR] +120 new articles saved
18:47:09  INFO     [NL] 'artificial intelligence' → 100 entries, 15 kept so far
18:47:09  INFO     [PL] +128 new articles saved
18:47:10  INFO     [BE] 'artificial intelligence' → 100 entries, 54 kept so far
18:47:10  INFO     [IT] +170 new articles saved
18:47:10  INFO     [ES] +111 new articles saved
18:47:10  INFO     [SE] 'artificial intelligence' → 100 entries, 7 kept so far
18:47:10  INFO     [AT] 'artificial intelligence' → 100 entries, 55 kept so far
18:47:10  INFO     [DK] 'artificial intelligence' → 100 entries, 11 kept so far
18:47:11  INFO     [NL] 'AI regulation' → 77 entries, 72 kept so far
18:47:11  INFO     [BE] 'AI regulation' → 100 entries, 112 kept so far
18:47:11  INFO     [SE] 'AI regulation' → 70 entries, 22 kept so far
18:47:12  INFO     [DK] 'AI regulation' → 31 entries, 15 kept so far
18:47:12  INFO     [AT] 'AI regulation' → 100 entries, 114 kept so far
18:47:12  INFO     [NL] 'machine learning' → 100 entries, 122 kept so far
18:47:13  INFO     [BE] 'machine learning' → 100 entries, 169 kept so far
18:47:13  INFO     [SE] 'machine learning' → 73 entries, 46 kept so far
18:47:13  INFO     [DK] 'machine learning' → 80 entries, 38 kept so far
18:47:14  INFO     [AT] 'machine learning' → 100 entries, 162 kept so far
18:47:14  INFO     [NL] 'EU AI Act' → 100 entries, 147 kept so far
18:47:14  INFO     [SE] 'EU AI Act' → 61 entries, 51 kept so far
18:47:14  INFO     [BE] 'EU AI Act' → 89 entries, 219 kept so far
18:47:15  INFO     [DK] 'EU AI Act' → 75 entries, 54 kept so far
18:47:15  INFO     [AT] 'EU AI Act' → 100 entries, 241 kept so far
18:47:15  INFO     [NL] 'generative AI' → 100 entries, 173 kept so far
18:47:16  INFO     [SE] 'generative AI' → 72 entries, 57 kept so far
18:47:16  INFO     [BE] 'generative AI' → 100 entries, 249 kept so far
18:47:17  INFO     [NL] +77 new articles saved
18:47:17  INFO     [DK] 'generative AI' → 100 entries, 89 kept so far
18:47:17  INFO     [AT] 'generative AI' → 100 entries, 274 kept so far
18:47:17  INFO     [SE] +17 new articles saved
18:47:17  INFO     [FI] 'artificial intelligence' → 100 entries, 67 kept so far
18:47:17  INFO     [BE] +14 new articles saved
18:47:17  INFO     [PT] 'artificial intelligence' → 100 entries, 64 kept so far
18:47:18  INFO     [CZ] 'artificial intelligence' → 100 entries, 17 kept so far
18:47:18  INFO     [DK] +30 new articles saved
18:47:18  INFO     [AT] +47 new articles saved
18:47:18  INFO     [RO] 'artificial intelligence' → 100 entries, 42 kept so far
18:47:18  INFO     [HU] 'artificial intelligence' → 100 entries, 16 kept so far
18:47:19  INFO     [FI] 'AI regulation' → 51 entries, 77 kept so far
18:47:19  INFO     [PT] 'AI regulation' → 92 entries, 119 kept so far
18:47:19  INFO     [CZ] 'AI regulation' → 77 entries, 48 kept so far
18:47:20  INFO     [RO] 'AI regulation' → 32 entries, 49 kept so far
18:47:20  INFO     [HU] 'AI regulation' → 79 entries, 19 kept so far
18:47:20  INFO     [FI] 'machine learning' → 100 entries, 112 kept so far
18:47:21  INFO     [PT] 'machine learning' → 100 entries, 196 kept so far
18:47:21  INFO     [CZ] 'machine learning' → 84 entries, 66 kept so far
18:47:21  INFO     [RO] 'machine learning' → 100 entries, 102 kept so far
18:47:21  INFO     [HU] 'machine learning' → 69 entries, 43 kept so far
18:47:22  INFO     [FI] 'EU AI Act' → 57 entries, 141 kept so far
18:47:22  INFO     [CZ] 'EU AI Act' → 75 entries, 75 kept so far
18:47:22  INFO     [PT] 'EU AI Act' → 56 entries, 207 kept so far
18:47:23  INFO     [RO] 'EU AI Act' → 78 entries, 121 kept so far
18:47:23  INFO     [HU] 'EU AI Act' → 78 entries, 70 kept so far
18:47:23  INFO     [FI] 'generative AI' → 55 entries, 174 kept so far
18:47:24  INFO     [CZ] 'generative AI' → 90 entries, 98 kept so far
18:47:24  INFO     [PT] 'generative AI' → 100 entries, 232 kept so far
18:47:24  INFO     [FI] +82 new articles saved
18:47:24  INFO     [RO] 'generative AI' → 82 entries, 151 kept so far
18:47:24  INFO     [HU] 'generative AI' → 73 entries, 94 kept so far
18:47:25  INFO     [GR] 'artificial intelligence' → 100 entries, 47 kept so far
18:47:25  INFO     [CZ] +59 new articles saved
18:47:25  INFO     [PT] +136 new articles saved
18:47:25  INFO     [SK] 'artificial intelligence' → 100 entries, 23 kept so far
18:47:25  INFO     [RO] +82 new articles saved
18:47:25  INFO     [HU] +51 new articles saved
18:47:26  INFO     [IE] 'artificial intelligence' → 100 entries, 73 kept so far
18:47:26  INFO     [HR] 'artificial intelligence' → 100 entries, 69 kept so far
18:47:26  INFO     [BG] 'artificial intelligence' → 84 entries, 37 kept so far
18:47:26  INFO     [GR] 'AI regulation' → 63 entries, 103 kept so far
18:47:27  INFO     [SK] 'AI regulation' → 17 entries, 24 kept so far
18:47:27  INFO     [BG] 'AI regulation' → 11 entries, 38 kept so far
18:47:27  INFO     [IE] 'AI regulation' → 100 entries, 114 kept so far
18:47:27  INFO     [HR] 'AI regulation' → 100 entries, 109 kept so far
18:47:28  INFO     [GR] 'machine learning' → 97 entries, 134 kept so far
18:47:28  INFO     [SK] 'machine learning' → 58 entries, 35 kept so far
18:47:29  INFO     [BG] 'machine learning' → 57 entries, 45 kept so far
18:47:29  INFO     [HR] 'machine learning' → 100 entries, 192 kept so far
18:47:29  INFO     [IE] 'machine learning' → 100 entries, 193 kept so far
18:47:29  INFO     [GR] 'EU AI Act' → 60 entries, 152 kept so far
18:47:30  INFO     [SK] 'EU AI Act' → 65 entries, 51 kept so far
18:47:30  INFO     [BG] 'EU AI Act' → 16 entries, 49 kept so far
18:47:30  INFO     [HR] 'EU AI Act' → 100 entries, 270 kept so far
18:47:31  INFO     [IE] 'EU AI Act' → 100 entries, 266 kept so far
18:47:31  INFO     [GR] 'generative AI' → 100 entries, 198 kept so far
18:47:31  INFO     [SK] 'generative AI' → 41 entries, 58 kept so far
18:47:32  INFO     [BG] 'generative AI' → 28 entries, 53 kept so far
18:47:32  INFO     [HR] 'generative AI' → 100 entries, 332 kept so far
18:47:32  INFO     [GR] +126 new articles saved
18:47:32  INFO     [SK] +27 new articles saved
18:47:32  INFO     [LT] 'artificial intelligence' → 75 entries, 27 kept so far
18:47:33  INFO     [IE] 'generative AI' → 100 entries, 329 kept so far
18:47:33  INFO     [SI] 'artificial intelligence' → 100 entries, 49 kept so far
18:47:33  INFO     [BG] +28 new articles saved
18:47:33  INFO     [HR] +280 new articles saved
18:47:33  INFO     [LV] 'artificial intelligence' → 66 entries, 21 kept so far
18:47:34  INFO     [EE] 'artificial intelligence' → 100 entries, 42 kept so far
18:47:34  INFO     [IE] +109 new articles saved
18:47:34  INFO     [LT] 'AI regulation' → 20 entries, 28 kept so far
18:47:34  INFO     [SI] 'AI regulation' → 7 entries, 49 kept so far
18:47:34  INFO     [CY] 'artificial intelligence' → 100 entries, 47 kept so far
18:47:34  INFO     [LV] 'AI regulation' → 6 entries, 21 kept so far
18:47:35  INFO     [EE] 'AI regulation' → 11 entries, 42 kept so far
18:47:35  INFO     [LT] 'machine learning' → 28 entries, 32 kept so far
18:47:35  INFO     [SI] 'machine learning' → 23 entries, 52 kept so far
18:47:35  INFO     [CY] 'AI regulation' → 63 entries, 103 kept so far
18:47:36  INFO     [LV] 'machine learning' → 10 entries, 22 kept so far
18:47:36  INFO     [EE] 'machine learning' → 20 entries, 48 kept so far
18:47:36  INFO     [LT] 'EU AI Act' → 23 entries, 34 kept so far
18:47:37  INFO     [SI] 'EU AI Act' → 27 entries, 57 kept so far
18:47:37  INFO     [LV] 'EU AI Act' → 7 entries, 22 kept so far
18:47:37  INFO     [CY] 'machine learning' → 97 entries, 134 kept so far
18:47:38  INFO     [EE] 'EU AI Act' → 14 entries, 49 kept so far
18:47:38  INFO     [LT] 'generative AI' → 22 entries, 42 kept so far
18:47:38  INFO     [SI] 'generative AI' → 13 entries, 58 kept so far
18:47:38  INFO     [LV] 'generative AI' → 9 entries, 25 kept so far
18:47:38  INFO     [CY] 'EU AI Act' → 60 entries, 152 kept so far
18:47:39  INFO     [LT] +14 new articles saved
18:47:39  INFO     [EE] 'generative AI' → 11 entries, 51 kept so far
18:47:39  INFO     [SI] +19 new articles saved
18:47:39  INFO     [LV] +9 new articles saved
18:47:39  INFO     [MT] 'artificial intelligence' → 100 entries, 69 kept so far
18:47:39  INFO     [LU] 'artificial intelligence' → 100 entries, 51 kept so far
18:47:40  INFO     [CY] 'generative AI' → 100 entries, 198 kept so far
18:47:40  INFO     [EE] +21 new articles saved
18:47:40  INFO     [MT] 'AI regulation' → 100 entries, 109 kept so far
18:47:41  INFO     [LU] 'AI regulation' → 100 entries, 109 kept so far
18:47:41  INFO     [CY] +0 new articles saved
18:47:42  INFO     [MT] 'machine learning' → 100 entries, 192 kept so far
18:47:43  INFO     [LU] 'machine learning' → 100 entries, 165 kept so far
18:47:43  INFO     [MT] 'EU AI Act' → 100 entries, 270 kept so far
18:47:44  INFO     [MT] 'generative AI' → 100 entries, 332 kept so far
18:47:44  INFO     [LU] 'EU AI Act' → 85 entries, 214 kept so far
18:47:45  INFO     [MT] +0 new articles saved
18:47:46  INFO     [LU] 'generative AI' → 100 entries, 248 kept so far
18:47:47  INFO     [LU] +0 new articles saved
18:47:47  INFO     Scrape complete. 1942 new articles this run.
