16:06:32  INFO     Starting scrape: 27 countries, 5 queries each
/home/runner/work/EU_AI_News/EU_AI_News/eu_ai_news_scraper.py:230: DeprecationWarning: datetime.datetime.utcnow() is deprecated and scheduled for removal in a future version. Use timezone-aware objects to represent datetimes in UTC: datetime.datetime.now(datetime.UTC).
  "scraped_at":   datetime.utcnow().isoformat(),
16:06:33  INFO     [DE] 'artificial intelligence' → 100 entries, 41 kept so far
16:06:33  INFO     [IT] 'artificial intelligence' → 100 entries, 21 kept so far
16:06:33  INFO     [PL] 'artificial intelligence' → 101 entries, 21 kept so far
16:06:33  INFO     [ES] 'artificial intelligence' → 100 entries, 51 kept so far
16:06:33  INFO     [FR] 'artificial intelligence' → 100 entries, 45 kept so far
16:06:34  INFO     [DE] 'AI regulation' → 100 entries, 119 kept so far
16:06:34  INFO     [IT] 'AI regulation' → 100 entries, 113 kept so far
16:06:34  INFO     [PL] 'AI regulation' → 79 entries, 80 kept so far
16:06:34  INFO     [ES] 'AI regulation' → 78 entries, 94 kept so far
16:06:35  INFO     [FR] 'AI regulation' → 98 entries, 130 kept so far
16:06:36  INFO     [DE] 'machine learning' → 100 entries, 170 kept so far
16:06:36  INFO     [IT] 'machine learning' → 100 entries, 182 kept so far
16:06:36  INFO     [PL] 'machine learning' → 100 entries, 127 kept so far
16:06:36  INFO     [FR] 'machine learning' → 100 entries, 185 kept so far
16:06:36  INFO     [ES] 'machine learning' → 100 entries, 169 kept so far
16:06:37  INFO     [DE] 'EU AI Act' → 100 entries, 249 kept so far
16:06:38  INFO     [IT] 'EU AI Act' → 100 entries, 228 kept so far
16:06:38  INFO     [PL] 'EU AI Act' → 78 entries, 149 kept so far
16:06:38  INFO     [FR] 'EU AI Act' → 92 entries, 223 kept so far
16:06:38  INFO     [ES] 'EU AI Act' → 78 entries, 195 kept so far
16:06:39  INFO     [DE] 'generative AI' → 100 entries, 269 kept so far
16:06:39  INFO     [IT] 'generative AI' → 100 entries, 265 kept so far
16:06:39  INFO     [PL] 'generative AI' → 100 entries, 179 kept so far
16:06:40  INFO     [FR] 'generative AI' → 100 entries, 245 kept so far
16:06:40  INFO     [ES] 'generative AI' → 100 entries, 239 kept so far
16:06:40  INFO     [DE] +185 new articles saved
16:06:40  INFO     [IT] +177 new articles saved
16:06:40  INFO     [PL] +103 new articles saved
16:06:41  INFO     [NL] 'artificial intelligence' → 100 entries, 20 kept so far
16:06:41  INFO     [FR] +139 new articles saved
16:06:41  INFO     [ES] +127 new articles saved
16:06:41  INFO     [BE] 'artificial intelligence' → 100 entries, 47 kept so far
16:06:41  INFO     [SE] 'artificial intelligence' → 100 entries, 10 kept so far
16:06:41  INFO     [DK] 'artificial intelligence' → 100 entries, 14 kept so far
16:06:41  INFO     [AT] 'artificial intelligence' → 100 entries, 40 kept so far
16:06:42  INFO     [NL] 'AI regulation' → 78 entries, 65 kept so far
16:06:43  INFO     [SE] 'AI regulation' → 77 entries, 20 kept so far
16:06:43  INFO     [BE] 'AI regulation' → 94 entries, 128 kept so far
16:06:43  INFO     [DK] 'AI regulation' → 37 entries, 21 kept so far
16:06:43  INFO     [AT] 'AI regulation' → 100 entries, 116 kept so far
16:06:44  INFO     [NL] 'machine learning' → 100 entries, 117 kept so far
16:06:44  INFO     [SE] 'machine learning' → 80 entries, 39 kept so far
16:06:44  INFO     [BE] 'machine learning' → 100 entries, 182 kept so far
16:06:45  INFO     [DK] 'machine learning' → 86 entries, 41 kept so far
16:06:45  INFO     [AT] 'machine learning' → 100 entries, 167 kept so far
16:06:45  INFO     [NL] 'EU AI Act' → 100 entries, 148 kept so far
16:06:46  INFO     [SE] 'EU AI Act' → 73 entries, 48 kept so far
16:06:46  INFO     [AT] 'EU AI Act' → 100 entries, 252 kept so far
16:06:46  INFO     [BE] 'EU AI Act' → 96 entries, 225 kept so far
16:06:46  INFO     [DK] 'EU AI Act' → 75 entries, 57 kept so far
16:06:47  INFO     [NL] 'generative AI' → 100 entries, 179 kept so far
16:06:47  INFO     [SE] 'generative AI' → 75 entries, 57 kept so far
16:06:48  INFO     [AT] 'generative AI' → 100 entries, 274 kept so far
16:06:48  INFO     [BE] 'generative AI' → 100 entries, 248 kept so far
16:06:48  INFO     [DK] 'generative AI' → 100 entries, 86 kept so far
16:06:48  INFO     [NL] +89 new articles saved
16:06:48  INFO     [SE] +26 new articles saved
16:06:49  INFO     [FI] 'artificial intelligence' → 100 entries, 56 kept so far
16:06:49  INFO     [AT] +59 new articles saved
16:06:49  INFO     [PT] 'artificial intelligence' → 100 entries, 58 kept so far
16:06:49  INFO     [BE] +23 new articles saved
16:06:49  INFO     [DK] +29 new articles saved
16:06:50  INFO     [RO] 'artificial intelligence' → 100 entries, 36 kept so far
16:06:50  INFO     [CZ] 'artificial intelligence' → 100 entries, 17 kept so far
16:06:50  INFO     [HU] 'artificial intelligence' → 100 entries, 22 kept so far
16:06:50  INFO     [FI] 'AI regulation' → 47 entries, 66 kept so far
16:06:51  INFO     [PT] 'AI regulation' → 79 entries, 92 kept so far
16:06:51  INFO     [RO] 'AI regulation' → 79 entries, 49 kept so far
16:06:51  INFO     [CZ] 'AI regulation' → 77 entries, 40 kept so far
16:06:51  INFO     [HU] 'AI regulation' → 78 entries, 27 kept so far
16:06:52  INFO     [FI] 'machine learning' → 89 entries, 116 kept so far
16:06:52  INFO     [PT] 'machine learning' → 100 entries, 174 kept so far
16:06:53  INFO     [CZ] 'machine learning' → 84 entries, 62 kept so far
16:06:53  INFO     [RO] 'machine learning' → 100 entries, 108 kept so far
16:06:53  INFO     [HU] 'machine learning' → 72 entries, 54 kept so far
16:06:53  INFO     [FI] 'EU AI Act' → 62 entries, 156 kept so far
16:06:54  INFO     [PT] 'EU AI Act' → 59 entries, 187 kept so far
16:06:55  INFO     [CZ] 'EU AI Act' → 72 entries, 75 kept so far
16:06:55  INFO     [RO] 'EU AI Act' → 78 entries, 134 kept so far
16:06:55  INFO     [HU] 'EU AI Act' → 79 entries, 81 kept so far
16:06:55  INFO     [FI] 'generative AI' → 66 entries, 196 kept so far
16:06:56  INFO     [PT] 'generative AI' → 100 entries, 218 kept so far
16:06:56  INFO     [FI] +105 new articles saved
16:06:56  INFO     [CZ] 'generative AI' → 79 entries, 95 kept so far
16:06:56  INFO     [RO] 'generative AI' → 89 entries, 163 kept so far
16:06:56  INFO     [HU] 'generative AI' → 79 entries, 104 kept so far
16:06:56  INFO     [GR] 'artificial intelligence' → 100 entries, 43 kept so far
16:06:57  INFO     [PT] +126 new articles saved
16:06:57  INFO     [CZ] +62 new articles saved
16:06:57  INFO     [RO] +97 new articles saved
16:06:57  INFO     [HU] +63 new articles saved
16:06:57  INFO     [SK] 'artificial intelligence' → 100 entries, 22 kept so far
16:06:58  INFO     [HR] 'artificial intelligence' → 101 entries, 47 kept so far
16:06:58  INFO     [BG] 'artificial intelligence' → 81 entries, 34 kept so far
16:06:58  INFO     [IE] 'artificial intelligence' → 102 entries, 55 kept so far
16:06:58  INFO     [GR] 'AI regulation' → 67 entries, 93 kept so far
16:06:59  INFO     [SK] 'AI regulation' → 18 entries, 25 kept so far
16:06:59  INFO     [BG] 'AI regulation' → 13 entries, 35 kept so far
16:06:59  INFO     [HR] 'AI regulation' → 100 entries, 78 kept so far
16:07:00  INFO     [IE] 'AI regulation' → 100 entries, 88 kept so far
16:07:00  INFO     [GR] 'machine learning' → 100 entries, 134 kept so far
16:07:00  INFO     [SK] 'machine learning' → 56 entries, 36 kept so far
16:07:01  INFO     [BG] 'machine learning' → 59 entries, 43 kept so far
16:07:01  INFO     [HR] 'machine learning' → 100 entries, 140 kept so far
16:07:01  INFO     [GR] 'EU AI Act' → 54 entries, 150 kept so far
16:07:01  INFO     [IE] 'machine learning' → 100 entries, 154 kept so far
16:07:02  INFO     [SK] 'EU AI Act' → 60 entries, 45 kept so far
16:07:02  INFO     [BG] 'EU AI Act' → 12 entries, 46 kept so far
16:07:03  INFO     [HR] 'EU AI Act' → 100 entries, 221 kept so far
16:07:03  INFO     [GR] 'generative AI' → 100 entries, 199 kept so far
16:07:03  INFO     [IE] 'EU AI Act' → 100 entries, 224 kept so far
16:07:03  INFO     [SK] 'generative AI' → 43 entries, 53 kept so far
16:07:03  INFO     [BG] 'generative AI' → 31 entries, 52 kept so far
16:07:04  INFO     [GR] +127 new articles saved
16:07:04  INFO     [HR] 'generative AI' → 100 entries, 283 kept so far
16:07:04  INFO     [SK] +24 new articles saved
16:07:04  INFO     [LT] 'artificial intelligence' → 85 entries, 29 kept so far
16:07:04  INFO     [BG] +30 new articles saved
16:07:05  INFO     [SI] 'artificial intelligence' → 100 entries, 57 kept so far
16:07:05  INFO     [IE] 'generative AI' → 100 entries, 282 kept so far
16:07:05  INFO     [LV] 'artificial intelligence' → 65 entries, 18 kept so far
16:07:05  INFO     [HR] +261 new articles saved
16:07:06  INFO     [LT] 'AI regulation' → 8 entries, 29 kept so far
16:07:06  INFO     [EE] 'artificial intelligence' → 100 entries, 50 kept so far
16:07:06  INFO     [IE] +100 new articles saved
16:07:06  INFO     [SI] 'AI regulation' → 3 entries, 57 kept so far
16:07:06  INFO     [LV] 'AI regulation' → 7 entries, 18 kept so far
16:07:06  INFO     [CY] 'artificial intelligence' → 100 entries, 43 kept so far
16:07:07  INFO     [LT] 'machine learning' → 22 entries, 31 kept so far
16:07:07  INFO     [EE] 'AI regulation' → 6 entries, 51 kept so far
16:07:07  INFO     [LV] 'machine learning' → 13 entries, 20 kept so far
16:07:07  INFO     [SI] 'machine learning' → 20 entries, 58 kept so far
16:07:08  INFO     [CY] 'AI regulation' → 67 entries, 93 kept so far
16:07:09  INFO     [LT] 'EU AI Act' → 17 entries, 32 kept so far
16:07:09  INFO     [EE] 'machine learning' → 16 entries, 53 kept so far
16:07:09  INFO     [LV] 'EU AI Act' → 6 entries, 20 kept so far
16:07:09  INFO     [SI] 'EU AI Act' → 24 entries, 63 kept so far
16:07:09  INFO     [CY] 'machine learning' → 100 entries, 134 kept so far
16:07:10  INFO     [LT] 'generative AI' → 18 entries, 38 kept so far
16:07:10  INFO     [EE] 'EU AI Act' → 9 entries, 54 kept so far
16:07:10  INFO     [LV] 'generative AI' → 9 entries, 21 kept so far
16:07:10  INFO     [SI] 'generative AI' → 13 entries, 65 kept so far
16:07:11  INFO     [CY] 'EU AI Act' → 54 entries, 150 kept so far
16:07:11  INFO     [LT] +14 new articles saved
16:07:11  INFO     [LV] +7 new articles saved
16:07:11  INFO     [SI] +30 new articles saved
16:07:11  INFO     [MT] 'artificial intelligence' → 101 entries, 47 kept so far
16:07:11  INFO     [EE] 'generative AI' → 11 entries, 57 kept so far
16:07:11  INFO     [LU] 'artificial intelligence' → 100 entries, 45 kept so far
16:07:12  INFO     [CY] 'generative AI' → 100 entries, 199 kept so far
16:07:12  INFO     [MT] 'AI regulation' → 100 entries, 78 kept so far
16:07:12  INFO     [EE] +32 new articles saved
16:07:13  INFO     [LU] 'AI regulation' → 98 entries, 130 kept so far
16:07:13  INFO     [CY] +0 new articles saved
16:07:14  INFO     [MT] 'machine learning' → 100 entries, 140 kept so far
16:07:14  INFO     [LU] 'machine learning' → 100 entries, 185 kept so far
16:07:15  INFO     [MT] 'EU AI Act' → 100 entries, 221 kept so far
16:07:16  INFO     [MT] 'generative AI' → 100 entries, 283 kept so far
16:07:16  INFO     [LU] 'EU AI Act' → 92 entries, 223 kept so far
16:07:17  INFO     [MT] +0 new articles saved
16:07:18  INFO     [LU] 'generative AI' → 100 entries, 245 kept so far
16:07:19  INFO     [LU] +0 new articles saved
16:07:19  INFO     Scrape complete. 2035 new articles this run.
