14:48:27  INFO     Starting scrape: 27 countries, 5 queries each
/home/runner/work/EU_AI_News/EU_AI_News/eu_ai_news_scraper.py:230: DeprecationWarning: datetime.datetime.utcnow() is deprecated and scheduled for removal in a future version. Use timezone-aware objects to represent datetimes in UTC: datetime.datetime.now(datetime.UTC).
  "scraped_at":   datetime.utcnow().isoformat(),
14:48:27  INFO     [DE] 'artificial intelligence' → 100 entries, 51 kept so far
14:48:27  INFO     [FR] 'artificial intelligence' → 92 entries, 44 kept so far
14:48:28  INFO     [PL] 'artificial intelligence' → 100 entries, 29 kept so far
14:48:28  INFO     [IT] 'artificial intelligence' → 100 entries, 38 kept so far
14:48:28  INFO     [ES] 'artificial intelligence' → 100 entries, 59 kept so far
14:48:29  INFO     [DE] 'AI regulation' → 97 entries, 129 kept so far
14:48:29  INFO     [FR] 'AI regulation' → 100 entries, 123 kept so far
14:48:29  INFO     [PL] 'AI regulation' → 100 entries, 90 kept so far
14:48:29  INFO     [IT] 'AI regulation' → 100 entries, 120 kept so far
14:48:29  INFO     [ES] 'AI regulation' → 77 entries, 97 kept so far
14:48:31  INFO     [DE] 'machine learning' → 100 entries, 174 kept so far
14:48:31  INFO     [FR] 'machine learning' → 100 entries, 178 kept so far
14:48:31  INFO     [IT] 'machine learning' → 100 entries, 198 kept so far
14:48:31  INFO     [PL] 'machine learning' → 100 entries, 131 kept so far
14:48:31  INFO     [ES] 'machine learning' → 100 entries, 169 kept so far
14:48:32  INFO     [DE] 'EU AI Act' → 100 entries, 245 kept so far
14:48:32  INFO     [FR] 'EU AI Act' → 86 entries, 227 kept so far
14:48:32  INFO     [PL] 'EU AI Act' → 74 entries, 148 kept so far
14:48:33  INFO     [IT] 'EU AI Act' → 100 entries, 275 kept so far
14:48:33  INFO     [ES] 'EU AI Act' → 75 entries, 196 kept so far
14:48:34  INFO     [DE] 'generative AI' → 100 entries, 266 kept so far
14:48:34  INFO     [FR] 'generative AI' → 100 entries, 259 kept so far
14:48:34  INFO     [PL] 'generative AI' → 100 entries, 182 kept so far
14:48:34  INFO     [IT] 'generative AI' → 100 entries, 312 kept so far
14:48:34  INFO     [ES] 'generative AI' → 100 entries, 236 kept so far
14:48:35  INFO     [DE] +150 new articles saved
14:48:35  INFO     [FR] +136 new articles saved
14:48:35  INFO     [PL] +101 new articles saved
14:48:35  INFO     [IT] +183 new articles saved
14:48:35  INFO     [NL] 'artificial intelligence' → 100 entries, 12 kept so far
14:48:36  INFO     [BE] 'artificial intelligence' → 100 entries, 47 kept so far
14:48:36  INFO     [ES] +112 new articles saved
14:48:36  INFO     [SE] 'artificial intelligence' → 100 entries, 8 kept so far
14:48:36  INFO     [AT] 'artificial intelligence' → 100 entries, 51 kept so far
14:48:36  INFO     [DK] 'artificial intelligence' → 100 entries, 11 kept so far
14:48:37  INFO     [NL] 'AI regulation' → 75 entries, 50 kept so far
14:48:37  INFO     [BE] 'AI regulation' → 100 entries, 129 kept so far
14:48:37  INFO     [SE] 'AI regulation' → 73 entries, 22 kept so far
14:48:37  INFO     [AT] 'AI regulation' → 100 entries, 129 kept so far
14:48:38  INFO     [DK] 'AI regulation' → 37 entries, 18 kept so far
14:48:38  INFO     [NL] 'machine learning' → 100 entries, 106 kept so far
14:48:39  INFO     [SE] 'machine learning' → 74 entries, 46 kept so far
14:48:39  INFO     [BE] 'machine learning' → 100 entries, 184 kept so far
14:48:39  INFO     [AT] 'machine learning' → 100 entries, 177 kept so far
14:48:40  INFO     [DK] 'machine learning' → 85 entries, 41 kept so far
14:48:40  INFO     [NL] 'EU AI Act' → 100 entries, 134 kept so far
14:48:40  INFO     [SE] 'EU AI Act' → 70 entries, 54 kept so far
14:48:40  INFO     [BE] 'EU AI Act' → 88 entries, 227 kept so far
14:48:41  INFO     [AT] 'EU AI Act' → 100 entries, 250 kept so far
14:48:41  INFO     [DK] 'EU AI Act' → 70 entries, 54 kept so far
14:48:42  INFO     [NL] 'generative AI' → 100 entries, 159 kept so far
14:48:42  INFO     [SE] 'generative AI' → 74 entries, 63 kept so far
14:48:42  INFO     [BE] 'generative AI' → 100 entries, 256 kept so far
14:48:42  INFO     [AT] 'generative AI' → 100 entries, 268 kept so far
14:48:43  INFO     [DK] 'generative AI' → 100 entries, 90 kept so far
14:48:43  INFO     [NL] +59 new articles saved
14:48:43  INFO     [SE] +18 new articles saved
14:48:43  INFO     [FI] 'artificial intelligence' → 100 entries, 61 kept so far
14:48:43  INFO     [BE] +22 new articles saved
14:48:43  INFO     [PT] 'artificial intelligence' → 100 entries, 67 kept so far
14:48:43  INFO     [AT] +42 new articles saved
14:48:44  INFO     [CZ] 'artificial intelligence' → 100 entries, 22 kept so far
14:48:44  INFO     [DK] +29 new articles saved
14:48:44  INFO     [RO] 'artificial intelligence' → 100 entries, 45 kept so far
14:48:44  INFO     [HU] 'artificial intelligence' → 100 entries, 21 kept so far
14:48:45  INFO     [FI] 'AI regulation' → 49 entries, 75 kept so far
14:48:45  INFO     [PT] 'AI regulation' → 76 entries, 100 kept so far
14:48:45  INFO     [CZ] 'AI regulation' → 77 entries, 43 kept so far
14:48:46  INFO     [RO] 'AI regulation' → 79 entries, 58 kept so far
14:48:46  INFO     [HU] 'AI regulation' → 79 entries, 26 kept so far
14:48:46  INFO     [FI] 'machine learning' → 90 entries, 112 kept so far
14:48:47  INFO     [PT] 'machine learning' → 100 entries, 175 kept so far
14:48:47  INFO     [CZ] 'machine learning' → 80 entries, 63 kept so far
14:48:47  INFO     [RO] 'machine learning' → 100 entries, 107 kept so far
14:48:48  INFO     [HU] 'machine learning' → 73 entries, 48 kept so far
14:48:48  INFO     [FI] 'EU AI Act' → 70 entries, 151 kept so far
14:48:49  INFO     [CZ] 'EU AI Act' → 73 entries, 71 kept so far
14:48:49  INFO     [PT] 'EU AI Act' → 60 entries, 183 kept so far
14:48:49  INFO     [RO] 'EU AI Act' → 78 entries, 137 kept so far
14:48:49  INFO     [HU] 'EU AI Act' → 76 entries, 66 kept so far
14:48:50  INFO     [FI] 'generative AI' → 66 entries, 190 kept so far
14:48:50  INFO     [CZ] 'generative AI' → 84 entries, 89 kept so far
14:48:50  INFO     [RO] 'generative AI' → 89 entries, 163 kept so far
14:48:50  INFO     [PT] 'generative AI' → 100 entries, 210 kept so far
14:48:51  INFO     [FI] +100 new articles saved
14:48:51  INFO     [HU] 'generative AI' → 71 entries, 89 kept so far
14:48:51  INFO     [CZ] +54 new articles saved
14:48:51  INFO     [GR] 'artificial intelligence' → 100 entries, 49 kept so far
14:48:51  INFO     [RO] +88 new articles saved
14:48:51  INFO     [PT] +103 new articles saved
14:48:52  INFO     [SK] 'artificial intelligence' → 100 entries, 21 kept so far
14:48:52  INFO     [HU] +44 new articles saved
14:48:52  INFO     [HR] 'artificial intelligence' → 102 entries, 44 kept so far
14:48:52  INFO     [IE] 'artificial intelligence' → 100 entries, 42 kept so far
14:48:52  INFO     [BG] 'artificial intelligence' → 85 entries, 35 kept so far
14:48:53  INFO     [GR] 'AI regulation' → 63 entries, 103 kept so far
14:48:53  INFO     [SK] 'AI regulation' → 20 entries, 25 kept so far
14:48:54  INFO     [HR] 'AI regulation' → 100 entries, 84 kept so far
14:48:54  INFO     [BG] 'AI regulation' → 11 entries, 36 kept so far
14:48:54  INFO     [IE] 'AI regulation' → 100 entries, 84 kept so far
14:48:54  INFO     [GR] 'machine learning' → 93 entries, 137 kept so far
14:48:55  INFO     [SK] 'machine learning' → 59 entries, 40 kept so far
14:48:55  INFO     [BG] 'machine learning' → 61 entries, 44 kept so far
14:48:55  INFO     [HR] 'machine learning' → 100 entries, 167 kept so far
14:48:56  INFO     [IE] 'machine learning' → 100 entries, 157 kept so far
14:48:56  INFO     [GR] 'EU AI Act' → 57 entries, 155 kept so far
14:48:56  INFO     [SK] 'EU AI Act' → 71 entries, 56 kept so far
14:48:57  INFO     [BG] 'EU AI Act' → 17 entries, 48 kept so far
14:48:57  INFO     [HR] 'EU AI Act' → 100 entries, 238 kept so far
14:48:57  INFO     [IE] 'EU AI Act' → 100 entries, 223 kept so far
14:48:58  INFO     [GR] 'generative AI' → 100 entries, 197 kept so far
14:48:58  INFO     [SK] 'generative AI' → 49 entries, 64 kept so far
14:48:58  INFO     [BG] 'generative AI' → 42 entries, 53 kept so far
14:48:59  INFO     [HR] 'generative AI' → 100 entries, 297 kept so far
14:48:59  INFO     [GR] +121 new articles saved
14:48:59  INFO     [SK] +26 new articles saved
14:48:59  INFO     [BG] +28 new articles saved
14:48:59  INFO     [LT] 'artificial intelligence' → 89 entries, 31 kept so far
14:48:59  INFO     [SI] 'artificial intelligence' → 100 entries, 50 kept so far
14:48:59  INFO     [IE] 'generative AI' → 100 entries, 279 kept so far
14:48:59  INFO     [LV] 'artificial intelligence' → 69 entries, 21 kept so far
14:49:00  INFO     [HR] +259 new articles saved
14:49:00  INFO     [EE] 'artificial intelligence' → 100 entries, 45 kept so far
14:49:00  INFO     [IE] +66 new articles saved
14:49:00  INFO     [LT] 'AI regulation' → 9 entries, 31 kept so far
14:49:00  INFO     [SI] 'AI regulation' → 5 entries, 50 kept so far
14:49:01  INFO     [LV] 'AI regulation' → 10 entries, 21 kept so far
14:49:01  INFO     [CY] 'artificial intelligence' → 100 entries, 49 kept so far
14:49:02  INFO     [EE] 'AI regulation' → 10 entries, 47 kept so far
14:49:02  INFO     [LT] 'machine learning' → 29 entries, 34 kept so far
14:49:02  INFO     [SI] 'machine learning' → 23 entries, 52 kept so far
14:49:02  INFO     [LV] 'machine learning' → 10 entries, 23 kept so far
14:49:03  INFO     [CY] 'AI regulation' → 63 entries, 103 kept so far
14:49:03  INFO     [EE] 'machine learning' → 17 entries, 50 kept so far
14:49:03  INFO     [LT] 'EU AI Act' → 23 entries, 35 kept so far
14:49:03  INFO     [LV] 'EU AI Act' → 7 entries, 23 kept so far
14:49:03  INFO     [SI] 'EU AI Act' → 40 entries, 61 kept so far
14:49:04  INFO     [CY] 'machine learning' → 93 entries, 137 kept so far
14:49:04  INFO     [EE] 'EU AI Act' → 17 entries, 52 kept so far
14:49:04  INFO     [LT] 'generative AI' → 24 entries, 43 kept so far
14:49:05  INFO     [LV] 'generative AI' → 9 entries, 25 kept so far
14:49:05  INFO     [SI] 'generative AI' → 12 entries, 62 kept so far
14:49:05  INFO     [LT] +15 new articles saved
14:49:06  INFO     [LV] +10 new articles saved
14:49:06  INFO     [CY] 'EU AI Act' → 57 entries, 155 kept so far
14:49:06  INFO     [SI] +24 new articles saved
14:49:06  INFO     [MT] 'artificial intelligence' → 102 entries, 44 kept so far
14:49:06  INFO     [EE] 'generative AI' → 13 entries, 56 kept so far
14:49:06  INFO     [LU] 'artificial intelligence' → 92 entries, 44 kept so far
14:49:07  INFO     [EE] +23 new articles saved
14:49:07  INFO     [MT] 'AI regulation' → 100 entries, 84 kept so far
14:49:07  INFO     [CY] 'generative AI' → 100 entries, 197 kept so far
14:49:08  INFO     [LU] 'AI regulation' → 100 entries, 123 kept so far
14:49:08  INFO     [CY] +0 new articles saved
14:49:08  INFO     [MT] 'machine learning' → 100 entries, 167 kept so far
14:49:09  INFO     [LU] 'machine learning' → 100 entries, 178 kept so far
14:49:09  INFO     [MT] 'EU AI Act' → 100 entries, 238 kept so far
14:49:11  INFO     [MT] 'generative AI' → 100 entries, 297 kept so far
14:49:11  INFO     [LU] 'EU AI Act' → 86 entries, 227 kept so far
14:49:12  INFO     [MT] +0 new articles saved
14:49:13  INFO     [LU] 'generative AI' → 100 entries, 259 kept so far
14:49:14  INFO     [LU] +0 new articles saved
14:49:14  INFO     Scrape complete. 1813 new articles this run.
