04:35:05  INFO     Starting scrape: 27 countries, 5 queries each
/home/runner/work/EU_AI_News/EU_AI_News/eu_ai_news_scraper.py:230: DeprecationWarning: datetime.datetime.utcnow() is deprecated and scheduled for removal in a future version. Use timezone-aware objects to represent datetimes in UTC: datetime.datetime.now(datetime.UTC).
  "scraped_at":   datetime.utcnow().isoformat(),
04:35:06  INFO     [DE] 'artificial intelligence' → 100 entries, 53 kept so far
04:35:06  INFO     [IT] 'artificial intelligence' → 100 entries, 33 kept so far
04:35:06  INFO     [FR] 'artificial intelligence' → 102 entries, 62 kept so far
04:35:06  INFO     [ES] 'artificial intelligence' → 100 entries, 57 kept so far
04:35:06  INFO     [PL] 'artificial intelligence' → 100 entries, 18 kept so far
04:35:07  INFO     [DE] 'AI regulation' → 100 entries, 131 kept so far
04:35:07  INFO     [IT] 'AI regulation' → 100 entries, 126 kept so far
04:35:07  INFO     [FR] 'AI regulation' → 100 entries, 151 kept so far
04:35:08  INFO     [PL] 'AI regulation' → 78 entries, 79 kept so far
04:35:08  INFO     [ES] 'AI regulation' → 78 entries, 96 kept so far
04:35:09  INFO     [DE] 'machine learning' → 100 entries, 184 kept so far
04:35:09  INFO     [FR] 'machine learning' → 100 entries, 210 kept so far
04:35:09  INFO     [PL] 'machine learning' → 100 entries, 131 kept so far
04:35:09  INFO     [IT] 'machine learning' → 100 entries, 202 kept so far
04:35:09  INFO     [ES] 'machine learning' → 100 entries, 168 kept so far
04:35:10  INFO     [DE] 'EU AI Act' → 100 entries, 256 kept so far
04:35:11  INFO     [FR] 'EU AI Act' → 94 entries, 252 kept so far
04:35:11  INFO     [IT] 'EU AI Act' → 100 entries, 247 kept so far
04:35:11  INFO     [PL] 'EU AI Act' → 78 entries, 148 kept so far
04:35:11  INFO     [ES] 'EU AI Act' → 78 entries, 197 kept so far
04:35:12  INFO     [FR] 'generative AI' → 100 entries, 282 kept so far
04:35:12  INFO     [IT] 'generative AI' → 100 entries, 286 kept so far
04:35:12  INFO     [PL] 'generative AI' → 100 entries, 183 kept so far
04:35:13  INFO     [ES] 'generative AI' → 100 entries, 246 kept so far
04:35:13  INFO     [DE] 'generative AI' → 100 entries, 286 kept so far
04:35:13  INFO     [FR] +178 new articles saved
04:35:13  INFO     [IT] +188 new articles saved
04:35:13  INFO     [PL] +107 new articles saved
04:35:14  INFO     [ES] +155 new articles saved
04:35:14  INFO     [DE] +209 new articles saved
04:35:14  INFO     [NL] 'artificial intelligence' → 100 entries, 12 kept so far
04:35:14  INFO     [SE] 'artificial intelligence' → 100 entries, 13 kept so far
04:35:14  INFO     [BE] 'artificial intelligence' → 100 entries, 70 kept so far
04:35:14  INFO     [AT] 'artificial intelligence' → 100 entries, 45 kept so far
04:35:14  INFO     [DK] 'artificial intelligence' → 100 entries, 17 kept so far
04:35:15  INFO     [NL] 'AI regulation' → 77 entries, 57 kept so far
04:35:16  INFO     [SE] 'AI regulation' → 74 entries, 28 kept so far
04:35:16  INFO     [BE] 'AI regulation' → 96 entries, 155 kept so far
04:35:16  INFO     [AT] 'AI regulation' → 100 entries, 121 kept so far
04:35:16  INFO     [DK] 'AI regulation' → 49 entries, 25 kept so far
04:35:17  INFO     [SE] 'machine learning' → 81 entries, 51 kept so far
04:35:17  INFO     [NL] 'machine learning' → 100 entries, 112 kept so far
04:35:17  INFO     [BE] 'machine learning' → 100 entries, 209 kept so far
04:35:18  INFO     [AT] 'machine learning' → 100 entries, 173 kept so far
04:35:18  INFO     [DK] 'machine learning' → 78 entries, 46 kept so far
04:35:19  INFO     [SE] 'EU AI Act' → 64 entries, 58 kept so far
04:35:19  INFO     [NL] 'EU AI Act' → 100 entries, 144 kept so far
04:35:19  INFO     [BE] 'EU AI Act' → 100 entries, 254 kept so far
04:35:19  INFO     [DK] 'EU AI Act' → 76 entries, 64 kept so far
04:35:19  INFO     [AT] 'EU AI Act' → 100 entries, 249 kept so far
04:35:20  INFO     [SE] 'generative AI' → 74 entries, 68 kept so far
04:35:20  INFO     [NL] 'generative AI' → 100 entries, 176 kept so far
04:35:20  INFO     [BE] 'generative AI' → 100 entries, 281 kept so far
04:35:21  INFO     [DK] 'generative AI' → 100 entries, 101 kept so far
04:35:21  INFO     [AT] 'generative AI' → 100 entries, 282 kept so far
04:35:21  INFO     [SE] +38 new articles saved
04:35:21  INFO     [NL] +85 new articles saved
04:35:21  INFO     [BE] +31 new articles saved
04:35:22  INFO     [FI] 'artificial intelligence' → 100 entries, 66 kept so far
04:35:22  INFO     [DK] +51 new articles saved
04:35:22  INFO     [PT] 'artificial intelligence' → 100 entries, 62 kept so far
04:35:22  INFO     [AT] +49 new articles saved
04:35:22  INFO     [CZ] 'artificial intelligence' → 100 entries, 20 kept so far
04:35:22  INFO     [RO] 'artificial intelligence' → 100 entries, 39 kept so far
04:35:23  INFO     [HU] 'artificial intelligence' → 100 entries, 21 kept so far
04:35:23  INFO     [FI] 'AI regulation' → 58 entries, 76 kept so far
04:35:24  INFO     [PT] 'AI regulation' → 77 entries, 99 kept so far
04:35:24  INFO     [CZ] 'AI regulation' → 77 entries, 42 kept so far
04:35:24  INFO     [RO] 'AI regulation' → 76 entries, 49 kept so far
04:35:24  INFO     [HU] 'AI regulation' → 78 entries, 25 kept so far
04:35:25  INFO     [FI] 'machine learning' → 80 entries, 120 kept so far
04:35:25  INFO     [CZ] 'machine learning' → 78 entries, 65 kept so far
04:35:25  INFO     [PT] 'machine learning' → 100 entries, 180 kept so far
04:35:26  INFO     [RO] 'machine learning' → 100 entries, 104 kept so far
04:35:26  INFO     [HU] 'machine learning' → 65 entries, 48 kept so far
04:35:26  INFO     [FI] 'EU AI Act' → 68 entries, 159 kept so far
04:35:27  INFO     [CZ] 'EU AI Act' → 73 entries, 79 kept so far
04:35:27  INFO     [PT] 'EU AI Act' → 64 entries, 193 kept so far
04:35:27  INFO     [RO] 'EU AI Act' → 77 entries, 134 kept so far
04:35:27  INFO     [HU] 'EU AI Act' → 79 entries, 71 kept so far
04:35:28  INFO     [FI] 'generative AI' → 69 entries, 201 kept so far
04:35:28  INFO     [CZ] 'generative AI' → 77 entries, 96 kept so far
04:35:28  INFO     [PT] 'generative AI' → 100 entries, 222 kept so far
04:35:29  INFO     [RO] 'generative AI' → 93 entries, 157 kept so far
04:35:29  INFO     [HU] 'generative AI' → 67 entries, 92 kept so far
04:35:29  INFO     [FI] +111 new articles saved
04:35:29  INFO     [CZ] +63 new articles saved
04:35:29  INFO     [GR] 'artificial intelligence' → 100 entries, 42 kept so far
04:35:29  INFO     [PT] +137 new articles saved
04:35:30  INFO     [SK] 'artificial intelligence' → 100 entries, 23 kept so far
04:35:30  INFO     [RO] +98 new articles saved
04:35:30  INFO     [HU] +57 new articles saved
04:35:30  INFO     [IE] 'artificial intelligence' → 100 entries, 54 kept so far
04:35:30  INFO     [BG] 'artificial intelligence' → 97 entries, 42 kept so far
04:35:30  INFO     [HR] 'artificial intelligence' → 102 entries, 54 kept so far
04:35:31  INFO     [GR] 'AI regulation' → 67 entries, 95 kept so far
04:35:31  INFO     [SK] 'AI regulation' → 29 entries, 26 kept so far
04:35:32  INFO     [BG] 'AI regulation' → 25 entries, 46 kept so far
04:35:32  INFO     [HR] 'AI regulation' → 100 entries, 105 kept so far
04:35:32  INFO     [IE] 'AI regulation' → 100 entries, 101 kept so far
04:35:33  INFO     [GR] 'machine learning' → 100 entries, 132 kept so far
04:35:33  INFO     [SK] 'machine learning' → 61 entries, 41 kept so far
04:35:33  INFO     [BG] 'machine learning' → 54 entries, 57 kept so far
04:35:34  INFO     [HR] 'machine learning' → 100 entries, 179 kept so far
04:35:34  INFO     [IE] 'machine learning' → 100 entries, 179 kept so far
04:35:34  INFO     [GR] 'EU AI Act' → 65 entries, 149 kept so far
04:35:34  INFO     [SK] 'EU AI Act' → 59 entries, 51 kept so far
04:35:34  INFO     [BG] 'EU AI Act' → 22 entries, 59 kept so far
04:35:35  INFO     [HR] 'EU AI Act' → 100 entries, 261 kept so far
04:35:35  INFO     [IE] 'EU AI Act' → 100 entries, 255 kept so far
04:35:36  INFO     [SK] 'generative AI' → 50 entries, 66 kept so far
04:35:36  INFO     [GR] 'generative AI' → 100 entries, 197 kept so far
04:35:36  INFO     [BG] 'generative AI' → 36 entries, 65 kept so far
04:35:37  INFO     [SK] +37 new articles saved
04:35:37  INFO     [GR] +137 new articles saved
04:35:37  INFO     [BG] +42 new articles saved
04:35:37  INFO     [HR] 'generative AI' → 100 entries, 334 kept so far
04:35:37  INFO     [LT] 'artificial intelligence' → 83 entries, 26 kept so far
04:35:37  INFO     [SI] 'artificial intelligence' → 100 entries, 41 kept so far
04:35:37  INFO     [IE] 'generative AI' → 100 entries, 328 kept so far
04:35:37  INFO     [LV] 'artificial intelligence' → 73 entries, 23 kept so far
04:35:38  INFO     [HR] +302 new articles saved
04:35:38  INFO     [IE] +121 new articles saved
04:35:38  INFO     [LT] 'AI regulation' → 9 entries, 26 kept so far
04:35:38  INFO     [EE] 'artificial intelligence' → 95 entries, 47 kept so far
04:35:38  INFO     [SI] 'AI regulation' → 5 entries, 41 kept so far
04:35:39  INFO     [LV] 'AI regulation' → 4 entries, 23 kept so far
04:35:39  INFO     [CY] 'artificial intelligence' → 100 entries, 42 kept so far
04:35:40  INFO     [LT] 'machine learning' → 35 entries, 29 kept so far
04:35:40  INFO     [SI] 'machine learning' → 21 entries, 43 kept so far
04:35:40  INFO     [EE] 'AI regulation' → 4 entries, 47 kept so far
04:35:40  INFO     [LV] 'machine learning' → 11 entries, 27 kept so far
04:35:40  INFO     [CY] 'AI regulation' → 67 entries, 95 kept so far
04:35:41  INFO     [LT] 'EU AI Act' → 19 entries, 30 kept so far
04:35:41  INFO     [SI] 'EU AI Act' → 24 entries, 49 kept so far
04:35:41  INFO     [LV] 'EU AI Act' → 7 entries, 28 kept so far
04:35:41  INFO     [EE] 'machine learning' → 23 entries, 49 kept so far
04:35:42  INFO     [CY] 'machine learning' → 100 entries, 132 kept so far
04:35:42  INFO     [LT] 'generative AI' → 16 entries, 36 kept so far
04:35:42  INFO     [SI] 'generative AI' → 15 entries, 51 kept so far
04:35:42  INFO     [LV] 'generative AI' → 10 entries, 29 kept so far
04:35:42  INFO     [EE] 'EU AI Act' → 8 entries, 49 kept so far
04:35:43  INFO     [CY] 'EU AI Act' → 65 entries, 149 kept so far
04:35:43  INFO     [LT] +13 new articles saved
04:35:43  INFO     [SI] +20 new articles saved
04:35:43  INFO     [LV] +14 new articles saved
04:35:44  INFO     [MT] 'artificial intelligence' → 102 entries, 54 kept so far
04:35:44  INFO     [EE] 'generative AI' → 10 entries, 51 kept so far
04:35:44  INFO     [LU] 'artificial intelligence' → 102 entries, 63 kept so far
04:35:45  INFO     [CY] 'generative AI' → 100 entries, 197 kept so far
04:35:45  INFO     [MT] 'AI regulation' → 100 entries, 105 kept so far
04:35:45  INFO     [EE] +29 new articles saved
04:35:45  INFO     [LU] 'AI regulation' → 100 entries, 152 kept so far
04:35:46  INFO     [CY] +0 new articles saved
04:35:46  INFO     [MT] 'machine learning' → 100 entries, 179 kept so far
04:35:47  INFO     [LU] 'machine learning' → 100 entries, 211 kept so far
04:35:47  INFO     [MT] 'EU AI Act' → 100 entries, 261 kept so far
04:35:48  INFO     [MT] 'generative AI' → 100 entries, 334 kept so far
04:35:48  INFO     [LU] 'EU AI Act' → 94 entries, 253 kept so far
04:35:49  INFO     [MT] +0 new articles saved
04:35:50  INFO     [LU] 'generative AI' → 100 entries, 283 kept so far
04:35:51  INFO     [LU] +0 new articles saved
04:35:51  INFO     Scrape complete. 2272 new articles this run.
