23:07:02  INFO     Starting scrape: 27 countries, 5 queries each
23:07:03  INFO     [FR] 'artificial intelligence' → 102 entries, 60 kept so far
/home/runner/work/EU_AI_News/EU_AI_News/eu_ai_news_scraper.py:230: DeprecationWarning: datetime.datetime.utcnow() is deprecated and scheduled for removal in a future version. Use timezone-aware objects to represent datetimes in UTC: datetime.datetime.now(datetime.UTC).
  "scraped_at":   datetime.utcnow().isoformat(),
23:07:03  INFO     [IT] 'artificial intelligence' → 100 entries, 44 kept so far
23:07:03  INFO     [PL] 'artificial intelligence' → 100 entries, 16 kept so far
23:07:03  INFO     [ES] 'artificial intelligence' → 100 entries, 59 kept so far
23:07:03  INFO     [DE] 'artificial intelligence' → 102 entries, 54 kept so far
23:07:05  INFO     [PL] 'AI regulation' → 78 entries, 78 kept so far
23:07:05  INFO     [FR] 'AI regulation' → 100 entries, 151 kept so far
23:07:05  INFO     [IT] 'AI regulation' → 100 entries, 133 kept so far
23:07:05  INFO     [ES] 'AI regulation' → 78 entries, 103 kept so far
23:07:05  INFO     [DE] 'AI regulation' → 100 entries, 134 kept so far
23:07:06  INFO     [PL] 'machine learning' → 100 entries, 124 kept so far
23:07:06  INFO     [FR] 'machine learning' → 100 entries, 210 kept so far
23:07:06  INFO     [DE] 'machine learning' → 100 entries, 186 kept so far
23:07:06  INFO     [ES] 'machine learning' → 100 entries, 172 kept so far
23:07:06  INFO     [IT] 'machine learning' → 100 entries, 214 kept so far
23:07:08  INFO     [PL] 'EU AI Act' → 78 entries, 140 kept so far
23:07:08  INFO     [FR] 'EU AI Act' → 100 entries, 257 kept so far
23:07:08  INFO     [DE] 'EU AI Act' → 100 entries, 259 kept so far
23:07:08  INFO     [IT] 'EU AI Act' → 100 entries, 276 kept so far
23:07:08  INFO     [ES] 'EU AI Act' → 77 entries, 199 kept so far
23:07:09  INFO     [PL] 'generative AI' → 100 entries, 171 kept so far
23:07:10  INFO     [DE] 'generative AI' → 100 entries, 284 kept so far
23:07:10  INFO     [FR] 'generative AI' → 100 entries, 284 kept so far
23:07:10  INFO     [IT] 'generative AI' → 100 entries, 329 kept so far
23:07:10  INFO     [ES] 'generative AI' → 100 entries, 242 kept so far
23:07:10  INFO     [PL] +99 new articles saved
23:07:11  INFO     [DE] +209 new articles saved
23:07:11  INFO     [FR] +185 new articles saved
23:07:11  INFO     [IT] +234 new articles saved
23:07:11  INFO     [ES] +172 new articles saved
23:07:11  INFO     [NL] 'artificial intelligence' → 100 entries, 17 kept so far
23:07:11  INFO     [SE] 'artificial intelligence' → 100 entries, 8 kept so far
23:07:11  INFO     [BE] 'artificial intelligence' → 100 entries, 69 kept so far
23:07:11  INFO     [AT] 'artificial intelligence' → 100 entries, 50 kept so far
23:07:12  INFO     [DK] 'artificial intelligence' → 100 entries, 21 kept so far
23:07:13  INFO     [SE] 'AI regulation' → 77 entries, 23 kept so far
23:07:13  INFO     [NL] 'AI regulation' → 79 entries, 66 kept so far
23:07:13  INFO     [BE] 'AI regulation' → 100 entries, 158 kept so far
23:07:13  INFO     [AT] 'AI regulation' → 100 entries, 127 kept so far
23:07:13  INFO     [DK] 'AI regulation' → 47 entries, 27 kept so far
23:07:14  INFO     [SE] 'machine learning' → 87 entries, 44 kept so far
23:07:14  INFO     [NL] 'machine learning' → 100 entries, 112 kept so far
23:07:15  INFO     [BE] 'machine learning' → 100 entries, 218 kept so far
23:07:15  INFO     [AT] 'machine learning' → 100 entries, 182 kept so far
23:07:15  INFO     [DK] 'machine learning' → 80 entries, 46 kept so far
23:07:16  INFO     [SE] 'EU AI Act' → 66 entries, 54 kept so far
23:07:16  INFO     [NL] 'EU AI Act' → 100 entries, 144 kept so far
23:07:16  INFO     [BE] 'EU AI Act' → 100 entries, 265 kept so far
23:07:16  INFO     [DK] 'EU AI Act' → 75 entries, 61 kept so far
23:07:16  INFO     [AT] 'EU AI Act' → 100 entries, 260 kept so far
23:07:17  INFO     [SE] 'generative AI' → 78 entries, 68 kept so far
23:07:17  INFO     [NL] 'generative AI' → 100 entries, 177 kept so far
23:07:18  INFO     [BE] 'generative AI' → 100 entries, 293 kept so far
23:07:18  INFO     [DK] 'generative AI' → 90 entries, 89 kept so far
23:07:18  INFO     [AT] 'generative AI' → 100 entries, 287 kept so far
23:07:18  INFO     [SE] +40 new articles saved
23:07:18  INFO     [NL] +97 new articles saved
23:07:19  INFO     [FI] 'artificial intelligence' → 100 entries, 59 kept so far
23:07:19  INFO     [BE] +30 new articles saved
23:07:19  INFO     [DK] +48 new articles saved
23:07:19  INFO     [AT] +41 new articles saved
23:07:19  INFO     [PT] 'artificial intelligence' → 100 entries, 53 kept so far
23:07:19  INFO     [RO] 'artificial intelligence' → 100 entries, 36 kept so far
23:07:19  INFO     [CZ] 'artificial intelligence' → 100 entries, 16 kept so far
23:07:20  INFO     [HU] 'artificial intelligence' → 100 entries, 17 kept so far
23:07:20  INFO     [FI] 'AI regulation' → 60 entries, 75 kept so far
23:07:21  INFO     [PT] 'AI regulation' → 77 entries, 92 kept so far
23:07:21  INFO     [CZ] 'AI regulation' → 77 entries, 38 kept so far
23:07:21  INFO     [RO] 'AI regulation' → 77 entries, 46 kept so far
23:07:21  INFO     [HU] 'AI regulation' → 78 entries, 20 kept so far
23:07:22  INFO     [FI] 'machine learning' → 97 entries, 119 kept so far
23:07:23  INFO     [CZ] 'machine learning' → 78 entries, 59 kept so far
23:07:23  INFO     [PT] 'machine learning' → 100 entries, 165 kept so far
23:07:23  INFO     [HU] 'machine learning' → 78 entries, 41 kept so far
23:07:23  INFO     [RO] 'machine learning' → 100 entries, 108 kept so far
23:07:24  INFO     [FI] 'EU AI Act' → 63 entries, 155 kept so far
23:07:24  INFO     [CZ] 'EU AI Act' → 75 entries, 77 kept so far
23:07:24  INFO     [HU] 'EU AI Act' → 79 entries, 65 kept so far
23:07:24  INFO     [PT] 'EU AI Act' → 77 entries, 182 kept so far
23:07:24  INFO     [RO] 'EU AI Act' → 77 entries, 132 kept so far
23:07:25  INFO     [FI] 'generative AI' → 72 entries, 198 kept so far
23:07:26  INFO     [CZ] 'generative AI' → 76 entries, 98 kept so far
23:07:26  INFO     [HU] 'generative AI' → 71 entries, 88 kept so far
23:07:26  INFO     [RO] 'generative AI' → 99 entries, 155 kept so far
23:07:26  INFO     [PT] 'generative AI' → 100 entries, 219 kept so far
23:07:26  INFO     [FI] +119 new articles saved
23:07:27  INFO     [CZ] +68 new articles saved
23:07:27  INFO     [GR] 'artificial intelligence' → 100 entries, 43 kept so far
23:07:27  INFO     [HU] +53 new articles saved
23:07:27  INFO     [RO] +103 new articles saved
23:07:27  INFO     [PT] +150 new articles saved
23:07:27  INFO     [SK] 'artificial intelligence' → 100 entries, 23 kept so far
23:07:28  INFO     [HR] 'artificial intelligence' → 100 entries, 67 kept so far
23:07:28  INFO     [IE] 'artificial intelligence' → 100 entries, 63 kept so far
23:07:28  INFO     [BG] 'artificial intelligence' → 98 entries, 42 kept so far
23:07:28  INFO     [GR] 'AI regulation' → 72 entries, 94 kept so far
23:07:29  INFO     [SK] 'AI regulation' → 50 entries, 29 kept so far
23:07:29  INFO     [BG] 'AI regulation' → 11 entries, 42 kept so far
23:07:29  INFO     [HR] 'AI regulation' → 100 entries, 113 kept so far
23:07:29  INFO     [IE] 'AI regulation' → 100 entries, 112 kept so far
23:07:30  INFO     [GR] 'machine learning' → 100 entries, 133 kept so far
23:07:30  INFO     [SK] 'machine learning' → 59 entries, 42 kept so far
23:07:31  INFO     [BG] 'machine learning' → 56 entries, 50 kept so far
23:07:31  INFO     [HR] 'machine learning' → 100 entries, 173 kept so far
23:07:31  INFO     [IE] 'machine learning' → 100 entries, 171 kept so far
23:07:32  INFO     [GR] 'EU AI Act' → 61 entries, 152 kept so far
23:07:32  INFO     [SK] 'EU AI Act' → 63 entries, 53 kept so far
23:07:32  INFO     [BG] 'EU AI Act' → 19 entries, 55 kept so far
23:07:33  INFO     [HR] 'EU AI Act' → 100 entries, 261 kept so far
23:07:33  INFO     [IE] 'EU AI Act' → 100 entries, 252 kept so far
23:07:33  INFO     [GR] 'generative AI' → 100 entries, 199 kept so far
23:07:33  INFO     [SK] 'generative AI' → 47 entries, 64 kept so far
23:07:34  INFO     [BG] 'generative AI' → 33 entries, 61 kept so far
23:07:34  INFO     [GR] +139 new articles saved
23:07:34  INFO     [SK] +37 new articles saved
23:07:34  INFO     [HR] 'generative AI' → 100 entries, 319 kept so far
23:07:35  INFO     [BG] +39 new articles saved
23:07:35  INFO     [LT] 'artificial intelligence' → 90 entries, 28 kept so far
23:07:35  INFO     [SI] 'artificial intelligence' → 100 entries, 44 kept so far
23:07:35  INFO     [IE] 'generative AI' → 100 entries, 309 kept so far
23:07:35  INFO     [LV] 'artificial intelligence' → 65 entries, 25 kept so far
23:07:35  INFO     [HR] +306 new articles saved
23:07:36  INFO     [IE] +103 new articles saved
23:07:36  INFO     [EE] 'artificial intelligence' → 91 entries, 42 kept so far
23:07:36  INFO     [LT] 'AI regulation' → 11 entries, 28 kept so far
23:07:36  INFO     [SI] 'AI regulation' → 6 entries, 44 kept so far
23:07:36  INFO     [CY] 'artificial intelligence' → 100 entries, 43 kept so far
23:07:36  INFO     [LV] 'AI regulation' → 4 entries, 25 kept so far
23:07:37  INFO     [LT] 'machine learning' → 37 entries, 33 kept so far
23:07:38  INFO     [SI] 'machine learning' → 22 entries, 46 kept so far
23:07:38  INFO     [EE] 'AI regulation' → 7 entries, 42 kept so far
23:07:38  INFO     [CY] 'AI regulation' → 72 entries, 94 kept so far
23:07:38  INFO     [LV] 'machine learning' → 15 entries, 28 kept so far
23:07:39  INFO     [LT] 'EU AI Act' → 21 entries, 34 kept so far
23:07:39  INFO     [SI] 'EU AI Act' → 24 entries, 51 kept so far
23:07:39  INFO     [EE] 'machine learning' → 16 entries, 43 kept so far
23:07:39  INFO     [LV] 'EU AI Act' → 8 entries, 28 kept so far
23:07:39  INFO     [CY] 'machine learning' → 100 entries, 133 kept so far
23:07:40  INFO     [LT] 'generative AI' → 17 entries, 40 kept so far
23:07:40  INFO     [SI] 'generative AI' → 13 entries, 52 kept so far
23:07:40  INFO     [EE] 'EU AI Act' → 14 entries, 45 kept so far
23:07:41  INFO     [LV] 'generative AI' → 9 entries, 29 kept so far
23:07:41  INFO     [CY] 'EU AI Act' → 61 entries, 152 kept so far
23:07:41  INFO     [LT] +19 new articles saved
23:07:41  INFO     [SI] +25 new articles saved
23:07:42  INFO     [MT] 'artificial intelligence' → 100 entries, 67 kept so far
23:07:42  INFO     [LU] 'artificial intelligence' → 102 entries, 60 kept so far
23:07:42  INFO     [LV] +15 new articles saved
23:07:42  INFO     [EE] 'generative AI' → 12 entries, 46 kept so far
23:07:43  INFO     [CY] 'generative AI' → 100 entries, 199 kept so far
23:07:43  INFO     [MT] 'AI regulation' → 100 entries, 113 kept so far
23:07:43  INFO     [EE] +26 new articles saved
23:07:43  INFO     [LU] 'AI regulation' → 100 entries, 151 kept so far
23:07:44  INFO     [CY] +0 new articles saved
23:07:44  INFO     [MT] 'machine learning' → 100 entries, 173 kept so far
23:07:45  INFO     [LU] 'machine learning' → 100 entries, 210 kept so far
23:07:45  INFO     [MT] 'EU AI Act' → 100 entries, 261 kept so far
23:07:46  INFO     [MT] 'generative AI' → 100 entries, 319 kept so far
23:07:47  INFO     [LU] 'EU AI Act' → 100 entries, 257 kept so far
23:07:47  INFO     [MT] +0 new articles saved
23:07:48  INFO     [LU] 'generative AI' → 100 entries, 284 kept so far
23:07:49  INFO     [LU] +0 new articles saved
23:07:49  INFO     Scrape complete. 2357 new articles this run.
