02:57:46  INFO     Starting scrape: 27 countries, 5 queries each
/home/runner/work/EU_AI_News/EU_AI_News/eu_ai_news_scraper.py:230: DeprecationWarning: datetime.datetime.utcnow() is deprecated and scheduled for removal in a future version. Use timezone-aware objects to represent datetimes in UTC: datetime.datetime.now(datetime.UTC).
  "scraped_at":   datetime.utcnow().isoformat(),
02:57:46  INFO     [DE] 'artificial intelligence' → 100 entries, 52 kept so far
02:57:46  INFO     [FR] 'artificial intelligence' → 102 entries, 51 kept so far
02:57:46  INFO     [PL] 'artificial intelligence' → 100 entries, 15 kept so far
02:57:46  INFO     [IT] 'artificial intelligence' → 100 entries, 35 kept so far
02:57:46  INFO     [ES] 'artificial intelligence' → 100 entries, 58 kept so far
02:57:48  INFO     [DE] 'AI regulation' → 92 entries, 125 kept so far
02:57:48  INFO     [FR] 'AI regulation' → 100 entries, 125 kept so far
02:57:48  INFO     [PL] 'AI regulation' → 100 entries, 82 kept so far
02:57:48  INFO     [IT] 'AI regulation' → 100 entries, 115 kept so far
02:57:48  INFO     [ES] 'AI regulation' → 77 entries, 92 kept so far
02:57:49  INFO     [DE] 'machine learning' → 100 entries, 168 kept so far
02:57:50  INFO     [IT] 'machine learning' → 100 entries, 186 kept so far
02:57:50  INFO     [FR] 'machine learning' → 100 entries, 182 kept so far
02:57:50  INFO     [PL] 'machine learning' → 100 entries, 120 kept so far
02:57:50  INFO     [ES] 'machine learning' → 100 entries, 163 kept so far
02:57:51  INFO     [DE] 'EU AI Act' → 100 entries, 252 kept so far
02:57:51  INFO     [FR] 'EU AI Act' → 78 entries, 225 kept so far
02:57:51  INFO     [PL] 'EU AI Act' → 78 entries, 136 kept so far
02:57:51  INFO     [IT] 'EU AI Act' → 100 entries, 254 kept so far
02:57:51  INFO     [ES] 'EU AI Act' → 78 entries, 188 kept so far
02:57:52  INFO     [DE] 'generative AI' → 100 entries, 272 kept so far
02:57:53  INFO     [FR] 'generative AI' → 100 entries, 253 kept so far
02:57:53  INFO     [PL] 'generative AI' → 100 entries, 171 kept so far
02:57:53  INFO     [IT] 'generative AI' → 100 entries, 292 kept so far
02:57:53  INFO     [ES] 'generative AI' → 100 entries, 226 kept so far
02:57:53  INFO     [DE] +165 new articles saved
02:57:54  INFO     [FR] +126 new articles saved
02:57:54  INFO     [PL] +79 new articles saved
02:57:54  INFO     [NL] 'artificial intelligence' → 100 entries, 10 kept so far
02:57:54  INFO     [IT] +147 new articles saved
02:57:54  INFO     [ES] +98 new articles saved
02:57:54  INFO     [SE] 'artificial intelligence' → 100 entries, 9 kept so far
02:57:54  INFO     [BE] 'artificial intelligence' → 100 entries, 65 kept so far
02:57:54  INFO     [DK] 'artificial intelligence' → 100 entries, 11 kept so far
02:57:55  INFO     [AT] 'artificial intelligence' → 100 entries, 43 kept so far
02:57:55  INFO     [NL] 'AI regulation' → 78 entries, 47 kept so far
02:57:56  INFO     [SE] 'AI regulation' → 78 entries, 25 kept so far
02:57:56  INFO     [DK] 'AI regulation' → 32 entries, 17 kept so far
02:57:56  INFO     [BE] 'AI regulation' → 100 entries, 149 kept so far
02:57:56  INFO     [AT] 'AI regulation' → 94 entries, 115 kept so far
02:57:57  INFO     [NL] 'machine learning' → 100 entries, 101 kept so far
02:57:57  INFO     [SE] 'machine learning' → 71 entries, 47 kept so far
02:57:57  INFO     [DK] 'machine learning' → 81 entries, 42 kept so far
02:57:58  INFO     [BE] 'machine learning' → 100 entries, 204 kept so far
02:57:58  INFO     [AT] 'machine learning' → 100 entries, 162 kept so far
02:57:59  INFO     [NL] 'EU AI Act' → 100 entries, 130 kept so far
02:57:59  INFO     [SE] 'EU AI Act' → 78 entries, 55 kept so far
02:57:59  INFO     [DK] 'EU AI Act' → 76 entries, 58 kept so far
02:57:59  INFO     [BE] 'EU AI Act' → 78 entries, 234 kept so far
02:57:59  INFO     [AT] 'EU AI Act' → 100 entries, 250 kept so far
02:58:00  INFO     [NL] 'generative AI' → 100 entries, 158 kept so far
02:58:00  INFO     [SE] 'generative AI' → 78 entries, 67 kept so far
02:58:01  INFO     [DK] 'generative AI' → 100 entries, 90 kept so far
02:58:01  INFO     [BE] 'generative AI' → 100 entries, 259 kept so far
02:58:01  INFO     [AT] 'generative AI' → 100 entries, 269 kept so far
02:58:01  INFO     [NL] +51 new articles saved
02:58:01  INFO     [SE] +26 new articles saved
02:58:02  INFO     [FI] 'artificial intelligence' → 100 entries, 53 kept so far
02:58:02  INFO     [DK] +24 new articles saved
02:58:02  INFO     [BE] +22 new articles saved
02:58:02  INFO     [PT] 'artificial intelligence' → 100 entries, 63 kept so far
02:58:02  INFO     [AT] +26 new articles saved
02:58:02  INFO     [CZ] 'artificial intelligence' → 100 entries, 20 kept so far
02:58:03  INFO     [RO] 'artificial intelligence' → 100 entries, 39 kept so far
02:58:03  INFO     [HU] 'artificial intelligence' → 100 entries, 17 kept so far
02:58:03  INFO     [FI] 'AI regulation' → 50 entries, 67 kept so far
02:58:04  INFO     [CZ] 'AI regulation' → 78 entries, 36 kept so far
02:58:04  INFO     [PT] 'AI regulation' → 79 entries, 91 kept so far
02:58:04  INFO     [RO] 'AI regulation' → 75 entries, 49 kept so far
02:58:04  INFO     [HU] 'AI regulation' → 79 entries, 21 kept so far
02:58:05  INFO     [FI] 'machine learning' → 86 entries, 103 kept so far
02:58:05  INFO     [CZ] 'machine learning' → 77 entries, 55 kept so far
02:58:06  INFO     [PT] 'machine learning' → 100 entries, 163 kept so far
02:58:06  INFO     [RO] 'machine learning' → 100 entries, 98 kept so far
02:58:06  INFO     [HU] 'machine learning' → 70 entries, 45 kept so far
02:58:06  INFO     [FI] 'EU AI Act' → 76 entries, 143 kept so far
02:58:07  INFO     [CZ] 'EU AI Act' → 77 entries, 66 kept so far
02:58:07  INFO     [PT] 'EU AI Act' → 44 entries, 170 kept so far
02:58:07  INFO     [RO] 'EU AI Act' → 79 entries, 108 kept so far
02:58:08  INFO     [HU] 'EU AI Act' → 78 entries, 63 kept so far
02:58:08  INFO     [FI] 'generative AI' → 59 entries, 177 kept so far
02:58:08  INFO     [CZ] 'generative AI' → 82 entries, 81 kept so far
02:58:09  INFO     [PT] 'generative AI' → 100 entries, 199 kept so far
02:58:09  INFO     [RO] 'generative AI' → 77 entries, 130 kept so far
02:58:09  INFO     [FI] +81 new articles saved
02:58:09  INFO     [HU] 'generative AI' → 71 entries, 87 kept so far
02:58:09  INFO     [GR] 'artificial intelligence' → 100 entries, 48 kept so far
02:58:09  INFO     [CZ] +43 new articles saved
02:58:10  INFO     [PT] +89 new articles saved
02:58:10  INFO     [RO] +52 new articles saved
02:58:10  INFO     [SK] 'artificial intelligence' → 100 entries, 23 kept so far
02:58:10  INFO     [HU] +38 new articles saved
02:58:10  INFO     [IE] 'artificial intelligence' → 100 entries, 65 kept so far
02:58:10  INFO     [HR] 'artificial intelligence' → 102 entries, 58 kept so far
02:58:11  INFO     [BG] 'artificial intelligence' → 64 entries, 30 kept so far
02:58:11  INFO     [GR] 'AI regulation' → 59 entries, 98 kept so far
02:58:11  INFO     [SK] 'AI regulation' → 22 entries, 26 kept so far
02:58:12  INFO     [HR] 'AI regulation' → 100 entries, 95 kept so far
02:58:12  INFO     [IE] 'AI regulation' → 100 entries, 106 kept so far
02:58:12  INFO     [BG] 'AI regulation' → 8 entries, 30 kept so far
02:58:13  INFO     [GR] 'machine learning' → 84 entries, 132 kept so far
02:58:13  INFO     [SK] 'machine learning' → 69 entries, 45 kept so far
02:58:13  INFO     [BG] 'machine learning' → 56 entries, 41 kept so far
02:58:13  INFO     [HR] 'machine learning' → 100 entries, 168 kept so far
02:58:14  INFO     [IE] 'machine learning' → 100 entries, 169 kept so far
02:58:14  INFO     [GR] 'EU AI Act' → 58 entries, 150 kept so far
02:58:14  INFO     [SK] 'EU AI Act' → 64 entries, 62 kept so far
02:58:15  INFO     [BG] 'EU AI Act' → 8 entries, 43 kept so far
02:58:15  INFO     [HR] 'EU AI Act' → 100 entries, 251 kept so far
02:58:15  INFO     [IE] 'EU AI Act' → 100 entries, 244 kept so far
02:58:16  INFO     [GR] 'generative AI' → 100 entries, 192 kept so far
02:58:16  INFO     [SK] 'generative AI' → 48 entries, 72 kept so far
02:58:16  INFO     [BG] 'generative AI' → 28 entries, 50 kept so far
02:58:17  INFO     [HR] 'generative AI' → 100 entries, 312 kept so far
02:58:17  INFO     [GR] +110 new articles saved
02:58:17  INFO     [SK] +31 new articles saved
02:58:17  INFO     [IE] 'generative AI' → 100 entries, 303 kept so far
02:58:17  INFO     [BG] +27 new articles saved
02:58:17  INFO     [LT] 'artificial intelligence' → 87 entries, 33 kept so far
02:58:17  INFO     [SI] 'artificial intelligence' → 100 entries, 48 kept so far
02:58:17  INFO     [LV] 'artificial intelligence' → 71 entries, 28 kept so far
02:58:18  INFO     [HR] +234 new articles saved
02:58:18  INFO     [IE] +81 new articles saved
02:58:18  INFO     [EE] 'artificial intelligence' → 100 entries, 46 kept so far
02:58:18  INFO     [LT] 'AI regulation' → 9 entries, 33 kept so far
02:58:18  INFO     [CY] 'artificial intelligence' → 100 entries, 48 kept so far
02:58:19  INFO     [SI] 'AI regulation' → 4 entries, 48 kept so far
02:58:19  INFO     [LV] 'AI regulation' → 7 entries, 28 kept so far
02:58:20  INFO     [EE] 'AI regulation' → 8 entries, 48 kept so far
02:58:20  INFO     [LT] 'machine learning' → 32 entries, 37 kept so far
02:58:20  INFO     [SI] 'machine learning' → 24 entries, 51 kept so far
02:58:20  INFO     [CY] 'AI regulation' → 59 entries, 98 kept so far
02:58:20  INFO     [LV] 'machine learning' → 11 entries, 30 kept so far
02:58:21  INFO     [EE] 'machine learning' → 9 entries, 50 kept so far
02:58:21  INFO     [LT] 'EU AI Act' → 15 entries, 38 kept so far
02:58:21  INFO     [LV] 'EU AI Act' → 10 entries, 30 kept so far
02:58:21  INFO     [SI] 'EU AI Act' → 33 entries, 58 kept so far
02:58:21  INFO     [CY] 'machine learning' → 84 entries, 132 kept so far
02:58:22  INFO     [LT] 'generative AI' → 24 entries, 46 kept so far
02:58:22  INFO     [EE] 'EU AI Act' → 16 entries, 52 kept so far
02:58:22  INFO     [LV] 'generative AI' → 9 entries, 32 kept so far
02:58:22  INFO     [SI] 'generative AI' → 14 entries, 62 kept so far
02:58:23  INFO     [CY] 'EU AI Act' → 58 entries, 150 kept so far
02:58:23  INFO     [LT] +14 new articles saved
02:58:23  INFO     [LV] +14 new articles saved
02:58:23  INFO     [SI] +22 new articles saved
02:58:24  INFO     [EE] 'generative AI' → 10 entries, 54 kept so far
02:58:24  INFO     [MT] 'artificial intelligence' → 102 entries, 58 kept so far
02:58:24  INFO     [LU] 'artificial intelligence' → 102 entries, 51 kept so far
02:58:24  INFO     [CY] 'generative AI' → 100 entries, 192 kept so far
02:58:25  INFO     [EE] +20 new articles saved
02:58:25  INFO     [MT] 'AI regulation' → 100 entries, 95 kept so far
02:58:25  INFO     [LU] 'AI regulation' → 100 entries, 125 kept so far
02:58:25  INFO     [CY] +0 new articles saved
02:58:26  INFO     [MT] 'machine learning' → 100 entries, 168 kept so far
02:58:27  INFO     [LU] 'machine learning' → 100 entries, 182 kept so far
02:58:27  INFO     [MT] 'EU AI Act' → 100 entries, 251 kept so far
02:58:28  INFO     [LU] 'EU AI Act' → 78 entries, 225 kept so far
02:58:28  INFO     [MT] 'generative AI' → 100 entries, 312 kept so far
02:58:29  INFO     [MT] +0 new articles saved
02:58:30  INFO     [LU] 'generative AI' → 100 entries, 253 kept so far
02:58:31  INFO     [LU] +0 new articles saved
02:58:31  INFO     Scrape complete. 1620 new articles this run.
