21:39:45  INFO     Starting scrape: 27 countries, 5 queries each
/home/runner/work/EU_AI_News/EU_AI_News/eu_ai_news_scraper.py:230: DeprecationWarning: datetime.datetime.utcnow() is deprecated and scheduled for removal in a future version. Use timezone-aware objects to represent datetimes in UTC: datetime.datetime.now(datetime.UTC).
  "scraped_at":   datetime.utcnow().isoformat(),
21:39:46  INFO     [FR] 'artificial intelligence' → 100 entries, 45 kept so far
21:39:46  INFO     [DE] 'artificial intelligence' → 100 entries, 40 kept so far
21:39:46  INFO     [PL] 'artificial intelligence' → 100 entries, 13 kept so far
21:39:46  INFO     [IT] 'artificial intelligence' → 98 entries, 24 kept so far
21:39:46  INFO     [ES] 'artificial intelligence' → 100 entries, 51 kept so far
21:39:48  INFO     [FR] 'AI regulation' → 100 entries, 137 kept so far
21:39:48  INFO     [DE] 'AI regulation' → 100 entries, 121 kept so far
21:39:48  INFO     [PL] 'AI regulation' → 79 entries, 73 kept so far
21:39:48  INFO     [IT] 'AI regulation' → 100 entries, 116 kept so far
21:39:48  INFO     [ES] 'AI regulation' → 78 entries, 90 kept so far
21:39:49  INFO     [FR] 'machine learning' → 100 entries, 186 kept so far
21:39:49  INFO     [DE] 'machine learning' → 100 entries, 173 kept so far
21:39:49  INFO     [PL] 'machine learning' → 100 entries, 120 kept so far
21:39:49  INFO     [IT] 'machine learning' → 100 entries, 190 kept so far
21:39:49  INFO     [ES] 'machine learning' → 100 entries, 161 kept so far
21:39:51  INFO     [FR] 'EU AI Act' → 85 entries, 223 kept so far
21:39:51  INFO     [DE] 'EU AI Act' → 100 entries, 244 kept so far
21:39:51  INFO     [PL] 'EU AI Act' → 77 entries, 136 kept so far
21:39:51  INFO     [IT] 'EU AI Act' → 100 entries, 240 kept so far
21:39:51  INFO     [ES] 'EU AI Act' → 78 entries, 186 kept so far
21:39:52  INFO     [DE] 'generative AI' → 100 entries, 276 kept so far
21:39:52  INFO     [FR] 'generative AI' → 100 entries, 249 kept so far
21:39:53  INFO     [PL] 'generative AI' → 100 entries, 166 kept so far
21:39:53  INFO     [IT] 'generative AI' → 100 entries, 284 kept so far
21:39:53  INFO     [ES] 'generative AI' → 100 entries, 233 kept so far
21:39:53  INFO     [DE] +194 new articles saved
21:39:53  INFO     [FR] +144 new articles saved
21:39:54  INFO     [PL] +86 new articles saved
21:39:54  INFO     [IT] +192 new articles saved
21:39:54  INFO     [NL] 'artificial intelligence' → 102 entries, 16 kept so far
21:39:54  INFO     [BE] 'artificial intelligence' → 100 entries, 57 kept so far
21:39:54  INFO     [SE] 'artificial intelligence' → 100 entries, 11 kept so far
21:39:54  INFO     [ES] +127 new articles saved
21:39:54  INFO     [AT] 'artificial intelligence' → 100 entries, 37 kept so far
21:39:55  INFO     [DK] 'artificial intelligence' → 100 entries, 15 kept so far
21:39:56  INFO     [NL] 'AI regulation' → 78 entries, 62 kept so far
21:39:56  INFO     [BE] 'AI regulation' → 99 entries, 147 kept so far
21:39:56  INFO     [SE] 'AI regulation' → 77 entries, 21 kept so far
21:39:56  INFO     [AT] 'AI regulation' → 100 entries, 111 kept so far
21:39:57  INFO     [DK] 'AI regulation' → 41 entries, 21 kept so far
21:39:57  INFO     [NL] 'machine learning' → 100 entries, 107 kept so far
21:39:57  INFO     [BE] 'machine learning' → 100 entries, 198 kept so far
21:39:57  INFO     [SE] 'machine learning' → 82 entries, 50 kept so far
21:39:58  INFO     [AT] 'machine learning' → 100 entries, 160 kept so far
21:39:58  INFO     [DK] 'machine learning' → 77 entries, 41 kept so far
21:39:59  INFO     [NL] 'EU AI Act' → 99 entries, 138 kept so far
21:39:59  INFO     [SE] 'EU AI Act' → 73 entries, 59 kept so far
21:39:59  INFO     [BE] 'EU AI Act' → 87 entries, 235 kept so far
21:39:59  INFO     [AT] 'EU AI Act' → 100 entries, 242 kept so far
21:40:00  INFO     [DK] 'EU AI Act' → 75 entries, 58 kept so far
21:40:00  INFO     [NL] 'generative AI' → 100 entries, 170 kept so far
21:40:01  INFO     [SE] 'generative AI' → 70 entries, 68 kept so far
21:40:01  INFO     [BE] 'generative AI' → 100 entries, 263 kept so far
21:40:01  INFO     [AT] 'generative AI' → 100 entries, 278 kept so far
21:40:01  INFO     [NL] +82 new articles saved
21:40:01  INFO     [DK] 'generative AI' → 98 entries, 89 kept so far
21:40:02  INFO     [SE] +33 new articles saved
21:40:02  INFO     [BE] +28 new articles saved
21:40:02  INFO     [FI] 'artificial intelligence' → 100 entries, 66 kept so far
21:40:02  INFO     [AT] +62 new articles saved
21:40:02  INFO     [PT] 'artificial intelligence' → 100 entries, 66 kept so far
21:40:02  INFO     [DK] +32 new articles saved
21:40:03  INFO     [CZ] 'artificial intelligence' → 100 entries, 19 kept so far
21:40:03  INFO     [RO] 'artificial intelligence' → 100 entries, 42 kept so far
21:40:03  INFO     [HU] 'artificial intelligence' → 100 entries, 19 kept so far
21:40:04  INFO     [FI] 'AI regulation' → 62 entries, 77 kept so far
21:40:04  INFO     [PT] 'AI regulation' → 79 entries, 103 kept so far
21:40:04  INFO     [CZ] 'AI regulation' → 78 entries, 44 kept so far
21:40:04  INFO     [RO] 'AI regulation' → 76 entries, 53 kept so far
21:40:05  INFO     [HU] 'AI regulation' → 79 entries, 23 kept so far
21:40:05  INFO     [FI] 'machine learning' → 86 entries, 122 kept so far
21:40:06  INFO     [PT] 'machine learning' → 100 entries, 180 kept so far
21:40:06  INFO     [RO] 'machine learning' → 100 entries, 108 kept so far
21:40:06  INFO     [CZ] 'machine learning' → 76 entries, 64 kept so far
21:40:06  INFO     [HU] 'machine learning' → 73 entries, 46 kept so far
21:40:07  INFO     [FI] 'EU AI Act' → 70 entries, 167 kept so far
21:40:07  INFO     [RO] 'EU AI Act' → 76 entries, 134 kept so far
21:40:07  INFO     [PT] 'EU AI Act' → 60 entries, 193 kept so far
21:40:07  INFO     [CZ] 'EU AI Act' → 75 entries, 81 kept so far
21:40:08  INFO     [HU] 'EU AI Act' → 79 entries, 73 kept so far
21:40:09  INFO     [FI] 'generative AI' → 65 entries, 207 kept so far
21:40:09  INFO     [RO] 'generative AI' → 95 entries, 157 kept so far
21:40:09  INFO     [CZ] 'generative AI' → 76 entries, 102 kept so far
21:40:09  INFO     [PT] 'generative AI' → 100 entries, 221 kept so far
21:40:10  INFO     [HU] 'generative AI' → 75 entries, 94 kept so far
21:40:10  INFO     [FI] +106 new articles saved
21:40:10  INFO     [RO] +92 new articles saved
21:40:10  INFO     [CZ] +68 new articles saved
21:40:10  INFO     [GR] 'artificial intelligence' → 100 entries, 38 kept so far
21:40:10  INFO     [PT] +136 new articles saved
21:40:10  INFO     [SK] 'artificial intelligence' → 100 entries, 22 kept so far
21:40:11  INFO     [HU] +57 new articles saved
21:40:11  INFO     [IE] 'artificial intelligence' → 100 entries, 45 kept so far
21:40:11  INFO     [HR] 'artificial intelligence' → 103 entries, 43 kept so far
21:40:11  INFO     [BG] 'artificial intelligence' → 74 entries, 33 kept so far
21:40:12  INFO     [SK] 'AI regulation' → 21 entries, 25 kept so far
21:40:12  INFO     [GR] 'AI regulation' → 69 entries, 89 kept so far
21:40:13  INFO     [BG] 'AI regulation' → 18 entries, 36 kept so far
21:40:13  INFO     [HR] 'AI regulation' → 101 entries, 81 kept so far
21:40:13  INFO     [IE] 'AI regulation' → 100 entries, 84 kept so far
21:40:13  INFO     [SK] 'machine learning' → 58 entries, 38 kept so far
21:40:14  INFO     [GR] 'machine learning' → 100 entries, 130 kept so far
21:40:14  INFO     [BG] 'machine learning' → 59 entries, 45 kept so far
21:40:14  INFO     [HR] 'machine learning' → 100 entries, 154 kept so far
21:40:15  INFO     [IE] 'machine learning' → 100 entries, 161 kept so far
21:40:15  INFO     [SK] 'EU AI Act' → 77 entries, 50 kept so far
21:40:15  INFO     [GR] 'EU AI Act' → 60 entries, 150 kept so far
21:40:15  INFO     [BG] 'EU AI Act' → 17 entries, 48 kept so far
21:40:16  INFO     [HR] 'EU AI Act' → 100 entries, 237 kept so far
21:40:16  INFO     [SK] 'generative AI' → 47 entries, 60 kept so far
21:40:17  INFO     [IE] 'EU AI Act' → 100 entries, 235 kept so far
21:40:17  INFO     [GR] 'generative AI' → 100 entries, 194 kept so far
21:40:17  INFO     [BG] 'generative AI' → 31 entries, 54 kept so far
21:40:17  INFO     [SK] +27 new articles saved
21:40:18  INFO     [HR] 'generative AI' → 100 entries, 308 kept so far
21:40:18  INFO     [GR] +129 new articles saved
21:40:18  INFO     [LT] 'artificial intelligence' → 74 entries, 25 kept so far
21:40:18  INFO     [BG] +32 new articles saved
21:40:18  INFO     [IE] 'generative AI' → 100 entries, 300 kept so far
21:40:18  INFO     [SI] 'artificial intelligence' → 100 entries, 51 kept so far
21:40:18  INFO     [LV] 'artificial intelligence' → 70 entries, 22 kept so far
21:40:19  INFO     [HR] +265 new articles saved
21:40:19  INFO     [EE] 'artificial intelligence' → 94 entries, 51 kept so far
21:40:19  INFO     [LT] 'AI regulation' → 5 entries, 25 kept so far
21:40:19  INFO     [IE] +100 new articles saved
21:40:20  INFO     [SI] 'AI regulation' → 3 entries, 51 kept so far
21:40:20  INFO     [LV] 'AI regulation' → 7 entries, 22 kept so far
21:40:20  INFO     [CY] 'artificial intelligence' → 100 entries, 38 kept so far
21:40:21  INFO     [LT] 'machine learning' → 30 entries, 29 kept so far
21:40:21  INFO     [EE] 'AI regulation' → 3 entries, 51 kept so far
21:40:21  INFO     [LV] 'machine learning' → 11 entries, 24 kept so far
21:40:21  INFO     [SI] 'machine learning' → 20 entries, 51 kept so far
21:40:21  INFO     [CY] 'AI regulation' → 69 entries, 89 kept so far
21:40:22  INFO     [LT] 'EU AI Act' → 19 entries, 30 kept so far
21:40:22  INFO     [EE] 'machine learning' → 15 entries, 53 kept so far
21:40:22  INFO     [LV] 'EU AI Act' → 6 entries, 24 kept so far
21:40:23  INFO     [SI] 'EU AI Act' → 23 entries, 55 kept so far
21:40:23  INFO     [CY] 'machine learning' → 100 entries, 130 kept so far
21:40:23  INFO     [LT] 'generative AI' → 19 entries, 36 kept so far
21:40:24  INFO     [LV] 'generative AI' → 10 entries, 25 kept so far
21:40:24  INFO     [EE] 'EU AI Act' → 8 entries, 54 kept so far
21:40:24  INFO     [SI] 'generative AI' → 14 entries, 56 kept so far
21:40:24  INFO     [LT] +11 new articles saved
21:40:24  INFO     [CY] 'EU AI Act' → 60 entries, 150 kept so far
21:40:25  INFO     [LV] +11 new articles saved
21:40:25  INFO     [LU] 'artificial intelligence' → 100 entries, 45 kept so far
21:40:25  INFO     [MT] 'artificial intelligence' → 103 entries, 43 kept so far
21:40:25  INFO     [SI] +21 new articles saved
21:40:25  INFO     [EE] 'generative AI' → 10 entries, 57 kept so far
21:40:26  INFO     [CY] 'generative AI' → 100 entries, 194 kept so far
21:40:26  INFO     [MT] 'AI regulation' → 101 entries, 81 kept so far
21:40:26  INFO     [EE] +29 new articles saved
21:40:26  INFO     [LU] 'AI regulation' → 100 entries, 137 kept so far
21:40:27  INFO     [CY] +1 new articles saved
21:40:27  INFO     [MT] 'machine learning' → 100 entries, 154 kept so far
21:40:28  INFO     [LU] 'machine learning' → 100 entries, 186 kept so far
21:40:28  INFO     [MT] 'EU AI Act' → 100 entries, 237 kept so far
21:40:29  INFO     [LU] 'EU AI Act' → 85 entries, 223 kept so far
21:40:30  INFO     [MT] 'generative AI' → 100 entries, 308 kept so far
21:40:31  INFO     [MT] +0 new articles saved
21:40:31  INFO     [LU] 'generative AI' → 100 entries, 249 kept so far
21:40:32  INFO     [LU] +0 new articles saved
21:40:32  INFO     Scrape complete. 2065 new articles this run.
