09:53:32  INFO     Starting scrape: 27 countries, 5 queries each
/home/runner/work/EU_AI_News/EU_AI_News/eu_ai_news_scraper.py:230: DeprecationWarning: datetime.datetime.utcnow() is deprecated and scheduled for removal in a future version. Use timezone-aware objects to represent datetimes in UTC: datetime.datetime.now(datetime.UTC).
  "scraped_at":   datetime.utcnow().isoformat(),
09:53:33  INFO     [DE] 'artificial intelligence' → 100 entries, 49 kept so far
09:53:33  INFO     [PL] 'artificial intelligence' → 100 entries, 23 kept so far
09:53:33  INFO     [FR] 'artificial intelligence' → 92 entries, 42 kept so far
09:53:33  INFO     [ES] 'artificial intelligence' → 100 entries, 61 kept so far
09:53:33  INFO     [IT] 'artificial intelligence' → 100 entries, 38 kept so far
09:53:34  INFO     [DE] 'AI regulation' → 95 entries, 126 kept so far
09:53:34  INFO     [PL] 'AI regulation' → 100 entries, 82 kept so far
09:53:35  INFO     [FR] 'AI regulation' → 100 entries, 119 kept so far
09:53:35  INFO     [ES] 'AI regulation' → 77 entries, 99 kept so far
09:53:35  INFO     [IT] 'AI regulation' → 100 entries, 119 kept so far
09:53:36  INFO     [DE] 'machine learning' → 100 entries, 174 kept so far
09:53:36  INFO     [PL] 'machine learning' → 100 entries, 125 kept so far
09:53:36  INFO     [FR] 'machine learning' → 100 entries, 175 kept so far
09:53:36  INFO     [ES] 'machine learning' → 100 entries, 171 kept so far
09:53:36  INFO     [IT] 'machine learning' → 100 entries, 197 kept so far
09:53:37  INFO     [DE] 'EU AI Act' → 100 entries, 244 kept so far
09:53:37  INFO     [PL] 'EU AI Act' → 74 entries, 144 kept so far
09:53:38  INFO     [FR] 'EU AI Act' → 87 entries, 225 kept so far
09:53:38  INFO     [ES] 'EU AI Act' → 76 entries, 200 kept so far
09:53:38  INFO     [IT] 'EU AI Act' → 100 entries, 272 kept so far
09:53:39  INFO     [DE] 'generative AI' → 100 entries, 266 kept so far
09:53:39  INFO     [PL] 'generative AI' → 100 entries, 177 kept so far
09:53:39  INFO     [FR] 'generative AI' → 100 entries, 253 kept so far
09:53:39  INFO     [ES] 'generative AI' → 100 entries, 242 kept so far
09:53:40  INFO     [IT] 'generative AI' → 100 entries, 308 kept so far
09:53:40  INFO     [DE] +153 new articles saved
09:53:40  INFO     [PL] +94 new articles saved
09:53:40  INFO     [NL] 'artificial intelligence' → 100 entries, 17 kept so far
09:53:40  INFO     [FR] +134 new articles saved
09:53:40  INFO     [ES] +110 new articles saved
09:53:41  INFO     [IT] +180 new articles saved
09:53:41  INFO     [BE] 'artificial intelligence' → 100 entries, 49 kept so far
09:53:41  INFO     [SE] 'artificial intelligence' → 100 entries, 7 kept so far
09:53:41  INFO     [AT] 'artificial intelligence' → 100 entries, 45 kept so far
09:53:41  INFO     [DK] 'artificial intelligence' → 100 entries, 11 kept so far
09:53:42  INFO     [NL] 'AI regulation' → 76 entries, 55 kept so far
09:53:42  INFO     [BE] 'AI regulation' → 100 entries, 131 kept so far
09:53:42  INFO     [SE] 'AI regulation' → 72 entries, 20 kept so far
09:53:43  INFO     [AT] 'AI regulation' → 99 entries, 122 kept so far
09:53:43  INFO     [DK] 'AI regulation' → 37 entries, 18 kept so far
09:53:43  INFO     [NL] 'machine learning' → 100 entries, 113 kept so far
09:53:44  INFO     [BE] 'machine learning' → 100 entries, 186 kept so far
09:53:44  INFO     [SE] 'machine learning' → 74 entries, 45 kept so far
09:53:44  INFO     [AT] 'machine learning' → 100 entries, 170 kept so far
09:53:44  INFO     [DK] 'machine learning' → 84 entries, 40 kept so far
09:53:45  INFO     [NL] 'EU AI Act' → 100 entries, 141 kept so far
09:53:46  INFO     [SE] 'EU AI Act' → 66 entries, 53 kept so far
09:53:46  INFO     [BE] 'EU AI Act' → 89 entries, 228 kept so far
09:53:46  INFO     [DK] 'EU AI Act' → 70 entries, 53 kept so far
09:53:46  INFO     [AT] 'EU AI Act' → 100 entries, 244 kept so far
09:53:47  INFO     [NL] 'generative AI' → 100 entries, 166 kept so far
09:53:47  INFO     [SE] 'generative AI' → 74 entries, 62 kept so far
09:53:47  INFO     [BE] 'generative AI' → 100 entries, 255 kept so far
09:53:48  INFO     [DK] 'generative AI' → 100 entries, 88 kept so far
09:53:48  INFO     [AT] 'generative AI' → 100 entries, 266 kept so far
09:53:48  INFO     [NL] +64 new articles saved
09:53:48  INFO     [SE] +17 new articles saved
09:53:48  INFO     [FI] 'artificial intelligence' → 100 entries, 60 kept so far
09:53:48  INFO     [BE] +24 new articles saved
09:53:49  INFO     [DK] +28 new articles saved
09:53:49  INFO     [AT] +42 new articles saved
09:53:49  INFO     [PT] 'artificial intelligence' → 100 entries, 64 kept so far
09:53:49  INFO     [CZ] 'artificial intelligence' → 100 entries, 22 kept so far
09:53:49  INFO     [HU] 'artificial intelligence' → 100 entries, 23 kept so far
09:53:49  INFO     [RO] 'artificial intelligence' → 100 entries, 44 kept so far
09:53:50  INFO     [FI] 'AI regulation' → 51 entries, 74 kept so far
09:53:50  INFO     [PT] 'AI regulation' → 75 entries, 97 kept so far
09:53:50  INFO     [CZ] 'AI regulation' → 77 entries, 42 kept so far
09:53:51  INFO     [HU] 'AI regulation' → 79 entries, 28 kept so far
09:53:51  INFO     [RO] 'AI regulation' → 77 entries, 56 kept so far
09:53:51  INFO     [FI] 'machine learning' → 89 entries, 111 kept so far
09:53:52  INFO     [CZ] 'machine learning' → 78 entries, 61 kept so far
09:53:52  INFO     [PT] 'machine learning' → 100 entries, 172 kept so far
09:53:52  INFO     [HU] 'machine learning' → 74 entries, 51 kept so far
09:53:52  INFO     [RO] 'machine learning' → 100 entries, 106 kept so far
09:53:53  INFO     [FI] 'EU AI Act' → 72 entries, 150 kept so far
09:53:53  INFO     [CZ] 'EU AI Act' → 72 entries, 70 kept so far
09:53:54  INFO     [HU] 'EU AI Act' → 75 entries, 69 kept so far
09:53:54  INFO     [PT] 'EU AI Act' → 56 entries, 180 kept so far
09:53:54  INFO     [RO] 'EU AI Act' → 78 entries, 135 kept so far
09:53:54  INFO     [FI] 'generative AI' → 66 entries, 188 kept so far
09:53:55  INFO     [CZ] 'generative AI' → 85 entries, 87 kept so far
09:53:55  INFO     [HU] 'generative AI' → 71 entries, 93 kept so far
09:53:55  INFO     [FI] +97 new articles saved
09:53:55  INFO     [PT] 'generative AI' → 100 entries, 207 kept so far
09:53:55  INFO     [RO] 'generative AI' → 91 entries, 158 kept so far
09:53:56  INFO     [GR] 'artificial intelligence' → 100 entries, 49 kept so far
09:53:56  INFO     [CZ] +51 new articles saved
09:53:56  INFO     [HU] +48 new articles saved
09:53:56  INFO     [PT] +99 new articles saved
09:53:56  INFO     [SK] 'artificial intelligence' → 100 entries, 20 kept so far
09:53:56  INFO     [RO] +82 new articles saved
09:53:57  INFO     [HR] 'artificial intelligence' → 100 entries, 53 kept so far
09:53:57  INFO     [IE] 'artificial intelligence' → 100 entries, 49 kept so far
09:53:57  INFO     [BG] 'artificial intelligence' → 81 entries, 35 kept so far
09:53:57  INFO     [GR] 'AI regulation' → 63 entries, 102 kept so far
09:53:58  INFO     [SK] 'AI regulation' → 20 entries, 24 kept so far
09:53:58  INFO     [HR] 'AI regulation' → 100 entries, 97 kept so far
09:53:58  INFO     [BG] 'AI regulation' → 12 entries, 36 kept so far
09:53:58  INFO     [IE] 'AI regulation' → 100 entries, 88 kept so far
09:53:59  INFO     [GR] 'machine learning' → 94 entries, 137 kept so far
09:53:59  INFO     [SK] 'machine learning' → 59 entries, 40 kept so far
09:54:00  INFO     [HR] 'machine learning' → 100 entries, 178 kept so far
09:54:00  INFO     [BG] 'machine learning' → 60 entries, 44 kept so far
09:54:00  INFO     [IE] 'machine learning' → 100 entries, 170 kept so far
09:54:01  INFO     [GR] 'EU AI Act' → 58 entries, 155 kept so far
09:54:01  INFO     [SK] 'EU AI Act' → 72 entries, 55 kept so far
09:54:01  INFO     [BG] 'EU AI Act' → 17 entries, 48 kept so far
09:54:01  INFO     [HR] 'EU AI Act' → 100 entries, 247 kept so far
09:54:02  INFO     [IE] 'EU AI Act' → 100 entries, 231 kept so far
09:54:02  INFO     [GR] 'generative AI' → 100 entries, 199 kept so far
09:54:02  INFO     [SK] 'generative AI' → 46 entries, 62 kept so far
09:54:03  INFO     [BG] 'generative AI' → 41 entries, 53 kept so far
09:54:03  INFO     [HR] 'generative AI' → 100 entries, 310 kept so far
09:54:03  INFO     [GR] +123 new articles saved
09:54:03  INFO     [SK] +26 new articles saved
09:54:04  INFO     [IE] 'generative AI' → 100 entries, 289 kept so far
09:54:04  INFO     [BG] +27 new articles saved
09:54:04  INFO     [LT] 'artificial intelligence' → 88 entries, 30 kept so far
09:54:04  INFO     [SI] 'artificial intelligence' → 100 entries, 50 kept so far
09:54:04  INFO     [HR] +260 new articles saved
09:54:04  INFO     [LV] 'artificial intelligence' → 69 entries, 21 kept so far
09:54:04  INFO     [EE] 'artificial intelligence' → 100 entries, 45 kept so far
09:54:05  INFO     [IE] +71 new articles saved
09:54:05  INFO     [LT] 'AI regulation' → 9 entries, 30 kept so far
09:54:05  INFO     [SI] 'AI regulation' → 5 entries, 50 kept so far
09:54:05  INFO     [CY] 'artificial intelligence' → 100 entries, 47 kept so far
09:54:05  INFO     [LV] 'AI regulation' → 10 entries, 21 kept so far
09:54:06  INFO     [EE] 'AI regulation' → 11 entries, 47 kept so far
09:54:06  INFO     [LT] 'machine learning' → 30 entries, 33 kept so far
09:54:06  INFO     [SI] 'machine learning' → 23 entries, 52 kept so far
09:54:07  INFO     [LV] 'machine learning' → 10 entries, 23 kept so far
09:54:07  INFO     [CY] 'AI regulation' → 63 entries, 100 kept so far
09:54:07  INFO     [EE] 'machine learning' → 16 entries, 50 kept so far
09:54:08  INFO     [LT] 'EU AI Act' → 23 entries, 34 kept so far
09:54:08  INFO     [SI] 'EU AI Act' → 37 entries, 59 kept so far
09:54:08  INFO     [LV] 'EU AI Act' → 8 entries, 23 kept so far
09:54:08  INFO     [CY] 'machine learning' → 93 entries, 135 kept so far
09:54:09  INFO     [EE] 'EU AI Act' → 17 entries, 51 kept so far
09:54:09  INFO     [LT] 'generative AI' → 24 entries, 42 kept so far
09:54:09  INFO     [SI] 'generative AI' → 12 entries, 60 kept so far
09:54:09  INFO     [LV] 'generative AI' → 9 entries, 25 kept so far
09:54:10  INFO     [CY] 'EU AI Act' → 57 entries, 153 kept so far
09:54:10  INFO     [EE] 'generative AI' → 13 entries, 55 kept so far
09:54:10  INFO     [LT] +14 new articles saved
09:54:10  INFO     [SI] +22 new articles saved
09:54:10  INFO     [LV] +10 new articles saved
09:54:11  INFO     [MT] 'artificial intelligence' → 100 entries, 53 kept so far
09:54:11  INFO     [LU] 'artificial intelligence' → 92 entries, 43 kept so far
09:54:11  INFO     [EE] +23 new articles saved
09:54:11  INFO     [CY] 'generative AI' → 100 entries, 196 kept so far
09:54:12  INFO     [MT] 'AI regulation' → 100 entries, 97 kept so far
09:54:12  INFO     [CY] +4 new articles saved
09:54:12  INFO     [LU] 'AI regulation' → 100 entries, 120 kept so far
09:54:13  INFO     [MT] 'machine learning' → 100 entries, 178 kept so far
09:54:14  INFO     [LU] 'machine learning' → 100 entries, 176 kept so far
09:54:14  INFO     [MT] 'EU AI Act' → 100 entries, 247 kept so far
09:54:15  INFO     [MT] 'generative AI' → 100 entries, 310 kept so far
09:54:15  INFO     [LU] 'EU AI Act' → 87 entries, 226 kept so far
09:54:16  INFO     [MT] +0 new articles saved
09:54:17  INFO     [LU] 'generative AI' → 100 entries, 254 kept so far
09:54:18  INFO     [LU] +1 new articles saved
09:54:18  INFO     Scrape complete. 1804 new articles this run.
