04:14:07  INFO     Starting scrape: 27 countries, 5 queries each
/home/runner/work/EU_AI_News/EU_AI_News/eu_ai_news_scraper.py:230: DeprecationWarning: datetime.datetime.utcnow() is deprecated and scheduled for removal in a future version. Use timezone-aware objects to represent datetimes in UTC: datetime.datetime.now(datetime.UTC).
  "scraped_at":   datetime.utcnow().isoformat(),
04:14:08  INFO     [DE] 'artificial intelligence' → 100 entries, 38 kept so far
04:14:08  INFO     [FR] 'artificial intelligence' → 100 entries, 52 kept so far
04:14:08  INFO     [PL] 'artificial intelligence' → 100 entries, 8 kept so far
04:14:08  INFO     [IT] 'artificial intelligence' → 100 entries, 25 kept so far
04:14:08  INFO     [ES] 'artificial intelligence' → 100 entries, 55 kept so far
04:14:10  INFO     [DE] 'AI regulation' → 100 entries, 118 kept so far
04:14:10  INFO     [FR] 'AI regulation' → 100 entries, 141 kept so far
04:14:10  INFO     [PL] 'AI regulation' → 79 entries, 67 kept so far
04:14:10  INFO     [IT] 'AI regulation' → 100 entries, 112 kept so far
04:14:10  INFO     [ES] 'AI regulation' → 76 entries, 93 kept so far
04:14:11  INFO     [DE] 'machine learning' → 100 entries, 168 kept so far
04:14:11  INFO     [FR] 'machine learning' → 100 entries, 195 kept so far
04:14:11  INFO     [PL] 'machine learning' → 100 entries, 113 kept so far
04:14:12  INFO     [IT] 'machine learning' → 100 entries, 194 kept so far
04:14:12  INFO     [ES] 'machine learning' → 100 entries, 169 kept so far
04:14:13  INFO     [DE] 'EU AI Act' → 100 entries, 238 kept so far
04:14:13  INFO     [FR] 'EU AI Act' → 85 entries, 233 kept so far
04:14:13  INFO     [PL] 'EU AI Act' → 77 entries, 131 kept so far
04:14:13  INFO     [IT] 'EU AI Act' → 100 entries, 236 kept so far
04:14:13  INFO     [ES] 'EU AI Act' → 78 entries, 195 kept so far
04:14:14  INFO     [DE] 'generative AI' → 100 entries, 262 kept so far
04:14:15  INFO     [FR] 'generative AI' → 100 entries, 264 kept so far
04:14:15  INFO     [PL] 'generative AI' → 100 entries, 162 kept so far
04:14:15  INFO     [IT] 'generative AI' → 100 entries, 280 kept so far
04:14:15  INFO     [ES] 'generative AI' → 100 entries, 242 kept so far
04:14:15  INFO     [DE] +181 new articles saved
04:14:16  INFO     [FR] +152 new articles saved
04:14:16  INFO     [PL] +85 new articles saved
04:14:16  INFO     [IT] +178 new articles saved
04:14:16  INFO     [NL] 'artificial intelligence' → 100 entries, 18 kept so far
04:14:16  INFO     [BE] 'artificial intelligence' → 100 entries, 52 kept so far
04:14:16  INFO     [ES] +137 new articles saved
04:14:16  INFO     [SE] 'artificial intelligence' → 100 entries, 10 kept so far
04:14:17  INFO     [AT] 'artificial intelligence' → 100 entries, 41 kept so far
04:14:17  INFO     [DK] 'artificial intelligence' → 100 entries, 15 kept so far
04:14:18  INFO     [NL] 'AI regulation' → 77 entries, 63 kept so far
04:14:18  INFO     [SE] 'AI regulation' → 75 entries, 20 kept so far
04:14:18  INFO     [BE] 'AI regulation' → 99 entries, 139 kept so far
04:14:18  INFO     [DK] 'AI regulation' → 46 entries, 22 kept so far
04:14:18  INFO     [AT] 'AI regulation' → 100 entries, 117 kept so far
04:14:19  INFO     [NL] 'machine learning' → 100 entries, 114 kept so far
04:14:20  INFO     [SE] 'machine learning' → 83 entries, 46 kept so far
04:14:20  INFO     [BE] 'machine learning' → 100 entries, 193 kept so far
04:14:20  INFO     [DK] 'machine learning' → 83 entries, 47 kept so far
04:14:20  INFO     [AT] 'machine learning' → 100 entries, 169 kept so far
04:14:21  INFO     [NL] 'EU AI Act' → 100 entries, 146 kept so far
04:14:21  INFO     [SE] 'EU AI Act' → 71 entries, 53 kept so far
04:14:21  INFO     [BE] 'EU AI Act' → 92 entries, 235 kept so far
04:14:22  INFO     [DK] 'EU AI Act' → 72 entries, 61 kept so far
04:14:22  INFO     [AT] 'EU AI Act' → 100 entries, 248 kept so far
04:14:23  INFO     [NL] 'generative AI' → 100 entries, 179 kept so far
04:14:23  INFO     [SE] 'generative AI' → 72 entries, 63 kept so far
04:14:23  INFO     [BE] 'generative AI' → 100 entries, 259 kept so far
04:14:23  INFO     [DK] 'generative AI' → 96 entries, 92 kept so far
04:14:23  INFO     [AT] 'generative AI' → 100 entries, 271 kept so far
04:14:24  INFO     [NL] +82 new articles saved
04:14:24  INFO     [SE] +30 new articles saved
04:14:24  INFO     [BE] +28 new articles saved
04:14:24  INFO     [FI] 'artificial intelligence' → 100 entries, 58 kept so far
04:14:24  INFO     [PT] 'artificial intelligence' → 100 entries, 66 kept so far
04:14:24  INFO     [DK] +40 new articles saved
04:14:24  INFO     [AT] +56 new articles saved
04:14:25  INFO     [CZ] 'artificial intelligence' → 100 entries, 19 kept so far
04:14:25  INFO     [RO] 'artificial intelligence' → 100 entries, 43 kept so far
04:14:25  INFO     [HU] 'artificial intelligence' → 100 entries, 26 kept so far
04:14:26  INFO     [FI] 'AI regulation' → 58 entries, 70 kept so far
04:14:26  INFO     [PT] 'AI regulation' → 79 entries, 101 kept so far
04:14:26  INFO     [CZ] 'AI regulation' → 76 entries, 43 kept so far
04:14:26  INFO     [RO] 'AI regulation' → 78 entries, 52 kept so far
04:14:27  INFO     [HU] 'AI regulation' → 77 entries, 30 kept so far
04:14:27  INFO     [FI] 'machine learning' → 86 entries, 117 kept so far
04:14:28  INFO     [PT] 'machine learning' → 100 entries, 177 kept so far
04:14:28  INFO     [CZ] 'machine learning' → 78 entries, 64 kept so far
04:14:28  INFO     [RO] 'machine learning' → 100 entries, 106 kept so far
04:14:28  INFO     [HU] 'machine learning' → 74 entries, 55 kept so far
04:14:29  INFO     [FI] 'EU AI Act' → 66 entries, 158 kept so far
04:14:29  INFO     [PT] 'EU AI Act' → 63 entries, 190 kept so far
04:14:30  INFO     [CZ] 'EU AI Act' → 74 entries, 77 kept so far
04:14:30  INFO     [RO] 'EU AI Act' → 77 entries, 130 kept so far
04:14:30  INFO     [HU] 'EU AI Act' → 74 entries, 76 kept so far
04:14:31  INFO     [FI] 'generative AI' → 63 entries, 196 kept so far
04:14:31  INFO     [CZ] 'generative AI' → 77 entries, 97 kept so far
04:14:31  INFO     [PT] 'generative AI' → 100 entries, 220 kept so far
04:14:31  INFO     [RO] 'generative AI' → 94 entries, 158 kept so far
04:14:31  INFO     [HU] 'generative AI' → 72 entries, 97 kept so far
04:14:32  INFO     [FI] +105 new articles saved
04:14:32  INFO     [GR] 'artificial intelligence' → 100 entries, 39 kept so far
04:14:32  INFO     [CZ] +65 new articles saved
04:14:32  INFO     [PT] +141 new articles saved
04:14:32  INFO     [RO] +97 new articles saved
04:14:32  INFO     [HR] 'artificial intelligence' → 102 entries, 63 kept so far
04:14:32  INFO     [HU] +61 new articles saved
04:14:33  INFO     [SK] 'artificial intelligence' → 100 entries, 24 kept so far
04:14:33  INFO     [IE] 'artificial intelligence' → 100 entries, 65 kept so far
04:14:33  INFO     [BG] 'artificial intelligence' → 93 entries, 38 kept so far
04:14:34  INFO     [GR] 'AI regulation' → 66 entries, 87 kept so far
04:14:34  INFO     [HR] 'AI regulation' → 102 entries, 108 kept so far
04:14:34  INFO     [SK] 'AI regulation' → 26 entries, 27 kept so far
04:14:34  INFO     [BG] 'AI regulation' → 21 entries, 40 kept so far
04:14:35  INFO     [IE] 'AI regulation' → 100 entries, 108 kept so far
04:14:35  INFO     [GR] 'machine learning' → 100 entries, 130 kept so far
04:14:36  INFO     [HR] 'machine learning' → 100 entries, 187 kept so far
04:14:36  INFO     [SK] 'machine learning' → 57 entries, 39 kept so far
04:14:36  INFO     [BG] 'machine learning' → 59 entries, 49 kept so far
04:14:36  INFO     [IE] 'machine learning' → 100 entries, 183 kept so far
04:14:37  INFO     [GR] 'EU AI Act' → 55 entries, 147 kept so far
04:14:37  INFO     [SK] 'EU AI Act' → 68 entries, 47 kept so far
04:14:37  INFO     [HR] 'EU AI Act' → 100 entries, 269 kept so far
04:14:37  INFO     [BG] 'EU AI Act' → 25 entries, 52 kept so far
04:14:38  INFO     [IE] 'EU AI Act' → 100 entries, 253 kept so far
04:14:38  INFO     [GR] 'generative AI' → 100 entries, 191 kept so far
04:14:39  INFO     [SK] 'generative AI' → 45 entries, 55 kept so far
04:14:39  INFO     [BG] 'generative AI' → 43 entries, 61 kept so far
04:14:39  INFO     [HR] 'generative AI' → 100 entries, 341 kept so far
04:14:40  INFO     [GR] +130 new articles saved
04:14:40  INFO     [SK] +27 new articles saved
04:14:40  INFO     [BG] +40 new articles saved
04:14:40  INFO     [IE] 'generative AI' → 100 entries, 322 kept so far
04:14:40  INFO     [HR] +303 new articles saved
04:14:40  INFO     [LT] 'artificial intelligence' → 81 entries, 29 kept so far
04:14:40  INFO     [SI] 'artificial intelligence' → 95 entries, 46 kept so far
04:14:40  INFO     [LV] 'artificial intelligence' → 65 entries, 20 kept so far
04:14:41  INFO     [EE] 'artificial intelligence' → 97 entries, 51 kept so far
04:14:41  INFO     [IE] +107 new articles saved
04:14:41  INFO     [CY] 'artificial intelligence' → 100 entries, 39 kept so far
04:14:41  INFO     [LT] 'AI regulation' → 7 entries, 29 kept so far
04:14:42  INFO     [SI] 'AI regulation' → 2 entries, 46 kept so far
04:14:42  INFO     [LV] 'AI regulation' → 6 entries, 20 kept so far
04:14:42  INFO     [EE] 'AI regulation' → 5 entries, 53 kept so far
04:14:43  INFO     [LT] 'machine learning' → 33 entries, 33 kept so far
04:14:43  INFO     [SI] 'machine learning' → 21 entries, 47 kept so far
04:14:43  INFO     [CY] 'AI regulation' → 68 entries, 89 kept so far
04:14:43  INFO     [LV] 'machine learning' → 13 entries, 24 kept so far
04:14:43  INFO     [EE] 'machine learning' → 28 entries, 54 kept so far
04:14:44  INFO     [LT] 'EU AI Act' → 18 entries, 33 kept so far
04:14:44  INFO     [SI] 'EU AI Act' → 26 entries, 52 kept so far
04:14:44  INFO     [LV] 'EU AI Act' → 8 entries, 24 kept so far
04:14:45  INFO     [CY] 'machine learning' → 100 entries, 129 kept so far
04:14:45  INFO     [EE] 'EU AI Act' → 6 entries, 54 kept so far
04:14:46  INFO     [LT] 'generative AI' → 18 entries, 39 kept so far
04:14:46  INFO     [SI] 'generative AI' → 17 entries, 53 kept so far
04:14:46  INFO     [LV] 'generative AI' → 10 entries, 25 kept so far
04:14:46  INFO     [CY] 'EU AI Act' → 56 entries, 149 kept so far
04:14:46  INFO     [EE] 'generative AI' → 11 entries, 56 kept so far
04:14:47  INFO     [LT] +16 new articles saved
04:14:47  INFO     [SI] +22 new articles saved
04:14:47  INFO     [LV] +10 new articles saved
04:14:47  INFO     [MT] 'artificial intelligence' → 102 entries, 63 kept so far
04:14:47  INFO     [LU] 'artificial intelligence' → 100 entries, 53 kept so far
04:14:47  INFO     [EE] +28 new articles saved
04:14:48  INFO     [CY] 'generative AI' → 100 entries, 194 kept so far
04:14:48  INFO     [MT] 'AI regulation' → 102 entries, 108 kept so far
04:14:49  INFO     [LU] 'AI regulation' → 100 entries, 142 kept so far
04:14:49  INFO     [CY] +15 new articles saved
04:14:49  INFO     [MT] 'machine learning' → 100 entries, 187 kept so far
04:14:50  INFO     [LU] 'machine learning' → 100 entries, 196 kept so far
04:14:50  INFO     [MT] 'EU AI Act' → 100 entries, 269 kept so far
04:14:52  INFO     [MT] 'generative AI' → 100 entries, 341 kept so far
04:14:52  INFO     [LU] 'EU AI Act' → 88 entries, 237 kept so far
04:14:53  INFO     [MT] +0 new articles saved
04:14:54  INFO     [LU] 'generative AI' → 100 entries, 265 kept so far
04:14:55  INFO     [LU] +1 new articles saved
04:14:55  INFO     Scrape complete. 2137 new articles this run.
