13:21:58  INFO     Starting scrape: 27 countries, 5 queries each
/home/runner/work/EU_AI_News/EU_AI_News/eu_ai_news_scraper.py:230: DeprecationWarning: datetime.datetime.utcnow() is deprecated and scheduled for removal in a future version. Use timezone-aware objects to represent datetimes in UTC: datetime.datetime.now(datetime.UTC).
  "scraped_at":   datetime.utcnow().isoformat(),
13:21:59  INFO     [DE] 'artificial intelligence' → 100 entries, 47 kept so far
13:21:59  INFO     [PL] 'artificial intelligence' → 100 entries, 14 kept so far
13:21:59  INFO     [FR] 'artificial intelligence' → 101 entries, 60 kept so far
13:21:59  INFO     [IT] 'artificial intelligence' → 102 entries, 41 kept so far
13:21:59  INFO     [ES] 'artificial intelligence' → 100 entries, 62 kept so far
13:22:00  INFO     [DE] 'AI regulation' → 100 entries, 125 kept so far
13:22:01  INFO     [PL] 'AI regulation' → 78 entries, 75 kept so far
13:22:01  INFO     [FR] 'AI regulation' → 98 entries, 147 kept so far
13:22:01  INFO     [IT] 'AI regulation' → 100 entries, 132 kept so far
13:22:01  INFO     [ES] 'AI regulation' → 78 entries, 102 kept so far
13:22:02  INFO     [DE] 'machine learning' → 100 entries, 174 kept so far
13:22:02  INFO     [FR] 'machine learning' → 100 entries, 206 kept so far
13:22:02  INFO     [PL] 'machine learning' → 100 entries, 127 kept so far
13:22:02  INFO     [IT] 'machine learning' → 100 entries, 210 kept so far
13:22:02  INFO     [ES] 'machine learning' → 100 entries, 172 kept so far
13:22:04  INFO     [DE] 'EU AI Act' → 100 entries, 244 kept so far
13:22:04  INFO     [FR] 'EU AI Act' → 93 entries, 247 kept so far
13:22:04  INFO     [PL] 'EU AI Act' → 78 entries, 147 kept so far
13:22:04  INFO     [IT] 'EU AI Act' → 100 entries, 258 kept so far
13:22:04  INFO     [ES] 'EU AI Act' → 78 entries, 199 kept so far
13:22:05  INFO     [DE] 'generative AI' → 100 entries, 267 kept so far
13:22:06  INFO     [FR] 'generative AI' → 100 entries, 275 kept so far
13:22:06  INFO     [PL] 'generative AI' → 100 entries, 184 kept so far
13:22:06  INFO     [IT] 'generative AI' → 100 entries, 299 kept so far
13:22:06  INFO     [ES] 'generative AI' → 100 entries, 248 kept so far
13:22:06  INFO     [DE] +186 new articles saved
13:22:07  INFO     [FR] +168 new articles saved
13:22:07  INFO     [PL] +108 new articles saved
13:22:07  INFO     [IT] +205 new articles saved
13:22:07  INFO     [NL] 'artificial intelligence' → 100 entries, 9 kept so far
13:22:07  INFO     [ES] +152 new articles saved
13:22:07  INFO     [SE] 'artificial intelligence' → 100 entries, 12 kept so far
13:22:07  INFO     [BE] 'artificial intelligence' → 100 entries, 61 kept so far
13:22:07  INFO     [AT] 'artificial intelligence' → 100 entries, 41 kept so far
13:22:08  INFO     [DK] 'artificial intelligence' → 100 entries, 19 kept so far
13:22:09  INFO     [NL] 'AI regulation' → 78 entries, 56 kept so far
13:22:09  INFO     [SE] 'AI regulation' → 63 entries, 25 kept so far
13:22:09  INFO     [BE] 'AI regulation' → 96 entries, 146 kept so far
13:22:09  INFO     [AT] 'AI regulation' → 100 entries, 115 kept so far
13:22:09  INFO     [DK] 'AI regulation' → 50 entries, 26 kept so far
13:22:10  INFO     [SE] 'machine learning' → 81 entries, 48 kept so far
13:22:10  INFO     [NL] 'machine learning' → 100 entries, 111 kept so far
13:22:11  INFO     [BE] 'machine learning' → 100 entries, 202 kept so far
13:22:11  INFO     [AT] 'machine learning' → 100 entries, 164 kept so far
13:22:12  INFO     [SE] 'EU AI Act' → 60 entries, 54 kept so far
13:22:12  INFO     [DK] 'machine learning' → 80 entries, 47 kept so far
13:22:12  INFO     [NL] 'EU AI Act' → 100 entries, 142 kept so far
13:22:12  INFO     [BE] 'EU AI Act' → 100 entries, 247 kept so far
13:22:13  INFO     [AT] 'EU AI Act' → 100 entries, 240 kept so far
13:22:13  INFO     [SE] 'generative AI' → 73 entries, 64 kept so far
13:22:14  INFO     [DK] 'EU AI Act' → 76 entries, 66 kept so far
13:22:14  INFO     [NL] 'generative AI' → 100 entries, 172 kept so far
13:22:14  INFO     [BE] 'generative AI' → 100 entries, 274 kept so far
13:22:14  INFO     [AT] 'generative AI' → 100 entries, 264 kept so far
13:22:14  INFO     [SE] +35 new articles saved
13:22:15  INFO     [NL] +83 new articles saved
13:22:15  INFO     [FI] 'artificial intelligence' → 100 entries, 64 kept so far
13:22:15  INFO     [BE] +31 new articles saved
13:22:15  INFO     [DK] 'generative AI' → 99 entries, 100 kept so far
13:22:15  INFO     [PT] 'artificial intelligence' → 100 entries, 60 kept so far
13:22:15  INFO     [AT] +40 new articles saved
13:22:16  INFO     [CZ] 'artificial intelligence' → 100 entries, 20 kept so far
13:22:16  INFO     [RO] 'artificial intelligence' → 100 entries, 39 kept so far
13:22:16  INFO     [DK] +50 new articles saved
13:22:17  INFO     [FI] 'AI regulation' → 60 entries, 77 kept so far
13:22:17  INFO     [HU] 'artificial intelligence' → 100 entries, 21 kept so far
13:22:17  INFO     [PT] 'AI regulation' → 76 entries, 99 kept so far
13:22:17  INFO     [CZ] 'AI regulation' → 77 entries, 42 kept so far
13:22:18  INFO     [RO] 'AI regulation' → 78 entries, 49 kept so far
13:22:18  INFO     [FI] 'machine learning' → 84 entries, 123 kept so far
13:22:18  INFO     [HU] 'AI regulation' → 78 entries, 25 kept so far
13:22:19  INFO     [PT] 'machine learning' → 100 entries, 179 kept so far
13:22:19  INFO     [CZ] 'machine learning' → 79 entries, 63 kept so far
13:22:19  INFO     [RO] 'machine learning' → 100 entries, 106 kept so far
13:22:20  INFO     [FI] 'EU AI Act' → 66 entries, 163 kept so far
13:22:20  INFO     [HU] 'machine learning' → 66 entries, 45 kept so far
13:22:20  INFO     [PT] 'EU AI Act' → 66 entries, 192 kept so far
13:22:21  INFO     [CZ] 'EU AI Act' → 74 entries, 77 kept so far
13:22:21  INFO     [RO] 'EU AI Act' → 78 entries, 134 kept so far
13:22:21  INFO     [FI] 'generative AI' → 69 entries, 204 kept so far
13:22:22  INFO     [HU] 'EU AI Act' → 79 entries, 69 kept so far
13:22:22  INFO     [PT] 'generative AI' → 100 entries, 220 kept so far
13:22:22  INFO     [CZ] 'generative AI' → 75 entries, 95 kept so far
13:22:22  INFO     [RO] 'generative AI' → 92 entries, 158 kept so far
13:22:22  INFO     [FI] +114 new articles saved
13:22:23  INFO     [GR] 'artificial intelligence' → 100 entries, 43 kept so far
13:22:23  INFO     [HU] 'generative AI' → 67 entries, 91 kept so far
13:22:23  INFO     [PT] +140 new articles saved
13:22:23  INFO     [CZ] +62 new articles saved
13:22:23  INFO     [RO] +100 new articles saved
13:22:24  INFO     [SK] 'artificial intelligence' → 100 entries, 22 kept so far
13:22:24  INFO     [HR] 'artificial intelligence' → 104 entries, 42 kept so far
13:22:24  INFO     [IE] 'artificial intelligence' → 100 entries, 52 kept so far
13:22:24  INFO     [HU] +57 new articles saved
13:22:25  INFO     [GR] 'AI regulation' → 69 entries, 98 kept so far
13:22:25  INFO     [BG] 'artificial intelligence' → 89 entries, 37 kept so far
13:22:25  INFO     [SK] 'AI regulation' → 24 entries, 25 kept so far
13:22:26  INFO     [HR] 'AI regulation' → 100 entries, 85 kept so far
13:22:26  INFO     [IE] 'AI regulation' → 100 entries, 98 kept so far
13:22:26  INFO     [BG] 'AI regulation' → 24 entries, 40 kept so far
13:22:26  INFO     [GR] 'machine learning' → 100 entries, 136 kept so far
13:22:27  INFO     [SK] 'machine learning' → 59 entries, 42 kept so far
13:22:27  INFO     [HR] 'machine learning' → 100 entries, 159 kept so far
13:22:28  INFO     [IE] 'machine learning' → 100 entries, 177 kept so far
13:22:28  INFO     [BG] 'machine learning' → 53 entries, 51 kept so far
13:22:28  INFO     [GR] 'EU AI Act' → 66 entries, 152 kept so far
13:22:28  INFO     [SK] 'EU AI Act' → 67 entries, 51 kept so far
13:22:29  INFO     [HR] 'EU AI Act' → 100 entries, 245 kept so far
13:22:29  INFO     [BG] 'EU AI Act' → 17 entries, 53 kept so far
13:22:29  INFO     [IE] 'EU AI Act' → 100 entries, 252 kept so far
13:22:29  INFO     [GR] 'generative AI' → 100 entries, 201 kept so far
13:22:30  INFO     [SK] 'generative AI' → 50 entries, 66 kept so far
13:22:30  INFO     [HR] 'generative AI' → 100 entries, 309 kept so far
13:22:30  INFO     [BG] 'generative AI' → 36 entries, 59 kept so far
13:22:30  INFO     [GR] +136 new articles saved
13:22:31  INFO     [SK] +36 new articles saved
13:22:31  INFO     [LT] 'artificial intelligence' → 82 entries, 23 kept so far
13:22:31  INFO     [HR] +273 new articles saved
13:22:31  INFO     [BG] +37 new articles saved
13:22:31  INFO     [SI] 'artificial intelligence' → 100 entries, 42 kept so far
13:22:32  INFO     [IE] 'generative AI' → 100 entries, 314 kept so far
13:22:32  INFO     [LV] 'artificial intelligence' → 72 entries, 25 kept so far
13:22:32  INFO     [EE] 'artificial intelligence' → 96 entries, 43 kept so far
13:22:32  INFO     [LT] 'AI regulation' → 7 entries, 23 kept so far
13:22:33  INFO     [IE] +128 new articles saved
13:22:33  INFO     [SI] 'AI regulation' → 5 entries, 42 kept so far
13:22:33  INFO     [LV] 'AI regulation' → 3 entries, 25 kept so far
13:22:33  INFO     [CY] 'artificial intelligence' → 100 entries, 43 kept so far
13:22:33  INFO     [EE] 'AI regulation' → 4 entries, 43 kept so far
13:22:34  INFO     [LT] 'machine learning' → 32 entries, 26 kept so far
13:22:34  INFO     [SI] 'machine learning' → 20 entries, 43 kept so far
13:22:34  INFO     [LV] 'machine learning' → 12 entries, 30 kept so far
13:22:35  INFO     [EE] 'machine learning' → 23 entries, 44 kept so far
13:22:35  INFO     [CY] 'AI regulation' → 69 entries, 98 kept so far
13:22:35  INFO     [LT] 'EU AI Act' → 19 entries, 28 kept so far
13:22:36  INFO     [SI] 'EU AI Act' → 23 entries, 49 kept so far
13:22:36  INFO     [LV] 'EU AI Act' → 7 entries, 31 kept so far
13:22:36  INFO     [EE] 'EU AI Act' → 7 entries, 44 kept so far
13:22:36  INFO     [CY] 'machine learning' → 100 entries, 136 kept so far
13:22:36  INFO     [LT] 'generative AI' → 16 entries, 34 kept so far
13:22:37  INFO     [LV] 'generative AI' → 10 entries, 32 kept so far
13:22:37  INFO     [SI] 'generative AI' → 14 entries, 51 kept so far
13:22:37  INFO     [EE] 'generative AI' → 10 entries, 46 kept so far
13:22:37  INFO     [LT] +13 new articles saved
13:22:38  INFO     [CY] 'EU AI Act' → 66 entries, 152 kept so far
13:22:38  INFO     [LV] +16 new articles saved
13:22:38  INFO     [LU] 'artificial intelligence' → 101 entries, 60 kept so far
13:22:38  INFO     [SI] +20 new articles saved
13:22:38  INFO     [MT] 'artificial intelligence' → 104 entries, 42 kept so far
13:22:38  INFO     [EE] +27 new articles saved
13:22:39  INFO     [CY] 'generative AI' → 100 entries, 200 kept so far
13:22:39  INFO     [MT] 'AI regulation' → 100 entries, 85 kept so far
13:22:40  INFO     [LU] 'AI regulation' → 98 entries, 147 kept so far
13:22:40  INFO     [CY] +1 new articles saved
13:22:40  INFO     [MT] 'machine learning' → 100 entries, 159 kept so far
13:22:41  INFO     [LU] 'machine learning' → 100 entries, 206 kept so far
13:22:42  INFO     [MT] 'EU AI Act' → 100 entries, 245 kept so far
13:22:43  INFO     [LU] 'EU AI Act' → 92 entries, 247 kept so far
13:22:43  INFO     [MT] 'generative AI' → 100 entries, 309 kept so far
13:22:44  INFO     [MT] +0 new articles saved
13:22:44  INFO     [LU] 'generative AI' → 100 entries, 278 kept so far
13:22:45  INFO     [LU] +7 new articles saved
13:22:45  INFO     Scrape complete. 2225 new articles this run.
