06:27:39  INFO     Starting scrape: 27 countries, 5 queries each
/home/runner/work/EU_AI_News/EU_AI_News/eu_ai_news_scraper.py:230: DeprecationWarning: datetime.datetime.utcnow() is deprecated and scheduled for removal in a future version. Use timezone-aware objects to represent datetimes in UTC: datetime.datetime.now(datetime.UTC).
  "scraped_at":   datetime.utcnow().isoformat(),
06:27:39  INFO     [IT] 'artificial intelligence' → 100 entries, 42 kept so far
06:27:39  INFO     [ES] 'artificial intelligence' → 100 entries, 65 kept so far
06:27:39  INFO     [DE] 'artificial intelligence' → 100 entries, 47 kept so far
06:27:39  INFO     [FR] 'artificial intelligence' → 100 entries, 37 kept so far
06:27:39  INFO     [PL] 'artificial intelligence' → 100 entries, 14 kept so far
06:27:41  INFO     [DE] 'AI regulation' → 100 entries, 97 kept so far
06:27:41  INFO     [IT] 'AI regulation' → 100 entries, 119 kept so far
06:27:41  INFO     [ES] 'AI regulation' → 80 entries, 90 kept so far
06:27:41  INFO     [FR] 'AI regulation' → 100 entries, 96 kept so far
06:27:41  INFO     [PL] 'AI regulation' → 100 entries, 91 kept so far
06:27:42  INFO     [DE] 'machine learning' → 100 entries, 150 kept so far
06:27:42  INFO     [IT] 'machine learning' → 100 entries, 192 kept so far
06:27:43  INFO     [FR] 'machine learning' → 100 entries, 155 kept so far
06:27:43  INFO     [ES] 'machine learning' → 100 entries, 167 kept so far
06:27:43  INFO     [PL] 'machine learning' → 100 entries, 134 kept so far
06:27:44  INFO     [DE] 'EU AI Act' → 100 entries, 228 kept so far
06:27:44  INFO     [IT] 'EU AI Act' → 100 entries, 263 kept so far
06:27:44  INFO     [FR] 'EU AI Act' → 89 entries, 211 kept so far
06:27:44  INFO     [PL] 'EU AI Act' → 78 entries, 160 kept so far
06:27:44  INFO     [ES] 'EU AI Act' → 76 entries, 208 kept so far
06:27:45  INFO     [DE] 'generative AI' → 100 entries, 249 kept so far
06:27:46  INFO     [IT] 'generative AI' → 100 entries, 307 kept so far
06:27:46  INFO     [FR] 'generative AI' → 100 entries, 249 kept so far
06:27:46  INFO     [PL] 'generative AI' → 100 entries, 189 kept so far
06:27:46  INFO     [ES] 'generative AI' → 100 entries, 252 kept so far
06:27:46  INFO     [DE] +183 new articles saved
06:27:47  INFO     [IT] +191 new articles saved
06:27:47  INFO     [FR] +150 new articles saved
06:27:47  INFO     [PL] +123 new articles saved
06:27:47  INFO     [NL] 'artificial intelligence' → 100 entries, 16 kept so far
06:27:47  INFO     [ES] +143 new articles saved
06:27:47  INFO     [BE] 'artificial intelligence' → 100 entries, 61 kept so far
06:27:47  INFO     [SE] 'artificial intelligence' → 100 entries, 9 kept so far
06:27:47  INFO     [AT] 'artificial intelligence' → 100 entries, 48 kept so far
06:27:47  INFO     [DK] 'artificial intelligence' → 100 entries, 24 kept so far
06:27:48  INFO     [NL] 'AI regulation' → 76 entries, 75 kept so far
06:27:49  INFO     [BE] 'AI regulation' → 100 entries, 117 kept so far
06:27:49  INFO     [SE] 'AI regulation' → 76 entries, 27 kept so far
06:27:49  INFO     [DK] 'AI regulation' → 31 entries, 28 kept so far
06:27:49  INFO     [AT] 'AI regulation' → 100 entries, 107 kept so far
06:27:50  INFO     [NL] 'machine learning' → 100 entries, 129 kept so far
06:27:50  INFO     [SE] 'machine learning' → 74 entries, 46 kept so far
06:27:50  INFO     [DK] 'machine learning' → 34 entries, 39 kept so far
06:27:50  INFO     [BE] 'machine learning' → 100 entries, 172 kept so far
06:27:50  INFO     [AT] 'machine learning' → 100 entries, 162 kept so far
06:27:51  INFO     [NL] 'EU AI Act' → 96 entries, 154 kept so far
06:27:52  INFO     [SE] 'EU AI Act' → 74 entries, 48 kept so far
06:27:52  INFO     [DK] 'EU AI Act' → 77 entries, 58 kept so far
06:27:52  INFO     [BE] 'EU AI Act' → 95 entries, 232 kept so far
06:27:52  INFO     [AT] 'EU AI Act' → 100 entries, 248 kept so far
06:27:53  INFO     [NL] 'generative AI' → 100 entries, 182 kept so far
06:27:53  INFO     [SE] 'generative AI' → 72 entries, 59 kept so far
06:27:53  INFO     [DK] 'generative AI' → 89 entries, 85 kept so far
06:27:54  INFO     [BE] 'generative AI' → 100 entries, 261 kept so far
06:27:54  INFO     [AT] 'generative AI' → 100 entries, 270 kept so far
06:27:54  INFO     [NL] +90 new articles saved
06:27:54  INFO     [SE] +24 new articles saved
06:27:54  INFO     [FI] 'artificial intelligence' → 100 entries, 62 kept so far
06:27:54  INFO     [DK] +35 new articles saved
06:27:55  INFO     [BE] +31 new articles saved
06:27:55  INFO     [AT] +77 new articles saved
06:27:55  INFO     [PT] 'artificial intelligence' → 100 entries, 63 kept so far
06:27:55  INFO     [CZ] 'artificial intelligence' → 100 entries, 15 kept so far
06:27:55  INFO     [HU] 'artificial intelligence' → 100 entries, 12 kept so far
06:27:55  INFO     [RO] 'artificial intelligence' → 100 entries, 42 kept so far
06:27:56  INFO     [FI] 'AI regulation' → 45 entries, 75 kept so far
06:27:56  INFO     [PT] 'AI regulation' → 48 entries, 99 kept so far
06:27:57  INFO     [CZ] 'AI regulation' → 76 entries, 42 kept so far
06:27:57  INFO     [RO] 'AI regulation' → 33 entries, 49 kept so far
06:27:57  INFO     [HU] 'AI regulation' → 78 entries, 17 kept so far
06:27:58  INFO     [FI] 'machine learning' → 85 entries, 111 kept so far
06:27:58  INFO     [PT] 'machine learning' → 100 entries, 170 kept so far
06:27:58  INFO     [CZ] 'machine learning' → 76 entries, 60 kept so far
06:27:58  INFO     [RO] 'machine learning' → 99 entries, 98 kept so far
06:27:58  INFO     [HU] 'machine learning' → 75 entries, 46 kept so far
06:27:59  INFO     [FI] 'EU AI Act' → 63 entries, 144 kept so far
06:27:59  INFO     [PT] 'EU AI Act' → 54 entries, 181 kept so far
06:28:00  INFO     [CZ] 'EU AI Act' → 73 entries, 72 kept so far
06:28:00  INFO     [RO] 'EU AI Act' → 76 entries, 119 kept so far
06:28:00  INFO     [HU] 'EU AI Act' → 78 entries, 65 kept so far
06:28:01  INFO     [FI] 'generative AI' → 54 entries, 178 kept so far
06:28:01  INFO     [PT] 'generative AI' → 100 entries, 209 kept so far
06:28:01  INFO     [CZ] 'generative AI' → 78 entries, 90 kept so far
06:28:01  INFO     [RO] 'generative AI' → 80 entries, 138 kept so far
06:28:01  INFO     [HU] 'generative AI' → 74 entries, 86 kept so far
06:28:02  INFO     [FI] +84 new articles saved
06:28:02  INFO     [GR] 'artificial intelligence' → 100 entries, 38 kept so far
06:28:02  INFO     [PT] +132 new articles saved
06:28:02  INFO     [CZ] +58 new articles saved
06:28:02  INFO     [RO] +75 new articles saved
06:28:02  INFO     [HU] +47 new articles saved
06:28:03  INFO     [SK] 'artificial intelligence' → 100 entries, 24 kept so far
06:28:03  INFO     [HR] 'artificial intelligence' → 100 entries, 62 kept so far
06:28:03  INFO     [IE] 'artificial intelligence' → 100 entries, 61 kept so far
06:28:03  INFO     [BG] 'artificial intelligence' → 83 entries, 37 kept so far
06:28:04  INFO     [GR] 'AI regulation' → 62 entries, 94 kept so far
06:28:04  INFO     [SK] 'AI regulation' → 24 entries, 26 kept so far
06:28:04  INFO     [BG] 'AI regulation' → 7 entries, 37 kept so far
06:28:04  INFO     [HR] 'AI regulation' → 100 entries, 96 kept so far
06:28:04  INFO     [IE] 'AI regulation' → 100 entries, 101 kept so far
06:28:05  INFO     [GR] 'machine learning' → 100 entries, 131 kept so far
06:28:05  INFO     [SK] 'machine learning' → 56 entries, 38 kept so far
06:28:06  INFO     [BG] 'machine learning' → 52 entries, 45 kept so far
06:28:06  INFO     [HR] 'machine learning' → 100 entries, 158 kept so far
06:28:06  INFO     [IE] 'machine learning' → 100 entries, 159 kept so far
06:28:07  INFO     [GR] 'EU AI Act' → 59 entries, 150 kept so far
06:28:07  INFO     [BG] 'EU AI Act' → 16 entries, 47 kept so far
06:28:07  INFO     [SK] 'EU AI Act' → 65 entries, 51 kept so far
06:28:07  INFO     [HR] 'EU AI Act' → 100 entries, 241 kept so far
06:28:08  INFO     [IE] 'EU AI Act' → 100 entries, 232 kept so far
06:28:08  INFO     [GR] 'generative AI' → 100 entries, 194 kept so far
06:28:08  INFO     [BG] 'generative AI' → 25 entries, 51 kept so far
06:28:08  INFO     [SK] 'generative AI' → 45 entries, 62 kept so far
06:28:09  INFO     [HR] 'generative AI' → 100 entries, 288 kept so far
06:28:09  INFO     [GR] +131 new articles saved
06:28:09  INFO     [BG] +25 new articles saved
06:28:09  INFO     [SK] +31 new articles saved
06:28:10  INFO     [IE] 'generative AI' → 100 entries, 276 kept so far
06:28:10  INFO     [LT] 'artificial intelligence' → 90 entries, 27 kept so far
06:28:10  INFO     [SI] 'artificial intelligence' → 96 entries, 49 kept so far
06:28:10  INFO     [LV] 'artificial intelligence' → 63 entries, 21 kept so far
06:28:10  INFO     [HR] +254 new articles saved
06:28:11  INFO     [EE] 'artificial intelligence' → 100 entries, 45 kept so far
06:28:11  INFO     [IE] +84 new articles saved
06:28:11  INFO     [LT] 'AI regulation' → 13 entries, 27 kept so far
06:28:11  INFO     [SI] 'AI regulation' → 12 entries, 49 kept so far
06:28:11  INFO     [CY] 'artificial intelligence' → 100 entries, 38 kept so far
06:28:11  INFO     [LV] 'AI regulation' → 6 entries, 21 kept so far
06:28:12  INFO     [EE] 'AI regulation' → 7 entries, 45 kept so far
06:28:12  INFO     [LT] 'machine learning' → 30 entries, 31 kept so far
06:28:12  INFO     [LV] 'machine learning' → 11 entries, 22 kept so far
06:28:12  INFO     [SI] 'machine learning' → 21 entries, 51 kept so far
06:28:12  INFO     [CY] 'AI regulation' → 62 entries, 94 kept so far
06:28:13  INFO     [EE] 'machine learning' → 19 entries, 47 kept so far
06:28:14  INFO     [LT] 'EU AI Act' → 19 entries, 31 kept so far
06:28:14  INFO     [LV] 'EU AI Act' → 6 entries, 22 kept so far
06:28:14  INFO     [SI] 'EU AI Act' → 26 entries, 55 kept so far
06:28:14  INFO     [CY] 'machine learning' → 100 entries, 131 kept so far
06:28:15  INFO     [EE] 'EU AI Act' → 17 entries, 49 kept so far
06:28:15  INFO     [LT] 'generative AI' → 22 entries, 38 kept so far
06:28:15  INFO     [LV] 'generative AI' → 9 entries, 24 kept so far
06:28:15  INFO     [SI] 'generative AI' → 12 entries, 57 kept so far
06:28:15  INFO     [CY] 'EU AI Act' → 59 entries, 150 kept so far
06:28:16  INFO     [LT] +13 new articles saved
06:28:16  INFO     [LV] +11 new articles saved
06:28:16  INFO     [EE] 'generative AI' → 10 entries, 51 kept so far
06:28:16  INFO     [MT] 'artificial intelligence' → 100 entries, 62 kept so far
06:28:16  INFO     [SI] +22 new articles saved
06:28:16  INFO     [LU] 'artificial intelligence' → 100 entries, 37 kept so far
06:28:17  INFO     [CY] 'generative AI' → 100 entries, 194 kept so far
06:28:17  INFO     [EE] +24 new articles saved
06:28:17  INFO     [MT] 'AI regulation' → 100 entries, 96 kept so far
06:28:18  INFO     [LU] 'AI regulation' → 100 entries, 96 kept so far
06:28:18  INFO     [CY] +0 new articles saved
06:28:18  INFO     [MT] 'machine learning' → 100 entries, 158 kept so far
06:28:19  INFO     [LU] 'machine learning' → 100 entries, 155 kept so far
06:28:20  INFO     [MT] 'EU AI Act' → 100 entries, 241 kept so far
06:28:21  INFO     [MT] 'generative AI' → 100 entries, 288 kept so far
06:28:21  INFO     [LU] 'EU AI Act' → 89 entries, 213 kept so far
06:28:22  INFO     [MT] +0 new articles saved
06:28:23  INFO     [LU] 'generative AI' → 100 entries, 242 kept so far
06:28:24  INFO     [LU] +5 new articles saved
06:28:24  INFO     Scrape complete. 2043 new articles this run.
