13:17:59  INFO     Starting scrape: 27 countries, 5 queries each
/home/runner/work/EU_AI_News/EU_AI_News/eu_ai_news_scraper.py:230: DeprecationWarning: datetime.datetime.utcnow() is deprecated and scheduled for removal in a future version. Use timezone-aware objects to represent datetimes in UTC: datetime.datetime.now(datetime.UTC).
  "scraped_at":   datetime.utcnow().isoformat(),
13:17:59  INFO     [DE] 'artificial intelligence' → 100 entries, 52 kept so far
13:17:59  INFO     [PL] 'artificial intelligence' → 100 entries, 17 kept so far
13:18:00  INFO     [IT] 'artificial intelligence' → 100 entries, 45 kept so far
13:18:00  INFO     [FR] 'artificial intelligence' → 100 entries, 52 kept so far
13:18:00  INFO     [ES] 'artificial intelligence' → 100 entries, 61 kept so far
13:18:01  INFO     [DE] 'AI regulation' → 72 entries, 107 kept so far
13:18:01  INFO     [PL] 'AI regulation' → 100 entries, 93 kept so far
13:18:01  INFO     [FR] 'AI regulation' → 100 entries, 134 kept so far
13:18:01  INFO     [IT] 'AI regulation' → 100 entries, 137 kept so far
13:18:01  INFO     [ES] 'AI regulation' → 81 entries, 119 kept so far
13:18:02  INFO     [DE] 'machine learning' → 100 entries, 158 kept so far
13:18:03  INFO     [FR] 'machine learning' → 100 entries, 186 kept so far
13:18:03  INFO     [PL] 'machine learning' → 100 entries, 132 kept so far
13:18:03  INFO     [IT] 'machine learning' → 100 entries, 207 kept so far
13:18:03  INFO     [ES] 'machine learning' → 100 entries, 195 kept so far
13:18:04  INFO     [DE] 'EU AI Act' → 100 entries, 231 kept so far
13:18:04  INFO     [PL] 'EU AI Act' → 78 entries, 157 kept so far
13:18:04  INFO     [FR] 'EU AI Act' → 85 entries, 237 kept so far
13:18:04  INFO     [IT] 'EU AI Act' → 100 entries, 294 kept so far
13:18:05  INFO     [ES] 'EU AI Act' → 79 entries, 220 kept so far
13:18:06  INFO     [DE] 'generative AI' → 100 entries, 253 kept so far
13:18:06  INFO     [PL] 'generative AI' → 100 entries, 194 kept so far
13:18:06  INFO     [FR] 'generative AI' → 100 entries, 268 kept so far
13:18:06  INFO     [IT] 'generative AI' → 100 entries, 331 kept so far
13:18:06  INFO     [ES] 'generative AI' → 100 entries, 258 kept so far
13:18:07  INFO     [DE] +180 new articles saved
13:18:07  INFO     [PL] +126 new articles saved
13:18:07  INFO     [FR] +153 new articles saved
13:18:07  INFO     [IT] +200 new articles saved
13:18:07  INFO     [ES] +139 new articles saved
13:18:07  INFO     [NL] 'artificial intelligence' → 100 entries, 15 kept so far
13:18:07  INFO     [SE] 'artificial intelligence' → 100 entries, 8 kept so far
13:18:08  INFO     [BE] 'artificial intelligence' → 100 entries, 56 kept so far
13:18:08  INFO     [AT] 'artificial intelligence' → 100 entries, 55 kept so far
13:18:08  INFO     [DK] 'artificial intelligence' → 100 entries, 19 kept so far
13:18:09  INFO     [NL] 'AI regulation' → 78 entries, 67 kept so far
13:18:09  INFO     [SE] 'AI regulation' → 79 entries, 24 kept so far
13:18:09  INFO     [BE] 'AI regulation' → 100 entries, 138 kept so far
13:18:09  INFO     [AT] 'AI regulation' → 79 entries, 114 kept so far
13:18:09  INFO     [DK] 'AI regulation' → 45 entries, 30 kept so far
13:18:10  INFO     [NL] 'machine learning' → 100 entries, 119 kept so far
13:18:11  INFO     [SE] 'machine learning' → 75 entries, 48 kept so far
13:18:11  INFO     [BE] 'machine learning' → 100 entries, 190 kept so far
13:18:11  INFO     [DK] 'machine learning' → 83 entries, 52 kept so far
13:18:11  INFO     [AT] 'machine learning' → 100 entries, 164 kept so far
13:18:12  INFO     [NL] 'EU AI Act' → 100 entries, 144 kept so far
13:18:12  INFO     [SE] 'EU AI Act' → 73 entries, 51 kept so far
13:18:12  INFO     [DK] 'EU AI Act' → 75 entries, 68 kept so far
13:18:13  INFO     [BE] 'EU AI Act' → 89 entries, 242 kept so far
13:18:13  INFO     [AT] 'EU AI Act' → 100 entries, 242 kept so far
13:18:13  INFO     [NL] 'generative AI' → 100 entries, 171 kept so far
13:18:14  INFO     [SE] 'generative AI' → 75 entries, 58 kept so far
13:18:14  INFO     [DK] 'generative AI' → 100 entries, 103 kept so far
13:18:14  INFO     [BE] 'generative AI' → 100 entries, 270 kept so far
13:18:14  INFO     [AT] 'generative AI' → 100 entries, 264 kept so far
13:18:14  INFO     [NL] +75 new articles saved
13:18:15  INFO     [SE] +18 new articles saved
13:18:15  INFO     [FI] 'artificial intelligence' → 100 entries, 74 kept so far
13:18:15  INFO     [DK] +36 new articles saved
13:18:15  INFO     [BE] +27 new articles saved
13:18:15  INFO     [PT] 'artificial intelligence' → 100 entries, 61 kept so far
13:18:15  INFO     [AT] +29 new articles saved
13:18:16  INFO     [CZ] 'artificial intelligence' → 100 entries, 21 kept so far
13:18:16  INFO     [RO] 'artificial intelligence' → 100 entries, 42 kept so far
13:18:16  INFO     [HU] 'artificial intelligence' → 100 entries, 11 kept so far
13:18:17  INFO     [FI] 'AI regulation' → 54 entries, 87 kept so far
13:18:17  INFO     [PT] 'AI regulation' → 87 entries, 117 kept so far
13:18:17  INFO     [CZ] 'AI regulation' → 77 entries, 54 kept so far
13:18:18  INFO     [RO] 'AI regulation' → 78 entries, 53 kept so far
13:18:18  INFO     [HU] 'AI regulation' → 78 entries, 16 kept so far
13:18:19  INFO     [FI] 'machine learning' → 92 entries, 123 kept so far
13:18:19  INFO     [PT] 'machine learning' → 100 entries, 193 kept so far
13:18:19  INFO     [CZ] 'machine learning' → 88 entries, 75 kept so far
13:18:19  INFO     [RO] 'machine learning' → 100 entries, 105 kept so far
13:18:19  INFO     [HU] 'machine learning' → 72 entries, 45 kept so far
13:18:20  INFO     [FI] 'EU AI Act' → 62 entries, 152 kept so far
13:18:20  INFO     [PT] 'EU AI Act' → 59 entries, 205 kept so far
13:18:21  INFO     [CZ] 'EU AI Act' → 77 entries, 84 kept so far
13:18:21  INFO     [HU] 'EU AI Act' → 77 entries, 71 kept so far
13:18:21  INFO     [RO] 'EU AI Act' → 78 entries, 130 kept so far
13:18:22  INFO     [FI] 'generative AI' → 56 entries, 183 kept so far
13:18:22  INFO     [PT] 'generative AI' → 100 entries, 235 kept so far
13:18:22  INFO     [CZ] 'generative AI' → 94 entries, 107 kept so far
13:18:22  INFO     [HU] 'generative AI' → 73 entries, 94 kept so far
13:18:23  INFO     [RO] 'generative AI' → 85 entries, 154 kept so far
13:18:23  INFO     [FI] +86 new articles saved
13:18:23  INFO     [PT] +147 new articles saved
13:18:23  INFO     [CZ] +69 new articles saved
13:18:23  INFO     [GR] 'artificial intelligence' → 100 entries, 49 kept so far
13:18:23  INFO     [HU] +48 new articles saved
13:18:23  INFO     [HR] 'artificial intelligence' → 100 entries, 60 kept so far
13:18:24  INFO     [RO] +87 new articles saved
13:18:24  INFO     [SK] 'artificial intelligence' → 100 entries, 24 kept so far
13:18:24  INFO     [IE] 'artificial intelligence' → 100 entries, 56 kept so far
13:18:24  INFO     [BG] 'artificial intelligence' → 87 entries, 39 kept so far
13:18:25  INFO     [GR] 'AI regulation' → 61 entries, 104 kept so far
13:18:25  INFO     [HR] 'AI regulation' → 100 entries, 100 kept so far
13:18:25  INFO     [SK] 'AI regulation' → 18 entries, 28 kept so far
13:18:26  INFO     [IE] 'AI regulation' → 100 entries, 103 kept so far
13:18:26  INFO     [BG] 'AI regulation' → 18 entries, 40 kept so far
13:18:26  INFO     [GR] 'machine learning' → 94 entries, 143 kept so far
13:18:26  INFO     [SK] 'machine learning' → 57 entries, 42 kept so far
13:18:27  INFO     [HR] 'machine learning' → 100 entries, 176 kept so far
13:18:27  INFO     [BG] 'machine learning' → 51 entries, 48 kept so far
13:18:27  INFO     [IE] 'machine learning' → 100 entries, 182 kept so far
13:18:28  INFO     [SK] 'EU AI Act' → 64 entries, 56 kept so far
13:18:28  INFO     [GR] 'EU AI Act' → 61 entries, 161 kept so far
13:18:28  INFO     [HR] 'EU AI Act' → 100 entries, 261 kept so far
13:18:28  INFO     [BG] 'EU AI Act' → 14 entries, 53 kept so far
13:18:29  INFO     [IE] 'EU AI Act' → 100 entries, 258 kept so far
13:18:29  INFO     [SK] 'generative AI' → 44 entries, 64 kept so far
13:18:30  INFO     [HR] 'generative AI' → 100 entries, 319 kept so far
13:18:30  INFO     [GR] 'generative AI' → 100 entries, 206 kept so far
13:18:30  INFO     [BG] 'generative AI' → 27 entries, 56 kept so far
13:18:30  INFO     [SK] +30 new articles saved
13:18:31  INFO     [HR] +274 new articles saved
13:18:31  INFO     [IE] 'generative AI' → 100 entries, 312 kept so far
13:18:31  INFO     [GR] +129 new articles saved
13:18:31  INFO     [BG] +29 new articles saved
13:18:31  INFO     [LT] 'artificial intelligence' → 78 entries, 28 kept so far
13:18:31  INFO     [SI] 'artificial intelligence' → 100 entries, 48 kept so far
13:18:31  INFO     [LV] 'artificial intelligence' → 63 entries, 22 kept so far
13:18:32  INFO     [EE] 'artificial intelligence' → 100 entries, 45 kept so far
13:18:32  INFO     [IE] +86 new articles saved
13:18:32  INFO     [CY] 'artificial intelligence' → 100 entries, 49 kept so far
13:18:32  INFO     [LT] 'AI regulation' → 17 entries, 29 kept so far
13:18:32  INFO     [LV] 'AI regulation' → 9 entries, 22 kept so far
13:18:33  INFO     [SI] 'AI regulation' → 8 entries, 48 kept so far
13:18:33  INFO     [EE] 'AI regulation' → 10 entries, 45 kept so far
13:18:34  INFO     [CY] 'AI regulation' → 61 entries, 104 kept so far
13:18:34  INFO     [LV] 'machine learning' → 9 entries, 23 kept so far
13:18:34  INFO     [LT] 'machine learning' → 27 entries, 33 kept so far
13:18:34  INFO     [SI] 'machine learning' → 23 entries, 50 kept so far
13:18:34  INFO     [EE] 'machine learning' → 18 entries, 49 kept so far
13:18:35  INFO     [LV] 'EU AI Act' → 6 entries, 23 kept so far
13:18:35  INFO     [LT] 'EU AI Act' → 25 entries, 37 kept so far
13:18:35  INFO     [CY] 'machine learning' → 94 entries, 143 kept so far
13:18:35  INFO     [SI] 'EU AI Act' → 25 entries, 53 kept so far
13:18:36  INFO     [EE] 'EU AI Act' → 17 entries, 50 kept so far
13:18:36  INFO     [LV] 'generative AI' → 8 entries, 25 kept so far
13:18:37  INFO     [LT] 'generative AI' → 19 entries, 44 kept so far
13:18:37  INFO     [SI] 'generative AI' → 12 entries, 54 kept so far
13:18:37  INFO     [CY] 'EU AI Act' → 61 entries, 161 kept so far
13:18:37  INFO     [EE] 'generative AI' → 10 entries, 52 kept so far
13:18:37  INFO     [LV] +10 new articles saved
13:18:38  INFO     [LT] +17 new articles saved
13:18:38  INFO     [MT] 'artificial intelligence' → 100 entries, 60 kept so far
13:18:38  INFO     [SI] +15 new articles saved
13:18:38  INFO     [LU] 'artificial intelligence' → 100 entries, 52 kept so far
13:18:38  INFO     [EE] +19 new articles saved
13:18:38  INFO     [CY] 'generative AI' → 100 entries, 206 kept so far
13:18:39  INFO     [MT] 'AI regulation' → 100 entries, 100 kept so far
13:18:39  INFO     [CY] +0 new articles saved
13:18:40  INFO     [LU] 'AI regulation' → 100 entries, 134 kept so far
13:18:40  INFO     [MT] 'machine learning' → 100 entries, 176 kept so far
13:18:41  INFO     [LU] 'machine learning' → 100 entries, 186 kept so far
13:18:41  INFO     [MT] 'EU AI Act' → 100 entries, 261 kept so far
13:18:42  INFO     [MT] 'generative AI' → 100 entries, 319 kept so far
13:18:42  INFO     [LU] 'EU AI Act' → 85 entries, 237 kept so far
13:18:43  INFO     [MT] +0 new articles saved
13:18:44  INFO     [LU] 'generative AI' → 100 entries, 268 kept so far
13:18:45  INFO     [LU] +0 new articles saved
13:18:45  INFO     Scrape complete. 2029 new articles this run.
