06:46:20  INFO     Starting scrape: 27 countries, 5 queries each
06:46:25  WARNING  [FR] Feed parse issue for 'artificial intelligence'
06:46:26  WARNING  [IT] Feed parse issue for 'artificial intelligence'
06:46:27  WARNING  [PL] Feed parse issue for 'artificial intelligence'
06:46:27  WARNING  [ES] Feed parse issue for 'artificial intelligence'
06:46:29  WARNING  [DE] Feed parse issue for 'artificial intelligence'
06:46:32  WARNING  [FR] Feed parse issue for 'AI regulation'
06:46:34  WARNING  [IT] Feed parse issue for 'AI regulation'
06:46:35  WARNING  [PL] Feed parse issue for 'AI regulation'
06:46:37  WARNING  [ES] Feed parse issue for 'AI regulation'
06:46:39  WARNING  [DE] Feed parse issue for 'AI regulation'
06:46:39  WARNING  [FR] Feed parse issue for 'machine learning'
06:46:40  WARNING  [IT] Feed parse issue for 'machine learning'
06:46:43  WARNING  [ES] Feed parse issue for 'machine learning'
06:46:44  WARNING  [PL] Feed parse issue for 'machine learning'
06:46:46  WARNING  [FR] Feed parse issue for 'EU AI Act'
06:46:47  WARNING  [DE] Feed parse issue for 'machine learning'
06:46:49  WARNING  [IT] Feed parse issue for 'EU AI Act'
06:46:51  WARNING  [PL] Feed parse issue for 'EU AI Act'
06:46:52  WARNING  [FR] Feed parse issue for 'generative AI'
06:46:52  INFO     [FR] +0 new articles saved
06:46:53  WARNING  [ES] Feed parse issue for 'EU AI Act'
06:46:55  WARNING  [IT] Feed parse issue for 'generative AI'
06:46:55  INFO     [IT] +0 new articles saved
06:46:56  WARNING  [DE] Feed parse issue for 'EU AI Act'
06:46:58  WARNING  [NL] Feed parse issue for 'artificial intelligence'
06:47:01  WARNING  [PL] Feed parse issue for 'generative AI'
06:47:01  INFO     [PL] +0 new articles saved
06:47:02  WARNING  [BE] Feed parse issue for 'artificial intelligence'
06:47:02  WARNING  [DE] Feed parse issue for 'generative AI'
06:47:02  INFO     [DE] +0 new articles saved
06:47:03  WARNING  [ES] Feed parse issue for 'generative AI'
06:47:03  INFO     [ES] +0 new articles saved
06:47:07  WARNING  [NL] Feed parse issue for 'AI regulation'
06:47:08  WARNING  [DK] Feed parse issue for 'artificial intelligence'
06:47:08  WARNING  [SE] Feed parse issue for 'artificial intelligence'
06:47:10  WARNING  [AT] Feed parse issue for 'artificial intelligence'
06:47:11  WARNING  [BE] Feed parse issue for 'AI regulation'
06:47:14  WARNING  [DK] Feed parse issue for 'AI regulation'
06:47:14  WARNING  [NL] Feed parse issue for 'machine learning'
06:47:15  WARNING  [SE] Feed parse issue for 'AI regulation'
06:47:16  WARNING  [BE] Feed parse issue for 'machine learning'
06:47:20  WARNING  [AT] Feed parse issue for 'AI regulation'
06:47:20  WARNING  [DK] Feed parse issue for 'machine learning'
06:47:22  WARNING  [NL] Feed parse issue for 'EU AI Act'
06:47:23  WARNING  [SE] Feed parse issue for 'machine learning'
06:47:24  WARNING  [BE] Feed parse issue for 'EU AI Act'
06:47:27  WARNING  [AT] Feed parse issue for 'machine learning'
06:47:28  WARNING  [NL] Feed parse issue for 'generative AI'
06:47:28  INFO     [NL] +0 new articles saved
06:47:29  WARNING  [DK] Feed parse issue for 'EU AI Act'
06:47:30  WARNING  [BE] Feed parse issue for 'generative AI'
06:47:30  INFO     [BE] +0 new articles saved
06:47:32  WARNING  [SE] Feed parse issue for 'EU AI Act'
06:47:32  WARNING  [AT] Feed parse issue for 'EU AI Act'
06:47:36  WARNING  [FI] Feed parse issue for 'artificial intelligence'
06:47:38  WARNING  [DK] Feed parse issue for 'generative AI'
06:47:38  INFO     [DK] +0 new articles saved
06:47:38  WARNING  [PT] Feed parse issue for 'artificial intelligence'
06:47:39  WARNING  [SE] Feed parse issue for 'generative AI'
06:47:39  INFO     [SE] +0 new articles saved
06:47:41  WARNING  [AT] Feed parse issue for 'generative AI'
06:47:41  INFO     [AT] +0 new articles saved
06:47:43  WARNING  [CZ] Feed parse issue for 'artificial intelligence'
06:47:44  WARNING  [RO] Feed parse issue for 'artificial intelligence'
06:47:46  WARNING  [PT] Feed parse issue for 'AI regulation'
06:47:46  WARNING  [FI] Feed parse issue for 'AI regulation'
06:47:47  WARNING  [HU] Feed parse issue for 'artificial intelligence'
06:47:51  WARNING  [CZ] Feed parse issue for 'AI regulation'
06:47:52  WARNING  [PT] Feed parse issue for 'machine learning'
06:47:54  WARNING  [RO] Feed parse issue for 'AI regulation'
06:47:54  WARNING  [HU] Feed parse issue for 'AI regulation'
06:47:56  WARNING  [FI] Feed parse issue for 'machine learning'
06:47:58  WARNING  [CZ] Feed parse issue for 'machine learning'
06:48:02  WARNING  [PT] Feed parse issue for 'EU AI Act'
06:48:02  WARNING  [RO] Feed parse issue for 'machine learning'
06:48:03  WARNING  [HU] Feed parse issue for 'machine learning'
06:48:04  WARNING  [FI] Feed parse issue for 'EU AI Act'
06:48:07  WARNING  [CZ] Feed parse issue for 'EU AI Act'
06:48:09  WARNING  [PT] Feed parse issue for 'generative AI'
06:48:09  INFO     [PT] +0 new articles saved
06:48:10  WARNING  [FI] Feed parse issue for 'generative AI'
06:48:10  INFO     [FI] +0 new articles saved
06:48:10  WARNING  [RO] Feed parse issue for 'EU AI Act'
06:48:11  WARNING  [HU] Feed parse issue for 'EU AI Act'
06:48:12  WARNING  [CZ] Feed parse issue for 'generative AI'
06:48:12  INFO     [CZ] +0 new articles saved
06:48:14  WARNING  [GR] Feed parse issue for 'artificial intelligence'
06:48:15  WARNING  [SK] Feed parse issue for 'artificial intelligence'
06:48:16  WARNING  [RO] Feed parse issue for 'generative AI'
06:48:16  INFO     [RO] +0 new articles saved
06:48:19  WARNING  [HU] Feed parse issue for 'generative AI'
06:48:19  INFO     [HU] +0 new articles saved
06:48:21  WARNING  [IE] Feed parse issue for 'artificial intelligence'
06:48:21  WARNING  [SK] Feed parse issue for 'AI regulation'
06:48:24  WARNING  [HR] Feed parse issue for 'artificial intelligence'
06:48:24  WARNING  [GR] Feed parse issue for 'AI regulation'
06:48:29  WARNING  [IE] Feed parse issue for 'AI regulation'
06:48:29  WARNING  [BG] Feed parse issue for 'artificial intelligence'
06:48:29  WARNING  [SK] Feed parse issue for 'machine learning'
06:48:31  WARNING  [HR] Feed parse issue for 'AI regulation'
06:48:31  WARNING  [GR] Feed parse issue for 'machine learning'
06:48:36  WARNING  [SK] Feed parse issue for 'EU AI Act'
06:48:38  WARNING  [GR] Feed parse issue for 'EU AI Act'
06:48:38  WARNING  [IE] Feed parse issue for 'machine learning'
06:48:38  WARNING  [BG] Feed parse issue for 'AI regulation'
06:48:39  WARNING  [HR] Feed parse issue for 'machine learning'
06:48:42  WARNING  [SK] Feed parse issue for 'generative AI'
06:48:42  INFO     [SK] +0 new articles saved
06:48:45  WARNING  [BG] Feed parse issue for 'machine learning'
06:48:47  WARNING  [GR] Feed parse issue for 'generative AI'
06:48:47  INFO     [GR] +0 new articles saved
06:48:48  WARNING  [IE] Feed parse issue for 'EU AI Act'
06:48:49  WARNING  [HR] Feed parse issue for 'EU AI Act'
06:48:50  WARNING  [LT] Feed parse issue for 'artificial intelligence'
06:48:55  WARNING  [BG] Feed parse issue for 'EU AI Act'
06:48:55  WARNING  [IE] Feed parse issue for 'generative AI'
06:48:55  INFO     [IE] +0 new articles saved
06:48:56  WARNING  [HR] Feed parse issue for 'generative AI'
06:48:56  INFO     [HR] +0 new articles saved
06:48:56  WARNING  [LT] Feed parse issue for 'AI regulation'
06:48:57  WARNING  [SI] Feed parse issue for 'artificial intelligence'
06:49:00  WARNING  [BG] Feed parse issue for 'generative AI'
06:49:00  INFO     [BG] +0 new articles saved
06:49:01  WARNING  [EE] Feed parse issue for 'artificial intelligence'
06:49:01  WARNING  [LV] Feed parse issue for 'artificial intelligence'
06:49:03  WARNING  [LT] Feed parse issue for 'machine learning'
06:49:05  WARNING  [SI] Feed parse issue for 'AI regulation'
06:49:08  WARNING  [EE] Feed parse issue for 'AI regulation'
06:49:09  WARNING  [CY] Feed parse issue for 'artificial intelligence'
06:49:11  WARNING  [LV] Feed parse issue for 'AI regulation'
06:49:12  WARNING  [SI] Feed parse issue for 'machine learning'
06:49:13  WARNING  [LT] Feed parse issue for 'EU AI Act'
06:49:13  WARNING  [EE] Feed parse issue for 'machine learning'
06:49:14  WARNING  [CY] Feed parse issue for 'AI regulation'
06:49:16  WARNING  [LV] Feed parse issue for 'machine learning'
06:49:18  WARNING  [EE] Feed parse issue for 'EU AI Act'
06:49:18  WARNING  [LT] Feed parse issue for 'generative AI'
06:49:18  INFO     [LT] +0 new articles saved
06:49:20  WARNING  [SI] Feed parse issue for 'EU AI Act'
06:49:20  WARNING  [CY] Feed parse issue for 'machine learning'
06:49:23  WARNING  [LU] Feed parse issue for 'artificial intelligence'
06:49:24  WARNING  [LV] Feed parse issue for 'EU AI Act'
06:49:27  WARNING  [EE] Feed parse issue for 'generative AI'
06:49:27  INFO     [EE] +0 new articles saved
06:49:28  WARNING  [CY] Feed parse issue for 'EU AI Act'
06:49:29  WARNING  [SI] Feed parse issue for 'generative AI'
06:49:29  INFO     [SI] +0 new articles saved
06:49:32  WARNING  [LU] Feed parse issue for 'AI regulation'
06:49:34  WARNING  [LV] Feed parse issue for 'generative AI'
06:49:34  INFO     [LV] +0 new articles saved
06:49:35  WARNING  [CY] Feed parse issue for 'generative AI'
06:49:35  INFO     [CY] +0 new articles saved
06:49:36  WARNING  [MT] Feed parse issue for 'artificial intelligence'
06:49:42  WARNING  [LU] Feed parse issue for 'machine learning'
06:49:42  WARNING  [MT] Feed parse issue for 'AI regulation'
06:49:49  WARNING  [MT] Feed parse issue for 'machine learning'
06:49:50  WARNING  [LU] Feed parse issue for 'EU AI Act'
06:49:57  WARNING  [LU] Feed parse issue for 'generative AI'
06:49:57  INFO     [LU] +0 new articles saved
06:49:59  WARNING  [MT] Feed parse issue for 'EU AI Act'
06:50:08  WARNING  [MT] Feed parse issue for 'generative AI'
06:50:08  INFO     [MT] +0 new articles saved
06:50:08  INFO     Scrape complete. 0 new articles this run.
