11:43:44  INFO     Starting scrape: 27 countries, 5 queries each
/home/runner/work/EU_AI_News/EU_AI_News/eu_ai_news_scraper.py:230: DeprecationWarning: datetime.datetime.utcnow() is deprecated and scheduled for removal in a future version. Use timezone-aware objects to represent datetimes in UTC: datetime.datetime.now(datetime.UTC).
  "scraped_at":   datetime.utcnow().isoformat(),
11:43:44  INFO     [PL] 'artificial intelligence' → 100 entries, 16 kept so far
11:43:44  INFO     [ES] 'artificial intelligence' → 100 entries, 53 kept so far
11:43:44  INFO     [FR] 'artificial intelligence' → 102 entries, 67 kept so far
11:43:44  INFO     [DE] 'artificial intelligence' → 100 entries, 55 kept so far
11:43:45  INFO     [IT] 'artificial intelligence' → 100 entries, 34 kept so far
11:43:46  INFO     [PL] 'AI regulation' → 78 entries, 77 kept so far
11:43:46  INFO     [DE] 'AI regulation' → 100 entries, 132 kept so far
11:43:46  INFO     [ES] 'AI regulation' → 78 entries, 92 kept so far
11:43:46  INFO     [FR] 'AI regulation' → 100 entries, 156 kept so far
11:43:46  INFO     [IT] 'AI regulation' → 100 entries, 125 kept so far
11:43:48  INFO     [PL] 'machine learning' → 100 entries, 128 kept so far
11:43:48  INFO     [DE] 'machine learning' → 100 entries, 179 kept so far
11:43:48  INFO     [FR] 'machine learning' → 100 entries, 216 kept so far
11:43:48  INFO     [IT] 'machine learning' → 100 entries, 200 kept so far
11:43:48  INFO     [ES] 'machine learning' → 100 entries, 163 kept so far
11:43:49  INFO     [PL] 'EU AI Act' → 78 entries, 145 kept so far
11:43:49  INFO     [DE] 'EU AI Act' → 100 entries, 251 kept so far
11:43:49  INFO     [FR] 'EU AI Act' → 92 entries, 256 kept so far
11:43:49  INFO     [IT] 'EU AI Act' → 100 entries, 247 kept so far
11:43:50  INFO     [ES] 'EU AI Act' → 78 entries, 191 kept so far
11:43:51  INFO     [PL] 'generative AI' → 100 entries, 180 kept so far
11:43:51  INFO     [DE] 'generative AI' → 100 entries, 282 kept so far
11:43:51  INFO     [FR] 'generative AI' → 100 entries, 286 kept so far
11:43:51  INFO     [IT] 'generative AI' → 100 entries, 288 kept so far
11:43:52  INFO     [ES] 'generative AI' → 100 entries, 239 kept so far
11:43:52  INFO     [PL] +105 new articles saved
11:43:52  INFO     [DE] +205 new articles saved
11:43:52  INFO     [FR] +182 new articles saved
11:43:52  INFO     [IT] +197 new articles saved
11:43:52  INFO     [NL] 'artificial intelligence' → 100 entries, 12 kept so far
11:43:52  INFO     [BE] 'artificial intelligence' → 100 entries, 71 kept so far
11:43:53  INFO     [SE] 'artificial intelligence' → 100 entries, 14 kept so far
11:43:53  INFO     [ES] +151 new articles saved
11:43:53  INFO     [AT] 'artificial intelligence' → 100 entries, 49 kept so far
11:43:53  INFO     [DK] 'artificial intelligence' → 100 entries, 20 kept so far
11:43:54  INFO     [NL] 'AI regulation' → 78 entries, 57 kept so far
11:43:54  INFO     [BE] 'AI regulation' → 96 entries, 156 kept so far
11:43:54  INFO     [SE] 'AI regulation' → 74 entries, 29 kept so far
11:43:54  INFO     [AT] 'AI regulation' → 100 entries, 125 kept so far
11:43:55  INFO     [DK] 'AI regulation' → 48 entries, 28 kept so far
11:43:55  INFO     [NL] 'machine learning' → 100 entries, 112 kept so far
11:43:56  INFO     [BE] 'machine learning' → 100 entries, 211 kept so far
11:43:56  INFO     [SE] 'machine learning' → 81 entries, 53 kept so far
11:43:56  INFO     [AT] 'machine learning' → 100 entries, 174 kept so far
11:43:56  INFO     [DK] 'machine learning' → 79 entries, 49 kept so far
11:43:57  INFO     [NL] 'EU AI Act' → 100 entries, 143 kept so far
11:43:57  INFO     [BE] 'EU AI Act' → 100 entries, 256 kept so far
11:43:57  INFO     [SE] 'EU AI Act' → 66 entries, 61 kept so far
11:43:58  INFO     [AT] 'EU AI Act' → 100 entries, 250 kept so far
11:43:58  INFO     [DK] 'EU AI Act' → 76 entries, 68 kept so far
11:43:59  INFO     [NL] 'generative AI' → 100 entries, 173 kept so far
11:43:59  INFO     [BE] 'generative AI' → 100 entries, 281 kept so far
11:43:59  INFO     [SE] 'generative AI' → 73 entries, 71 kept so far
11:43:59  INFO     [AT] 'generative AI' → 100 entries, 284 kept so far
11:44:00  INFO     [DK] 'generative AI' → 100 entries, 104 kept so far
11:44:00  INFO     [NL] +84 new articles saved
11:44:00  INFO     [BE] +30 new articles saved
11:44:00  INFO     [SE] +40 new articles saved
11:44:00  INFO     [FI] 'artificial intelligence' → 100 entries, 66 kept so far
11:44:00  INFO     [AT] +52 new articles saved
11:44:01  INFO     [PT] 'artificial intelligence' → 100 entries, 59 kept so far
11:44:01  INFO     [CZ] 'artificial intelligence' → 100 entries, 19 kept so far
11:44:01  INFO     [DK] +52 new articles saved
11:44:01  INFO     [RO] 'artificial intelligence' → 100 entries, 40 kept so far
11:44:01  INFO     [HU] 'artificial intelligence' → 100 entries, 22 kept so far
11:44:02  INFO     [FI] 'AI regulation' → 60 entries, 77 kept so far
11:44:02  INFO     [CZ] 'AI regulation' → 77 entries, 41 kept so far
11:44:02  INFO     [PT] 'AI regulation' → 77 entries, 98 kept so far
11:44:02  INFO     [RO] 'AI regulation' → 77 entries, 49 kept so far
11:44:03  INFO     [HU] 'AI regulation' → 78 entries, 26 kept so far
11:44:03  INFO     [FI] 'machine learning' → 80 entries, 121 kept so far
11:44:04  INFO     [CZ] 'machine learning' → 77 entries, 62 kept so far
11:44:04  INFO     [RO] 'machine learning' → 100 entries, 104 kept so far
11:44:04  INFO     [PT] 'machine learning' → 100 entries, 180 kept so far
11:44:04  INFO     [HU] 'machine learning' → 69 entries, 48 kept so far
11:44:05  INFO     [FI] 'EU AI Act' → 66 entries, 160 kept so far
11:44:05  INFO     [CZ] 'EU AI Act' → 73 entries, 76 kept so far
11:44:06  INFO     [RO] 'EU AI Act' → 77 entries, 134 kept so far
11:44:06  INFO     [PT] 'EU AI Act' → 66 entries, 193 kept so far
11:44:06  INFO     [HU] 'EU AI Act' → 79 entries, 71 kept so far
11:44:07  INFO     [FI] 'generative AI' → 69 entries, 202 kept so far
11:44:07  INFO     [CZ] 'generative AI' → 76 entries, 93 kept so far
11:44:07  INFO     [RO] 'generative AI' → 93 entries, 157 kept so far
11:44:07  INFO     [HU] 'generative AI' → 68 entries, 93 kept so far
11:44:07  INFO     [PT] 'generative AI' → 100 entries, 222 kept so far
11:44:08  INFO     [FI] +112 new articles saved
11:44:08  INFO     [CZ] +60 new articles saved
11:44:08  INFO     [RO] +98 new articles saved
11:44:08  INFO     [GR] 'artificial intelligence' → 100 entries, 45 kept so far
11:44:08  INFO     [SK] 'artificial intelligence' → 100 entries, 22 kept so far
11:44:08  INFO     [HU] +57 new articles saved
11:44:08  INFO     [PT] +137 new articles saved
11:44:09  INFO     [BG] 'artificial intelligence' → 96 entries, 43 kept so far
11:44:09  INFO     [HR] 'artificial intelligence' → 101 entries, 58 kept so far
11:44:09  INFO     [IE] 'artificial intelligence' → 100 entries, 61 kept so far
11:44:10  INFO     [SK] 'AI regulation' → 29 entries, 25 kept so far
11:44:10  INFO     [GR] 'AI regulation' → 67 entries, 98 kept so far
11:44:10  INFO     [BG] 'AI regulation' → 25 entries, 47 kept so far
11:44:11  INFO     [HR] 'AI regulation' → 100 entries, 105 kept so far
11:44:11  INFO     [IE] 'AI regulation' → 100 entries, 107 kept so far
11:44:11  INFO     [SK] 'machine learning' → 60 entries, 40 kept so far
11:44:11  INFO     [GR] 'machine learning' → 100 entries, 137 kept so far
11:44:12  INFO     [BG] 'machine learning' → 53 entries, 58 kept so far
11:44:12  INFO     [HR] 'machine learning' → 100 entries, 178 kept so far
11:44:12  INFO     [IE] 'machine learning' → 100 entries, 191 kept so far
11:44:13  INFO     [SK] 'EU AI Act' → 60 entries, 50 kept so far
11:44:13  INFO     [GR] 'EU AI Act' → 65 entries, 153 kept so far
11:44:13  INFO     [BG] 'EU AI Act' → 22 entries, 60 kept so far
11:44:14  INFO     [HR] 'EU AI Act' → 100 entries, 261 kept so far
11:44:14  INFO     [SK] 'generative AI' → 50 entries, 65 kept so far
11:44:14  INFO     [IE] 'EU AI Act' → 100 entries, 266 kept so far
11:44:14  INFO     [GR] 'generative AI' → 100 entries, 200 kept so far
11:44:15  INFO     [BG] 'generative AI' → 37 entries, 66 kept so far
11:44:15  INFO     [HR] 'generative AI' → 100 entries, 338 kept so far
11:44:15  INFO     [SK] +35 new articles saved
11:44:15  INFO     [GR] +137 new articles saved
11:44:16  INFO     [BG] +43 new articles saved
11:44:16  INFO     [LT] 'artificial intelligence' → 84 entries, 26 kept so far
11:44:16  INFO     [LV] 'artificial intelligence' → 75 entries, 23 kept so far
11:44:16  INFO     [IE] 'generative AI' → 100 entries, 342 kept so far
11:44:16  INFO     [SI] 'artificial intelligence' → 100 entries, 41 kept so far
11:44:16  INFO     [HR] +307 new articles saved
11:44:17  INFO     [EE] 'artificial intelligence' → 95 entries, 48 kept so far
11:44:17  INFO     [LT] 'AI regulation' → 9 entries, 26 kept so far
11:44:17  INFO     [IE] +132 new articles saved
11:44:17  INFO     [LV] 'AI regulation' → 4 entries, 23 kept so far
11:44:17  INFO     [SI] 'AI regulation' → 5 entries, 41 kept so far
11:44:18  INFO     [CY] 'artificial intelligence' → 100 entries, 45 kept so far
11:44:18  INFO     [EE] 'AI regulation' → 4 entries, 48 kept so far
11:44:18  INFO     [LT] 'machine learning' → 34 entries, 29 kept so far
11:44:19  INFO     [LV] 'machine learning' → 11 entries, 28 kept so far
11:44:19  INFO     [SI] 'machine learning' → 21 entries, 43 kept so far
11:44:19  INFO     [CY] 'AI regulation' → 67 entries, 98 kept so far
11:44:19  INFO     [EE] 'machine learning' → 23 entries, 49 kept so far
11:44:20  INFO     [LT] 'EU AI Act' → 18 entries, 30 kept so far
11:44:20  INFO     [LV] 'EU AI Act' → 7 entries, 29 kept so far
11:44:20  INFO     [SI] 'EU AI Act' → 24 entries, 49 kept so far
11:44:21  INFO     [CY] 'machine learning' → 100 entries, 137 kept so far
11:44:21  INFO     [EE] 'EU AI Act' → 8 entries, 49 kept so far
11:44:21  INFO     [LT] 'generative AI' → 16 entries, 36 kept so far
11:44:21  INFO     [LV] 'generative AI' → 10 entries, 30 kept so far
11:44:21  INFO     [SI] 'generative AI' → 16 entries, 51 kept so far
11:44:22  INFO     [CY] 'EU AI Act' → 65 entries, 153 kept so far
11:44:22  INFO     [LT] +13 new articles saved
11:44:22  INFO     [EE] 'generative AI' → 10 entries, 51 kept so far
11:44:22  INFO     [LV] +15 new articles saved
11:44:22  INFO     [MT] 'artificial intelligence' → 101 entries, 58 kept so far
11:44:23  INFO     [LU] 'artificial intelligence' → 102 entries, 67 kept so far
11:44:23  INFO     [SI] +21 new articles saved
11:44:23  INFO     [EE] +30 new articles saved
11:44:24  INFO     [CY] 'generative AI' → 100 entries, 200 kept so far
11:44:24  INFO     [MT] 'AI regulation' → 100 entries, 105 kept so far
11:44:24  INFO     [LU] 'AI regulation' → 100 entries, 156 kept so far
11:44:25  INFO     [CY] +0 new articles saved
11:44:25  INFO     [MT] 'machine learning' → 100 entries, 178 kept so far
11:44:26  INFO     [LU] 'machine learning' → 100 entries, 216 kept so far
11:44:26  INFO     [MT] 'EU AI Act' → 100 entries, 261 kept so far
11:44:28  INFO     [MT] 'generative AI' → 100 entries, 338 kept so far
11:44:28  INFO     [LU] 'EU AI Act' → 92 entries, 256 kept so far
11:44:29  INFO     [MT] +0 new articles saved
11:44:30  INFO     [LU] 'generative AI' → 100 entries, 286 kept so far
11:44:31  INFO     [LU] +0 new articles saved
11:44:31  INFO     Scrape complete. 2295 new articles this run.
