06:54:28  INFO     Starting scrape: 27 countries, 5 queries each
/home/runner/work/EU_AI_News/EU_AI_News/eu_ai_news_scraper.py:230: DeprecationWarning: datetime.datetime.utcnow() is deprecated and scheduled for removal in a future version. Use timezone-aware objects to represent datetimes in UTC: datetime.datetime.now(datetime.UTC).
  "scraped_at":   datetime.utcnow().isoformat(),
06:54:29  INFO     [ES] 'artificial intelligence' → 44 entries, 29 kept so far
06:54:29  INFO     [IT] 'artificial intelligence' → 100 entries, 35 kept so far
06:54:29  INFO     [PL] 'artificial intelligence' → 100 entries, 19 kept so far
06:54:29  INFO     [FR] 'artificial intelligence' → 100 entries, 56 kept so far
06:54:29  INFO     [DE] 'artificial intelligence' → 100 entries, 54 kept so far
06:54:30  INFO     [ES] 'AI regulation' → 81 entries, 83 kept so far
06:54:31  INFO     [IT] 'AI regulation' → 100 entries, 128 kept so far
06:54:31  INFO     [PL] 'AI regulation' → 100 entries, 90 kept so far
06:54:31  INFO     [FR] 'AI regulation' → 100 entries, 141 kept so far
06:54:31  INFO     [DE] 'AI regulation' → 100 entries, 129 kept so far
06:54:32  INFO     [ES] 'machine learning' → 100 entries, 158 kept so far
06:54:32  INFO     [IT] 'machine learning' → 100 entries, 207 kept so far
06:54:32  INFO     [PL] 'machine learning' → 100 entries, 133 kept so far
06:54:32  INFO     [FR] 'machine learning' → 100 entries, 196 kept so far
06:54:32  INFO     [DE] 'machine learning' → 100 entries, 183 kept so far
06:54:34  INFO     [PL] 'EU AI Act' → 78 entries, 162 kept so far
06:54:34  INFO     [ES] 'EU AI Act' → 77 entries, 184 kept so far
06:54:34  INFO     [IT] 'EU AI Act' → 100 entries, 285 kept so far
06:54:34  INFO     [DE] 'EU AI Act' → 44 entries, 211 kept so far
06:54:34  INFO     [FR] 'EU AI Act' → 89 entries, 250 kept so far
06:54:35  INFO     [PL] 'generative AI' → 100 entries, 195 kept so far
06:54:35  INFO     [DE] 'generative AI' → 100 entries, 235 kept so far
06:54:35  INFO     [IT] 'generative AI' → 100 entries, 322 kept so far
06:54:36  INFO     [ES] 'generative AI' → 100 entries, 229 kept so far
06:54:36  INFO     [FR] 'generative AI' → 100 entries, 274 kept so far
06:54:36  INFO     [PL] +124 new articles saved
06:54:36  INFO     [DE] +168 new articles saved
06:54:36  INFO     [IT] +213 new articles saved
06:54:37  INFO     [ES] +134 new articles saved
06:54:37  INFO     [FR] +165 new articles saved
06:54:37  INFO     [NL] 'artificial intelligence' → 100 entries, 16 kept so far
06:54:37  INFO     [BE] 'artificial intelligence' → 100 entries, 59 kept so far
06:54:37  INFO     [AT] 'artificial intelligence' → 100 entries, 48 kept so far
06:54:37  INFO     [SE] 'artificial intelligence' → 100 entries, 11 kept so far
06:54:37  INFO     [DK] 'artificial intelligence' → 100 entries, 21 kept so far
06:54:38  INFO     [NL] 'AI regulation' → 79 entries, 68 kept so far
06:54:39  INFO     [BE] 'AI regulation' → 100 entries, 138 kept so far
06:54:39  INFO     [AT] 'AI regulation' → 100 entries, 126 kept so far
06:54:39  INFO     [DK] 'AI regulation' → 47 entries, 35 kept so far
06:54:39  INFO     [SE] 'AI regulation' → 76 entries, 26 kept so far
06:54:40  INFO     [NL] 'machine learning' → 100 entries, 129 kept so far
06:54:40  INFO     [BE] 'machine learning' → 100 entries, 192 kept so far
06:54:40  INFO     [SE] 'machine learning' → 71 entries, 46 kept so far
06:54:40  INFO     [DK] 'machine learning' → 71 entries, 49 kept so far
06:54:40  INFO     [AT] 'machine learning' → 100 entries, 178 kept so far
06:54:41  INFO     [NL] 'EU AI Act' → 100 entries, 157 kept so far
06:54:42  INFO     [SE] 'EU AI Act' → 71 entries, 50 kept so far
06:54:42  INFO     [BE] 'EU AI Act' → 94 entries, 243 kept so far
06:54:42  INFO     [DK] 'EU AI Act' → 77 entries, 64 kept so far
06:54:42  INFO     [AT] 'EU AI Act' → 100 entries, 248 kept so far
06:54:43  INFO     [NL] 'generative AI' → 100 entries, 186 kept so far
06:54:43  INFO     [SE] 'generative AI' → 72 entries, 59 kept so far
06:54:43  INFO     [BE] 'generative AI' → 100 entries, 267 kept so far
06:54:44  INFO     [DK] 'generative AI' → 90 entries, 90 kept so far
06:54:44  INFO     [AT] 'generative AI' → 100 entries, 274 kept so far
06:54:44  INFO     [NL] +92 new articles saved
06:54:44  INFO     [SE] +22 new articles saved
06:54:44  INFO     [BE] +20 new articles saved
06:54:45  INFO     [FI] 'artificial intelligence' → 100 entries, 63 kept so far
06:54:45  INFO     [DK] +37 new articles saved
06:54:45  INFO     [AT] +76 new articles saved
06:54:45  INFO     [PT] 'artificial intelligence' → 100 entries, 61 kept so far
06:54:45  INFO     [CZ] 'artificial intelligence' → 100 entries, 21 kept so far
06:54:45  INFO     [RO] 'artificial intelligence' → 100 entries, 43 kept so far
06:54:45  INFO     [HU] 'artificial intelligence' → 100 entries, 16 kept so far
06:54:46  INFO     [FI] 'AI regulation' → 55 entries, 78 kept so far
06:54:47  INFO     [PT] 'AI regulation' → 96 entries, 122 kept so far
06:54:47  INFO     [CZ] 'AI regulation' → 78 entries, 51 kept so far
06:54:47  INFO     [HU] 'AI regulation' → 77 entries, 22 kept so far
06:54:47  INFO     [RO] 'AI regulation' → 78 entries, 53 kept so far
06:54:48  INFO     [FI] 'machine learning' → 80 entries, 113 kept so far
06:54:48  INFO     [CZ] 'machine learning' → 80 entries, 69 kept so far
06:54:48  INFO     [PT] 'machine learning' → 100 entries, 197 kept so far
06:54:48  INFO     [HU] 'machine learning' → 70 entries, 50 kept so far
06:54:49  INFO     [RO] 'machine learning' → 100 entries, 108 kept so far
06:54:49  INFO     [FI] 'EU AI Act' → 68 entries, 148 kept so far
06:54:50  INFO     [CZ] 'EU AI Act' → 76 entries, 82 kept so far
06:54:50  INFO     [HU] 'EU AI Act' → 72 entries, 71 kept so far
06:54:50  INFO     [PT] 'EU AI Act' → 57 entries, 206 kept so far
06:54:50  INFO     [RO] 'EU AI Act' → 76 entries, 131 kept so far
06:54:51  INFO     [FI] 'generative AI' → 50 entries, 180 kept so far
06:54:51  INFO     [CZ] 'generative AI' → 83 entries, 100 kept so far
06:54:51  INFO     [HU] 'generative AI' → 74 entries, 96 kept so far
06:54:51  INFO     [PT] 'generative AI' → 100 entries, 234 kept so far
06:54:52  INFO     [RO] 'generative AI' → 87 entries, 152 kept so far
06:54:52  INFO     [FI] +92 new articles saved
06:54:52  INFO     [GR] 'artificial intelligence' → 100 entries, 37 kept so far
06:54:52  INFO     [CZ] +70 new articles saved
06:54:52  INFO     [HU] +52 new articles saved
06:54:52  INFO     [PT] +155 new articles saved
06:54:53  INFO     [RO] +79 new articles saved
06:54:53  INFO     [SK] 'artificial intelligence' → 100 entries, 22 kept so far
06:54:53  INFO     [IE] 'artificial intelligence' → 100 entries, 46 kept so far
06:54:53  INFO     [HR] 'artificial intelligence' → 102 entries, 43 kept so far
06:54:53  INFO     [BG] 'artificial intelligence' → 77 entries, 37 kept so far
06:54:54  INFO     [GR] 'AI regulation' → 62 entries, 93 kept so far
06:54:54  INFO     [SK] 'AI regulation' → 21 entries, 24 kept so far
06:54:54  INFO     [BG] 'AI regulation' → 11 entries, 38 kept so far
06:54:54  INFO     [HR] 'AI regulation' → 100 entries, 87 kept so far
06:54:55  INFO     [IE] 'AI regulation' → 100 entries, 84 kept so far
06:54:55  INFO     [GR] 'machine learning' → 94 entries, 129 kept so far
06:54:55  INFO     [SK] 'machine learning' → 58 entries, 37 kept so far
06:54:56  INFO     [BG] 'machine learning' → 52 entries, 46 kept so far
06:54:56  INFO     [IE] 'machine learning' → 100 entries, 148 kept so far
06:54:56  INFO     [HR] 'machine learning' → 100 entries, 147 kept so far
06:54:57  INFO     [GR] 'EU AI Act' → 62 entries, 150 kept so far
06:54:57  INFO     [SK] 'EU AI Act' → 56 entries, 47 kept so far
06:54:57  INFO     [BG] 'EU AI Act' → 17 entries, 49 kept so far
06:54:58  INFO     [HR] 'EU AI Act' → 100 entries, 230 kept so far
06:54:58  INFO     [IE] 'EU AI Act' → 100 entries, 221 kept so far
06:54:58  INFO     [GR] 'generative AI' → 100 entries, 194 kept so far
06:54:58  INFO     [SK] 'generative AI' → 42 entries, 57 kept so far
06:54:58  INFO     [BG] 'generative AI' → 16 entries, 52 kept so far
06:54:59  INFO     [GR] +126 new articles saved
06:54:59  INFO     [HR] 'generative AI' → 100 entries, 284 kept so far
06:54:59  INFO     [SK] +30 new articles saved
06:54:59  INFO     [IE] 'generative AI' → 100 entries, 274 kept so far
06:54:59  INFO     [BG] +28 new articles saved
06:55:00  INFO     [LT] 'artificial intelligence' → 89 entries, 25 kept so far
06:55:00  INFO     [SI] 'artificial intelligence' → 94 entries, 44 kept so far
06:55:00  INFO     [LV] 'artificial intelligence' → 61 entries, 19 kept so far
06:55:00  INFO     [HR] +241 new articles saved
06:55:00  INFO     [IE] +94 new articles saved
06:55:01  INFO     [EE] 'artificial intelligence' → 100 entries, 43 kept so far
06:55:01  INFO     [LT] 'AI regulation' → 17 entries, 26 kept so far
06:55:01  INFO     [CY] 'artificial intelligence' → 100 entries, 37 kept so far
06:55:01  INFO     [SI] 'AI regulation' → 12 entries, 44 kept so far
06:55:01  INFO     [LV] 'AI regulation' → 8 entries, 19 kept so far
06:55:02  INFO     [EE] 'AI regulation' → 6 entries, 43 kept so far
06:55:02  INFO     [CY] 'AI regulation' → 62 entries, 93 kept so far
06:55:02  INFO     [LT] 'machine learning' → 30 entries, 30 kept so far
06:55:02  INFO     [SI] 'machine learning' → 20 entries, 46 kept so far
06:55:02  INFO     [LV] 'machine learning' → 10 entries, 20 kept so far
06:55:03  INFO     [EE] 'machine learning' → 22 entries, 44 kept so far
06:55:04  INFO     [LT] 'EU AI Act' → 21 entries, 31 kept so far
06:55:04  INFO     [LV] 'EU AI Act' → 4 entries, 20 kept so far
06:55:04  INFO     [CY] 'machine learning' → 94 entries, 129 kept so far
06:55:04  INFO     [SI] 'EU AI Act' → 21 entries, 49 kept so far
06:55:05  INFO     [EE] 'EU AI Act' → 15 entries, 45 kept so far
06:55:05  INFO     [LT] 'generative AI' → 21 entries, 38 kept so far
06:55:05  INFO     [LV] 'generative AI' → 8 entries, 22 kept so far
06:55:05  INFO     [SI] 'generative AI' → 12 entries, 51 kept so far
06:55:05  INFO     [CY] 'EU AI Act' → 62 entries, 150 kept so far
06:55:06  INFO     [LT] +14 new articles saved
06:55:06  INFO     [LV] +11 new articles saved
06:55:06  INFO     [SI] +21 new articles saved
06:55:06  INFO     [MT] 'artificial intelligence' → 102 entries, 43 kept so far
06:55:06  INFO     [EE] 'generative AI' → 11 entries, 48 kept so far
06:55:06  INFO     [LU] 'artificial intelligence' → 100 entries, 56 kept so far
06:55:07  INFO     [CY] 'generative AI' → 100 entries, 194 kept so far
06:55:07  INFO     [EE] +23 new articles saved
06:55:07  INFO     [MT] 'AI regulation' → 100 entries, 87 kept so far
06:55:08  INFO     [CY] +0 new articles saved
06:55:08  INFO     [LU] 'AI regulation' → 100 entries, 142 kept so far
06:55:08  INFO     [MT] 'machine learning' → 100 entries, 147 kept so far
06:55:09  INFO     [LU] 'machine learning' → 100 entries, 197 kept so far
06:55:10  INFO     [MT] 'EU AI Act' → 100 entries, 230 kept so far
06:55:11  INFO     [MT] 'generative AI' → 100 entries, 284 kept so far
06:55:11  INFO     [LU] 'EU AI Act' → 89 entries, 251 kept so far
06:55:12  INFO     [MT] +0 new articles saved
06:55:12  INFO     [LU] 'generative AI' → 100 entries, 275 kept so far
06:55:13  INFO     [LU] +3 new articles saved
06:55:13  INFO     Scrape complete. 2090 new articles this run.
