20:48:25  INFO     Starting scrape: 27 countries, 5 queries each
/home/runner/work/EU_AI_News/EU_AI_News/eu_ai_news_scraper.py:230: DeprecationWarning: datetime.datetime.utcnow() is deprecated and scheduled for removal in a future version. Use timezone-aware objects to represent datetimes in UTC: datetime.datetime.now(datetime.UTC).
  "scraped_at":   datetime.utcnow().isoformat(),
20:48:25  INFO     [PL] 'artificial intelligence' → 100 entries, 11 kept so far
20:48:25  INFO     [DE] 'artificial intelligence' → 100 entries, 50 kept so far
20:48:25  INFO     [FR] 'artificial intelligence' → 100 entries, 33 kept so far
20:48:25  INFO     [IT] 'artificial intelligence' → 100 entries, 50 kept so far
20:48:25  INFO     [ES] 'artificial intelligence' → 100 entries, 58 kept so far
20:48:27  INFO     [DE] 'AI regulation' → 62 entries, 95 kept so far
20:48:27  INFO     [PL] 'AI regulation' → 100 entries, 89 kept so far
20:48:27  INFO     [FR] 'AI regulation' → 100 entries, 114 kept so far
20:48:27  INFO     [IT] 'AI regulation' → 100 entries, 135 kept so far
20:48:27  INFO     [ES] 'AI regulation' → 81 entries, 114 kept so far
20:48:28  INFO     [DE] 'machine learning' → 100 entries, 151 kept so far
20:48:28  INFO     [PL] 'machine learning' → 100 entries, 132 kept so far
20:48:29  INFO     [FR] 'machine learning' → 100 entries, 172 kept so far
20:48:29  INFO     [IT] 'machine learning' → 100 entries, 206 kept so far
20:48:29  INFO     [ES] 'machine learning' → 100 entries, 190 kept so far
20:48:30  INFO     [DE] 'EU AI Act' → 100 entries, 230 kept so far
20:48:30  INFO     [FR] 'EU AI Act' → 78 entries, 218 kept so far
20:48:30  INFO     [PL] 'EU AI Act' → 76 entries, 157 kept so far
20:48:30  INFO     [IT] 'EU AI Act' → 100 entries, 283 kept so far
20:48:31  INFO     [ES] 'EU AI Act' → 77 entries, 215 kept so far
20:48:31  INFO     [DE] 'generative AI' → 100 entries, 253 kept so far
20:48:32  INFO     [FR] 'generative AI' → 100 entries, 246 kept so far
20:48:32  INFO     [PL] 'generative AI' → 100 entries, 188 kept so far
20:48:32  INFO     [IT] 'generative AI' → 100 entries, 326 kept so far
20:48:32  INFO     [ES] 'generative AI' → 100 entries, 260 kept so far
20:48:32  INFO     [DE] +180 new articles saved
20:48:33  INFO     [FR] +134 new articles saved
20:48:33  INFO     [PL] +125 new articles saved
20:48:33  INFO     [NL] 'artificial intelligence' → 100 entries, 19 kept so far
20:48:33  INFO     [IT] +227 new articles saved
20:48:33  INFO     [SE] 'artificial intelligence' → 100 entries, 9 kept so far
20:48:33  INFO     [ES] +153 new articles saved
20:48:33  INFO     [BE] 'artificial intelligence' → 100 entries, 47 kept so far
20:48:34  INFO     [AT] 'artificial intelligence' → 100 entries, 48 kept so far
20:48:34  INFO     [DK] 'artificial intelligence' → 100 entries, 22 kept so far
20:48:34  INFO     [NL] 'AI regulation' → 77 entries, 71 kept so far
20:48:35  INFO     [SE] 'AI regulation' → 79 entries, 25 kept so far
20:48:35  INFO     [BE] 'AI regulation' → 100 entries, 125 kept so far
20:48:35  INFO     [AT] 'AI regulation' → 100 entries, 127 kept so far
20:48:36  INFO     [DK] 'AI regulation' → 42 entries, 34 kept so far
20:48:36  INFO     [NL] 'machine learning' → 100 entries, 128 kept so far
20:48:37  INFO     [SE] 'machine learning' → 77 entries, 45 kept so far
20:48:37  INFO     [AT] 'machine learning' → 100 entries, 182 kept so far
20:48:37  INFO     [BE] 'machine learning' → 100 entries, 182 kept so far
20:48:37  INFO     [DK] 'machine learning' → 82 entries, 56 kept so far
20:48:38  INFO     [NL] 'EU AI Act' → 95 entries, 152 kept so far
20:48:38  INFO     [SE] 'EU AI Act' → 75 entries, 48 kept so far
20:48:38  INFO     [AT] 'EU AI Act' → 100 entries, 254 kept so far
20:48:39  INFO     [BE] 'EU AI Act' → 87 entries, 229 kept so far
20:48:39  INFO     [DK] 'EU AI Act' → 75 entries, 72 kept so far
20:48:39  INFO     [NL] 'generative AI' → 100 entries, 180 kept so far
20:48:40  INFO     [SE] 'generative AI' → 75 entries, 57 kept so far
20:48:40  INFO     [AT] 'generative AI' → 100 entries, 279 kept so far
20:48:40  INFO     [NL] +92 new articles saved
20:48:40  INFO     [BE] 'generative AI' → 100 entries, 252 kept so far
20:48:41  INFO     [SE] +24 new articles saved
20:48:41  INFO     [DK] 'generative AI' → 92 entries, 98 kept so far
20:48:41  INFO     [FI] 'artificial intelligence' → 100 entries, 67 kept so far
20:48:41  INFO     [AT] +75 new articles saved
20:48:41  INFO     [BE] +34 new articles saved
20:48:41  INFO     [PT] 'artificial intelligence' → 100 entries, 61 kept so far
20:48:42  INFO     [DK] +35 new articles saved
20:48:42  INFO     [CZ] 'artificial intelligence' → 100 entries, 15 kept so far
20:48:42  INFO     [RO] 'artificial intelligence' → 100 entries, 46 kept so far
20:48:42  INFO     [HU] 'artificial intelligence' → 100 entries, 17 kept so far
20:48:42  INFO     [FI] 'AI regulation' → 54 entries, 80 kept so far
20:48:43  INFO     [PT] 'AI regulation' → 95 entries, 121 kept so far
20:48:43  INFO     [CZ] 'AI regulation' → 75 entries, 42 kept so far
20:48:44  INFO     [RO] 'AI regulation' → 80 entries, 56 kept so far
20:48:44  INFO     [HU] 'AI regulation' → 79 entries, 23 kept so far
20:48:44  INFO     [FI] 'machine learning' → 86 entries, 123 kept so far
20:48:45  INFO     [PT] 'machine learning' → 100 entries, 195 kept so far
20:48:45  INFO     [CZ] 'machine learning' → 75 entries, 59 kept so far
20:48:45  INFO     [RO] 'machine learning' → 100 entries, 106 kept so far
20:48:45  INFO     [HU] 'machine learning' → 69 entries, 48 kept so far
20:48:46  INFO     [FI] 'EU AI Act' → 68 entries, 160 kept so far
20:48:47  INFO     [PT] 'EU AI Act' → 62 entries, 208 kept so far
20:48:47  INFO     [CZ] 'EU AI Act' → 75 entries, 69 kept so far
20:48:47  INFO     [RO] 'EU AI Act' → 78 entries, 122 kept so far
20:48:47  INFO     [HU] 'EU AI Act' → 79 entries, 73 kept so far
20:48:47  INFO     [FI] 'generative AI' → 59 entries, 196 kept so far
20:48:48  INFO     [CZ] 'generative AI' → 76 entries, 83 kept so far
20:48:48  INFO     [RO] 'generative AI' → 76 entries, 144 kept so far
20:48:48  INFO     [HU] 'generative AI' → 72 entries, 94 kept so far
20:48:48  INFO     [PT] 'generative AI' → 100 entries, 241 kept so far
20:48:48  INFO     [FI] +95 new articles saved
20:48:49  INFO     [GR] 'artificial intelligence' → 100 entries, 39 kept so far
20:48:49  INFO     [CZ] +54 new articles saved
20:48:49  INFO     [RO] +78 new articles saved
20:48:49  INFO     [HU] +52 new articles saved
20:48:49  INFO     [PT] +153 new articles saved
20:48:50  INFO     [SK] 'artificial intelligence' → 100 entries, 23 kept so far
20:48:50  INFO     [BG] 'artificial intelligence' → 73 entries, 32 kept so far
20:48:50  INFO     [HR] 'artificial intelligence' → 100 entries, 59 kept so far
20:48:50  INFO     [IE] 'artificial intelligence' → 100 entries, 64 kept so far
20:48:51  INFO     [GR] 'AI regulation' → 63 entries, 94 kept so far
20:48:51  INFO     [SK] 'AI regulation' → 26 entries, 26 kept so far
20:48:51  INFO     [BG] 'AI regulation' → 14 entries, 34 kept so far
20:48:52  INFO     [HR] 'AI regulation' → 100 entries, 111 kept so far
20:48:52  INFO     [IE] 'AI regulation' → 100 entries, 118 kept so far
20:48:52  INFO     [GR] 'machine learning' → 100 entries, 135 kept so far
20:48:53  INFO     [BG] 'machine learning' → 57 entries, 42 kept so far
20:48:53  INFO     [SK] 'machine learning' → 55 entries, 39 kept so far
20:48:53  INFO     [HR] 'machine learning' → 100 entries, 178 kept so far
20:48:54  INFO     [IE] 'machine learning' → 100 entries, 184 kept so far
20:48:54  INFO     [GR] 'EU AI Act' → 58 entries, 157 kept so far
20:48:54  INFO     [BG] 'EU AI Act' → 15 entries, 45 kept so far
20:48:54  INFO     [SK] 'EU AI Act' → 55 entries, 50 kept so far
20:48:55  INFO     [HR] 'EU AI Act' → 100 entries, 259 kept so far
20:48:55  INFO     [BG] 'generative AI' → 31 entries, 52 kept so far
20:48:56  INFO     [GR] 'generative AI' → 100 entries, 195 kept so far
20:48:56  INFO     [SK] 'generative AI' → 27 entries, 55 kept so far
20:48:56  INFO     [IE] 'EU AI Act' → 100 entries, 255 kept so far
20:48:56  INFO     [BG] +25 new articles saved
20:48:57  INFO     [GR] +131 new articles saved
20:48:57  INFO     [SK] +25 new articles saved
20:48:57  INFO     [LT] 'artificial intelligence' → 86 entries, 28 kept so far
20:48:57  INFO     [HR] 'generative AI' → 100 entries, 315 kept so far
20:48:57  INFO     [LV] 'artificial intelligence' → 67 entries, 22 kept so far
20:48:57  INFO     [SI] 'artificial intelligence' → 91 entries, 47 kept so far
20:48:57  INFO     [IE] 'generative AI' → 100 entries, 310 kept so far
20:48:58  INFO     [HR] +275 new articles saved
20:48:58  INFO     [LT] 'AI regulation' → 19 entries, 29 kept so far
20:48:58  INFO     [LV] 'AI regulation' → 7 entries, 23 kept so far
20:48:58  INFO     [IE] +107 new articles saved
20:48:59  INFO     [EE] 'artificial intelligence' → 100 entries, 52 kept so far
20:48:59  INFO     [SI] 'AI regulation' → 13 entries, 47 kept so far
20:48:59  INFO     [CY] 'artificial intelligence' → 100 entries, 39 kept so far
20:49:00  INFO     [LT] 'machine learning' → 31 entries, 33 kept so far
20:49:00  INFO     [LV] 'machine learning' → 12 entries, 24 kept so far
20:49:00  INFO     [EE] 'AI regulation' → 6 entries, 52 kept so far
20:49:00  INFO     [SI] 'machine learning' → 21 entries, 48 kept so far
20:49:00  INFO     [CY] 'AI regulation' → 63 entries, 94 kept so far
20:49:01  INFO     [LV] 'EU AI Act' → 5 entries, 24 kept so far
20:49:01  INFO     [LT] 'EU AI Act' → 19 entries, 34 kept so far
20:49:01  INFO     [EE] 'machine learning' → 24 entries, 54 kept so far
20:49:02  INFO     [SI] 'EU AI Act' → 27 entries, 53 kept so far
20:49:02  INFO     [CY] 'machine learning' → 100 entries, 135 kept so far
20:49:02  INFO     [LV] 'generative AI' → 8 entries, 26 kept so far
20:49:02  INFO     [LT] 'generative AI' → 17 entries, 40 kept so far
20:49:03  INFO     [SI] 'generative AI' → 12 entries, 55 kept so far
20:49:03  INFO     [EE] 'EU AI Act' → 9 entries, 54 kept so far
20:49:03  INFO     [LV] +12 new articles saved
20:49:03  INFO     [LT] +14 new articles saved
20:49:03  INFO     [CY] 'EU AI Act' → 58 entries, 157 kept so far
20:49:04  INFO     [MT] 'artificial intelligence' → 100 entries, 59 kept so far
20:49:04  INFO     [LU] 'artificial intelligence' → 100 entries, 50 kept so far
20:49:04  INFO     [SI] +21 new articles saved
20:49:04  INFO     [EE] 'generative AI' → 10 entries, 57 kept so far
20:49:05  INFO     [MT] 'AI regulation' → 100 entries, 111 kept so far
20:49:05  INFO     [CY] 'generative AI' → 100 entries, 195 kept so far
20:49:05  INFO     [EE] +27 new articles saved
20:49:06  INFO     [LU] 'AI regulation' → 100 entries, 130 kept so far
20:49:06  INFO     [CY] +0 new articles saved
20:49:06  INFO     [MT] 'machine learning' → 100 entries, 178 kept so far
20:49:07  INFO     [LU] 'machine learning' → 100 entries, 188 kept so far
20:49:07  INFO     [MT] 'EU AI Act' → 100 entries, 259 kept so far
20:49:08  INFO     [MT] 'generative AI' → 100 entries, 315 kept so far
20:49:09  INFO     [LU] 'EU AI Act' → 78 entries, 234 kept so far
20:49:09  INFO     [MT] +0 new articles saved
20:49:11  INFO     [LU] 'generative AI' → 100 entries, 262 kept so far
20:49:12  INFO     [LU] +10 new articles saved
20:49:12  INFO     Scrape complete. 2158 new articles this run.
