10:58:38  INFO     Starting scrape: 27 countries, 5 queries each
/home/runner/work/EU_AI_News/EU_AI_News/eu_ai_news_scraper.py:230: DeprecationWarning: datetime.datetime.utcnow() is deprecated and scheduled for removal in a future version. Use timezone-aware objects to represent datetimes in UTC: datetime.datetime.now(datetime.UTC).
  "scraped_at":   datetime.utcnow().isoformat(),
10:58:39  INFO     [DE] 'artificial intelligence' → 100 entries, 35 kept so far
10:58:39  INFO     [FR] 'artificial intelligence' → 100 entries, 61 kept so far
10:58:39  INFO     [ES] 'artificial intelligence' → 100 entries, 64 kept so far
10:58:39  INFO     [PL] 'artificial intelligence' → 100 entries, 7 kept so far
10:58:39  INFO     [IT] 'artificial intelligence' → 102 entries, 26 kept so far
10:58:41  INFO     [DE] 'AI regulation' → 100 entries, 116 kept so far
10:58:41  INFO     [FR] 'AI regulation' → 100 entries, 149 kept so far
10:58:41  INFO     [ES] 'AI regulation' → 79 entries, 104 kept so far
10:58:41  INFO     [PL] 'AI regulation' → 79 entries, 67 kept so far
10:58:41  INFO     [IT] 'AI regulation' → 100 entries, 113 kept so far
10:58:42  INFO     [FR] 'machine learning' → 100 entries, 202 kept so far
10:58:42  INFO     [DE] 'machine learning' → 100 entries, 168 kept so far
10:58:43  INFO     [ES] 'machine learning' → 100 entries, 181 kept so far
10:58:43  INFO     [IT] 'machine learning' → 100 entries, 193 kept so far
10:58:43  INFO     [PL] 'machine learning' → 100 entries, 115 kept so far
10:58:44  INFO     [FR] 'EU AI Act' → 84 entries, 241 kept so far
10:58:44  INFO     [DE] 'EU AI Act' → 100 entries, 239 kept so far
10:58:44  INFO     [PL] 'EU AI Act' → 76 entries, 132 kept so far
10:58:44  INFO     [IT] 'EU AI Act' → 100 entries, 234 kept so far
10:58:44  INFO     [ES] 'EU AI Act' → 79 entries, 211 kept so far
10:58:46  INFO     [DE] 'generative AI' → 100 entries, 262 kept so far
10:58:46  INFO     [FR] 'generative AI' → 100 entries, 270 kept so far
10:58:46  INFO     [PL] 'generative AI' → 100 entries, 164 kept so far
10:58:46  INFO     [IT] 'generative AI' → 100 entries, 276 kept so far
10:58:46  INFO     [ES] 'generative AI' → 100 entries, 255 kept so far
10:58:47  INFO     [DE] +182 new articles saved
10:58:47  INFO     [FR] +160 new articles saved
10:58:47  INFO     [PL] +89 new articles saved
10:58:47  INFO     [IT] +179 new articles saved
10:58:47  INFO     [ES] +145 new articles saved
10:58:47  INFO     [NL] 'artificial intelligence' → 100 entries, 18 kept so far
10:58:47  INFO     [SE] 'artificial intelligence' → 100 entries, 12 kept so far
10:58:48  INFO     [BE] 'artificial intelligence' → 100 entries, 58 kept so far
10:58:48  INFO     [AT] 'artificial intelligence' → 100 entries, 37 kept so far
10:58:48  INFO     [DK] 'artificial intelligence' → 100 entries, 17 kept so far
10:58:49  INFO     [NL] 'AI regulation' → 75 entries, 64 kept so far
10:58:49  INFO     [SE] 'AI regulation' → 75 entries, 20 kept so far
10:58:49  INFO     [BE] 'AI regulation' → 96 entries, 143 kept so far
10:58:49  INFO     [DK] 'AI regulation' → 41 entries, 23 kept so far
10:58:49  INFO     [AT] 'AI regulation' → 100 entries, 114 kept so far
10:58:50  INFO     [NL] 'machine learning' → 100 entries, 115 kept so far
10:58:51  INFO     [SE] 'machine learning' → 83 entries, 46 kept so far
10:58:51  INFO     [DK] 'machine learning' → 84 entries, 49 kept so far
10:58:51  INFO     [BE] 'machine learning' → 100 entries, 197 kept so far
10:58:51  INFO     [AT] 'machine learning' → 100 entries, 166 kept so far
10:58:52  INFO     [NL] 'EU AI Act' → 100 entries, 147 kept so far
10:58:52  INFO     [SE] 'EU AI Act' → 71 entries, 55 kept so far
10:58:53  INFO     [DK] 'EU AI Act' → 73 entries, 62 kept so far
10:58:53  INFO     [BE] 'EU AI Act' → 89 entries, 234 kept so far
10:58:53  INFO     [AT] 'EU AI Act' → 100 entries, 248 kept so far
10:58:54  INFO     [NL] 'generative AI' → 100 entries, 181 kept so far
10:58:54  INFO     [SE] 'generative AI' → 71 entries, 66 kept so far
10:58:54  INFO     [DK] 'generative AI' → 97 entries, 93 kept so far
10:58:54  INFO     [BE] 'generative AI' → 100 entries, 263 kept so far
10:58:54  INFO     [AT] 'generative AI' → 100 entries, 273 kept so far
10:58:55  INFO     [NL] +83 new articles saved
10:58:55  INFO     [SE] +33 new articles saved
10:58:55  INFO     [DK] +40 new articles saved
10:58:55  INFO     [BE] +35 new articles saved
10:58:55  INFO     [FI] 'artificial intelligence' → 100 entries, 56 kept so far
10:58:55  INFO     [AT] +63 new articles saved
10:58:55  INFO     [PT] 'artificial intelligence' → 100 entries, 67 kept so far
10:58:56  INFO     [CZ] 'artificial intelligence' → 100 entries, 15 kept so far
10:58:56  INFO     [HU] 'artificial intelligence' → 100 entries, 24 kept so far
10:58:56  INFO     [RO] 'artificial intelligence' → 100 entries, 45 kept so far
10:58:57  INFO     [FI] 'AI regulation' → 60 entries, 70 kept so far
10:58:57  INFO     [PT] 'AI regulation' → 79 entries, 107 kept so far
10:58:57  INFO     [CZ] 'AI regulation' → 75 entries, 39 kept so far
10:58:58  INFO     [HU] 'AI regulation' → 77 entries, 28 kept so far
10:58:58  INFO     [RO] 'AI regulation' → 77 entries, 54 kept so far
10:58:58  INFO     [FI] 'machine learning' → 85 entries, 115 kept so far
10:58:59  INFO     [PT] 'machine learning' → 100 entries, 184 kept so far
10:58:59  INFO     [CZ] 'machine learning' → 77 entries, 60 kept so far
10:58:59  INFO     [HU] 'machine learning' → 73 entries, 54 kept so far
10:58:59  INFO     [RO] 'machine learning' → 100 entries, 108 kept so far
10:59:00  INFO     [FI] 'EU AI Act' → 69 entries, 160 kept so far
10:59:00  INFO     [CZ] 'EU AI Act' → 71 entries, 73 kept so far
10:59:01  INFO     [PT] 'EU AI Act' → 63 entries, 196 kept so far
10:59:01  INFO     [HU] 'EU AI Act' → 76 entries, 76 kept so far
10:59:01  INFO     [RO] 'EU AI Act' → 77 entries, 131 kept so far
10:59:02  INFO     [FI] 'generative AI' → 66 entries, 200 kept so far
10:59:02  INFO     [CZ] 'generative AI' → 74 entries, 93 kept so far
10:59:02  INFO     [HU] 'generative AI' → 73 entries, 99 kept so far
10:59:02  INFO     [PT] 'generative AI' → 100 entries, 224 kept so far
10:59:03  INFO     [RO] 'generative AI' → 94 entries, 156 kept so far
10:59:03  INFO     [FI] +108 new articles saved
10:59:03  INFO     [CZ] +62 new articles saved
10:59:03  INFO     [HU] +64 new articles saved
10:59:03  INFO     [GR] 'artificial intelligence' → 100 entries, 41 kept so far
10:59:03  INFO     [PT] +150 new articles saved
10:59:04  INFO     [SK] 'artificial intelligence' → 100 entries, 25 kept so far
10:59:04  INFO     [RO] +99 new articles saved
10:59:04  INFO     [HR] 'artificial intelligence' → 101 entries, 69 kept so far
10:59:04  INFO     [IE] 'artificial intelligence' → 100 entries, 65 kept so far
10:59:04  INFO     [BG] 'artificial intelligence' → 88 entries, 34 kept so far
10:59:05  INFO     [GR] 'AI regulation' → 67 entries, 91 kept so far
10:59:05  INFO     [SK] 'AI regulation' → 26 entries, 28 kept so far
10:59:05  INFO     [HR] 'AI regulation' → 102 entries, 116 kept so far
10:59:06  INFO     [BG] 'AI regulation' → 25 entries, 37 kept so far
10:59:06  INFO     [IE] 'AI regulation' → 100 entries, 111 kept so far
10:59:07  INFO     [GR] 'machine learning' → 100 entries, 134 kept so far
10:59:07  INFO     [SK] 'machine learning' → 58 entries, 41 kept so far
10:59:07  INFO     [HR] 'machine learning' → 100 entries, 188 kept so far
10:59:07  INFO     [BG] 'machine learning' → 60 entries, 46 kept so far
10:59:08  INFO     [IE] 'machine learning' → 100 entries, 185 kept so far
10:59:08  INFO     [GR] 'EU AI Act' → 56 entries, 152 kept so far
10:59:08  INFO     [SK] 'EU AI Act' → 67 entries, 48 kept so far
10:59:08  INFO     [BG] 'EU AI Act' → 24 entries, 49 kept so far
10:59:09  INFO     [HR] 'EU AI Act' → 100 entries, 269 kept so far
10:59:09  INFO     [IE] 'EU AI Act' → 100 entries, 255 kept so far
10:59:10  INFO     [GR] 'generative AI' → 100 entries, 192 kept so far
10:59:10  INFO     [SK] 'generative AI' → 48 entries, 58 kept so far
10:59:10  INFO     [BG] 'generative AI' → 37 entries, 56 kept so far
10:59:10  INFO     [HR] 'generative AI' → 100 entries, 336 kept so far
10:59:11  INFO     [GR] +124 new articles saved
10:59:11  INFO     [SK] +29 new articles saved
10:59:11  INFO     [BG] +34 new articles saved
10:59:11  INFO     [IE] 'generative AI' → 100 entries, 319 kept so far
10:59:11  INFO     [LT] 'artificial intelligence' → 81 entries, 28 kept so far
10:59:11  INFO     [SI] 'artificial intelligence' → 96 entries, 47 kept so far
10:59:11  INFO     [HR] +309 new articles saved
10:59:11  INFO     [LV] 'artificial intelligence' → 66 entries, 18 kept so far
10:59:12  INFO     [EE] 'artificial intelligence' → 98 entries, 51 kept so far
10:59:12  INFO     [IE] +91 new articles saved
10:59:13  INFO     [LT] 'AI regulation' → 7 entries, 28 kept so far
10:59:13  INFO     [SI] 'AI regulation' → 2 entries, 47 kept so far
10:59:13  INFO     [CY] 'artificial intelligence' → 100 entries, 41 kept so far
10:59:13  INFO     [LV] 'AI regulation' → 5 entries, 18 kept so far
10:59:13  INFO     [EE] 'AI regulation' → 5 entries, 52 kept so far
10:59:14  INFO     [LT] 'machine learning' → 30 entries, 32 kept so far
10:59:14  INFO     [SI] 'machine learning' → 21 entries, 48 kept so far
10:59:14  INFO     [LV] 'machine learning' → 12 entries, 22 kept so far
10:59:14  INFO     [CY] 'AI regulation' → 67 entries, 91 kept so far
10:59:15  INFO     [EE] 'machine learning' → 32 entries, 54 kept so far
10:59:15  INFO     [LT] 'EU AI Act' → 19 entries, 32 kept so far
10:59:15  INFO     [SI] 'EU AI Act' → 28 entries, 53 kept so far
10:59:15  INFO     [LV] 'EU AI Act' → 8 entries, 22 kept so far
10:59:16  INFO     [CY] 'machine learning' → 100 entries, 134 kept so far
10:59:16  INFO     [EE] 'EU AI Act' → 7 entries, 54 kept so far
10:59:17  INFO     [LT] 'generative AI' → 17 entries, 38 kept so far
10:59:17  INFO     [LV] 'generative AI' → 10 entries, 23 kept so far
10:59:17  INFO     [SI] 'generative AI' → 18 entries, 54 kept so far
10:59:17  INFO     [CY] 'EU AI Act' → 54 entries, 150 kept so far
10:59:18  INFO     [EE] 'generative AI' → 11 entries, 56 kept so far
10:59:18  INFO     [LT] +15 new articles saved
10:59:18  INFO     [LV] +10 new articles saved
10:59:18  INFO     [SI] +23 new articles saved
10:59:18  INFO     [MT] 'artificial intelligence' → 101 entries, 69 kept so far
10:59:18  INFO     [LU] 'artificial intelligence' → 100 entries, 61 kept so far
10:59:19  INFO     [EE] +26 new articles saved
10:59:19  INFO     [CY] 'generative AI' → 100 entries, 192 kept so far
10:59:19  INFO     [MT] 'AI regulation' → 102 entries, 116 kept so far
10:59:20  INFO     [LU] 'AI regulation' → 100 entries, 150 kept so far
10:59:20  INFO     [CY] +4 new articles saved
10:59:20  INFO     [MT] 'machine learning' → 100 entries, 188 kept so far
10:59:21  INFO     [MT] 'EU AI Act' → 100 entries, 269 kept so far
10:59:22  INFO     [LU] 'machine learning' → 100 entries, 203 kept so far
10:59:23  INFO     [MT] 'generative AI' → 100 entries, 336 kept so far
10:59:23  INFO     [LU] 'EU AI Act' → 85 entries, 238 kept so far
10:59:24  INFO     [MT] +0 new articles saved
10:59:25  INFO     [LU] 'generative AI' → 100 entries, 267 kept so far
10:59:26  INFO     [LU] +2 new articles saved
10:59:26  INFO     Scrape complete. 2159 new articles this run.
