22:03:03  INFO     Starting scrape: 27 countries, 5 queries each
22:03:04  INFO     [FR] 'artificial intelligence' → 102 entries, 56 kept so far
/home/runner/work/EU_AI_News/EU_AI_News/eu_ai_news_scraper.py:230: DeprecationWarning: datetime.datetime.utcnow() is deprecated and scheduled for removal in a future version. Use timezone-aware objects to represent datetimes in UTC: datetime.datetime.now(datetime.UTC).
  "scraped_at":   datetime.utcnow().isoformat(),
22:03:04  INFO     [DE] 'artificial intelligence' → 100 entries, 48 kept so far
22:03:04  INFO     [PL] 'artificial intelligence' → 100 entries, 10 kept so far
22:03:04  INFO     [ES] 'artificial intelligence' → 100 entries, 59 kept so far
22:03:04  INFO     [IT] 'artificial intelligence' → 100 entries, 39 kept so far
22:03:05  INFO     [DE] 'AI regulation' → 100 entries, 125 kept so far
22:03:05  INFO     [FR] 'AI regulation' → 100 entries, 145 kept so far
22:03:05  INFO     [PL] 'AI regulation' → 78 entries, 71 kept so far
22:03:05  INFO     [ES] 'AI regulation' → 78 entries, 100 kept so far
22:03:06  INFO     [IT] 'AI regulation' → 100 entries, 128 kept so far
22:03:07  INFO     [DE] 'machine learning' → 100 entries, 182 kept so far
22:03:07  INFO     [FR] 'machine learning' → 100 entries, 201 kept so far
22:03:07  INFO     [PL] 'machine learning' → 100 entries, 123 kept so far
22:03:07  INFO     [ES] 'machine learning' → 100 entries, 178 kept so far
22:03:07  INFO     [IT] 'machine learning' → 100 entries, 210 kept so far
22:03:08  INFO     [DE] 'EU AI Act' → 100 entries, 256 kept so far
22:03:09  INFO     [FR] 'EU AI Act' → 94 entries, 244 kept so far
22:03:09  INFO     [PL] 'EU AI Act' → 78 entries, 141 kept so far
22:03:09  INFO     [IT] 'EU AI Act' → 100 entries, 257 kept so far
22:03:09  INFO     [ES] 'EU AI Act' → 78 entries, 207 kept so far
22:03:10  INFO     [DE] 'generative AI' → 100 entries, 281 kept so far
22:03:10  INFO     [FR] 'generative AI' → 100 entries, 271 kept so far
22:03:10  INFO     [PL] 'generative AI' → 100 entries, 175 kept so far
22:03:10  INFO     [IT] 'generative AI' → 100 entries, 299 kept so far
22:03:11  INFO     [ES] 'generative AI' → 100 entries, 254 kept so far
22:03:11  INFO     [DE] +199 new articles saved
22:03:11  INFO     [FR] +164 new articles saved
22:03:11  INFO     [PL] +100 new articles saved
22:03:11  INFO     [IT] +209 new articles saved
22:03:12  INFO     [NL] 'artificial intelligence' → 100 entries, 10 kept so far
22:03:12  INFO     [ES] +168 new articles saved
22:03:12  INFO     [BE] 'artificial intelligence' → 100 entries, 54 kept so far
22:03:12  INFO     [SE] 'artificial intelligence' → 100 entries, 9 kept so far
22:03:12  INFO     [AT] 'artificial intelligence' → 100 entries, 41 kept so far
22:03:12  INFO     [DK] 'artificial intelligence' → 100 entries, 19 kept so far
22:03:13  INFO     [NL] 'AI regulation' → 77 entries, 58 kept so far
22:03:13  INFO     [SE] 'AI regulation' → 66 entries, 22 kept so far
22:03:14  INFO     [BE] 'AI regulation' → 100 entries, 143 kept so far
22:03:14  INFO     [AT] 'AI regulation' → 100 entries, 116 kept so far
22:03:14  INFO     [DK] 'AI regulation' → 54 entries, 27 kept so far
22:03:15  INFO     [NL] 'machine learning' → 100 entries, 110 kept so far
22:03:15  INFO     [SE] 'machine learning' → 84 entries, 46 kept so far
22:03:15  INFO     [BE] 'machine learning' → 100 entries, 194 kept so far
22:03:15  INFO     [AT] 'machine learning' → 100 entries, 167 kept so far
22:03:15  INFO     [DK] 'machine learning' → 81 entries, 47 kept so far
22:03:16  INFO     [NL] 'EU AI Act' → 100 entries, 141 kept so far
22:03:16  INFO     [SE] 'EU AI Act' → 64 entries, 54 kept so far
22:03:17  INFO     [AT] 'EU AI Act' → 100 entries, 242 kept so far
22:03:17  INFO     [BE] 'EU AI Act' → 100 entries, 239 kept so far
22:03:17  INFO     [DK] 'EU AI Act' → 75 entries, 67 kept so far
22:03:18  INFO     [NL] 'generative AI' → 100 entries, 175 kept so far
22:03:18  INFO     [SE] 'generative AI' → 70 entries, 64 kept so far
22:03:19  INFO     [AT] 'generative AI' → 100 entries, 270 kept so far
22:03:19  INFO     [BE] 'generative AI' → 100 entries, 264 kept so far
22:03:19  INFO     [DK] 'generative AI' → 100 entries, 101 kept so far
22:03:19  INFO     [NL] +87 new articles saved
22:03:19  INFO     [SE] +34 new articles saved
22:03:20  INFO     [FI] 'artificial intelligence' → 100 entries, 64 kept so far
22:03:20  INFO     [AT] +34 new articles saved
22:03:20  INFO     [PT] 'artificial intelligence' → 100 entries, 61 kept so far
22:03:20  INFO     [BE] +25 new articles saved
22:03:20  INFO     [DK] +53 new articles saved
22:03:20  INFO     [CZ] 'artificial intelligence' → 100 entries, 16 kept so far
22:03:20  INFO     [RO] 'artificial intelligence' → 100 entries, 42 kept so far
22:03:21  INFO     [HU] 'artificial intelligence' → 100 entries, 22 kept so far
22:03:21  INFO     [FI] 'AI regulation' → 61 entries, 75 kept so far
22:03:22  INFO     [PT] 'AI regulation' → 78 entries, 99 kept so far
22:03:22  INFO     [RO] 'AI regulation' → 79 entries, 52 kept so far
22:03:22  INFO     [CZ] 'AI regulation' → 76 entries, 36 kept so far
22:03:22  INFO     [HU] 'AI regulation' → 78 entries, 25 kept so far
22:03:23  INFO     [FI] 'machine learning' → 84 entries, 121 kept so far
22:03:23  INFO     [PT] 'machine learning' → 100 entries, 177 kept so far
22:03:24  INFO     [HU] 'machine learning' → 64 entries, 44 kept so far
22:03:24  INFO     [RO] 'machine learning' → 100 entries, 109 kept so far
22:03:24  INFO     [CZ] 'machine learning' → 82 entries, 56 kept so far
22:03:24  INFO     [FI] 'EU AI Act' → 68 entries, 160 kept so far
22:03:25  INFO     [PT] 'EU AI Act' → 68 entries, 191 kept so far
22:03:25  INFO     [HU] 'EU AI Act' → 79 entries, 68 kept so far
22:03:25  INFO     [RO] 'EU AI Act' → 78 entries, 135 kept so far
22:03:25  INFO     [CZ] 'EU AI Act' → 74 entries, 71 kept so far
22:03:26  INFO     [FI] 'generative AI' → 71 entries, 201 kept so far
22:03:27  INFO     [PT] 'generative AI' → 100 entries, 224 kept so far
22:03:27  INFO     [HU] 'generative AI' → 69 entries, 90 kept so far
22:03:27  INFO     [RO] 'generative AI' → 90 entries, 159 kept so far
22:03:27  INFO     [FI] +113 new articles saved
22:03:27  INFO     [CZ] 'generative AI' → 74 entries, 89 kept so far
22:03:28  INFO     [GR] 'artificial intelligence' → 100 entries, 38 kept so far
22:03:28  INFO     [PT] +143 new articles saved
22:03:28  INFO     [HU] +55 new articles saved
22:03:28  INFO     [RO] +99 new articles saved
22:03:28  INFO     [CZ] +57 new articles saved
22:03:28  INFO     [SK] 'artificial intelligence' → 100 entries, 24 kept so far
22:03:28  INFO     [BG] 'artificial intelligence' → 90 entries, 38 kept so far
22:03:29  INFO     [HR] 'artificial intelligence' → 103 entries, 48 kept so far
22:03:29  INFO     [IE] 'artificial intelligence' → 102 entries, 44 kept so far
22:03:29  INFO     [GR] 'AI regulation' → 69 entries, 91 kept so far
22:03:30  INFO     [SK] 'AI regulation' → 23 entries, 27 kept so far
22:03:30  INFO     [BG] 'AI regulation' → 18 entries, 38 kept so far
22:03:30  INFO     [HR] 'AI regulation' → 100 entries, 93 kept so far
22:03:30  INFO     [IE] 'AI regulation' → 100 entries, 91 kept so far
22:03:31  INFO     [GR] 'machine learning' → 100 entries, 132 kept so far
22:03:31  INFO     [SK] 'machine learning' → 58 entries, 43 kept so far
22:03:31  INFO     [BG] 'machine learning' → 53 entries, 49 kept so far
22:03:32  INFO     [HR] 'machine learning' → 100 entries, 165 kept so far
22:03:32  INFO     [IE] 'machine learning' → 100 entries, 165 kept so far
22:03:32  INFO     [GR] 'EU AI Act' → 65 entries, 147 kept so far
22:03:33  INFO     [BG] 'EU AI Act' → 18 entries, 51 kept so far
22:03:33  INFO     [SK] 'EU AI Act' → 63 entries, 52 kept so far
22:03:34  INFO     [HR] 'EU AI Act' → 100 entries, 250 kept so far
22:03:34  INFO     [GR] 'generative AI' → 100 entries, 194 kept so far
22:03:34  INFO     [IE] 'EU AI Act' → 100 entries, 245 kept so far
22:03:34  INFO     [BG] 'generative AI' → 36 entries, 57 kept so far
22:03:34  INFO     [SK] 'generative AI' → 49 entries, 65 kept so far
22:03:35  INFO     [GR] +131 new articles saved
22:03:35  INFO     [HR] 'generative AI' → 100 entries, 295 kept so far
22:03:35  INFO     [BG] +35 new articles saved
22:03:35  INFO     [SK] +37 new articles saved
22:03:35  INFO     [LT] 'artificial intelligence' → 75 entries, 23 kept so far
22:03:36  INFO     [SI] 'artificial intelligence' → 100 entries, 40 kept so far
22:03:36  INFO     [LV] 'artificial intelligence' → 73 entries, 23 kept so far
22:03:36  INFO     [IE] 'generative AI' → 100 entries, 301 kept so far
22:03:36  INFO     [HR] +274 new articles saved
22:03:37  INFO     [EE] 'artificial intelligence' → 100 entries, 44 kept so far
22:03:37  INFO     [LT] 'AI regulation' → 7 entries, 23 kept so far
22:03:37  INFO     [SI] 'AI regulation' → 4 entries, 40 kept so far
22:03:37  INFO     [LV] 'AI regulation' → 3 entries, 23 kept so far
22:03:37  INFO     [IE] +112 new articles saved
22:03:37  INFO     [CY] 'artificial intelligence' → 100 entries, 38 kept so far
22:03:38  INFO     [EE] 'AI regulation' → 6 entries, 44 kept so far
22:03:38  INFO     [LT] 'machine learning' → 31 entries, 26 kept so far
22:03:38  INFO     [SI] 'machine learning' → 20 entries, 42 kept so far
22:03:38  INFO     [LV] 'machine learning' → 11 entries, 27 kept so far
22:03:39  INFO     [CY] 'AI regulation' → 69 entries, 91 kept so far
22:03:39  INFO     [LT] 'EU AI Act' → 18 entries, 28 kept so far
22:03:40  INFO     [LV] 'EU AI Act' → 8 entries, 28 kept so far
22:03:40  INFO     [EE] 'machine learning' → 23 entries, 45 kept so far
22:03:40  INFO     [SI] 'EU AI Act' → 24 entries, 49 kept so far
22:03:40  INFO     [CY] 'machine learning' → 100 entries, 132 kept so far
22:03:41  INFO     [LV] 'generative AI' → 10 entries, 29 kept so far
22:03:41  INFO     [LT] 'generative AI' → 16 entries, 34 kept so far
22:03:41  INFO     [SI] 'generative AI' → 14 entries, 51 kept so far
22:03:41  INFO     [EE] 'EU AI Act' → 9 entries, 46 kept so far
22:03:42  INFO     [LV] +14 new articles saved
22:03:42  INFO     [LT] +13 new articles saved
22:03:42  INFO     [CY] 'EU AI Act' → 65 entries, 147 kept so far
22:03:42  INFO     [MT] 'artificial intelligence' → 103 entries, 48 kept so far
22:03:42  INFO     [SI] +24 new articles saved
22:03:42  INFO     [LU] 'artificial intelligence' → 102 entries, 56 kept so far
22:03:43  INFO     [EE] 'generative AI' → 11 entries, 49 kept so far
22:03:43  INFO     [MT] 'AI regulation' → 100 entries, 93 kept so far
22:03:43  INFO     [CY] 'generative AI' → 100 entries, 194 kept so far
22:03:44  INFO     [EE] +29 new articles saved
22:03:44  INFO     [LU] 'AI regulation' → 100 entries, 145 kept so far
22:03:44  INFO     [MT] 'machine learning' → 100 entries, 165 kept so far
22:03:44  INFO     [CY] +0 new articles saved
22:03:46  INFO     [LU] 'machine learning' → 100 entries, 201 kept so far
22:03:46  INFO     [MT] 'EU AI Act' → 100 entries, 250 kept so far
22:03:47  INFO     [MT] 'generative AI' → 100 entries, 295 kept so far
22:03:47  INFO     [LU] 'EU AI Act' → 94 entries, 244 kept so far
22:03:48  INFO     [MT] +0 new articles saved
22:03:49  INFO     [LU] 'generative AI' → 100 entries, 271 kept so far
22:03:50  INFO     [LU] +0 new articles saved
22:03:50  INFO     Scrape complete. 2209 new articles this run.
