20:39:52  INFO     Starting scrape: 27 countries, 5 queries each
/home/runner/work/EU_AI_News/EU_AI_News/eu_ai_news_scraper.py:230: DeprecationWarning: datetime.datetime.utcnow() is deprecated and scheduled for removal in a future version. Use timezone-aware objects to represent datetimes in UTC: datetime.datetime.now(datetime.UTC).
  "scraped_at":   datetime.utcnow().isoformat(),
20:39:53  INFO     [DE] 'artificial intelligence' → 100 entries, 44 kept so far
20:39:53  INFO     [PL] 'artificial intelligence' → 100 entries, 8 kept so far
20:39:53  INFO     [IT] 'artificial intelligence' → 100 entries, 19 kept so far
20:39:53  INFO     [FR] 'artificial intelligence' → 100 entries, 53 kept so far
20:39:53  INFO     [ES] 'artificial intelligence' → 100 entries, 48 kept so far
20:39:54  INFO     [DE] 'AI regulation' → 96 entries, 119 kept so far
20:39:54  INFO     [PL] 'AI regulation' → 77 entries, 67 kept so far
20:39:55  INFO     [IT] 'AI regulation' → 100 entries, 107 kept so far
20:39:55  INFO     [FR] 'AI regulation' → 84 entries, 130 kept so far
20:39:55  INFO     [ES] 'AI regulation' → 77 entries, 86 kept so far
20:39:56  INFO     [DE] 'machine learning' → 100 entries, 166 kept so far
20:39:56  INFO     [PL] 'machine learning' → 100 entries, 114 kept so far
20:39:56  INFO     [IT] 'machine learning' → 100 entries, 184 kept so far
20:39:56  INFO     [FR] 'machine learning' → 100 entries, 179 kept so far
20:39:56  INFO     [ES] 'machine learning' → 100 entries, 159 kept so far
20:39:58  INFO     [PL] 'EU AI Act' → 76 entries, 130 kept so far
20:39:58  INFO     [DE] 'EU AI Act' → 100 entries, 235 kept so far
20:39:58  INFO     [FR] 'EU AI Act' → 76 entries, 215 kept so far
20:39:58  INFO     [IT] 'EU AI Act' → 100 entries, 221 kept so far
20:39:58  INFO     [ES] 'EU AI Act' → 79 entries, 187 kept so far
20:39:59  INFO     [DE] 'generative AI' → 100 entries, 256 kept so far
20:39:59  INFO     [PL] 'generative AI' → 100 entries, 162 kept so far
20:39:59  INFO     [FR] 'generative AI' → 100 entries, 242 kept so far
20:40:00  INFO     [IT] 'generative AI' → 100 entries, 265 kept so far
20:40:00  INFO     [ES] 'generative AI' → 100 entries, 231 kept so far
20:40:00  INFO     [DE] +178 new articles saved
20:40:00  INFO     [PL] +88 new articles saved
20:40:01  INFO     [FR] +141 new articles saved
20:40:01  INFO     [IT] +172 new articles saved
20:40:01  INFO     [NL] 'artificial intelligence' → 100 entries, 12 kept so far
20:40:01  INFO     [BE] 'artificial intelligence' → 100 entries, 49 kept so far
20:40:01  INFO     [ES] +135 new articles saved
20:40:01  INFO     [AT] 'artificial intelligence' → 100 entries, 39 kept so far
20:40:01  INFO     [SE] 'artificial intelligence' → 100 entries, 11 kept so far
20:40:02  INFO     [DK] 'artificial intelligence' → 100 entries, 12 kept so far
20:40:03  INFO     [NL] 'AI regulation' → 75 entries, 56 kept so far
20:40:03  INFO     [BE] 'AI regulation' → 83 entries, 125 kept so far
20:40:03  INFO     [SE] 'AI regulation' → 75 entries, 20 kept so far
20:40:03  INFO     [AT] 'AI regulation' → 100 entries, 114 kept so far
20:40:03  INFO     [DK] 'AI regulation' → 39 entries, 18 kept so far
20:40:04  INFO     [NL] 'machine learning' → 100 entries, 103 kept so far
20:40:04  INFO     [BE] 'machine learning' → 100 entries, 174 kept so far
20:40:04  INFO     [SE] 'machine learning' → 81 entries, 43 kept so far
20:40:05  INFO     [AT] 'machine learning' → 100 entries, 161 kept so far
20:40:05  INFO     [DK] 'machine learning' → 86 entries, 42 kept so far
20:40:06  INFO     [NL] 'EU AI Act' → 100 entries, 133 kept so far
20:40:06  INFO     [SE] 'EU AI Act' → 72 entries, 50 kept so far
20:40:06  INFO     [BE] 'EU AI Act' → 77 entries, 210 kept so far
20:40:06  INFO     [AT] 'EU AI Act' → 100 entries, 243 kept so far
20:40:07  INFO     [DK] 'EU AI Act' → 71 entries, 56 kept so far
20:40:07  INFO     [NL] 'generative AI' → 100 entries, 166 kept so far
20:40:08  INFO     [BE] 'generative AI' → 100 entries, 234 kept so far
20:40:08  INFO     [AT] 'generative AI' → 100 entries, 266 kept so far
20:40:08  INFO     [DK] 'generative AI' → 92 entries, 86 kept so far
20:40:08  INFO     [SE] 'generative AI' → 71 entries, 62 kept so far
20:40:08  INFO     [NL] +84 new articles saved
20:40:09  INFO     [BE] +24 new articles saved
20:40:09  INFO     [FI] 'artificial intelligence' → 100 entries, 54 kept so far
20:40:09  INFO     [AT] +54 new articles saved
20:40:09  INFO     [DK] +39 new articles saved
20:40:09  INFO     [SE] +32 new articles saved
20:40:10  INFO     [PT] 'artificial intelligence' → 100 entries, 61 kept so far
20:40:10  INFO     [CZ] 'artificial intelligence' → 100 entries, 17 kept so far
20:40:10  INFO     [RO] 'artificial intelligence' → 100 entries, 43 kept so far
20:40:10  INFO     [HU] 'artificial intelligence' → 100 entries, 25 kept so far
20:40:11  INFO     [FI] 'AI regulation' → 62 entries, 67 kept so far
20:40:11  INFO     [PT] 'AI regulation' → 77 entries, 94 kept so far
20:40:11  INFO     [CZ] 'AI regulation' → 75 entries, 38 kept so far
20:40:12  INFO     [RO] 'AI regulation' → 77 entries, 52 kept so far
20:40:12  INFO     [HU] 'AI regulation' → 76 entries, 28 kept so far
20:40:12  INFO     [FI] 'machine learning' → 89 entries, 113 kept so far
20:40:13  INFO     [CZ] 'machine learning' → 71 entries, 57 kept so far
20:40:13  INFO     [PT] 'machine learning' → 100 entries, 168 kept so far
20:40:13  INFO     [RO] 'machine learning' → 100 entries, 106 kept so far
20:40:13  INFO     [HU] 'machine learning' → 74 entries, 51 kept so far
20:40:14  INFO     [FI] 'EU AI Act' → 75 entries, 153 kept so far
20:40:14  INFO     [CZ] 'EU AI Act' → 71 entries, 69 kept so far
20:40:15  INFO     [RO] 'EU AI Act' → 73 entries, 125 kept so far
20:40:15  INFO     [PT] 'EU AI Act' → 63 entries, 180 kept so far
20:40:15  INFO     [HU] 'EU AI Act' → 74 entries, 71 kept so far
20:40:16  INFO     [FI] 'generative AI' → 62 entries, 192 kept so far
20:40:16  INFO     [CZ] 'generative AI' → 73 entries, 85 kept so far
20:40:16  INFO     [RO] 'generative AI' → 97 entries, 149 kept so far
20:40:16  INFO     [HU] 'generative AI' → 69 entries, 89 kept so far
20:40:17  INFO     [PT] 'generative AI' → 100 entries, 209 kept so far
20:40:17  INFO     [FI] +99 new articles saved
20:40:17  INFO     [CZ] +56 new articles saved
20:40:17  INFO     [RO] +91 new articles saved
20:40:17  INFO     [HU] +58 new articles saved
20:40:18  INFO     [GR] 'artificial intelligence' → 100 entries, 40 kept so far
20:40:18  INFO     [SK] 'artificial intelligence' → 100 entries, 24 kept so far
20:40:18  INFO     [PT] +135 new articles saved
20:40:18  INFO     [HR] 'artificial intelligence' → 102 entries, 52 kept so far
20:40:18  INFO     [BG] 'artificial intelligence' → 84 entries, 34 kept so far
20:40:18  INFO     [IE] 'artificial intelligence' → 100 entries, 56 kept so far
20:40:19  INFO     [SK] 'AI regulation' → 24 entries, 26 kept so far
20:40:19  INFO     [GR] 'AI regulation' → 66 entries, 85 kept so far
20:40:19  INFO     [BG] 'AI regulation' → 20 entries, 36 kept so far
20:40:20  INFO     [HR] 'AI regulation' → 100 entries, 91 kept so far
20:40:20  INFO     [IE] 'AI regulation' → 100 entries, 95 kept so far
20:40:20  INFO     [SK] 'machine learning' → 56 entries, 41 kept so far
20:40:21  INFO     [GR] 'machine learning' → 100 entries, 126 kept so far
20:40:21  INFO     [BG] 'machine learning' → 59 entries, 44 kept so far
20:40:21  INFO     [HR] 'machine learning' → 100 entries, 160 kept so far
20:40:22  INFO     [IE] 'machine learning' → 100 entries, 160 kept so far
20:40:22  INFO     [SK] 'EU AI Act' → 69 entries, 48 kept so far
20:40:22  INFO     [GR] 'EU AI Act' → 56 entries, 143 kept so far
20:40:22  INFO     [BG] 'EU AI Act' → 21 entries, 47 kept so far
20:40:23  INFO     [HR] 'EU AI Act' → 100 entries, 242 kept so far
20:40:23  INFO     [SK] 'generative AI' → 42 entries, 57 kept so far
20:40:23  INFO     [IE] 'EU AI Act' → 100 entries, 230 kept so far
20:40:24  INFO     [GR] 'generative AI' → 100 entries, 187 kept so far
20:40:24  INFO     [BG] 'generative AI' → 36 entries, 55 kept so far
20:40:24  INFO     [SK] +27 new articles saved
20:40:25  INFO     [HR] 'generative AI' → 100 entries, 306 kept so far
20:40:25  INFO     [LT] 'artificial intelligence' → 79 entries, 25 kept so far
20:40:25  INFO     [GR] +123 new articles saved
20:40:25  INFO     [BG] +35 new articles saved
20:40:25  INFO     [IE] 'generative AI' → 100 entries, 288 kept so far
20:40:25  INFO     [LV] 'artificial intelligence' → 68 entries, 19 kept so far
20:40:25  INFO     [SI] 'artificial intelligence' → 99 entries, 48 kept so far
20:40:26  INFO     [HR] +275 new articles saved
20:40:26  INFO     [EE] 'artificial intelligence' → 97 entries, 53 kept so far
20:40:26  INFO     [IE] +103 new articles saved
20:40:26  INFO     [LT] 'AI regulation' → 7 entries, 25 kept so far
20:40:27  INFO     [LV] 'AI regulation' → 6 entries, 19 kept so far
20:40:27  INFO     [SI] 'AI regulation' → 2 entries, 48 kept so far
20:40:27  INFO     [CY] 'artificial intelligence' → 100 entries, 40 kept so far
20:40:28  INFO     [LT] 'machine learning' → 33 entries, 28 kept so far
20:40:28  INFO     [EE] 'AI regulation' → 5 entries, 54 kept so far
20:40:28  INFO     [LV] 'machine learning' → 13 entries, 22 kept so far
20:40:28  INFO     [SI] 'machine learning' → 19 entries, 49 kept so far
20:40:28  INFO     [CY] 'AI regulation' → 66 entries, 85 kept so far
20:40:29  INFO     [LT] 'EU AI Act' → 17 entries, 28 kept so far
20:40:29  INFO     [EE] 'machine learning' → 13 entries, 55 kept so far
20:40:29  INFO     [LV] 'EU AI Act' → 8 entries, 22 kept so far
20:40:30  INFO     [SI] 'EU AI Act' → 27 entries, 53 kept so far
20:40:30  INFO     [CY] 'machine learning' → 100 entries, 126 kept so far
20:40:31  INFO     [LT] 'generative AI' → 17 entries, 33 kept so far
20:40:31  INFO     [LV] 'generative AI' → 10 entries, 23 kept so far
20:40:31  INFO     [EE] 'EU AI Act' → 9 entries, 56 kept so far
20:40:31  INFO     [SI] 'generative AI' → 16 entries, 54 kept so far
20:40:31  INFO     [CY] 'EU AI Act' → 56 entries, 143 kept so far
20:40:32  INFO     [LT] +12 new articles saved
20:40:32  INFO     [LV] +10 new articles saved
20:40:32  INFO     [MT] 'artificial intelligence' → 102 entries, 52 kept so far
20:40:32  INFO     [SI] +22 new articles saved
20:40:32  INFO     [LU] 'artificial intelligence' → 100 entries, 53 kept so far
20:40:32  INFO     [EE] 'generative AI' → 10 entries, 58 kept so far
20:40:33  INFO     [CY] 'generative AI' → 100 entries, 187 kept so far
20:40:33  INFO     [MT] 'AI regulation' → 100 entries, 91 kept so far
20:40:33  INFO     [EE] +30 new articles saved
20:40:34  INFO     [LU] 'AI regulation' → 84 entries, 130 kept so far
20:40:34  INFO     [CY] +0 new articles saved
20:40:34  INFO     [MT] 'machine learning' → 100 entries, 160 kept so far
20:40:35  INFO     [LU] 'machine learning' → 100 entries, 179 kept so far
20:40:36  INFO     [MT] 'EU AI Act' → 100 entries, 242 kept so far
20:40:37  INFO     [MT] 'generative AI' → 100 entries, 306 kept so far
20:40:37  INFO     [LU] 'EU AI Act' → 76 entries, 215 kept so far
20:40:38  INFO     [MT] +0 new articles saved
20:40:39  INFO     [LU] 'generative AI' → 100 entries, 242 kept so far
20:40:40  INFO     [LU] +4 new articles saved
20:40:40  INFO     Scrape complete. 2027 new articles this run.
