03:24:02  INFO     Starting scrape: 27 countries, 5 queries each
/home/runner/work/EU_AI_News/EU_AI_News/eu_ai_news_scraper.py:230: DeprecationWarning: datetime.datetime.utcnow() is deprecated and scheduled for removal in a future version. Use timezone-aware objects to represent datetimes in UTC: datetime.datetime.now(datetime.UTC).
  "scraped_at":   datetime.utcnow().isoformat(),
03:24:02  INFO     [PL] 'artificial intelligence' → 100 entries, 19 kept so far
03:24:02  INFO     [DE] 'artificial intelligence' → 100 entries, 50 kept so far
03:24:02  INFO     [IT] 'artificial intelligence' → 100 entries, 44 kept so far
03:24:03  INFO     [ES] 'artificial intelligence' → 100 entries, 62 kept so far
03:24:03  INFO     [FR] 'artificial intelligence' → 98 entries, 40 kept so far
03:24:04  INFO     [PL] 'AI regulation' → 100 entries, 80 kept so far
03:24:04  INFO     [DE] 'AI regulation' → 94 entries, 126 kept so far
03:24:04  INFO     [IT] 'AI regulation' → 100 entries, 122 kept so far
03:24:04  INFO     [FR] 'AI regulation' → 100 entries, 124 kept so far
03:24:04  INFO     [ES] 'AI regulation' → 77 entries, 100 kept so far
03:24:06  INFO     [PL] 'machine learning' → 100 entries, 122 kept so far
03:24:06  INFO     [DE] 'machine learning' → 100 entries, 173 kept so far
03:24:06  INFO     [FR] 'machine learning' → 100 entries, 178 kept so far
03:24:06  INFO     [IT] 'machine learning' → 100 entries, 199 kept so far
03:24:06  INFO     [ES] 'machine learning' → 100 entries, 172 kept so far
03:24:07  INFO     [PL] 'EU AI Act' → 75 entries, 137 kept so far
03:24:07  INFO     [DE] 'EU AI Act' → 100 entries, 238 kept so far
03:24:07  INFO     [IT] 'EU AI Act' → 100 entries, 276 kept so far
03:24:07  INFO     [ES] 'EU AI Act' → 76 entries, 198 kept so far
03:24:07  INFO     [FR] 'EU AI Act' → 89 entries, 223 kept so far
03:24:09  INFO     [PL] 'generative AI' → 100 entries, 171 kept so far
03:24:09  INFO     [DE] 'generative AI' → 100 entries, 259 kept so far
03:24:09  INFO     [IT] 'generative AI' → 100 entries, 312 kept so far
03:24:09  INFO     [FR] 'generative AI' → 100 entries, 249 kept so far
03:24:09  INFO     [ES] 'generative AI' → 100 entries, 239 kept so far
03:24:10  INFO     [PL] +87 new articles saved
03:24:10  INFO     [DE] +149 new articles saved
03:24:10  INFO     [IT] +182 new articles saved
03:24:10  INFO     [FR] +118 new articles saved
03:24:10  INFO     [ES] +106 new articles saved
03:24:10  INFO     [NL] 'artificial intelligence' → 100 entries, 22 kept so far
03:24:10  INFO     [BE] 'artificial intelligence' → 100 entries, 61 kept so far
03:24:11  INFO     [SE] 'artificial intelligence' → 100 entries, 7 kept so far
03:24:11  INFO     [AT] 'artificial intelligence' → 100 entries, 46 kept so far
03:24:11  INFO     [DK] 'artificial intelligence' → 100 entries, 11 kept so far
03:24:12  INFO     [NL] 'AI regulation' → 76 entries, 60 kept so far
03:24:12  INFO     [SE] 'AI regulation' → 74 entries, 21 kept so far
03:24:12  INFO     [BE] 'AI regulation' → 100 entries, 146 kept so far
03:24:12  INFO     [DK] 'AI regulation' → 37 entries, 18 kept so far
03:24:12  INFO     [AT] 'AI regulation' → 98 entries, 123 kept so far
03:24:13  INFO     [NL] 'machine learning' → 100 entries, 117 kept so far
03:24:14  INFO     [SE] 'machine learning' → 73 entries, 46 kept so far
03:24:14  INFO     [BE] 'machine learning' → 100 entries, 200 kept so far
03:24:14  INFO     [DK] 'machine learning' → 82 entries, 40 kept so far
03:24:14  INFO     [AT] 'machine learning' → 100 entries, 171 kept so far
03:24:15  INFO     [NL] 'EU AI Act' → 99 entries, 145 kept so far
03:24:15  INFO     [SE] 'EU AI Act' → 66 entries, 54 kept so far
03:24:15  INFO     [BE] 'EU AI Act' → 90 entries, 243 kept so far
03:24:15  INFO     [DK] 'EU AI Act' → 74 entries, 54 kept so far
03:24:16  INFO     [AT] 'EU AI Act' → 100 entries, 247 kept so far
03:24:16  INFO     [NL] 'generative AI' → 100 entries, 170 kept so far
03:24:17  INFO     [SE] 'generative AI' → 74 entries, 63 kept so far
03:24:17  INFO     [DK] 'generative AI' → 100 entries, 90 kept so far
03:24:17  INFO     [BE] 'generative AI' → 100 entries, 270 kept so far
03:24:17  INFO     [AT] 'generative AI' → 100 entries, 268 kept so far
03:24:17  INFO     [NL] +68 new articles saved
03:24:18  INFO     [SE] +18 new articles saved
03:24:18  INFO     [DK] +27 new articles saved
03:24:18  INFO     [BE] +22 new articles saved
03:24:18  INFO     [FI] 'artificial intelligence' → 100 entries, 60 kept so far
03:24:18  INFO     [AT] +41 new articles saved
03:24:18  INFO     [PT] 'artificial intelligence' → 100 entries, 67 kept so far
03:24:18  INFO     [CZ] 'artificial intelligence' → 100 entries, 21 kept so far
03:24:18  INFO     [RO] 'artificial intelligence' → 100 entries, 45 kept so far
03:24:19  INFO     [HU] 'artificial intelligence' → 100 entries, 23 kept so far
03:24:20  INFO     [FI] 'AI regulation' → 50 entries, 74 kept so far
03:24:20  INFO     [PT] 'AI regulation' → 74 entries, 100 kept so far
03:24:20  INFO     [CZ] 'AI regulation' → 77 entries, 41 kept so far
03:24:20  INFO     [RO] 'AI regulation' → 78 entries, 56 kept so far
03:24:20  INFO     [HU] 'AI regulation' → 79 entries, 28 kept so far
03:24:21  INFO     [FI] 'machine learning' → 92 entries, 112 kept so far
03:24:21  INFO     [PT] 'machine learning' → 100 entries, 173 kept so far
03:24:21  INFO     [CZ] 'machine learning' → 75 entries, 60 kept so far
03:24:22  INFO     [RO] 'machine learning' → 100 entries, 106 kept so far
03:24:22  INFO     [HU] 'machine learning' → 75 entries, 51 kept so far
03:24:23  INFO     [FI] 'EU AI Act' → 67 entries, 147 kept so far
03:24:23  INFO     [CZ] 'EU AI Act' → 72 entries, 69 kept so far
03:24:23  INFO     [PT] 'EU AI Act' → 56 entries, 181 kept so far
03:24:23  INFO     [RO] 'EU AI Act' → 78 entries, 132 kept so far
03:24:23  INFO     [HU] 'EU AI Act' → 75 entries, 70 kept so far
03:24:24  INFO     [FI] 'generative AI' → 65 entries, 186 kept so far
03:24:24  INFO     [CZ] 'generative AI' → 85 entries, 85 kept so far
03:24:25  INFO     [RO] 'generative AI' → 88 entries, 153 kept so far
03:24:25  INFO     [HU] 'generative AI' → 72 entries, 94 kept so far
03:24:25  INFO     [PT] 'generative AI' → 100 entries, 207 kept so far
03:24:25  INFO     [FI] +94 new articles saved
03:24:25  INFO     [CZ] +51 new articles saved
03:24:26  INFO     [RO] +77 new articles saved
03:24:26  INFO     [HU] +47 new articles saved
03:24:26  INFO     [PT] +97 new articles saved
03:24:26  INFO     [GR] 'artificial intelligence' → 100 entries, 50 kept so far
03:24:26  INFO     [SK] 'artificial intelligence' → 100 entries, 21 kept so far
03:24:26  INFO     [HR] 'artificial intelligence' → 100 entries, 55 kept so far
03:24:26  INFO     [BG] 'artificial intelligence' → 77 entries, 32 kept so far
03:24:26  INFO     [IE] 'artificial intelligence' → 100 entries, 63 kept so far
03:24:27  INFO     [GR] 'AI regulation' → 62 entries, 102 kept so far
03:24:27  INFO     [SK] 'AI regulation' → 20 entries, 25 kept so far
03:24:28  INFO     [HR] 'AI regulation' → 100 entries, 92 kept so far
03:24:28  INFO     [BG] 'AI regulation' → 11 entries, 32 kept so far
03:24:28  INFO     [IE] 'AI regulation' → 100 entries, 100 kept so far
03:24:29  INFO     [SK] 'machine learning' → 59 entries, 40 kept so far
03:24:29  INFO     [GR] 'machine learning' → 93 entries, 136 kept so far
03:24:29  INFO     [BG] 'machine learning' → 59 entries, 40 kept so far
03:24:29  INFO     [HR] 'machine learning' → 100 entries, 170 kept so far
03:24:30  INFO     [IE] 'machine learning' → 100 entries, 180 kept so far
03:24:30  INFO     [SK] 'EU AI Act' → 73 entries, 56 kept so far
03:24:30  INFO     [BG] 'EU AI Act' → 17 entries, 44 kept so far
03:24:30  INFO     [GR] 'EU AI Act' → 58 entries, 154 kept so far
03:24:31  INFO     [HR] 'EU AI Act' → 94 entries, 238 kept so far
03:24:31  INFO     [IE] 'EU AI Act' → 100 entries, 241 kept so far
03:24:32  INFO     [SK] 'generative AI' → 47 entries, 63 kept so far
03:24:32  INFO     [BG] 'generative AI' → 38 entries, 49 kept so far
03:24:32  INFO     [GR] 'generative AI' → 100 entries, 196 kept so far
03:24:32  INFO     [HR] 'generative AI' → 100 entries, 303 kept so far
03:24:33  INFO     [SK] +28 new articles saved
03:24:33  INFO     [BG] +25 new articles saved
03:24:33  INFO     [IE] 'generative AI' → 100 entries, 306 kept so far
03:24:33  INFO     [GR] +120 new articles saved
03:24:33  INFO     [LT] 'artificial intelligence' → 88 entries, 29 kept so far
03:24:33  INFO     [SI] 'artificial intelligence' → 100 entries, 48 kept so far
03:24:33  INFO     [HR] +257 new articles saved
03:24:34  INFO     [LV] 'artificial intelligence' → 72 entries, 23 kept so far
03:24:34  INFO     [EE] 'artificial intelligence' → 100 entries, 46 kept so far
03:24:34  INFO     [IE] +88 new articles saved
03:24:34  INFO     [CY] 'artificial intelligence' → 100 entries, 50 kept so far
03:24:34  INFO     [LT] 'AI regulation' → 9 entries, 29 kept so far
03:24:34  INFO     [SI] 'AI regulation' → 4 entries, 48 kept so far
03:24:35  INFO     [LV] 'AI regulation' → 10 entries, 23 kept so far
03:24:35  INFO     [EE] 'AI regulation' → 11 entries, 48 kept so far
03:24:36  INFO     [CY] 'AI regulation' → 62 entries, 102 kept so far
03:24:36  INFO     [LT] 'machine learning' → 30 entries, 31 kept so far
03:24:36  INFO     [SI] 'machine learning' → 23 entries, 51 kept so far
03:24:36  INFO     [LV] 'machine learning' → 10 entries, 25 kept so far
03:24:37  INFO     [EE] 'machine learning' → 17 entries, 51 kept so far
03:24:37  INFO     [LT] 'EU AI Act' → 22 entries, 32 kept so far
03:24:37  INFO     [SI] 'EU AI Act' → 35 entries, 59 kept so far
03:24:37  INFO     [CY] 'machine learning' → 93 entries, 137 kept so far
03:24:37  INFO     [LV] 'EU AI Act' → 8 entries, 25 kept so far
03:24:38  INFO     [EE] 'EU AI Act' → 18 entries, 52 kept so far
03:24:38  INFO     [LT] 'generative AI' → 24 entries, 40 kept so far
03:24:38  INFO     [SI] 'generative AI' → 12 entries, 60 kept so far
03:24:39  INFO     [LV] 'generative AI' → 9 entries, 27 kept so far
03:24:39  INFO     [CY] 'EU AI Act' → 59 entries, 156 kept so far
03:24:39  INFO     [EE] 'generative AI' → 13 entries, 56 kept so far
03:24:39  INFO     [LT] +14 new articles saved
03:24:39  INFO     [SI] +21 new articles saved
03:24:40  INFO     [MT] 'artificial intelligence' → 100 entries, 55 kept so far
03:24:40  INFO     [LV] +11 new articles saved
03:24:40  INFO     [LU] 'artificial intelligence' → 98 entries, 40 kept so far
03:24:40  INFO     [CY] 'generative AI' → 100 entries, 198 kept so far
03:24:40  INFO     [EE] +23 new articles saved
03:24:41  INFO     [MT] 'AI regulation' → 100 entries, 92 kept so far
03:24:41  INFO     [CY] +2 new articles saved
03:24:42  INFO     [LU] 'AI regulation' → 100 entries, 125 kept so far
03:24:42  INFO     [MT] 'machine learning' → 100 entries, 170 kept so far
03:24:43  INFO     [MT] 'EU AI Act' → 94 entries, 238 kept so far
03:24:43  INFO     [LU] 'machine learning' → 100 entries, 179 kept so far
03:24:44  INFO     [MT] 'generative AI' → 100 entries, 303 kept so far
03:24:45  INFO     [LU] 'EU AI Act' → 89 entries, 223 kept so far
03:24:45  INFO     [MT] +0 new articles saved
03:24:46  INFO     [LU] 'generative AI' → 100 entries, 249 kept so far
03:24:47  INFO     [LU] +0 new articles saved
03:24:47  INFO     Scrape complete. 1773 new articles this run.
