19:52:36  INFO     Starting scrape: 27 countries, 5 queries each
/home/runner/work/EU_AI_News/EU_AI_News/eu_ai_news_scraper.py:230: DeprecationWarning: datetime.datetime.utcnow() is deprecated and scheduled for removal in a future version. Use timezone-aware objects to represent datetimes in UTC: datetime.datetime.now(datetime.UTC).
  "scraped_at":   datetime.utcnow().isoformat(),
19:52:36  INFO     [DE] 'artificial intelligence' → 100 entries, 56 kept so far
19:52:36  INFO     [PL] 'artificial intelligence' → 100 entries, 13 kept so far
19:52:36  INFO     [ES] 'artificial intelligence' → 100 entries, 63 kept so far
19:52:36  INFO     [FR] 'artificial intelligence' → 101 entries, 40 kept so far
19:52:36  INFO     [IT] 'artificial intelligence' → 100 entries, 38 kept so far
19:52:38  INFO     [DE] 'AI regulation' → 100 entries, 107 kept so far
19:52:38  INFO     [PL] 'AI regulation' → 100 entries, 88 kept so far
19:52:38  INFO     [ES] 'AI regulation' → 72 entries, 87 kept so far
19:52:38  INFO     [IT] 'AI regulation' → 100 entries, 109 kept so far
19:52:38  INFO     [FR] 'AI regulation' → 100 entries, 99 kept so far
19:52:39  INFO     [DE] 'machine learning' → 100 entries, 158 kept so far
19:52:39  INFO     [IT] 'machine learning' → 100 entries, 186 kept so far
19:52:40  INFO     [ES] 'machine learning' → 100 entries, 160 kept so far
19:52:40  INFO     [PL] 'machine learning' → 100 entries, 130 kept so far
19:52:40  INFO     [FR] 'machine learning' → 100 entries, 155 kept so far
19:52:41  INFO     [DE] 'EU AI Act' → 100 entries, 240 kept so far
19:52:41  INFO     [PL] 'EU AI Act' → 33 entries, 150 kept so far
19:52:41  INFO     [IT] 'EU AI Act' → 100 entries, 260 kept so far
19:52:41  INFO     [FR] 'EU AI Act' → 87 entries, 210 kept so far
19:52:41  INFO     [ES] 'EU AI Act' → 77 entries, 202 kept so far
19:52:42  INFO     [DE] 'generative AI' → 100 entries, 263 kept so far
19:52:43  INFO     [PL] 'generative AI' → 100 entries, 180 kept so far
19:52:43  INFO     [IT] 'generative AI' → 100 entries, 302 kept so far
19:52:43  INFO     [FR] 'generative AI' → 100 entries, 243 kept so far
19:52:43  INFO     [ES] 'generative AI' → 100 entries, 246 kept so far
19:52:43  INFO     [DE] +193 new articles saved
19:52:44  INFO     [PL] +126 new articles saved
19:52:44  INFO     [IT] +180 new articles saved
19:52:44  INFO     [NL] 'artificial intelligence' → 100 entries, 14 kept so far
19:52:44  INFO     [FR] +138 new articles saved
19:52:44  INFO     [ES] +139 new articles saved
19:52:44  INFO     [BE] 'artificial intelligence' → 100 entries, 46 kept so far
19:52:45  INFO     [DK] 'artificial intelligence' → 100 entries, 25 kept so far
19:52:45  INFO     [SE] 'artificial intelligence' → 100 entries, 12 kept so far
19:52:45  INFO     [AT] 'artificial intelligence' → 100 entries, 51 kept so far
19:52:45  INFO     [NL] 'AI regulation' → 79 entries, 74 kept so far
19:52:46  INFO     [BE] 'AI regulation' → 100 entries, 104 kept so far
19:52:46  INFO     [DK] 'AI regulation' → 33 entries, 29 kept so far
19:52:46  INFO     [SE] 'AI regulation' → 73 entries, 28 kept so far
19:52:46  INFO     [AT] 'AI regulation' → 100 entries, 109 kept so far
19:52:47  INFO     [NL] 'machine learning' → 100 entries, 135 kept so far
19:52:47  INFO     [BE] 'machine learning' → 100 entries, 160 kept so far
19:52:48  INFO     [DK] 'machine learning' → 76 entries, 47 kept so far
19:52:48  INFO     [SE] 'machine learning' → 73 entries, 46 kept so far
19:52:48  INFO     [AT] 'machine learning' → 100 entries, 164 kept so far
19:52:49  INFO     [NL] 'EU AI Act' → 98 entries, 159 kept so far
19:52:49  INFO     [BE] 'EU AI Act' → 91 entries, 216 kept so far
19:52:49  INFO     [DK] 'EU AI Act' → 78 entries, 67 kept so far
19:52:49  INFO     [SE] 'EU AI Act' → 68 entries, 48 kept so far
19:52:50  INFO     [AT] 'EU AI Act' → 100 entries, 251 kept so far
19:52:50  INFO     [NL] 'generative AI' → 100 entries, 186 kept so far
19:52:51  INFO     [BE] 'generative AI' → 100 entries, 244 kept so far
19:52:51  INFO     [SE] 'generative AI' → 73 entries, 58 kept so far
19:52:51  INFO     [DK] 'generative AI' → 90 entries, 92 kept so far
19:52:51  INFO     [AT] 'generative AI' → 100 entries, 273 kept so far
19:52:51  INFO     [NL] +91 new articles saved
19:52:52  INFO     [BE] +13 new articles saved
19:52:52  INFO     [FI] 'artificial intelligence' → 100 entries, 63 kept so far
19:52:52  INFO     [SE] +24 new articles saved
19:52:52  INFO     [DK] +36 new articles saved
19:52:52  INFO     [AT] +78 new articles saved
19:52:53  INFO     [CZ] 'artificial intelligence' → 100 entries, 18 kept so far
19:52:53  INFO     [PT] 'artificial intelligence' → 100 entries, 58 kept so far
19:52:53  INFO     [RO] 'artificial intelligence' → 100 entries, 44 kept so far
19:52:53  INFO     [HU] 'artificial intelligence' → 100 entries, 13 kept so far
19:52:53  INFO     [FI] 'AI regulation' → 45 entries, 76 kept so far
19:52:54  INFO     [CZ] 'AI regulation' → 78 entries, 47 kept so far
19:52:54  INFO     [RO] 'AI regulation' → 25 entries, 50 kept so far
19:52:54  INFO     [PT] 'AI regulation' → 100 entries, 117 kept so far
19:52:54  INFO     [HU] 'AI regulation' → 78 entries, 18 kept so far
19:52:55  INFO     [FI] 'machine learning' → 85 entries, 112 kept so far
19:52:56  INFO     [CZ] 'machine learning' → 80 entries, 67 kept so far
19:52:56  INFO     [RO] 'machine learning' → 100 entries, 102 kept so far
19:52:56  INFO     [PT] 'machine learning' → 100 entries, 190 kept so far
19:52:56  INFO     [HU] 'machine learning' → 75 entries, 46 kept so far
19:52:57  INFO     [FI] 'EU AI Act' → 68 entries, 148 kept so far
19:52:57  INFO     [CZ] 'EU AI Act' → 77 entries, 79 kept so far
19:52:57  INFO     [RO] 'EU AI Act' → 76 entries, 123 kept so far
19:52:58  INFO     [PT] 'EU AI Act' → 55 entries, 198 kept so far
19:52:58  INFO     [HU] 'EU AI Act' → 76 entries, 67 kept so far
19:52:58  INFO     [FI] 'generative AI' → 52 entries, 179 kept so far
19:52:59  INFO     [CZ] 'generative AI' → 80 entries, 99 kept so far
19:52:59  INFO     [RO] 'generative AI' → 86 entries, 144 kept so far
19:52:59  INFO     [HU] 'generative AI' → 72 entries, 91 kept so far
19:52:59  INFO     [PT] 'generative AI' → 100 entries, 226 kept so far
19:52:59  INFO     [FI] +86 new articles saved
19:53:00  INFO     [CZ] +66 new articles saved
19:53:00  INFO     [GR] 'artificial intelligence' → 100 entries, 38 kept so far
19:53:00  INFO     [RO] +76 new articles saved
19:53:00  INFO     [SK] 'artificial intelligence' → 100 entries, 23 kept so far
19:53:00  INFO     [HU] +48 new articles saved
19:53:00  INFO     [PT] +147 new articles saved
19:53:01  INFO     [IE] 'artificial intelligence' → 102 entries, 62 kept so far
19:53:01  INFO     [HR] 'artificial intelligence' → 104 entries, 54 kept so far
19:53:01  INFO     [BG] 'artificial intelligence' → 78 entries, 37 kept so far
19:53:01  INFO     [GR] 'AI regulation' → 30 entries, 67 kept so far
19:53:02  INFO     [SK] 'AI regulation' → 23 entries, 25 kept so far
19:53:02  INFO     [HR] 'AI regulation' → 100 entries, 106 kept so far
19:53:02  INFO     [BG] 'AI regulation' → 9 entries, 38 kept so far
19:53:02  INFO     [IE] 'AI regulation' → 100 entries, 113 kept so far
19:53:03  INFO     [GR] 'machine learning' → 93 entries, 102 kept so far
19:53:03  INFO     [SK] 'machine learning' → 59 entries, 38 kept so far
19:53:04  INFO     [BG] 'machine learning' → 53 entries, 46 kept so far
19:53:04  INFO     [HR] 'machine learning' → 100 entries, 169 kept so far
19:53:04  INFO     [IE] 'machine learning' → 100 entries, 172 kept so far
19:53:04  INFO     [GR] 'EU AI Act' → 65 entries, 126 kept so far
19:53:05  INFO     [SK] 'EU AI Act' → 62 entries, 50 kept so far
19:53:05  INFO     [BG] 'EU AI Act' → 15 entries, 48 kept so far
19:53:05  INFO     [HR] 'EU AI Act' → 100 entries, 253 kept so far
19:53:06  INFO     [IE] 'EU AI Act' → 100 entries, 245 kept so far
19:53:06  INFO     [GR] 'generative AI' → 100 entries, 171 kept so far
19:53:06  INFO     [SK] 'generative AI' → 41 entries, 57 kept so far
19:53:06  INFO     [BG] 'generative AI' → 25 entries, 52 kept so far
19:53:07  INFO     [HR] 'generative AI' → 100 entries, 303 kept so far
19:53:07  INFO     [GR] +107 new articles saved
19:53:07  INFO     [SK] +29 new articles saved
19:53:07  INFO     [IE] 'generative AI' → 100 entries, 295 kept so far
19:53:07  INFO     [BG] +26 new articles saved
19:53:08  INFO     [SI] 'artificial intelligence' → 96 entries, 47 kept so far
19:53:08  INFO     [LT] 'artificial intelligence' → 87 entries, 23 kept so far
19:53:08  INFO     [LV] 'artificial intelligence' → 59 entries, 18 kept so far
19:53:08  INFO     [HR] +263 new articles saved
19:53:08  INFO     [IE] +108 new articles saved
19:53:09  INFO     [EE] 'artificial intelligence' → 100 entries, 47 kept so far
19:53:09  INFO     [CY] 'artificial intelligence' → 100 entries, 38 kept so far
19:53:09  INFO     [SI] 'AI regulation' → 11 entries, 47 kept so far
19:53:09  INFO     [LT] 'AI regulation' → 14 entries, 24 kept so far
19:53:09  INFO     [LV] 'AI regulation' → 5 entries, 18 kept so far
19:53:10  INFO     [EE] 'AI regulation' → 11 entries, 47 kept so far
19:53:10  INFO     [SI] 'machine learning' → 20 entries, 50 kept so far
19:53:10  INFO     [LT] 'machine learning' → 29 entries, 28 kept so far
19:53:10  INFO     [LV] 'machine learning' → 9 entries, 19 kept so far
19:53:10  INFO     [CY] 'AI regulation' → 60 entries, 92 kept so far
19:53:11  INFO     [EE] 'machine learning' → 11 entries, 49 kept so far
19:53:12  INFO     [LV] 'EU AI Act' → 6 entries, 19 kept so far
19:53:12  INFO     [LT] 'EU AI Act' → 20 entries, 28 kept so far
19:53:12  INFO     [SI] 'EU AI Act' → 21 entries, 53 kept so far
19:53:12  INFO     [CY] 'machine learning' → 93 entries, 127 kept so far
19:53:13  INFO     [EE] 'EU AI Act' → 15 entries, 50 kept so far
19:53:13  INFO     [LV] 'generative AI' → 8 entries, 21 kept so far
19:53:13  INFO     [LT] 'generative AI' → 22 entries, 36 kept so far
19:53:13  INFO     [SI] 'generative AI' → 12 entries, 54 kept so far
19:53:13  INFO     [CY] 'EU AI Act' → 65 entries, 149 kept so far
19:53:14  INFO     [LV] +11 new articles saved
19:53:14  INFO     [LT] +13 new articles saved
19:53:14  INFO     [SI] +20 new articles saved
19:53:14  INFO     [EE] 'generative AI' → 10 entries, 53 kept so far
19:53:14  INFO     [MT] 'artificial intelligence' → 104 entries, 54 kept so far
19:53:14  INFO     [LU] 'artificial intelligence' → 100 entries, 39 kept so far
19:53:15  INFO     [CY] 'generative AI' → 100 entries, 194 kept so far
19:53:15  INFO     [EE] +27 new articles saved
19:53:15  INFO     [MT] 'AI regulation' → 100 entries, 106 kept so far
19:53:16  INFO     [LU] 'AI regulation' → 100 entries, 98 kept so far
19:53:16  INFO     [CY] +22 new articles saved
19:53:16  INFO     [MT] 'machine learning' → 100 entries, 169 kept so far
19:53:17  INFO     [LU] 'machine learning' → 100 entries, 154 kept so far
19:53:18  INFO     [MT] 'EU AI Act' → 100 entries, 253 kept so far
19:53:19  INFO     [LU] 'EU AI Act' → 36 entries, 177 kept so far
19:53:19  INFO     [MT] 'generative AI' → 100 entries, 303 kept so far
19:53:20  INFO     [MT] +0 new articles saved
19:53:20  INFO     [LU] 'generative AI' → 100 entries, 211 kept so far
19:53:21  INFO     [LU] +1 new articles saved
19:53:21  INFO     Scrape complete. 2068 new articles this run.
