04:11:44  INFO     Starting scrape: 27 countries, 5 queries each
/home/runner/work/EU_AI_News/EU_AI_News/eu_ai_news_scraper.py:230: DeprecationWarning: datetime.datetime.utcnow() is deprecated and scheduled for removal in a future version. Use timezone-aware objects to represent datetimes in UTC: datetime.datetime.now(datetime.UTC).
  "scraped_at":   datetime.utcnow().isoformat(),
04:11:45  INFO     [IT] 'artificial intelligence' → 102 entries, 35 kept so far
04:11:45  INFO     [PL] 'artificial intelligence' → 100 entries, 8 kept so far
04:11:45  INFO     [FR] 'artificial intelligence' → 101 entries, 60 kept so far
04:11:45  INFO     [ES] 'artificial intelligence' → 100 entries, 65 kept so far
04:11:45  INFO     [DE] 'artificial intelligence' → 100 entries, 45 kept so far
04:11:47  INFO     [IT] 'AI regulation' → 100 entries, 121 kept so far
04:11:47  INFO     [PL] 'AI regulation' → 78 entries, 66 kept so far
04:11:47  INFO     [FR] 'AI regulation' → 100 entries, 150 kept so far
04:11:47  INFO     [ES] 'AI regulation' → 77 entries, 102 kept so far
04:11:47  INFO     [DE] 'AI regulation' → 100 entries, 126 kept so far
04:11:49  INFO     [IT] 'machine learning' → 100 entries, 200 kept so far
04:11:49  INFO     [FR] 'machine learning' → 100 entries, 205 kept so far
04:11:49  INFO     [PL] 'machine learning' → 100 entries, 117 kept so far
04:11:49  INFO     [ES] 'machine learning' → 100 entries, 174 kept so far
04:11:49  INFO     [DE] 'machine learning' → 100 entries, 176 kept so far
04:11:50  INFO     [IT] 'EU AI Act' → 100 entries, 238 kept so far
04:11:50  INFO     [FR] 'EU AI Act' → 92 entries, 245 kept so far
04:11:50  INFO     [PL] 'EU AI Act' → 77 entries, 134 kept so far
04:11:50  INFO     [DE] 'EU AI Act' → 100 entries, 244 kept so far
04:11:51  INFO     [ES] 'EU AI Act' → 78 entries, 202 kept so far
04:11:52  INFO     [IT] 'generative AI' → 100 entries, 279 kept so far
04:11:52  INFO     [FR] 'generative AI' → 100 entries, 277 kept so far
04:11:52  INFO     [PL] 'generative AI' → 100 entries, 164 kept so far
04:11:52  INFO     [DE] 'generative AI' → 100 entries, 264 kept so far
04:11:52  INFO     [ES] 'generative AI' → 100 entries, 251 kept so far
04:11:53  INFO     [IT] +185 new articles saved
04:11:53  INFO     [FR] +161 new articles saved
04:11:53  INFO     [PL] +84 new articles saved
04:11:53  INFO     [DE] +177 new articles saved
04:11:53  INFO     [ES] +145 new articles saved
04:11:54  INFO     [NL] 'artificial intelligence' → 100 entries, 18 kept so far
04:11:54  INFO     [BE] 'artificial intelligence' → 100 entries, 53 kept so far
04:11:54  INFO     [SE] 'artificial intelligence' → 100 entries, 13 kept so far
04:11:54  INFO     [AT] 'artificial intelligence' → 100 entries, 41 kept so far
04:11:54  INFO     [DK] 'artificial intelligence' → 100 entries, 16 kept so far
04:11:55  INFO     [NL] 'AI regulation' → 77 entries, 66 kept so far
04:11:55  INFO     [BE] 'AI regulation' → 95 entries, 138 kept so far
04:11:56  INFO     [SE] 'AI regulation' → 75 entries, 21 kept so far
04:11:56  INFO     [DK] 'AI regulation' → 47 entries, 23 kept so far
04:11:56  INFO     [AT] 'AI regulation' → 100 entries, 120 kept so far
04:11:57  INFO     [SE] 'machine learning' → 79 entries, 44 kept so far
04:11:57  INFO     [BE] 'machine learning' → 100 entries, 191 kept so far
04:11:57  INFO     [DK] 'machine learning' → 79 entries, 46 kept so far
04:11:57  INFO     [NL] 'machine learning' → 100 entries, 115 kept so far
04:11:57  INFO     [AT] 'machine learning' → 100 entries, 174 kept so far
04:11:59  INFO     [SE] 'EU AI Act' → 73 entries, 52 kept so far
04:11:59  INFO     [BE] 'EU AI Act' → 95 entries, 231 kept so far
04:11:59  INFO     [DK] 'EU AI Act' → 74 entries, 58 kept so far
04:11:59  INFO     [NL] 'EU AI Act' → 100 entries, 147 kept so far
04:11:59  INFO     [AT] 'EU AI Act' → 100 entries, 249 kept so far
04:12:00  INFO     [SE] 'generative AI' → 71 entries, 63 kept so far
04:12:00  INFO     [DK] 'generative AI' → 100 entries, 91 kept so far
04:12:00  INFO     [BE] 'generative AI' → 100 entries, 257 kept so far
04:12:00  INFO     [NL] 'generative AI' → 100 entries, 179 kept so far
04:12:01  INFO     [AT] 'generative AI' → 100 entries, 273 kept so far
04:12:01  INFO     [SE] +30 new articles saved
04:12:01  INFO     [DK] +40 new articles saved
04:12:01  INFO     [BE] +22 new articles saved
04:12:02  INFO     [NL] +81 new articles saved
04:12:02  INFO     [FI] 'artificial intelligence' → 100 entries, 56 kept so far
04:12:02  INFO     [AT] +54 new articles saved
04:12:02  INFO     [CZ] 'artificial intelligence' → 100 entries, 16 kept so far
04:12:02  INFO     [RO] 'artificial intelligence' → 100 entries, 44 kept so far
04:12:02  INFO     [PT] 'artificial intelligence' → 100 entries, 62 kept so far
04:12:02  INFO     [HU] 'artificial intelligence' → 100 entries, 26 kept so far
04:12:03  INFO     [FI] 'AI regulation' → 60 entries, 69 kept so far
04:12:04  INFO     [CZ] 'AI regulation' → 76 entries, 39 kept so far
04:12:04  INFO     [RO] 'AI regulation' → 77 entries, 53 kept so far
04:12:04  INFO     [PT] 'AI regulation' → 78 entries, 96 kept so far
04:12:04  INFO     [HU] 'AI regulation' → 79 entries, 30 kept so far
04:12:05  INFO     [FI] 'machine learning' → 82 entries, 112 kept so far
04:12:05  INFO     [CZ] 'machine learning' → 77 entries, 57 kept so far
04:12:05  INFO     [RO] 'machine learning' → 100 entries, 107 kept so far
04:12:05  INFO     [HU] 'machine learning' → 65 entries, 51 kept so far
04:12:06  INFO     [PT] 'machine learning' → 100 entries, 173 kept so far
04:12:06  INFO     [FI] 'EU AI Act' → 66 entries, 151 kept so far
04:12:07  INFO     [CZ] 'EU AI Act' → 72 entries, 70 kept so far
04:12:07  INFO     [RO] 'EU AI Act' → 76 entries, 132 kept so far
04:12:07  INFO     [HU] 'EU AI Act' → 77 entries, 71 kept so far
04:12:07  INFO     [PT] 'EU AI Act' → 62 entries, 187 kept so far
04:12:08  INFO     [FI] 'generative AI' → 64 entries, 191 kept so far
04:12:08  INFO     [CZ] 'generative AI' → 73 entries, 89 kept so far
04:12:08  INFO     [RO] 'generative AI' → 95 entries, 161 kept so far
04:12:09  INFO     [HU] 'generative AI' → 72 entries, 94 kept so far
04:12:09  INFO     [PT] 'generative AI' → 100 entries, 221 kept so far
04:12:09  INFO     [FI] +99 new articles saved
04:12:09  INFO     [CZ] +57 new articles saved
04:12:09  INFO     [GR] 'artificial intelligence' → 100 entries, 38 kept so far
04:12:10  INFO     [RO] +101 new articles saved
04:12:10  INFO     [HU] +58 new articles saved
04:12:10  INFO     [HR] 'artificial intelligence' → 102 entries, 56 kept so far
04:12:10  INFO     [PT] +147 new articles saved
04:12:10  INFO     [SK] 'artificial intelligence' → 100 entries, 25 kept so far
04:12:10  INFO     [IE] 'artificial intelligence' → 100 entries, 62 kept so far
04:12:11  INFO     [BG] 'artificial intelligence' → 88 entries, 31 kept so far
04:12:11  INFO     [GR] 'AI regulation' → 66 entries, 86 kept so far
04:12:11  INFO     [HR] 'AI regulation' → 102 entries, 99 kept so far
04:12:12  INFO     [SK] 'AI regulation' → 26 entries, 28 kept so far
04:12:12  INFO     [IE] 'AI regulation' → 100 entries, 103 kept so far
04:12:12  INFO     [BG] 'AI regulation' → 22 entries, 33 kept so far
04:12:13  INFO     [GR] 'machine learning' → 100 entries, 129 kept so far
04:12:13  INFO     [HR] 'machine learning' → 100 entries, 175 kept so far
04:12:13  INFO     [SK] 'machine learning' → 59 entries, 43 kept so far
04:12:14  INFO     [BG] 'machine learning' → 57 entries, 41 kept so far
04:12:14  INFO     [IE] 'machine learning' → 100 entries, 188 kept so far
04:12:14  INFO     [GR] 'EU AI Act' → 52 entries, 143 kept so far
04:12:15  INFO     [HR] 'EU AI Act' → 100 entries, 257 kept so far
04:12:15  INFO     [SK] 'EU AI Act' → 62 entries, 50 kept so far
04:12:15  INFO     [BG] 'EU AI Act' → 22 entries, 43 kept so far
04:12:15  INFO     [IE] 'EU AI Act' → 100 entries, 260 kept so far
04:12:16  INFO     [GR] 'generative AI' → 100 entries, 187 kept so far
04:12:16  INFO     [SK] 'generative AI' → 50 entries, 61 kept so far
04:12:16  INFO     [HR] 'generative AI' → 100 entries, 322 kept so far
04:12:16  INFO     [BG] 'generative AI' → 39 entries, 50 kept so far
04:12:17  INFO     [GR] +126 new articles saved
04:12:17  INFO     [IE] 'generative AI' → 100 entries, 322 kept so far
04:12:17  INFO     [SK] +31 new articles saved
04:12:17  INFO     [HR] +287 new articles saved
04:12:17  INFO     [LT] 'artificial intelligence' → 83 entries, 28 kept so far
04:12:17  INFO     [BG] +30 new articles saved
04:12:18  INFO     [SI] 'artificial intelligence' → 100 entries, 48 kept so far
04:12:18  INFO     [LV] 'artificial intelligence' → 62 entries, 21 kept so far
04:12:18  INFO     [EE] 'artificial intelligence' → 100 entries, 52 kept so far
04:12:18  INFO     [IE] +113 new articles saved
04:12:19  INFO     [CY] 'artificial intelligence' → 100 entries, 38 kept so far
04:12:19  INFO     [LT] 'AI regulation' → 7 entries, 28 kept so far
04:12:19  INFO     [SI] 'AI regulation' → 2 entries, 48 kept so far
04:12:19  INFO     [LV] 'AI regulation' → 6 entries, 21 kept so far
04:12:20  INFO     [EE] 'AI regulation' → 5 entries, 52 kept so far
04:12:20  INFO     [LT] 'machine learning' → 29 entries, 32 kept so far
04:12:20  INFO     [CY] 'AI regulation' → 66 entries, 86 kept so far
04:12:20  INFO     [LV] 'machine learning' → 13 entries, 25 kept so far
04:12:21  INFO     [SI] 'machine learning' → 21 entries, 49 kept so far
04:12:21  INFO     [EE] 'machine learning' → 31 entries, 54 kept so far
04:12:21  INFO     [LT] 'EU AI Act' → 19 entries, 33 kept so far
04:12:22  INFO     [CY] 'machine learning' → 100 entries, 129 kept so far
04:12:22  INFO     [LV] 'EU AI Act' → 10 entries, 26 kept so far
04:12:22  INFO     [SI] 'EU AI Act' → 26 entries, 54 kept so far
04:12:22  INFO     [EE] 'EU AI Act' → 9 entries, 54 kept so far
04:12:23  INFO     [LT] 'generative AI' → 17 entries, 39 kept so far
04:12:23  INFO     [LV] 'generative AI' → 10 entries, 27 kept so far
04:12:23  INFO     [CY] 'EU AI Act' → 52 entries, 144 kept so far
04:12:23  INFO     [SI] 'generative AI' → 18 entries, 55 kept so far
04:12:24  INFO     [EE] 'generative AI' → 11 entries, 56 kept so far
04:12:24  INFO     [LT] +16 new articles saved
04:12:24  INFO     [LV] +12 new articles saved
04:12:24  INFO     [MT] 'artificial intelligence' → 102 entries, 56 kept so far
04:12:24  INFO     [LU] 'artificial intelligence' → 101 entries, 60 kept so far
04:12:24  INFO     [SI] +23 new articles saved
04:12:25  INFO     [EE] +27 new articles saved
04:12:25  INFO     [CY] 'generative AI' → 100 entries, 189 kept so far
04:12:25  INFO     [MT] 'AI regulation' → 102 entries, 99 kept so far
04:12:26  INFO     [CY] +4 new articles saved
04:12:26  INFO     [LU] 'AI regulation' → 100 entries, 149 kept so far
04:12:27  INFO     [MT] 'machine learning' → 100 entries, 175 kept so far
04:12:28  INFO     [MT] 'EU AI Act' → 100 entries, 257 kept so far
04:12:28  INFO     [LU] 'machine learning' → 100 entries, 204 kept so far
04:12:29  INFO     [MT] 'generative AI' → 100 entries, 322 kept so far
04:12:30  INFO     [LU] 'EU AI Act' → 92 entries, 244 kept so far
04:12:30  INFO     [MT] +0 new articles saved
04:12:31  INFO     [LU] 'generative AI' → 100 entries, 276 kept so far
04:12:32  INFO     [LU] +0 new articles saved
04:12:32  INFO     Scrape complete. 2110 new articles this run.
