22:54:39  INFO     Starting scrape: 27 countries, 5 queries each
/home/runner/work/EU_AI_News/EU_AI_News/eu_ai_news_scraper.py:230: DeprecationWarning: datetime.datetime.utcnow() is deprecated and scheduled for removal in a future version. Use timezone-aware objects to represent datetimes in UTC: datetime.datetime.now(datetime.UTC).
  "scraped_at":   datetime.utcnow().isoformat(),
22:54:40  INFO     [DE] 'artificial intelligence' → 100 entries, 52 kept so far
22:54:40  INFO     [IT] 'artificial intelligence' → 100 entries, 37 kept so far
22:54:40  INFO     [FR] 'artificial intelligence' → 100 entries, 57 kept so far
22:54:40  INFO     [PL] 'artificial intelligence' → 100 entries, 16 kept so far
22:54:40  INFO     [ES] 'artificial intelligence' → 100 entries, 57 kept so far
22:54:41  INFO     [FR] 'AI regulation' → 100 entries, 147 kept so far
22:54:41  INFO     [DE] 'AI regulation' → 100 entries, 134 kept so far
22:54:41  INFO     [IT] 'AI regulation' → 100 entries, 126 kept so far
22:54:41  INFO     [PL] 'AI regulation' → 78 entries, 78 kept so far
22:54:41  INFO     [ES] 'AI regulation' → 77 entries, 104 kept so far
22:54:43  INFO     [FR] 'machine learning' → 100 entries, 205 kept so far
22:54:43  INFO     [IT] 'machine learning' → 100 entries, 204 kept so far
22:54:43  INFO     [DE] 'machine learning' → 100 entries, 186 kept so far
22:54:43  INFO     [PL] 'machine learning' → 100 entries, 124 kept so far
22:54:43  INFO     [ES] 'machine learning' → 100 entries, 178 kept so far
22:54:44  INFO     [FR] 'EU AI Act' → 100 entries, 252 kept so far
22:54:45  INFO     [IT] 'EU AI Act' → 100 entries, 265 kept so far
22:54:45  INFO     [PL] 'EU AI Act' → 78 entries, 140 kept so far
22:54:45  INFO     [ES] 'EU AI Act' → 78 entries, 205 kept so far
22:54:45  INFO     [DE] 'EU AI Act' → 100 entries, 261 kept so far
22:54:46  INFO     [FR] 'generative AI' → 100 entries, 282 kept so far
22:54:46  INFO     [IT] 'generative AI' → 100 entries, 311 kept so far
22:54:46  INFO     [PL] 'generative AI' → 100 entries, 172 kept so far
22:54:47  INFO     [ES] 'generative AI' → 100 entries, 248 kept so far
22:54:47  INFO     [DE] 'generative AI' → 100 entries, 287 kept so far
22:54:47  INFO     [FR] +180 new articles saved
22:54:47  INFO     [IT] +222 new articles saved
22:54:47  INFO     [PL] +99 new articles saved
22:54:48  INFO     [NL] 'artificial intelligence' → 100 entries, 13 kept so far
22:54:48  INFO     [ES] +179 new articles saved
22:54:48  INFO     [DE] +202 new articles saved
22:54:48  INFO     [BE] 'artificial intelligence' → 100 entries, 66 kept so far
22:54:48  INFO     [SE] 'artificial intelligence' → 100 entries, 9 kept so far
22:54:48  INFO     [AT] 'artificial intelligence' → 100 entries, 49 kept so far
22:54:49  INFO     [DK] 'artificial intelligence' → 100 entries, 22 kept so far
22:54:49  INFO     [NL] 'AI regulation' → 80 entries, 60 kept so far
22:54:50  INFO     [BE] 'AI regulation' → 100 entries, 155 kept so far
22:54:50  INFO     [SE] 'AI regulation' → 77 entries, 22 kept so far
22:54:50  INFO     [AT] 'AI regulation' → 100 entries, 129 kept so far
22:54:50  INFO     [DK] 'AI regulation' → 46 entries, 30 kept so far
22:54:51  INFO     [NL] 'machine learning' → 100 entries, 108 kept so far
22:54:51  INFO     [BE] 'machine learning' → 100 entries, 214 kept so far
22:54:51  INFO     [SE] 'machine learning' → 85 entries, 43 kept so far
22:54:52  INFO     [DK] 'machine learning' → 79 entries, 50 kept so far
22:54:52  INFO     [AT] 'machine learning' → 100 entries, 184 kept so far
22:54:53  INFO     [NL] 'EU AI Act' → 100 entries, 141 kept so far
22:54:53  INFO     [SE] 'EU AI Act' → 66 entries, 52 kept so far
22:54:53  INFO     [BE] 'EU AI Act' → 100 entries, 261 kept so far
22:54:53  INFO     [DK] 'EU AI Act' → 74 entries, 63 kept so far
22:54:54  INFO     [AT] 'EU AI Act' → 100 entries, 261 kept so far
22:54:54  INFO     [NL] 'generative AI' → 100 entries, 172 kept so far
22:54:54  INFO     [SE] 'generative AI' → 77 entries, 65 kept so far
22:54:55  INFO     [BE] 'generative AI' → 100 entries, 286 kept so far
22:54:55  INFO     [DK] 'generative AI' → 89 entries, 91 kept so far
22:54:55  INFO     [AT] 'generative AI' → 100 entries, 289 kept so far
22:54:55  INFO     [NL] +94 new articles saved
22:54:55  INFO     [SE] +37 new articles saved
22:54:56  INFO     [BE] +36 new articles saved
22:54:56  INFO     [FI] 'artificial intelligence' → 100 entries, 56 kept so far
22:54:56  INFO     [DK] +49 new articles saved
22:54:56  INFO     [PT] 'artificial intelligence' → 100 entries, 55 kept so far
22:54:56  INFO     [AT] +46 new articles saved
22:54:56  INFO     [CZ] 'artificial intelligence' → 100 entries, 18 kept so far
22:54:57  INFO     [RO] 'artificial intelligence' → 100 entries, 32 kept so far
22:54:57  INFO     [HU] 'artificial intelligence' → 100 entries, 15 kept so far
22:54:57  INFO     [FI] 'AI regulation' → 59 entries, 72 kept so far
22:54:58  INFO     [PT] 'AI regulation' → 78 entries, 92 kept so far
22:54:58  INFO     [CZ] 'AI regulation' → 78 entries, 40 kept so far
22:54:58  INFO     [RO] 'AI regulation' → 77 entries, 45 kept so far
22:54:58  INFO     [HU] 'AI regulation' → 78 entries, 18 kept so far
22:54:59  INFO     [FI] 'machine learning' → 99 entries, 116 kept so far
22:54:59  INFO     [PT] 'machine learning' → 100 entries, 169 kept so far
22:55:00  INFO     [CZ] 'machine learning' → 79 entries, 59 kept so far
22:55:00  INFO     [RO] 'machine learning' → 100 entries, 106 kept so far
22:55:00  INFO     [HU] 'machine learning' → 77 entries, 39 kept so far
22:55:01  INFO     [FI] 'EU AI Act' → 63 entries, 152 kept so far
22:55:01  INFO     [PT] 'EU AI Act' → 78 entries, 186 kept so far
22:55:01  INFO     [CZ] 'EU AI Act' → 76 entries, 74 kept so far
22:55:01  INFO     [RO] 'EU AI Act' → 76 entries, 132 kept so far
22:55:02  INFO     [HU] 'EU AI Act' → 79 entries, 64 kept so far
22:55:02  INFO     [FI] 'generative AI' → 69 entries, 191 kept so far
22:55:03  INFO     [CZ] 'generative AI' → 75 entries, 93 kept so far
22:55:03  INFO     [PT] 'generative AI' → 100 entries, 216 kept so far
22:55:03  INFO     [HU] 'generative AI' → 68 entries, 82 kept so far
22:55:03  INFO     [RO] 'generative AI' → 96 entries, 155 kept so far
22:55:03  INFO     [FI] +111 new articles saved
22:55:04  INFO     [GR] 'artificial intelligence' → 100 entries, 38 kept so far
22:55:04  INFO     [CZ] +63 new articles saved
22:55:04  INFO     [PT] +139 new articles saved
22:55:04  INFO     [HU] +51 new articles saved
22:55:04  INFO     [RO] +102 new articles saved
22:55:04  INFO     [SK] 'artificial intelligence' → 100 entries, 27 kept so far
22:55:04  INFO     [IE] 'artificial intelligence' → 100 entries, 55 kept so far
22:55:05  INFO     [HR] 'artificial intelligence' → 102 entries, 59 kept so far
22:55:05  INFO     [BG] 'artificial intelligence' → 94 entries, 39 kept so far
22:55:05  INFO     [GR] 'AI regulation' → 72 entries, 88 kept so far
22:55:06  INFO     [SK] 'AI regulation' → 46 entries, 32 kept so far
22:55:06  INFO     [IE] 'AI regulation' → 100 entries, 96 kept so far
22:55:06  INFO     [HR] 'AI regulation' → 100 entries, 99 kept so far
22:55:06  INFO     [BG] 'AI regulation' → 11 entries, 39 kept so far
22:55:07  INFO     [GR] 'machine learning' → 100 entries, 128 kept so far
22:55:07  INFO     [SK] 'machine learning' → 59 entries, 45 kept so far
22:55:08  INFO     [BG] 'machine learning' → 56 entries, 46 kept so far
22:55:08  INFO     [IE] 'machine learning' → 100 entries, 165 kept so far
22:55:08  INFO     [HR] 'machine learning' → 100 entries, 157 kept so far
22:55:08  INFO     [GR] 'EU AI Act' → 59 entries, 148 kept so far
22:55:09  INFO     [SK] 'EU AI Act' → 66 entries, 57 kept so far
22:55:09  INFO     [BG] 'EU AI Act' → 18 entries, 51 kept so far
22:55:09  INFO     [HR] 'EU AI Act' → 100 entries, 244 kept so far
22:55:10  INFO     [IE] 'EU AI Act' → 100 entries, 244 kept so far
22:55:10  INFO     [GR] 'generative AI' → 100 entries, 193 kept so far
22:55:10  INFO     [SK] 'generative AI' → 50 entries, 68 kept so far
22:55:11  INFO     [BG] 'generative AI' → 31 entries, 57 kept so far
22:55:11  INFO     [HR] 'generative AI' → 100 entries, 312 kept so far
22:55:11  INFO     [GR] +130 new articles saved
22:55:11  INFO     [SK] +42 new articles saved
22:55:11  INFO     [IE] 'generative AI' → 100 entries, 311 kept so far
22:55:12  INFO     [BG] +35 new articles saved
22:55:12  INFO     [LT] 'artificial intelligence' → 84 entries, 26 kept so far
22:55:12  INFO     [SI] 'artificial intelligence' → 100 entries, 44 kept so far
22:55:12  INFO     [LV] 'artificial intelligence' → 62 entries, 24 kept so far
22:55:12  INFO     [HR] +292 new articles saved
22:55:12  INFO     [IE] +123 new articles saved
22:55:13  INFO     [EE] 'artificial intelligence' → 92 entries, 41 kept so far
22:55:13  INFO     [CY] 'artificial intelligence' → 100 entries, 38 kept so far
22:55:13  INFO     [LT] 'AI regulation' → 11 entries, 26 kept so far
22:55:13  INFO     [SI] 'AI regulation' → 6 entries, 44 kept so far
22:55:13  INFO     [LV] 'AI regulation' → 3 entries, 24 kept so far
22:55:14  INFO     [EE] 'AI regulation' → 9 entries, 41 kept so far
22:55:14  INFO     [CY] 'AI regulation' → 72 entries, 88 kept so far
22:55:14  INFO     [LT] 'machine learning' → 35 entries, 30 kept so far
22:55:15  INFO     [LV] 'machine learning' → 15 entries, 27 kept so far
22:55:15  INFO     [SI] 'machine learning' → 21 entries, 46 kept so far
22:55:15  INFO     [EE] 'machine learning' → 17 entries, 42 kept so far
22:55:16  INFO     [LT] 'EU AI Act' → 19 entries, 31 kept so far
22:55:16  INFO     [CY] 'machine learning' → 100 entries, 128 kept so far
22:55:16  INFO     [LV] 'EU AI Act' → 8 entries, 27 kept so far
22:55:16  INFO     [SI] 'EU AI Act' → 20 entries, 49 kept so far
22:55:17  INFO     [EE] 'EU AI Act' → 15 entries, 44 kept so far
22:55:17  INFO     [LT] 'generative AI' → 17 entries, 37 kept so far
22:55:17  INFO     [CY] 'EU AI Act' → 59 entries, 148 kept so far
22:55:17  INFO     [LV] 'generative AI' → 9 entries, 28 kept so far
22:55:18  INFO     [SI] 'generative AI' → 12 entries, 50 kept so far
22:55:18  INFO     [LT] +17 new articles saved
22:55:18  INFO     [EE] 'generative AI' → 12 entries, 45 kept so far
22:55:18  INFO     [LV] +14 new articles saved
22:55:19  INFO     [MT] 'artificial intelligence' → 102 entries, 59 kept so far
22:55:19  INFO     [LU] 'artificial intelligence' → 100 entries, 57 kept so far
22:55:19  INFO     [SI] +21 new articles saved
22:55:19  INFO     [CY] 'generative AI' → 100 entries, 193 kept so far
22:55:19  INFO     [EE] +26 new articles saved
22:55:20  INFO     [MT] 'AI regulation' → 100 entries, 99 kept so far
22:55:20  INFO     [CY] +0 new articles saved
22:55:20  INFO     [LU] 'AI regulation' → 100 entries, 147 kept so far
22:55:21  INFO     [MT] 'machine learning' → 100 entries, 157 kept so far
22:55:22  INFO     [LU] 'machine learning' → 100 entries, 205 kept so far
22:55:22  INFO     [MT] 'EU AI Act' → 100 entries, 244 kept so far
22:55:23  INFO     [MT] 'generative AI' → 100 entries, 312 kept so far
22:55:23  INFO     [LU] 'EU AI Act' → 100 entries, 252 kept so far
22:55:24  INFO     [MT] +0 new articles saved
22:55:25  INFO     [LU] 'generative AI' → 100 entries, 282 kept so far
22:55:26  INFO     [LU] +1 new articles saved
22:55:26  INFO     Scrape complete. 2311 new articles this run.
