18:42:35  INFO     Starting scrape: 27 countries, 5 queries each
/home/runner/work/EU_AI_News/EU_AI_News/eu_ai_news_scraper.py:230: DeprecationWarning: datetime.datetime.utcnow() is deprecated and scheduled for removal in a future version. Use timezone-aware objects to represent datetimes in UTC: datetime.datetime.now(datetime.UTC).
  "scraped_at":   datetime.utcnow().isoformat(),
18:42:36  INFO     [DE] 'artificial intelligence' → 100 entries, 51 kept so far
18:42:36  INFO     [PL] 'artificial intelligence' → 100 entries, 24 kept so far
18:42:36  INFO     [IT] 'artificial intelligence' → 100 entries, 41 kept so far
18:42:36  INFO     [ES] 'artificial intelligence' → 100 entries, 54 kept so far
18:42:36  INFO     [FR] 'artificial intelligence' → 100 entries, 52 kept so far
18:42:37  INFO     [DE] 'AI regulation' → 99 entries, 131 kept so far
18:42:37  INFO     [FR] 'AI regulation' → 100 entries, 132 kept so far
18:42:37  INFO     [IT] 'AI regulation' → 100 entries, 126 kept so far
18:42:37  INFO     [PL] 'AI regulation' → 100 entries, 89 kept so far
18:42:38  INFO     [ES] 'AI regulation' → 78 entries, 89 kept so far
18:42:39  INFO     [DE] 'machine learning' → 100 entries, 183 kept so far
18:42:39  INFO     [IT] 'machine learning' → 100 entries, 189 kept so far
18:42:39  INFO     [PL] 'machine learning' → 100 entries, 125 kept so far
18:42:39  INFO     [FR] 'machine learning' → 100 entries, 188 kept so far
18:42:39  INFO     [ES] 'machine learning' → 100 entries, 162 kept so far
18:42:40  INFO     [DE] 'EU AI Act' → 100 entries, 260 kept so far
18:42:41  INFO     [PL] 'EU AI Act' → 77 entries, 150 kept so far
18:42:41  INFO     [IT] 'EU AI Act' → 100 entries, 270 kept so far
18:42:41  INFO     [FR] 'EU AI Act' → 94 entries, 241 kept so far
18:42:41  INFO     [ES] 'EU AI Act' → 78 entries, 192 kept so far
18:42:42  INFO     [DE] 'generative AI' → 100 entries, 286 kept so far
18:42:42  INFO     [PL] 'generative AI' → 100 entries, 184 kept so far
18:42:42  INFO     [IT] 'generative AI' → 100 entries, 310 kept so far
18:42:42  INFO     [FR] 'generative AI' → 100 entries, 271 kept so far
18:42:42  INFO     [ES] 'generative AI' → 100 entries, 233 kept so far
18:42:43  INFO     [DE] +176 new articles saved
18:42:43  INFO     [PL] +110 new articles saved
18:42:43  INFO     [IT] +191 new articles saved
18:42:43  INFO     [FR] +146 new articles saved
18:42:43  INFO     [ES] +112 new articles saved
18:42:44  INFO     [NL] 'artificial intelligence' → 100 entries, 14 kept so far
18:42:44  INFO     [BE] 'artificial intelligence' → 100 entries, 53 kept so far
18:42:44  INFO     [SE] 'artificial intelligence' → 100 entries, 10 kept so far
18:42:44  INFO     [AT] 'artificial intelligence' → 100 entries, 54 kept so far
18:42:44  INFO     [DK] 'artificial intelligence' → 100 entries, 16 kept so far
18:42:45  INFO     [NL] 'AI regulation' → 78 entries, 57 kept so far
18:42:45  INFO     [BE] 'AI regulation' → 100 entries, 139 kept so far
18:42:46  INFO     [SE] 'AI regulation' → 78 entries, 23 kept so far
18:42:46  INFO     [DK] 'AI regulation' → 36 entries, 22 kept so far
18:42:46  INFO     [AT] 'AI regulation' → 100 entries, 133 kept so far
18:42:47  INFO     [NL] 'machine learning' → 100 entries, 109 kept so far
18:42:47  INFO     [SE] 'machine learning' → 75 entries, 48 kept so far
18:42:47  INFO     [BE] 'machine learning' → 100 entries, 196 kept so far
18:42:47  INFO     [DK] 'machine learning' → 82 entries, 45 kept so far
18:42:47  INFO     [AT] 'machine learning' → 100 entries, 182 kept so far
18:42:48  INFO     [NL] 'EU AI Act' → 100 entries, 137 kept so far
18:42:49  INFO     [SE] 'EU AI Act' → 56 entries, 56 kept so far
18:42:49  INFO     [DK] 'EU AI Act' → 70 entries, 60 kept so far
18:42:49  INFO     [BE] 'EU AI Act' → 100 entries, 242 kept so far
18:42:49  INFO     [AT] 'EU AI Act' → 100 entries, 262 kept so far
18:42:50  INFO     [NL] 'generative AI' → 100 entries, 163 kept so far
18:42:50  INFO     [SE] 'generative AI' → 72 entries, 62 kept so far
18:42:50  INFO     [DK] 'generative AI' → 100 entries, 93 kept so far
18:42:50  INFO     [AT] 'generative AI' → 100 entries, 285 kept so far
18:42:50  INFO     [BE] 'generative AI' → 100 entries, 268 kept so far
18:42:51  INFO     [NL] +62 new articles saved
18:42:51  INFO     [SE] +22 new articles saved
18:42:51  INFO     [DK] +29 new articles saved
18:42:51  INFO     [FI] 'artificial intelligence' → 100 entries, 66 kept so far
18:42:51  INFO     [AT] +37 new articles saved
18:42:51  INFO     [BE] +22 new articles saved
18:42:52  INFO     [PT] 'artificial intelligence' → 100 entries, 61 kept so far
18:42:52  INFO     [CZ] 'artificial intelligence' → 100 entries, 18 kept so far
18:42:52  INFO     [RO] 'artificial intelligence' → 100 entries, 41 kept so far
18:42:52  INFO     [HU] 'artificial intelligence' → 100 entries, 13 kept so far
18:42:53  INFO     [FI] 'AI regulation' → 52 entries, 80 kept so far
18:42:53  INFO     [PT] 'AI regulation' → 59 entries, 95 kept so far
18:42:53  INFO     [CZ] 'AI regulation' → 76 entries, 37 kept so far
18:42:54  INFO     [RO] 'AI regulation' → 79 entries, 55 kept so far
18:42:54  INFO     [HU] 'AI regulation' → 78 entries, 17 kept so far
18:42:55  INFO     [FI] 'machine learning' → 100 entries, 112 kept so far
18:42:55  INFO     [CZ] 'machine learning' → 82 entries, 51 kept so far
18:42:55  INFO     [PT] 'machine learning' → 100 entries, 171 kept so far
18:42:55  INFO     [HU] 'machine learning' → 69 entries, 42 kept so far
18:42:55  INFO     [RO] 'machine learning' → 100 entries, 108 kept so far
18:42:56  INFO     [FI] 'EU AI Act' → 62 entries, 142 kept so far
18:42:56  INFO     [CZ] 'EU AI Act' → 75 entries, 59 kept so far
18:42:57  INFO     [PT] 'EU AI Act' → 53 entries, 183 kept so far
18:42:57  INFO     [RO] 'EU AI Act' → 77 entries, 133 kept so far
18:42:57  INFO     [HU] 'EU AI Act' → 77 entries, 70 kept so far
18:42:58  INFO     [FI] 'generative AI' → 54 entries, 174 kept so far
18:42:58  INFO     [CZ] 'generative AI' → 89 entries, 81 kept so far
18:42:58  INFO     [PT] 'generative AI' → 100 entries, 212 kept so far
18:42:58  INFO     [RO] 'generative AI' → 84 entries, 162 kept so far
18:42:58  INFO     [HU] 'generative AI' → 74 entries, 95 kept so far
18:42:59  INFO     [FI] +83 new articles saved
18:42:59  INFO     [CZ] +46 new articles saved
18:42:59  INFO     [PT] +114 new articles saved
18:42:59  INFO     [RO] +88 new articles saved
18:42:59  INFO     [HU] +52 new articles saved
18:42:59  INFO     [GR] 'artificial intelligence' → 100 entries, 44 kept so far
18:42:59  INFO     [HR] 'artificial intelligence' → 100 entries, 70 kept so far
18:42:59  INFO     [SK] 'artificial intelligence' → 100 entries, 22 kept so far
18:43:00  INFO     [BG] 'artificial intelligence' → 82 entries, 37 kept so far
18:43:00  INFO     [IE] 'artificial intelligence' → 100 entries, 65 kept so far
18:43:01  INFO     [GR] 'AI regulation' → 67 entries, 99 kept so far
18:43:01  INFO     [SK] 'AI regulation' → 21 entries, 25 kept so far
18:43:01  INFO     [HR] 'AI regulation' → 100 entries, 107 kept so far
18:43:01  INFO     [BG] 'AI regulation' → 7 entries, 38 kept so far
18:43:02  INFO     [IE] 'AI regulation' → 100 entries, 100 kept so far
18:43:02  INFO     [SK] 'machine learning' → 58 entries, 36 kept so far
18:43:02  INFO     [BG] 'machine learning' → 56 entries, 45 kept so far
18:43:02  INFO     [HR] 'machine learning' → 100 entries, 173 kept so far
18:43:02  INFO     [GR] 'machine learning' → 97 entries, 131 kept so far
18:43:03  INFO     [IE] 'machine learning' → 100 entries, 166 kept so far
18:43:04  INFO     [BG] 'EU AI Act' → 16 entries, 49 kept so far
18:43:04  INFO     [SK] 'EU AI Act' → 65 entries, 51 kept so far
18:43:04  INFO     [GR] 'EU AI Act' → 58 entries, 149 kept so far
18:43:04  INFO     [HR] 'EU AI Act' → 100 entries, 250 kept so far
18:43:05  INFO     [IE] 'EU AI Act' → 100 entries, 241 kept so far
18:43:05  INFO     [BG] 'generative AI' → 29 entries, 53 kept so far
18:43:05  INFO     [SK] 'generative AI' → 40 entries, 58 kept so far
18:43:05  INFO     [GR] 'generative AI' → 100 entries, 194 kept so far
18:43:06  INFO     [HR] 'generative AI' → 100 entries, 304 kept so far
18:43:06  INFO     [BG] +29 new articles saved
18:43:06  INFO     [SK] +28 new articles saved
18:43:06  INFO     [LT] 'artificial intelligence' → 74 entries, 28 kept so far
18:43:06  INFO     [GR] +118 new articles saved
18:43:07  INFO     [IE] 'generative AI' → 100 entries, 299 kept so far
18:43:07  INFO     [HR] +275 new articles saved
18:43:07  INFO     [SI] 'artificial intelligence' → 100 entries, 45 kept so far
18:43:07  INFO     [LV] 'artificial intelligence' → 66 entries, 20 kept so far
18:43:07  INFO     [EE] 'artificial intelligence' → 100 entries, 42 kept so far
18:43:08  INFO     [IE] +84 new articles saved
18:43:08  INFO     [LT] 'AI regulation' → 9 entries, 28 kept so far
18:43:08  INFO     [CY] 'artificial intelligence' → 100 entries, 44 kept so far
18:43:08  INFO     [SI] 'AI regulation' → 6 entries, 45 kept so far
18:43:08  INFO     [LV] 'AI regulation' → 9 entries, 20 kept so far
18:43:08  INFO     [EE] 'AI regulation' → 6 entries, 42 kept so far
18:43:09  INFO     [LT] 'machine learning' → 29 entries, 32 kept so far
18:43:09  INFO     [LV] 'machine learning' → 10 entries, 21 kept so far
18:43:09  INFO     [SI] 'machine learning' → 21 entries, 48 kept so far
18:43:10  INFO     [CY] 'AI regulation' → 67 entries, 99 kept so far
18:43:10  INFO     [EE] 'machine learning' → 20 entries, 48 kept so far
18:43:10  INFO     [LT] 'EU AI Act' → 23 entries, 34 kept so far
18:43:11  INFO     [LV] 'EU AI Act' → 8 entries, 21 kept so far
18:43:11  INFO     [SI] 'EU AI Act' → 31 entries, 54 kept so far
18:43:11  INFO     [CY] 'machine learning' → 97 entries, 131 kept so far
18:43:11  INFO     [EE] 'EU AI Act' → 16 entries, 50 kept so far
18:43:12  INFO     [LT] 'generative AI' → 22 entries, 42 kept so far
18:43:12  INFO     [LV] 'generative AI' → 9 entries, 24 kept so far
18:43:12  INFO     [SI] 'generative AI' → 13 entries, 55 kept so far
18:43:13  INFO     [CY] 'EU AI Act' → 58 entries, 149 kept so far
18:43:13  INFO     [EE] 'generative AI' → 11 entries, 52 kept so far
18:43:13  INFO     [LT] +13 new articles saved
18:43:13  INFO     [LV] +8 new articles saved
18:43:13  INFO     [MT] 'artificial intelligence' → 100 entries, 70 kept so far
18:43:13  INFO     [SI] +19 new articles saved
18:43:13  INFO     [LU] 'artificial intelligence' → 100 entries, 52 kept so far
18:43:14  INFO     [EE] +23 new articles saved
18:43:14  INFO     [CY] 'generative AI' → 100 entries, 194 kept so far
18:43:14  INFO     [MT] 'AI regulation' → 100 entries, 107 kept so far
18:43:15  INFO     [LU] 'AI regulation' → 100 entries, 132 kept so far
18:43:15  INFO     [CY] +0 new articles saved
18:43:15  INFO     [MT] 'machine learning' → 100 entries, 173 kept so far
18:43:16  INFO     [LU] 'machine learning' → 100 entries, 188 kept so far
18:43:17  INFO     [MT] 'EU AI Act' → 100 entries, 250 kept so far
18:43:18  INFO     [MT] 'generative AI' → 100 entries, 304 kept so far
18:43:18  INFO     [LU] 'EU AI Act' → 93 entries, 241 kept so far
18:43:19  INFO     [MT] +0 new articles saved
18:43:20  INFO     [LU] 'generative AI' → 100 entries, 271 kept so far
18:43:21  INFO     [LU] +0 new articles saved
18:43:21  INFO     Scrape complete. 1887 new articles this run.
