10:22:52  INFO     Starting scrape: 27 countries, 5 queries each
/home/runner/work/EU_AI_News/EU_AI_News/eu_ai_news_scraper.py:230: DeprecationWarning: datetime.datetime.utcnow() is deprecated and scheduled for removal in a future version. Use timezone-aware objects to represent datetimes in UTC: datetime.datetime.now(datetime.UTC).
  "scraped_at":   datetime.utcnow().isoformat(),
10:22:52  INFO     [DE] 'artificial intelligence' → 100 entries, 43 kept so far
10:22:53  INFO     [FR] 'artificial intelligence' → 100 entries, 52 kept so far
10:22:53  INFO     [PL] 'artificial intelligence' → 100 entries, 15 kept so far
10:22:53  INFO     [IT] 'artificial intelligence' → 100 entries, 29 kept so far
10:22:53  INFO     [ES] 'artificial intelligence' → 100 entries, 55 kept so far
10:22:54  INFO     [DE] 'AI regulation' → 100 entries, 121 kept so far
10:22:54  INFO     [FR] 'AI regulation' → 95 entries, 137 kept so far
10:22:54  INFO     [PL] 'AI regulation' → 79 entries, 75 kept so far
10:22:54  INFO     [IT] 'AI regulation' → 100 entries, 120 kept so far
10:22:55  INFO     [ES] 'AI regulation' → 78 entries, 99 kept so far
10:22:56  INFO     [DE] 'machine learning' → 100 entries, 171 kept so far
10:22:56  INFO     [FR] 'machine learning' → 100 entries, 187 kept so far
10:22:56  INFO     [PL] 'machine learning' → 100 entries, 125 kept so far
10:22:56  INFO     [IT] 'machine learning' → 100 entries, 191 kept so far
10:22:56  INFO     [ES] 'machine learning' → 100 entries, 175 kept so far
10:22:57  INFO     [DE] 'EU AI Act' → 100 entries, 249 kept so far
10:22:57  INFO     [FR] 'EU AI Act' → 88 entries, 223 kept so far
10:22:58  INFO     [PL] 'EU AI Act' → 77 entries, 142 kept so far
10:22:58  INFO     [IT] 'EU AI Act' → 100 entries, 237 kept so far
10:22:58  INFO     [ES] 'EU AI Act' → 78 entries, 200 kept so far
10:22:59  INFO     [DE] 'generative AI' → 100 entries, 271 kept so far
10:22:59  INFO     [FR] 'generative AI' → 100 entries, 252 kept so far
10:22:59  INFO     [PL] 'generative AI' → 100 entries, 173 kept so far
10:22:59  INFO     [IT] 'generative AI' → 100 entries, 279 kept so far
10:23:00  INFO     [ES] 'generative AI' → 100 entries, 246 kept so far
10:23:00  INFO     [DE] +186 new articles saved
10:23:00  INFO     [FR] +141 new articles saved
10:23:00  INFO     [NL] 'artificial intelligence' → 102 entries, 21 kept so far
10:23:00  INFO     [PL] +92 new articles saved
10:23:00  INFO     [IT] +191 new articles saved
10:23:01  INFO     [BE] 'artificial intelligence' → 100 entries, 59 kept so far
10:23:01  INFO     [ES] +128 new articles saved
10:23:01  INFO     [SE] 'artificial intelligence' → 100 entries, 10 kept so far
10:23:01  INFO     [AT] 'artificial intelligence' → 100 entries, 39 kept so far
10:23:01  INFO     [DK] 'artificial intelligence' → 100 entries, 14 kept so far
10:23:02  INFO     [NL] 'AI regulation' → 78 entries, 70 kept so far
10:23:02  INFO     [BE] 'AI regulation' → 94 entries, 143 kept so far
10:23:02  INFO     [SE] 'AI regulation' → 77 entries, 20 kept so far
10:23:03  INFO     [AT] 'AI regulation' → 100 entries, 114 kept so far
10:23:03  INFO     [DK] 'AI regulation' → 39 entries, 19 kept so far
10:23:03  INFO     [NL] 'machine learning' → 100 entries, 115 kept so far
10:23:04  INFO     [BE] 'machine learning' → 100 entries, 195 kept so far
10:23:04  INFO     [SE] 'machine learning' → 78 entries, 45 kept so far
10:23:04  INFO     [AT] 'machine learning' → 100 entries, 164 kept so far
10:23:04  INFO     [DK] 'machine learning' → 83 entries, 38 kept so far
10:23:05  INFO     [NL] 'EU AI Act' → 100 entries, 145 kept so far
10:23:05  INFO     [BE] 'EU AI Act' → 92 entries, 235 kept so far
10:23:05  INFO     [SE] 'EU AI Act' → 63 entries, 53 kept so far
10:23:06  INFO     [AT] 'EU AI Act' → 100 entries, 249 kept so far
10:23:06  INFO     [DK] 'EU AI Act' → 73 entries, 54 kept so far
10:23:06  INFO     [NL] 'generative AI' → 100 entries, 177 kept so far
10:23:07  INFO     [SE] 'generative AI' → 72 entries, 61 kept so far
10:23:07  INFO     [BE] 'generative AI' → 100 entries, 259 kept so far
10:23:07  INFO     [AT] 'generative AI' → 100 entries, 274 kept so far
10:23:07  INFO     [NL] +90 new articles saved
10:23:07  INFO     [DK] 'generative AI' → 93 entries, 83 kept so far
10:23:08  INFO     [FI] 'artificial intelligence' → 100 entries, 63 kept so far
10:23:08  INFO     [SE] +28 new articles saved
10:23:08  INFO     [BE] +28 new articles saved
10:23:08  INFO     [AT] +62 new articles saved
10:23:08  INFO     [DK] +27 new articles saved
10:23:09  INFO     [CZ] 'artificial intelligence' → 100 entries, 18 kept so far
10:23:09  INFO     [PT] 'artificial intelligence' → 100 entries, 57 kept so far
10:23:09  INFO     [RO] 'artificial intelligence' → 100 entries, 41 kept so far
10:23:09  INFO     [HU] 'artificial intelligence' → 100 entries, 24 kept so far
10:23:09  INFO     [FI] 'AI regulation' → 52 entries, 74 kept so far
10:23:10  INFO     [CZ] 'AI regulation' → 77 entries, 43 kept so far
10:23:10  INFO     [RO] 'AI regulation' → 79 entries, 52 kept so far
10:23:10  INFO     [PT] 'AI regulation' → 79 entries, 91 kept so far
10:23:11  INFO     [HU] 'AI regulation' → 78 entries, 28 kept so far
10:23:11  INFO     [FI] 'machine learning' → 90 entries, 124 kept so far
10:23:12  INFO     [CZ] 'machine learning' → 81 entries, 62 kept so far
10:23:12  INFO     [RO] 'machine learning' → 100 entries, 109 kept so far
10:23:12  INFO     [PT] 'machine learning' → 100 entries, 170 kept so far
10:23:12  INFO     [HU] 'machine learning' → 77 entries, 53 kept so far
10:23:13  INFO     [FI] 'EU AI Act' → 68 entries, 167 kept so far
10:23:13  INFO     [CZ] 'EU AI Act' → 74 entries, 76 kept so far
10:23:13  INFO     [RO] 'EU AI Act' → 78 entries, 139 kept so far
10:23:14  INFO     [PT] 'EU AI Act' → 59 entries, 184 kept so far
10:23:14  INFO     [HU] 'EU AI Act' → 79 entries, 79 kept so far
10:23:14  INFO     [FI] 'generative AI' → 68 entries, 208 kept so far
10:23:15  INFO     [CZ] 'generative AI' → 79 entries, 99 kept so far
10:23:15  INFO     [RO] 'generative AI' → 86 entries, 161 kept so far
10:23:15  INFO     [FI] +111 new articles saved
10:23:15  INFO     [PT] 'generative AI' → 100 entries, 211 kept so far
10:23:15  INFO     [HU] 'generative AI' → 77 entries, 102 kept so far
10:23:16  INFO     [GR] 'artificial intelligence' → 100 entries, 42 kept so far
10:23:16  INFO     [CZ] +65 new articles saved
10:23:16  INFO     [RO] +92 new articles saved
10:23:16  INFO     [SK] 'artificial intelligence' → 100 entries, 23 kept so far
10:23:16  INFO     [PT] +123 new articles saved
10:23:16  INFO     [HU] +61 new articles saved
10:23:16  INFO     [IE] 'artificial intelligence' → 102 entries, 50 kept so far
10:23:17  INFO     [HR] 'artificial intelligence' → 102 entries, 52 kept so far
10:23:17  INFO     [BG] 'artificial intelligence' → 82 entries, 36 kept so far
10:23:17  INFO     [GR] 'AI regulation' → 67 entries, 90 kept so far
10:23:17  INFO     [SK] 'AI regulation' → 17 entries, 26 kept so far
10:23:18  INFO     [BG] 'AI regulation' → 11 entries, 37 kept so far
10:23:18  INFO     [IE] 'AI regulation' → 100 entries, 85 kept so far
10:23:18  INFO     [HR] 'AI regulation' → 101 entries, 83 kept so far
10:23:19  INFO     [GR] 'machine learning' → 100 entries, 129 kept so far
10:23:19  INFO     [SK] 'machine learning' → 57 entries, 41 kept so far
10:23:19  INFO     [BG] 'machine learning' → 59 entries, 44 kept so far
10:23:20  INFO     [HR] 'machine learning' → 100 entries, 155 kept so far
10:23:20  INFO     [IE] 'machine learning' → 100 entries, 162 kept so far
10:23:20  INFO     [GR] 'EU AI Act' → 55 entries, 147 kept so far
10:23:20  INFO     [SK] 'EU AI Act' → 65 entries, 50 kept so far
10:23:21  INFO     [BG] 'EU AI Act' → 14 entries, 47 kept so far
10:23:21  INFO     [HR] 'EU AI Act' → 100 entries, 236 kept so far
10:23:21  INFO     [IE] 'EU AI Act' → 100 entries, 233 kept so far
10:23:22  INFO     [GR] 'generative AI' → 100 entries, 194 kept so far
10:23:22  INFO     [SK] 'generative AI' → 46 entries, 60 kept so far
10:23:22  INFO     [BG] 'generative AI' → 29 entries, 53 kept so far
10:23:23  INFO     [HR] 'generative AI' → 100 entries, 297 kept so far
10:23:23  INFO     [GR] +127 new articles saved
10:23:23  INFO     [SK] +31 new articles saved
10:23:23  INFO     [IE] 'generative AI' → 100 entries, 294 kept so far
10:23:23  INFO     [BG] +29 new articles saved
10:23:23  INFO     [LT] 'artificial intelligence' → 79 entries, 28 kept so far
10:23:23  INFO     [SI] 'artificial intelligence' → 100 entries, 54 kept so far
10:23:23  INFO     [LV] 'artificial intelligence' → 66 entries, 20 kept so far
10:23:24  INFO     [HR] +269 new articles saved
10:23:24  INFO     [IE] +96 new articles saved
10:23:24  INFO     [EE] 'artificial intelligence' → 100 entries, 53 kept so far
10:23:25  INFO     [CY] 'artificial intelligence' → 100 entries, 42 kept so far
10:23:25  INFO     [LT] 'AI regulation' → 7 entries, 28 kept so far
10:23:25  INFO     [SI] 'AI regulation' → 3 entries, 54 kept so far
10:23:25  INFO     [LV] 'AI regulation' → 8 entries, 20 kept so far
10:23:26  INFO     [EE] 'AI regulation' → 6 entries, 54 kept so far
10:23:26  INFO     [LT] 'machine learning' → 27 entries, 31 kept so far
10:23:26  INFO     [CY] 'AI regulation' → 67 entries, 90 kept so far
10:23:26  INFO     [SI] 'machine learning' → 19 entries, 55 kept so far
10:23:26  INFO     [LV] 'machine learning' → 12 entries, 22 kept so far
10:23:27  INFO     [EE] 'machine learning' → 15 entries, 57 kept so far
10:23:27  INFO     [LT] 'EU AI Act' → 17 entries, 32 kept so far
10:23:27  INFO     [LV] 'EU AI Act' → 6 entries, 22 kept so far
10:23:27  INFO     [CY] 'machine learning' → 100 entries, 129 kept so far
10:23:27  INFO     [SI] 'EU AI Act' → 21 entries, 59 kept so far
10:23:28  INFO     [EE] 'EU AI Act' → 10 entries, 58 kept so far
10:23:29  INFO     [LV] 'generative AI' → 8 entries, 23 kept so far
10:23:29  INFO     [LT] 'generative AI' → 17 entries, 38 kept so far
10:23:29  INFO     [CY] 'EU AI Act' → 55 entries, 147 kept so far
10:23:29  INFO     [SI] 'generative AI' → 13 entries, 61 kept so far
10:23:30  INFO     [LV] +9 new articles saved
10:23:30  INFO     [LT] +15 new articles saved
10:23:30  INFO     [EE] 'generative AI' → 10 entries, 61 kept so far
10:23:30  INFO     [MT] 'artificial intelligence' → 102 entries, 52 kept so far
10:23:30  INFO     [SI] +29 new articles saved
10:23:30  INFO     [LU] 'artificial intelligence' → 100 entries, 52 kept so far
10:23:30  INFO     [CY] 'generative AI' → 100 entries, 194 kept so far
10:23:31  INFO     [EE] +33 new articles saved
10:23:31  INFO     [MT] 'AI regulation' → 101 entries, 83 kept so far
10:23:31  INFO     [CY] +0 new articles saved
10:23:32  INFO     [LU] 'AI regulation' → 95 entries, 137 kept so far
10:23:32  INFO     [MT] 'machine learning' → 100 entries, 155 kept so far
10:23:33  INFO     [LU] 'machine learning' → 100 entries, 187 kept so far
10:23:33  INFO     [MT] 'EU AI Act' → 100 entries, 236 kept so far
10:23:34  INFO     [MT] 'generative AI' → 100 entries, 297 kept so far
10:23:35  INFO     [LU] 'EU AI Act' → 88 entries, 223 kept so far
10:23:35  INFO     [MT] +0 new articles saved
10:23:36  INFO     [LU] 'generative AI' → 100 entries, 252 kept so far
10:23:37  INFO     [LU] +0 new articles saved
10:23:37  INFO     Scrape complete. 2063 new articles this run.
