00:05:20  INFO     Starting scrape: 27 countries, 5 queries each
/home/runner/work/EU_AI_News/EU_AI_News/eu_ai_news_scraper.py:230: DeprecationWarning: datetime.datetime.utcnow() is deprecated and scheduled for removal in a future version. Use timezone-aware objects to represent datetimes in UTC: datetime.datetime.now(datetime.UTC).
  "scraped_at":   datetime.utcnow().isoformat(),
00:05:21  INFO     [DE] 'artificial intelligence' → 100 entries, 49 kept so far
00:05:21  INFO     [IT] 'artificial intelligence' → 100 entries, 33 kept so far
00:05:21  INFO     [FR] 'artificial intelligence' → 100 entries, 47 kept so far
00:05:21  INFO     [ES] 'artificial intelligence' → 100 entries, 58 kept so far
00:05:21  INFO     [PL] 'artificial intelligence' → 100 entries, 28 kept so far
00:05:22  INFO     [DE] 'AI regulation' → 100 entries, 131 kept so far
00:05:22  INFO     [FR] 'AI regulation' → 100 entries, 128 kept so far
00:05:22  INFO     [IT] 'AI regulation' → 100 entries, 122 kept so far
00:05:23  INFO     [ES] 'AI regulation' → 78 entries, 93 kept so far
00:05:23  INFO     [PL] 'AI regulation' → 100 entries, 91 kept so far
00:05:24  INFO     [DE] 'machine learning' → 100 entries, 183 kept so far
00:05:24  INFO     [FR] 'machine learning' → 100 entries, 184 kept so far
00:05:24  INFO     [IT] 'machine learning' → 100 entries, 192 kept so far
00:05:24  INFO     [PL] 'machine learning' → 100 entries, 128 kept so far
00:05:24  INFO     [ES] 'machine learning' → 100 entries, 163 kept so far
00:05:25  INFO     [DE] 'EU AI Act' → 100 entries, 255 kept so far
00:05:26  INFO     [FR] 'EU AI Act' → 96 entries, 238 kept so far
00:05:26  INFO     [IT] 'EU AI Act' → 100 entries, 268 kept so far
00:05:26  INFO     [PL] 'EU AI Act' → 76 entries, 150 kept so far
00:05:26  INFO     [ES] 'EU AI Act' → 77 entries, 195 kept so far
00:05:27  INFO     [DE] 'generative AI' → 100 entries, 282 kept so far
00:05:27  INFO     [FR] 'generative AI' → 100 entries, 266 kept so far
00:05:27  INFO     [IT] 'generative AI' → 100 entries, 308 kept so far
00:05:27  INFO     [PL] 'generative AI' → 100 entries, 185 kept so far
00:05:28  INFO     [ES] 'generative AI' → 100 entries, 234 kept so far
00:05:28  INFO     [DE] +173 new articles saved
00:05:28  INFO     [FR] +146 new articles saved
00:05:28  INFO     [IT] +190 new articles saved
00:05:28  INFO     [PL] +110 new articles saved
00:05:28  INFO     [NL] 'artificial intelligence' → 100 entries, 20 kept so far
00:05:29  INFO     [ES] +108 new articles saved
00:05:29  INFO     [BE] 'artificial intelligence' → 100 entries, 56 kept so far
00:05:29  INFO     [SE] 'artificial intelligence' → 100 entries, 8 kept so far
00:05:29  INFO     [AT] 'artificial intelligence' → 100 entries, 51 kept so far
00:05:29  INFO     [DK] 'artificial intelligence' → 100 entries, 13 kept so far
00:05:30  INFO     [NL] 'AI regulation' → 76 entries, 60 kept so far
00:05:30  INFO     [SE] 'AI regulation' → 68 entries, 19 kept so far
00:05:31  INFO     [BE] 'AI regulation' → 100 entries, 143 kept so far
00:05:31  INFO     [AT] 'AI regulation' → 100 entries, 131 kept so far
00:05:31  INFO     [DK] 'AI regulation' → 34 entries, 20 kept so far
00:05:32  INFO     [NL] 'machine learning' → 100 entries, 111 kept so far
00:05:32  INFO     [SE] 'machine learning' → 75 entries, 44 kept so far
00:05:32  INFO     [BE] 'machine learning' → 100 entries, 200 kept so far
00:05:32  INFO     [AT] 'machine learning' → 100 entries, 179 kept so far
00:05:33  INFO     [DK] 'machine learning' → 84 entries, 43 kept so far
00:05:33  INFO     [NL] 'EU AI Act' → 100 entries, 139 kept so far
00:05:33  INFO     [SE] 'EU AI Act' → 67 entries, 52 kept so far
00:05:34  INFO     [DK] 'EU AI Act' → 70 entries, 57 kept so far
00:05:34  INFO     [AT] 'EU AI Act' → 100 entries, 258 kept so far
00:05:35  INFO     [NL] 'generative AI' → 100 entries, 164 kept so far
00:05:35  INFO     [BE] 'EU AI Act' → 98 entries, 245 kept so far
00:05:35  INFO     [SE] 'generative AI' → 77 entries, 59 kept so far
00:05:36  INFO     [DK] 'generative AI' → 100 entries, 90 kept so far
00:05:36  INFO     [NL] +66 new articles saved
00:05:36  INFO     [SE] +17 new articles saved
00:05:36  INFO     [AT] 'generative AI' → 100 entries, 286 kept so far
00:05:37  INFO     [FI] 'artificial intelligence' → 100 entries, 64 kept so far
00:05:37  INFO     [BE] 'generative AI' → 100 entries, 269 kept so far
00:05:37  INFO     [DK] +28 new articles saved
00:05:37  INFO     [PT] 'artificial intelligence' → 100 entries, 56 kept so far
00:05:37  INFO     [AT] +43 new articles saved
00:05:37  INFO     [CZ] 'artificial intelligence' → 100 entries, 17 kept so far
00:05:38  INFO     [RO] 'artificial intelligence' → 100 entries, 42 kept so far
00:05:38  INFO     [BE] +26 new articles saved
00:05:38  INFO     [FI] 'AI regulation' → 47 entries, 76 kept so far
00:05:38  INFO     [HU] 'artificial intelligence' → 100 entries, 22 kept so far
00:05:38  INFO     [PT] 'AI regulation' → 78 entries, 91 kept so far
00:05:39  INFO     [CZ] 'AI regulation' → 76 entries, 36 kept so far
00:05:39  INFO     [RO] 'AI regulation' → 79 entries, 55 kept so far
00:05:40  INFO     [FI] 'machine learning' → 94 entries, 114 kept so far
00:05:40  INFO     [HU] 'AI regulation' → 79 entries, 26 kept so far
00:05:40  INFO     [PT] 'machine learning' → 100 entries, 168 kept so far
00:05:40  INFO     [CZ] 'machine learning' → 81 entries, 52 kept so far
00:05:41  INFO     [RO] 'machine learning' → 100 entries, 110 kept so far
00:05:41  INFO     [FI] 'EU AI Act' → 67 entries, 148 kept so far
00:05:41  INFO     [HU] 'machine learning' → 78 entries, 52 kept so far
00:05:42  INFO     [PT] 'EU AI Act' → 61 entries, 180 kept so far
00:05:42  INFO     [CZ] 'EU AI Act' → 75 entries, 61 kept so far
00:05:43  INFO     [RO] 'EU AI Act' → 77 entries, 135 kept so far
00:05:43  INFO     [FI] 'generative AI' → 60 entries, 186 kept so far
00:05:43  INFO     [HU] 'EU AI Act' → 76 entries, 76 kept so far
00:05:43  INFO     [PT] 'generative AI' → 100 entries, 208 kept so far
00:05:43  INFO     [CZ] 'generative AI' → 86 entries, 81 kept so far
00:05:44  INFO     [FI] +94 new articles saved
00:05:44  INFO     [RO] 'generative AI' → 86 entries, 164 kept so far
00:05:44  INFO     [GR] 'artificial intelligence' → 100 entries, 48 kept so far
00:05:44  INFO     [PT] +110 new articles saved
00:05:44  INFO     [CZ] +45 new articles saved
00:05:45  INFO     [HU] 'generative AI' → 74 entries, 99 kept so far
00:05:45  INFO     [SK] 'artificial intelligence' → 100 entries, 21 kept so far
00:05:45  INFO     [RO] +90 new articles saved
00:05:45  INFO     [IE] 'artificial intelligence' → 100 entries, 50 kept so far
00:05:46  INFO     [HR] 'artificial intelligence' → 104 entries, 53 kept so far
00:05:46  INFO     [HU] +54 new articles saved
00:05:46  INFO     [GR] 'AI regulation' → 60 entries, 101 kept so far
00:05:46  INFO     [BG] 'artificial intelligence' → 85 entries, 41 kept so far
00:05:46  INFO     [SK] 'AI regulation' → 20 entries, 25 kept so far
00:05:47  INFO     [IE] 'AI regulation' → 100 entries, 90 kept so far
00:05:47  INFO     [HR] 'AI regulation' → 100 entries, 88 kept so far
00:05:47  INFO     [GR] 'machine learning' → 100 entries, 134 kept so far
00:05:47  INFO     [BG] 'AI regulation' → 9 entries, 42 kept so far
00:05:48  INFO     [SK] 'machine learning' → 57 entries, 37 kept so far
00:05:49  INFO     [IE] 'machine learning' → 100 entries, 160 kept so far
00:05:49  INFO     [HR] 'machine learning' → 100 entries, 159 kept so far
00:05:49  INFO     [BG] 'machine learning' → 55 entries, 49 kept so far
00:05:49  INFO     [GR] 'EU AI Act' → 57 entries, 152 kept so far
00:05:49  INFO     [SK] 'EU AI Act' → 77 entries, 53 kept so far
00:05:50  INFO     [BG] 'EU AI Act' → 19 entries, 53 kept so far
00:05:50  INFO     [HR] 'EU AI Act' → 100 entries, 232 kept so far
00:05:50  INFO     [IE] 'EU AI Act' → 100 entries, 223 kept so far
00:05:50  INFO     [GR] 'generative AI' → 100 entries, 199 kept so far
00:05:51  INFO     [SK] 'generative AI' → 42 entries, 60 kept so far
00:05:52  INFO     [GR] +124 new articles saved
00:05:52  INFO     [BG] 'generative AI' → 31 entries, 57 kept so far
00:05:52  INFO     [HR] 'generative AI' → 100 entries, 281 kept so far
00:05:52  INFO     [SK] +26 new articles saved
00:05:52  INFO     [LT] 'artificial intelligence' → 85 entries, 32 kept so far
00:05:52  INFO     [IE] 'generative AI' → 100 entries, 269 kept so far
00:05:52  INFO     [SI] 'artificial intelligence' → 96 entries, 47 kept so far
00:05:53  INFO     [BG] +31 new articles saved
00:05:53  INFO     [HR] +252 new articles saved
00:05:53  INFO     [LV] 'artificial intelligence' → 67 entries, 19 kept so far
00:05:53  INFO     [IE] +68 new articles saved
00:05:53  INFO     [LT] 'AI regulation' → 6 entries, 32 kept so far
00:05:53  INFO     [EE] 'artificial intelligence' → 100 entries, 45 kept so far
00:05:54  INFO     [CY] 'artificial intelligence' → 100 entries, 48 kept so far
00:05:54  INFO     [SI] 'AI regulation' → 6 entries, 47 kept so far
00:05:54  INFO     [LV] 'AI regulation' → 9 entries, 19 kept so far
00:05:55  INFO     [LT] 'machine learning' → 31 entries, 36 kept so far
00:05:55  INFO     [EE] 'AI regulation' → 6 entries, 46 kept so far
00:05:55  INFO     [CY] 'AI regulation' → 60 entries, 101 kept so far
00:05:55  INFO     [SI] 'machine learning' → 22 entries, 50 kept so far
00:05:56  INFO     [LV] 'machine learning' → 11 entries, 21 kept so far
00:05:56  INFO     [LT] 'EU AI Act' → 23 entries, 37 kept so far
00:05:56  INFO     [EE] 'machine learning' → 18 entries, 50 kept so far
00:05:57  INFO     [SI] 'EU AI Act' → 39 entries, 57 kept so far
00:05:57  INFO     [CY] 'machine learning' → 100 entries, 134 kept so far
00:05:57  INFO     [LV] 'EU AI Act' → 9 entries, 21 kept so far
00:05:57  INFO     [LT] 'generative AI' → 22 entries, 45 kept so far
00:05:57  INFO     [EE] 'EU AI Act' → 17 entries, 51 kept so far
00:05:58  INFO     [SI] 'generative AI' → 13 entries, 58 kept so far
00:05:58  INFO     [CY] 'EU AI Act' → 57 entries, 152 kept so far
00:05:58  INFO     [LV] 'generative AI' → 9 entries, 24 kept so far
00:05:58  INFO     [LT] +16 new articles saved
00:05:59  INFO     [EE] 'generative AI' → 11 entries, 52 kept so far
00:05:59  INFO     [SI] +20 new articles saved
00:05:59  INFO     [MT] 'artificial intelligence' → 104 entries, 53 kept so far
00:05:59  INFO     [LU] 'artificial intelligence' → 100 entries, 47 kept so far
00:05:59  INFO     [LV] +10 new articles saved
00:06:00  INFO     [CY] 'generative AI' → 100 entries, 199 kept so far
00:06:00  INFO     [EE] +20 new articles saved
00:06:00  INFO     [MT] 'AI regulation' → 100 entries, 88 kept so far
00:06:01  INFO     [CY] +0 new articles saved
00:06:01  INFO     [LU] 'AI regulation' → 100 entries, 128 kept so far
00:06:01  INFO     [MT] 'machine learning' → 100 entries, 159 kept so far
00:06:02  INFO     [LU] 'machine learning' → 100 entries, 184 kept so far
00:06:02  INFO     [MT] 'EU AI Act' → 100 entries, 232 kept so far
00:06:04  INFO     [MT] 'generative AI' → 100 entries, 281 kept so far
00:06:04  INFO     [LU] 'EU AI Act' → 96 entries, 238 kept so far
00:06:05  INFO     [MT] +0 new articles saved
00:06:05  INFO     [LU] 'generative AI' → 100 entries, 266 kept so far
00:06:06  INFO     [LU] +0 new articles saved
00:06:06  INFO     Scrape complete. 1867 new articles this run.
