16:22:19  INFO     Starting scrape: 27 countries, 5 queries each
/home/runner/work/EU_AI_News/EU_AI_News/eu_ai_news_scraper.py:230: DeprecationWarning: datetime.datetime.utcnow() is deprecated and scheduled for removal in a future version. Use timezone-aware objects to represent datetimes in UTC: datetime.datetime.now(datetime.UTC).
  "scraped_at":   datetime.utcnow().isoformat(),
16:22:19  INFO     [FR] 'artificial intelligence' → 100 entries, 57 kept so far
16:22:19  INFO     [DE] 'artificial intelligence' → 100 entries, 48 kept so far
16:22:19  INFO     [IT] 'artificial intelligence' → 100 entries, 38 kept so far
16:22:19  INFO     [ES] 'artificial intelligence' → 100 entries, 63 kept so far
16:22:19  INFO     [PL] 'artificial intelligence' → 100 entries, 13 kept so far
16:22:21  INFO     [DE] 'AI regulation' → 100 entries, 99 kept so far
16:22:21  INFO     [FR] 'AI regulation' → 100 entries, 118 kept so far
16:22:21  INFO     [IT] 'AI regulation' → 100 entries, 112 kept so far
16:22:21  INFO     [ES] 'AI regulation' → 75 entries, 87 kept so far
16:22:21  INFO     [PL] 'AI regulation' → 100 entries, 89 kept so far
16:22:22  INFO     [FR] 'machine learning' → 100 entries, 174 kept so far
16:22:22  INFO     [IT] 'machine learning' → 100 entries, 182 kept so far
16:22:23  INFO     [DE] 'machine learning' → 100 entries, 157 kept so far
16:22:23  INFO     [ES] 'machine learning' → 100 entries, 165 kept so far
16:22:23  INFO     [PL] 'machine learning' → 100 entries, 134 kept so far
16:22:24  INFO     [FR] 'EU AI Act' → 88 entries, 229 kept so far
16:22:24  INFO     [DE] 'EU AI Act' → 100 entries, 237 kept so far
16:22:24  INFO     [IT] 'EU AI Act' → 100 entries, 252 kept so far
16:22:24  INFO     [ES] 'EU AI Act' → 77 entries, 205 kept so far
16:22:24  INFO     [PL] 'EU AI Act' → 78 entries, 163 kept so far
16:22:25  INFO     [FR] 'generative AI' → 100 entries, 257 kept so far
16:22:26  INFO     [DE] 'generative AI' → 100 entries, 257 kept so far
16:22:26  INFO     [IT] 'generative AI' → 100 entries, 295 kept so far
16:22:26  INFO     [PL] 'generative AI' → 100 entries, 192 kept so far
16:22:26  INFO     [ES] 'generative AI' → 100 entries, 248 kept so far
16:22:26  INFO     [FR] +143 new articles saved
16:22:27  INFO     [DE] +182 new articles saved
16:22:27  INFO     [IT] +189 new articles saved
16:22:27  INFO     [NL] 'artificial intelligence' → 100 entries, 15 kept so far
16:22:27  INFO     [PL] +123 new articles saved
16:22:27  INFO     [BE] 'artificial intelligence' → 100 entries, 64 kept so far
16:22:27  INFO     [ES] +134 new articles saved
16:22:27  INFO     [SE] 'artificial intelligence' → 100 entries, 6 kept so far
16:22:28  INFO     [AT] 'artificial intelligence' → 100 entries, 49 kept so far
16:22:28  INFO     [DK] 'artificial intelligence' → 100 entries, 22 kept so far
16:22:29  INFO     [NL] 'AI regulation' → 77 entries, 75 kept so far
16:22:29  INFO     [BE] 'AI regulation' → 100 entries, 121 kept so far
16:22:29  INFO     [SE] 'AI regulation' → 74 entries, 24 kept so far
16:22:29  INFO     [DK] 'AI regulation' → 29 entries, 27 kept so far
16:22:29  INFO     [AT] 'AI regulation' → 100 entries, 107 kept so far
16:22:30  INFO     [SE] 'machine learning' → 78 entries, 44 kept so far
16:22:30  INFO     [BE] 'machine learning' → 100 entries, 175 kept so far
16:22:30  INFO     [NL] 'machine learning' → 100 entries, 129 kept so far
16:22:31  INFO     [DK] 'machine learning' → 76 entries, 48 kept so far
16:22:31  INFO     [AT] 'machine learning' → 100 entries, 160 kept so far
16:22:32  INFO     [SE] 'EU AI Act' → 71 entries, 46 kept so far
16:22:32  INFO     [BE] 'EU AI Act' → 93 entries, 234 kept so far
16:22:32  INFO     [NL] 'EU AI Act' → 94 entries, 153 kept so far
16:22:33  INFO     [DK] 'EU AI Act' → 75 entries, 67 kept so far
16:22:33  INFO     [AT] 'EU AI Act' → 100 entries, 244 kept so far
16:22:33  INFO     [SE] 'generative AI' → 71 entries, 55 kept so far
16:22:34  INFO     [NL] 'generative AI' → 100 entries, 184 kept so far
16:22:34  INFO     [BE] 'generative AI' → 100 entries, 261 kept so far
16:22:34  INFO     [DK] 'generative AI' → 90 entries, 95 kept so far
16:22:34  INFO     [SE] +19 new articles saved
16:22:34  INFO     [AT] 'generative AI' → 100 entries, 265 kept so far
16:22:35  INFO     [NL] +90 new articles saved
16:22:35  INFO     [BE] +19 new articles saved
16:22:35  INFO     [FI] 'artificial intelligence' → 100 entries, 68 kept so far
16:22:35  INFO     [DK] +32 new articles saved
16:22:35  INFO     [AT] +63 new articles saved
16:22:35  INFO     [PT] 'artificial intelligence' → 100 entries, 62 kept so far
16:22:36  INFO     [CZ] 'artificial intelligence' → 100 entries, 14 kept so far
16:22:36  INFO     [RO] 'artificial intelligence' → 100 entries, 44 kept so far
16:22:36  INFO     [HU] 'artificial intelligence' → 100 entries, 13 kept so far
16:22:36  INFO     [FI] 'AI regulation' → 42 entries, 76 kept so far
16:22:37  INFO     [CZ] 'AI regulation' → 76 entries, 40 kept so far
16:22:37  INFO     [PT] 'AI regulation' → 100 entries, 120 kept so far
16:22:37  INFO     [RO] 'AI regulation' → 29 entries, 51 kept so far
16:22:38  INFO     [HU] 'AI regulation' → 78 entries, 18 kept so far
16:22:38  INFO     [FI] 'machine learning' → 85 entries, 117 kept so far
16:22:39  INFO     [CZ] 'machine learning' → 79 entries, 57 kept so far
16:22:39  INFO     [PT] 'machine learning' → 100 entries, 193 kept so far
16:22:39  INFO     [RO] 'machine learning' → 100 entries, 101 kept so far
16:22:39  INFO     [HU] 'machine learning' → 72 entries, 47 kept so far
16:22:39  INFO     [FI] 'EU AI Act' → 64 entries, 151 kept so far
16:22:40  INFO     [CZ] 'EU AI Act' → 72 entries, 68 kept so far
16:22:40  INFO     [PT] 'EU AI Act' → 52 entries, 203 kept so far
16:22:41  INFO     [RO] 'EU AI Act' → 78 entries, 119 kept so far
16:22:41  INFO     [HU] 'EU AI Act' → 77 entries, 68 kept so far
16:22:41  INFO     [FI] 'generative AI' → 57 entries, 184 kept so far
16:22:42  INFO     [CZ] 'generative AI' → 75 entries, 85 kept so far
16:22:42  INFO     [FI] +87 new articles saved
16:22:42  INFO     [PT] 'generative AI' → 100 entries, 230 kept so far
16:22:42  INFO     [RO] 'generative AI' → 80 entries, 140 kept so far
16:22:42  INFO     [HU] 'generative AI' → 74 entries, 88 kept so far
16:22:42  INFO     [GR] 'artificial intelligence' → 100 entries, 38 kept so far
16:22:43  INFO     [CZ] +56 new articles saved
16:22:43  INFO     [PT] +146 new articles saved
16:22:43  INFO     [SK] 'artificial intelligence' → 100 entries, 24 kept so far
16:22:43  INFO     [RO] +77 new articles saved
16:22:43  INFO     [HU] +48 new articles saved
16:22:44  INFO     [HR] 'artificial intelligence' → 100 entries, 50 kept so far
16:22:44  INFO     [BG] 'artificial intelligence' → 82 entries, 38 kept so far
16:22:44  INFO     [IE] 'artificial intelligence' → 100 entries, 54 kept so far
16:22:44  INFO     [GR] 'AI regulation' → 61 entries, 93 kept so far
16:22:45  INFO     [SK] 'AI regulation' → 24 entries, 25 kept so far
16:22:45  INFO     [BG] 'AI regulation' → 8 entries, 38 kept so far
16:22:45  INFO     [HR] 'AI regulation' → 100 entries, 92 kept so far
16:22:46  INFO     [IE] 'AI regulation' → 100 entries, 92 kept so far
16:22:46  INFO     [GR] 'machine learning' → 100 entries, 128 kept so far
16:22:46  INFO     [SK] 'machine learning' → 56 entries, 38 kept so far
16:22:46  INFO     [BG] 'machine learning' → 54 entries, 45 kept so far
16:22:47  INFO     [HR] 'machine learning' → 100 entries, 168 kept so far
16:22:47  INFO     [GR] 'EU AI Act' → 56 entries, 147 kept so far
16:22:47  INFO     [IE] 'machine learning' → 100 entries, 171 kept so far
16:22:48  INFO     [SK] 'EU AI Act' → 62 entries, 49 kept so far
16:22:48  INFO     [BG] 'EU AI Act' → 16 entries, 48 kept so far
16:22:48  INFO     [HR] 'EU AI Act' → 100 entries, 253 kept so far
16:22:49  INFO     [GR] 'generative AI' → 100 entries, 187 kept so far
16:22:49  INFO     [SK] 'generative AI' → 44 entries, 58 kept so far
16:22:49  INFO     [IE] 'EU AI Act' → 100 entries, 245 kept so far
16:22:49  INFO     [BG] 'generative AI' → 27 entries, 53 kept so far
16:22:50  INFO     [GR] +122 new articles saved
16:22:50  INFO     [HR] 'generative AI' → 100 entries, 321 kept so far
16:22:50  INFO     [SK] +28 new articles saved
16:22:50  INFO     [LT] 'artificial intelligence' → 91 entries, 30 kept so far
16:22:50  INFO     [BG] +27 new articles saved
16:22:51  INFO     [SI] 'artificial intelligence' → 94 entries, 45 kept so far
16:22:51  INFO     [IE] 'generative AI' → 100 entries, 308 kept so far
16:22:51  INFO     [HR] +271 new articles saved
16:22:51  INFO     [LV] 'artificial intelligence' → 65 entries, 24 kept so far
16:22:52  INFO     [EE] 'artificial intelligence' → 100 entries, 47 kept so far
16:22:52  INFO     [LT] 'AI regulation' → 13 entries, 30 kept so far
16:22:52  INFO     [SI] 'AI regulation' → 13 entries, 45 kept so far
16:22:52  INFO     [IE] +115 new articles saved
16:22:52  INFO     [CY] 'artificial intelligence' → 100 entries, 38 kept so far
16:22:53  INFO     [LV] 'AI regulation' → 5 entries, 24 kept so far
16:22:53  INFO     [EE] 'AI regulation' → 7 entries, 47 kept so far
16:22:53  INFO     [LT] 'machine learning' → 31 entries, 34 kept so far
16:22:53  INFO     [SI] 'machine learning' → 21 entries, 47 kept so far
16:22:54  INFO     [CY] 'AI regulation' → 61 entries, 93 kept so far
16:22:54  INFO     [LV] 'machine learning' → 12 entries, 25 kept so far
16:22:54  INFO     [EE] 'machine learning' → 22 entries, 49 kept so far
16:22:54  INFO     [LT] 'EU AI Act' → 21 entries, 35 kept so far
16:22:55  INFO     [SI] 'EU AI Act' → 25 entries, 51 kept so far
16:22:55  INFO     [LV] 'EU AI Act' → 5 entries, 25 kept so far
16:22:55  INFO     [CY] 'machine learning' → 100 entries, 128 kept so far
16:22:56  INFO     [EE] 'EU AI Act' → 14 entries, 50 kept so far
16:22:56  INFO     [LT] 'generative AI' → 18 entries, 41 kept so far
16:22:56  INFO     [SI] 'generative AI' → 12 entries, 53 kept so far
16:22:56  INFO     [LV] 'generative AI' → 10 entries, 27 kept so far
16:22:57  INFO     [LT] +14 new articles saved
16:22:57  INFO     [CY] 'EU AI Act' → 56 entries, 147 kept so far
16:22:57  INFO     [SI] +19 new articles saved
16:22:57  INFO     [MT] 'artificial intelligence' → 100 entries, 50 kept so far
16:22:57  INFO     [EE] 'generative AI' → 9 entries, 52 kept so far
16:22:57  INFO     [LU] 'artificial intelligence' → 100 entries, 57 kept so far
16:22:58  INFO     [LV] +11 new articles saved
16:22:58  INFO     [EE] +25 new articles saved
16:22:58  INFO     [MT] 'AI regulation' → 100 entries, 92 kept so far
16:22:58  INFO     [CY] 'generative AI' → 100 entries, 187 kept so far
16:22:59  INFO     [LU] 'AI regulation' → 100 entries, 118 kept so far
16:22:59  INFO     [CY] +0 new articles saved
16:22:59  INFO     [MT] 'machine learning' → 100 entries, 168 kept so far
16:23:00  INFO     [LU] 'machine learning' → 100 entries, 174 kept so far
16:23:01  INFO     [MT] 'EU AI Act' → 100 entries, 253 kept so far
16:23:02  INFO     [LU] 'EU AI Act' → 88 entries, 229 kept so far
16:23:02  INFO     [MT] 'generative AI' → 100 entries, 321 kept so far
16:23:03  INFO     [MT] +0 new articles saved
16:23:03  INFO     [LU] 'generative AI' → 100 entries, 257 kept so far
16:23:04  INFO     [LU] +0 new articles saved
16:23:04  INFO     Scrape complete. 2040 new articles this run.
