21:22:36  INFO     Starting scrape: 27 countries, 5 queries each
/home/runner/work/EU_AI_News/EU_AI_News/eu_ai_news_scraper.py:230: DeprecationWarning: datetime.datetime.utcnow() is deprecated and scheduled for removal in a future version. Use timezone-aware objects to represent datetimes in UTC: datetime.datetime.now(datetime.UTC).
  "scraped_at":   datetime.utcnow().isoformat(),
21:22:36  INFO     [DE] 'artificial intelligence' → 100 entries, 52 kept so far
21:22:37  INFO     [PL] 'artificial intelligence' → 100 entries, 17 kept so far
21:22:37  INFO     [FR] 'artificial intelligence' → 100 entries, 55 kept so far
21:22:37  INFO     [IT] 'artificial intelligence' → 100 entries, 38 kept so far
21:22:37  INFO     [ES] 'artificial intelligence' → 100 entries, 61 kept so far
21:22:38  INFO     [DE] 'AI regulation' → 100 entries, 132 kept so far
21:22:38  INFO     [FR] 'AI regulation' → 100 entries, 146 kept so far
21:22:38  INFO     [PL] 'AI regulation' → 78 entries, 79 kept so far
21:22:38  INFO     [IT] 'AI regulation' → 100 entries, 128 kept so far
21:22:38  INFO     [ES] 'AI regulation' → 77 entries, 107 kept so far
21:22:40  INFO     [DE] 'machine learning' → 100 entries, 186 kept so far
21:22:40  INFO     [PL] 'machine learning' → 100 entries, 125 kept so far
21:22:40  INFO     [FR] 'machine learning' → 100 entries, 204 kept so far
21:22:40  INFO     [ES] 'machine learning' → 100 entries, 183 kept so far
21:22:40  INFO     [IT] 'machine learning' → 100 entries, 208 kept so far
21:22:41  INFO     [DE] 'EU AI Act' → 100 entries, 262 kept so far
21:22:41  INFO     [PL] 'EU AI Act' → 78 entries, 141 kept so far
21:22:41  INFO     [FR] 'EU AI Act' → 100 entries, 250 kept so far
21:22:42  INFO     [IT] 'EU AI Act' → 100 entries, 271 kept so far
21:22:42  INFO     [ES] 'EU AI Act' → 78 entries, 212 kept so far
21:22:43  INFO     [DE] 'generative AI' → 100 entries, 295 kept so far
21:22:43  INFO     [PL] 'generative AI' → 100 entries, 173 kept so far
21:22:43  INFO     [FR] 'generative AI' → 100 entries, 270 kept so far
21:22:43  INFO     [IT] 'generative AI' → 100 entries, 317 kept so far
21:22:44  INFO     [ES] 'generative AI' → 100 entries, 257 kept so far
21:22:44  INFO     [DE] +221 new articles saved
21:22:44  INFO     [PL] +98 new articles saved
21:22:44  INFO     [FR] +174 new articles saved
21:22:44  INFO     [IT] +224 new articles saved
21:22:44  INFO     [NL] 'artificial intelligence' → 100 entries, 10 kept so far
21:22:45  INFO     [ES] +176 new articles saved
21:22:45  INFO     [BE] 'artificial intelligence' → 100 entries, 66 kept so far
21:22:45  INFO     [SE] 'artificial intelligence' → 100 entries, 9 kept so far
21:22:45  INFO     [AT] 'artificial intelligence' → 100 entries, 51 kept so far
21:22:45  INFO     [DK] 'artificial intelligence' → 100 entries, 25 kept so far
21:22:46  INFO     [NL] 'AI regulation' → 79 entries, 59 kept so far
21:22:46  INFO     [SE] 'AI regulation' → 77 entries, 22 kept so far
21:22:46  INFO     [BE] 'AI regulation' → 100 entries, 155 kept so far
21:22:47  INFO     [AT] 'AI regulation' → 100 entries, 128 kept so far
21:22:47  INFO     [DK] 'AI regulation' → 47 entries, 33 kept so far
21:22:48  INFO     [NL] 'machine learning' → 100 entries, 103 kept so far
21:22:48  INFO     [SE] 'machine learning' → 85 entries, 42 kept so far
21:22:48  INFO     [BE] 'machine learning' → 100 entries, 213 kept so far
21:22:48  INFO     [AT] 'machine learning' → 100 entries, 184 kept so far
21:22:48  INFO     [DK] 'machine learning' → 83 entries, 55 kept so far
21:22:49  INFO     [NL] 'EU AI Act' → 100 entries, 138 kept so far
21:22:49  INFO     [SE] 'EU AI Act' → 64 entries, 52 kept so far
21:22:50  INFO     [BE] 'EU AI Act' → 100 entries, 256 kept so far
21:22:50  INFO     [AT] 'EU AI Act' → 100 entries, 262 kept so far
21:22:50  INFO     [DK] 'EU AI Act' → 72 entries, 67 kept so far
21:22:51  INFO     [SE] 'generative AI' → 77 entries, 67 kept so far
21:22:51  INFO     [NL] 'generative AI' → 100 entries, 167 kept so far
21:22:51  INFO     [BE] 'generative AI' → 100 entries, 279 kept so far
21:22:52  INFO     [AT] 'generative AI' → 100 entries, 298 kept so far
21:22:52  INFO     [SE] +37 new articles saved
21:22:52  INFO     [DK] 'generative AI' → 91 entries, 96 kept so far
21:22:52  INFO     [NL] +93 new articles saved
21:22:52  INFO     [BE] +33 new articles saved
21:22:52  INFO     [FI] 'artificial intelligence' → 100 entries, 60 kept so far
21:22:53  INFO     [PT] 'artificial intelligence' → 100 entries, 60 kept so far
21:22:53  INFO     [AT] +48 new articles saved
21:22:53  INFO     [CZ] 'artificial intelligence' → 100 entries, 18 kept so far
21:22:53  INFO     [DK] +52 new articles saved
21:22:53  INFO     [RO] 'artificial intelligence' → 100 entries, 40 kept so far
21:22:53  INFO     [HU] 'artificial intelligence' → 100 entries, 19 kept so far
21:22:54  INFO     [FI] 'AI regulation' → 61 entries, 76 kept so far
21:22:54  INFO     [PT] 'AI regulation' → 74 entries, 93 kept so far
21:22:54  INFO     [CZ] 'AI regulation' → 77 entries, 40 kept so far
21:22:55  INFO     [HU] 'AI regulation' → 79 entries, 23 kept so far
21:22:55  INFO     [RO] 'AI regulation' → 78 entries, 50 kept so far
21:22:56  INFO     [FI] 'machine learning' → 94 entries, 117 kept so far
21:22:56  INFO     [PT] 'machine learning' → 100 entries, 171 kept so far
21:22:56  INFO     [CZ] 'machine learning' → 73 entries, 60 kept so far
21:22:56  INFO     [HU] 'machine learning' → 70 entries, 42 kept so far
21:22:57  INFO     [RO] 'machine learning' → 100 entries, 111 kept so far
21:22:57  INFO     [FI] 'EU AI Act' → 67 entries, 152 kept so far
21:22:58  INFO     [CZ] 'EU AI Act' → 76 entries, 77 kept so far
21:22:58  INFO     [PT] 'EU AI Act' → 77 entries, 187 kept so far
21:22:58  INFO     [HU] 'EU AI Act' → 79 entries, 63 kept so far
21:22:58  INFO     [RO] 'EU AI Act' → 77 entries, 135 kept so far
21:22:59  INFO     [FI] 'generative AI' → 70 entries, 190 kept so far
21:22:59  INFO     [CZ] 'generative AI' → 72 entries, 98 kept so far
21:22:59  INFO     [HU] 'generative AI' → 68 entries, 87 kept so far
21:22:59  INFO     [PT] 'generative AI' → 100 entries, 227 kept so far
21:23:00  INFO     [RO] 'generative AI' → 94 entries, 161 kept so far
21:23:00  INFO     [FI] +108 new articles saved
21:23:00  INFO     [CZ] +71 new articles saved
21:23:00  INFO     [HU] +51 new articles saved
21:23:00  INFO     [PT] +152 new articles saved
21:23:01  INFO     [SK] 'artificial intelligence' → 100 entries, 26 kept so far
21:23:01  INFO     [GR] 'artificial intelligence' → 100 entries, 47 kept so far
21:23:01  INFO     [RO] +104 new articles saved
21:23:01  INFO     [HR] 'artificial intelligence' → 104 entries, 68 kept so far
21:23:01  INFO     [BG] 'artificial intelligence' → 95 entries, 42 kept so far
21:23:01  INFO     [IE] 'artificial intelligence' → 102 entries, 60 kept so far
21:23:02  INFO     [SK] 'AI regulation' → 50 entries, 31 kept so far
21:23:02  INFO     [GR] 'AI regulation' → 74 entries, 98 kept so far
21:23:03  INFO     [BG] 'AI regulation' → 21 entries, 42 kept so far
21:23:03  INFO     [HR] 'AI regulation' → 100 entries, 109 kept so far
21:23:03  INFO     [IE] 'AI regulation' → 100 entries, 104 kept so far
21:23:03  INFO     [SK] 'machine learning' → 59 entries, 43 kept so far
21:23:04  INFO     [GR] 'machine learning' → 100 entries, 137 kept so far
21:23:04  INFO     [BG] 'machine learning' → 60 entries, 50 kept so far
21:23:04  INFO     [HR] 'machine learning' → 100 entries, 178 kept so far
21:23:05  INFO     [IE] 'machine learning' → 100 entries, 180 kept so far
21:23:05  INFO     [SK] 'EU AI Act' → 59 entries, 54 kept so far
21:23:05  INFO     [GR] 'EU AI Act' → 64 entries, 156 kept so far
21:23:05  INFO     [BG] 'EU AI Act' → 25 entries, 55 kept so far
21:23:06  INFO     [HR] 'EU AI Act' → 100 entries, 266 kept so far
21:23:06  INFO     [SK] 'generative AI' → 52 entries, 67 kept so far
21:23:07  INFO     [BG] 'generative AI' → 33 entries, 61 kept so far
21:23:07  INFO     [IE] 'EU AI Act' → 100 entries, 262 kept so far
21:23:07  INFO     [GR] 'generative AI' → 100 entries, 204 kept so far
21:23:07  INFO     [SK] +40 new articles saved
21:23:08  INFO     [HR] 'generative AI' → 100 entries, 331 kept so far
21:23:08  INFO     [BG] +40 new articles saved
21:23:08  INFO     [LT] 'artificial intelligence' → 90 entries, 29 kept so far
21:23:08  INFO     [GR] +142 new articles saved
21:23:08  INFO     [SI] 'artificial intelligence' → 100 entries, 43 kept so far
21:23:08  INFO     [IE] 'generative AI' → 100 entries, 323 kept so far
21:23:08  INFO     [LV] 'artificial intelligence' → 66 entries, 26 kept so far
21:23:09  INFO     [HR] +308 new articles saved
21:23:09  INFO     [LT] 'AI regulation' → 11 entries, 29 kept so far
21:23:09  INFO     [IE] +118 new articles saved
21:23:09  INFO     [EE] 'artificial intelligence' → 91 entries, 41 kept so far
21:23:10  INFO     [SI] 'AI regulation' → 6 entries, 44 kept so far
21:23:10  INFO     [LV] 'AI regulation' → 5 entries, 26 kept so far
21:23:10  INFO     [CY] 'artificial intelligence' → 100 entries, 47 kept so far
21:23:11  INFO     [LT] 'machine learning' → 36 entries, 33 kept so far
21:23:11  INFO     [EE] 'AI regulation' → 7 entries, 41 kept so far
21:23:11  INFO     [SI] 'machine learning' → 22 entries, 45 kept so far
21:23:11  INFO     [LV] 'machine learning' → 13 entries, 29 kept so far
21:23:11  INFO     [CY] 'AI regulation' → 74 entries, 98 kept so far
21:23:12  INFO     [LT] 'EU AI Act' → 22 entries, 35 kept so far
21:23:12  INFO     [SI] 'EU AI Act' → 27 entries, 50 kept so far
21:23:12  INFO     [EE] 'machine learning' → 18 entries, 42 kept so far
21:23:13  INFO     [LV] 'EU AI Act' → 9 entries, 29 kept so far
21:23:13  INFO     [CY] 'machine learning' → 100 entries, 137 kept so far
21:23:13  INFO     [LT] 'generative AI' → 17 entries, 41 kept so far
21:23:14  INFO     [SI] 'generative AI' → 14 entries, 52 kept so far
21:23:14  INFO     [LV] 'generative AI' → 10 entries, 30 kept so far
21:23:14  INFO     [EE] 'EU AI Act' → 15 entries, 44 kept so far
21:23:14  INFO     [LT] +19 new articles saved
21:23:14  INFO     [CY] 'EU AI Act' → 64 entries, 156 kept so far
21:23:15  INFO     [SI] +25 new articles saved
21:23:15  INFO     [MT] 'artificial intelligence' → 104 entries, 68 kept so far
21:23:15  INFO     [LV] +16 new articles saved
21:23:15  INFO     [LU] 'artificial intelligence' → 100 entries, 55 kept so far
21:23:15  INFO     [EE] 'generative AI' → 12 entries, 45 kept so far
21:23:16  INFO     [CY] 'generative AI' → 100 entries, 204 kept so far
21:23:16  INFO     [MT] 'AI regulation' → 100 entries, 109 kept so far
21:23:16  INFO     [EE] +23 new articles saved
21:23:16  INFO     [LU] 'AI regulation' → 100 entries, 146 kept so far
21:23:17  INFO     [CY] +0 new articles saved
21:23:17  INFO     [MT] 'machine learning' → 100 entries, 178 kept so far
21:23:18  INFO     [LU] 'machine learning' → 100 entries, 204 kept so far
21:23:19  INFO     [MT] 'EU AI Act' → 100 entries, 266 kept so far
21:23:20  INFO     [MT] 'generative AI' → 100 entries, 331 kept so far
21:23:20  INFO     [LU] 'EU AI Act' → 100 entries, 250 kept so far
21:23:21  INFO     [MT] +0 new articles saved
21:23:21  INFO     [LU] 'generative AI' → 100 entries, 270 kept so far
21:23:22  INFO     [LU] +0 new articles saved
21:23:22  INFO     Scrape complete. 2373 new articles this run.
