01:26:54  INFO     Starting scrape: 27 countries, 5 queries each
01:27:00  WARNING  [ES] Feed parse issue for 'artificial intelligence'
01:27:01  WARNING  [IT] Feed parse issue for 'artificial intelligence'
01:27:02  WARNING  [FR] Feed parse issue for 'artificial intelligence'
01:27:02  WARNING  [PL] Feed parse issue for 'artificial intelligence'
01:27:03  WARNING  [DE] Feed parse issue for 'artificial intelligence'
01:27:06  WARNING  [ES] Feed parse issue for 'AI regulation'
01:27:06  WARNING  [IT] Feed parse issue for 'AI regulation'
01:27:09  WARNING  [FR] Feed parse issue for 'AI regulation'
01:27:11  WARNING  [DE] Feed parse issue for 'AI regulation'
01:27:11  WARNING  [PL] Feed parse issue for 'AI regulation'
01:27:12  WARNING  [IT] Feed parse issue for 'machine learning'
01:27:14  WARNING  [ES] Feed parse issue for 'machine learning'
01:27:17  WARNING  [DE] Feed parse issue for 'machine learning'
01:27:18  WARNING  [FR] Feed parse issue for 'machine learning'
01:27:19  WARNING  [IT] Feed parse issue for 'EU AI Act'
01:27:20  WARNING  [PL] Feed parse issue for 'machine learning'
01:27:22  WARNING  [DE] Feed parse issue for 'EU AI Act'
01:27:24  WARNING  [ES] Feed parse issue for 'EU AI Act'
01:27:28  WARNING  [DE] Feed parse issue for 'generative AI'
01:27:28  INFO     [DE] +0 new articles saved
01:27:28  WARNING  [FR] Feed parse issue for 'EU AI Act'
01:27:28  WARNING  [IT] Feed parse issue for 'generative AI'
01:27:28  INFO     [IT] +0 new articles saved
01:27:30  WARNING  [PL] Feed parse issue for 'EU AI Act'
01:27:30  WARNING  [ES] Feed parse issue for 'generative AI'
01:27:30  INFO     [ES] +0 new articles saved
01:27:34  WARNING  [NL] Feed parse issue for 'artificial intelligence'
01:27:34  WARNING  [BE] Feed parse issue for 'artificial intelligence'
01:27:37  WARNING  [SE] Feed parse issue for 'artificial intelligence'
01:27:37  WARNING  [FR] Feed parse issue for 'generative AI'
01:27:37  INFO     [FR] +0 new articles saved
01:27:38  WARNING  [PL] Feed parse issue for 'generative AI'
01:27:38  INFO     [PL] +0 new articles saved
01:27:39  WARNING  [NL] Feed parse issue for 'AI regulation'
01:27:44  WARNING  [BE] Feed parse issue for 'AI regulation'
01:27:44  WARNING  [AT] Feed parse issue for 'artificial intelligence'
01:27:45  WARNING  [SE] Feed parse issue for 'AI regulation'
01:27:45  WARNING  [NL] Feed parse issue for 'machine learning'
01:27:48  WARNING  [DK] Feed parse issue for 'artificial intelligence'
01:27:52  WARNING  [NL] Feed parse issue for 'EU AI Act'
01:27:52  WARNING  [BE] Feed parse issue for 'machine learning'
01:27:52  WARNING  [AT] Feed parse issue for 'AI regulation'
01:27:53  WARNING  [SE] Feed parse issue for 'machine learning'
01:27:57  WARNING  [DK] Feed parse issue for 'AI regulation'
01:28:00  WARNING  [NL] Feed parse issue for 'generative AI'
01:28:00  INFO     [NL] +0 new articles saved
01:28:00  WARNING  [BE] Feed parse issue for 'EU AI Act'
01:28:01  WARNING  [SE] Feed parse issue for 'EU AI Act'
01:28:02  WARNING  [AT] Feed parse issue for 'machine learning'
01:28:07  WARNING  [DK] Feed parse issue for 'machine learning'
01:28:07  WARNING  [FI] Feed parse issue for 'artificial intelligence'
01:28:09  WARNING  [BE] Feed parse issue for 'generative AI'
01:28:09  INFO     [BE] +0 new articles saved
01:28:10  WARNING  [SE] Feed parse issue for 'generative AI'
01:28:10  INFO     [SE] +0 new articles saved
01:28:11  WARNING  [AT] Feed parse issue for 'EU AI Act'
01:28:14  WARNING  [FI] Feed parse issue for 'AI regulation'
01:28:15  WARNING  [CZ] Feed parse issue for 'artificial intelligence'
01:28:15  WARNING  [DK] Feed parse issue for 'EU AI Act'
01:28:18  WARNING  [AT] Feed parse issue for 'generative AI'
01:28:18  INFO     [AT] +0 new articles saved
01:28:19  WARNING  [PT] Feed parse issue for 'artificial intelligence'
01:28:22  WARNING  [FI] Feed parse issue for 'machine learning'
01:28:24  WARNING  [DK] Feed parse issue for 'generative AI'
01:28:24  INFO     [DK] +0 new articles saved
01:28:24  WARNING  [RO] Feed parse issue for 'artificial intelligence'
01:28:25  WARNING  [CZ] Feed parse issue for 'AI regulation'
01:28:29  WARNING  [PT] Feed parse issue for 'AI regulation'
01:28:31  WARNING  [RO] Feed parse issue for 'AI regulation'
01:28:32  WARNING  [CZ] Feed parse issue for 'machine learning'
01:28:32  WARNING  [FI] Feed parse issue for 'EU AI Act'
01:28:32  WARNING  [HU] Feed parse issue for 'artificial intelligence'
01:28:37  WARNING  [RO] Feed parse issue for 'machine learning'
01:28:37  WARNING  [HU] Feed parse issue for 'AI regulation'
01:28:37  WARNING  [CZ] Feed parse issue for 'EU AI Act'
01:28:38  WARNING  [FI] Feed parse issue for 'generative AI'
01:28:38  INFO     [FI] +0 new articles saved
01:28:39  WARNING  [PT] Feed parse issue for 'machine learning'
01:28:44  WARNING  [CZ] Feed parse issue for 'generative AI'
01:28:44  INFO     [CZ] +0 new articles saved
01:28:46  WARNING  [HU] Feed parse issue for 'machine learning'
01:28:46  WARNING  [RO] Feed parse issue for 'EU AI Act'
01:28:46  WARNING  [PT] Feed parse issue for 'EU AI Act'
01:28:47  WARNING  [GR] Feed parse issue for 'artificial intelligence'
01:28:53  WARNING  [RO] Feed parse issue for 'generative AI'
01:28:53  INFO     [RO] +0 new articles saved
01:28:53  WARNING  [SK] Feed parse issue for 'artificial intelligence'
01:28:54  WARNING  [HU] Feed parse issue for 'EU AI Act'
01:28:55  WARNING  [GR] Feed parse issue for 'AI regulation'
01:28:56  WARNING  [PT] Feed parse issue for 'generative AI'
01:28:56  INFO     [PT] +0 new articles saved
01:29:00  WARNING  [IE] Feed parse issue for 'artificial intelligence'
01:29:01  WARNING  [SK] Feed parse issue for 'AI regulation'
01:29:01  WARNING  [HR] Feed parse issue for 'artificial intelligence'
01:29:01  WARNING  [GR] Feed parse issue for 'machine learning'
01:29:03  WARNING  [HU] Feed parse issue for 'generative AI'
01:29:03  INFO     [HU] +0 new articles saved
01:29:07  WARNING  [HR] Feed parse issue for 'AI regulation'
01:29:07  WARNING  [SK] Feed parse issue for 'machine learning'
01:29:07  WARNING  [GR] Feed parse issue for 'EU AI Act'
01:29:08  WARNING  [IE] Feed parse issue for 'AI regulation'
01:29:09  WARNING  [BG] Feed parse issue for 'artificial intelligence'
01:29:13  WARNING  [GR] Feed parse issue for 'generative AI'
01:29:13  INFO     [GR] +0 new articles saved
01:29:13  WARNING  [SK] Feed parse issue for 'EU AI Act'
01:29:15  WARNING  [HR] Feed parse issue for 'machine learning'
01:29:17  WARNING  [IE] Feed parse issue for 'machine learning'
01:29:19  WARNING  [BG] Feed parse issue for 'AI regulation'
01:29:19  WARNING  [LT] Feed parse issue for 'artificial intelligence'
01:29:24  WARNING  [SK] Feed parse issue for 'generative AI'
01:29:24  INFO     [SK] +0 new articles saved
01:29:24  WARNING  [HR] Feed parse issue for 'EU AI Act'
01:29:27  WARNING  [IE] Feed parse issue for 'EU AI Act'
01:29:28  WARNING  [BG] Feed parse issue for 'machine learning'
01:29:29  WARNING  [LT] Feed parse issue for 'AI regulation'
01:29:29  WARNING  [SI] Feed parse issue for 'artificial intelligence'
01:29:32  WARNING  [HR] Feed parse issue for 'generative AI'
01:29:32  INFO     [HR] +0 new articles saved
01:29:33  WARNING  [BG] Feed parse issue for 'EU AI Act'
01:29:35  WARNING  [IE] Feed parse issue for 'generative AI'
01:29:35  INFO     [IE] +0 new articles saved
01:29:38  WARNING  [SI] Feed parse issue for 'AI regulation'
01:29:39  WARNING  [LT] Feed parse issue for 'machine learning'
01:29:40  WARNING  [LV] Feed parse issue for 'artificial intelligence'
01:29:42  WARNING  [BG] Feed parse issue for 'generative AI'
01:29:42  INFO     [BG] +0 new articles saved
01:29:43  WARNING  [EE] Feed parse issue for 'artificial intelligence'
01:29:46  WARNING  [LT] Feed parse issue for 'EU AI Act'
01:29:46  WARNING  [LV] Feed parse issue for 'AI regulation'
01:29:46  WARNING  [SI] Feed parse issue for 'machine learning'
01:29:49  WARNING  [EE] Feed parse issue for 'AI regulation'
01:29:52  WARNING  [CY] Feed parse issue for 'artificial intelligence'
01:29:53  WARNING  [LT] Feed parse issue for 'generative AI'
01:29:53  INFO     [LT] +0 new articles saved
01:29:53  WARNING  [SI] Feed parse issue for 'EU AI Act'
01:29:54  WARNING  [LV] Feed parse issue for 'machine learning'
01:29:57  WARNING  [EE] Feed parse issue for 'machine learning'
01:29:57  WARNING  [CY] Feed parse issue for 'AI regulation'
01:29:59  WARNING  [LU] Feed parse issue for 'artificial intelligence'
01:30:01  WARNING  [SI] Feed parse issue for 'generative AI'
01:30:01  INFO     [SI] +0 new articles saved
01:30:02  WARNING  [EE] Feed parse issue for 'EU AI Act'
01:30:04  WARNING  [LV] Feed parse issue for 'EU AI Act'
01:30:05  WARNING  [LU] Feed parse issue for 'AI regulation'
01:30:05  WARNING  [CY] Feed parse issue for 'machine learning'
01:30:08  WARNING  [MT] Feed parse issue for 'artificial intelligence'
01:30:10  WARNING  [LV] Feed parse issue for 'generative AI'
01:30:10  INFO     [LV] +0 new articles saved
01:30:10  WARNING  [EE] Feed parse issue for 'generative AI'
01:30:10  INFO     [EE] +0 new articles saved
01:30:11  WARNING  [CY] Feed parse issue for 'EU AI Act'
01:30:11  WARNING  [LU] Feed parse issue for 'machine learning'
01:30:13  WARNING  [MT] Feed parse issue for 'AI regulation'
01:30:19  WARNING  [MT] Feed parse issue for 'machine learning'
01:30:19  WARNING  [LU] Feed parse issue for 'EU AI Act'
01:30:20  WARNING  [CY] Feed parse issue for 'generative AI'
01:30:20  INFO     [CY] +0 new articles saved
01:30:27  WARNING  [LU] Feed parse issue for 'generative AI'
01:30:27  INFO     [LU] +0 new articles saved
01:30:28  WARNING  [MT] Feed parse issue for 'EU AI Act'
01:30:36  WARNING  [MT] Feed parse issue for 'generative AI'
01:30:36  INFO     [MT] +0 new articles saved
01:30:36  INFO     Scrape complete. 0 new articles this run.
