15:54:11  INFO     Starting scrape: 27 countries, 5 queries each
/home/runner/work/EU_AI_News/EU_AI_News/eu_ai_news_scraper.py:230: DeprecationWarning: datetime.datetime.utcnow() is deprecated and scheduled for removal in a future version. Use timezone-aware objects to represent datetimes in UTC: datetime.datetime.now(datetime.UTC).
  "scraped_at":   datetime.utcnow().isoformat(),
15:54:11  INFO     [IT] 'artificial intelligence' → 100 entries, 42 kept so far
15:54:11  INFO     [DE] 'artificial intelligence' → 100 entries, 42 kept so far
15:54:11  INFO     [ES] 'artificial intelligence' → 100 entries, 58 kept so far
15:54:11  INFO     [FR] 'artificial intelligence' → 100 entries, 51 kept so far
15:54:11  INFO     [PL] 'artificial intelligence' → 100 entries, 13 kept so far
15:54:13  INFO     [IT] 'AI regulation' → 100 entries, 134 kept so far
15:54:13  INFO     [DE] 'AI regulation' → 100 entries, 121 kept so far
15:54:13  INFO     [ES] 'AI regulation' → 78 entries, 99 kept so far
15:54:13  INFO     [FR] 'AI regulation' → 100 entries, 142 kept so far
15:54:13  INFO     [PL] 'AI regulation' → 79 entries, 72 kept so far
15:54:14  INFO     [IT] 'machine learning' → 100 entries, 206 kept so far
15:54:14  INFO     [DE] 'machine learning' → 100 entries, 172 kept so far
15:54:14  INFO     [ES] 'machine learning' → 100 entries, 177 kept so far
15:54:14  INFO     [PL] 'machine learning' → 100 entries, 119 kept so far
15:54:15  INFO     [FR] 'machine learning' → 100 entries, 192 kept so far
15:54:16  INFO     [IT] 'EU AI Act' → 100 entries, 258 kept so far
15:54:16  INFO     [PL] 'EU AI Act' → 77 entries, 135 kept so far
15:54:16  INFO     [DE] 'EU AI Act' → 100 entries, 249 kept so far
15:54:16  INFO     [FR] 'EU AI Act' → 86 entries, 229 kept so far
15:54:16  INFO     [ES] 'EU AI Act' → 78 entries, 204 kept so far
15:54:17  INFO     [IT] 'generative AI' → 100 entries, 303 kept so far
15:54:18  INFO     [PL] 'generative AI' → 100 entries, 167 kept so far
15:54:18  INFO     [DE] 'generative AI' → 100 entries, 274 kept so far
15:54:18  INFO     [FR] 'generative AI' → 100 entries, 257 kept so far
15:54:18  INFO     [ES] 'generative AI' → 100 entries, 248 kept so far
15:54:19  INFO     [IT] +204 new articles saved
15:54:19  INFO     [PL] +86 new articles saved
15:54:19  INFO     [DE] +189 new articles saved
15:54:19  INFO     [FR] +150 new articles saved
15:54:19  INFO     [ES] +141 new articles saved
15:54:19  INFO     [NL] 'artificial intelligence' → 100 entries, 18 kept so far
15:54:19  INFO     [SE] 'artificial intelligence' → 100 entries, 8 kept so far
15:54:19  INFO     [BE] 'artificial intelligence' → 100 entries, 59 kept so far
15:54:19  INFO     [AT] 'artificial intelligence' → 100 entries, 39 kept so far
15:54:19  INFO     [DK] 'artificial intelligence' → 100 entries, 18 kept so far
15:54:21  INFO     [NL] 'AI regulation' → 79 entries, 65 kept so far
15:54:21  INFO     [SE] 'AI regulation' → 77 entries, 19 kept so far
15:54:21  INFO     [DK] 'AI regulation' → 39 entries, 24 kept so far
15:54:21  INFO     [BE] 'AI regulation' → 98 entries, 148 kept so far
15:54:21  INFO     [AT] 'AI regulation' → 100 entries, 115 kept so far
15:54:22  INFO     [NL] 'machine learning' → 100 entries, 116 kept so far
15:54:22  INFO     [SE] 'machine learning' → 84 entries, 46 kept so far
15:54:22  INFO     [DK] 'machine learning' → 80 entries, 41 kept so far
15:54:23  INFO     [BE] 'machine learning' → 100 entries, 200 kept so far
15:54:23  INFO     [AT] 'machine learning' → 100 entries, 167 kept so far
15:54:24  INFO     [SE] 'EU AI Act' → 72 entries, 56 kept so far
15:54:24  INFO     [NL] 'EU AI Act' → 100 entries, 148 kept so far
15:54:24  INFO     [DK] 'EU AI Act' → 76 entries, 58 kept so far
15:54:24  INFO     [BE] 'EU AI Act' → 90 entries, 240 kept so far
15:54:24  INFO     [AT] 'EU AI Act' → 100 entries, 253 kept so far
15:54:25  INFO     [NL] 'generative AI' → 100 entries, 181 kept so far
15:54:25  INFO     [SE] 'generative AI' → 70 entries, 63 kept so far
15:54:26  INFO     [DK] 'generative AI' → 93 entries, 89 kept so far
15:54:26  INFO     [BE] 'generative AI' → 100 entries, 265 kept so far
15:54:26  INFO     [AT] 'generative AI' → 100 entries, 276 kept so far
15:54:26  INFO     [NL] +86 new articles saved
15:54:27  INFO     [SE] +31 new articles saved
15:54:27  INFO     [FI] 'artificial intelligence' → 100 entries, 62 kept so far
15:54:27  INFO     [PT] 'artificial intelligence' → 100 entries, 59 kept so far
15:54:27  INFO     [DK] +33 new articles saved
15:54:27  INFO     [CZ] 'artificial intelligence' → 100 entries, 24 kept so far
15:54:27  INFO     [RO] 'artificial intelligence' → 100 entries, 39 kept so far
15:54:27  INFO     [HU] 'artificial intelligence' → 100 entries, 22 kept so far
15:54:28  INFO     [BE] +28 new articles saved
15:54:28  INFO     [AT] +54 new articles saved
15:54:28  INFO     [FI] 'AI regulation' → 58 entries, 72 kept so far
15:54:28  INFO     [PT] 'AI regulation' → 79 entries, 95 kept so far
15:54:29  INFO     [CZ] 'AI regulation' → 78 entries, 49 kept so far
15:54:29  INFO     [RO] 'AI regulation' → 78 entries, 50 kept so far
15:54:29  INFO     [HU] 'AI regulation' → 78 entries, 27 kept so far
15:54:30  INFO     [FI] 'machine learning' → 89 entries, 120 kept so far
15:54:30  INFO     [CZ] 'machine learning' → 77 entries, 68 kept so far
15:54:30  INFO     [PT] 'machine learning' → 100 entries, 173 kept so far
15:54:30  INFO     [RO] 'machine learning' → 100 entries, 105 kept so far
15:54:30  INFO     [HU] 'machine learning' → 75 entries, 53 kept so far
15:54:32  INFO     [FI] 'EU AI Act' → 61 entries, 160 kept so far
15:54:32  INFO     [CZ] 'EU AI Act' → 74 entries, 83 kept so far
15:54:32  INFO     [PT] 'EU AI Act' → 55 entries, 187 kept so far
15:54:32  INFO     [RO] 'EU AI Act' → 77 entries, 135 kept so far
15:54:32  INFO     [HU] 'EU AI Act' → 79 entries, 78 kept so far
15:54:33  INFO     [FI] 'generative AI' → 65 entries, 200 kept so far
15:54:33  INFO     [CZ] 'generative AI' → 76 entries, 106 kept so far
15:54:33  INFO     [PT] 'generative AI' → 100 entries, 222 kept so far
15:54:33  INFO     [RO] 'generative AI' → 89 entries, 158 kept so far
15:54:34  INFO     [HU] 'generative AI' → 74 entries, 100 kept so far
15:54:34  INFO     [FI] +105 new articles saved
15:54:34  INFO     [CZ] +71 new articles saved
15:54:34  INFO     [PT] +133 new articles saved
15:54:35  INFO     [SK] 'artificial intelligence' → 100 entries, 22 kept so far
15:54:35  INFO     [GR] 'artificial intelligence' → 100 entries, 46 kept so far
15:54:35  INFO     [RO] +95 new articles saved
15:54:35  INFO     [HU] +63 new articles saved
15:54:35  INFO     [IE] 'artificial intelligence' → 92 entries, 47 kept so far
15:54:35  INFO     [HR] 'artificial intelligence' → 99 entries, 45 kept so far
15:54:35  INFO     [BG] 'artificial intelligence' → 74 entries, 32 kept so far
15:54:36  INFO     [SK] 'AI regulation' → 17 entries, 25 kept so far
15:54:36  INFO     [GR] 'AI regulation' → 69 entries, 97 kept so far
15:54:36  INFO     [BG] 'AI regulation' → 17 entries, 36 kept so far
15:54:37  INFO     [IE] 'AI regulation' → 100 entries, 83 kept so far
15:54:37  INFO     [HR] 'AI regulation' → 100 entries, 80 kept so far
15:54:37  INFO     [SK] 'machine learning' → 58 entries, 37 kept so far
15:54:38  INFO     [GR] 'machine learning' → 100 entries, 138 kept so far
15:54:38  INFO     [BG] 'machine learning' → 58 entries, 44 kept so far
15:54:38  INFO     [HR] 'machine learning' → 100 entries, 156 kept so far
15:54:38  INFO     [IE] 'machine learning' → 100 entries, 168 kept so far
15:54:39  INFO     [SK] 'EU AI Act' → 70 entries, 49 kept so far
15:54:39  INFO     [GR] 'EU AI Act' → 56 entries, 158 kept so far
15:54:39  INFO     [BG] 'EU AI Act' → 16 entries, 46 kept so far
15:54:40  INFO     [HR] 'EU AI Act' → 100 entries, 238 kept so far
15:54:40  INFO     [IE] 'EU AI Act' → 100 entries, 241 kept so far
15:54:40  INFO     [SK] 'generative AI' → 46 entries, 59 kept so far
15:54:41  INFO     [BG] 'generative AI' → 30 entries, 52 kept so far
15:54:41  INFO     [GR] 'generative AI' → 100 entries, 202 kept so far
15:54:41  INFO     [HR] 'generative AI' → 100 entries, 306 kept so far
15:54:41  INFO     [SK] +28 new articles saved
15:54:41  INFO     [IE] 'generative AI' → 100 entries, 309 kept so far
15:54:42  INFO     [BG] +32 new articles saved
15:54:42  INFO     [LT] 'artificial intelligence' → 76 entries, 25 kept so far
15:54:42  INFO     [GR] +134 new articles saved
15:54:42  INFO     [SI] 'artificial intelligence' → 100 entries, 52 kept so far
15:54:42  INFO     [LV] 'artificial intelligence' → 66 entries, 20 kept so far
15:54:42  INFO     [HR] +264 new articles saved
15:54:43  INFO     [IE] +111 new articles saved
15:54:43  INFO     [EE] 'artificial intelligence' → 97 entries, 54 kept so far
15:54:43  INFO     [CY] 'artificial intelligence' → 100 entries, 46 kept so far
15:54:43  INFO     [LT] 'AI regulation' → 6 entries, 25 kept so far
15:54:43  INFO     [SI] 'AI regulation' → 3 entries, 52 kept so far
15:54:43  INFO     [LV] 'AI regulation' → 8 entries, 20 kept so far
15:54:44  INFO     [EE] 'AI regulation' → 4 entries, 54 kept so far
15:54:44  INFO     [CY] 'AI regulation' → 69 entries, 97 kept so far
15:54:44  INFO     [LT] 'machine learning' → 29 entries, 28 kept so far
15:54:45  INFO     [SI] 'machine learning' → 20 entries, 53 kept so far
15:54:45  INFO     [LV] 'machine learning' → 12 entries, 22 kept so far
15:54:46  INFO     [EE] 'machine learning' → 15 entries, 57 kept so far
15:54:46  INFO     [LT] 'EU AI Act' → 19 entries, 29 kept so far
15:54:46  INFO     [LV] 'EU AI Act' → 5 entries, 22 kept so far
15:54:46  INFO     [SI] 'EU AI Act' → 22 entries, 57 kept so far
15:54:47  INFO     [CY] 'machine learning' → 100 entries, 138 kept so far
15:54:47  INFO     [EE] 'EU AI Act' → 10 entries, 58 kept so far
15:54:47  INFO     [LT] 'generative AI' → 18 entries, 35 kept so far
15:54:47  INFO     [LV] 'generative AI' → 8 entries, 23 kept so far
15:54:47  INFO     [SI] 'generative AI' → 13 entries, 58 kept so far
15:54:48  INFO     [LT] +11 new articles saved
15:54:48  INFO     [CY] 'EU AI Act' → 56 entries, 158 kept so far
15:54:48  INFO     [EE] 'generative AI' → 10 entries, 61 kept so far
15:54:48  INFO     [LV] +9 new articles saved
15:54:48  INFO     [SI] +22 new articles saved
15:54:49  INFO     [MT] 'artificial intelligence' → 99 entries, 45 kept so far
15:54:49  INFO     [LU] 'artificial intelligence' → 100 entries, 51 kept so far
15:54:49  INFO     [EE] +31 new articles saved
15:54:50  INFO     [CY] 'generative AI' → 100 entries, 202 kept so far
15:54:50  INFO     [MT] 'AI regulation' → 100 entries, 80 kept so far
15:54:50  INFO     [LU] 'AI regulation' → 100 entries, 142 kept so far
15:54:51  INFO     [CY] +0 new articles saved
15:54:51  INFO     [MT] 'machine learning' → 100 entries, 156 kept so far
15:54:52  INFO     [LU] 'machine learning' → 100 entries, 194 kept so far
15:54:52  INFO     [MT] 'EU AI Act' → 100 entries, 238 kept so far
15:54:53  INFO     [MT] 'generative AI' → 100 entries, 306 kept so far
15:54:53  INFO     [LU] 'EU AI Act' → 86 entries, 231 kept so far
15:54:54  INFO     [MT] +0 new articles saved
15:54:55  INFO     [LU] 'generative AI' → 100 entries, 259 kept so far
15:54:56  INFO     [LU] +0 new articles saved
15:54:56  INFO     Scrape complete. 2111 new articles this run.
