12:24:39  INFO     Starting scrape: 27 countries, 5 queries each
/home/runner/work/EU_AI_News/EU_AI_News/eu_ai_news_scraper.py:230: DeprecationWarning: datetime.datetime.utcnow() is deprecated and scheduled for removal in a future version. Use timezone-aware objects to represent datetimes in UTC: datetime.datetime.now(datetime.UTC).
  "scraped_at":   datetime.utcnow().isoformat(),
12:24:39  INFO     [DE] 'artificial intelligence' → 100 entries, 42 kept so far
12:24:39  INFO     [FR] 'artificial intelligence' → 100 entries, 58 kept so far
12:24:39  INFO     [PL] 'artificial intelligence' → 100 entries, 8 kept so far
12:24:39  INFO     [ES] 'artificial intelligence' → 100 entries, 61 kept so far
12:24:40  INFO     [IT] 'artificial intelligence' → 101 entries, 35 kept so far
12:24:41  INFO     [DE] 'AI regulation' → 100 entries, 123 kept so far
12:24:41  INFO     [FR] 'AI regulation' → 100 entries, 149 kept so far
12:24:41  INFO     [PL] 'AI regulation' → 79 entries, 69 kept so far
12:24:41  INFO     [ES] 'AI regulation' → 77 entries, 98 kept so far
12:24:41  INFO     [IT] 'AI regulation' → 100 entries, 124 kept so far
12:24:42  INFO     [DE] 'machine learning' → 100 entries, 173 kept so far
12:24:43  INFO     [PL] 'machine learning' → 100 entries, 122 kept so far
12:24:43  INFO     [FR] 'machine learning' → 100 entries, 205 kept so far
12:24:43  INFO     [IT] 'machine learning' → 100 entries, 204 kept so far
12:24:43  INFO     [ES] 'machine learning' → 100 entries, 171 kept so far
12:24:44  INFO     [DE] 'EU AI Act' → 100 entries, 241 kept so far
12:24:44  INFO     [PL] 'EU AI Act' → 76 entries, 138 kept so far
12:24:44  INFO     [FR] 'EU AI Act' → 94 entries, 244 kept so far
12:24:45  INFO     [IT] 'EU AI Act' → 100 entries, 244 kept so far
12:24:45  INFO     [ES] 'EU AI Act' → 78 entries, 198 kept so far
12:24:45  INFO     [DE] 'generative AI' → 100 entries, 262 kept so far
12:24:46  INFO     [PL] 'generative AI' → 100 entries, 170 kept so far
12:24:46  INFO     [FR] 'generative AI' → 100 entries, 276 kept so far
12:24:46  INFO     [IT] 'generative AI' → 100 entries, 288 kept so far
12:24:46  INFO     [ES] 'generative AI' → 100 entries, 247 kept so far
12:24:46  INFO     [DE] +173 new articles saved
12:24:47  INFO     [PL] +93 new articles saved
12:24:47  INFO     [FR] +159 new articles saved
12:24:47  INFO     [NL] 'artificial intelligence' → 100 entries, 13 kept so far
12:24:47  INFO     [BE] 'artificial intelligence' → 100 entries, 56 kept so far
12:24:47  INFO     [IT] +188 new articles saved
12:24:47  INFO     [SE] 'artificial intelligence' → 100 entries, 14 kept so far
12:24:47  INFO     [ES] +144 new articles saved
12:24:48  INFO     [AT] 'artificial intelligence' → 100 entries, 36 kept so far
12:24:48  INFO     [DK] 'artificial intelligence' → 100 entries, 16 kept so far
12:24:49  INFO     [NL] 'AI regulation' → 77 entries, 62 kept so far
12:24:49  INFO     [BE] 'AI regulation' → 98 entries, 143 kept so far
12:24:49  INFO     [SE] 'AI regulation' → 75 entries, 22 kept so far
12:24:49  INFO     [DK] 'AI regulation' → 47 entries, 23 kept so far
12:24:50  INFO     [AT] 'AI regulation' → 100 entries, 116 kept so far
12:24:50  INFO     [NL] 'machine learning' → 100 entries, 112 kept so far
12:24:50  INFO     [SE] 'machine learning' → 80 entries, 45 kept so far
12:24:51  INFO     [BE] 'machine learning' → 100 entries, 196 kept so far
12:24:51  INFO     [DK] 'machine learning' → 75 entries, 46 kept so far
12:24:51  INFO     [AT] 'machine learning' → 100 entries, 168 kept so far
12:24:52  INFO     [NL] 'EU AI Act' → 100 entries, 143 kept so far
12:24:52  INFO     [SE] 'EU AI Act' → 73 entries, 54 kept so far
12:24:52  INFO     [BE] 'EU AI Act' → 98 entries, 237 kept so far
12:24:53  INFO     [DK] 'EU AI Act' → 74 entries, 59 kept so far
12:24:53  INFO     [AT] 'EU AI Act' → 100 entries, 244 kept so far
12:24:53  INFO     [NL] 'generative AI' → 100 entries, 175 kept so far
12:24:53  INFO     [SE] 'generative AI' → 72 entries, 65 kept so far
12:24:54  INFO     [BE] 'generative AI' → 100 entries, 261 kept so far
12:24:54  INFO     [DK] 'generative AI' → 100 entries, 92 kept so far
12:24:54  INFO     [NL] +80 new articles saved
12:24:54  INFO     [AT] 'generative AI' → 100 entries, 267 kept so far
12:24:54  INFO     [SE] +33 new articles saved
12:24:55  INFO     [BE] +26 new articles saved
12:24:55  INFO     [FI] 'artificial intelligence' → 100 entries, 60 kept so far
12:24:55  INFO     [PT] 'artificial intelligence' → 100 entries, 65 kept so far
12:24:55  INFO     [CZ] 'artificial intelligence' → 100 entries, 14 kept so far
12:24:55  INFO     [DK] +42 new articles saved
12:24:55  INFO     [AT] +52 new articles saved
12:24:56  INFO     [RO] 'artificial intelligence' → 100 entries, 45 kept so far
12:24:56  INFO     [HU] 'artificial intelligence' → 100 entries, 26 kept so far
12:24:56  INFO     [FI] 'AI regulation' → 60 entries, 71 kept so far
12:24:57  INFO     [CZ] 'AI regulation' → 76 entries, 37 kept so far
12:24:57  INFO     [PT] 'AI regulation' → 74 entries, 101 kept so far
12:24:57  INFO     [RO] 'AI regulation' → 77 entries, 54 kept so far
12:24:57  INFO     [HU] 'AI regulation' → 78 entries, 29 kept so far
12:24:58  INFO     [FI] 'machine learning' → 80 entries, 112 kept so far
12:24:58  INFO     [CZ] 'machine learning' → 79 entries, 55 kept so far
12:24:58  INFO     [PT] 'machine learning' → 100 entries, 178 kept so far
12:24:59  INFO     [HU] 'machine learning' → 64 entries, 51 kept so far
12:24:59  INFO     [RO] 'machine learning' → 100 entries, 108 kept so far
12:25:00  INFO     [FI] 'EU AI Act' → 67 entries, 150 kept so far
12:25:00  INFO     [CZ] 'EU AI Act' → 72 entries, 68 kept so far
12:25:00  INFO     [PT] 'EU AI Act' → 58 entries, 192 kept so far
12:25:00  INFO     [HU] 'EU AI Act' → 77 entries, 70 kept so far
12:25:01  INFO     [RO] 'EU AI Act' → 76 entries, 134 kept so far
12:25:01  INFO     [FI] 'generative AI' → 64 entries, 190 kept so far
12:25:01  INFO     [CZ] 'generative AI' → 72 entries, 87 kept so far
12:25:02  INFO     [PT] 'generative AI' → 100 entries, 226 kept so far
12:25:02  INFO     [HU] 'generative AI' → 69 entries, 93 kept so far
12:25:02  INFO     [FI] +94 new articles saved
12:25:02  INFO     [RO] 'generative AI' → 97 entries, 162 kept so far
12:25:02  INFO     [CZ] +56 new articles saved
12:25:03  INFO     [PT] +153 new articles saved
12:25:03  INFO     [SK] 'artificial intelligence' → 100 entries, 25 kept so far
12:25:03  INFO     [GR] 'artificial intelligence' → 100 entries, 35 kept so far
12:25:03  INFO     [HU] +57 new articles saved
12:25:03  INFO     [RO] +102 new articles saved
12:25:03  INFO     [IE] 'artificial intelligence' → 100 entries, 65 kept so far
12:25:03  INFO     [HR] 'artificial intelligence' → 104 entries, 62 kept so far
12:25:04  INFO     [BG] 'artificial intelligence' → 90 entries, 34 kept so far
12:25:04  INFO     [SK] 'AI regulation' → 27 entries, 28 kept so far
12:25:04  INFO     [GR] 'AI regulation' → 67 entries, 84 kept so far
12:25:05  INFO     [IE] 'AI regulation' → 100 entries, 106 kept so far
12:25:05  INFO     [HR] 'AI regulation' → 103 entries, 101 kept so far
12:25:05  INFO     [BG] 'AI regulation' → 20 entries, 36 kept so far
12:25:06  INFO     [SK] 'machine learning' → 58 entries, 42 kept so far
12:25:06  INFO     [GR] 'machine learning' → 100 entries, 126 kept so far
12:25:07  INFO     [BG] 'machine learning' → 60 entries, 44 kept so far
12:25:07  INFO     [HR] 'machine learning' → 100 entries, 172 kept so far
12:25:07  INFO     [IE] 'machine learning' → 100 entries, 186 kept so far
12:25:07  INFO     [SK] 'EU AI Act' → 64 entries, 50 kept so far
12:25:08  INFO     [GR] 'EU AI Act' → 56 entries, 143 kept so far
12:25:08  INFO     [BG] 'EU AI Act' → 22 entries, 46 kept so far
12:25:08  INFO     [HR] 'EU AI Act' → 100 entries, 251 kept so far
12:25:09  INFO     [IE] 'EU AI Act' → 100 entries, 257 kept so far
12:25:09  INFO     [SK] 'generative AI' → 52 entries, 61 kept so far
12:25:09  INFO     [GR] 'generative AI' → 100 entries, 188 kept so far
12:25:09  INFO     [BG] 'generative AI' → 37 entries, 53 kept so far
12:25:10  INFO     [SK] +31 new articles saved
12:25:10  INFO     [HR] 'generative AI' → 100 entries, 327 kept so far
12:25:10  INFO     [IE] 'generative AI' → 100 entries, 331 kept so far
12:25:10  INFO     [LT] 'artificial intelligence' → 82 entries, 28 kept so far
12:25:10  INFO     [GR] +126 new articles saved
12:25:10  INFO     [BG] +32 new articles saved
12:25:11  INFO     [LV] 'artificial intelligence' → 63 entries, 21 kept so far
12:25:11  INFO     [SI] 'artificial intelligence' → 100 entries, 46 kept so far
12:25:11  INFO     [HR] +287 new articles saved
12:25:11  INFO     [IE] +120 new articles saved
12:25:11  INFO     [EE] 'artificial intelligence' → 100 entries, 49 kept so far
12:25:11  INFO     [LT] 'AI regulation' → 7 entries, 28 kept so far
12:25:12  INFO     [CY] 'artificial intelligence' → 100 entries, 35 kept so far
12:25:12  INFO     [LV] 'AI regulation' → 6 entries, 21 kept so far
12:25:12  INFO     [SI] 'AI regulation' → 2 entries, 46 kept so far
12:25:13  INFO     [EE] 'AI regulation' → 5 entries, 49 kept so far
12:25:13  INFO     [LT] 'machine learning' → 30 entries, 32 kept so far
12:25:13  INFO     [CY] 'AI regulation' → 67 entries, 84 kept so far
12:25:13  INFO     [LV] 'machine learning' → 12 entries, 24 kept so far
12:25:13  INFO     [SI] 'machine learning' → 22 entries, 47 kept so far
12:25:14  INFO     [EE] 'machine learning' → 31 entries, 51 kept so far
12:25:14  INFO     [LT] 'EU AI Act' → 19 entries, 33 kept so far
12:25:14  INFO     [LV] 'EU AI Act' → 10 entries, 25 kept so far
12:25:14  INFO     [CY] 'machine learning' → 100 entries, 126 kept so far
12:25:15  INFO     [SI] 'EU AI Act' → 30 entries, 52 kept so far
12:25:15  INFO     [LT] 'generative AI' → 17 entries, 39 kept so far
12:25:15  INFO     [EE] 'EU AI Act' → 9 entries, 51 kept so far
12:25:16  INFO     [LV] 'generative AI' → 9 entries, 26 kept so far
12:25:16  INFO     [CY] 'EU AI Act' → 56 entries, 143 kept so far
12:25:16  INFO     [SI] 'generative AI' → 18 entries, 53 kept so far
12:25:16  INFO     [LT] +16 new articles saved
12:25:17  INFO     [LV] +11 new articles saved
12:25:17  INFO     [MT] 'artificial intelligence' → 104 entries, 62 kept so far
12:25:17  INFO     [EE] 'generative AI' → 11 entries, 53 kept so far
12:25:17  INFO     [LU] 'artificial intelligence' → 100 entries, 58 kept so far
12:25:17  INFO     [SI] +21 new articles saved
12:25:18  INFO     [CY] 'generative AI' → 100 entries, 188 kept so far
12:25:18  INFO     [MT] 'AI regulation' → 103 entries, 101 kept so far
12:25:18  INFO     [EE] +25 new articles saved
12:25:18  INFO     [LU] 'AI regulation' → 100 entries, 149 kept so far
12:25:19  INFO     [CY] +0 new articles saved
12:25:19  INFO     [MT] 'machine learning' → 100 entries, 172 kept so far
12:25:20  INFO     [LU] 'machine learning' → 100 entries, 205 kept so far
12:25:20  INFO     [MT] 'EU AI Act' → 100 entries, 251 kept so far
12:25:21  INFO     [MT] 'generative AI' → 100 entries, 327 kept so far
12:25:22  INFO     [LU] 'EU AI Act' → 94 entries, 244 kept so far
12:25:22  INFO     [MT] +0 new articles saved
12:25:23  INFO     [LU] 'generative AI' → 100 entries, 276 kept so far
12:25:24  INFO     [LU] +0 new articles saved
12:25:24  INFO     Scrape complete. 2121 new articles this run.
