14:52:26  INFO     Starting scrape: 27 countries, 5 queries each
/home/runner/work/EU_AI_News/EU_AI_News/eu_ai_news_scraper.py:230: DeprecationWarning: datetime.datetime.utcnow() is deprecated and scheduled for removal in a future version. Use timezone-aware objects to represent datetimes in UTC: datetime.datetime.now(datetime.UTC).
  "scraped_at":   datetime.utcnow().isoformat(),
14:52:27  INFO     [DE] 'artificial intelligence' → 100 entries, 45 kept so far
14:52:27  INFO     [FR] 'artificial intelligence' → 100 entries, 52 kept so far
14:52:27  INFO     [IT] 'artificial intelligence' → 100 entries, 42 kept so far
14:52:27  INFO     [PL] 'artificial intelligence' → 100 entries, 12 kept so far
14:52:27  INFO     [ES] 'artificial intelligence' → 100 entries, 58 kept so far
14:52:28  INFO     [DE] 'AI regulation' → 100 entries, 121 kept so far
14:52:28  INFO     [FR] 'AI regulation' → 100 entries, 138 kept so far
14:52:28  INFO     [IT] 'AI regulation' → 100 entries, 133 kept so far
14:52:28  INFO     [ES] 'AI regulation' → 81 entries, 116 kept so far
14:52:29  INFO     [PL] 'AI regulation' → 80 entries, 79 kept so far
14:52:30  INFO     [DE] 'machine learning' → 100 entries, 172 kept so far
14:52:30  INFO     [FR] 'machine learning' → 100 entries, 197 kept so far
14:52:30  INFO     [IT] 'machine learning' → 100 entries, 206 kept so far
14:52:30  INFO     [ES] 'machine learning' → 100 entries, 191 kept so far
14:52:30  INFO     [PL] 'machine learning' → 100 entries, 122 kept so far
14:52:31  INFO     [DE] 'EU AI Act' → 100 entries, 226 kept so far
14:52:31  INFO     [FR] 'EU AI Act' → 79 entries, 233 kept so far
14:52:32  INFO     [IT] 'EU AI Act' → 100 entries, 273 kept so far
14:52:32  INFO     [PL] 'EU AI Act' → 75 entries, 147 kept so far
14:52:32  INFO     [ES] 'EU AI Act' → 78 entries, 215 kept so far
14:52:33  INFO     [DE] 'generative AI' → 100 entries, 246 kept so far
14:52:33  INFO     [IT] 'generative AI' → 100 entries, 319 kept so far
14:52:33  INFO     [FR] 'generative AI' → 100 entries, 257 kept so far
14:52:33  INFO     [PL] 'generative AI' → 100 entries, 176 kept so far
14:52:34  INFO     [ES] 'generative AI' → 100 entries, 262 kept so far
14:52:34  INFO     [DE] +179 new articles saved
14:52:34  INFO     [IT] +233 new articles saved
14:52:34  INFO     [FR] +155 new articles saved
14:52:34  INFO     [PL] +110 new articles saved
14:52:35  INFO     [NL] 'artificial intelligence' → 100 entries, 14 kept so far
14:52:35  INFO     [ES] +157 new articles saved
14:52:35  INFO     [BE] 'artificial intelligence' → 100 entries, 67 kept so far
14:52:35  INFO     [SE] 'artificial intelligence' → 100 entries, 6 kept so far
14:52:35  INFO     [AT] 'artificial intelligence' → 100 entries, 45 kept so far
14:52:35  INFO     [DK] 'artificial intelligence' → 100 entries, 16 kept so far
14:52:36  INFO     [NL] 'AI regulation' → 75 entries, 63 kept so far
14:52:37  INFO     [BE] 'AI regulation' → 100 entries, 154 kept so far
14:52:37  INFO     [DK] 'AI regulation' → 41 entries, 24 kept so far
14:52:37  INFO     [SE] 'AI regulation' → 79 entries, 18 kept so far
14:52:37  INFO     [AT] 'AI regulation' → 100 entries, 123 kept so far
14:52:38  INFO     [NL] 'machine learning' → 100 entries, 120 kept so far
14:52:38  INFO     [DK] 'machine learning' → 80 entries, 39 kept so far
14:52:38  INFO     [SE] 'machine learning' → 77 entries, 39 kept so far
14:52:38  INFO     [BE] 'machine learning' → 100 entries, 211 kept so far
14:52:38  INFO     [AT] 'machine learning' → 100 entries, 173 kept so far
14:52:39  INFO     [NL] 'EU AI Act' → 95 entries, 146 kept so far
14:52:40  INFO     [DK] 'EU AI Act' → 76 entries, 55 kept so far
14:52:40  INFO     [SE] 'EU AI Act' → 74 entries, 47 kept so far
14:52:40  INFO     [BE] 'EU AI Act' → 85 entries, 246 kept so far
14:52:40  INFO     [AT] 'EU AI Act' → 100 entries, 252 kept so far
14:52:41  INFO     [NL] 'generative AI' → 100 entries, 174 kept so far
14:52:41  INFO     [SE] 'generative AI' → 71 entries, 53 kept so far
14:52:41  INFO     [DK] 'generative AI' → 91 entries, 79 kept so far
14:52:42  INFO     [AT] 'generative AI' → 100 entries, 274 kept so far
14:52:42  INFO     [BE] 'generative AI' → 100 entries, 270 kept so far
14:52:42  INFO     [NL] +90 new articles saved
14:52:42  INFO     [SE] +23 new articles saved
14:52:42  INFO     [DK] +24 new articles saved
14:52:43  INFO     [FI] 'artificial intelligence' → 100 entries, 67 kept so far
14:52:43  INFO     [AT] +65 new articles saved
14:52:43  INFO     [BE] +28 new articles saved
14:52:43  INFO     [PT] 'artificial intelligence' → 100 entries, 54 kept so far
14:52:43  INFO     [CZ] 'artificial intelligence' → 100 entries, 16 kept so far
14:52:43  INFO     [RO] 'artificial intelligence' → 100 entries, 37 kept so far
14:52:43  INFO     [HU] 'artificial intelligence' → 100 entries, 17 kept so far
14:52:44  INFO     [FI] 'AI regulation' → 50 entries, 80 kept so far
14:52:45  INFO     [CZ] 'AI regulation' → 74 entries, 47 kept so far
14:52:45  INFO     [PT] 'AI regulation' → 94 entries, 108 kept so far
14:52:45  INFO     [RO] 'AI regulation' → 76 entries, 46 kept so far
14:52:45  INFO     [HU] 'AI regulation' → 79 entries, 22 kept so far
14:52:46  INFO     [FI] 'machine learning' → 91 entries, 124 kept so far
14:52:46  INFO     [CZ] 'machine learning' → 69 entries, 63 kept so far
14:52:46  INFO     [PT] 'machine learning' → 100 entries, 203 kept so far
14:52:47  INFO     [HU] 'machine learning' → 69 entries, 46 kept so far
14:52:47  INFO     [RO] 'machine learning' → 100 entries, 96 kept so far
14:52:47  INFO     [FI] 'EU AI Act' → 68 entries, 161 kept so far
14:52:48  INFO     [CZ] 'EU AI Act' → 72 entries, 72 kept so far
14:52:48  INFO     [PT] 'EU AI Act' → 58 entries, 212 kept so far
14:52:48  INFO     [HU] 'EU AI Act' → 77 entries, 71 kept so far
14:52:48  INFO     [RO] 'EU AI Act' → 69 entries, 120 kept so far
14:52:49  INFO     [FI] 'generative AI' → 54 entries, 193 kept so far
14:52:49  INFO     [CZ] 'generative AI' → 80 entries, 90 kept so far
14:52:50  INFO     [HU] 'generative AI' → 64 entries, 88 kept so far
14:52:50  INFO     [PT] 'generative AI' → 100 entries, 239 kept so far
14:52:50  INFO     [RO] 'generative AI' → 86 entries, 143 kept so far
14:52:50  INFO     [FI] +105 new articles saved
14:52:50  INFO     [CZ] +63 new articles saved
14:52:51  INFO     [HU] +52 new articles saved
14:52:51  INFO     [PT] +171 new articles saved
14:52:51  INFO     [GR] 'artificial intelligence' → 100 entries, 42 kept so far
14:52:51  INFO     [HR] 'artificial intelligence' → 100 entries, 51 kept so far
14:52:51  INFO     [SK] 'artificial intelligence' → 100 entries, 28 kept so far
14:52:51  INFO     [RO] +83 new articles saved
14:52:51  INFO     [BG] 'artificial intelligence' → 74 entries, 30 kept so far
14:52:51  INFO     [IE] 'artificial intelligence' → 100 entries, 59 kept so far
14:52:52  INFO     [GR] 'AI regulation' → 61 entries, 99 kept so far
14:52:52  INFO     [SK] 'AI regulation' → 23 entries, 30 kept so far
14:52:53  INFO     [HR] 'AI regulation' → 100 entries, 98 kept so far
14:52:53  INFO     [BG] 'AI regulation' → 12 entries, 31 kept so far
14:52:53  INFO     [IE] 'AI regulation' → 100 entries, 109 kept so far
14:52:54  INFO     [GR] 'machine learning' → 99 entries, 141 kept so far
14:52:54  INFO     [SK] 'machine learning' → 58 entries, 44 kept so far
14:52:54  INFO     [HR] 'machine learning' → 100 entries, 177 kept so far
14:52:54  INFO     [BG] 'machine learning' → 51 entries, 39 kept so far
14:52:55  INFO     [IE] 'machine learning' → 100 entries, 184 kept so far
14:52:56  INFO     [SK] 'EU AI Act' → 57 entries, 52 kept so far
14:52:56  INFO     [GR] 'EU AI Act' → 63 entries, 163 kept so far
14:52:56  INFO     [BG] 'EU AI Act' → 13 entries, 41 kept so far
14:52:56  INFO     [HR] 'EU AI Act' → 100 entries, 257 kept so far
14:52:57  INFO     [IE] 'EU AI Act' → 100 entries, 251 kept so far
14:52:57  INFO     [SK] 'generative AI' → 38 entries, 60 kept so far
14:52:57  INFO     [BG] 'generative AI' → 27 entries, 47 kept so far
14:52:57  INFO     [HR] 'generative AI' → 100 entries, 323 kept so far
14:52:57  INFO     [GR] 'generative AI' → 100 entries, 208 kept so far
14:52:58  INFO     [SK] +30 new articles saved
14:52:58  INFO     [BG] +24 new articles saved
14:52:58  INFO     [HR] +295 new articles saved
14:52:58  INFO     [GR] +142 new articles saved
14:52:58  INFO     [IE] 'generative AI' → 100 entries, 323 kept so far
14:52:59  INFO     [LT] 'artificial intelligence' → 80 entries, 28 kept so far
14:52:59  INFO     [SI] 'artificial intelligence' → 87 entries, 45 kept so far
14:52:59  INFO     [LV] 'artificial intelligence' → 57 entries, 18 kept so far
14:52:59  INFO     [EE] 'artificial intelligence' → 97 entries, 47 kept so far
14:52:59  INFO     [IE] +100 new articles saved
14:53:00  INFO     [SI] 'AI regulation' → 7 entries, 45 kept so far
14:53:00  INFO     [LV] 'AI regulation' → 4 entries, 18 kept so far
14:53:00  INFO     [CY] 'artificial intelligence' → 100 entries, 42 kept so far
14:53:00  INFO     [LT] 'AI regulation' → 9 entries, 28 kept so far
14:53:00  INFO     [EE] 'AI regulation' → 6 entries, 47 kept so far
14:53:01  INFO     [SI] 'machine learning' → 16 entries, 47 kept so far
14:53:01  INFO     [LV] 'machine learning' → 13 entries, 20 kept so far
14:53:01  INFO     [CY] 'AI regulation' → 61 entries, 99 kept so far
14:53:02  INFO     [LT] 'machine learning' → 24 entries, 31 kept so far
14:53:02  INFO     [EE] 'machine learning' → 18 entries, 49 kept so far
14:53:03  INFO     [LV] 'EU AI Act' → 6 entries, 20 kept so far
14:53:03  INFO     [SI] 'EU AI Act' → 33 entries, 54 kept so far
14:53:03  INFO     [LT] 'EU AI Act' → 18 entries, 32 kept so far
14:53:03  INFO     [CY] 'machine learning' → 99 entries, 141 kept so far
14:53:03  INFO     [EE] 'EU AI Act' → 12 entries, 51 kept so far
14:53:04  INFO     [LV] 'generative AI' → 9 entries, 21 kept so far
14:53:04  INFO     [SI] 'generative AI' → 11 entries, 57 kept so far
14:53:04  INFO     [LT] 'generative AI' → 16 entries, 36 kept so far
14:53:04  INFO     [EE] 'generative AI' → 10 entries, 54 kept so far
14:53:05  INFO     [CY] 'EU AI Act' → 63 entries, 163 kept so far
14:53:05  INFO     [LV] +11 new articles saved
14:53:05  INFO     [SI] +26 new articles saved
14:53:05  INFO     [MT] 'artificial intelligence' → 100 entries, 51 kept so far
14:53:05  INFO     [LT] +13 new articles saved
14:53:05  INFO     [EE] +29 new articles saved
14:53:06  INFO     [LU] 'artificial intelligence' → 100 entries, 52 kept so far
14:53:06  INFO     [CY] 'generative AI' → 100 entries, 208 kept so far
14:53:06  INFO     [MT] 'AI regulation' → 100 entries, 98 kept so far
14:53:07  INFO     [CY] +0 new articles saved
14:53:07  INFO     [LU] 'AI regulation' → 100 entries, 139 kept so far
14:53:08  INFO     [MT] 'machine learning' → 100 entries, 177 kept so far
14:53:09  INFO     [MT] 'EU AI Act' → 100 entries, 257 kept so far
14:53:09  INFO     [LU] 'machine learning' → 100 entries, 198 kept so far
14:53:10  INFO     [MT] 'generative AI' → 100 entries, 323 kept so far
14:53:10  INFO     [LU] 'EU AI Act' → 79 entries, 234 kept so far
14:53:11  INFO     [MT] +0 new articles saved
14:53:12  INFO     [LU] 'generative AI' → 100 entries, 257 kept so far
14:53:13  INFO     [LU] +1 new articles saved
14:53:13  INFO     Scrape complete. 2209 new articles this run.
