11:24:07  INFO     Starting scrape: 27 countries, 5 queries each
11:24:07  INFO     [PL] 'artificial intelligence' → 100 entries, 13 kept so far
11:24:07  INFO     [IT] 'artificial intelligence' → 100 entries, 31 kept so far
/home/runner/work/EU_AI_News/EU_AI_News/eu_ai_news_scraper.py:230: DeprecationWarning: datetime.datetime.utcnow() is deprecated and scheduled for removal in a future version. Use timezone-aware objects to represent datetimes in UTC: datetime.datetime.now(datetime.UTC).
  "scraped_at":   datetime.utcnow().isoformat(),
11:24:07  INFO     [DE] 'artificial intelligence' → 100 entries, 38 kept so far
11:24:07  INFO     [FR] 'artificial intelligence' → 100 entries, 53 kept so far
11:24:08  INFO     [ES] 'artificial intelligence' → 100 entries, 49 kept so far
11:24:09  INFO     [DE] 'AI regulation' → 100 entries, 115 kept so far
11:24:09  INFO     [PL] 'AI regulation' → 78 entries, 74 kept so far
11:24:09  INFO     [IT] 'AI regulation' → 100 entries, 123 kept so far
11:24:09  INFO     [ES] 'AI regulation' → 77 entries, 88 kept so far
11:24:09  INFO     [FR] 'AI regulation' → 100 entries, 142 kept so far
11:24:11  INFO     [DE] 'machine learning' → 100 entries, 170 kept so far
11:24:11  INFO     [IT] 'machine learning' → 100 entries, 197 kept so far
11:24:11  INFO     [PL] 'machine learning' → 100 entries, 125 kept so far
11:24:11  INFO     [FR] 'machine learning' → 100 entries, 197 kept so far
11:24:11  INFO     [ES] 'machine learning' → 100 entries, 164 kept so far
11:24:12  INFO     [DE] 'EU AI Act' → 100 entries, 238 kept so far
11:24:12  INFO     [PL] 'EU AI Act' → 76 entries, 141 kept so far
11:24:12  INFO     [IT] 'EU AI Act' → 100 entries, 243 kept so far
11:24:13  INFO     [FR] 'EU AI Act' → 91 entries, 234 kept so far
11:24:13  INFO     [ES] 'EU AI Act' → 78 entries, 193 kept so far
11:24:14  INFO     [PL] 'generative AI' → 100 entries, 176 kept so far
11:24:14  INFO     [DE] 'generative AI' → 100 entries, 263 kept so far
11:24:14  INFO     [IT] 'generative AI' → 100 entries, 290 kept so far
11:24:14  INFO     [FR] 'generative AI' → 100 entries, 265 kept so far
11:24:14  INFO     [ES] 'generative AI' → 100 entries, 241 kept so far
11:24:15  INFO     [PL] +102 new articles saved
11:24:15  INFO     [DE] +188 new articles saved
11:24:15  INFO     [IT] +200 new articles saved
11:24:15  INFO     [FR] +155 new articles saved
11:24:15  INFO     [ES] +144 new articles saved
11:24:15  INFO     [NL] 'artificial intelligence' → 100 entries, 11 kept so far
11:24:16  INFO     [BE] 'artificial intelligence' → 100 entries, 52 kept so far
11:24:16  INFO     [AT] 'artificial intelligence' → 100 entries, 35 kept so far
11:24:16  INFO     [SE] 'artificial intelligence' → 100 entries, 12 kept so far
11:24:16  INFO     [DK] 'artificial intelligence' → 100 entries, 13 kept so far
11:24:17  INFO     [NL] 'AI regulation' → 77 entries, 58 kept so far
11:24:17  INFO     [BE] 'AI regulation' → 99 entries, 140 kept so far
11:24:17  INFO     [SE] 'AI regulation' → 73 entries, 27 kept so far
11:24:17  INFO     [AT] 'AI regulation' → 100 entries, 108 kept so far
11:24:17  INFO     [DK] 'AI regulation' → 46 entries, 21 kept so far
11:24:19  INFO     [NL] 'machine learning' → 100 entries, 108 kept so far
11:24:19  INFO     [SE] 'machine learning' → 83 entries, 52 kept so far
11:24:19  INFO     [DK] 'machine learning' → 78 entries, 45 kept so far
11:24:19  INFO     [BE] 'machine learning' → 100 entries, 195 kept so far
11:24:19  INFO     [AT] 'machine learning' → 100 entries, 159 kept so far
11:24:20  INFO     [NL] 'EU AI Act' → 97 entries, 138 kept so far
11:24:20  INFO     [SE] 'EU AI Act' → 71 entries, 60 kept so far
11:24:21  INFO     [DK] 'EU AI Act' → 74 entries, 60 kept so far
11:24:21  INFO     [BE] 'EU AI Act' → 98 entries, 233 kept so far
11:24:21  INFO     [AT] 'EU AI Act' → 100 entries, 234 kept so far
11:24:22  INFO     [NL] 'generative AI' → 100 entries, 168 kept so far
11:24:22  INFO     [SE] 'generative AI' → 75 entries, 71 kept so far
11:24:22  INFO     [DK] 'generative AI' → 100 entries, 96 kept so far
11:24:22  INFO     [AT] 'generative AI' → 100 entries, 262 kept so far
11:24:22  INFO     [BE] 'generative AI' → 100 entries, 261 kept so far
11:24:23  INFO     [NL] +78 new articles saved
11:24:23  INFO     [SE] +38 new articles saved
11:24:23  INFO     [DK] +47 new articles saved
11:24:23  INFO     [AT] +49 new articles saved
11:24:23  INFO     [FI] 'artificial intelligence' → 100 entries, 61 kept so far
11:24:23  INFO     [BE] +28 new articles saved
11:24:23  INFO     [PT] 'artificial intelligence' → 100 entries, 49 kept so far
11:24:24  INFO     [CZ] 'artificial intelligence' → 100 entries, 15 kept so far
11:24:24  INFO     [RO] 'artificial intelligence' → 100 entries, 37 kept so far
11:24:24  INFO     [HU] 'artificial intelligence' → 100 entries, 23 kept so far
11:24:25  INFO     [FI] 'AI regulation' → 51 entries, 72 kept so far
11:24:25  INFO     [PT] 'AI regulation' → 75 entries, 84 kept so far
11:24:25  INFO     [CZ] 'AI regulation' → 76 entries, 39 kept so far
11:24:26  INFO     [HU] 'AI regulation' → 78 entries, 26 kept so far
11:24:26  INFO     [RO] 'AI regulation' → 77 entries, 46 kept so far
11:24:26  INFO     [FI] 'machine learning' → 82 entries, 115 kept so far
11:24:27  INFO     [PT] 'machine learning' → 100 entries, 163 kept so far
11:24:27  INFO     [CZ] 'machine learning' → 82 entries, 58 kept so far
11:24:27  INFO     [HU] 'machine learning' → 62 entries, 49 kept so far
11:24:27  INFO     [RO] 'machine learning' → 100 entries, 101 kept so far
11:24:28  INFO     [FI] 'EU AI Act' → 65 entries, 152 kept so far
11:24:28  INFO     [PT] 'EU AI Act' → 63 entries, 174 kept so far
11:24:29  INFO     [CZ] 'EU AI Act' → 73 entries, 73 kept so far
11:24:29  INFO     [RO] 'EU AI Act' → 69 entries, 127 kept so far
11:24:29  INFO     [HU] 'EU AI Act' → 77 entries, 70 kept so far
11:24:30  INFO     [FI] 'generative AI' → 67 entries, 193 kept so far
11:24:30  INFO     [PT] 'generative AI' → 100 entries, 206 kept so far
11:24:30  INFO     [CZ] 'generative AI' → 74 entries, 92 kept so far
11:24:30  INFO     [HU] 'generative AI' → 71 entries, 91 kept so far
11:24:30  INFO     [RO] 'generative AI' → 96 entries, 152 kept so far
11:24:31  INFO     [FI] +97 new articles saved
11:24:31  INFO     [GR] 'artificial intelligence' → 100 entries, 37 kept so far
11:24:31  INFO     [PT] +133 new articles saved
11:24:31  INFO     [CZ] +58 new articles saved
11:24:31  INFO     [HU] +53 new articles saved
11:24:31  INFO     [RO] +99 new articles saved
11:24:31  INFO     [HR] 'artificial intelligence' → 102 entries, 63 kept so far
11:24:32  INFO     [SK] 'artificial intelligence' → 100 entries, 27 kept so far
11:24:32  INFO     [BG] 'artificial intelligence' → 94 entries, 41 kept so far
11:24:32  INFO     [IE] 'artificial intelligence' → 101 entries, 55 kept so far
11:24:33  INFO     [GR] 'AI regulation' → 68 entries, 87 kept so far
11:24:33  INFO     [HR] 'AI regulation' → 100 entries, 110 kept so far
11:24:33  INFO     [SK] 'AI regulation' → 29 entries, 29 kept so far
11:24:33  INFO     [BG] 'AI regulation' → 15 entries, 43 kept so far
11:24:34  INFO     [IE] 'AI regulation' → 100 entries, 106 kept so far
11:24:34  INFO     [GR] 'machine learning' → 100 entries, 126 kept so far
11:24:35  INFO     [HR] 'machine learning' → 100 entries, 180 kept so far
11:24:35  INFO     [SK] 'machine learning' → 57 entries, 42 kept so far
11:24:35  INFO     [BG] 'machine learning' → 54 entries, 52 kept so far
11:24:35  INFO     [IE] 'machine learning' → 100 entries, 178 kept so far
11:24:36  INFO     [GR] 'EU AI Act' → 56 entries, 141 kept so far
11:24:36  INFO     [HR] 'EU AI Act' → 100 entries, 258 kept so far
11:24:36  INFO     [SK] 'EU AI Act' → 71 entries, 52 kept so far
11:24:36  INFO     [BG] 'EU AI Act' → 24 entries, 54 kept so far
11:24:37  INFO     [IE] 'EU AI Act' → 100 entries, 252 kept so far
11:24:37  INFO     [GR] 'generative AI' → 100 entries, 187 kept so far
11:24:38  INFO     [BG] 'generative AI' → 37 entries, 60 kept so far
11:24:38  INFO     [SK] 'generative AI' → 54 entries, 64 kept so far
11:24:38  INFO     [HR] 'generative AI' → 100 entries, 324 kept so far
11:24:38  INFO     [GR] +129 new articles saved
11:24:39  INFO     [BG] +38 new articles saved
11:24:39  INFO     [SK] +34 new articles saved
11:24:39  INFO     [IE] 'generative AI' → 100 entries, 313 kept so far
11:24:39  INFO     [HR] +298 new articles saved
11:24:39  INFO     [LT] 'artificial intelligence' → 80 entries, 25 kept so far
11:24:39  INFO     [SI] 'artificial intelligence' → 100 entries, 47 kept so far
11:24:39  INFO     [LV] 'artificial intelligence' → 61 entries, 22 kept so far
11:24:39  INFO     [EE] 'artificial intelligence' → 100 entries, 46 kept so far
11:24:40  INFO     [IE] +103 new articles saved
11:24:40  INFO     [CY] 'artificial intelligence' → 100 entries, 37 kept so far
11:24:40  INFO     [LT] 'AI regulation' → 8 entries, 25 kept so far
11:24:40  INFO     [SI] 'AI regulation' → 2 entries, 47 kept so far
11:24:41  INFO     [LV] 'AI regulation' → 6 entries, 22 kept so far
11:24:41  INFO     [EE] 'AI regulation' → 4 entries, 46 kept so far
11:24:42  INFO     [SI] 'machine learning' → 22 entries, 49 kept so far
11:24:42  INFO     [LT] 'machine learning' → 33 entries, 28 kept so far
11:24:42  INFO     [CY] 'AI regulation' → 68 entries, 87 kept so far
11:24:42  INFO     [LV] 'machine learning' → 17 entries, 27 kept so far
11:24:42  INFO     [EE] 'machine learning' → 27 entries, 48 kept so far
11:24:43  INFO     [LT] 'EU AI Act' → 20 entries, 29 kept so far
11:24:43  INFO     [SI] 'EU AI Act' → 26 entries, 54 kept so far
11:24:43  INFO     [LV] 'EU AI Act' → 9 entries, 28 kept so far
11:24:43  INFO     [CY] 'machine learning' → 100 entries, 128 kept so far
11:24:44  INFO     [EE] 'EU AI Act' → 9 entries, 48 kept so far
11:24:44  INFO     [LT] 'generative AI' → 16 entries, 35 kept so far
11:24:45  INFO     [LV] 'generative AI' → 9 entries, 29 kept so far
11:24:45  INFO     [SI] 'generative AI' → 17 entries, 56 kept so far
11:24:45  INFO     [CY] 'EU AI Act' → 57 entries, 143 kept so far
11:24:45  INFO     [EE] 'generative AI' → 10 entries, 50 kept so far
11:24:45  INFO     [LT] +13 new articles saved
11:24:46  INFO     [LV] +12 new articles saved
11:24:46  INFO     [SI] +22 new articles saved
11:24:46  INFO     [MT] 'artificial intelligence' → 102 entries, 63 kept so far
11:24:46  INFO     [EE] +24 new articles saved
11:24:46  INFO     [LU] 'artificial intelligence' → 100 entries, 54 kept so far
11:24:47  INFO     [CY] 'generative AI' → 100 entries, 187 kept so far
11:24:47  INFO     [MT] 'AI regulation' → 100 entries, 110 kept so far
11:24:48  INFO     [CY] +2 new articles saved
11:24:48  INFO     [LU] 'AI regulation' → 100 entries, 143 kept so far
11:24:48  INFO     [MT] 'machine learning' → 100 entries, 180 kept so far
11:24:49  INFO     [MT] 'EU AI Act' → 100 entries, 258 kept so far
11:24:49  INFO     [LU] 'machine learning' → 100 entries, 198 kept so far
11:24:50  INFO     [MT] 'generative AI' → 100 entries, 324 kept so far
11:24:51  INFO     [LU] 'EU AI Act' → 91 entries, 235 kept so far
11:24:51  INFO     [MT] +0 new articles saved
11:24:52  INFO     [LU] 'generative AI' → 100 entries, 266 kept so far
11:24:53  INFO     [LU] +1 new articles saved
11:24:53  INFO     Scrape complete. 2145 new articles this run.
