14:19:10  INFO     Starting scrape: 27 countries, 5 queries each
/home/runner/work/EU_AI_News/EU_AI_News/eu_ai_news_scraper.py:230: DeprecationWarning: datetime.datetime.utcnow() is deprecated and scheduled for removal in a future version. Use timezone-aware objects to represent datetimes in UTC: datetime.datetime.now(datetime.UTC).
  "scraped_at":   datetime.utcnow().isoformat(),
14:19:10  INFO     [DE] 'artificial intelligence' → 100 entries, 48 kept so far
14:19:10  INFO     [IT] 'artificial intelligence' → 100 entries, 32 kept so far
14:19:10  INFO     [PL] 'artificial intelligence' → 100 entries, 25 kept so far
14:19:10  INFO     [FR] 'artificial intelligence' → 101 entries, 43 kept so far
14:19:10  INFO     [ES] 'artificial intelligence' → 100 entries, 55 kept so far
14:19:12  INFO     [DE] 'AI regulation' → 99 entries, 126 kept so far
14:19:12  INFO     [IT] 'AI regulation' → 100 entries, 117 kept so far
14:19:12  INFO     [PL] 'AI regulation' → 100 entries, 85 kept so far
14:19:12  INFO     [FR] 'AI regulation' → 100 entries, 125 kept so far
14:19:12  INFO     [ES] 'AI regulation' → 78 entries, 91 kept so far
14:19:13  INFO     [DE] 'machine learning' → 100 entries, 175 kept so far
14:19:14  INFO     [IT] 'machine learning' → 100 entries, 193 kept so far
14:19:14  INFO     [FR] 'machine learning' → 100 entries, 184 kept so far
14:19:14  INFO     [PL] 'machine learning' → 100 entries, 121 kept so far
14:19:14  INFO     [ES] 'machine learning' → 100 entries, 162 kept so far
14:19:15  INFO     [DE] 'EU AI Act' → 100 entries, 252 kept so far
14:19:15  INFO     [IT] 'EU AI Act' → 100 entries, 268 kept so far
14:19:15  INFO     [PL] 'EU AI Act' → 75 entries, 142 kept so far
14:19:15  INFO     [FR] 'EU AI Act' → 90 entries, 235 kept so far
14:19:16  INFO     [ES] 'EU AI Act' → 76 entries, 191 kept so far
14:19:17  INFO     [DE] 'generative AI' → 100 entries, 278 kept so far
14:19:17  INFO     [IT] 'generative AI' → 100 entries, 307 kept so far
14:19:17  INFO     [PL] 'generative AI' → 100 entries, 177 kept so far
14:19:17  INFO     [FR] 'generative AI' → 100 entries, 263 kept so far
14:19:17  INFO     [ES] 'generative AI' → 100 entries, 230 kept so far
14:19:18  INFO     [DE] +176 new articles saved
14:19:18  INFO     [IT] +191 new articles saved
14:19:18  INFO     [PL] +102 new articles saved
14:19:18  INFO     [FR] +144 new articles saved
14:19:18  INFO     [NL] 'artificial intelligence' → 100 entries, 14 kept so far
14:19:18  INFO     [ES] +113 new articles saved
14:19:19  INFO     [BE] 'artificial intelligence' → 100 entries, 56 kept so far
14:19:19  INFO     [SE] 'artificial intelligence' → 100 entries, 7 kept so far
14:19:19  INFO     [AT] 'artificial intelligence' → 100 entries, 47 kept so far
14:19:19  INFO     [DK] 'artificial intelligence' → 100 entries, 13 kept so far
14:19:20  INFO     [NL] 'AI regulation' → 74 entries, 52 kept so far
14:19:20  INFO     [BE] 'AI regulation' → 100 entries, 142 kept so far
14:19:20  INFO     [DK] 'AI regulation' → 34 entries, 20 kept so far
14:19:20  INFO     [SE] 'AI regulation' → 75 entries, 19 kept so far
14:19:21  INFO     [AT] 'AI regulation' → 100 entries, 127 kept so far
14:19:21  INFO     [NL] 'machine learning' → 100 entries, 105 kept so far
14:19:22  INFO     [DK] 'machine learning' → 85 entries, 43 kept so far
14:19:22  INFO     [BE] 'machine learning' → 100 entries, 200 kept so far
14:19:22  INFO     [SE] 'machine learning' → 78 entries, 45 kept so far
14:19:23  INFO     [AT] 'machine learning' → 100 entries, 176 kept so far
14:19:23  INFO     [NL] 'EU AI Act' → 100 entries, 136 kept so far
14:19:24  INFO     [DK] 'EU AI Act' → 72 entries, 57 kept so far
14:19:24  INFO     [BE] 'EU AI Act' → 96 entries, 248 kept so far
14:19:24  INFO     [SE] 'EU AI Act' → 69 entries, 53 kept so far
14:19:24  INFO     [AT] 'EU AI Act' → 100 entries, 253 kept so far
14:19:25  INFO     [NL] 'generative AI' → 100 entries, 161 kept so far
14:19:25  INFO     [DK] 'generative AI' → 100 entries, 90 kept so far
14:19:25  INFO     [SE] 'generative AI' → 77 entries, 60 kept so far
14:19:25  INFO     [BE] 'generative AI' → 100 entries, 272 kept so far
14:19:26  INFO     [NL] +62 new articles saved
14:19:26  INFO     [AT] 'generative AI' → 100 entries, 279 kept so far
14:19:26  INFO     [DK] +30 new articles saved
14:19:26  INFO     [SE] +15 new articles saved
14:19:26  INFO     [BE] +26 new articles saved
14:19:27  INFO     [PT] 'artificial intelligence' → 100 entries, 61 kept so far
14:19:27  INFO     [CZ] 'artificial intelligence' → 100 entries, 20 kept so far
14:19:27  INFO     [FI] 'artificial intelligence' → 100 entries, 62 kept so far
14:19:27  INFO     [RO] 'artificial intelligence' → 100 entries, 44 kept so far
14:19:27  INFO     [AT] +35 new articles saved
14:19:28  INFO     [HU] 'artificial intelligence' → 100 entries, 22 kept so far
14:19:28  INFO     [PT] 'AI regulation' → 77 entries, 95 kept so far
14:19:29  INFO     [CZ] 'AI regulation' → 77 entries, 38 kept so far
14:19:29  INFO     [FI] 'AI regulation' → 49 entries, 75 kept so far
14:19:29  INFO     [RO] 'AI regulation' → 79 entries, 56 kept so far
14:19:29  INFO     [HU] 'AI regulation' → 79 entries, 26 kept so far
14:19:30  INFO     [PT] 'machine learning' → 100 entries, 173 kept so far
14:19:30  INFO     [CZ] 'machine learning' → 86 entries, 58 kept so far
14:19:30  INFO     [FI] 'machine learning' → 95 entries, 115 kept so far
14:19:30  INFO     [RO] 'machine learning' → 100 entries, 112 kept so far
14:19:31  INFO     [HU] 'machine learning' → 76 entries, 52 kept so far
14:19:32  INFO     [PT] 'EU AI Act' → 56 entries, 183 kept so far
14:19:32  INFO     [CZ] 'EU AI Act' → 75 entries, 67 kept so far
14:19:32  INFO     [FI] 'EU AI Act' → 70 entries, 151 kept so far
14:19:32  INFO     [RO] 'EU AI Act' → 75 entries, 139 kept so far
14:19:33  INFO     [HU] 'EU AI Act' → 76 entries, 77 kept so far
14:19:33  INFO     [CZ] 'generative AI' → 85 entries, 87 kept so far
14:19:34  INFO     [PT] 'generative AI' → 100 entries, 211 kept so far
14:19:34  INFO     [FI] 'generative AI' → 61 entries, 191 kept so far
14:19:34  INFO     [RO] 'generative AI' → 84 entries, 167 kept so far
14:19:34  INFO     [HU] 'generative AI' → 78 entries, 102 kept so far
14:19:34  INFO     [CZ] +50 new articles saved
14:19:35  INFO     [PT] +106 new articles saved
14:19:35  INFO     [FI] +98 new articles saved
14:19:35  INFO     [RO] +94 new articles saved
14:19:35  INFO     [GR] 'artificial intelligence' → 100 entries, 49 kept so far
14:19:35  INFO     [SK] 'artificial intelligence' → 100 entries, 25 kept so far
14:19:35  INFO     [HR] 'artificial intelligence' → 102 entries, 52 kept so far
14:19:35  INFO     [HU] +54 new articles saved
14:19:35  INFO     [IE] 'artificial intelligence' → 102 entries, 52 kept so far
14:19:36  INFO     [BG] 'artificial intelligence' → 84 entries, 36 kept so far
14:19:37  INFO     [GR] 'AI regulation' → 63 entries, 103 kept so far
14:19:37  INFO     [SK] 'AI regulation' → 23 entries, 30 kept so far
14:19:37  INFO     [HR] 'AI regulation' → 100 entries, 94 kept so far
14:19:37  INFO     [IE] 'AI regulation' → 100 entries, 99 kept so far
14:19:37  INFO     [BG] 'AI regulation' → 10 entries, 37 kept so far
14:19:38  INFO     [SK] 'machine learning' → 57 entries, 42 kept so far
14:19:38  INFO     [GR] 'machine learning' → 100 entries, 135 kept so far
14:19:38  INFO     [HR] 'machine learning' → 100 entries, 166 kept so far
14:19:39  INFO     [IE] 'machine learning' → 100 entries, 164 kept so far
14:19:39  INFO     [BG] 'machine learning' → 58 entries, 44 kept so far
14:19:40  INFO     [SK] 'EU AI Act' → 77 entries, 59 kept so far
14:19:40  INFO     [GR] 'EU AI Act' → 54 entries, 154 kept so far
14:19:40  INFO     [HR] 'EU AI Act' → 100 entries, 235 kept so far
14:19:40  INFO     [BG] 'EU AI Act' → 17 entries, 48 kept so far
14:19:41  INFO     [IE] 'EU AI Act' → 100 entries, 229 kept so far
14:19:41  INFO     [SK] 'generative AI' → 45 entries, 65 kept so far
14:19:41  INFO     [GR] 'generative AI' → 100 entries, 196 kept so far
14:19:42  INFO     [HR] 'generative AI' → 100 entries, 297 kept so far
14:19:42  INFO     [BG] 'generative AI' → 34 entries, 52 kept so far
14:19:42  INFO     [SK] +34 new articles saved
14:19:42  INFO     [IE] 'generative AI' → 100 entries, 288 kept so far
14:19:42  INFO     [GR] +121 new articles saved
14:19:43  INFO     [LT] 'artificial intelligence' → 88 entries, 33 kept so far
14:19:43  INFO     [HR] +264 new articles saved
14:19:43  INFO     [BG] +27 new articles saved
14:19:43  INFO     [SI] 'artificial intelligence' → 99 entries, 49 kept so far
14:19:43  INFO     [LV] 'artificial intelligence' → 69 entries, 22 kept so far
14:19:43  INFO     [EE] 'artificial intelligence' → 100 entries, 45 kept so far
14:19:43  INFO     [IE] +75 new articles saved
14:19:44  INFO     [CY] 'artificial intelligence' → 100 entries, 49 kept so far
14:19:44  INFO     [LT] 'AI regulation' → 6 entries, 33 kept so far
14:19:44  INFO     [SI] 'AI regulation' → 6 entries, 49 kept so far
14:19:44  INFO     [LV] 'AI regulation' → 9 entries, 22 kept so far
14:19:45  INFO     [EE] 'AI regulation' → 7 entries, 46 kept so far
14:19:45  INFO     [LT] 'machine learning' → 30 entries, 36 kept so far
14:19:45  INFO     [CY] 'AI regulation' → 63 entries, 103 kept so far
14:19:45  INFO     [SI] 'machine learning' → 23 entries, 53 kept so far
14:19:46  INFO     [LV] 'machine learning' → 11 entries, 24 kept so far
14:19:46  INFO     [EE] 'machine learning' → 17 entries, 49 kept so far
14:19:47  INFO     [LT] 'EU AI Act' → 21 entries, 37 kept so far
14:19:47  INFO     [CY] 'machine learning' → 100 entries, 135 kept so far
14:19:47  INFO     [SI] 'EU AI Act' → 40 entries, 59 kept so far
14:19:47  INFO     [LV] 'EU AI Act' → 9 entries, 24 kept so far
14:19:48  INFO     [EE] 'EU AI Act' → 14 entries, 50 kept so far
14:19:48  INFO     [LT] 'generative AI' → 24 entries, 46 kept so far
14:19:48  INFO     [SI] 'generative AI' → 13 entries, 60 kept so far
14:19:48  INFO     [CY] 'EU AI Act' → 56 entries, 155 kept so far
14:19:48  INFO     [LV] 'generative AI' → 9 entries, 26 kept so far
14:19:49  INFO     [EE] 'generative AI' → 11 entries, 51 kept so far
14:19:49  INFO     [LT] +16 new articles saved
14:19:49  INFO     [SI] +22 new articles saved
14:19:49  INFO     [MT] 'artificial intelligence' → 102 entries, 52 kept so far
14:19:49  INFO     [LV] +11 new articles saved
14:19:50  INFO     [LU] 'artificial intelligence' → 101 entries, 43 kept so far
14:19:50  INFO     [EE] +17 new articles saved
14:19:50  INFO     [CY] 'generative AI' → 100 entries, 198 kept so far
14:19:51  INFO     [MT] 'AI regulation' → 100 entries, 94 kept so far
14:19:51  INFO     [CY] +2 new articles saved
14:19:51  INFO     [LU] 'AI regulation' → 100 entries, 125 kept so far
14:19:52  INFO     [MT] 'machine learning' → 100 entries, 166 kept so far
14:19:53  INFO     [LU] 'machine learning' → 100 entries, 184 kept so far
14:19:53  INFO     [MT] 'EU AI Act' → 100 entries, 235 kept so far
14:19:54  INFO     [MT] 'generative AI' → 100 entries, 297 kept so far
14:19:54  INFO     [LU] 'EU AI Act' → 90 entries, 235 kept so far
14:19:55  INFO     [MT] +0 new articles saved
14:19:56  INFO     [LU] 'generative AI' → 100 entries, 263 kept so far
14:19:57  INFO     [LU] +0 new articles saved
14:19:57  INFO     Scrape complete. 1885 new articles this run.
