18:44:28  INFO     Starting scrape: 27 countries, 5 queries each
18:44:29  INFO     [FR] 'artificial intelligence' → 100 entries, 60 kept so far
/home/runner/work/EU_AI_News/EU_AI_News/eu_ai_news_scraper.py:230: DeprecationWarning: datetime.datetime.utcnow() is deprecated and scheduled for removal in a future version. Use timezone-aware objects to represent datetimes in UTC: datetime.datetime.now(datetime.UTC).
  "scraped_at":   datetime.utcnow().isoformat(),
18:44:29  INFO     [PL] 'artificial intelligence' → 100 entries, 16 kept so far
18:44:29  INFO     [DE] 'artificial intelligence' → 100 entries, 50 kept so far
18:44:29  INFO     [IT] 'artificial intelligence' → 100 entries, 47 kept so far
18:44:29  INFO     [ES] 'artificial intelligence' → 100 entries, 59 kept so far
18:44:31  INFO     [PL] 'AI regulation' → 100 entries, 93 kept so far
18:44:31  INFO     [FR] 'AI regulation' → 100 entries, 126 kept so far
18:44:31  INFO     [DE] 'AI regulation' → 100 entries, 102 kept so far
18:44:31  INFO     [ES] 'AI regulation' → 67 entries, 81 kept so far
18:44:31  INFO     [IT] 'AI regulation' → 100 entries, 118 kept so far
18:44:32  INFO     [PL] 'machine learning' → 100 entries, 134 kept so far
18:44:32  INFO     [FR] 'machine learning' → 100 entries, 179 kept so far
18:44:32  INFO     [DE] 'machine learning' → 100 entries, 152 kept so far
18:44:33  INFO     [IT] 'machine learning' → 100 entries, 185 kept so far
18:44:33  INFO     [ES] 'machine learning' → 100 entries, 155 kept so far
18:44:34  INFO     [PL] 'EU AI Act' → 78 entries, 161 kept so far
18:44:34  INFO     [FR] 'EU AI Act' → 91 entries, 234 kept so far
18:44:34  INFO     [DE] 'EU AI Act' → 100 entries, 234 kept so far
18:44:34  INFO     [ES] 'EU AI Act' → 78 entries, 195 kept so far
18:44:34  INFO     [IT] 'EU AI Act' → 100 entries, 258 kept so far
18:44:35  INFO     [PL] 'generative AI' → 100 entries, 192 kept so far
18:44:35  INFO     [FR] 'generative AI' → 100 entries, 266 kept so far
18:44:36  INFO     [DE] 'generative AI' → 100 entries, 265 kept so far
18:44:36  INFO     [IT] 'generative AI' → 100 entries, 295 kept so far
18:44:36  INFO     [ES] 'generative AI' → 100 entries, 234 kept so far
18:44:36  INFO     [PL] +122 new articles saved
18:44:36  INFO     [FR] +141 new articles saved
18:44:37  INFO     [DE] +190 new articles saved
18:44:37  INFO     [IT] +164 new articles saved
18:44:37  INFO     [NL] 'artificial intelligence' → 100 entries, 16 kept so far
18:44:37  INFO     [ES] +121 new articles saved
18:44:37  INFO     [SE] 'artificial intelligence' → 100 entries, 17 kept so far
18:44:37  INFO     [BE] 'artificial intelligence' → 100 entries, 63 kept so far
18:44:37  INFO     [AT] 'artificial intelligence' → 100 entries, 55 kept so far
18:44:38  INFO     [DK] 'artificial intelligence' → 100 entries, 17 kept so far
18:44:39  INFO     [SE] 'AI regulation' → 64 entries, 32 kept so far
18:44:39  INFO     [NL] 'AI regulation' → 77 entries, 68 kept so far
18:44:39  INFO     [BE] 'AI regulation' → 100 entries, 127 kept so far
18:44:39  INFO     [DK] 'AI regulation' → 33 entries, 22 kept so far
18:44:39  INFO     [AT] 'AI regulation' → 100 entries, 113 kept so far
18:44:40  INFO     [SE] 'machine learning' → 77 entries, 52 kept so far
18:44:40  INFO     [NL] 'machine learning' → 100 entries, 122 kept so far
18:44:41  INFO     [DK] 'machine learning' → 88 entries, 45 kept so far
18:44:41  INFO     [BE] 'machine learning' → 100 entries, 181 kept so far
18:44:41  INFO     [AT] 'machine learning' → 100 entries, 165 kept so far
18:44:42  INFO     [SE] 'EU AI Act' → 56 entries, 55 kept so far
18:44:42  INFO     [NL] 'EU AI Act' → 98 entries, 147 kept so far
18:44:42  INFO     [DK] 'EU AI Act' → 77 entries, 65 kept so far
18:44:42  INFO     [BE] 'EU AI Act' → 96 entries, 239 kept so far
18:44:42  INFO     [AT] 'EU AI Act' → 100 entries, 246 kept so far
18:44:43  INFO     [SE] 'generative AI' → 75 entries, 65 kept so far
18:44:43  INFO     [NL] 'generative AI' → 100 entries, 173 kept so far
18:44:44  INFO     [DK] 'generative AI' → 95 entries, 96 kept so far
18:44:44  INFO     [BE] 'generative AI' → 100 entries, 268 kept so far
18:44:44  INFO     [AT] 'generative AI' → 100 entries, 274 kept so far
18:44:44  INFO     [SE] +27 new articles saved
18:44:44  INFO     [NL] +82 new articles saved
18:44:45  INFO     [FI] 'artificial intelligence' → 100 entries, 64 kept so far
18:44:45  INFO     [DK] +38 new articles saved
18:44:45  INFO     [BE] +20 new articles saved
18:44:45  INFO     [PT] 'artificial intelligence' → 100 entries, 65 kept so far
18:44:45  INFO     [AT] +68 new articles saved
18:44:45  INFO     [CZ] 'artificial intelligence' → 100 entries, 18 kept so far
18:44:46  INFO     [RO] 'artificial intelligence' → 100 entries, 43 kept so far
18:44:46  INFO     [HU] 'artificial intelligence' → 100 entries, 15 kept so far
18:44:46  INFO     [FI] 'AI regulation' → 45 entries, 74 kept so far
18:44:47  INFO     [PT] 'AI regulation' → 100 entries, 123 kept so far
18:44:47  INFO     [CZ] 'AI regulation' → 78 entries, 47 kept so far
18:44:47  INFO     [RO] 'AI regulation' → 30 entries, 50 kept so far
18:44:47  INFO     [HU] 'AI regulation' → 79 entries, 16 kept so far
18:44:48  INFO     [FI] 'machine learning' → 87 entries, 114 kept so far
18:44:48  INFO     [CZ] 'machine learning' → 83 entries, 63 kept so far
18:44:48  INFO     [PT] 'machine learning' → 100 entries, 196 kept so far
18:44:49  INFO     [RO] 'machine learning' → 100 entries, 104 kept so far
18:44:49  INFO     [HU] 'machine learning' → 67 entries, 42 kept so far
18:44:49  INFO     [FI] 'EU AI Act' → 59 entries, 146 kept so far
18:44:50  INFO     [CZ] 'EU AI Act' → 75 entries, 75 kept so far
18:44:50  INFO     [PT] 'EU AI Act' → 60 entries, 207 kept so far
18:44:50  INFO     [HU] 'EU AI Act' → 79 entries, 66 kept so far
18:44:50  INFO     [RO] 'EU AI Act' → 78 entries, 130 kept so far
18:44:51  INFO     [FI] 'generative AI' → 55 entries, 178 kept so far
18:44:51  INFO     [CZ] 'generative AI' → 84 entries, 94 kept so far
18:44:52  INFO     [PT] 'generative AI' → 100 entries, 242 kept so far
18:44:52  INFO     [FI] +85 new articles saved
18:44:52  INFO     [HU] 'generative AI' → 72 entries, 87 kept so far
18:44:52  INFO     [RO] 'generative AI' → 90 entries, 157 kept so far
18:44:52  INFO     [GR] 'artificial intelligence' → 100 entries, 45 kept so far
18:44:53  INFO     [CZ] +60 new articles saved
18:44:53  INFO     [PT] +156 new articles saved
18:44:53  INFO     [HU] +46 new articles saved
18:44:53  INFO     [HR] 'artificial intelligence' → 100 entries, 35 kept so far
18:44:53  INFO     [SK] 'artificial intelligence' → 100 entries, 23 kept so far
18:44:53  INFO     [RO] +90 new articles saved
18:44:53  INFO     [IE] 'artificial intelligence' → 100 entries, 42 kept so far
18:44:54  INFO     [BG] 'artificial intelligence' → 77 entries, 36 kept so far
18:44:54  INFO     [GR] 'AI regulation' → 64 entries, 105 kept so far
18:44:54  INFO     [SK] 'AI regulation' → 14 entries, 25 kept so far
18:44:55  INFO     [HR] 'AI regulation' → 100 entries, 87 kept so far
18:44:55  INFO     [BG] 'AI regulation' → 17 entries, 37 kept so far
18:44:55  INFO     [IE] 'AI regulation' → 100 entries, 95 kept so far
18:44:55  INFO     [GR] 'machine learning' → 88 entries, 140 kept so far
18:44:56  INFO     [HR] 'machine learning' → 100 entries, 170 kept so far
18:44:56  INFO     [BG] 'machine learning' → 52 entries, 45 kept so far
18:44:56  INFO     [SK] 'machine learning' → 57 entries, 40 kept so far
18:44:57  INFO     [IE] 'machine learning' → 100 entries, 177 kept so far
18:44:57  INFO     [GR] 'EU AI Act' → 59 entries, 157 kept so far
18:44:58  INFO     [HR] 'EU AI Act' → 100 entries, 252 kept so far
18:44:58  INFO     [BG] 'EU AI Act' → 18 entries, 51 kept so far
18:44:58  INFO     [SK] 'EU AI Act' → 64 entries, 54 kept so far
18:44:58  INFO     [IE] 'EU AI Act' → 100 entries, 250 kept so far
18:44:59  INFO     [GR] 'generative AI' → 100 entries, 198 kept so far
18:44:59  INFO     [BG] 'generative AI' → 27 entries, 55 kept so far
18:44:59  INFO     [HR] 'generative AI' → 100 entries, 309 kept so far
18:44:59  INFO     [SK] 'generative AI' → 44 entries, 63 kept so far
18:45:00  INFO     [GR] +126 new articles saved
18:45:00  INFO     [BG] +31 new articles saved
18:45:00  INFO     [LT] 'artificial intelligence' → 84 entries, 27 kept so far
18:45:00  INFO     [IE] 'generative AI' → 100 entries, 301 kept so far
18:45:00  INFO     [HR] +254 new articles saved
18:45:00  INFO     [SK] +28 new articles saved
18:45:00  INFO     [SI] 'artificial intelligence' → 100 entries, 48 kept so far
18:45:01  INFO     [LV] 'artificial intelligence' → 62 entries, 21 kept so far
18:45:01  INFO     [EE] 'artificial intelligence' → 100 entries, 46 kept so far
18:45:01  INFO     [IE] +90 new articles saved
18:45:01  INFO     [LT] 'AI regulation' → 16 entries, 28 kept so far
18:45:02  INFO     [CY] 'artificial intelligence' → 100 entries, 45 kept so far
18:45:02  INFO     [LV] 'AI regulation' → 5 entries, 21 kept so far
18:45:02  INFO     [SI] 'AI regulation' → 7 entries, 49 kept so far
18:45:02  INFO     [EE] 'AI regulation' → 10 entries, 46 kept so far
18:45:03  INFO     [LT] 'machine learning' → 28 entries, 30 kept so far
18:45:03  INFO     [CY] 'AI regulation' → 63 entries, 104 kept so far
18:45:03  INFO     [SI] 'machine learning' → 22 entries, 51 kept so far
18:45:03  INFO     [LV] 'machine learning' → 10 entries, 22 kept so far
18:45:04  INFO     [EE] 'machine learning' → 15 entries, 50 kept so far
18:45:04  INFO     [LT] 'EU AI Act' → 26 entries, 35 kept so far
18:45:05  INFO     [LV] 'EU AI Act' → 6 entries, 22 kept so far
18:45:05  INFO     [SI] 'EU AI Act' → 24 entries, 54 kept so far
18:45:05  INFO     [CY] 'machine learning' → 88 entries, 139 kept so far
18:45:05  INFO     [EE] 'EU AI Act' → 13 entries, 51 kept so far
18:45:05  INFO     [LT] 'generative AI' → 21 entries, 41 kept so far
18:45:06  INFO     [SI] 'generative AI' → 12 entries, 55 kept so far
18:45:06  INFO     [LV] 'generative AI' → 7 entries, 24 kept so far
18:45:06  INFO     [CY] 'EU AI Act' → 61 entries, 156 kept so far
18:45:06  INFO     [EE] 'generative AI' → 10 entries, 52 kept so far
18:45:06  INFO     [LT] +13 new articles saved
18:45:07  INFO     [LU] 'artificial intelligence' → 100 entries, 60 kept so far
18:45:07  INFO     [SI] +17 new articles saved
18:45:07  INFO     [LV] +10 new articles saved
18:45:07  INFO     [MT] 'artificial intelligence' → 100 entries, 35 kept so far
18:45:07  INFO     [EE] +25 new articles saved
18:45:08  INFO     [CY] 'generative AI' → 100 entries, 197 kept so far
18:45:08  INFO     [MT] 'AI regulation' → 100 entries, 87 kept so far
18:45:09  INFO     [LU] 'AI regulation' → 100 entries, 126 kept so far
18:45:09  INFO     [CY] +0 new articles saved
18:45:09  INFO     [MT] 'machine learning' → 100 entries, 170 kept so far
18:45:10  INFO     [LU] 'machine learning' → 100 entries, 179 kept so far
18:45:10  INFO     [MT] 'EU AI Act' → 100 entries, 252 kept so far
18:45:12  INFO     [MT] 'generative AI' → 100 entries, 309 kept so far
18:45:12  INFO     [LU] 'EU AI Act' → 91 entries, 234 kept so far
18:45:13  INFO     [MT] +0 new articles saved
18:45:13  INFO     [LU] 'generative AI' → 100 entries, 266 kept so far
18:45:14  INFO     [LU] +0 new articles saved
18:45:14  INFO     Scrape complete. 2004 new articles this run.
