05:11:16  INFO     Starting scrape: 27 countries, 5 queries each
/home/runner/work/EU_AI_News/EU_AI_News/eu_ai_news_scraper.py:230: DeprecationWarning: datetime.datetime.utcnow() is deprecated and scheduled for removal in a future version. Use timezone-aware objects to represent datetimes in UTC: datetime.datetime.now(datetime.UTC).
  "scraped_at":   datetime.utcnow().isoformat(),
05:11:17  INFO     [DE] 'artificial intelligence' → 100 entries, 53 kept so far
05:11:17  INFO     [PL] 'artificial intelligence' → 100 entries, 17 kept so far
05:11:17  INFO     [FR] 'artificial intelligence' → 100 entries, 54 kept so far
05:11:17  INFO     [IT] 'artificial intelligence' → 100 entries, 37 kept so far
05:11:17  INFO     [ES] 'artificial intelligence' → 100 entries, 56 kept so far
05:11:18  INFO     [DE] 'AI regulation' → 100 entries, 134 kept so far
05:11:18  INFO     [PL] 'AI regulation' → 78 entries, 79 kept so far
05:11:19  INFO     [FR] 'AI regulation' → 100 entries, 144 kept so far
05:11:19  INFO     [ES] 'AI regulation' → 77 entries, 102 kept so far
05:11:19  INFO     [IT] 'AI regulation' → 100 entries, 126 kept so far
05:11:20  INFO     [DE] 'machine learning' → 100 entries, 187 kept so far
05:11:20  INFO     [PL] 'machine learning' → 100 entries, 125 kept so far
05:11:20  INFO     [FR] 'machine learning' → 100 entries, 210 kept so far
05:11:20  INFO     [ES] 'machine learning' → 100 entries, 175 kept so far
05:11:20  INFO     [IT] 'machine learning' → 100 entries, 203 kept so far
05:11:22  INFO     [PL] 'EU AI Act' → 78 entries, 139 kept so far
05:11:22  INFO     [DE] 'EU AI Act' → 100 entries, 260 kept so far
05:11:22  INFO     [FR] 'EU AI Act' → 100 entries, 258 kept so far
05:11:22  INFO     [IT] 'EU AI Act' → 100 entries, 263 kept so far
05:11:22  INFO     [ES] 'EU AI Act' → 78 entries, 202 kept so far
05:11:23  INFO     [PL] 'generative AI' → 100 entries, 171 kept so far
05:11:23  INFO     [DE] 'generative AI' → 100 entries, 284 kept so far
05:11:23  INFO     [FR] 'generative AI' → 100 entries, 285 kept so far
05:11:24  INFO     [IT] 'generative AI' → 100 entries, 305 kept so far
05:11:24  INFO     [ES] 'generative AI' → 100 entries, 244 kept so far
05:11:25  INFO     [NL] 'artificial intelligence' → 100 entries, 10 kept so far
05:11:25  INFO     [PL] +100 new articles saved
05:11:25  INFO     [BE] 'artificial intelligence' → 100 entries, 59 kept so far
05:11:25  INFO     [DE] +204 new articles saved
05:11:25  INFO     [FR] +187 new articles saved
05:11:25  INFO     [IT] +215 new articles saved
05:11:25  INFO     [ES] +166 new articles saved
05:11:25  INFO     [SE] 'artificial intelligence' → 100 entries, 8 kept so far
05:11:25  INFO     [AT] 'artificial intelligence' → 100 entries, 49 kept so far
05:11:25  INFO     [DK] 'artificial intelligence' → 100 entries, 21 kept so far
05:11:26  INFO     [NL] 'AI regulation' → 79 entries, 56 kept so far
05:11:26  INFO     [BE] 'AI regulation' → 100 entries, 149 kept so far
05:11:27  INFO     [SE] 'AI regulation' → 78 entries, 21 kept so far
05:11:27  INFO     [AT] 'AI regulation' → 100 entries, 128 kept so far
05:11:27  INFO     [DK] 'AI regulation' → 47 entries, 30 kept so far
05:11:28  INFO     [NL] 'machine learning' → 100 entries, 103 kept so far
05:11:28  INFO     [SE] 'machine learning' → 87 entries, 42 kept so far
05:11:28  INFO     [BE] 'machine learning' → 100 entries, 218 kept so far
05:11:28  INFO     [AT] 'machine learning' → 100 entries, 183 kept so far
05:11:28  INFO     [DK] 'machine learning' → 80 entries, 49 kept so far
05:11:29  INFO     [SE] 'EU AI Act' → 64 entries, 50 kept so far
05:11:30  INFO     [NL] 'EU AI Act' → 100 entries, 136 kept so far
05:11:30  INFO     [BE] 'EU AI Act' → 100 entries, 263 kept so far
05:11:30  INFO     [AT] 'EU AI Act' → 100 entries, 260 kept so far
05:11:30  INFO     [DK] 'EU AI Act' → 72 entries, 62 kept so far
05:11:31  INFO     [SE] 'generative AI' → 78 entries, 63 kept so far
05:11:31  INFO     [NL] 'generative AI' → 100 entries, 167 kept so far
05:11:31  INFO     [BE] 'generative AI' → 100 entries, 290 kept so far
05:11:32  INFO     [AT] 'generative AI' → 100 entries, 284 kept so far
05:11:32  INFO     [DK] 'generative AI' → 88 entries, 90 kept so far
05:11:32  INFO     [SE] +33 new articles saved
05:11:32  INFO     [NL] +88 new articles saved
05:11:32  INFO     [FI] 'artificial intelligence' → 100 entries, 56 kept so far
05:11:32  INFO     [BE] +41 new articles saved
05:11:33  INFO     [PT] 'artificial intelligence' → 100 entries, 52 kept so far
05:11:33  INFO     [AT] +37 new articles saved
05:11:33  INFO     [DK] +50 new articles saved
05:11:33  INFO     [CZ] 'artificial intelligence' → 100 entries, 18 kept so far
05:11:33  INFO     [HU] 'artificial intelligence' → 100 entries, 20 kept so far
05:11:33  INFO     [RO] 'artificial intelligence' → 100 entries, 32 kept so far
05:11:34  INFO     [FI] 'AI regulation' → 58 entries, 71 kept so far
05:11:34  INFO     [PT] 'AI regulation' → 79 entries, 87 kept so far
05:11:34  INFO     [CZ] 'AI regulation' → 78 entries, 40 kept so far
05:11:35  INFO     [HU] 'AI regulation' → 78 entries, 22 kept so far
05:11:35  INFO     [RO] 'AI regulation' → 77 entries, 44 kept so far
05:11:36  INFO     [FI] 'machine learning' → 97 entries, 115 kept so far
05:11:36  INFO     [PT] 'machine learning' → 100 entries, 163 kept so far
05:11:36  INFO     [CZ] 'machine learning' → 80 entries, 60 kept so far
05:11:36  INFO     [HU] 'machine learning' → 76 entries, 43 kept so far
05:11:36  INFO     [RO] 'machine learning' → 100 entries, 105 kept so far
05:11:37  INFO     [FI] 'EU AI Act' → 65 entries, 151 kept so far
05:11:38  INFO     [PT] 'EU AI Act' → 78 entries, 181 kept so far
05:11:38  INFO     [CZ] 'EU AI Act' → 75 entries, 76 kept so far
05:11:38  INFO     [HU] 'EU AI Act' → 79 entries, 68 kept so far
05:11:38  INFO     [RO] 'EU AI Act' → 76 entries, 132 kept so far
05:11:39  INFO     [FI] 'generative AI' → 69 entries, 191 kept so far
05:11:39  INFO     [CZ] 'generative AI' → 74 entries, 95 kept so far
05:11:39  INFO     [HU] 'generative AI' → 66 entries, 85 kept so far
05:11:39  INFO     [PT] 'generative AI' → 100 entries, 213 kept so far
05:11:39  INFO     [RO] 'generative AI' → 94 entries, 154 kept so far
05:11:40  INFO     [FI] +110 new articles saved
05:11:40  INFO     [GR] 'artificial intelligence' → 100 entries, 40 kept so far
05:11:40  INFO     [CZ] +64 new articles saved
05:11:40  INFO     [HU] +53 new articles saved
05:11:40  INFO     [PT] +141 new articles saved
05:11:40  INFO     [RO] +107 new articles saved
05:11:41  INFO     [SK] 'artificial intelligence' → 100 entries, 26 kept so far
05:11:41  INFO     [HR] 'artificial intelligence' → 102 entries, 53 kept so far
05:11:41  INFO     [BG] 'artificial intelligence' → 100 entries, 40 kept so far
05:11:41  INFO     [IE] 'artificial intelligence' → 100 entries, 60 kept so far
05:11:42  INFO     [GR] 'AI regulation' → 70 entries, 88 kept so far
05:11:42  INFO     [SK] 'AI regulation' → 49 entries, 31 kept so far
05:11:42  INFO     [HR] 'AI regulation' → 100 entries, 95 kept so far
05:11:42  INFO     [BG] 'AI regulation' → 8 entries, 40 kept so far
05:11:43  INFO     [IE] 'AI regulation' → 100 entries, 108 kept so far
05:11:43  INFO     [GR] 'machine learning' → 100 entries, 126 kept so far
05:11:44  INFO     [SK] 'machine learning' → 59 entries, 43 kept so far
05:11:44  INFO     [BG] 'machine learning' → 54 entries, 46 kept so far
05:11:44  INFO     [HR] 'machine learning' → 100 entries, 168 kept so far
05:11:44  INFO     [IE] 'machine learning' → 100 entries, 185 kept so far
05:11:45  INFO     [GR] 'EU AI Act' → 60 entries, 143 kept so far
05:11:45  INFO     [BG] 'EU AI Act' → 17 entries, 51 kept so far
05:11:45  INFO     [SK] 'EU AI Act' → 73 entries, 57 kept so far
05:11:45  INFO     [HR] 'EU AI Act' → 100 entries, 258 kept so far
05:11:46  INFO     [IE] 'EU AI Act' → 100 entries, 262 kept so far
05:11:46  INFO     [BG] 'generative AI' → 30 entries, 57 kept so far
05:11:46  INFO     [GR] 'generative AI' → 100 entries, 186 kept so far
05:11:47  INFO     [SK] 'generative AI' → 49 entries, 68 kept so far
05:11:47  INFO     [HR] 'generative AI' → 100 entries, 320 kept so far
05:11:47  INFO     [BG] +35 new articles saved
05:11:47  INFO     [GR] +125 new articles saved
05:11:48  INFO     [SK] +44 new articles saved
05:11:48  INFO     [LT] 'artificial intelligence' → 86 entries, 26 kept so far
05:11:48  INFO     [IE] 'generative AI' → 100 entries, 325 kept so far
05:11:48  INFO     [LV] 'artificial intelligence' → 62 entries, 23 kept so far
05:11:48  INFO     [SI] 'artificial intelligence' → 100 entries, 42 kept so far
05:11:48  INFO     [HR] +302 new articles saved
05:11:49  INFO     [EE] 'artificial intelligence' → 95 entries, 46 kept so far
05:11:49  INFO     [IE] +122 new articles saved
05:11:49  INFO     [LV] 'AI regulation' → 3 entries, 23 kept so far
05:11:49  INFO     [SI] 'AI regulation' → 6 entries, 42 kept so far
05:11:49  INFO     [LT] 'AI regulation' → 11 entries, 26 kept so far
05:11:49  INFO     [CY] 'artificial intelligence' → 100 entries, 40 kept so far
05:11:50  INFO     [EE] 'AI regulation' → 10 entries, 46 kept so far
05:11:51  INFO     [LV] 'machine learning' → 14 entries, 26 kept so far
05:11:51  INFO     [SI] 'machine learning' → 21 entries, 44 kept so far
05:11:51  INFO     [LT] 'machine learning' → 33 entries, 30 kept so far
05:11:51  INFO     [CY] 'AI regulation' → 70 entries, 88 kept so far
05:11:51  INFO     [EE] 'machine learning' → 18 entries, 47 kept so far
05:11:52  INFO     [LV] 'EU AI Act' → 8 entries, 26 kept so far
05:11:52  INFO     [SI] 'EU AI Act' → 19 entries, 46 kept so far
05:11:52  INFO     [LT] 'EU AI Act' → 17 entries, 31 kept so far
05:11:52  INFO     [CY] 'machine learning' → 100 entries, 126 kept so far
05:11:53  INFO     [EE] 'EU AI Act' → 15 entries, 48 kept so far
05:11:53  INFO     [LV] 'generative AI' → 9 entries, 27 kept so far
05:11:53  INFO     [SI] 'generative AI' → 12 entries, 47 kept so far
05:11:53  INFO     [LT] 'generative AI' → 16 entries, 37 kept so far
05:11:54  INFO     [CY] 'EU AI Act' → 60 entries, 143 kept so far
05:11:54  INFO     [EE] 'generative AI' → 11 entries, 49 kept so far
05:11:54  INFO     [LV] +14 new articles saved
05:11:54  INFO     [SI] +20 new articles saved
05:11:54  INFO     [MT] 'artificial intelligence' → 102 entries, 53 kept so far
05:11:54  INFO     [LT] +17 new articles saved
05:11:55  INFO     [LU] 'artificial intelligence' → 100 entries, 54 kept so far
05:11:55  INFO     [EE] +28 new articles saved
05:11:55  INFO     [CY] 'generative AI' → 100 entries, 186 kept so far
05:11:56  INFO     [MT] 'AI regulation' → 100 entries, 95 kept so far
05:11:56  INFO     [LU] 'AI regulation' → 100 entries, 144 kept so far
05:11:56  INFO     [CY] +0 new articles saved
05:11:57  INFO     [MT] 'machine learning' → 100 entries, 168 kept so far
05:11:58  INFO     [LU] 'machine learning' → 100 entries, 210 kept so far
05:11:58  INFO     [MT] 'EU AI Act' → 100 entries, 258 kept so far
05:11:59  INFO     [LU] 'EU AI Act' → 100 entries, 258 kept so far
05:11:59  INFO     [MT] 'generative AI' → 100 entries, 320 kept so far
05:12:00  INFO     [MT] +0 new articles saved
05:12:01  INFO     [LU] 'generative AI' → 100 entries, 285 kept so far
05:12:02  INFO     [LU] +0 new articles saved
05:12:02  INFO     Scrape complete. 2303 new articles this run.
