04:03:54  INFO     Starting scrape: 27 countries, 5 queries each
/home/runner/work/EU_AI_News/EU_AI_News/eu_ai_news_scraper.py:230: DeprecationWarning: datetime.datetime.utcnow() is deprecated and scheduled for removal in a future version. Use timezone-aware objects to represent datetimes in UTC: datetime.datetime.now(datetime.UTC).
  "scraped_at":   datetime.utcnow().isoformat(),
04:03:54  INFO     [DE] 'artificial intelligence' → 100 entries, 43 kept so far
04:03:54  INFO     [FR] 'artificial intelligence' → 102 entries, 54 kept so far
04:03:55  INFO     [PL] 'artificial intelligence' → 100 entries, 14 kept so far
04:03:55  INFO     [IT] 'artificial intelligence' → 102 entries, 33 kept so far
04:03:55  INFO     [ES] 'artificial intelligence' → 100 entries, 58 kept so far
04:03:56  INFO     [DE] 'AI regulation' → 100 entries, 123 kept so far
04:03:56  INFO     [FR] 'AI regulation' → 97 entries, 142 kept so far
04:03:56  INFO     [IT] 'AI regulation' → 100 entries, 125 kept so far
04:03:56  INFO     [PL] 'AI regulation' → 79 entries, 74 kept so far
04:03:56  INFO     [ES] 'AI regulation' → 78 entries, 99 kept so far
04:03:58  INFO     [DE] 'machine learning' → 100 entries, 174 kept so far
04:03:58  INFO     [FR] 'machine learning' → 100 entries, 194 kept so far
04:03:58  INFO     [IT] 'machine learning' → 100 entries, 197 kept so far
04:03:58  INFO     [PL] 'machine learning' → 100 entries, 122 kept so far
04:03:58  INFO     [ES] 'machine learning' → 100 entries, 173 kept so far
04:03:59  INFO     [DE] 'EU AI Act' → 100 entries, 250 kept so far
04:03:59  INFO     [FR] 'EU AI Act' → 88 entries, 231 kept so far
04:03:59  INFO     [PL] 'EU AI Act' → 77 entries, 137 kept so far
04:03:59  INFO     [IT] 'EU AI Act' → 100 entries, 243 kept so far
04:04:00  INFO     [ES] 'EU AI Act' → 78 entries, 198 kept so far
04:04:01  INFO     [DE] 'generative AI' → 100 entries, 274 kept so far
04:04:01  INFO     [FR] 'generative AI' → 100 entries, 259 kept so far
04:04:01  INFO     [PL] 'generative AI' → 100 entries, 168 kept so far
04:04:01  INFO     [IT] 'generative AI' → 100 entries, 285 kept so far
04:04:01  INFO     [ES] 'generative AI' → 100 entries, 244 kept so far
04:04:02  INFO     [DE] +187 new articles saved
04:04:02  INFO     [FR] +147 new articles saved
04:04:02  INFO     [PL] +88 new articles saved
04:04:02  INFO     [IT] +191 new articles saved
04:04:02  INFO     [NL] 'artificial intelligence' → 100 entries, 15 kept so far
04:04:02  INFO     [BE] 'artificial intelligence' → 100 entries, 64 kept so far
04:04:02  INFO     [SE] 'artificial intelligence' → 100 entries, 7 kept so far
04:04:03  INFO     [AT] 'artificial intelligence' → 100 entries, 40 kept so far
04:04:03  INFO     [ES] +128 new articles saved
04:04:03  INFO     [DK] 'artificial intelligence' → 100 entries, 16 kept so far
04:04:04  INFO     [NL] 'AI regulation' → 78 entries, 63 kept so far
04:04:04  INFO     [BE] 'AI regulation' → 96 entries, 151 kept so far
04:04:04  INFO     [SE] 'AI regulation' → 77 entries, 19 kept so far
04:04:04  INFO     [AT] 'AI regulation' → 100 entries, 116 kept so far
04:04:05  INFO     [DK] 'AI regulation' → 39 entries, 22 kept so far
04:04:05  INFO     [NL] 'machine learning' → 100 entries, 115 kept so far
04:04:06  INFO     [BE] 'machine learning' → 100 entries, 202 kept so far
04:04:06  INFO     [SE] 'machine learning' → 83 entries, 45 kept so far
04:04:06  INFO     [AT] 'machine learning' → 100 entries, 167 kept so far
04:04:06  INFO     [DK] 'machine learning' → 80 entries, 38 kept so far
04:04:07  INFO     [NL] 'EU AI Act' → 100 entries, 146 kept so far
04:04:07  INFO     [SE] 'EU AI Act' → 64 entries, 54 kept so far
04:04:07  INFO     [BE] 'EU AI Act' → 92 entries, 243 kept so far
04:04:07  INFO     [AT] 'EU AI Act' → 100 entries, 253 kept so far
04:04:08  INFO     [DK] 'EU AI Act' → 76 entries, 55 kept so far
04:04:08  INFO     [NL] 'generative AI' → 100 entries, 177 kept so far
04:04:09  INFO     [SE] 'generative AI' → 69 entries, 61 kept so far
04:04:09  INFO     [BE] 'generative AI' → 100 entries, 268 kept so far
04:04:09  INFO     [AT] 'generative AI' → 100 entries, 279 kept so far
04:04:09  INFO     [DK] 'generative AI' → 91 entries, 83 kept so far
04:04:09  INFO     [NL] +83 new articles saved
04:04:10  INFO     [SE] +28 new articles saved
04:04:10  INFO     [BE] +28 new articles saved
04:04:10  INFO     [FI] 'artificial intelligence' → 100 entries, 64 kept so far
04:04:10  INFO     [AT] +60 new articles saved
04:04:10  INFO     [PT] 'artificial intelligence' → 100 entries, 57 kept so far
04:04:10  INFO     [CZ] 'artificial intelligence' → 100 entries, 19 kept so far
04:04:11  INFO     [RO] 'artificial intelligence' → 100 entries, 39 kept so far
04:04:11  INFO     [DK] +29 new articles saved
04:04:11  INFO     [HU] 'artificial intelligence' → 100 entries, 24 kept so far
04:04:12  INFO     [FI] 'AI regulation' → 54 entries, 74 kept so far
04:04:12  INFO     [PT] 'AI regulation' → 79 entries, 93 kept so far
04:04:12  INFO     [RO] 'AI regulation' → 78 entries, 48 kept so far
04:04:12  INFO     [CZ] 'AI regulation' → 77 entries, 44 kept so far
04:04:13  INFO     [HU] 'AI regulation' → 78 entries, 28 kept so far
04:04:13  INFO     [FI] 'machine learning' → 92 entries, 124 kept so far
04:04:14  INFO     [RO] 'machine learning' → 100 entries, 104 kept so far
04:04:14  INFO     [CZ] 'machine learning' → 78 entries, 62 kept so far
04:04:14  INFO     [PT] 'machine learning' → 100 entries, 170 kept so far
04:04:14  INFO     [HU] 'machine learning' → 75 entries, 53 kept so far
04:04:15  INFO     [FI] 'EU AI Act' → 65 entries, 166 kept so far
04:04:15  INFO     [RO] 'EU AI Act' → 78 entries, 136 kept so far
04:04:15  INFO     [CZ] 'EU AI Act' → 73 entries, 76 kept so far
04:04:15  INFO     [PT] 'EU AI Act' → 57 entries, 184 kept so far
04:04:16  INFO     [HU] 'EU AI Act' → 79 entries, 79 kept so far
04:04:16  INFO     [FI] 'generative AI' → 67 entries, 206 kept so far
04:04:17  INFO     [RO] 'generative AI' → 91 entries, 160 kept so far
04:04:17  INFO     [CZ] 'generative AI' → 78 entries, 100 kept so far
04:04:17  INFO     [PT] 'generative AI' → 100 entries, 211 kept so far
04:04:17  INFO     [FI] +109 new articles saved
04:04:17  INFO     [HU] 'generative AI' → 75 entries, 102 kept so far
04:04:18  INFO     [GR] 'artificial intelligence' → 100 entries, 47 kept so far
04:04:18  INFO     [RO] +93 new articles saved
04:04:18  INFO     [CZ] +66 new articles saved
04:04:18  INFO     [PT] +132 new articles saved
04:04:18  INFO     [HR] 'artificial intelligence' → 92 entries, 43 kept so far
04:04:18  INFO     [SK] 'artificial intelligence' → 100 entries, 22 kept so far
04:04:18  INFO     [HU] +64 new articles saved
04:04:18  INFO     [IE] 'artificial intelligence' → 92 entries, 38 kept so far
04:04:19  INFO     [BG] 'artificial intelligence' → 77 entries, 33 kept so far
04:04:19  INFO     [GR] 'AI regulation' → 67 entries, 96 kept so far
04:04:20  INFO     [HR] 'AI regulation' → 100 entries, 76 kept so far
04:04:20  INFO     [SK] 'AI regulation' → 18 entries, 25 kept so far
04:04:20  INFO     [BG] 'AI regulation' → 14 entries, 34 kept so far
04:04:20  INFO     [IE] 'AI regulation' → 100 entries, 68 kept so far
04:04:21  INFO     [GR] 'machine learning' → 100 entries, 134 kept so far
04:04:21  INFO     [SK] 'machine learning' → 58 entries, 38 kept so far
04:04:21  INFO     [HR] 'machine learning' → 100 entries, 145 kept so far
04:04:22  INFO     [BG] 'machine learning' → 57 entries, 42 kept so far
04:04:22  INFO     [IE] 'machine learning' → 100 entries, 152 kept so far
04:04:22  INFO     [GR] 'EU AI Act' → 54 entries, 154 kept so far
04:04:23  INFO     [SK] 'EU AI Act' → 69 entries, 48 kept so far
04:04:23  INFO     [HR] 'EU AI Act' → 100 entries, 228 kept so far
04:04:23  INFO     [BG] 'EU AI Act' → 17 entries, 45 kept so far
04:04:24  INFO     [IE] 'EU AI Act' → 100 entries, 221 kept so far
04:04:24  INFO     [GR] 'generative AI' → 100 entries, 200 kept so far
04:04:24  INFO     [SK] 'generative AI' → 45 entries, 59 kept so far
04:04:24  INFO     [HR] 'generative AI' → 100 entries, 294 kept so far
04:04:24  INFO     [BG] 'generative AI' → 29 entries, 51 kept so far
04:04:25  INFO     [GR] +129 new articles saved
04:04:25  INFO     [IE] 'generative AI' → 100 entries, 287 kept so far
04:04:25  INFO     [SK] +30 new articles saved
04:04:25  INFO     [LT] 'artificial intelligence' → 81 entries, 28 kept so far
04:04:25  INFO     [HR] +246 new articles saved
04:04:25  INFO     [BG] +30 new articles saved
04:04:26  INFO     [SI] 'artificial intelligence' → 100 entries, 54 kept so far
04:04:26  INFO     [LV] 'artificial intelligence' → 66 entries, 19 kept so far
04:04:26  INFO     [EE] 'artificial intelligence' → 98 entries, 53 kept so far
04:04:26  INFO     [IE] +104 new articles saved
04:04:27  INFO     [LT] 'AI regulation' → 6 entries, 28 kept so far
04:04:27  INFO     [CY] 'artificial intelligence' → 100 entries, 47 kept so far
04:04:27  INFO     [SI] 'AI regulation' → 3 entries, 54 kept so far
04:04:27  INFO     [LV] 'AI regulation' → 8 entries, 19 kept so far
04:04:27  INFO     [EE] 'AI regulation' → 5 entries, 54 kept so far
04:04:28  INFO     [LT] 'machine learning' → 27 entries, 31 kept so far
04:04:28  INFO     [CY] 'AI regulation' → 67 entries, 96 kept so far
04:04:28  INFO     [SI] 'machine learning' → 20 entries, 55 kept so far
04:04:28  INFO     [LV] 'machine learning' → 13 entries, 21 kept so far
04:04:29  INFO     [EE] 'machine learning' → 15 entries, 57 kept so far
04:04:29  INFO     [LT] 'EU AI Act' → 17 entries, 32 kept so far
04:04:30  INFO     [CY] 'machine learning' → 100 entries, 135 kept so far
04:04:30  INFO     [SI] 'EU AI Act' → 21 entries, 60 kept so far
04:04:30  INFO     [LV] 'EU AI Act' → 5 entries, 21 kept so far
04:04:30  INFO     [EE] 'EU AI Act' → 10 entries, 58 kept so far
04:04:31  INFO     [LT] 'generative AI' → 16 entries, 38 kept so far
04:04:31  INFO     [SI] 'generative AI' → 13 entries, 62 kept so far
04:04:31  INFO     [LV] 'generative AI' → 7 entries, 22 kept so far
04:04:31  INFO     [CY] 'EU AI Act' → 54 entries, 155 kept so far
04:04:31  INFO     [EE] 'generative AI' → 10 entries, 61 kept so far
04:04:32  INFO     [LT] +14 new articles saved
04:04:32  INFO     [SI] +26 new articles saved
04:04:32  INFO     [LV] +9 new articles saved
04:04:32  INFO     [LU] 'artificial intelligence' → 102 entries, 54 kept so far
04:04:32  INFO     [MT] 'artificial intelligence' → 92 entries, 43 kept so far
04:04:32  INFO     [EE] +33 new articles saved
04:04:33  INFO     [CY] 'generative AI' → 100 entries, 201 kept so far
04:04:33  INFO     [MT] 'AI regulation' → 100 entries, 76 kept so far
04:04:34  INFO     [CY] +0 new articles saved
04:04:34  INFO     [LU] 'AI regulation' → 97 entries, 142 kept so far
04:04:35  INFO     [MT] 'machine learning' → 100 entries, 145 kept so far
04:04:35  INFO     [LU] 'machine learning' → 100 entries, 194 kept so far
04:04:36  INFO     [MT] 'EU AI Act' → 100 entries, 228 kept so far
04:04:37  INFO     [LU] 'EU AI Act' → 88 entries, 231 kept so far
04:04:37  INFO     [MT] 'generative AI' → 100 entries, 294 kept so far
04:04:38  INFO     [MT] +0 new articles saved
04:04:38  INFO     [LU] 'generative AI' → 100 entries, 259 kept so far
04:04:39  INFO     [LU] +0 new articles saved
04:04:39  INFO     Scrape complete. 2054 new articles this run.
