21:04:15  INFO     Starting scrape: 27 countries, 5 queries each
/home/runner/work/EU_AI_News/EU_AI_News/eu_ai_news_scraper.py:230: DeprecationWarning: datetime.datetime.utcnow() is deprecated and scheduled for removal in a future version. Use timezone-aware objects to represent datetimes in UTC: datetime.datetime.now(datetime.UTC).
  "scraped_at":   datetime.utcnow().isoformat(),
21:04:16  INFO     [DE] 'artificial intelligence' → 100 entries, 40 kept so far
21:04:16  INFO     [PL] 'artificial intelligence' → 100 entries, 22 kept so far
21:04:16  INFO     [IT] 'artificial intelligence' → 100 entries, 38 kept so far
21:04:16  INFO     [FR] 'artificial intelligence' → 100 entries, 48 kept so far
21:04:16  INFO     [ES] 'artificial intelligence' → 100 entries, 57 kept so far
21:04:17  INFO     [DE] 'AI regulation' → 100 entries, 120 kept so far
21:04:17  INFO     [PL] 'AI regulation' → 78 entries, 84 kept so far
21:04:18  INFO     [IT] 'AI regulation' → 100 entries, 127 kept so far
21:04:18  INFO     [FR] 'AI regulation' → 100 entries, 138 kept so far
21:04:18  INFO     [ES] 'AI regulation' → 78 entries, 100 kept so far
21:04:19  INFO     [DE] 'machine learning' → 100 entries, 170 kept so far
21:04:19  INFO     [PL] 'machine learning' → 100 entries, 133 kept so far
21:04:19  INFO     [IT] 'machine learning' → 100 entries, 202 kept so far
21:04:19  INFO     [FR] 'machine learning' → 100 entries, 195 kept so far
21:04:19  INFO     [ES] 'machine learning' → 100 entries, 175 kept so far
21:04:20  INFO     [DE] 'EU AI Act' → 100 entries, 245 kept so far
21:04:21  INFO     [PL] 'EU AI Act' → 78 entries, 149 kept so far
21:04:21  INFO     [IT] 'EU AI Act' → 100 entries, 265 kept so far
21:04:21  INFO     [FR] 'EU AI Act' → 100 entries, 244 kept so far
21:04:21  INFO     [ES] 'EU AI Act' → 78 entries, 200 kept so far
21:04:22  INFO     [DE] 'generative AI' → 100 entries, 271 kept so far
21:04:22  INFO     [PL] 'generative AI' → 100 entries, 179 kept so far
21:04:22  INFO     [IT] 'generative AI' → 100 entries, 304 kept so far
21:04:23  INFO     [FR] 'generative AI' → 100 entries, 274 kept so far
21:04:23  INFO     [ES] 'generative AI' → 100 entries, 245 kept so far
21:04:23  INFO     [DE] +190 new articles saved
21:04:23  INFO     [PL] +106 new articles saved
21:04:23  INFO     [IT] +199 new articles saved
21:04:24  INFO     [NL] 'artificial intelligence' → 100 entries, 14 kept so far
21:04:24  INFO     [FR] +169 new articles saved
21:04:24  INFO     [BE] 'artificial intelligence' → 100 entries, 54 kept so far
21:04:24  INFO     [ES] +161 new articles saved
21:04:24  INFO     [SE] 'artificial intelligence' → 100 entries, 7 kept so far
21:04:24  INFO     [AT] 'artificial intelligence' → 100 entries, 45 kept so far
21:04:24  INFO     [DK] 'artificial intelligence' → 100 entries, 20 kept so far
21:04:25  INFO     [NL] 'AI regulation' → 79 entries, 60 kept so far
21:04:25  INFO     [BE] 'AI regulation' → 100 entries, 143 kept so far
21:04:26  INFO     [SE] 'AI regulation' → 77 entries, 20 kept so far
21:04:26  INFO     [DK] 'AI regulation' → 42 entries, 25 kept so far
21:04:26  INFO     [AT] 'AI regulation' → 100 entries, 122 kept so far
21:04:27  INFO     [NL] 'machine learning' → 100 entries, 109 kept so far
21:04:27  INFO     [BE] 'machine learning' → 100 entries, 200 kept so far
21:04:27  INFO     [SE] 'machine learning' → 85 entries, 40 kept so far
21:04:27  INFO     [DK] 'machine learning' → 77 entries, 46 kept so far
21:04:27  INFO     [AT] 'machine learning' → 100 entries, 174 kept so far
21:04:28  INFO     [NL] 'EU AI Act' → 100 entries, 139 kept so far
21:04:29  INFO     [BE] 'EU AI Act' → 100 entries, 243 kept so far
21:04:29  INFO     [SE] 'EU AI Act' → 65 entries, 49 kept so far
21:04:29  INFO     [DK] 'EU AI Act' → 73 entries, 66 kept so far
21:04:29  INFO     [AT] 'EU AI Act' → 100 entries, 251 kept so far
21:04:30  INFO     [NL] 'generative AI' → 100 entries, 170 kept so far
21:04:30  INFO     [SE] 'generative AI' → 81 entries, 61 kept so far
21:04:30  INFO     [BE] 'generative AI' → 100 entries, 270 kept so far
21:04:30  INFO     [DK] 'generative AI' → 96 entries, 101 kept so far
21:04:31  INFO     [AT] 'generative AI' → 100 entries, 278 kept so far
21:04:31  INFO     [NL] +91 new articles saved
21:04:31  INFO     [SE] +32 new articles saved
21:04:31  INFO     [FI] 'artificial intelligence' → 100 entries, 60 kept so far
21:04:31  INFO     [BE] +28 new articles saved
21:04:31  INFO     [DK] +51 new articles saved
21:04:32  INFO     [AT] +38 new articles saved
21:04:32  INFO     [CZ] 'artificial intelligence' → 100 entries, 17 kept so far
21:04:32  INFO     [PT] 'artificial intelligence' → 100 entries, 54 kept so far
21:04:32  INFO     [RO] 'artificial intelligence' → 100 entries, 35 kept so far
21:04:32  INFO     [HU] 'artificial intelligence' → 100 entries, 17 kept so far
21:04:33  INFO     [FI] 'AI regulation' → 60 entries, 73 kept so far
21:04:33  INFO     [CZ] 'AI regulation' → 78 entries, 39 kept so far
21:04:34  INFO     [PT] 'AI regulation' → 76 entries, 89 kept so far
21:04:34  INFO     [RO] 'AI regulation' → 79 entries, 44 kept so far
21:04:34  INFO     [HU] 'AI regulation' → 78 entries, 21 kept so far
21:04:34  INFO     [FI] 'machine learning' → 97 entries, 120 kept so far
21:04:35  INFO     [CZ] 'machine learning' → 78 entries, 57 kept so far
21:04:35  INFO     [PT] 'machine learning' → 100 entries, 165 kept so far
21:04:35  INFO     [HU] 'machine learning' → 66 entries, 42 kept so far
21:04:35  INFO     [RO] 'machine learning' → 100 entries, 104 kept so far
21:04:36  INFO     [FI] 'EU AI Act' → 64 entries, 156 kept so far
21:04:37  INFO     [CZ] 'EU AI Act' → 74 entries, 74 kept so far
21:04:37  INFO     [RO] 'EU AI Act' → 77 entries, 126 kept so far
21:04:37  INFO     [HU] 'EU AI Act' → 78 entries, 63 kept so far
21:04:37  INFO     [PT] 'EU AI Act' → 71 entries, 179 kept so far
21:04:37  INFO     [FI] 'generative AI' → 66 entries, 194 kept so far
21:04:38  INFO     [CZ] 'generative AI' → 75 entries, 91 kept so far
21:04:39  INFO     [HU] 'generative AI' → 62 entries, 81 kept so far
21:04:39  INFO     [FI] +113 new articles saved
21:04:39  INFO     [RO] 'generative AI' → 91 entries, 151 kept so far
21:04:39  INFO     [PT] 'generative AI' → 100 entries, 210 kept so far
21:04:39  INFO     [CZ] +61 new articles saved
21:04:39  INFO     [GR] 'artificial intelligence' → 100 entries, 36 kept so far
21:04:40  INFO     [HU] +48 new articles saved
21:04:40  INFO     [SK] 'artificial intelligence' → 100 entries, 25 kept so far
21:04:40  INFO     [RO] +95 new articles saved
21:04:40  INFO     [PT] +142 new articles saved
21:04:40  INFO     [HR] 'artificial intelligence' → 100 entries, 51 kept so far
21:04:40  INFO     [BG] 'artificial intelligence' → 90 entries, 36 kept so far
21:04:40  INFO     [IE] 'artificial intelligence' → 100 entries, 52 kept so far
21:04:41  INFO     [GR] 'AI regulation' → 69 entries, 87 kept so far
21:04:41  INFO     [SK] 'AI regulation' → 39 entries, 29 kept so far
21:04:42  INFO     [BG] 'AI regulation' → 9 entries, 36 kept so far
21:04:42  INFO     [HR] 'AI regulation' → 100 entries, 93 kept so far
21:04:42  INFO     [IE] 'AI regulation' → 100 entries, 108 kept so far
21:04:42  INFO     [GR] 'machine learning' → 100 entries, 128 kept so far
21:04:43  INFO     [SK] 'machine learning' → 60 entries, 44 kept so far
21:04:43  INFO     [BG] 'machine learning' → 51 entries, 43 kept so far
21:04:43  INFO     [HR] 'machine learning' → 100 entries, 167 kept so far
21:04:44  INFO     [IE] 'machine learning' → 100 entries, 187 kept so far
21:04:44  INFO     [GR] 'EU AI Act' → 63 entries, 144 kept so far
21:04:44  INFO     [SK] 'EU AI Act' → 73 entries, 52 kept so far
21:04:44  INFO     [BG] 'EU AI Act' → 17 entries, 46 kept so far
21:04:45  INFO     [HR] 'EU AI Act' → 100 entries, 256 kept so far
21:04:45  INFO     [GR] 'generative AI' → 100 entries, 185 kept so far
21:04:45  INFO     [IE] 'EU AI Act' → 100 entries, 265 kept so far
21:04:46  INFO     [SK] 'generative AI' → 52 entries, 64 kept so far
21:04:46  INFO     [BG] 'generative AI' → 30 entries, 51 kept so far
21:04:46  INFO     [HR] 'generative AI' → 100 entries, 323 kept so far
21:04:46  INFO     [GR] +125 new articles saved
21:04:47  INFO     [SK] +38 new articles saved
21:04:47  INFO     [BG] +30 new articles saved
21:04:47  INFO     [LT] 'artificial intelligence' → 85 entries, 28 kept so far
21:04:47  INFO     [IE] 'generative AI' → 100 entries, 332 kept so far
21:04:47  INFO     [SI] 'artificial intelligence' → 100 entries, 46 kept so far
21:04:47  INFO     [LV] 'artificial intelligence' → 64 entries, 25 kept so far
21:04:47  INFO     [HR] +290 new articles saved
21:04:48  INFO     [EE] 'artificial intelligence' → 100 entries, 47 kept so far
21:04:48  INFO     [IE] +140 new articles saved
21:04:48  INFO     [LT] 'AI regulation' → 6 entries, 28 kept so far
21:04:48  INFO     [LV] 'AI regulation' → 3 entries, 25 kept so far
21:04:48  INFO     [SI] 'AI regulation' → 6 entries, 46 kept so far
21:04:48  INFO     [CY] 'artificial intelligence' → 100 entries, 36 kept so far
21:04:49  INFO     [EE] 'AI regulation' → 8 entries, 47 kept so far
21:04:49  INFO     [LT] 'machine learning' → 38 entries, 32 kept so far
21:04:50  INFO     [SI] 'machine learning' → 22 entries, 48 kept so far
21:04:50  INFO     [LV] 'machine learning' → 14 entries, 28 kept so far
21:04:50  INFO     [CY] 'AI regulation' → 69 entries, 87 kept so far
21:04:50  INFO     [EE] 'machine learning' → 23 entries, 48 kept so far
21:04:51  INFO     [LT] 'EU AI Act' → 16 entries, 33 kept so far
21:04:51  INFO     [LV] 'EU AI Act' → 7 entries, 28 kept so far
21:04:51  INFO     [SI] 'EU AI Act' → 19 entries, 51 kept so far
21:04:51  INFO     [CY] 'machine learning' → 100 entries, 128 kept so far
21:04:52  INFO     [EE] 'EU AI Act' → 15 entries, 49 kept so far
21:04:52  INFO     [LT] 'generative AI' → 15 entries, 39 kept so far
21:04:52  INFO     [LV] 'generative AI' → 9 entries, 29 kept so far
21:04:52  INFO     [SI] 'generative AI' → 13 entries, 53 kept so far
21:04:53  INFO     [CY] 'EU AI Act' → 63 entries, 144 kept so far
21:04:53  INFO     [LT] +17 new articles saved
21:04:53  INFO     [EE] 'generative AI' → 12 entries, 52 kept so far
21:04:53  INFO     [LV] +15 new articles saved
21:04:53  INFO     [MT] 'artificial intelligence' → 100 entries, 51 kept so far
21:04:53  INFO     [SI] +25 new articles saved
21:04:54  INFO     [LU] 'artificial intelligence' → 100 entries, 48 kept so far
21:04:54  INFO     [EE] +29 new articles saved
21:04:54  INFO     [CY] 'generative AI' → 100 entries, 185 kept so far
21:04:55  INFO     [MT] 'AI regulation' → 100 entries, 93 kept so far
21:04:55  INFO     [LU] 'AI regulation' → 100 entries, 138 kept so far
21:04:55  INFO     [CY] +0 new articles saved
21:04:56  INFO     [MT] 'machine learning' → 100 entries, 167 kept so far
21:04:57  INFO     [LU] 'machine learning' → 100 entries, 195 kept so far
21:04:57  INFO     [MT] 'EU AI Act' → 100 entries, 256 kept so far
21:04:58  INFO     [MT] 'generative AI' → 100 entries, 323 kept so far
21:04:58  INFO     [LU] 'EU AI Act' → 100 entries, 244 kept so far
21:04:59  INFO     [MT] +0 new articles saved
21:05:00  INFO     [LU] 'generative AI' → 100 entries, 274 kept so far
21:05:01  INFO     [LU] +0 new articles saved
21:05:01  INFO     Scrape complete. 2233 new articles this run.
