10:55:58  INFO     Starting scrape: 27 countries, 5 queries each
/home/runner/work/EU_AI_News/EU_AI_News/eu_ai_news_scraper.py:230: DeprecationWarning: datetime.datetime.utcnow() is deprecated and scheduled for removal in a future version. Use timezone-aware objects to represent datetimes in UTC: datetime.datetime.now(datetime.UTC).
  "scraped_at":   datetime.utcnow().isoformat(),
10:55:58  INFO     [FR] 'artificial intelligence' → 100 entries, 50 kept so far
10:55:58  INFO     [DE] 'artificial intelligence' → 100 entries, 37 kept so far
10:55:58  INFO     [IT] 'artificial intelligence' → 100 entries, 29 kept so far
10:55:59  INFO     [PL] 'artificial intelligence' → 100 entries, 12 kept so far
10:55:59  INFO     [ES] 'artificial intelligence' → 100 entries, 45 kept so far
10:56:00  INFO     [FR] 'AI regulation' → 100 entries, 136 kept so far
10:56:00  INFO     [DE] 'AI regulation' → 100 entries, 113 kept so far
10:56:00  INFO     [IT] 'AI regulation' → 100 entries, 112 kept so far
10:56:00  INFO     [PL] 'AI regulation' → 82 entries, 74 kept so far
10:56:00  INFO     [ES] 'AI regulation' → 80 entries, 97 kept so far
10:56:02  INFO     [FR] 'machine learning' → 100 entries, 194 kept so far
10:56:02  INFO     [DE] 'machine learning' → 100 entries, 167 kept so far
10:56:02  INFO     [IT] 'machine learning' → 100 entries, 186 kept so far
10:56:02  INFO     [PL] 'machine learning' → 100 entries, 116 kept so far
10:56:02  INFO     [ES] 'machine learning' → 100 entries, 172 kept so far
10:56:03  INFO     [FR] 'EU AI Act' → 78 entries, 217 kept so far
10:56:03  INFO     [DE] 'EU AI Act' → 100 entries, 218 kept so far
10:56:03  INFO     [PL] 'EU AI Act' → 40 entries, 133 kept so far
10:56:03  INFO     [IT] 'EU AI Act' → 100 entries, 245 kept so far
10:56:04  INFO     [ES] 'EU AI Act' → 78 entries, 186 kept so far
10:56:05  INFO     [DE] 'generative AI' → 100 entries, 237 kept so far
10:56:05  INFO     [FR] 'generative AI' → 100 entries, 236 kept so far
10:56:05  INFO     [PL] 'generative AI' → 98 entries, 161 kept so far
10:56:05  INFO     [IT] 'generative AI' → 100 entries, 290 kept so far
10:56:05  INFO     [ES] 'generative AI' → 100 entries, 226 kept so far
10:56:06  INFO     [DE] +175 new articles saved
10:56:06  INFO     [FR] +156 new articles saved
10:56:06  INFO     [PL] +119 new articles saved
10:56:06  INFO     [IT] +201 new articles saved
10:56:06  INFO     [NL] 'artificial intelligence' → 100 entries, 12 kept so far
10:56:06  INFO     [SE] 'artificial intelligence' → 100 entries, 5 kept so far
10:56:06  INFO     [ES] +157 new articles saved
10:56:06  INFO     [BE] 'artificial intelligence' → 100 entries, 57 kept so far
10:56:07  INFO     [AT] 'artificial intelligence' → 100 entries, 34 kept so far
10:56:07  INFO     [DK] 'artificial intelligence' → 100 entries, 20 kept so far
10:56:08  INFO     [NL] 'AI regulation' → 78 entries, 58 kept so far
10:56:08  INFO     [SE] 'AI regulation' → 79 entries, 18 kept so far
10:56:08  INFO     [BE] 'AI regulation' → 100 entries, 142 kept so far
10:56:08  INFO     [AT] 'AI regulation' → 100 entries, 112 kept so far
10:56:08  INFO     [DK] 'AI regulation' → 31 entries, 28 kept so far
10:56:09  INFO     [NL] 'machine learning' → 100 entries, 112 kept so far
10:56:09  INFO     [SE] 'machine learning' → 65 entries, 33 kept so far
10:56:10  INFO     [BE] 'machine learning' → 100 entries, 198 kept so far
10:56:10  INFO     [AT] 'machine learning' → 100 entries, 163 kept so far
10:56:10  INFO     [DK] 'machine learning' → 76 entries, 50 kept so far
10:56:11  INFO     [NL] 'EU AI Act' → 80 entries, 125 kept so far
10:56:11  INFO     [SE] 'EU AI Act' → 69 entries, 38 kept so far
10:56:11  INFO     [BE] 'EU AI Act' → 78 entries, 220 kept so far
10:56:12  INFO     [DK] 'EU AI Act' → 67 entries, 63 kept so far
10:56:12  INFO     [AT] 'EU AI Act' → 100 entries, 231 kept so far
10:56:12  INFO     [SE] 'generative AI' → 70 entries, 43 kept so far
10:56:12  INFO     [NL] 'generative AI' → 100 entries, 144 kept so far
10:56:13  INFO     [DK] 'generative AI' → 73 entries, 83 kept so far
10:56:13  INFO     [BE] 'generative AI' → 100 entries, 241 kept so far
10:56:13  INFO     [AT] 'generative AI' → 100 entries, 253 kept so far
10:56:13  INFO     [SE] +26 new articles saved
10:56:13  INFO     [NL] +89 new articles saved
10:56:14  INFO     [FI] 'artificial intelligence' → 100 entries, 68 kept so far
10:56:14  INFO     [DK] +47 new articles saved
10:56:14  INFO     [BE] +30 new articles saved
10:56:14  INFO     [AT] +57 new articles saved
10:56:14  INFO     [PT] 'artificial intelligence' → 100 entries, 54 kept so far
10:56:15  INFO     [RO] 'artificial intelligence' → 100 entries, 40 kept so far
10:56:15  INFO     [HU] 'artificial intelligence' → 100 entries, 15 kept so far
10:56:15  INFO     [CZ] 'artificial intelligence' → 100 entries, 18 kept so far
10:56:15  INFO     [FI] 'AI regulation' → 43 entries, 77 kept so far
10:56:16  INFO     [PT] 'AI regulation' → 86 entries, 108 kept so far
10:56:16  INFO     [RO] 'AI regulation' → 78 entries, 45 kept so far
10:56:17  INFO     [HU] 'AI regulation' → 79 entries, 17 kept so far
10:56:17  INFO     [CZ] 'AI regulation' → 76 entries, 38 kept so far
10:56:17  INFO     [FI] 'machine learning' → 67 entries, 105 kept so far
10:56:18  INFO     [PT] 'machine learning' → 100 entries, 176 kept so far
10:56:18  INFO     [RO] 'machine learning' → 83 entries, 76 kept so far
10:56:18  INFO     [HU] 'machine learning' → 65 entries, 36 kept so far
10:56:18  INFO     [CZ] 'machine learning' → 61 entries, 50 kept so far
10:56:19  INFO     [FI] 'EU AI Act' → 47 entries, 132 kept so far
10:56:19  INFO     [PT] 'EU AI Act' → 47 entries, 184 kept so far
10:56:19  INFO     [RO] 'EU AI Act' → 53 entries, 90 kept so far
10:56:20  INFO     [CZ] 'EU AI Act' → 76 entries, 55 kept so far
10:56:20  INFO     [HU] 'EU AI Act' → 79 entries, 56 kept so far
10:56:20  INFO     [FI] 'generative AI' → 38 entries, 155 kept so far
10:56:21  INFO     [RO] 'generative AI' → 73 entries, 110 kept so far
10:56:21  INFO     [PT] 'generative AI' → 100 entries, 208 kept so far
10:56:21  INFO     [CZ] 'generative AI' → 59 entries, 64 kept so far
10:56:21  INFO     [HU] 'generative AI' → 44 entries, 71 kept so far
10:56:21  INFO     [FI] +85 new articles saved
10:56:22  INFO     [GR] 'artificial intelligence' → 100 entries, 42 kept so far
10:56:22  INFO     [RO] +68 new articles saved
10:56:22  INFO     [PT] +147 new articles saved
10:56:22  INFO     [CZ] +44 new articles saved
10:56:22  INFO     [HU] +43 new articles saved
10:56:22  INFO     [HR] 'artificial intelligence' → 100 entries, 57 kept so far
10:56:22  INFO     [SK] 'artificial intelligence' → 73 entries, 25 kept so far
10:56:22  INFO     [IE] 'artificial intelligence' → 100 entries, 60 kept so far
10:56:23  INFO     [BG] 'artificial intelligence' → 67 entries, 28 kept so far
10:56:23  INFO     [GR] 'AI regulation' → 61 entries, 96 kept so far
10:56:23  INFO     [SK] 'AI regulation' → 17 entries, 26 kept so far
10:56:24  INFO     [HR] 'AI regulation' → 100 entries, 108 kept so far
10:56:24  INFO     [BG] 'AI regulation' → 9 entries, 30 kept so far
10:56:24  INFO     [IE] 'AI regulation' → 100 entries, 107 kept so far
10:56:25  INFO     [GR] 'machine learning' → 79 entries, 126 kept so far
10:56:25  INFO     [SK] 'machine learning' → 41 entries, 35 kept so far
10:56:25  INFO     [HR] 'machine learning' → 100 entries, 178 kept so far
10:56:25  INFO     [BG] 'machine learning' → 34 entries, 36 kept so far
10:56:26  INFO     [IE] 'machine learning' → 100 entries, 174 kept so far
10:56:26  INFO     [GR] 'EU AI Act' → 65 entries, 147 kept so far
10:56:26  INFO     [SK] 'EU AI Act' → 41 entries, 42 kept so far
10:56:27  INFO     [BG] 'EU AI Act' → 10 entries, 38 kept so far
10:56:27  INFO     [HR] 'EU AI Act' → 100 entries, 258 kept so far
10:56:27  INFO     [IE] 'EU AI Act' → 100 entries, 245 kept so far
10:56:28  INFO     [GR] 'generative AI' → 100 entries, 189 kept so far
10:56:28  INFO     [SK] 'generative AI' → 25 entries, 48 kept so far
10:56:28  INFO     [BG] 'generative AI' → 19 entries, 40 kept so far
10:56:28  INFO     [HR] 'generative AI' → 93 entries, 321 kept so far
10:56:29  INFO     [GR] +134 new articles saved
10:56:29  INFO     [SK] +26 new articles saved
10:56:29  INFO     [BG] +24 new articles saved
10:56:29  INFO     [IE] 'generative AI' → 100 entries, 316 kept so far
10:56:29  INFO     [LT] 'artificial intelligence' → 75 entries, 23 kept so far
10:56:29  INFO     [SI] 'artificial intelligence' → 73 entries, 31 kept so far
10:56:29  INFO     [HR] +286 new articles saved
10:56:29  INFO     [LV] 'artificial intelligence' → 56 entries, 15 kept so far
10:56:30  INFO     [EE] 'artificial intelligence' → 85 entries, 43 kept so far
10:56:30  INFO     [IE] +112 new articles saved
10:56:30  INFO     [CY] 'artificial intelligence' → 100 entries, 42 kept so far
10:56:30  INFO     [LT] 'AI regulation' → 7 entries, 23 kept so far
10:56:31  INFO     [LV] 'AI regulation' → 6 entries, 16 kept so far
10:56:31  INFO     [EE] 'AI regulation' → 5 entries, 43 kept so far
10:56:31  INFO     [SI] 'AI regulation' → 0 entries, 31 kept so far
10:56:32  INFO     [LT] 'machine learning' → 20 entries, 25 kept so far
10:56:32  INFO     [LV] 'machine learning' → 11 entries, 16 kept so far
10:56:32  INFO     [CY] 'AI regulation' → 61 entries, 96 kept so far
10:56:32  INFO     [EE] 'machine learning' → 16 entries, 43 kept so far
10:56:33  INFO     [SI] 'machine learning' → 12 entries, 32 kept so far
10:56:33  INFO     [LT] 'EU AI Act' → 10 entries, 26 kept so far
10:56:33  INFO     [LV] 'EU AI Act' → 5 entries, 16 kept so far
10:56:34  INFO     [CY] 'machine learning' → 79 entries, 126 kept so far
10:56:34  INFO     [EE] 'EU AI Act' → 9 entries, 44 kept so far
10:56:34  INFO     [SI] 'EU AI Act' → 29 entries, 41 kept so far
10:56:34  INFO     [LT] 'generative AI' → 11 entries, 30 kept so far
10:56:35  INFO     [LV] 'generative AI' → 6 entries, 17 kept so far
10:56:35  INFO     [CY] 'EU AI Act' → 65 entries, 147 kept so far
10:56:35  INFO     [EE] 'generative AI' → 10 entries, 47 kept so far
10:56:35  INFO     [SI] 'generative AI' → 9 entries, 44 kept so far
10:56:35  INFO     [LT] +13 new articles saved
10:56:36  INFO     [LV] +8 new articles saved
10:56:36  INFO     [MT] 'artificial intelligence' → 100 entries, 57 kept so far
10:56:36  INFO     [LU] 'artificial intelligence' → 100 entries, 50 kept so far
10:56:36  INFO     [EE] +23 new articles saved
10:56:36  INFO     [CY] 'generative AI' → 100 entries, 189 kept so far
10:56:36  INFO     [SI] +23 new articles saved
10:56:37  INFO     [MT] 'AI regulation' → 100 entries, 108 kept so far
10:56:37  INFO     [CY] +0 new articles saved
10:56:38  INFO     [LU] 'AI regulation' → 100 entries, 136 kept so far
10:56:38  INFO     [MT] 'machine learning' → 100 entries, 178 kept so far
10:56:39  INFO     [MT] 'EU AI Act' → 100 entries, 258 kept so far
10:56:39  INFO     [LU] 'machine learning' → 100 entries, 194 kept so far
10:56:40  INFO     [MT] 'generative AI' → 93 entries, 321 kept so far
10:56:41  INFO     [LU] 'EU AI Act' → 78 entries, 217 kept so far
10:56:41  INFO     [MT] +0 new articles saved
10:56:42  INFO     [LU] 'generative AI' → 100 entries, 241 kept so far
10:56:43  INFO     [LU] +3 new articles saved
10:56:43  INFO     Scrape complete. 2096 new articles this run.
