20:55:34  INFO     Starting scrape: 27 countries, 5 queries each
/home/runner/work/EU_AI_News/EU_AI_News/eu_ai_news_scraper.py:230: DeprecationWarning: datetime.datetime.utcnow() is deprecated and scheduled for removal in a future version. Use timezone-aware objects to represent datetimes in UTC: datetime.datetime.now(datetime.UTC).
  "scraped_at":   datetime.utcnow().isoformat(),
20:55:34  INFO     [DE] 'artificial intelligence' → 100 entries, 43 kept so far
20:55:34  INFO     [IT] 'artificial intelligence' → 100 entries, 33 kept so far
20:55:34  INFO     [FR] 'artificial intelligence' → 100 entries, 47 kept so far
20:55:34  INFO     [ES] 'artificial intelligence' → 100 entries, 56 kept so far
20:55:34  INFO     [PL] 'artificial intelligence' → 100 entries, 23 kept so far
20:55:36  INFO     [IT] 'AI regulation' → 100 entries, 124 kept so far
20:55:36  INFO     [DE] 'AI regulation' → 100 entries, 124 kept so far
20:55:36  INFO     [FR] 'AI regulation' → 100 entries, 133 kept so far
20:55:36  INFO     [PL] 'AI regulation' → 92 entries, 98 kept so far
20:55:36  INFO     [ES] 'AI regulation' → 82 entries, 114 kept so far
20:55:38  INFO     [IT] 'machine learning' → 100 entries, 196 kept so far
20:55:38  INFO     [DE] 'machine learning' → 100 entries, 177 kept so far
20:55:38  INFO     [FR] 'machine learning' → 100 entries, 188 kept so far
20:55:38  INFO     [PL] 'machine learning' → 100 entries, 146 kept so far
20:55:38  INFO     [ES] 'machine learning' → 100 entries, 190 kept so far
20:55:39  INFO     [DE] 'EU AI Act' → 100 entries, 240 kept so far
20:55:39  INFO     [IT] 'EU AI Act' → 100 entries, 261 kept so far
20:55:39  INFO     [PL] 'EU AI Act' → 78 entries, 174 kept so far
20:55:39  INFO     [FR] 'EU AI Act' → 88 entries, 235 kept so far
20:55:40  INFO     [ES] 'EU AI Act' → 78 entries, 212 kept so far
20:55:41  INFO     [DE] 'generative AI' → 100 entries, 262 kept so far
20:55:41  INFO     [PL] 'generative AI' → 100 entries, 206 kept so far
20:55:41  INFO     [FR] 'generative AI' → 100 entries, 260 kept so far
20:55:41  INFO     [IT] 'generative AI' → 100 entries, 304 kept so far
20:55:41  INFO     [ES] 'generative AI' → 100 entries, 256 kept so far
20:55:42  INFO     [DE] +203 new articles saved
20:55:42  INFO     [PL] +133 new articles saved
20:55:42  INFO     [FR] +143 new articles saved
20:55:42  INFO     [IT] +220 new articles saved
20:55:42  INFO     [ES] +147 new articles saved
20:55:43  INFO     [NL] 'artificial intelligence' → 100 entries, 12 kept so far
20:55:43  INFO     [SE] 'artificial intelligence' → 100 entries, 12 kept so far
20:55:43  INFO     [BE] 'artificial intelligence' → 100 entries, 62 kept so far
20:55:43  INFO     [AT] 'artificial intelligence' → 100 entries, 41 kept so far
20:55:43  INFO     [DK] 'artificial intelligence' → 100 entries, 15 kept so far
20:55:44  INFO     [NL] 'AI regulation' → 77 entries, 67 kept so far
20:55:44  INFO     [SE] 'AI regulation' → 70 entries, 27 kept so far
20:55:44  INFO     [BE] 'AI regulation' → 100 entries, 146 kept so far
20:55:44  INFO     [AT] 'AI regulation' → 100 entries, 121 kept so far
20:55:45  INFO     [DK] 'AI regulation' → 46 entries, 27 kept so far
20:55:46  INFO     [NL] 'machine learning' → 100 entries, 119 kept so far
20:55:46  INFO     [SE] 'machine learning' → 77 entries, 47 kept so far
20:55:46  INFO     [AT] 'machine learning' → 100 entries, 172 kept so far
20:55:46  INFO     [DK] 'machine learning' → 87 entries, 45 kept so far
20:55:46  INFO     [BE] 'machine learning' → 100 entries, 202 kept so far
20:55:47  INFO     [NL] 'EU AI Act' → 100 entries, 143 kept so far
20:55:47  INFO     [SE] 'EU AI Act' → 62 entries, 51 kept so far
20:55:48  INFO     [AT] 'EU AI Act' → 100 entries, 249 kept so far
20:55:48  INFO     [DK] 'EU AI Act' → 73 entries, 58 kept so far
20:55:48  INFO     [BE] 'EU AI Act' → 93 entries, 252 kept so far
20:55:49  INFO     [NL] 'generative AI' → 100 entries, 172 kept so far
20:55:49  INFO     [SE] 'generative AI' → 79 entries, 59 kept so far
20:55:49  INFO     [AT] 'generative AI' → 100 entries, 271 kept so far
20:55:50  INFO     [DK] 'generative AI' → 100 entries, 91 kept so far
20:55:50  INFO     [BE] 'generative AI' → 100 entries, 274 kept so far
20:55:50  INFO     [NL] +96 new articles saved
20:55:50  INFO     [SE] +27 new articles saved
20:55:50  INFO     [AT] +49 new articles saved
20:55:51  INFO     [DK] +36 new articles saved
20:55:51  INFO     [FI] 'artificial intelligence' → 100 entries, 58 kept so far
20:55:51  INFO     [BE] +29 new articles saved
20:55:51  INFO     [PT] 'artificial intelligence' → 100 entries, 62 kept so far
20:55:51  INFO     [CZ] 'artificial intelligence' → 100 entries, 19 kept so far
20:55:51  INFO     [RO] 'artificial intelligence' → 100 entries, 43 kept so far
20:55:51  INFO     [HU] 'artificial intelligence' → 100 entries, 17 kept so far
20:55:52  INFO     [FI] 'AI regulation' → 59 entries, 74 kept so far
20:55:53  INFO     [PT] 'AI regulation' → 98 entries, 125 kept so far
20:55:53  INFO     [CZ] 'AI regulation' → 75 entries, 52 kept so far
20:55:53  INFO     [RO] 'AI regulation' → 77 entries, 50 kept so far
20:55:53  INFO     [HU] 'AI regulation' → 79 entries, 23 kept so far
20:55:54  INFO     [FI] 'machine learning' → 89 entries, 121 kept so far
20:55:54  INFO     [CZ] 'machine learning' → 78 entries, 73 kept so far
20:55:54  INFO     [PT] 'machine learning' → 100 entries, 205 kept so far
20:55:55  INFO     [HU] 'machine learning' → 70 entries, 49 kept so far
20:55:55  INFO     [RO] 'machine learning' → 100 entries, 102 kept so far
20:55:56  INFO     [CZ] 'EU AI Act' → 72 entries, 85 kept so far
20:55:56  INFO     [FI] 'EU AI Act' → 61 entries, 158 kept so far
20:55:56  INFO     [PT] 'EU AI Act' → 57 entries, 213 kept so far
20:55:56  INFO     [HU] 'EU AI Act' → 79 entries, 73 kept so far
20:55:56  INFO     [RO] 'EU AI Act' → 77 entries, 129 kept so far
20:55:57  INFO     [CZ] 'generative AI' → 81 entries, 104 kept so far
20:55:57  INFO     [FI] 'generative AI' → 69 entries, 199 kept so far
20:55:58  INFO     [PT] 'generative AI' → 100 entries, 247 kept so far
20:55:58  INFO     [RO] 'generative AI' → 92 entries, 156 kept so far
20:55:58  INFO     [HU] 'generative AI' → 78 entries, 95 kept so far
20:55:58  INFO     [CZ] +72 new articles saved
20:55:58  INFO     [FI] +105 new articles saved
20:55:59  INFO     [PT] +176 new articles saved
20:55:59  INFO     [GR] 'artificial intelligence' → 100 entries, 36 kept so far
20:55:59  INFO     [SK] 'artificial intelligence' → 100 entries, 24 kept so far
20:55:59  INFO     [RO] +92 new articles saved
20:55:59  INFO     [HU] +56 new articles saved
20:55:59  INFO     [IE] 'artificial intelligence' → 100 entries, 47 kept so far
20:56:00  INFO     [HR] 'artificial intelligence' → 100 entries, 36 kept so far
20:56:00  INFO     [BG] 'artificial intelligence' → 79 entries, 31 kept so far
20:56:00  INFO     [SK] 'AI regulation' → 25 entries, 27 kept so far
20:56:01  INFO     [GR] 'AI regulation' → 60 entries, 89 kept so far
20:56:01  INFO     [BG] 'AI regulation' → 16 entries, 32 kept so far
20:56:01  INFO     [HR] 'AI regulation' → 100 entries, 93 kept so far
20:56:01  INFO     [IE] 'AI regulation' → 100 entries, 101 kept so far
20:56:02  INFO     [SK] 'machine learning' → 55 entries, 37 kept so far
20:56:02  INFO     [GR] 'machine learning' → 100 entries, 131 kept so far
20:56:03  INFO     [BG] 'machine learning' → 58 entries, 42 kept so far
20:56:03  INFO     [HR] 'machine learning' → 100 entries, 148 kept so far
20:56:03  INFO     [IE] 'machine learning' → 100 entries, 162 kept so far
20:56:03  INFO     [SK] 'EU AI Act' → 59 entries, 46 kept so far
20:56:04  INFO     [GR] 'EU AI Act' → 55 entries, 148 kept so far
20:56:04  INFO     [BG] 'EU AI Act' → 13 entries, 45 kept so far
20:56:05  INFO     [HR] 'EU AI Act' → 100 entries, 226 kept so far
20:56:05  INFO     [IE] 'EU AI Act' → 100 entries, 232 kept so far
20:56:05  INFO     [SK] 'generative AI' → 43 entries, 52 kept so far
20:56:05  INFO     [GR] 'generative AI' → 100 entries, 193 kept so far
20:56:05  INFO     [BG] 'generative AI' → 32 entries, 50 kept so far
20:56:06  INFO     [SK] +23 new articles saved
20:56:06  INFO     [GR] +130 new articles saved
20:56:06  INFO     [HR] 'generative AI' → 100 entries, 285 kept so far
20:56:06  INFO     [BG] +27 new articles saved
20:56:06  INFO     [IE] 'generative AI' → 100 entries, 290 kept so far
20:56:07  INFO     [LT] 'artificial intelligence' → 87 entries, 34 kept so far
20:56:07  INFO     [SI] 'artificial intelligence' → 100 entries, 54 kept so far
20:56:07  INFO     [LV] 'artificial intelligence' → 62 entries, 20 kept so far
20:56:07  INFO     [HR] +256 new articles saved
20:56:07  INFO     [IE] +97 new articles saved
20:56:08  INFO     [LT] 'AI regulation' → 15 entries, 34 kept so far
20:56:08  INFO     [EE] 'artificial intelligence' → 97 entries, 49 kept so far
20:56:08  INFO     [CY] 'artificial intelligence' → 100 entries, 36 kept so far
20:56:08  INFO     [SI] 'AI regulation' → 9 entries, 54 kept so far
20:56:09  INFO     [LV] 'AI regulation' → 6 entries, 20 kept so far
20:56:09  INFO     [LT] 'machine learning' → 22 entries, 36 kept so far
20:56:10  INFO     [CY] 'AI regulation' → 60 entries, 89 kept so far
20:56:10  INFO     [SI] 'machine learning' → 20 entries, 55 kept so far
20:56:10  INFO     [EE] 'AI regulation' → 8 entries, 50 kept so far
20:56:10  INFO     [LV] 'machine learning' → 13 entries, 22 kept so far
20:56:11  INFO     [LT] 'EU AI Act' → 18 entries, 37 kept so far
20:56:11  INFO     [SI] 'EU AI Act' → 23 entries, 60 kept so far
20:56:11  INFO     [LV] 'EU AI Act' → 6 entries, 22 kept so far
20:56:11  INFO     [CY] 'machine learning' → 100 entries, 131 kept so far
20:56:11  INFO     [EE] 'machine learning' → 17 entries, 52 kept so far
20:56:12  INFO     [LT] 'generative AI' → 19 entries, 42 kept so far
20:56:12  INFO     [LV] 'generative AI' → 8 entries, 23 kept so far
20:56:13  INFO     [SI] 'generative AI' → 13 entries, 62 kept so far
20:56:13  INFO     [CY] 'EU AI Act' → 55 entries, 148 kept so far
20:56:13  INFO     [EE] 'EU AI Act' → 10 entries, 53 kept so far
20:56:13  INFO     [LT] +18 new articles saved
20:56:13  INFO     [LV] +9 new articles saved
20:56:14  INFO     [LU] 'artificial intelligence' → 100 entries, 47 kept so far
20:56:14  INFO     [SI] +28 new articles saved
20:56:14  INFO     [MT] 'artificial intelligence' → 100 entries, 36 kept so far
20:56:14  INFO     [EE] 'generative AI' → 10 entries, 56 kept so far
20:56:14  INFO     [CY] 'generative AI' → 100 entries, 193 kept so far
20:56:15  INFO     [MT] 'AI regulation' → 100 entries, 93 kept so far
20:56:15  INFO     [EE] +31 new articles saved
20:56:15  INFO     [LU] 'AI regulation' → 100 entries, 133 kept so far
20:56:15  INFO     [CY] +0 new articles saved
20:56:16  INFO     [MT] 'machine learning' → 100 entries, 148 kept so far
20:56:17  INFO     [LU] 'machine learning' → 100 entries, 188 kept so far
20:56:17  INFO     [MT] 'EU AI Act' → 100 entries, 226 kept so far
20:56:19  INFO     [MT] 'generative AI' → 100 entries, 285 kept so far
20:56:19  INFO     [LU] 'EU AI Act' → 88 entries, 236 kept so far
20:56:20  INFO     [MT] +0 new articles saved
20:56:20  INFO     [LU] 'generative AI' → 100 entries, 261 kept so far
20:56:21  INFO     [LU] +1 new articles saved
20:56:21  INFO     Scrape complete. 2204 new articles this run.
