16:29:07  INFO     Starting scrape: 27 countries, 5 queries each
/home/runner/work/EU_AI_News/EU_AI_News/eu_ai_news_scraper.py:230: DeprecationWarning: datetime.datetime.utcnow() is deprecated and scheduled for removal in a future version. Use timezone-aware objects to represent datetimes in UTC: datetime.datetime.now(datetime.UTC).
  "scraped_at":   datetime.utcnow().isoformat(),
16:29:08  INFO     [FR] 'artificial intelligence' → 102 entries, 60 kept so far
16:29:08  INFO     [IT] 'artificial intelligence' → 102 entries, 33 kept so far
16:29:08  INFO     [ES] 'artificial intelligence' → 100 entries, 55 kept so far
16:29:08  INFO     [PL] 'artificial intelligence' → 100 entries, 11 kept so far
16:29:08  INFO     [DE] 'artificial intelligence' → 100 entries, 36 kept so far
16:29:10  INFO     [FR] 'AI regulation' → 100 entries, 151 kept so far
16:29:10  INFO     [IT] 'AI regulation' → 100 entries, 123 kept so far
16:29:10  INFO     [ES] 'AI regulation' → 77 entries, 94 kept so far
16:29:10  INFO     [PL] 'AI regulation' → 78 entries, 72 kept so far
16:29:10  INFO     [DE] 'AI regulation' → 100 entries, 113 kept so far
16:29:11  INFO     [FR] 'machine learning' → 100 entries, 205 kept so far
16:29:11  INFO     [IT] 'machine learning' → 100 entries, 196 kept so far
16:29:12  INFO     [ES] 'machine learning' → 100 entries, 166 kept so far
16:29:12  INFO     [PL] 'machine learning' → 100 entries, 125 kept so far
16:29:12  INFO     [DE] 'machine learning' → 100 entries, 172 kept so far
16:29:13  INFO     [FR] 'EU AI Act' → 95 entries, 242 kept so far
16:29:13  INFO     [PL] 'EU AI Act' → 76 entries, 139 kept so far
16:29:13  INFO     [IT] 'EU AI Act' → 100 entries, 244 kept so far
16:29:13  INFO     [DE] 'EU AI Act' → 100 entries, 241 kept so far
16:29:13  INFO     [ES] 'EU AI Act' → 78 entries, 195 kept so far
16:29:15  INFO     [FR] 'generative AI' → 100 entries, 273 kept so far
16:29:15  INFO     [IT] 'generative AI' → 100 entries, 291 kept so far
16:29:15  INFO     [PL] 'generative AI' → 100 entries, 172 kept so far
16:29:15  INFO     [DE] 'generative AI' → 100 entries, 268 kept so far
16:29:15  INFO     [ES] 'generative AI' → 100 entries, 243 kept so far
16:29:16  INFO     [FR] +160 new articles saved
16:29:16  INFO     [IT] +202 new articles saved
16:29:16  INFO     [PL] +100 new articles saved
16:29:16  INFO     [DE] +188 new articles saved
16:29:16  INFO     [ES] +140 new articles saved
16:29:16  INFO     [NL] 'artificial intelligence' → 100 entries, 12 kept so far
16:29:17  INFO     [SE] 'artificial intelligence' → 100 entries, 13 kept so far
16:29:17  INFO     [AT] 'artificial intelligence' → 100 entries, 32 kept so far
16:29:17  INFO     [DK] 'artificial intelligence' → 100 entries, 12 kept so far
16:29:17  INFO     [BE] 'artificial intelligence' → 100 entries, 58 kept so far
16:29:18  INFO     [NL] 'AI regulation' → 77 entries, 60 kept so far
16:29:18  INFO     [SE] 'AI regulation' → 74 entries, 26 kept so far
16:29:18  INFO     [DK] 'AI regulation' → 44 entries, 18 kept so far
16:29:19  INFO     [AT] 'AI regulation' → 100 entries, 106 kept so far
16:29:19  INFO     [BE] 'AI regulation' → 97 entries, 144 kept so far
16:29:20  INFO     [NL] 'machine learning' → 100 entries, 118 kept so far
16:29:20  INFO     [SE] 'machine learning' → 82 entries, 51 kept so far
16:29:20  INFO     [DK] 'machine learning' → 79 entries, 43 kept so far
16:29:20  INFO     [AT] 'machine learning' → 100 entries, 159 kept so far
16:29:21  INFO     [BE] 'machine learning' → 100 entries, 195 kept so far
16:29:21  INFO     [NL] 'EU AI Act' → 98 entries, 147 kept so far
16:29:21  INFO     [SE] 'EU AI Act' → 70 entries, 58 kept so far
16:29:22  INFO     [DK] 'EU AI Act' → 73 entries, 59 kept so far
16:29:22  INFO     [AT] 'EU AI Act' → 100 entries, 232 kept so far
16:29:22  INFO     [BE] 'EU AI Act' → 98 entries, 233 kept so far
16:29:23  INFO     [NL] 'generative AI' → 100 entries, 177 kept so far
16:29:23  INFO     [SE] 'generative AI' → 74 entries, 68 kept so far
16:29:23  INFO     [DK] 'generative AI' → 100 entries, 92 kept so far
16:29:24  INFO     [AT] 'generative AI' → 100 entries, 262 kept so far
16:29:24  INFO     [NL] +83 new articles saved
16:29:24  INFO     [SE] +37 new articles saved
16:29:24  INFO     [BE] 'generative AI' → 100 entries, 262 kept so far
16:29:24  INFO     [DK] +42 new articles saved
16:29:24  INFO     [FI] 'artificial intelligence' → 100 entries, 57 kept so far
16:29:25  INFO     [AT] +50 new articles saved
16:29:25  INFO     [PT] 'artificial intelligence' → 100 entries, 53 kept so far
16:29:25  INFO     [CZ] 'artificial intelligence' → 100 entries, 15 kept so far
16:29:25  INFO     [BE] +26 new articles saved
16:29:25  INFO     [RO] 'artificial intelligence' → 100 entries, 39 kept so far
16:29:26  INFO     [HU] 'artificial intelligence' → 100 entries, 23 kept so far
16:29:26  INFO     [FI] 'AI regulation' → 53 entries, 68 kept so far
16:29:26  INFO     [PT] 'AI regulation' → 76 entries, 88 kept so far
16:29:27  INFO     [CZ] 'AI regulation' → 76 entries, 39 kept so far
16:29:27  INFO     [RO] 'AI regulation' → 77 entries, 49 kept so far
16:29:27  INFO     [HU] 'AI regulation' → 79 entries, 26 kept so far
16:29:28  INFO     [FI] 'machine learning' → 82 entries, 111 kept so far
16:29:28  INFO     [CZ] 'machine learning' → 80 entries, 57 kept so far
16:29:28  INFO     [PT] 'machine learning' → 100 entries, 168 kept so far
16:29:28  INFO     [RO] 'machine learning' → 100 entries, 105 kept so far
16:29:29  INFO     [HU] 'machine learning' → 62 entries, 50 kept so far
16:29:29  INFO     [FI] 'EU AI Act' → 64 entries, 148 kept so far
16:29:30  INFO     [CZ] 'EU AI Act' → 74 entries, 73 kept so far
16:29:30  INFO     [RO] 'EU AI Act' → 72 entries, 135 kept so far
16:29:30  INFO     [PT] 'EU AI Act' → 58 entries, 179 kept so far
16:29:31  INFO     [HU] 'EU AI Act' → 78 entries, 72 kept so far
16:29:31  INFO     [FI] 'generative AI' → 66 entries, 189 kept so far
16:29:31  INFO     [CZ] 'generative AI' → 75 entries, 92 kept so far
16:29:31  INFO     [RO] 'generative AI' → 96 entries, 162 kept so far
16:29:32  INFO     [PT] 'generative AI' → 100 entries, 211 kept so far
16:29:32  INFO     [FI] +102 new articles saved
16:29:32  INFO     [HU] 'generative AI' → 69 entries, 94 kept so far
16:29:32  INFO     [CZ] +59 new articles saved
16:29:32  INFO     [RO] +106 new articles saved
16:29:33  INFO     [GR] 'artificial intelligence' → 100 entries, 42 kept so far
16:29:33  INFO     [PT] +139 new articles saved
16:29:33  INFO     [SK] 'artificial intelligence' → 100 entries, 27 kept so far
16:29:33  INFO     [HR] 'artificial intelligence' → 102 entries, 55 kept so far
16:29:33  INFO     [IE] 'artificial intelligence' → 100 entries, 53 kept so far
16:29:33  INFO     [HU] +56 new articles saved
16:29:34  INFO     [BG] 'artificial intelligence' → 90 entries, 38 kept so far
16:29:34  INFO     [GR] 'AI regulation' → 68 entries, 91 kept so far
16:29:34  INFO     [SK] 'AI regulation' → 28 entries, 29 kept so far
16:29:35  INFO     [HR] 'AI regulation' → 100 entries, 101 kept so far
16:29:35  INFO     [IE] 'AI regulation' → 100 entries, 99 kept so far
16:29:35  INFO     [BG] 'AI regulation' → 16 entries, 39 kept so far
16:29:36  INFO     [GR] 'machine learning' → 100 entries, 133 kept so far
16:29:36  INFO     [SK] 'machine learning' → 56 entries, 43 kept so far
16:29:37  INFO     [HR] 'machine learning' → 100 entries, 176 kept so far
16:29:37  INFO     [IE] 'machine learning' → 100 entries, 175 kept so far
16:29:37  INFO     [BG] 'machine learning' → 57 entries, 48 kept so far
16:29:37  INFO     [GR] 'EU AI Act' → 58 entries, 149 kept so far
16:29:38  INFO     [SK] 'EU AI Act' → 67 entries, 53 kept so far
16:29:38  INFO     [HR] 'EU AI Act' → 100 entries, 254 kept so far
16:29:38  INFO     [BG] 'EU AI Act' → 25 entries, 50 kept so far
16:29:39  INFO     [IE] 'EU AI Act' → 100 entries, 248 kept so far
16:29:39  INFO     [GR] 'generative AI' → 100 entries, 192 kept so far
16:29:39  INFO     [SK] 'generative AI' → 59 entries, 66 kept so far
16:29:40  INFO     [BG] 'generative AI' → 37 entries, 56 kept so far
16:29:40  INFO     [HR] 'generative AI' → 100 entries, 326 kept so far
16:29:40  INFO     [GR] +134 new articles saved
16:29:40  INFO     [SK] +36 new articles saved
16:29:40  INFO     [IE] 'generative AI' → 100 entries, 319 kept so far
16:29:41  INFO     [LT] 'artificial intelligence' → 83 entries, 25 kept so far
16:29:41  INFO     [SI] 'artificial intelligence' → 100 entries, 47 kept so far
16:29:41  INFO     [BG] +34 new articles saved
16:29:41  INFO     [HR] +293 new articles saved
16:29:41  INFO     [LV] 'artificial intelligence' → 60 entries, 20 kept so far
16:29:41  INFO     [IE] +122 new articles saved
16:29:42  INFO     [EE] 'artificial intelligence' → 100 entries, 50 kept so far
16:29:42  INFO     [CY] 'artificial intelligence' → 100 entries, 42 kept so far
16:29:42  INFO     [LT] 'AI regulation' → 8 entries, 25 kept so far
16:29:42  INFO     [SI] 'AI regulation' → 3 entries, 47 kept so far
16:29:43  INFO     [LV] 'AI regulation' → 4 entries, 20 kept so far
16:29:43  INFO     [EE] 'AI regulation' → 5 entries, 50 kept so far
16:29:43  INFO     [LT] 'machine learning' → 31 entries, 29 kept so far
16:29:43  INFO     [CY] 'AI regulation' → 68 entries, 91 kept so far
16:29:44  INFO     [SI] 'machine learning' → 22 entries, 49 kept so far
16:29:44  INFO     [LV] 'machine learning' → 17 entries, 25 kept so far
16:29:44  INFO     [EE] 'machine learning' → 29 entries, 52 kept so far
16:29:45  INFO     [LT] 'EU AI Act' → 19 entries, 30 kept so far
16:29:45  INFO     [SI] 'EU AI Act' → 29 entries, 54 kept so far
16:29:45  INFO     [CY] 'machine learning' → 100 entries, 132 kept so far
16:29:45  INFO     [LV] 'EU AI Act' → 9 entries, 26 kept so far
16:29:46  INFO     [EE] 'EU AI Act' → 9 entries, 52 kept so far
16:29:46  INFO     [LT] 'generative AI' → 16 entries, 36 kept so far
16:29:46  INFO     [SI] 'generative AI' → 18 entries, 55 kept so far
16:29:47  INFO     [CY] 'EU AI Act' → 57 entries, 147 kept so far
16:29:47  INFO     [LV] 'generative AI' → 10 entries, 27 kept so far
16:29:47  INFO     [LT] +13 new articles saved
16:29:47  INFO     [SI] +22 new articles saved
16:29:47  INFO     [EE] 'generative AI' → 10 entries, 54 kept so far
16:29:48  INFO     [MT] 'artificial intelligence' → 102 entries, 55 kept so far
16:29:48  INFO     [LV] +11 new articles saved
16:29:48  INFO     [LU] 'artificial intelligence' → 102 entries, 60 kept so far
16:29:48  INFO     [CY] 'generative AI' → 100 entries, 191 kept so far
16:29:48  INFO     [EE] +26 new articles saved
16:29:49  INFO     [MT] 'AI regulation' → 100 entries, 101 kept so far
16:29:49  INFO     [CY] +0 new articles saved
16:29:49  INFO     [LU] 'AI regulation' → 100 entries, 151 kept so far
16:29:50  INFO     [MT] 'machine learning' → 100 entries, 176 kept so far
16:29:51  INFO     [MT] 'EU AI Act' → 100 entries, 254 kept so far
16:29:51  INFO     [LU] 'machine learning' → 100 entries, 205 kept so far
16:29:52  INFO     [MT] 'generative AI' → 100 entries, 326 kept so far
16:29:53  INFO     [LU] 'EU AI Act' → 93 entries, 241 kept so far
16:29:53  INFO     [MT] +0 new articles saved
16:29:55  INFO     [LU] 'generative AI' → 100 entries, 272 kept so far
16:29:56  INFO     [LU] +1 new articles saved
16:29:56  INFO     Scrape complete. 2182 new articles this run.
