22:02:04  INFO     Starting scrape: 27 countries, 5 queries each
/home/runner/work/EU_AI_News/EU_AI_News/eu_ai_news_scraper.py:230: DeprecationWarning: datetime.datetime.utcnow() is deprecated and scheduled for removal in a future version. Use timezone-aware objects to represent datetimes in UTC: datetime.datetime.now(datetime.UTC).
  "scraped_at":   datetime.utcnow().isoformat(),
22:02:05  INFO     [PL] 'artificial intelligence' → 100 entries, 19 kept so far
22:02:05  INFO     [FR] 'artificial intelligence' → 100 entries, 47 kept so far
22:02:05  INFO     [DE] 'artificial intelligence' → 100 entries, 42 kept so far
22:02:05  INFO     [IT] 'artificial intelligence' → 102 entries, 29 kept so far
22:02:06  INFO     [ES] 'artificial intelligence' → 100 entries, 54 kept so far
22:02:07  INFO     [PL] 'AI regulation' → 78 entries, 81 kept so far
22:02:07  INFO     [FR] 'AI regulation' → 100 entries, 136 kept so far
22:02:07  INFO     [IT] 'AI regulation' → 100 entries, 120 kept so far
22:02:07  INFO     [DE] 'AI regulation' → 100 entries, 122 kept so far
22:02:07  INFO     [ES] 'AI regulation' → 78 entries, 94 kept so far
22:02:08  INFO     [PL] 'machine learning' → 100 entries, 135 kept so far
22:02:08  INFO     [FR] 'machine learning' → 100 entries, 194 kept so far
22:02:09  INFO     [IT] 'machine learning' → 100 entries, 200 kept so far
22:02:09  INFO     [DE] 'machine learning' → 100 entries, 176 kept so far
22:02:09  INFO     [ES] 'machine learning' → 100 entries, 168 kept so far
22:02:10  INFO     [PL] 'EU AI Act' → 79 entries, 151 kept so far
22:02:10  INFO     [FR] 'EU AI Act' → 100 entries, 243 kept so far
22:02:10  INFO     [IT] 'EU AI Act' → 100 entries, 265 kept so far
22:02:10  INFO     [DE] 'EU AI Act' → 100 entries, 252 kept so far
22:02:11  INFO     [ES] 'EU AI Act' → 78 entries, 196 kept so far
22:02:12  INFO     [PL] 'generative AI' → 100 entries, 183 kept so far
22:02:12  INFO     [FR] 'generative AI' → 100 entries, 270 kept so far
22:02:12  INFO     [IT] 'generative AI' → 100 entries, 306 kept so far
22:02:12  INFO     [DE] 'generative AI' → 100 entries, 277 kept so far
22:02:12  INFO     [ES] 'generative AI' → 100 entries, 245 kept so far
22:02:13  INFO     [PL] +106 new articles saved
22:02:13  INFO     [FR] +164 new articles saved
22:02:13  INFO     [IT] +200 new articles saved
22:02:13  INFO     [DE] +197 new articles saved
22:02:13  INFO     [NL] 'artificial intelligence' → 100 entries, 15 kept so far
22:02:13  INFO     [SE] 'artificial intelligence' → 100 entries, 10 kept so far
22:02:14  INFO     [BE] 'artificial intelligence' → 100 entries, 52 kept so far
22:02:14  INFO     [AT] 'artificial intelligence' → 100 entries, 38 kept so far
22:02:14  INFO     [ES] +157 new articles saved
22:02:14  INFO     [DK] 'artificial intelligence' → 100 entries, 21 kept so far
22:02:15  INFO     [NL] 'AI regulation' → 77 entries, 62 kept so far
22:02:15  INFO     [SE] 'AI regulation' → 74 entries, 26 kept so far
22:02:15  INFO     [BE] 'AI regulation' → 100 entries, 142 kept so far
22:02:15  INFO     [AT] 'AI regulation' → 100 entries, 114 kept so far
22:02:16  INFO     [DK] 'AI regulation' → 53 entries, 29 kept so far
22:02:16  INFO     [NL] 'machine learning' → 100 entries, 110 kept so far
22:02:17  INFO     [SE] 'machine learning' → 84 entries, 49 kept so far
22:02:17  INFO     [BE] 'machine learning' → 100 entries, 197 kept so far
22:02:17  INFO     [AT] 'machine learning' → 100 entries, 165 kept so far
22:02:17  INFO     [DK] 'machine learning' → 79 entries, 49 kept so far
22:02:18  INFO     [NL] 'EU AI Act' → 100 entries, 142 kept so far
22:02:18  INFO     [SE] 'EU AI Act' → 60 entries, 56 kept so far
22:02:19  INFO     [BE] 'EU AI Act' → 100 entries, 238 kept so far
22:02:19  INFO     [AT] 'EU AI Act' → 100 entries, 242 kept so far
22:02:19  INFO     [DK] 'EU AI Act' → 76 entries, 70 kept so far
22:02:20  INFO     [NL] 'generative AI' → 100 entries, 175 kept so far
22:02:20  INFO     [SE] 'generative AI' → 70 entries, 67 kept so far
22:02:20  INFO     [AT] 'generative AI' → 100 entries, 269 kept so far
22:02:20  INFO     [BE] 'generative AI' → 100 entries, 262 kept so far
22:02:21  INFO     [NL] +90 new articles saved
22:02:21  INFO     [DK] 'generative AI' → 100 entries, 103 kept so far
22:02:21  INFO     [SE] +36 new articles saved
22:02:21  INFO     [FI] 'artificial intelligence' → 100 entries, 63 kept so far
22:02:21  INFO     [PT] 'artificial intelligence' → 100 entries, 56 kept so far
22:02:21  INFO     [AT] +30 new articles saved
22:02:21  INFO     [BE] +25 new articles saved
22:02:22  INFO     [DK] +55 new articles saved
22:02:22  INFO     [CZ] 'artificial intelligence' → 100 entries, 13 kept so far
22:02:22  INFO     [RO] 'artificial intelligence' → 100 entries, 35 kept so far
22:02:22  INFO     [HU] 'artificial intelligence' → 100 entries, 22 kept so far
22:02:23  INFO     [FI] 'AI regulation' → 62 entries, 76 kept so far
22:02:23  INFO     [PT] 'AI regulation' → 78 entries, 95 kept so far
22:02:24  INFO     [CZ] 'AI regulation' → 76 entries, 33 kept so far
22:02:24  INFO     [RO] 'AI regulation' → 79 entries, 45 kept so far
22:02:24  INFO     [HU] 'AI regulation' → 78 entries, 26 kept so far
22:02:25  INFO     [FI] 'machine learning' → 84 entries, 121 kept so far
22:02:25  INFO     [PT] 'machine learning' → 100 entries, 169 kept so far
22:02:25  INFO     [CZ] 'machine learning' → 83 entries, 53 kept so far
22:02:25  INFO     [RO] 'machine learning' → 100 entries, 103 kept so far
22:02:25  INFO     [HU] 'machine learning' → 67 entries, 46 kept so far
22:02:26  INFO     [FI] 'EU AI Act' → 69 entries, 160 kept so far
22:02:26  INFO     [PT] 'EU AI Act' → 64 entries, 182 kept so far
22:02:27  INFO     [CZ] 'EU AI Act' → 74 entries, 67 kept so far
22:02:27  INFO     [RO] 'EU AI Act' → 78 entries, 132 kept so far
22:02:27  INFO     [HU] 'EU AI Act' → 79 entries, 69 kept so far
22:02:28  INFO     [FI] 'generative AI' → 71 entries, 202 kept so far
22:02:28  INFO     [CZ] 'generative AI' → 74 entries, 86 kept so far
22:02:28  INFO     [PT] 'generative AI' → 100 entries, 213 kept so far
22:02:28  INFO     [RO] 'generative AI' → 91 entries, 158 kept so far
22:02:28  INFO     [HU] 'generative AI' → 69 entries, 90 kept so far
22:02:29  INFO     [FI] +111 new articles saved
22:02:29  INFO     [CZ] +53 new articles saved
22:02:29  INFO     [PT] +135 new articles saved
22:02:29  INFO     [GR] 'artificial intelligence' → 100 entries, 44 kept so far
22:02:29  INFO     [RO] +101 new articles saved
22:02:29  INFO     [HU] +54 new articles saved
22:02:30  INFO     [SK] 'artificial intelligence' → 100 entries, 24 kept so far
22:02:30  INFO     [HR] 'artificial intelligence' → 102 entries, 61 kept so far
22:02:30  INFO     [BG] 'artificial intelligence' → 100 entries, 39 kept so far
22:02:30  INFO     [IE] 'artificial intelligence' → 102 entries, 60 kept so far
22:02:31  INFO     [GR] 'AI regulation' → 68 entries, 95 kept so far
22:02:31  INFO     [SK] 'AI regulation' → 25 entries, 28 kept so far
22:02:31  INFO     [BG] 'AI regulation' → 17 entries, 39 kept so far
22:02:32  INFO     [HR] 'AI regulation' → 102 entries, 108 kept so far
22:02:32  INFO     [IE] 'AI regulation' → 100 entries, 108 kept so far
22:02:33  INFO     [GR] 'machine learning' → 100 entries, 136 kept so far
22:02:33  INFO     [SK] 'machine learning' → 62 entries, 45 kept so far
22:02:33  INFO     [BG] 'machine learning' → 54 entries, 50 kept so far
22:02:33  INFO     [HR] 'machine learning' → 100 entries, 170 kept so far
22:02:34  INFO     [IE] 'machine learning' → 100 entries, 174 kept so far
22:02:34  INFO     [SK] 'EU AI Act' → 63 entries, 54 kept so far
22:02:34  INFO     [GR] 'EU AI Act' → 64 entries, 153 kept so far
22:02:34  INFO     [BG] 'EU AI Act' → 18 entries, 52 kept so far
22:02:35  INFO     [HR] 'EU AI Act' → 100 entries, 254 kept so far
22:02:36  INFO     [SK] 'generative AI' → 54 entries, 65 kept so far
22:02:36  INFO     [BG] 'generative AI' → 35 entries, 59 kept so far
22:02:36  INFO     [IE] 'EU AI Act' → 100 entries, 253 kept so far
22:02:36  INFO     [GR] 'generative AI' → 100 entries, 197 kept so far
22:02:37  INFO     [HR] 'generative AI' → 100 entries, 318 kept so far
22:02:37  INFO     [SK] +40 new articles saved
22:02:37  INFO     [BG] +36 new articles saved
22:02:37  INFO     [GR] +136 new articles saved
22:02:37  INFO     [LT] 'artificial intelligence' → 82 entries, 26 kept so far
22:02:37  INFO     [SI] 'artificial intelligence' → 100 entries, 41 kept so far
22:02:37  INFO     [LV] 'artificial intelligence' → 74 entries, 25 kept so far
22:02:38  INFO     [IE] 'generative AI' → 100 entries, 314 kept so far
22:02:38  INFO     [HR] +295 new articles saved
22:02:38  INFO     [EE] 'artificial intelligence' → 100 entries, 44 kept so far
22:02:38  INFO     [LT] 'AI regulation' → 5 entries, 26 kept so far
22:02:39  INFO     [SI] 'AI regulation' → 4 entries, 41 kept so far
22:02:39  INFO     [IE] +99 new articles saved
22:02:39  INFO     [LV] 'AI regulation' → 3 entries, 25 kept so far
22:02:39  INFO     [CY] 'artificial intelligence' → 100 entries, 44 kept so far
22:02:40  INFO     [EE] 'AI regulation' → 5 entries, 44 kept so far
22:02:40  INFO     [LT] 'machine learning' → 31 entries, 29 kept so far
22:02:40  INFO     [SI] 'machine learning' → 21 entries, 43 kept so far
22:02:40  INFO     [LV] 'machine learning' → 20 entries, 30 kept so far
22:02:41  INFO     [CY] 'AI regulation' → 68 entries, 95 kept so far
22:02:41  INFO     [EE] 'machine learning' → 23 entries, 45 kept so far
22:02:41  INFO     [LT] 'EU AI Act' → 20 entries, 31 kept so far
22:02:41  INFO     [SI] 'EU AI Act' → 23 entries, 50 kept so far
22:02:41  INFO     [LV] 'EU AI Act' → 8 entries, 31 kept so far
22:02:42  INFO     [CY] 'machine learning' → 100 entries, 136 kept so far
22:02:42  INFO     [EE] 'EU AI Act' → 11 entries, 46 kept so far
22:02:42  INFO     [LT] 'generative AI' → 16 entries, 37 kept so far
22:02:43  INFO     [SI] 'generative AI' → 14 entries, 52 kept so far
22:02:43  INFO     [LV] 'generative AI' → 10 entries, 32 kept so far
22:02:43  INFO     [LT] +16 new articles saved
22:02:44  INFO     [SI] +25 new articles saved
22:02:44  INFO     [LV] +16 new articles saved
22:02:44  INFO     [MT] 'artificial intelligence' → 102 entries, 61 kept so far
22:02:44  INFO     [EE] 'generative AI' → 13 entries, 49 kept so far
22:02:44  INFO     [CY] 'EU AI Act' → 64 entries, 153 kept so far
22:02:44  INFO     [LU] 'artificial intelligence' → 100 entries, 47 kept so far
22:02:45  INFO     [EE] +27 new articles saved
22:02:45  INFO     [MT] 'AI regulation' → 102 entries, 108 kept so far
22:02:45  INFO     [CY] 'generative AI' → 100 entries, 197 kept so far
22:02:46  INFO     [LU] 'AI regulation' → 100 entries, 136 kept so far
22:02:46  INFO     [MT] 'machine learning' → 100 entries, 170 kept so far
22:02:46  INFO     [CY] +0 new articles saved
22:02:47  INFO     [LU] 'machine learning' → 100 entries, 193 kept so far
22:02:48  INFO     [MT] 'EU AI Act' → 100 entries, 254 kept so far
22:02:49  INFO     [MT] 'generative AI' → 100 entries, 318 kept so far
22:02:49  INFO     [LU] 'EU AI Act' → 100 entries, 242 kept so far
22:02:50  INFO     [MT] +0 new articles saved
22:02:50  INFO     [LU] 'generative AI' → 100 entries, 269 kept so far
22:02:51  INFO     [LU] +0 new articles saved
22:02:51  INFO     Scrape complete. 2204 new articles this run.
