02:42:13  INFO     Starting scrape: 27 countries, 5 queries each
/home/runner/work/EU_AI_News/EU_AI_News/eu_ai_news_scraper.py:230: DeprecationWarning: datetime.datetime.utcnow() is deprecated and scheduled for removal in a future version. Use timezone-aware objects to represent datetimes in UTC: datetime.datetime.now(datetime.UTC).
  "scraped_at":   datetime.utcnow().isoformat(),
02:42:14  INFO     [PL] 'artificial intelligence' → 100 entries, 14 kept so far
02:42:14  INFO     [FR] 'artificial intelligence' → 100 entries, 49 kept so far
02:42:14  INFO     [IT] 'artificial intelligence' → 100 entries, 33 kept so far
02:42:14  INFO     [DE] 'artificial intelligence' → 100 entries, 51 kept so far
02:42:14  INFO     [ES] 'artificial intelligence' → 100 entries, 56 kept so far
02:42:15  INFO     [PL] 'AI regulation' → 100 entries, 82 kept so far
02:42:15  INFO     [FR] 'AI regulation' → 100 entries, 136 kept so far
02:42:15  INFO     [IT] 'AI regulation' → 100 entries, 116 kept so far
02:42:16  INFO     [DE] 'AI regulation' → 94 entries, 129 kept so far
02:42:16  INFO     [ES] 'AI regulation' → 78 entries, 90 kept so far
02:42:17  INFO     [PL] 'machine learning' → 100 entries, 116 kept so far
02:42:17  INFO     [FR] 'machine learning' → 100 entries, 194 kept so far
02:42:17  INFO     [IT] 'machine learning' → 100 entries, 190 kept so far
02:42:17  INFO     [DE] 'machine learning' → 100 entries, 171 kept so far
02:42:17  INFO     [ES] 'machine learning' → 100 entries, 167 kept so far
02:42:18  INFO     [PL] 'EU AI Act' → 77 entries, 131 kept so far
02:42:19  INFO     [FR] 'EU AI Act' → 84 entries, 231 kept so far
02:42:19  INFO     [DE] 'EU AI Act' → 100 entries, 247 kept so far
02:42:19  INFO     [IT] 'EU AI Act' → 100 entries, 265 kept so far
02:42:19  INFO     [ES] 'EU AI Act' → 78 entries, 192 kept so far
02:42:20  INFO     [PL] 'generative AI' → 100 entries, 165 kept so far
02:42:20  INFO     [FR] 'generative AI' → 100 entries, 260 kept so far
02:42:20  INFO     [DE] 'generative AI' → 100 entries, 268 kept so far
02:42:20  INFO     [IT] 'generative AI' → 100 entries, 301 kept so far
02:42:21  INFO     [ES] 'generative AI' → 100 entries, 229 kept so far
02:42:21  INFO     [PL] +79 new articles saved
02:42:21  INFO     [FR] +108 new articles saved
02:42:21  INFO     [DE] +161 new articles saved
02:42:21  INFO     [NL] 'artificial intelligence' → 100 entries, 12 kept so far
02:42:21  INFO     [IT] +153 new articles saved
02:42:22  INFO     [ES] +106 new articles saved
02:42:22  INFO     [BE] 'artificial intelligence' → 100 entries, 64 kept so far
02:42:22  INFO     [SE] 'artificial intelligence' → 100 entries, 8 kept so far
02:42:22  INFO     [DK] 'artificial intelligence' → 100 entries, 8 kept so far
02:42:22  INFO     [AT] 'artificial intelligence' → 100 entries, 50 kept so far
02:42:23  INFO     [NL] 'AI regulation' → 78 entries, 50 kept so far
02:42:24  INFO     [DK] 'AI regulation' → 34 entries, 14 kept so far
02:42:24  INFO     [SE] 'AI regulation' → 78 entries, 24 kept so far
02:42:24  INFO     [BE] 'AI regulation' → 100 entries, 152 kept so far
02:42:24  INFO     [AT] 'AI regulation' → 96 entries, 126 kept so far
02:42:25  INFO     [NL] 'machine learning' → 100 entries, 111 kept so far
02:42:25  INFO     [SE] 'machine learning' → 73 entries, 46 kept so far
02:42:25  INFO     [DK] 'machine learning' → 81 entries, 37 kept so far
02:42:25  INFO     [BE] 'machine learning' → 100 entries, 207 kept so far
02:42:25  INFO     [AT] 'machine learning' → 100 entries, 170 kept so far
02:42:26  INFO     [NL] 'EU AI Act' → 100 entries, 136 kept so far
02:42:27  INFO     [SE] 'EU AI Act' → 75 entries, 54 kept so far
02:42:27  INFO     [BE] 'EU AI Act' → 87 entries, 243 kept so far
02:42:27  INFO     [DK] 'EU AI Act' → 76 entries, 54 kept so far
02:42:27  INFO     [AT] 'EU AI Act' → 100 entries, 252 kept so far
02:42:28  INFO     [NL] 'generative AI' → 100 entries, 165 kept so far
02:42:28  INFO     [SE] 'generative AI' → 73 entries, 66 kept so far
02:42:29  INFO     [DK] 'generative AI' → 100 entries, 90 kept so far
02:42:29  INFO     [BE] 'generative AI' → 100 entries, 266 kept so far
02:42:29  INFO     [AT] 'generative AI' → 100 entries, 272 kept so far
02:42:29  INFO     [NL] +58 new articles saved
02:42:29  INFO     [SE] +24 new articles saved
02:42:29  INFO     [FI] 'artificial intelligence' → 100 entries, 47 kept so far
02:42:30  INFO     [DK] +27 new articles saved
02:42:30  INFO     [PT] 'artificial intelligence' → 100 entries, 64 kept so far
02:42:30  INFO     [BE] +25 new articles saved
02:42:30  INFO     [AT] +34 new articles saved
02:42:30  INFO     [CZ] 'artificial intelligence' → 100 entries, 22 kept so far
02:42:30  INFO     [RO] 'artificial intelligence' → 100 entries, 39 kept so far
02:42:30  INFO     [HU] 'artificial intelligence' → 100 entries, 18 kept so far
02:42:31  INFO     [FI] 'AI regulation' → 49 entries, 60 kept so far
02:42:31  INFO     [PT] 'AI regulation' → 75 entries, 92 kept so far
02:42:32  INFO     [CZ] 'AI regulation' → 77 entries, 39 kept so far
02:42:32  INFO     [RO] 'AI regulation' → 77 entries, 51 kept so far
02:42:32  INFO     [HU] 'AI regulation' → 79 entries, 21 kept so far
02:42:33  INFO     [FI] 'machine learning' → 89 entries, 102 kept so far
02:42:33  INFO     [PT] 'machine learning' → 100 entries, 165 kept so far
02:42:33  INFO     [CZ] 'machine learning' → 67 entries, 54 kept so far
02:42:33  INFO     [RO] 'machine learning' → 100 entries, 106 kept so far
02:42:34  INFO     [HU] 'machine learning' → 70 entries, 46 kept so far
02:42:34  INFO     [FI] 'EU AI Act' → 65 entries, 136 kept so far
02:42:35  INFO     [PT] 'EU AI Act' → 48 entries, 173 kept so far
02:42:35  INFO     [CZ] 'EU AI Act' → 71 entries, 62 kept so far
02:42:35  INFO     [RO] 'EU AI Act' → 78 entries, 118 kept so far
02:42:35  INFO     [HU] 'EU AI Act' → 78 entries, 65 kept so far
02:42:36  INFO     [FI] 'generative AI' → 62 entries, 170 kept so far
02:42:36  INFO     [PT] 'generative AI' → 100 entries, 200 kept so far
02:42:36  INFO     [CZ] 'generative AI' → 79 entries, 79 kept so far
02:42:36  INFO     [RO] 'generative AI' → 81 entries, 136 kept so far
02:42:37  INFO     [FI] +74 new articles saved
02:42:37  INFO     [HU] 'generative AI' → 74 entries, 90 kept so far
02:42:37  INFO     [GR] 'artificial intelligence' → 100 entries, 42 kept so far
02:42:37  INFO     [PT] +88 new articles saved
02:42:37  INFO     [CZ] +45 new articles saved
02:42:38  INFO     [RO] +62 new articles saved
02:42:38  INFO     [HU] +44 new articles saved
02:42:38  INFO     [HR] 'artificial intelligence' → 102 entries, 55 kept so far
02:42:38  INFO     [SK] 'artificial intelligence' → 100 entries, 22 kept so far
02:42:38  INFO     [IE] 'artificial intelligence' → 100 entries, 56 kept so far
02:42:38  INFO     [BG] 'artificial intelligence' → 69 entries, 33 kept so far
02:42:39  INFO     [GR] 'AI regulation' → 61 entries, 89 kept so far
02:42:40  INFO     [HR] 'AI regulation' → 100 entries, 100 kept so far
02:42:40  INFO     [SK] 'AI regulation' → 22 entries, 26 kept so far
02:42:40  INFO     [BG] 'AI regulation' → 13 entries, 34 kept so far
02:42:40  INFO     [IE] 'AI regulation' → 100 entries, 97 kept so far
02:42:40  INFO     [GR] 'machine learning' → 88 entries, 126 kept so far
02:42:41  INFO     [HR] 'machine learning' → 100 entries, 168 kept so far
02:42:41  INFO     [SK] 'machine learning' → 63 entries, 43 kept so far
02:42:41  INFO     [BG] 'machine learning' → 59 entries, 43 kept so far
02:42:42  INFO     [IE] 'machine learning' → 100 entries, 163 kept so far
02:42:42  INFO     [GR] 'EU AI Act' → 60 entries, 145 kept so far
02:42:43  INFO     [HR] 'EU AI Act' → 100 entries, 244 kept so far
02:42:43  INFO     [BG] 'EU AI Act' → 11 entries, 46 kept so far
02:42:43  INFO     [SK] 'EU AI Act' → 65 entries, 58 kept so far
02:42:43  INFO     [IE] 'EU AI Act' → 100 entries, 230 kept so far
02:42:43  INFO     [GR] 'generative AI' → 100 entries, 184 kept so far
02:42:44  INFO     [BG] 'generative AI' → 28 entries, 50 kept so far
02:42:44  INFO     [HR] 'generative AI' → 100 entries, 297 kept so far
02:42:44  INFO     [SK] 'generative AI' → 50 entries, 65 kept so far
02:42:44  INFO     [GR] +108 new articles saved
02:42:45  INFO     [LT] 'artificial intelligence' → 79 entries, 28 kept so far
02:42:45  INFO     [BG] +26 new articles saved
02:42:45  INFO     [IE] 'generative AI' → 100 entries, 280 kept so far
02:42:45  INFO     [HR] +249 new articles saved
02:42:45  INFO     [SK] +29 new articles saved
02:42:46  INFO     [LV] 'artificial intelligence' → 80 entries, 25 kept so far
02:42:46  INFO     [SI] 'artificial intelligence' → 100 entries, 50 kept so far
02:42:46  INFO     [EE] 'artificial intelligence' → 100 entries, 49 kept so far
02:42:46  INFO     [IE] +72 new articles saved
02:42:46  INFO     [LT] 'AI regulation' → 10 entries, 28 kept so far
02:42:47  INFO     [CY] 'artificial intelligence' → 100 entries, 42 kept so far
02:42:47  INFO     [LV] 'AI regulation' → 11 entries, 25 kept so far
02:42:47  INFO     [SI] 'AI regulation' → 5 entries, 50 kept so far
02:42:47  INFO     [EE] 'AI regulation' → 13 entries, 51 kept so far
02:42:48  INFO     [LT] 'machine learning' → 28 entries, 32 kept so far
02:42:48  INFO     [CY] 'AI regulation' → 61 entries, 89 kept so far
02:42:48  INFO     [LV] 'machine learning' → 10 entries, 26 kept so far
02:42:48  INFO     [SI] 'machine learning' → 23 entries, 53 kept so far
02:42:48  INFO     [EE] 'machine learning' → 13 entries, 55 kept so far
02:42:49  INFO     [LT] 'EU AI Act' → 23 entries, 33 kept so far
02:42:50  INFO     [LV] 'EU AI Act' → 8 entries, 26 kept so far
02:42:50  INFO     [CY] 'machine learning' → 90 entries, 126 kept so far
02:42:50  INFO     [SI] 'EU AI Act' → 25 entries, 58 kept so far
02:42:50  INFO     [EE] 'EU AI Act' → 17 entries, 57 kept so far
02:42:50  INFO     [LT] 'generative AI' → 22 entries, 40 kept so far
02:42:51  INFO     [LV] 'generative AI' → 8 entries, 27 kept so far
02:42:51  INFO     [CY] 'EU AI Act' → 60 entries, 144 kept so far
02:42:51  INFO     [SI] 'generative AI' → 13 entries, 61 kept so far
02:42:51  INFO     [EE] 'generative AI' → 13 entries, 61 kept so far
02:42:51  INFO     [LT] +9 new articles saved
02:42:52  INFO     [LV] +13 new articles saved
02:42:52  INFO     [LU] 'artificial intelligence' → 100 entries, 49 kept so far
02:42:52  INFO     [MT] 'artificial intelligence' → 102 entries, 55 kept so far
02:42:52  INFO     [SI] +21 new articles saved
02:42:52  INFO     [EE] +22 new articles saved
02:42:53  INFO     [CY] 'generative AI' → 100 entries, 181 kept so far
02:42:53  INFO     [MT] 'AI regulation' → 100 entries, 100 kept so far
02:42:54  INFO     [LU] 'AI regulation' → 100 entries, 136 kept so far
02:42:54  INFO     [CY] +1 new articles saved
02:42:54  INFO     [MT] 'machine learning' → 100 entries, 168 kept so far
02:42:55  INFO     [LU] 'machine learning' → 100 entries, 194 kept so far
02:42:56  INFO     [MT] 'EU AI Act' → 100 entries, 244 kept so far
02:42:57  INFO     [LU] 'EU AI Act' → 84 entries, 231 kept so far
02:42:57  INFO     [MT] 'generative AI' → 100 entries, 297 kept so far
02:42:58  INFO     [MT] +0 new articles saved
02:42:58  INFO     [LU] 'generative AI' → 100 entries, 262 kept so far
02:42:59  INFO     [LU] +0 new articles saved
02:42:59  INFO     Scrape complete. 1638 new articles this run.
