04:36:47  INFO     Starting scrape: 27 countries, 5 queries each
04:36:48  INFO     [DE] 'artificial intelligence' → 100 entries, 50 kept so far
/home/runner/work/EU_AI_News/EU_AI_News/eu_ai_news_scraper.py:230: DeprecationWarning: datetime.datetime.utcnow() is deprecated and scheduled for removal in a future version. Use timezone-aware objects to represent datetimes in UTC: datetime.datetime.now(datetime.UTC).
  "scraped_at":   datetime.utcnow().isoformat(),
04:36:48  INFO     [PL] 'artificial intelligence' → 100 entries, 18 kept so far
04:36:48  INFO     [ES] 'artificial intelligence' → 100 entries, 56 kept so far
04:36:48  INFO     [IT] 'artificial intelligence' → 100 entries, 25 kept so far
04:36:48  INFO     [FR] 'artificial intelligence' → 100 entries, 47 kept so far
04:36:49  INFO     [PL] 'AI regulation' → 78 entries, 80 kept so far
04:36:49  INFO     [DE] 'AI regulation' → 100 entries, 130 kept so far
04:36:49  INFO     [ES] 'AI regulation' → 78 entries, 96 kept so far
04:36:49  INFO     [FR] 'AI regulation' → 100 entries, 137 kept so far
04:36:49  INFO     [IT] 'AI regulation' → 100 entries, 117 kept so far
04:36:51  INFO     [PL] 'machine learning' → 100 entries, 133 kept so far
04:36:51  INFO     [DE] 'machine learning' → 100 entries, 182 kept so far
04:36:51  INFO     [FR] 'machine learning' → 100 entries, 194 kept so far
04:36:51  INFO     [IT] 'machine learning' → 100 entries, 195 kept so far
04:36:51  INFO     [ES] 'machine learning' → 100 entries, 170 kept so far
04:36:52  INFO     [PL] 'EU AI Act' → 78 entries, 149 kept so far
04:36:52  INFO     [DE] 'EU AI Act' → 100 entries, 256 kept so far
04:36:53  INFO     [IT] 'EU AI Act' → 100 entries, 256 kept so far
04:36:53  INFO     [FR] 'EU AI Act' → 100 entries, 240 kept so far
04:36:53  INFO     [ES] 'EU AI Act' → 78 entries, 196 kept so far
04:36:54  INFO     [PL] 'generative AI' → 100 entries, 180 kept so far
04:36:54  INFO     [DE] 'generative AI' → 100 entries, 280 kept so far
04:36:54  INFO     [IT] 'generative AI' → 100 entries, 296 kept so far
04:36:54  INFO     [ES] 'generative AI' → 100 entries, 244 kept so far
04:36:54  INFO     [FR] 'generative AI' → 100 entries, 268 kept so far
04:36:55  INFO     [PL] +105 new articles saved
04:36:55  INFO     [DE] +198 new articles saved
04:36:55  INFO     [IT] +196 new articles saved
04:36:55  INFO     [ES] +161 new articles saved
04:36:55  INFO     [FR] +167 new articles saved
04:36:55  INFO     [NL] 'artificial intelligence' → 100 entries, 14 kept so far
04:36:56  INFO     [BE] 'artificial intelligence' → 100 entries, 56 kept so far
04:36:56  INFO     [SE] 'artificial intelligence' → 100 entries, 10 kept so far
04:36:56  INFO     [AT] 'artificial intelligence' → 100 entries, 46 kept so far
04:36:56  INFO     [DK] 'artificial intelligence' → 100 entries, 21 kept so far
04:36:57  INFO     [NL] 'AI regulation' → 79 entries, 61 kept so far
04:36:57  INFO     [SE] 'AI regulation' → 76 entries, 24 kept so far
04:36:57  INFO     [DK] 'AI regulation' → 48 entries, 28 kept so far
04:36:57  INFO     [BE] 'AI regulation' → 100 entries, 146 kept so far
04:36:57  INFO     [AT] 'AI regulation' → 100 entries, 123 kept so far
04:36:59  INFO     [NL] 'machine learning' → 100 entries, 110 kept so far
04:36:59  INFO     [SE] 'machine learning' → 80 entries, 45 kept so far
04:36:59  INFO     [DK] 'machine learning' → 82 entries, 49 kept so far
04:36:59  INFO     [BE] 'machine learning' → 100 entries, 202 kept so far
04:36:59  INFO     [AT] 'machine learning' → 100 entries, 174 kept so far
04:37:00  INFO     [NL] 'EU AI Act' → 100 entries, 140 kept so far
04:37:00  INFO     [SE] 'EU AI Act' → 70 entries, 53 kept so far
04:37:01  INFO     [DK] 'EU AI Act' → 76 entries, 70 kept so far
04:37:01  INFO     [BE] 'EU AI Act' → 100 entries, 243 kept so far
04:37:01  INFO     [AT] 'EU AI Act' → 100 entries, 253 kept so far
04:37:02  INFO     [NL] 'generative AI' → 100 entries, 173 kept so far
04:37:02  INFO     [SE] 'generative AI' → 78 entries, 66 kept so far
04:37:02  INFO     [DK] 'generative AI' → 100 entries, 104 kept so far
04:37:02  INFO     [AT] 'generative AI' → 100 entries, 278 kept so far
04:37:02  INFO     [BE] 'generative AI' → 100 entries, 268 kept so far
04:37:03  INFO     [NL] +92 new articles saved
04:37:03  INFO     [SE] +37 new articles saved
04:37:03  INFO     [DK] +55 new articles saved
04:37:03  INFO     [FI] 'artificial intelligence' → 100 entries, 58 kept so far
04:37:03  INFO     [AT] +41 new articles saved
04:37:03  INFO     [BE] +34 new articles saved
04:37:04  INFO     [PT] 'artificial intelligence' → 100 entries, 54 kept so far
04:37:04  INFO     [CZ] 'artificial intelligence' → 100 entries, 13 kept so far
04:37:04  INFO     [HU] 'artificial intelligence' → 100 entries, 18 kept so far
04:37:04  INFO     [RO] 'artificial intelligence' → 100 entries, 32 kept so far
04:37:05  INFO     [FI] 'AI regulation' → 62 entries, 71 kept so far
04:37:05  INFO     [PT] 'AI regulation' → 77 entries, 93 kept so far
04:37:05  INFO     [CZ] 'AI regulation' → 77 entries, 36 kept so far
04:37:05  INFO     [RO] 'AI regulation' → 79 entries, 40 kept so far
04:37:06  INFO     [HU] 'AI regulation' → 78 entries, 22 kept so far
04:37:07  INFO     [FI] 'machine learning' → 95 entries, 120 kept so far
04:37:07  INFO     [CZ] 'machine learning' → 82 entries, 56 kept so far
04:37:07  INFO     [HU] 'machine learning' → 70 entries, 42 kept so far
04:37:07  INFO     [PT] 'machine learning' → 100 entries, 167 kept so far
04:37:07  INFO     [RO] 'machine learning' → 100 entries, 99 kept so far
04:37:08  INFO     [FI] 'EU AI Act' → 71 entries, 161 kept so far
04:37:08  INFO     [CZ] 'EU AI Act' → 74 entries, 71 kept so far
04:37:09  INFO     [HU] 'EU AI Act' → 79 entries, 67 kept so far
04:37:09  INFO     [RO] 'EU AI Act' → 76 entries, 124 kept so far
04:37:09  INFO     [PT] 'EU AI Act' → 72 entries, 181 kept so far
04:37:10  INFO     [FI] 'generative AI' → 67 entries, 200 kept so far
04:37:10  INFO     [CZ] 'generative AI' → 75 entries, 90 kept so far
04:37:10  INFO     [HU] 'generative AI' → 64 entries, 85 kept so far
04:37:10  INFO     [RO] 'generative AI' → 89 entries, 147 kept so far
04:37:10  INFO     [PT] 'generative AI' → 100 entries, 213 kept so far
04:37:11  INFO     [FI] +115 new articles saved
04:37:11  INFO     [CZ] +57 new articles saved
04:37:11  INFO     [HU] +51 new articles saved
04:37:11  INFO     [GR] 'artificial intelligence' → 100 entries, 40 kept so far
04:37:11  INFO     [RO] +94 new articles saved
04:37:11  INFO     [SK] 'artificial intelligence' → 100 entries, 25 kept so far
04:37:11  INFO     [PT] +141 new articles saved
04:37:12  INFO     [IE] 'artificial intelligence' → 100 entries, 59 kept so far
04:37:12  INFO     [HR] 'artificial intelligence' → 104 entries, 63 kept so far
04:37:12  INFO     [BG] 'artificial intelligence' → 95 entries, 37 kept so far
04:37:13  INFO     [GR] 'AI regulation' → 67 entries, 91 kept so far
04:37:13  INFO     [SK] 'AI regulation' → 28 entries, 29 kept so far
04:37:13  INFO     [BG] 'AI regulation' → 15 entries, 37 kept so far
04:37:14  INFO     [IE] 'AI regulation' → 100 entries, 111 kept so far
04:37:14  INFO     [HR] 'AI regulation' → 102 entries, 118 kept so far
04:37:14  INFO     [SK] 'machine learning' → 61 entries, 45 kept so far
04:37:14  INFO     [GR] 'machine learning' → 100 entries, 135 kept so far
04:37:15  INFO     [BG] 'machine learning' → 55 entries, 48 kept so far
04:37:15  INFO     [HR] 'machine learning' → 100 entries, 185 kept so far
04:37:15  INFO     [IE] 'machine learning' → 100 entries, 181 kept so far
04:37:16  INFO     [SK] 'EU AI Act' → 63 entries, 52 kept so far
04:37:16  INFO     [GR] 'EU AI Act' → 59 entries, 152 kept so far
04:37:16  INFO     [BG] 'EU AI Act' → 17 entries, 51 kept so far
04:37:17  INFO     [HR] 'EU AI Act' → 100 entries, 274 kept so far
04:37:17  INFO     [IE] 'EU AI Act' → 100 entries, 259 kept so far
04:37:17  INFO     [SK] 'generative AI' → 53 entries, 61 kept so far
04:37:18  INFO     [GR] 'generative AI' → 100 entries, 193 kept so far
04:37:18  INFO     [BG] 'generative AI' → 35 entries, 59 kept so far
04:37:18  INFO     [SK] +35 new articles saved
04:37:19  INFO     [HR] 'generative AI' → 100 entries, 330 kept so far
04:37:19  INFO     [GR] +126 new articles saved
04:37:19  INFO     [IE] 'generative AI' → 100 entries, 314 kept so far
04:37:19  INFO     [LT] 'artificial intelligence' → 88 entries, 28 kept so far
04:37:19  INFO     [BG] +35 new articles saved
04:37:19  INFO     [SI] 'artificial intelligence' → 100 entries, 42 kept so far
04:37:19  INFO     [LV] 'artificial intelligence' → 75 entries, 21 kept so far
04:37:20  INFO     [HR] +304 new articles saved
04:37:20  INFO     [IE] +117 new articles saved
04:37:20  INFO     [LT] 'AI regulation' → 3 entries, 28 kept so far
04:37:20  INFO     [EE] 'artificial intelligence' → 100 entries, 42 kept so far
04:37:20  INFO     [CY] 'artificial intelligence' → 100 entries, 40 kept so far
04:37:20  INFO     [LV] 'AI regulation' → 2 entries, 21 kept so far
04:37:20  INFO     [SI] 'AI regulation' → 6 entries, 42 kept so far
04:37:21  INFO     [LT] 'machine learning' → 38 entries, 31 kept so far
04:37:22  INFO     [EE] 'AI regulation' → 8 entries, 42 kept so far
04:37:22  INFO     [CY] 'AI regulation' → 67 entries, 91 kept so far
04:37:22  INFO     [LV] 'machine learning' → 19 entries, 24 kept so far
04:37:22  INFO     [SI] 'machine learning' → 23 entries, 45 kept so far
04:37:23  INFO     [LT] 'EU AI Act' → 18 entries, 32 kept so far
04:37:23  INFO     [LV] 'EU AI Act' → 7 entries, 24 kept so far
04:37:23  INFO     [EE] 'machine learning' → 26 entries, 44 kept so far
04:37:23  INFO     [CY] 'machine learning' → 100 entries, 135 kept so far
04:37:23  INFO     [SI] 'EU AI Act' → 19 entries, 49 kept so far
04:37:24  INFO     [LT] 'generative AI' → 16 entries, 38 kept so far
04:37:24  INFO     [LV] 'generative AI' → 10 entries, 25 kept so far
04:37:25  INFO     [EE] 'EU AI Act' → 14 entries, 45 kept so far
04:37:25  INFO     [SI] 'generative AI' → 14 entries, 51 kept so far
04:37:25  INFO     [CY] 'EU AI Act' → 61 entries, 154 kept so far
04:37:25  INFO     [LT] +19 new articles saved
04:37:25  INFO     [LV] +12 new articles saved
04:37:26  INFO     [MT] 'artificial intelligence' → 104 entries, 63 kept so far
04:37:26  INFO     [LU] 'artificial intelligence' → 100 entries, 47 kept so far
04:37:26  INFO     [SI] +24 new articles saved
04:37:26  INFO     [EE] 'generative AI' → 13 entries, 48 kept so far
04:37:26  INFO     [CY] 'generative AI' → 100 entries, 195 kept so far
04:37:27  INFO     [MT] 'AI regulation' → 102 entries, 118 kept so far
04:37:27  INFO     [EE] +24 new articles saved
04:37:27  INFO     [LU] 'AI regulation' → 100 entries, 137 kept so far
04:37:27  INFO     [CY] +2 new articles saved
04:37:28  INFO     [MT] 'machine learning' → 100 entries, 185 kept so far
04:37:29  INFO     [LU] 'machine learning' → 100 entries, 194 kept so far
04:37:29  INFO     [MT] 'EU AI Act' → 100 entries, 274 kept so far
04:37:31  INFO     [MT] 'generative AI' → 100 entries, 330 kept so far
04:37:31  INFO     [LU] 'EU AI Act' → 100 entries, 240 kept so far
04:37:32  INFO     [MT] +0 new articles saved
04:37:32  INFO     [LU] 'generative AI' → 100 entries, 269 kept so far
04:37:33  INFO     [LU] +1 new articles saved
04:37:33  INFO     Scrape complete. 2243 new articles this run.
