20:48:31  INFO     Starting scrape: 27 countries, 5 queries each
/home/runner/work/EU_AI_News/EU_AI_News/eu_ai_news_scraper.py:230: DeprecationWarning: datetime.datetime.utcnow() is deprecated and scheduled for removal in a future version. Use timezone-aware objects to represent datetimes in UTC: datetime.datetime.now(datetime.UTC).
  "scraped_at":   datetime.utcnow().isoformat(),
20:48:31  INFO     [DE] 'artificial intelligence' → 100 entries, 47 kept so far
20:48:31  INFO     [FR] 'artificial intelligence' → 100 entries, 47 kept so far
20:48:31  INFO     [PL] 'artificial intelligence' → 100 entries, 19 kept so far
20:48:31  INFO     [IT] 'artificial intelligence' → 100 entries, 33 kept so far
20:48:31  INFO     [ES] 'artificial intelligence' → 100 entries, 61 kept so far
20:48:33  INFO     [DE] 'AI regulation' → 100 entries, 126 kept so far
20:48:33  INFO     [FR] 'AI regulation' → 100 entries, 137 kept so far
20:48:33  INFO     [PL] 'AI regulation' → 78 entries, 81 kept so far
20:48:33  INFO     [IT] 'AI regulation' → 100 entries, 122 kept so far
20:48:33  INFO     [ES] 'AI regulation' → 78 entries, 101 kept so far
20:48:34  INFO     [DE] 'machine learning' → 100 entries, 177 kept so far
20:48:34  INFO     [FR] 'machine learning' → 100 entries, 203 kept so far
20:48:35  INFO     [PL] 'machine learning' → 100 entries, 134 kept so far
20:48:35  INFO     [IT] 'machine learning' → 100 entries, 200 kept so far
20:48:35  INFO     [ES] 'machine learning' → 100 entries, 174 kept so far
20:48:36  INFO     [DE] 'EU AI Act' → 100 entries, 250 kept so far
20:48:36  INFO     [PL] 'EU AI Act' → 78 entries, 151 kept so far
20:48:36  INFO     [FR] 'EU AI Act' → 100 entries, 251 kept so far
20:48:36  INFO     [IT] 'EU AI Act' → 100 entries, 263 kept so far
20:48:37  INFO     [ES] 'EU AI Act' → 78 entries, 200 kept so far
20:48:37  INFO     [DE] 'generative AI' → 100 entries, 274 kept so far
20:48:38  INFO     [PL] 'generative AI' → 100 entries, 182 kept so far
20:48:38  INFO     [IT] 'generative AI' → 100 entries, 305 kept so far
20:48:38  INFO     [FR] 'generative AI' → 100 entries, 280 kept so far
20:48:38  INFO     [ES] 'generative AI' → 100 entries, 245 kept so far
20:48:38  INFO     [DE] +190 new articles saved
20:48:39  INFO     [PL] +108 new articles saved
20:48:39  INFO     [IT] +204 new articles saved
20:48:39  INFO     [FR] +182 new articles saved
20:48:39  INFO     [NL] 'artificial intelligence' → 100 entries, 14 kept so far
20:48:39  INFO     [BE] 'artificial intelligence' → 100 entries, 56 kept so far
20:48:39  INFO     [ES] +157 new articles saved
20:48:40  INFO     [SE] 'artificial intelligence' → 100 entries, 10 kept so far
20:48:40  INFO     [AT] 'artificial intelligence' → 100 entries, 48 kept so far
20:48:40  INFO     [DK] 'artificial intelligence' → 100 entries, 20 kept so far
20:48:41  INFO     [NL] 'AI regulation' → 79 entries, 60 kept so far
20:48:41  INFO     [SE] 'AI regulation' → 76 entries, 24 kept so far
20:48:41  INFO     [BE] 'AI regulation' → 100 entries, 146 kept so far
20:48:41  INFO     [AT] 'AI regulation' → 100 entries, 122 kept so far
20:48:42  INFO     [DK] 'AI regulation' → 48 entries, 26 kept so far
20:48:42  INFO     [NL] 'machine learning' → 100 entries, 110 kept so far
20:48:43  INFO     [SE] 'machine learning' → 84 entries, 45 kept so far
20:48:43  INFO     [BE] 'machine learning' → 100 entries, 217 kept so far
20:48:43  INFO     [AT] 'machine learning' → 100 entries, 173 kept so far
20:48:43  INFO     [DK] 'machine learning' → 80 entries, 48 kept so far
20:48:44  INFO     [NL] 'EU AI Act' → 100 entries, 142 kept so far
20:48:44  INFO     [SE] 'EU AI Act' → 70 entries, 53 kept so far
20:48:45  INFO     [DK] 'EU AI Act' → 74 entries, 68 kept so far
20:48:45  INFO     [AT] 'EU AI Act' → 100 entries, 250 kept so far
20:48:45  INFO     [BE] 'EU AI Act' → 100 entries, 261 kept so far
20:48:45  INFO     [NL] 'generative AI' → 100 entries, 174 kept so far
20:48:46  INFO     [SE] 'generative AI' → 80 entries, 66 kept so far
20:48:46  INFO     [DK] 'generative AI' → 100 entries, 102 kept so far
20:48:46  INFO     [AT] 'generative AI' → 100 entries, 276 kept so far
20:48:46  INFO     [NL] +94 new articles saved
20:48:47  INFO     [BE] 'generative AI' → 100 entries, 287 kept so far
20:48:47  INFO     [SE] +37 new articles saved
20:48:47  INFO     [FI] 'artificial intelligence' → 100 entries, 58 kept so far
20:48:47  INFO     [PT] 'artificial intelligence' → 100 entries, 53 kept so far
20:48:47  INFO     [DK] +53 new articles saved
20:48:47  INFO     [AT] +42 new articles saved
20:48:48  INFO     [BE] +42 new articles saved
20:48:48  INFO     [CZ] 'artificial intelligence' → 100 entries, 13 kept so far
20:48:48  INFO     [RO] 'artificial intelligence' → 100 entries, 34 kept so far
20:48:48  INFO     [HU] 'artificial intelligence' → 100 entries, 17 kept so far
20:48:49  INFO     [FI] 'AI regulation' → 63 entries, 71 kept so far
20:48:49  INFO     [PT] 'AI regulation' → 77 entries, 92 kept so far
20:48:50  INFO     [CZ] 'AI regulation' → 78 entries, 36 kept so far
20:48:50  INFO     [RO] 'AI regulation' → 79 entries, 43 kept so far
20:48:50  INFO     [HU] 'AI regulation' → 78 entries, 20 kept so far
20:48:50  INFO     [FI] 'machine learning' → 96 entries, 120 kept so far
20:48:51  INFO     [PT] 'machine learning' → 100 entries, 170 kept so far
20:48:51  INFO     [CZ] 'machine learning' → 84 entries, 56 kept so far
20:48:51  INFO     [RO] 'machine learning' → 100 entries, 98 kept so far
20:48:51  INFO     [HU] 'machine learning' → 66 entries, 41 kept so far
20:48:52  INFO     [FI] 'EU AI Act' → 67 entries, 158 kept so far
20:48:52  INFO     [PT] 'EU AI Act' → 69 entries, 184 kept so far
20:48:53  INFO     [CZ] 'EU AI Act' → 75 entries, 71 kept so far
20:48:53  INFO     [HU] 'EU AI Act' → 79 entries, 63 kept so far
20:48:53  INFO     [RO] 'EU AI Act' → 77 entries, 122 kept so far
20:48:53  INFO     [FI] 'generative AI' → 67 entries, 196 kept so far
20:48:54  INFO     [PT] 'generative AI' → 100 entries, 217 kept so far
20:48:54  INFO     [CZ] 'generative AI' → 77 entries, 88 kept so far
20:48:54  INFO     [HU] 'generative AI' → 64 entries, 81 kept so far
20:48:54  INFO     [FI] +114 new articles saved
20:48:55  INFO     [RO] 'generative AI' → 88 entries, 146 kept so far
20:48:55  INFO     [GR] 'artificial intelligence' → 100 entries, 37 kept so far
20:48:55  INFO     [PT] +150 new articles saved
20:48:55  INFO     [CZ] +59 new articles saved
20:48:55  INFO     [HU] +47 new articles saved
20:48:56  INFO     [RO] +92 new articles saved
20:48:56  INFO     [SK] 'artificial intelligence' → 100 entries, 26 kept so far
20:48:56  INFO     [HR] 'artificial intelligence' → 100 entries, 62 kept so far
20:48:56  INFO     [IE] 'artificial intelligence' → 100 entries, 63 kept so far
20:48:56  INFO     [BG] 'artificial intelligence' → 88 entries, 34 kept so far
20:48:57  INFO     [GR] 'AI regulation' → 70 entries, 88 kept so far
20:48:57  INFO     [SK] 'AI regulation' → 31 entries, 30 kept so far
20:48:57  INFO     [HR] 'AI regulation' → 100 entries, 110 kept so far
20:48:58  INFO     [BG] 'AI regulation' → 13 entries, 34 kept so far
20:48:58  INFO     [IE] 'AI regulation' → 100 entries, 113 kept so far
20:48:58  INFO     [GR] 'machine learning' → 100 entries, 131 kept so far
20:48:59  INFO     [SK] 'machine learning' → 61 entries, 45 kept so far
20:48:59  INFO     [HR] 'machine learning' → 100 entries, 184 kept so far
20:48:59  INFO     [BG] 'machine learning' → 54 entries, 45 kept so far
20:48:59  INFO     [IE] 'machine learning' → 100 entries, 190 kept so far
20:49:00  INFO     [GR] 'EU AI Act' → 60 entries, 147 kept so far
20:49:00  INFO     [SK] 'EU AI Act' → 63 entries, 51 kept so far
20:49:00  INFO     [HR] 'EU AI Act' → 100 entries, 274 kept so far
20:49:01  INFO     [BG] 'EU AI Act' → 18 entries, 47 kept so far
20:49:01  INFO     [GR] 'generative AI' → 100 entries, 185 kept so far
20:49:01  INFO     [IE] 'EU AI Act' → 100 entries, 271 kept so far
20:49:02  INFO     [SK] 'generative AI' → 53 entries, 60 kept so far
20:49:02  INFO     [HR] 'generative AI' → 100 entries, 335 kept so far
20:49:02  INFO     [BG] 'generative AI' → 30 entries, 52 kept so far
20:49:02  INFO     [GR] +126 new articles saved
20:49:03  INFO     [LT] 'artificial intelligence' → 89 entries, 28 kept so far
20:49:03  INFO     [SK] +34 new articles saved
20:49:03  INFO     [IE] 'generative AI' → 100 entries, 332 kept so far
20:49:03  INFO     [HR] +303 new articles saved
20:49:03  INFO     [BG] +31 new articles saved
20:49:03  INFO     [SI] 'artificial intelligence' → 100 entries, 44 kept so far
20:49:04  INFO     [LV] 'artificial intelligence' → 72 entries, 21 kept so far
20:49:04  INFO     [EE] 'artificial intelligence' → 100 entries, 47 kept so far
20:49:04  INFO     [LT] 'AI regulation' → 5 entries, 28 kept so far
20:49:04  INFO     [IE] +131 new articles saved
20:49:04  INFO     [SI] 'AI regulation' → 6 entries, 44 kept so far
20:49:05  INFO     [CY] 'artificial intelligence' → 100 entries, 37 kept so far
20:49:05  INFO     [LV] 'AI regulation' → 2 entries, 21 kept so far
20:49:05  INFO     [EE] 'AI regulation' → 8 entries, 47 kept so far
20:49:05  INFO     [LT] 'machine learning' → 40 entries, 32 kept so far
20:49:06  INFO     [SI] 'machine learning' → 22 entries, 46 kept so far
20:49:06  INFO     [CY] 'AI regulation' → 70 entries, 88 kept so far
20:49:06  INFO     [LV] 'machine learning' → 15 entries, 24 kept so far
20:49:07  INFO     [LT] 'EU AI Act' → 17 entries, 33 kept so far
20:49:07  INFO     [EE] 'machine learning' → 26 entries, 49 kept so far
20:49:07  INFO     [LV] 'EU AI Act' → 7 entries, 24 kept so far
20:49:08  INFO     [SI] 'EU AI Act' → 20 entries, 50 kept so far
20:49:08  INFO     [CY] 'machine learning' → 100 entries, 130 kept so far
20:49:08  INFO     [LT] 'generative AI' → 16 entries, 39 kept so far
20:49:08  INFO     [EE] 'EU AI Act' → 14 entries, 50 kept so far
20:49:09  INFO     [SI] 'generative AI' → 14 entries, 52 kept so far
20:49:09  INFO     [LV] 'generative AI' → 9 entries, 25 kept so far
20:49:09  INFO     [LT] +18 new articles saved
20:49:09  INFO     [CY] 'EU AI Act' → 60 entries, 146 kept so far
20:49:09  INFO     [EE] 'generative AI' → 13 entries, 53 kept so far
20:49:10  INFO     [LU] 'artificial intelligence' → 100 entries, 47 kept so far
20:49:10  INFO     [SI] +23 new articles saved
20:49:10  INFO     [LV] +13 new articles saved
20:49:10  INFO     [MT] 'artificial intelligence' → 100 entries, 62 kept so far
20:49:10  INFO     [EE] +29 new articles saved
20:49:11  INFO     [CY] 'generative AI' → 100 entries, 185 kept so far
20:49:11  INFO     [MT] 'AI regulation' → 100 entries, 110 kept so far
20:49:11  INFO     [LU] 'AI regulation' → 100 entries, 137 kept so far
20:49:12  INFO     [CY] +0 new articles saved
20:49:12  INFO     [MT] 'machine learning' → 100 entries, 184 kept so far
20:49:13  INFO     [LU] 'machine learning' → 100 entries, 203 kept so far
20:49:13  INFO     [MT] 'EU AI Act' → 100 entries, 274 kept so far
20:49:14  INFO     [LU] 'EU AI Act' → 100 entries, 251 kept so far
20:49:15  INFO     [MT] 'generative AI' → 100 entries, 335 kept so far
20:49:16  INFO     [MT] +0 new articles saved
20:49:16  INFO     [LU] 'generative AI' → 100 entries, 280 kept so far
20:49:17  INFO     [LU] +0 new articles saved
20:49:17  INFO     Scrape complete. 2279 new articles this run.
