21:20:12  INFO     Starting scrape: 27 countries, 5 queries each
/home/runner/work/EU_AI_News/EU_AI_News/eu_ai_news_scraper.py:230: DeprecationWarning: datetime.datetime.utcnow() is deprecated and scheduled for removal in a future version. Use timezone-aware objects to represent datetimes in UTC: datetime.datetime.now(datetime.UTC).
  "scraped_at":   datetime.utcnow().isoformat(),
21:20:12  INFO     [FR] 'artificial intelligence' → 100 entries, 51 kept so far
21:20:12  INFO     [IT] 'artificial intelligence' → 100 entries, 49 kept so far
21:20:12  INFO     [PL] 'artificial intelligence' → 100 entries, 16 kept so far
21:20:13  INFO     [ES] 'artificial intelligence' → 100 entries, 60 kept so far
21:20:13  INFO     [DE] 'artificial intelligence' → 100 entries, 45 kept so far
21:20:14  INFO     [FR] 'AI regulation' → 100 entries, 136 kept so far
21:20:14  INFO     [PL] 'AI regulation' → 90 entries, 89 kept so far
21:20:14  INFO     [IT] 'AI regulation' → 100 entries, 139 kept so far
21:20:14  INFO     [ES] 'AI regulation' → 83 entries, 120 kept so far
21:20:14  INFO     [DE] 'AI regulation' → 100 entries, 124 kept so far
21:20:16  INFO     [FR] 'machine learning' → 100 entries, 195 kept so far
21:20:16  INFO     [PL] 'machine learning' → 100 entries, 137 kept so far
21:20:16  INFO     [IT] 'machine learning' → 100 entries, 213 kept so far
21:20:16  INFO     [DE] 'machine learning' → 100 entries, 180 kept so far
21:20:16  INFO     [ES] 'machine learning' → 100 entries, 198 kept so far
21:20:17  INFO     [FR] 'EU AI Act' → 86 entries, 240 kept so far
21:20:17  INFO     [PL] 'EU AI Act' → 78 entries, 165 kept so far
21:20:18  INFO     [IT] 'EU AI Act' → 100 entries, 279 kept so far
21:20:18  INFO     [DE] 'EU AI Act' → 100 entries, 234 kept so far
21:20:18  INFO     [ES] 'EU AI Act' → 78 entries, 222 kept so far
21:20:19  INFO     [PL] 'generative AI' → 100 entries, 198 kept so far
21:20:19  INFO     [FR] 'generative AI' → 100 entries, 261 kept so far
21:20:19  INFO     [DE] 'generative AI' → 51 entries, 272 kept so far
21:20:19  INFO     [IT] 'generative AI' → 100 entries, 326 kept so far
21:20:19  INFO     [ES] 'generative AI' → 100 entries, 268 kept so far
21:20:20  INFO     [PL] +123 new articles saved
21:20:20  INFO     [FR] +148 new articles saved
21:20:20  INFO     [DE] +215 new articles saved
21:20:20  INFO     [IT] +240 new articles saved
21:20:20  INFO     [ES] +158 new articles saved
21:20:21  INFO     [NL] 'artificial intelligence' → 100 entries, 16 kept so far
21:20:21  INFO     [SE] 'artificial intelligence' → 100 entries, 10 kept so far
21:20:21  INFO     [AT] 'artificial intelligence' → 100 entries, 45 kept so far
21:20:21  INFO     [BE] 'artificial intelligence' → 100 entries, 62 kept so far
21:20:21  INFO     [DK] 'artificial intelligence' → 100 entries, 15 kept so far
21:20:22  INFO     [NL] 'AI regulation' → 76 entries, 69 kept so far
21:20:22  INFO     [SE] 'AI regulation' → 79 entries, 26 kept so far
21:20:22  INFO     [AT] 'AI regulation' → 100 entries, 125 kept so far
21:20:23  INFO     [DK] 'AI regulation' → 50 entries, 29 kept so far
21:20:23  INFO     [BE] 'AI regulation' → 100 entries, 147 kept so far
21:20:24  INFO     [NL] 'machine learning' → 100 entries, 122 kept so far
21:20:24  INFO     [SE] 'machine learning' → 73 entries, 46 kept so far
21:20:24  INFO     [AT] 'machine learning' → 100 entries, 178 kept so far
21:20:24  INFO     [BE] 'machine learning' → 100 entries, 204 kept so far
21:20:24  INFO     [DK] 'machine learning' → 83 entries, 47 kept so far
21:20:25  INFO     [SE] 'EU AI Act' → 31 entries, 48 kept so far
21:20:25  INFO     [NL] 'EU AI Act' → 100 entries, 146 kept so far
21:20:26  INFO     [AT] 'EU AI Act' → 100 entries, 257 kept so far
21:20:26  INFO     [DK] 'EU AI Act' → 74 entries, 61 kept so far
21:20:26  INFO     [BE] 'EU AI Act' → 93 entries, 249 kept so far
21:20:27  INFO     [SE] 'generative AI' → 77 entries, 54 kept so far
21:20:27  INFO     [NL] 'generative AI' → 100 entries, 175 kept so far
21:20:27  INFO     [AT] 'generative AI' → 100 entries, 281 kept so far
21:20:28  INFO     [DK] 'generative AI' → 99 entries, 95 kept so far
21:20:28  INFO     [BE] 'generative AI' → 100 entries, 273 kept so far
21:20:28  INFO     [SE] +25 new articles saved
21:20:28  INFO     [NL] +96 new articles saved
21:20:28  INFO     [FI] 'artificial intelligence' → 100 entries, 57 kept so far
21:20:28  INFO     [AT] +63 new articles saved
21:20:29  INFO     [DK] +37 new articles saved
21:20:29  INFO     [PT] 'artificial intelligence' → 100 entries, 59 kept so far
21:20:29  INFO     [BE] +28 new articles saved
21:20:29  INFO     [CZ] 'artificial intelligence' → 100 entries, 14 kept so far
21:20:29  INFO     [RO] 'artificial intelligence' → 100 entries, 41 kept so far
21:20:30  INFO     [HU] 'artificial intelligence' → 100 entries, 16 kept so far
21:20:30  INFO     [FI] 'AI regulation' → 57 entries, 73 kept so far
21:20:30  INFO     [PT] 'AI regulation' → 97 entries, 123 kept so far
21:20:31  INFO     [CZ] 'AI regulation' → 74 entries, 45 kept so far
21:20:31  INFO     [RO] 'AI regulation' → 77 entries, 49 kept so far
21:20:31  INFO     [HU] 'AI regulation' → 79 entries, 22 kept so far
21:20:32  INFO     [FI] 'machine learning' → 91 entries, 122 kept so far
21:20:32  INFO     [CZ] 'machine learning' → 73 entries, 64 kept so far
21:20:32  INFO     [PT] 'machine learning' → 100 entries, 206 kept so far
21:20:32  INFO     [RO] 'machine learning' → 100 entries, 99 kept so far
21:20:33  INFO     [HU] 'machine learning' → 68 entries, 47 kept so far
21:20:33  INFO     [FI] 'EU AI Act' → 59 entries, 156 kept so far
21:20:34  INFO     [CZ] 'EU AI Act' → 73 entries, 75 kept so far
21:20:34  INFO     [PT] 'EU AI Act' → 59 entries, 216 kept so far
21:20:34  INFO     [RO] 'EU AI Act' → 77 entries, 125 kept so far
21:20:34  INFO     [HU] 'EU AI Act' → 79 entries, 73 kept so far
21:20:35  INFO     [FI] 'generative AI' → 65 entries, 194 kept so far
21:20:35  INFO     [CZ] 'generative AI' → 77 entries, 95 kept so far
21:20:35  INFO     [RO] 'generative AI' → 90 entries, 152 kept so far
21:20:36  INFO     [PT] 'generative AI' → 100 entries, 244 kept so far
21:20:36  INFO     [HU] 'generative AI' → 70 entries, 95 kept so far
21:20:36  INFO     [FI] +102 new articles saved
21:20:36  INFO     [CZ] +65 new articles saved
21:20:37  INFO     [GR] 'artificial intelligence' → 100 entries, 43 kept so far
21:20:37  INFO     [RO] +89 new articles saved
21:20:37  INFO     [PT] +163 new articles saved
21:20:37  INFO     [HR] 'artificial intelligence' → 100 entries, 48 kept so far
21:20:37  INFO     [SK] 'artificial intelligence' → 100 entries, 26 kept so far
21:20:37  INFO     [HU] +54 new articles saved
21:20:37  INFO     [IE] 'artificial intelligence' → 100 entries, 47 kept so far
21:20:37  INFO     [BG] 'artificial intelligence' → 86 entries, 36 kept so far
21:20:38  INFO     [GR] 'AI regulation' → 61 entries, 97 kept so far
21:20:38  INFO     [HR] 'AI regulation' → 100 entries, 105 kept so far
21:20:38  INFO     [SK] 'AI regulation' → 22 entries, 27 kept so far
21:20:39  INFO     [BG] 'AI regulation' → 16 entries, 37 kept so far
21:20:39  INFO     [IE] 'AI regulation' → 100 entries, 105 kept so far
21:20:40  INFO     [GR] 'machine learning' → 100 entries, 140 kept so far
21:20:40  INFO     [SK] 'machine learning' → 58 entries, 37 kept so far
21:20:40  INFO     [HR] 'machine learning' → 100 entries, 176 kept so far
21:20:40  INFO     [BG] 'machine learning' → 58 entries, 48 kept so far
21:20:41  INFO     [IE] 'machine learning' → 100 entries, 183 kept so far
21:20:41  INFO     [GR] 'EU AI Act' → 56 entries, 157 kept so far
21:20:41  INFO     [SK] 'EU AI Act' → 22 entries, 41 kept so far
21:20:41  INFO     [HR] 'EU AI Act' → 47 entries, 208 kept so far
21:20:42  INFO     [BG] 'EU AI Act' → 12 entries, 50 kept so far
21:20:42  INFO     [IE] 'EU AI Act' → 100 entries, 250 kept so far
21:20:43  INFO     [SK] 'generative AI' → 39 entries, 49 kept so far
21:20:43  INFO     [HR] 'generative AI' → 102 entries, 272 kept so far
21:20:43  INFO     [GR] 'generative AI' → 100 entries, 202 kept so far
21:20:43  INFO     [BG] 'generative AI' → 32 entries, 56 kept so far
21:20:44  INFO     [SK] +25 new articles saved
21:20:44  INFO     [HR] +246 new articles saved
21:20:44  INFO     [GR] +133 new articles saved
21:20:44  INFO     [BG] +31 new articles saved
21:20:44  INFO     [IE] 'generative AI' → 100 entries, 311 kept so far
21:20:44  INFO     [LT] 'artificial intelligence' → 83 entries, 32 kept so far
21:20:44  INFO     [LV] 'artificial intelligence' → 66 entries, 22 kept so far
21:20:45  INFO     [SI] 'artificial intelligence' → 97 entries, 52 kept so far
21:20:45  INFO     [EE] 'artificial intelligence' → 98 entries, 49 kept so far
21:20:45  INFO     [IE] +119 new articles saved
21:20:46  INFO     [LT] 'AI regulation' → 13 entries, 32 kept so far
21:20:46  INFO     [CY] 'artificial intelligence' → 100 entries, 43 kept so far
21:20:46  INFO     [LV] 'AI regulation' → 7 entries, 22 kept so far
21:20:46  INFO     [SI] 'AI regulation' → 9 entries, 52 kept so far
21:20:46  INFO     [EE] 'AI regulation' → 7 entries, 49 kept so far
21:20:47  INFO     [LT] 'machine learning' → 28 entries, 35 kept so far
21:20:47  INFO     [LV] 'machine learning' → 14 entries, 25 kept so far
21:20:47  INFO     [CY] 'AI regulation' → 61 entries, 97 kept so far
21:20:47  INFO     [SI] 'machine learning' → 20 entries, 54 kept so far
21:20:48  INFO     [EE] 'machine learning' → 18 entries, 52 kept so far
21:20:48  INFO     [LT] 'EU AI Act' → 19 entries, 36 kept so far
21:20:48  INFO     [LV] 'EU AI Act' → 6 entries, 25 kept so far
21:20:49  INFO     [SI] 'EU AI Act' → 31 entries, 59 kept so far
21:20:49  INFO     [CY] 'machine learning' → 100 entries, 140 kept so far
21:20:49  INFO     [EE] 'EU AI Act' → 10 entries, 53 kept so far
21:20:50  INFO     [LT] 'generative AI' → 18 entries, 42 kept so far
21:20:50  INFO     [LV] 'generative AI' → 9 entries, 26 kept so far
21:20:50  INFO     [SI] 'generative AI' → 12 entries, 60 kept so far
21:20:50  INFO     [EE] 'generative AI' → 10 entries, 56 kept so far
21:20:51  INFO     [CY] 'EU AI Act' → 54 entries, 158 kept so far
21:20:51  INFO     [LT] +18 new articles saved
21:20:51  INFO     [LV] +12 new articles saved
21:20:51  INFO     [MT] 'artificial intelligence' → 100 entries, 48 kept so far
21:20:51  INFO     [SI] +27 new articles saved
21:20:51  INFO     [LU] 'artificial intelligence' → 100 entries, 51 kept so far
21:20:51  INFO     [EE] +30 new articles saved
21:20:52  INFO     [CY] 'generative AI' → 100 entries, 202 kept so far
21:20:52  INFO     [MT] 'AI regulation' → 100 entries, 105 kept so far
21:20:53  INFO     [LU] 'AI regulation' → 100 entries, 136 kept so far
21:20:53  INFO     [CY] +2 new articles saved
21:20:53  INFO     [MT] 'machine learning' → 100 entries, 176 kept so far
21:20:54  INFO     [MT] 'EU AI Act' → 47 entries, 208 kept so far
21:20:55  INFO     [LU] 'machine learning' → 100 entries, 194 kept so far
21:20:56  INFO     [MT] 'generative AI' → 102 entries, 272 kept so far
21:20:56  INFO     [LU] 'EU AI Act' → 86 entries, 239 kept so far
21:20:57  INFO     [MT] +0 new articles saved
21:20:58  INFO     [LU] 'generative AI' → 100 entries, 260 kept so far
21:20:59  INFO     [LU] +0 new articles saved
21:20:59  INFO     Scrape complete. 2249 new articles this run.
