14:25:20  INFO     Starting scrape: 27 countries, 5 queries each
/home/runner/work/EU_AI_News/EU_AI_News/eu_ai_news_scraper.py:230: DeprecationWarning: datetime.datetime.utcnow() is deprecated and scheduled for removal in a future version. Use timezone-aware objects to represent datetimes in UTC: datetime.datetime.now(datetime.UTC).
  "scraped_at":   datetime.utcnow().isoformat(),
14:25:21  INFO     [FR] 'artificial intelligence' → 98 entries, 43 kept so far
14:25:21  INFO     [PL] 'artificial intelligence' → 100 entries, 26 kept so far
14:25:21  INFO     [IT] 'artificial intelligence' → 100 entries, 38 kept so far
14:25:21  INFO     [DE] 'artificial intelligence' → 100 entries, 50 kept so far
14:25:21  INFO     [ES] 'artificial intelligence' → 100 entries, 62 kept so far
14:25:22  INFO     [FR] 'AI regulation' → 100 entries, 122 kept so far
14:25:23  INFO     [IT] 'AI regulation' → 100 entries, 125 kept so far
14:25:23  INFO     [PL] 'AI regulation' → 100 entries, 87 kept so far
14:25:23  INFO     [DE] 'AI regulation' → 97 entries, 126 kept so far
14:25:23  INFO     [ES] 'AI regulation' → 78 entries, 98 kept so far
14:25:24  INFO     [FR] 'machine learning' → 100 entries, 180 kept so far
14:25:24  INFO     [IT] 'machine learning' → 100 entries, 201 kept so far
14:25:24  INFO     [PL] 'machine learning' → 100 entries, 125 kept so far
14:25:24  INFO     [DE] 'machine learning' → 100 entries, 176 kept so far
14:25:24  INFO     [ES] 'machine learning' → 100 entries, 170 kept so far
14:25:25  INFO     [FR] 'EU AI Act' → 89 entries, 232 kept so far
14:25:26  INFO     [IT] 'EU AI Act' → 100 entries, 279 kept so far
14:25:26  INFO     [PL] 'EU AI Act' → 74 entries, 142 kept so far
14:25:26  INFO     [DE] 'EU AI Act' → 100 entries, 244 kept so far
14:25:26  INFO     [ES] 'EU AI Act' → 75 entries, 198 kept so far
14:25:27  INFO     [FR] 'generative AI' → 100 entries, 262 kept so far
14:25:27  INFO     [IT] 'generative AI' → 100 entries, 317 kept so far
14:25:28  INFO     [DE] 'generative AI' → 100 entries, 264 kept so far
14:25:28  INFO     [PL] 'generative AI' → 100 entries, 178 kept so far
14:25:28  INFO     [ES] 'generative AI' → 100 entries, 239 kept so far
14:25:28  INFO     [FR] +145 new articles saved
14:25:28  INFO     [IT] +193 new articles saved
14:25:29  INFO     [DE] +159 new articles saved
14:25:29  INFO     [PL] +101 new articles saved
14:25:29  INFO     [NL] 'artificial intelligence' → 100 entries, 17 kept so far
14:25:29  INFO     [ES] +117 new articles saved
14:25:29  INFO     [BE] 'artificial intelligence' → 100 entries, 68 kept so far
14:25:29  INFO     [SE] 'artificial intelligence' → 100 entries, 8 kept so far
14:25:29  INFO     [AT] 'artificial intelligence' → 100 entries, 50 kept so far
14:25:29  INFO     [DK] 'artificial intelligence' → 100 entries, 12 kept so far
14:25:30  INFO     [NL] 'AI regulation' → 73 entries, 53 kept so far
14:25:31  INFO     [BE] 'AI regulation' → 100 entries, 151 kept so far
14:25:31  INFO     [SE] 'AI regulation' → 74 entries, 21 kept so far
14:25:31  INFO     [AT] 'AI regulation' → 99 entries, 128 kept so far
14:25:31  INFO     [DK] 'AI regulation' → 33 entries, 19 kept so far
14:25:32  INFO     [NL] 'machine learning' → 100 entries, 107 kept so far
14:25:32  INFO     [BE] 'machine learning' → 100 entries, 208 kept so far
14:25:32  INFO     [SE] 'machine learning' → 76 entries, 47 kept so far
14:25:33  INFO     [AT] 'machine learning' → 100 entries, 179 kept so far
14:25:33  INFO     [DK] 'machine learning' → 84 entries, 42 kept so far
14:25:33  INFO     [NL] 'EU AI Act' → 100 entries, 136 kept so far
14:25:34  INFO     [SE] 'EU AI Act' → 67 entries, 55 kept so far
14:25:34  INFO     [BE] 'EU AI Act' → 91 entries, 251 kept so far
14:25:34  INFO     [DK] 'EU AI Act' → 71 entries, 54 kept so far
14:25:34  INFO     [AT] 'EU AI Act' → 100 entries, 249 kept so far
14:25:35  INFO     [NL] 'generative AI' → 100 entries, 162 kept so far
14:25:35  INFO     [SE] 'generative AI' → 77 entries, 64 kept so far
14:25:36  INFO     [BE] 'generative AI' → 100 entries, 281 kept so far
14:25:36  INFO     [DK] 'generative AI' → 100 entries, 87 kept so far
14:25:36  INFO     [AT] 'generative AI' → 100 entries, 267 kept so far
14:25:36  INFO     [NL] +66 new articles saved
14:25:36  INFO     [SE] +18 new articles saved
14:25:37  INFO     [BE] +32 new articles saved
14:25:37  INFO     [PT] 'artificial intelligence' → 100 entries, 64 kept so far
14:25:37  INFO     [DK] +28 new articles saved
14:25:37  INFO     [FI] 'artificial intelligence' → 100 entries, 55 kept so far
14:25:37  INFO     [CZ] 'artificial intelligence' → 100 entries, 22 kept so far
14:25:37  INFO     [AT] +30 new articles saved
14:25:38  INFO     [RO] 'artificial intelligence' → 100 entries, 43 kept so far
14:25:38  INFO     [HU] 'artificial intelligence' → 100 entries, 22 kept so far
14:25:39  INFO     [FI] 'AI regulation' → 49 entries, 68 kept so far
14:25:39  INFO     [CZ] 'AI regulation' → 77 entries, 43 kept so far
14:25:39  INFO     [PT] 'AI regulation' → 76 entries, 97 kept so far
14:25:39  INFO     [RO] 'AI regulation' → 80 entries, 55 kept so far
14:25:39  INFO     [HU] 'AI regulation' → 79 entries, 27 kept so far
14:25:40  INFO     [FI] 'machine learning' → 91 entries, 107 kept so far
14:25:40  INFO     [CZ] 'machine learning' → 83 entries, 62 kept so far
14:25:40  INFO     [PT] 'machine learning' → 100 entries, 176 kept so far
14:25:41  INFO     [RO] 'machine learning' → 100 entries, 111 kept so far
14:25:41  INFO     [HU] 'machine learning' → 75 entries, 52 kept so far
14:25:42  INFO     [CZ] 'EU AI Act' → 73 entries, 69 kept so far
14:25:42  INFO     [FI] 'EU AI Act' → 76 entries, 149 kept so far
14:25:42  INFO     [PT] 'EU AI Act' → 57 entries, 185 kept so far
14:25:42  INFO     [HU] 'EU AI Act' → 75 entries, 75 kept so far
14:25:42  INFO     [RO] 'EU AI Act' → 77 entries, 138 kept so far
14:25:43  INFO     [CZ] 'generative AI' → 85 entries, 86 kept so far
14:25:43  INFO     [FI] 'generative AI' → 62 entries, 190 kept so far
14:25:44  INFO     [PT] 'generative AI' → 100 entries, 213 kept so far
14:25:44  INFO     [HU] 'generative AI' → 74 entries, 99 kept so far
14:25:44  INFO     [RO] 'generative AI' → 90 entries, 166 kept so far
14:25:44  INFO     [CZ] +50 new articles saved
14:25:44  INFO     [FI] +104 new articles saved
14:25:45  INFO     [PT] +107 new articles saved
14:25:45  INFO     [HU] +53 new articles saved
14:25:45  INFO     [GR] 'artificial intelligence' → 100 entries, 47 kept so far
14:25:45  INFO     [SK] 'artificial intelligence' → 100 entries, 24 kept so far
14:25:45  INFO     [RO] +89 new articles saved
14:25:46  INFO     [HR] 'artificial intelligence' → 100 entries, 44 kept so far
14:25:46  INFO     [IE] 'artificial intelligence' → 100 entries, 49 kept so far
14:25:46  INFO     [BG] 'artificial intelligence' → 90 entries, 39 kept so far
14:25:46  INFO     [GR] 'AI regulation' → 63 entries, 102 kept so far
14:25:46  INFO     [SK] 'AI regulation' → 22 entries, 28 kept so far
14:25:47  INFO     [HR] 'AI regulation' → 100 entries, 91 kept so far
14:25:47  INFO     [BG] 'AI regulation' → 11 entries, 40 kept so far
14:25:47  INFO     [IE] 'AI regulation' → 100 entries, 94 kept so far
14:25:48  INFO     [SK] 'machine learning' → 58 entries, 41 kept so far
14:25:48  INFO     [GR] 'machine learning' → 100 entries, 133 kept so far
14:25:49  INFO     [BG] 'machine learning' → 59 entries, 47 kept so far
14:25:49  INFO     [HR] 'machine learning' → 100 entries, 167 kept so far
14:25:49  INFO     [IE] 'machine learning' → 100 entries, 165 kept so far
14:25:50  INFO     [SK] 'EU AI Act' → 75 entries, 54 kept so far
14:25:50  INFO     [GR] 'EU AI Act' → 58 entries, 151 kept so far
14:25:50  INFO     [BG] 'EU AI Act' → 17 entries, 51 kept so far
14:25:50  INFO     [HR] 'EU AI Act' → 94 entries, 236 kept so far
14:25:51  INFO     [IE] 'EU AI Act' → 100 entries, 230 kept so far
14:25:51  INFO     [SK] 'generative AI' → 48 entries, 62 kept so far
14:25:51  INFO     [GR] 'generative AI' → 100 entries, 192 kept so far
14:25:51  INFO     [BG] 'generative AI' → 40 entries, 56 kept so far
14:25:52  INFO     [SK] +26 new articles saved
14:25:52  INFO     [HR] 'generative AI' → 100 entries, 289 kept so far
14:25:52  INFO     [GR] +119 new articles saved
14:25:52  INFO     [BG] +31 new articles saved
14:25:52  INFO     [LT] 'artificial intelligence' → 83 entries, 30 kept so far
14:25:52  INFO     [IE] 'generative AI' → 100 entries, 280 kept so far
14:25:53  INFO     [LV] 'artificial intelligence' → 70 entries, 22 kept so far
14:25:53  INFO     [SI] 'artificial intelligence' → 100 entries, 51 kept so far
14:25:53  INFO     [HR] +257 new articles saved
14:25:53  INFO     [IE] +69 new articles saved
14:25:54  INFO     [EE] 'artificial intelligence' → 100 entries, 42 kept so far
14:25:54  INFO     [LT] 'AI regulation' → 8 entries, 30 kept so far
14:25:54  INFO     [LV] 'AI regulation' → 10 entries, 22 kept so far
14:25:54  INFO     [SI] 'AI regulation' → 6 entries, 51 kept so far
14:25:54  INFO     [CY] 'artificial intelligence' → 100 entries, 47 kept so far
14:25:55  INFO     [LT] 'machine learning' → 29 entries, 34 kept so far
14:25:55  INFO     [EE] 'AI regulation' → 9 entries, 44 kept so far
14:25:55  INFO     [LV] 'machine learning' → 9 entries, 23 kept so far
14:25:55  INFO     [SI] 'machine learning' → 23 entries, 54 kept so far
14:25:56  INFO     [CY] 'AI regulation' → 63 entries, 102 kept so far
14:25:56  INFO     [LT] 'EU AI Act' → 22 entries, 35 kept so far
14:25:56  INFO     [EE] 'machine learning' → 17 entries, 47 kept so far
14:25:57  INFO     [LV] 'EU AI Act' → 7 entries, 23 kept so far
14:25:57  INFO     [SI] 'EU AI Act' → 40 entries, 61 kept so far
14:25:57  INFO     [CY] 'machine learning' → 100 entries, 133 kept so far
14:25:58  INFO     [LT] 'generative AI' → 23 entries, 43 kept so far
14:25:58  INFO     [LV] 'generative AI' → 9 entries, 26 kept so far
14:25:58  INFO     [EE] 'EU AI Act' → 17 entries, 48 kept so far
14:25:58  INFO     [SI] 'generative AI' → 13 entries, 62 kept so far
14:25:59  INFO     [CY] 'EU AI Act' → 58 entries, 151 kept so far
14:25:59  INFO     [LT] +13 new articles saved
14:25:59  INFO     [LV] +11 new articles saved
14:25:59  INFO     [MT] 'artificial intelligence' → 100 entries, 44 kept so far
14:25:59  INFO     [SI] +22 new articles saved
14:25:59  INFO     [LU] 'artificial intelligence' → 98 entries, 43 kept so far
14:25:59  INFO     [EE] 'generative AI' → 13 entries, 52 kept so far
14:26:00  INFO     [CY] 'generative AI' → 100 entries, 192 kept so far
14:26:00  INFO     [MT] 'AI regulation' → 100 entries, 91 kept so far
14:26:00  INFO     [EE] +20 new articles saved
14:26:01  INFO     [LU] 'AI regulation' → 100 entries, 122 kept so far
14:26:01  INFO     [CY] +0 new articles saved
14:26:02  INFO     [MT] 'machine learning' → 100 entries, 167 kept so far
14:26:02  INFO     [LU] 'machine learning' → 100 entries, 180 kept so far
14:26:03  INFO     [MT] 'EU AI Act' → 94 entries, 236 kept so far
14:26:04  INFO     [LU] 'EU AI Act' → 89 entries, 232 kept so far
14:26:04  INFO     [MT] 'generative AI' → 100 entries, 289 kept so far
14:26:05  INFO     [MT] +0 new articles saved
14:26:06  INFO     [LU] 'generative AI' → 100 entries, 262 kept so far
14:26:07  INFO     [LU] +0 new articles saved
14:26:07  INFO     Scrape complete. 1860 new articles this run.
