10:35:25  INFO     Starting scrape: 27 countries, 5 queries each
/home/runner/work/EU_AI_News/EU_AI_News/eu_ai_news_scraper.py:230: DeprecationWarning: datetime.datetime.utcnow() is deprecated and scheduled for removal in a future version. Use timezone-aware objects to represent datetimes in UTC: datetime.datetime.now(datetime.UTC).
  "scraped_at":   datetime.utcnow().isoformat(),
10:35:26  INFO     [IT] 'artificial intelligence' → 100 entries, 20 kept so far
10:35:26  INFO     [DE] 'artificial intelligence' → 100 entries, 46 kept so far
10:35:26  INFO     [PL] 'artificial intelligence' → 100 entries, 6 kept so far
10:35:26  INFO     [FR] 'artificial intelligence' → 101 entries, 53 kept so far
10:35:26  INFO     [ES] 'artificial intelligence' → 100 entries, 58 kept so far
10:35:27  INFO     [DE] 'AI regulation' → 100 entries, 127 kept so far
10:35:27  INFO     [IT] 'AI regulation' → 100 entries, 110 kept so far
10:35:27  INFO     [PL] 'AI regulation' → 79 entries, 68 kept so far
10:35:28  INFO     [ES] 'AI regulation' → 77 entries, 97 kept so far
10:35:28  INFO     [FR] 'AI regulation' → 100 entries, 143 kept so far
10:35:29  INFO     [IT] 'machine learning' → 100 entries, 188 kept so far
10:35:29  INFO     [DE] 'machine learning' → 100 entries, 175 kept so far
10:35:29  INFO     [ES] 'machine learning' → 100 entries, 173 kept so far
10:35:29  INFO     [FR] 'machine learning' → 100 entries, 193 kept so far
10:35:29  INFO     [PL] 'machine learning' → 100 entries, 117 kept so far
10:35:31  INFO     [IT] 'EU AI Act' → 100 entries, 227 kept so far
10:35:31  INFO     [DE] 'EU AI Act' → 100 entries, 245 kept so far
10:35:31  INFO     [ES] 'EU AI Act' → 78 entries, 201 kept so far
10:35:31  INFO     [FR] 'EU AI Act' → 84 entries, 228 kept so far
10:35:31  INFO     [PL] 'EU AI Act' → 76 entries, 136 kept so far
10:35:32  INFO     [IT] 'generative AI' → 100 entries, 272 kept so far
10:35:32  INFO     [DE] 'generative AI' → 100 entries, 266 kept so far
10:35:32  INFO     [FR] 'generative AI' → 100 entries, 256 kept so far
10:35:33  INFO     [ES] 'generative AI' → 100 entries, 247 kept so far
10:35:33  INFO     [PL] 'generative AI' → 100 entries, 167 kept so far
10:35:33  INFO     [IT] +180 new articles saved
10:35:33  INFO     [DE] +183 new articles saved
10:35:33  INFO     [FR] +148 new articles saved
10:35:34  INFO     [ES] +148 new articles saved
10:35:34  INFO     [NL] 'artificial intelligence' → 100 entries, 15 kept so far
10:35:34  INFO     [PL] +88 new articles saved
10:35:34  INFO     [SE] 'artificial intelligence' → 100 entries, 9 kept so far
10:35:34  INFO     [BE] 'artificial intelligence' → 100 entries, 52 kept so far
10:35:34  INFO     [DK] 'artificial intelligence' → 100 entries, 16 kept so far
10:35:34  INFO     [AT] 'artificial intelligence' → 100 entries, 38 kept so far
10:35:35  INFO     [NL] 'AI regulation' → 76 entries, 59 kept so far
10:35:36  INFO     [SE] 'AI regulation' → 75 entries, 19 kept so far
10:35:36  INFO     [BE] 'AI regulation' → 97 entries, 139 kept so far
10:35:36  INFO     [DK] 'AI regulation' → 37 entries, 22 kept so far
10:35:36  INFO     [AT] 'AI regulation' → 100 entries, 115 kept so far
10:35:37  INFO     [NL] 'machine learning' → 100 entries, 119 kept so far
10:35:37  INFO     [SE] 'machine learning' → 82 entries, 42 kept so far
10:35:37  INFO     [BE] 'machine learning' → 100 entries, 192 kept so far
10:35:38  INFO     [DK] 'machine learning' → 84 entries, 45 kept so far
10:35:38  INFO     [AT] 'machine learning' → 100 entries, 162 kept so far
10:35:39  INFO     [NL] 'EU AI Act' → 100 entries, 150 kept so far
10:35:39  INFO     [SE] 'EU AI Act' → 70 entries, 49 kept so far
10:35:39  INFO     [BE] 'EU AI Act' → 81 entries, 230 kept so far
10:35:39  INFO     [DK] 'EU AI Act' → 73 entries, 61 kept so far
10:35:39  INFO     [AT] 'EU AI Act' → 100 entries, 242 kept so far
10:35:40  INFO     [NL] 'generative AI' → 100 entries, 184 kept so far
10:35:40  INFO     [SE] 'generative AI' → 72 entries, 61 kept so far
10:35:41  INFO     [BE] 'generative AI' → 100 entries, 253 kept so far
10:35:41  INFO     [DK] 'generative AI' → 96 entries, 92 kept so far
10:35:41  INFO     [NL] +91 new articles saved
10:35:41  INFO     [AT] 'generative AI' → 100 entries, 264 kept so far
10:35:42  INFO     [SE] +28 new articles saved
10:35:42  INFO     [FI] 'artificial intelligence' → 100 entries, 58 kept so far
10:35:42  INFO     [BE] +33 new articles saved
10:35:42  INFO     [PT] 'artificial intelligence' → 100 entries, 60 kept so far
10:35:42  INFO     [DK] +39 new articles saved
10:35:42  INFO     [AT] +62 new articles saved
10:35:42  INFO     [CZ] 'artificial intelligence' → 100 entries, 15 kept so far
10:35:42  INFO     [RO] 'artificial intelligence' → 100 entries, 43 kept so far
10:35:43  INFO     [HU] 'artificial intelligence' → 100 entries, 25 kept so far
10:35:43  INFO     [FI] 'AI regulation' → 64 entries, 69 kept so far
10:35:44  INFO     [PT] 'AI regulation' → 76 entries, 91 kept so far
10:35:44  INFO     [CZ] 'AI regulation' → 78 entries, 39 kept so far
10:35:44  INFO     [RO] 'AI regulation' → 77 entries, 52 kept so far
10:35:44  INFO     [HU] 'AI regulation' → 78 entries, 29 kept so far
10:35:45  INFO     [FI] 'machine learning' → 86 entries, 116 kept so far
10:35:45  INFO     [CZ] 'machine learning' → 77 entries, 61 kept so far
10:35:46  INFO     [PT] 'machine learning' → 100 entries, 168 kept so far
10:35:46  INFO     [RO] 'machine learning' → 100 entries, 106 kept so far
10:35:46  INFO     [HU] 'machine learning' → 75 entries, 54 kept so far
10:35:47  INFO     [FI] 'EU AI Act' → 73 entries, 163 kept so far
10:35:47  INFO     [CZ] 'EU AI Act' → 74 entries, 78 kept so far
10:35:47  INFO     [RO] 'EU AI Act' → 77 entries, 131 kept so far
10:35:47  INFO     [PT] 'EU AI Act' → 62 entries, 183 kept so far
10:35:47  INFO     [HU] 'EU AI Act' → 76 entries, 79 kept so far
10:35:48  INFO     [FI] 'generative AI' → 62 entries, 200 kept so far
10:35:48  INFO     [CZ] 'generative AI' → 77 entries, 98 kept so far
10:35:49  INFO     [RO] 'generative AI' → 99 entries, 154 kept so far
10:35:49  INFO     [HU] 'generative AI' → 70 entries, 99 kept so far
10:35:49  INFO     [PT] 'generative AI' → 100 entries, 213 kept so far
10:35:49  INFO     [FI] +105 new articles saved
10:35:49  INFO     [CZ] +64 new articles saved
10:35:50  INFO     [GR] 'artificial intelligence' → 100 entries, 37 kept so far
10:35:50  INFO     [RO] +95 new articles saved
10:35:50  INFO     [HU] +64 new articles saved
10:35:50  INFO     [PT] +146 new articles saved
10:35:50  INFO     [SK] 'artificial intelligence' → 100 entries, 23 kept so far
10:35:51  INFO     [HR] 'artificial intelligence' → 104 entries, 62 kept so far
10:35:51  INFO     [IE] 'artificial intelligence' → 102 entries, 60 kept so far
10:35:51  INFO     [BG] 'artificial intelligence' → 83 entries, 36 kept so far
10:35:52  INFO     [GR] 'AI regulation' → 67 entries, 87 kept so far
10:35:52  INFO     [SK] 'AI regulation' → 27 entries, 25 kept so far
10:35:52  INFO     [BG] 'AI regulation' → 25 entries, 39 kept so far
10:35:52  INFO     [HR] 'AI regulation' → 100 entries, 105 kept so far
10:35:52  INFO     [IE] 'AI regulation' → 100 entries, 111 kept so far
10:35:53  INFO     [GR] 'machine learning' → 100 entries, 131 kept so far
10:35:53  INFO     [SK] 'machine learning' → 55 entries, 39 kept so far
10:35:54  INFO     [BG] 'machine learning' → 59 entries, 48 kept so far
10:35:54  INFO     [HR] 'machine learning' → 100 entries, 171 kept so far
10:35:54  INFO     [IE] 'machine learning' → 100 entries, 175 kept so far
10:35:55  INFO     [GR] 'EU AI Act' → 54 entries, 149 kept so far
10:35:55  INFO     [SK] 'EU AI Act' → 67 entries, 46 kept so far
10:35:55  INFO     [BG] 'EU AI Act' → 22 entries, 51 kept so far
10:35:56  INFO     [HR] 'EU AI Act' → 100 entries, 252 kept so far
10:35:56  INFO     [IE] 'EU AI Act' → 100 entries, 243 kept so far
10:35:56  INFO     [SK] 'generative AI' → 46 entries, 54 kept so far
10:35:56  INFO     [GR] 'generative AI' → 100 entries, 194 kept so far
10:35:56  INFO     [BG] 'generative AI' → 35 entries, 58 kept so far
10:35:57  INFO     [HR] 'generative AI' → 100 entries, 317 kept so far
10:35:57  INFO     [SK] +26 new articles saved
10:35:57  INFO     [GR] +127 new articles saved
10:35:57  INFO     [BG] +35 new articles saved
10:35:58  INFO     [IE] 'generative AI' → 100 entries, 304 kept so far
10:35:58  INFO     [LT] 'artificial intelligence' → 80 entries, 27 kept so far
10:35:58  INFO     [SI] 'artificial intelligence' → 100 entries, 50 kept so far
10:35:58  INFO     [LV] 'artificial intelligence' → 69 entries, 21 kept so far
10:35:58  INFO     [HR] +289 new articles saved
10:35:59  INFO     [IE] +107 new articles saved
10:35:59  INFO     [EE] 'artificial intelligence' → 94 entries, 49 kept so far
10:35:59  INFO     [LT] 'AI regulation' → 7 entries, 27 kept so far
10:35:59  INFO     [SI] 'AI regulation' → 2 entries, 50 kept so far
10:35:59  INFO     [CY] 'artificial intelligence' → 100 entries, 37 kept so far
10:35:59  INFO     [LV] 'AI regulation' → 6 entries, 21 kept so far
10:36:00  INFO     [EE] 'AI regulation' → 6 entries, 50 kept so far
10:36:01  INFO     [LT] 'machine learning' → 34 entries, 31 kept so far
10:36:01  INFO     [LV] 'machine learning' → 12 entries, 25 kept so far
10:36:01  INFO     [SI] 'machine learning' → 22 entries, 50 kept so far
10:36:01  INFO     [CY] 'AI regulation' → 67 entries, 87 kept so far
10:36:02  INFO     [EE] 'machine learning' → 19 entries, 52 kept so far
10:36:02  INFO     [LT] 'EU AI Act' → 18 entries, 31 kept so far
10:36:02  INFO     [LV] 'EU AI Act' → 7 entries, 25 kept so far
10:36:02  INFO     [SI] 'EU AI Act' → 27 entries, 54 kept so far
10:36:02  INFO     [CY] 'machine learning' → 100 entries, 131 kept so far
10:36:03  INFO     [EE] 'EU AI Act' → 9 entries, 53 kept so far
10:36:03  INFO     [LT] 'generative AI' → 18 entries, 37 kept so far
10:36:04  INFO     [SI] 'generative AI' → 15 entries, 55 kept so far
10:36:04  INFO     [LV] 'generative AI' → 10 entries, 26 kept so far
10:36:04  INFO     [CY] 'EU AI Act' → 54 entries, 149 kept so far
10:36:04  INFO     [LT] +14 new articles saved
10:36:05  INFO     [SI] +20 new articles saved
10:36:05  INFO     [LV] +12 new articles saved
10:36:05  INFO     [MT] 'artificial intelligence' → 104 entries, 62 kept so far
10:36:05  INFO     [EE] 'generative AI' → 11 entries, 56 kept so far
10:36:05  INFO     [LU] 'artificial intelligence' → 101 entries, 52 kept so far
10:36:06  INFO     [CY] 'generative AI' → 100 entries, 194 kept so far
10:36:06  INFO     [EE] +28 new articles saved
10:36:06  INFO     [MT] 'AI regulation' → 100 entries, 105 kept so far
10:36:07  INFO     [CY] +0 new articles saved
10:36:07  INFO     [LU] 'AI regulation' → 100 entries, 142 kept so far
10:36:07  INFO     [MT] 'machine learning' → 100 entries, 171 kept so far
10:36:08  INFO     [LU] 'machine learning' → 100 entries, 192 kept so far
10:36:09  INFO     [MT] 'EU AI Act' → 100 entries, 252 kept so far
10:36:10  INFO     [MT] 'generative AI' → 100 entries, 317 kept so far
10:36:10  INFO     [LU] 'EU AI Act' → 84 entries, 227 kept so far
10:36:11  INFO     [MT] +0 new articles saved
10:36:12  INFO     [LU] 'generative AI' → 100 entries, 255 kept so far
10:36:13  INFO     [LU] +1 new articles saved
10:36:13  INFO     Scrape complete. 2133 new articles this run.
