02:19:50  INFO     Starting scrape: 27 countries, 5 queries each
/home/runner/work/EU_AI_News/EU_AI_News/eu_ai_news_scraper.py:230: DeprecationWarning: datetime.datetime.utcnow() is deprecated and scheduled for removal in a future version. Use timezone-aware objects to represent datetimes in UTC: datetime.datetime.now(datetime.UTC).
  "scraped_at":   datetime.utcnow().isoformat(),
02:19:51  INFO     [DE] 'artificial intelligence' → 100 entries, 49 kept so far
02:19:51  INFO     [PL] 'artificial intelligence' → 100 entries, 18 kept so far
02:19:51  INFO     [FR] 'artificial intelligence' → 100 entries, 54 kept so far
02:19:51  INFO     [IT] 'artificial intelligence' → 100 entries, 41 kept so far
02:19:51  INFO     [ES] 'artificial intelligence' → 100 entries, 65 kept so far
02:19:52  INFO     [DE] 'AI regulation' → 73 entries, 105 kept so far
02:19:52  INFO     [FR] 'AI regulation' → 100 entries, 137 kept so far
02:19:53  INFO     [PL] 'AI regulation' → 100 entries, 95 kept so far
02:19:53  INFO     [ES] 'AI regulation' → 78 entries, 118 kept so far
02:19:53  INFO     [IT] 'AI regulation' → 100 entries, 131 kept so far
02:19:54  INFO     [DE] 'machine learning' → 100 entries, 157 kept so far
02:19:54  INFO     [FR] 'machine learning' → 100 entries, 188 kept so far
02:19:54  INFO     [PL] 'machine learning' → 100 entries, 135 kept so far
02:19:54  INFO     [ES] 'machine learning' → 100 entries, 195 kept so far
02:19:54  INFO     [IT] 'machine learning' → 100 entries, 201 kept so far
02:19:56  INFO     [DE] 'EU AI Act' → 100 entries, 229 kept so far
02:19:56  INFO     [PL] 'EU AI Act' → 77 entries, 160 kept so far
02:19:56  INFO     [FR] 'EU AI Act' → 85 entries, 240 kept so far
02:19:56  INFO     [ES] 'EU AI Act' → 79 entries, 221 kept so far
02:19:56  INFO     [IT] 'EU AI Act' → 100 entries, 287 kept so far
02:19:57  INFO     [DE] 'generative AI' → 100 entries, 251 kept so far
02:19:58  INFO     [FR] 'generative AI' → 100 entries, 272 kept so far
02:19:58  INFO     [PL] 'generative AI' → 100 entries, 197 kept so far
02:19:58  INFO     [ES] 'generative AI' → 100 entries, 259 kept so far
02:19:58  INFO     [IT] 'generative AI' → 100 entries, 325 kept so far
02:19:58  INFO     [DE] +176 new articles saved
02:19:59  INFO     [FR] +153 new articles saved
02:19:59  INFO     [PL] +134 new articles saved
02:19:59  INFO     [ES] +141 new articles saved
02:19:59  INFO     [IT] +192 new articles saved
02:19:59  INFO     [NL] 'artificial intelligence' → 100 entries, 12 kept so far
02:19:59  INFO     [BE] 'artificial intelligence' → 100 entries, 65 kept so far
02:19:59  INFO     [SE] 'artificial intelligence' → 100 entries, 9 kept so far
02:19:59  INFO     [AT] 'artificial intelligence' → 100 entries, 53 kept so far
02:20:00  INFO     [DK] 'artificial intelligence' → 100 entries, 20 kept so far
02:20:01  INFO     [NL] 'AI regulation' → 78 entries, 62 kept so far
02:20:01  INFO     [BE] 'AI regulation' → 100 entries, 145 kept so far
02:20:01  INFO     [SE] 'AI regulation' → 79 entries, 25 kept so far
02:20:01  INFO     [AT] 'AI regulation' → 80 entries, 113 kept so far
02:20:01  INFO     [DK] 'AI regulation' → 47 entries, 32 kept so far
02:20:02  INFO     [NL] 'machine learning' → 100 entries, 113 kept so far
02:20:03  INFO     [SE] 'machine learning' → 74 entries, 49 kept so far
02:20:03  INFO     [BE] 'machine learning' → 100 entries, 199 kept so far
02:20:03  INFO     [AT] 'machine learning' → 100 entries, 163 kept so far
02:20:03  INFO     [DK] 'machine learning' → 85 entries, 54 kept so far
02:20:04  INFO     [SE] 'EU AI Act' → 75 entries, 52 kept so far
02:20:04  INFO     [NL] 'EU AI Act' → 100 entries, 137 kept so far
02:20:04  INFO     [BE] 'EU AI Act' → 88 entries, 252 kept so far
02:20:05  INFO     [AT] 'EU AI Act' → 100 entries, 239 kept so far
02:20:05  INFO     [DK] 'EU AI Act' → 77 entries, 72 kept so far
02:20:06  INFO     [SE] 'generative AI' → 73 entries, 59 kept so far
02:20:06  INFO     [NL] 'generative AI' → 100 entries, 164 kept so far
02:20:06  INFO     [BE] 'generative AI' → 100 entries, 279 kept so far
02:20:06  INFO     [AT] 'generative AI' → 100 entries, 261 kept so far
02:20:07  INFO     [DK] 'generative AI' → 100 entries, 106 kept so far
02:20:07  INFO     [SE] +19 new articles saved
02:20:07  INFO     [NL] +69 new articles saved
02:20:07  INFO     [BE] +33 new articles saved
02:20:07  INFO     [AT] +31 new articles saved
02:20:08  INFO     [FI] 'artificial intelligence' → 100 entries, 69 kept so far
02:20:08  INFO     [CZ] 'artificial intelligence' → 100 entries, 21 kept so far
02:20:08  INFO     [DK] +40 new articles saved
02:20:08  INFO     [PT] 'artificial intelligence' → 100 entries, 65 kept so far
02:20:08  INFO     [RO] 'artificial intelligence' → 100 entries, 42 kept so far
02:20:08  INFO     [HU] 'artificial intelligence' → 100 entries, 13 kept so far
02:20:09  INFO     [FI] 'AI regulation' → 55 entries, 82 kept so far
02:20:09  INFO     [CZ] 'AI regulation' → 77 entries, 54 kept so far
02:20:10  INFO     [PT] 'AI regulation' → 90 entries, 124 kept so far
02:20:10  INFO     [HU] 'AI regulation' → 78 entries, 18 kept so far
02:20:10  INFO     [RO] 'AI regulation' → 78 entries, 53 kept so far
02:20:11  INFO     [CZ] 'machine learning' → 88 entries, 75 kept so far
02:20:11  INFO     [FI] 'machine learning' → 88 entries, 116 kept so far
02:20:12  INFO     [PT] 'machine learning' → 100 entries, 203 kept so far
02:20:12  INFO     [RO] 'machine learning' → 100 entries, 107 kept so far
02:20:12  INFO     [HU] 'machine learning' → 72 entries, 46 kept so far
02:20:13  INFO     [CZ] 'EU AI Act' → 78 entries, 86 kept so far
02:20:13  INFO     [FI] 'EU AI Act' → 64 entries, 147 kept so far
02:20:13  INFO     [HU] 'EU AI Act' → 77 entries, 69 kept so far
02:20:13  INFO     [RO] 'EU AI Act' → 78 entries, 132 kept so far
02:20:13  INFO     [PT] 'EU AI Act' → 62 entries, 215 kept so far
02:20:14  INFO     [CZ] 'generative AI' → 93 entries, 107 kept so far
02:20:15  INFO     [FI] 'generative AI' → 55 entries, 178 kept so far
02:20:15  INFO     [HU] 'generative AI' → 74 entries, 94 kept so far
02:20:15  INFO     [RO] 'generative AI' → 87 entries, 158 kept so far
02:20:15  INFO     [CZ] +70 new articles saved
02:20:15  INFO     [PT] 'generative AI' → 100 entries, 247 kept so far
02:20:16  INFO     [FI] +82 new articles saved
02:20:16  INFO     [HU] +49 new articles saved
02:20:16  INFO     [GR] 'artificial intelligence' → 100 entries, 46 kept so far
02:20:16  INFO     [RO] +91 new articles saved
02:20:16  INFO     [SK] 'artificial intelligence' → 100 entries, 26 kept so far
02:20:16  INFO     [PT] +156 new articles saved
02:20:17  INFO     [IE] 'artificial intelligence' → 100 entries, 51 kept so far
02:20:17  INFO     [HR] 'artificial intelligence' → 100 entries, 50 kept so far
02:20:17  INFO     [BG] 'artificial intelligence' → 97 entries, 46 kept so far
02:20:18  INFO     [GR] 'AI regulation' → 63 entries, 103 kept so far
02:20:18  INFO     [SK] 'AI regulation' → 17 entries, 29 kept so far
02:20:18  INFO     [BG] 'AI regulation' → 19 entries, 47 kept so far
02:20:19  INFO     [HR] 'AI regulation' → 100 entries, 92 kept so far
02:20:19  INFO     [IE] 'AI regulation' → 100 entries, 97 kept so far
02:20:19  INFO     [SK] 'machine learning' → 56 entries, 44 kept so far
02:20:19  INFO     [GR] 'machine learning' → 97 entries, 140 kept so far
02:20:20  INFO     [BG] 'machine learning' → 52 entries, 54 kept so far
02:20:20  INFO     [HR] 'machine learning' → 100 entries, 165 kept so far
02:20:21  INFO     [IE] 'machine learning' → 100 entries, 167 kept so far
02:20:21  INFO     [SK] 'EU AI Act' → 63 entries, 58 kept so far
02:20:21  INFO     [GR] 'EU AI Act' → 62 entries, 158 kept so far
02:20:21  INFO     [BG] 'EU AI Act' → 13 entries, 59 kept so far
02:20:22  INFO     [HR] 'EU AI Act' → 101 entries, 246 kept so far
02:20:22  INFO     [SK] 'generative AI' → 44 entries, 66 kept so far
02:20:22  INFO     [IE] 'EU AI Act' → 100 entries, 242 kept so far
02:20:23  INFO     [GR] 'generative AI' → 100 entries, 202 kept so far
02:20:23  INFO     [BG] 'generative AI' → 29 entries, 62 kept so far
02:20:23  INFO     [SK] +31 new articles saved
02:20:24  INFO     [GR] +124 new articles saved
02:20:24  INFO     [LT] 'artificial intelligence' → 79 entries, 30 kept so far
02:20:24  INFO     [BG] +36 new articles saved
02:20:24  INFO     [HR] 'generative AI' → 100 entries, 298 kept so far
02:20:24  INFO     [SI] 'artificial intelligence' → 100 entries, 48 kept so far
02:20:24  INFO     [LV] 'artificial intelligence' → 63 entries, 24 kept so far
02:20:24  INFO     [IE] 'generative AI' → 100 entries, 291 kept so far
02:20:25  INFO     [HR] +257 new articles saved
02:20:25  INFO     [LT] 'AI regulation' → 18 entries, 31 kept so far
02:20:25  INFO     [IE] +87 new articles saved
02:20:26  INFO     [SI] 'AI regulation' → 9 entries, 48 kept so far
02:20:26  INFO     [LV] 'AI regulation' → 9 entries, 24 kept so far
02:20:26  INFO     [EE] 'artificial intelligence' → 100 entries, 46 kept so far
02:20:26  INFO     [CY] 'artificial intelligence' → 100 entries, 46 kept so far
02:20:27  INFO     [LT] 'machine learning' → 29 entries, 35 kept so far
02:20:27  INFO     [SI] 'machine learning' → 23 entries, 50 kept so far
02:20:27  INFO     [LV] 'machine learning' → 9 entries, 25 kept so far
02:20:27  INFO     [EE] 'AI regulation' → 9 entries, 46 kept so far
02:20:28  INFO     [CY] 'AI regulation' → 63 entries, 103 kept so far
02:20:28  INFO     [LT] 'EU AI Act' → 25 entries, 39 kept so far
02:20:29  INFO     [SI] 'EU AI Act' → 28 entries, 54 kept so far
02:20:29  INFO     [LV] 'EU AI Act' → 5 entries, 25 kept so far
02:20:29  INFO     [EE] 'machine learning' → 17 entries, 50 kept so far
02:20:29  INFO     [LT] 'generative AI' → 21 entries, 46 kept so far
02:20:30  INFO     [CY] 'machine learning' → 97 entries, 140 kept so far
02:20:30  INFO     [SI] 'generative AI' → 12 entries, 55 kept so far
02:20:30  INFO     [LV] 'generative AI' → 8 entries, 27 kept so far
02:20:30  INFO     [EE] 'EU AI Act' → 16 entries, 51 kept so far
02:20:30  INFO     [LT] +17 new articles saved
02:20:31  INFO     [SI] +16 new articles saved
02:20:31  INFO     [MT] 'artificial intelligence' → 100 entries, 50 kept so far
02:20:31  INFO     [LV] +12 new articles saved
02:20:31  INFO     [CY] 'EU AI Act' → 62 entries, 158 kept so far
02:20:31  INFO     [LU] 'artificial intelligence' → 100 entries, 56 kept so far
02:20:32  INFO     [EE] 'generative AI' → 10 entries, 53 kept so far
02:20:32  INFO     [MT] 'AI regulation' → 100 entries, 92 kept so far
02:20:33  INFO     [CY] 'generative AI' → 100 entries, 202 kept so far
02:20:33  INFO     [EE] +19 new articles saved
02:20:33  INFO     [LU] 'AI regulation' → 100 entries, 139 kept so far
02:20:34  INFO     [MT] 'machine learning' → 100 entries, 165 kept so far
02:20:34  INFO     [CY] +0 new articles saved
02:20:35  INFO     [LU] 'machine learning' → 100 entries, 190 kept so far
02:20:35  INFO     [MT] 'EU AI Act' → 101 entries, 246 kept so far
02:20:36  INFO     [MT] 'generative AI' → 100 entries, 298 kept so far
02:20:37  INFO     [LU] 'EU AI Act' → 84 entries, 241 kept so far
02:20:37  INFO     [MT] +0 new articles saved
02:20:38  INFO     [LU] 'generative AI' → 100 entries, 273 kept so far
02:20:39  INFO     [LU] +1 new articles saved
02:20:39  INFO     Scrape complete. 2036 new articles this run.
