18:41:23  INFO     Starting scrape: 27 countries, 5 queries each
18:41:24  INFO     [FR] 'artificial intelligence' → 100 entries, 41 kept so far
/home/runner/work/EU_AI_News/EU_AI_News/eu_ai_news_scraper.py:230: DeprecationWarning: datetime.datetime.utcnow() is deprecated and scheduled for removal in a future version. Use timezone-aware objects to represent datetimes in UTC: datetime.datetime.now(datetime.UTC).
  "scraped_at":   datetime.utcnow().isoformat(),
18:41:24  INFO     [DE] 'artificial intelligence' → 100 entries, 58 kept so far
18:41:24  INFO     [PL] 'artificial intelligence' → 100 entries, 19 kept so far
18:41:24  INFO     [IT] 'artificial intelligence' → 100 entries, 27 kept so far
18:41:24  INFO     [ES] 'artificial intelligence' → 100 entries, 64 kept so far
18:41:26  INFO     [DE] 'AI regulation' → 88 entries, 123 kept so far
18:41:26  INFO     [FR] 'AI regulation' → 100 entries, 125 kept so far
18:41:26  INFO     [PL] 'AI regulation' → 100 entries, 95 kept so far
18:41:26  INFO     [IT] 'AI regulation' → 100 entries, 115 kept so far
18:41:26  INFO     [ES] 'AI regulation' → 81 entries, 123 kept so far
18:41:27  INFO     [DE] 'machine learning' → 100 entries, 175 kept so far
18:41:27  INFO     [IT] 'machine learning' → 100 entries, 191 kept so far
18:41:27  INFO     [FR] 'machine learning' → 100 entries, 181 kept so far
18:41:28  INFO     [PL] 'machine learning' → 100 entries, 138 kept so far
18:41:28  INFO     [ES] 'machine learning' → 100 entries, 192 kept so far
18:41:29  INFO     [DE] 'EU AI Act' → 100 entries, 240 kept so far
18:41:29  INFO     [FR] 'EU AI Act' → 84 entries, 235 kept so far
18:41:29  INFO     [IT] 'EU AI Act' → 100 entries, 278 kept so far
18:41:29  INFO     [PL] 'EU AI Act' → 77 entries, 168 kept so far
18:41:29  INFO     [ES] 'EU AI Act' → 78 entries, 216 kept so far
18:41:30  INFO     [DE] 'generative AI' → 100 entries, 263 kept so far
18:41:30  INFO     [FR] 'generative AI' → 100 entries, 260 kept so far
18:41:31  INFO     [IT] 'generative AI' → 100 entries, 316 kept so far
18:41:31  INFO     [PL] 'generative AI' → 100 entries, 200 kept so far
18:41:31  INFO     [ES] 'generative AI' → 100 entries, 261 kept so far
18:41:31  INFO     [DE] +197 new articles saved
18:41:31  INFO     [FR] +152 new articles saved
18:41:32  INFO     [IT] +197 new articles saved
18:41:32  INFO     [PL] +128 new articles saved
18:41:32  INFO     [NL] 'artificial intelligence' → 100 entries, 14 kept so far
18:41:32  INFO     [ES] +154 new articles saved
18:41:32  INFO     [BE] 'artificial intelligence' → 100 entries, 51 kept so far
18:41:32  INFO     [SE] 'artificial intelligence' → 100 entries, 15 kept so far
18:41:32  INFO     [AT] 'artificial intelligence' → 100 entries, 57 kept so far
18:41:33  INFO     [DK] 'artificial intelligence' → 100 entries, 23 kept so far
18:41:34  INFO     [NL] 'AI regulation' → 76 entries, 61 kept so far
18:41:34  INFO     [BE] 'AI regulation' → 100 entries, 132 kept so far
18:41:34  INFO     [SE] 'AI regulation' → 79 entries, 29 kept so far
18:41:34  INFO     [AT] 'AI regulation' → 93 entries, 127 kept so far
18:41:34  INFO     [DK] 'AI regulation' → 48 entries, 36 kept so far
18:41:35  INFO     [NL] 'machine learning' → 100 entries, 120 kept so far
18:41:35  INFO     [SE] 'machine learning' → 78 entries, 50 kept so far
18:41:35  INFO     [BE] 'machine learning' → 100 entries, 188 kept so far
18:41:36  INFO     [AT] 'machine learning' → 100 entries, 188 kept so far
18:41:36  INFO     [DK] 'machine learning' → 86 entries, 56 kept so far
18:41:37  INFO     [NL] 'EU AI Act' → 100 entries, 145 kept so far
18:41:37  INFO     [SE] 'EU AI Act' → 65 entries, 53 kept so far
18:41:37  INFO     [BE] 'EU AI Act' → 89 entries, 240 kept so far
18:41:37  INFO     [AT] 'EU AI Act' → 100 entries, 263 kept so far
18:41:38  INFO     [DK] 'EU AI Act' → 75 entries, 71 kept so far
18:41:38  INFO     [NL] 'generative AI' → 100 entries, 171 kept so far
18:41:38  INFO     [SE] 'generative AI' → 72 entries, 60 kept so far
18:41:39  INFO     [BE] 'generative AI' → 100 entries, 270 kept so far
18:41:39  INFO     [AT] 'generative AI' → 100 entries, 290 kept so far
18:41:39  INFO     [DK] 'generative AI' → 90 entries, 100 kept so far
18:41:39  INFO     [NL] +80 new articles saved
18:41:39  INFO     [SE] +23 new articles saved
18:41:40  INFO     [BE] +27 new articles saved
18:41:40  INFO     [FI] 'artificial intelligence' → 100 entries, 66 kept so far
18:41:40  INFO     [AT] +70 new articles saved
18:41:40  INFO     [PT] 'artificial intelligence' → 100 entries, 59 kept so far
18:41:40  INFO     [DK] +44 new articles saved
18:41:40  INFO     [CZ] 'artificial intelligence' → 100 entries, 15 kept so far
18:41:40  INFO     [RO] 'artificial intelligence' → 100 entries, 45 kept so far
18:41:41  INFO     [HU] 'artificial intelligence' → 100 entries, 15 kept so far
18:41:41  INFO     [FI] 'AI regulation' → 65 entries, 88 kept so far
18:41:42  INFO     [PT] 'AI regulation' → 94 entries, 121 kept so far
18:41:42  INFO     [CZ] 'AI regulation' → 78 entries, 45 kept so far
18:41:42  INFO     [RO] 'AI regulation' → 79 entries, 55 kept so far
18:41:42  INFO     [HU] 'AI regulation' → 78 entries, 18 kept so far
18:41:43  INFO     [FI] 'machine learning' → 88 entries, 127 kept so far
18:41:43  INFO     [PT] 'machine learning' → 100 entries, 200 kept so far
18:41:44  INFO     [CZ] 'machine learning' → 87 entries, 64 kept so far
18:41:44  INFO     [RO] 'machine learning' → 100 entries, 109 kept so far
18:41:44  INFO     [HU] 'machine learning' → 70 entries, 45 kept so far
18:41:45  INFO     [FI] 'EU AI Act' → 71 entries, 167 kept so far
18:41:45  INFO     [CZ] 'EU AI Act' → 75 entries, 76 kept so far
18:41:45  INFO     [PT] 'EU AI Act' → 57 entries, 208 kept so far
18:41:45  INFO     [RO] 'EU AI Act' → 77 entries, 133 kept so far
18:41:45  INFO     [HU] 'EU AI Act' → 79 entries, 72 kept so far
18:41:46  INFO     [FI] 'generative AI' → 55 entries, 200 kept so far
18:41:46  INFO     [CZ] 'generative AI' → 81 entries, 91 kept so far
18:41:47  INFO     [PT] 'generative AI' → 100 entries, 236 kept so far
18:41:47  INFO     [RO] 'generative AI' → 88 entries, 159 kept so far
18:41:47  INFO     [HU] 'generative AI' → 72 entries, 93 kept so far
18:41:47  INFO     [FI] +105 new articles saved
18:41:47  INFO     [CZ] +58 new articles saved
18:41:48  INFO     [GR] 'artificial intelligence' → 100 entries, 47 kept so far
18:41:48  INFO     [PT] +153 new articles saved
18:41:48  INFO     [RO] +87 new articles saved
18:41:48  INFO     [HU] +46 new articles saved
18:41:48  INFO     [SK] 'artificial intelligence' → 100 entries, 23 kept so far
18:41:48  INFO     [HR] 'artificial intelligence' → 102 entries, 54 kept so far
18:41:48  INFO     [BG] 'artificial intelligence' → 82 entries, 37 kept so far
18:41:49  INFO     [IE] 'artificial intelligence' → 100 entries, 53 kept so far
18:41:49  INFO     [GR] 'AI regulation' → 63 entries, 103 kept so far
18:41:50  INFO     [SK] 'AI regulation' → 21 entries, 26 kept so far
18:41:50  INFO     [BG] 'AI regulation' → 15 entries, 37 kept so far
18:41:50  INFO     [HR] 'AI regulation' → 100 entries, 93 kept so far
18:41:50  INFO     [IE] 'AI regulation' → 100 entries, 85 kept so far
18:41:51  INFO     [GR] 'machine learning' → 90 entries, 138 kept so far
18:41:51  INFO     [SK] 'machine learning' → 60 entries, 38 kept so far
18:41:51  INFO     [BG] 'machine learning' → 55 entries, 46 kept so far
18:41:51  INFO     [HR] 'machine learning' → 100 entries, 157 kept so far
18:41:52  INFO     [IE] 'machine learning' → 100 entries, 145 kept so far
18:41:52  INFO     [GR] 'EU AI Act' → 60 entries, 155 kept so far
18:41:52  INFO     [SK] 'EU AI Act' → 59 entries, 51 kept so far
18:41:53  INFO     [BG] 'EU AI Act' → 18 entries, 50 kept so far
18:41:53  INFO     [HR] 'EU AI Act' → 100 entries, 237 kept so far
18:41:54  INFO     [GR] 'generative AI' → 100 entries, 196 kept so far
18:41:54  INFO     [SK] 'generative AI' → 43 entries, 60 kept so far
18:41:54  INFO     [IE] 'EU AI Act' → 100 entries, 214 kept so far
18:41:54  INFO     [BG] 'generative AI' → 29 entries, 54 kept so far
18:41:55  INFO     [HR] 'generative AI' → 100 entries, 295 kept so far
18:41:55  INFO     [GR] +129 new articles saved
18:41:55  INFO     [SK] +27 new articles saved
18:41:55  INFO     [BG] +28 new articles saved
18:41:55  INFO     [SI] 'artificial intelligence' → 100 entries, 50 kept so far
18:41:55  INFO     [LV] 'artificial intelligence' → 65 entries, 21 kept so far
18:41:56  INFO     [LT] 'artificial intelligence' → 85 entries, 28 kept so far
18:41:56  INFO     [HR] +264 new articles saved
18:41:56  INFO     [EE] 'artificial intelligence' → 100 entries, 44 kept so far
18:41:56  INFO     [IE] 'generative AI' → 100 entries, 268 kept so far
18:41:57  INFO     [LV] 'AI regulation' → 9 entries, 21 kept so far
18:41:57  INFO     [SI] 'AI regulation' → 11 entries, 50 kept so far
18:41:57  INFO     [LT] 'AI regulation' → 14 entries, 29 kept so far
18:41:58  INFO     [IE] +83 new articles saved
18:41:58  INFO     [EE] 'AI regulation' → 7 entries, 44 kept so far
18:41:58  INFO     [LV] 'machine learning' → 10 entries, 23 kept so far
18:41:58  INFO     [CY] 'artificial intelligence' → 100 entries, 68 kept so far
18:41:58  INFO     [SI] 'machine learning' → 22 entries, 53 kept so far
18:41:58  INFO     [LT] 'machine learning' → 33 entries, 33 kept so far
18:41:59  INFO     [EE] 'machine learning' → 18 entries, 46 kept so far
18:41:59  INFO     [LV] 'EU AI Act' → 6 entries, 23 kept so far
18:42:00  INFO     [SI] 'EU AI Act' → 21 entries, 56 kept so far
18:42:00  INFO     [LT] 'EU AI Act' → 25 entries, 35 kept so far
18:42:00  INFO     [CY] 'AI regulation' → 63 entries, 124 kept so far
18:42:00  INFO     [EE] 'EU AI Act' → 12 entries, 47 kept so far
18:42:01  INFO     [LV] 'generative AI' → 8 entries, 25 kept so far
18:42:01  INFO     [SI] 'generative AI' → 12 entries, 57 kept so far
18:42:01  INFO     [LT] 'generative AI' → 21 entries, 42 kept so far
18:42:01  INFO     [CY] 'machine learning' → 90 entries, 159 kept so far
18:42:02  INFO     [EE] 'generative AI' → 11 entries, 49 kept so far
18:42:02  INFO     [LV] +10 new articles saved
18:42:02  INFO     [SI] +21 new articles saved
18:42:02  INFO     [MT] 'artificial intelligence' → 102 entries, 54 kept so far
18:42:02  INFO     [LT] +13 new articles saved
18:42:02  INFO     [LU] 'artificial intelligence' → 100 entries, 41 kept so far
18:42:03  INFO     [EE] +25 new articles saved
18:42:03  INFO     [CY] 'EU AI Act' → 60 entries, 174 kept so far
18:42:03  INFO     [MT] 'AI regulation' → 100 entries, 93 kept so far
18:42:04  INFO     [LU] 'AI regulation' → 100 entries, 125 kept so far
18:42:04  INFO     [CY] 'generative AI' → 100 entries, 215 kept so far
18:42:04  INFO     [MT] 'machine learning' → 100 entries, 157 kept so far
18:42:05  INFO     [LU] 'machine learning' → 100 entries, 181 kept so far
18:42:05  INFO     [CY] +34 new articles saved
18:42:06  INFO     [MT] 'EU AI Act' → 100 entries, 237 kept so far
18:42:07  INFO     [LU] 'EU AI Act' → 84 entries, 235 kept so far
18:42:07  INFO     [MT] 'generative AI' → 100 entries, 295 kept so far
18:42:08  INFO     [MT] +0 new articles saved
18:42:08  INFO     [LU] 'generative AI' → 100 entries, 260 kept so far
18:42:09  INFO     [LU] +0 new articles saved
18:42:09  INFO     Scrape complete. 2155 new articles this run.
