01:36:29  INFO     Starting scrape: 27 countries, 5 queries each
/home/runner/work/EU_AI_News/EU_AI_News/eu_ai_news_scraper.py:230: DeprecationWarning: datetime.datetime.utcnow() is deprecated and scheduled for removal in a future version. Use timezone-aware objects to represent datetimes in UTC: datetime.datetime.now(datetime.UTC).
  "scraped_at":   datetime.utcnow().isoformat(),
01:36:30  INFO     [DE] 'artificial intelligence' → 100 entries, 56 kept so far
01:36:30  INFO     [FR] 'artificial intelligence' → 100 entries, 53 kept so far
01:36:30  INFO     [PL] 'artificial intelligence' → 100 entries, 15 kept so far
01:36:30  INFO     [ES] 'artificial intelligence' → 100 entries, 65 kept so far
01:36:30  INFO     [IT] 'artificial intelligence' → 100 entries, 37 kept so far
01:36:31  INFO     [DE] 'AI regulation' → 91 entries, 126 kept so far
01:36:31  INFO     [FR] 'AI regulation' → 100 entries, 136 kept so far
01:36:32  INFO     [PL] 'AI regulation' → 100 entries, 95 kept so far
01:36:32  INFO     [ES] 'AI regulation' → 81 entries, 122 kept so far
01:36:32  INFO     [IT] 'AI regulation' → 100 entries, 124 kept so far
01:36:33  INFO     [DE] 'machine learning' → 100 entries, 177 kept so far
01:36:33  INFO     [FR] 'machine learning' → 100 entries, 194 kept so far
01:36:33  INFO     [PL] 'machine learning' → 100 entries, 139 kept so far
01:36:33  INFO     [IT] 'machine learning' → 100 entries, 188 kept so far
01:36:33  INFO     [ES] 'machine learning' → 100 entries, 192 kept so far
01:36:34  INFO     [DE] 'EU AI Act' → 100 entries, 237 kept so far
01:36:35  INFO     [PL] 'EU AI Act' → 77 entries, 168 kept so far
01:36:35  INFO     [FR] 'EU AI Act' → 91 entries, 252 kept so far
01:36:35  INFO     [IT] 'EU AI Act' → 100 entries, 274 kept so far
01:36:35  INFO     [ES] 'EU AI Act' → 79 entries, 219 kept so far
01:36:36  INFO     [DE] 'generative AI' → 100 entries, 264 kept so far
01:36:36  INFO     [PL] 'generative AI' → 100 entries, 203 kept so far
01:36:36  INFO     [IT] 'generative AI' → 100 entries, 313 kept so far
01:36:37  INFO     [FR] 'generative AI' → 100 entries, 284 kept so far
01:36:37  INFO     [ES] 'generative AI' → 100 entries, 263 kept so far
01:36:37  INFO     [DE] +196 new articles saved
01:36:37  INFO     [PL] +131 new articles saved
01:36:38  INFO     [IT] +198 new articles saved
01:36:38  INFO     [FR] +164 new articles saved
01:36:38  INFO     [NL] 'artificial intelligence' → 100 entries, 15 kept so far
01:36:38  INFO     [ES] +156 new articles saved
01:36:38  INFO     [BE] 'artificial intelligence' → 100 entries, 59 kept so far
01:36:38  INFO     [SE] 'artificial intelligence' → 100 entries, 15 kept so far
01:36:38  INFO     [AT] 'artificial intelligence' → 100 entries, 53 kept so far
01:36:38  INFO     [DK] 'artificial intelligence' → 100 entries, 25 kept so far
01:36:40  INFO     [NL] 'AI regulation' → 76 entries, 60 kept so far
01:36:40  INFO     [SE] 'AI regulation' → 78 entries, 29 kept so far
01:36:40  INFO     [AT] 'AI regulation' → 92 entries, 124 kept so far
01:36:40  INFO     [BE] 'AI regulation' → 100 entries, 141 kept so far
01:36:40  INFO     [DK] 'AI regulation' → 45 entries, 39 kept so far
01:36:41  INFO     [SE] 'machine learning' → 79 entries, 49 kept so far
01:36:41  INFO     [NL] 'machine learning' → 100 entries, 113 kept so far
01:36:42  INFO     [BE] 'machine learning' → 100 entries, 200 kept so far
01:36:42  INFO     [DK] 'machine learning' → 85 entries, 61 kept so far
01:36:42  INFO     [AT] 'machine learning' → 100 entries, 184 kept so far
01:36:43  INFO     [SE] 'EU AI Act' → 63 entries, 53 kept so far
01:36:43  INFO     [NL] 'EU AI Act' → 100 entries, 137 kept so far
01:36:43  INFO     [DK] 'EU AI Act' → 76 entries, 76 kept so far
01:36:43  INFO     [BE] 'EU AI Act' → 94 entries, 254 kept so far
01:36:43  INFO     [AT] 'EU AI Act' → 100 entries, 262 kept so far
01:36:44  INFO     [SE] 'generative AI' → 72 entries, 62 kept so far
01:36:45  INFO     [NL] 'generative AI' → 100 entries, 162 kept so far
01:36:45  INFO     [DK] 'generative AI' → 89 entries, 106 kept so far
01:36:45  INFO     [BE] 'generative AI' → 100 entries, 283 kept so far
01:36:45  INFO     [AT] 'generative AI' → 100 entries, 288 kept so far
01:36:45  INFO     [SE] +24 new articles saved
01:36:46  INFO     [NL] +74 new articles saved
01:36:46  INFO     [FI] 'artificial intelligence' → 100 entries, 62 kept so far
01:36:46  INFO     [PT] 'artificial intelligence' → 100 entries, 61 kept so far
01:36:46  INFO     [DK] +47 new articles saved
01:36:46  INFO     [BE] +24 new articles saved
01:36:46  INFO     [AT] +69 new articles saved
01:36:46  INFO     [CZ] 'artificial intelligence' → 100 entries, 21 kept so far
01:36:47  INFO     [HU] 'artificial intelligence' → 100 entries, 12 kept so far
01:36:47  INFO     [RO] 'artificial intelligence' → 100 entries, 46 kept so far
01:36:48  INFO     [FI] 'AI regulation' → 63 entries, 82 kept so far
01:36:48  INFO     [PT] 'AI regulation' → 93 entries, 121 kept so far
01:36:48  INFO     [CZ] 'AI regulation' → 78 entries, 51 kept so far
01:36:48  INFO     [HU] 'AI regulation' → 78 entries, 15 kept so far
01:36:48  INFO     [RO] 'AI regulation' → 76 entries, 54 kept so far
01:36:49  INFO     [FI] 'machine learning' → 87 entries, 121 kept so far
01:36:50  INFO     [CZ] 'machine learning' → 85 entries, 70 kept so far
01:36:50  INFO     [PT] 'machine learning' → 100 entries, 200 kept so far
01:36:50  INFO     [HU] 'machine learning' → 73 entries, 42 kept so far
01:36:50  INFO     [RO] 'machine learning' → 100 entries, 110 kept so far
01:36:51  INFO     [FI] 'EU AI Act' → 70 entries, 159 kept so far
01:36:51  INFO     [CZ] 'EU AI Act' → 75 entries, 81 kept so far
01:36:51  INFO     [PT] 'EU AI Act' → 62 entries, 209 kept so far
01:36:51  INFO     [HU] 'EU AI Act' → 79 entries, 68 kept so far
01:36:52  INFO     [RO] 'EU AI Act' → 78 entries, 135 kept so far
01:36:52  INFO     [FI] 'generative AI' → 55 entries, 190 kept so far
01:36:53  INFO     [CZ] 'generative AI' → 80 entries, 100 kept so far
01:36:53  INFO     [HU] 'generative AI' → 72 entries, 91 kept so far
01:36:53  INFO     [RO] 'generative AI' → 86 entries, 159 kept so far
01:36:53  INFO     [PT] 'generative AI' → 100 entries, 241 kept so far
01:36:53  INFO     [FI] +96 new articles saved
01:36:54  INFO     [CZ] +65 new articles saved
01:36:54  INFO     [GR] 'artificial intelligence' → 100 entries, 47 kept so far
01:36:54  INFO     [HU] +44 new articles saved
01:36:54  INFO     [RO] +84 new articles saved
01:36:54  INFO     [PT] +156 new articles saved
01:36:54  INFO     [SK] 'artificial intelligence' → 100 entries, 24 kept so far
01:36:55  INFO     [HR] 'artificial intelligence' → 100 entries, 49 kept so far
01:36:55  INFO     [BG] 'artificial intelligence' → 82 entries, 38 kept so far
01:36:55  INFO     [IE] 'artificial intelligence' → 100 entries, 56 kept so far
01:36:56  INFO     [GR] 'AI regulation' → 64 entries, 105 kept so far
01:36:56  INFO     [SK] 'AI regulation' → 21 entries, 28 kept so far
01:36:56  INFO     [BG] 'AI regulation' → 19 entries, 39 kept so far
01:36:56  INFO     [HR] 'AI regulation' → 100 entries, 84 kept so far
01:36:57  INFO     [IE] 'AI regulation' → 100 entries, 89 kept so far
01:36:57  INFO     [GR] 'machine learning' → 92 entries, 143 kept so far
01:36:57  INFO     [SK] 'machine learning' → 58 entries, 40 kept so far
01:36:58  INFO     [BG] 'machine learning' → 54 entries, 48 kept so far
01:36:58  INFO     [HR] 'machine learning' → 100 entries, 155 kept so far
01:36:58  INFO     [IE] 'machine learning' → 100 entries, 154 kept so far
01:36:59  INFO     [SK] 'EU AI Act' → 57 entries, 50 kept so far
01:36:59  INFO     [GR] 'EU AI Act' → 60 entries, 160 kept so far
01:36:59  INFO     [BG] 'EU AI Act' → 15 entries, 52 kept so far
01:37:00  INFO     [HR] 'EU AI Act' → 100 entries, 234 kept so far
01:37:00  INFO     [SK] 'generative AI' → 41 entries, 57 kept so far
01:37:00  INFO     [GR] 'generative AI' → 100 entries, 202 kept so far
01:37:00  INFO     [IE] 'EU AI Act' → 100 entries, 227 kept so far
01:37:01  INFO     [BG] 'generative AI' → 30 entries, 57 kept so far
01:37:01  INFO     [SK] +27 new articles saved
01:37:02  INFO     [HR] 'generative AI' → 100 entries, 283 kept so far
01:37:02  INFO     [LT] 'artificial intelligence' → 87 entries, 28 kept so far
01:37:02  INFO     [GR] +131 new articles saved
01:37:02  INFO     [SI] 'artificial intelligence' → 100 entries, 48 kept so far
01:37:02  INFO     [LV] 'artificial intelligence' → 62 entries, 22 kept so far
01:37:02  INFO     [BG] +31 new articles saved
01:37:02  INFO     [IE] 'generative AI' → 100 entries, 271 kept so far
01:37:03  INFO     [HR] +249 new articles saved
01:37:03  INFO     [LT] 'AI regulation' → 17 entries, 30 kept so far
01:37:03  INFO     [IE] +74 new articles saved
01:37:03  INFO     [EE] 'artificial intelligence' → 100 entries, 42 kept so far
01:37:03  INFO     [LV] 'AI regulation' → 8 entries, 22 kept so far
01:37:03  INFO     [SI] 'AI regulation' → 11 entries, 48 kept so far
01:37:04  INFO     [CY] 'artificial intelligence' → 100 entries, 47 kept so far
01:37:05  INFO     [LT] 'machine learning' → 32 entries, 34 kept so far
01:37:05  INFO     [LV] 'machine learning' → 10 entries, 24 kept so far
01:37:05  INFO     [SI] 'machine learning' → 22 entries, 50 kept so far
01:37:05  INFO     [EE] 'AI regulation' → 8 entries, 42 kept so far
01:37:05  INFO     [CY] 'AI regulation' → 64 entries, 105 kept so far
01:37:06  INFO     [LT] 'EU AI Act' → 25 entries, 36 kept so far
01:37:06  INFO     [LV] 'EU AI Act' → 6 entries, 24 kept so far
01:37:06  INFO     [SI] 'EU AI Act' → 20 entries, 53 kept so far
01:37:06  INFO     [EE] 'machine learning' → 17 entries, 44 kept so far
01:37:07  INFO     [CY] 'machine learning' → 92 entries, 143 kept so far
01:37:07  INFO     [LT] 'generative AI' → 20 entries, 42 kept so far
01:37:07  INFO     [LV] 'generative AI' → 8 entries, 26 kept so far
01:37:07  INFO     [SI] 'generative AI' → 12 entries, 54 kept so far
01:37:08  INFO     [EE] 'EU AI Act' → 12 entries, 45 kept so far
01:37:08  INFO     [CY] 'EU AI Act' → 60 entries, 160 kept so far
01:37:08  INFO     [LT] +13 new articles saved
01:37:08  INFO     [LV] +11 new articles saved
01:37:08  INFO     [MT] 'artificial intelligence' → 100 entries, 49 kept so far
01:37:08  INFO     [SI] +18 new articles saved
01:37:09  INFO     [LU] 'artificial intelligence' → 100 entries, 54 kept so far
01:37:09  INFO     [EE] 'generative AI' → 11 entries, 47 kept so far
01:37:10  INFO     [MT] 'AI regulation' → 100 entries, 84 kept so far
01:37:10  INFO     [CY] 'generative AI' → 100 entries, 202 kept so far
01:37:10  INFO     [EE] +21 new articles saved
01:37:10  INFO     [LU] 'AI regulation' → 100 entries, 137 kept so far
01:37:11  INFO     [MT] 'machine learning' → 100 entries, 155 kept so far
01:37:11  INFO     [CY] +0 new articles saved
01:37:12  INFO     [LU] 'machine learning' → 100 entries, 195 kept so far
01:37:12  INFO     [MT] 'EU AI Act' → 100 entries, 234 kept so far
01:37:13  INFO     [MT] 'generative AI' → 100 entries, 283 kept so far
01:37:14  INFO     [LU] 'EU AI Act' → 91 entries, 253 kept so far
01:37:14  INFO     [MT] +0 new articles saved
01:37:15  INFO     [LU] 'generative AI' → 100 entries, 285 kept so far
01:37:16  INFO     [LU] +1 new articles saved
01:37:16  INFO     Scrape complete. 2104 new articles this run.
