11:18:49  INFO     Starting scrape: 27 countries, 5 queries each
/home/runner/work/EU_AI_News/EU_AI_News/eu_ai_news_scraper.py:230: DeprecationWarning: datetime.datetime.utcnow() is deprecated and scheduled for removal in a future version. Use timezone-aware objects to represent datetimes in UTC: datetime.datetime.now(datetime.UTC).
  "scraped_at":   datetime.utcnow().isoformat(),
11:18:49  INFO     [DE] 'artificial intelligence' → 100 entries, 38 kept so far
11:18:49  INFO     [FR] 'artificial intelligence' → 100 entries, 48 kept so far
11:18:49  INFO     [PL] 'artificial intelligence' → 100 entries, 11 kept so far
11:18:49  INFO     [IT] 'artificial intelligence' → 102 entries, 27 kept so far
11:18:49  INFO     [ES] 'artificial intelligence' → 100 entries, 56 kept so far
11:18:51  INFO     [DE] 'AI regulation' → 96 entries, 110 kept so far
11:18:51  INFO     [PL] 'AI regulation' → 76 entries, 70 kept so far
11:18:51  INFO     [FR] 'AI regulation' → 86 entries, 127 kept so far
11:18:51  INFO     [IT] 'AI regulation' → 100 entries, 109 kept so far
11:18:51  INFO     [ES] 'AI regulation' → 77 entries, 91 kept so far
11:18:52  INFO     [DE] 'machine learning' → 100 entries, 159 kept so far
11:18:52  INFO     [PL] 'machine learning' → 100 entries, 118 kept so far
11:18:52  INFO     [FR] 'machine learning' → 100 entries, 179 kept so far
11:18:53  INFO     [IT] 'machine learning' → 100 entries, 184 kept so far
11:18:53  INFO     [ES] 'machine learning' → 100 entries, 163 kept so far
11:18:54  INFO     [DE] 'EU AI Act' → 100 entries, 233 kept so far
11:18:54  INFO     [FR] 'EU AI Act' → 81 entries, 215 kept so far
11:18:54  INFO     [IT] 'EU AI Act' → 100 entries, 229 kept so far
11:18:54  INFO     [ES] 'EU AI Act' → 79 entries, 190 kept so far
11:18:55  INFO     [PL] 'EU AI Act' → 75 entries, 135 kept so far
11:18:55  INFO     [DE] 'generative AI' → 100 entries, 255 kept so far
11:18:56  INFO     [FR] 'generative AI' → 100 entries, 246 kept so far
11:18:56  INFO     [IT] 'generative AI' → 100 entries, 277 kept so far
11:18:56  INFO     [ES] 'generative AI' → 100 entries, 236 kept so far
11:18:56  INFO     [PL] 'generative AI' → 100 entries, 166 kept so far
11:18:56  INFO     [DE] +179 new articles saved
11:18:57  INFO     [FR] +147 new articles saved
11:18:57  INFO     [IT] +184 new articles saved
11:18:57  INFO     [ES] +132 new articles saved
11:18:57  INFO     [NL] 'artificial intelligence' → 102 entries, 13 kept so far
11:18:57  INFO     [PL] +93 new articles saved
11:18:57  INFO     [SE] 'artificial intelligence' → 100 entries, 11 kept so far
11:18:57  INFO     [BE] 'artificial intelligence' → 100 entries, 44 kept so far
11:18:57  INFO     [AT] 'artificial intelligence' → 100 entries, 37 kept so far
11:18:58  INFO     [DK] 'artificial intelligence' → 100 entries, 13 kept so far
11:18:58  INFO     [NL] 'AI regulation' → 76 entries, 55 kept so far
11:18:59  INFO     [SE] 'AI regulation' → 74 entries, 19 kept so far
11:18:59  INFO     [BE] 'AI regulation' → 85 entries, 122 kept so far
11:18:59  INFO     [DK] 'AI regulation' → 40 entries, 19 kept so far
11:18:59  INFO     [AT] 'AI regulation' → 100 entries, 111 kept so far
11:19:00  INFO     [NL] 'machine learning' → 100 entries, 106 kept so far
11:19:00  INFO     [SE] 'machine learning' → 82 entries, 44 kept so far
11:19:00  INFO     [BE] 'machine learning' → 100 entries, 172 kept so far
11:19:01  INFO     [DK] 'machine learning' → 82 entries, 38 kept so far
11:19:01  INFO     [AT] 'machine learning' → 100 entries, 160 kept so far
11:19:02  INFO     [NL] 'EU AI Act' → 100 entries, 136 kept so far
11:19:02  INFO     [SE] 'EU AI Act' → 71 entries, 52 kept so far
11:19:02  INFO     [BE] 'EU AI Act' → 82 entries, 207 kept so far
11:19:02  INFO     [AT] 'EU AI Act' → 100 entries, 242 kept so far
11:19:03  INFO     [NL] 'generative AI' → 100 entries, 167 kept so far
11:19:03  INFO     [SE] 'generative AI' → 71 entries, 63 kept so far
11:19:03  INFO     [DK] 'EU AI Act' → 72 entries, 53 kept so far
11:19:04  INFO     [BE] 'generative AI' → 100 entries, 236 kept so far
11:19:04  INFO     [AT] 'generative AI' → 100 entries, 265 kept so far
11:19:04  INFO     [NL] +83 new articles saved
11:19:04  INFO     [SE] +32 new articles saved
11:19:05  INFO     [BE] +24 new articles saved
11:19:05  INFO     [FI] 'artificial intelligence' → 100 entries, 57 kept so far
11:19:05  INFO     [DK] 'generative AI' → 94 entries, 83 kept so far
11:19:05  INFO     [PT] 'artificial intelligence' → 100 entries, 64 kept so far
11:19:05  INFO     [AT] +57 new articles saved
11:19:05  INFO     [CZ] 'artificial intelligence' → 100 entries, 15 kept so far
11:19:06  INFO     [RO] 'artificial intelligence' → 100 entries, 43 kept so far
11:19:06  INFO     [DK] +32 new articles saved
11:19:06  INFO     [FI] 'AI regulation' → 59 entries, 68 kept so far
11:19:06  INFO     [HU] 'artificial intelligence' → 100 entries, 26 kept so far
11:19:07  INFO     [PT] 'AI regulation' → 76 entries, 97 kept so far
11:19:07  INFO     [CZ] 'AI regulation' → 77 entries, 36 kept so far
11:19:07  INFO     [RO] 'AI regulation' → 73 entries, 54 kept so far
11:19:08  INFO     [HU] 'AI regulation' → 78 entries, 28 kept so far
11:19:08  INFO     [FI] 'machine learning' → 87 entries, 112 kept so far
11:19:08  INFO     [CZ] 'machine learning' → 73 entries, 56 kept so far
11:19:08  INFO     [PT] 'machine learning' → 100 entries, 176 kept so far
11:19:09  INFO     [RO] 'machine learning' → 99 entries, 109 kept so far
11:19:09  INFO     [HU] 'machine learning' → 71 entries, 52 kept so far
11:19:09  INFO     [FI] 'EU AI Act' → 76 entries, 154 kept so far
11:19:10  INFO     [CZ] 'EU AI Act' → 70 entries, 69 kept so far
11:19:10  INFO     [PT] 'EU AI Act' → 57 entries, 189 kept so far
11:19:10  INFO     [RO] 'EU AI Act' → 69 entries, 130 kept so far
11:19:11  INFO     [FI] 'generative AI' → 62 entries, 193 kept so far
11:19:11  INFO     [HU] 'EU AI Act' → 77 entries, 72 kept so far
11:19:11  INFO     [CZ] 'generative AI' → 71 entries, 87 kept so far
11:19:12  INFO     [PT] 'generative AI' → 100 entries, 217 kept so far
11:19:12  INFO     [RO] 'generative AI' → 99 entries, 154 kept so far
11:19:12  INFO     [FI] +103 new articles saved
11:19:12  INFO     [CZ] +59 new articles saved
11:19:12  INFO     [GR] 'artificial intelligence' → 100 entries, 41 kept so far
11:19:12  INFO     [HU] 'generative AI' → 70 entries, 91 kept so far
11:19:13  INFO     [PT] +139 new articles saved
11:19:13  INFO     [SK] 'artificial intelligence' → 100 entries, 23 kept so far
11:19:13  INFO     [RO] +94 new articles saved
11:19:13  INFO     [IE] 'artificial intelligence' → 100 entries, 66 kept so far
11:19:13  INFO     [HR] 'artificial intelligence' → 104 entries, 67 kept so far
11:19:13  INFO     [HU] +60 new articles saved
11:19:14  INFO     [BG] 'artificial intelligence' → 88 entries, 34 kept so far
11:19:14  INFO     [SK] 'AI regulation' → 23 entries, 25 kept so far
11:19:15  INFO     [HR] 'AI regulation' → 102 entries, 120 kept so far
11:19:15  INFO     [IE] 'AI regulation' → 100 entries, 123 kept so far
11:19:15  INFO     [BG] 'AI regulation' → 16 entries, 36 kept so far
11:19:15  INFO     [SK] 'machine learning' → 56 entries, 39 kept so far
11:19:16  INFO     [GR] 'AI regulation' → 69 entries, 88 kept so far
11:19:16  INFO     [HR] 'machine learning' → 100 entries, 181 kept so far
11:19:17  INFO     [IE] 'machine learning' → 100 entries, 188 kept so far
11:19:17  INFO     [BG] 'machine learning' → 59 entries, 44 kept so far
11:19:17  INFO     [SK] 'EU AI Act' → 74 entries, 49 kept so far
11:19:17  INFO     [GR] 'machine learning' → 100 entries, 131 kept so far
11:19:18  INFO     [BG] 'EU AI Act' → 18 entries, 47 kept so far
11:19:18  INFO     [HR] 'EU AI Act' → 100 entries, 260 kept so far
11:19:18  INFO     [SK] 'generative AI' → 41 entries, 58 kept so far
11:19:18  INFO     [IE] 'EU AI Act' → 100 entries, 259 kept so far
11:19:19  INFO     [GR] 'EU AI Act' → 57 entries, 148 kept so far
11:19:19  INFO     [BG] 'generative AI' → 31 entries, 55 kept so far
11:19:19  INFO     [SK] +29 new articles saved
11:19:20  INFO     [HR] 'generative AI' → 100 entries, 329 kept so far
11:19:20  INFO     [LT] 'artificial intelligence' → 74 entries, 25 kept so far
11:19:20  INFO     [IE] 'generative AI' → 100 entries, 324 kept so far
11:19:20  INFO     [GR] 'generative AI' → 100 entries, 189 kept so far
11:19:20  INFO     [BG] +34 new articles saved
11:19:21  INFO     [HR] +300 new articles saved
11:19:21  INFO     [SI] 'artificial intelligence' → 99 entries, 49 kept so far
11:19:21  INFO     [IE] +122 new articles saved
11:19:21  INFO     [LV] 'artificial intelligence' → 69 entries, 19 kept so far
11:19:21  INFO     [LT] 'AI regulation' → 7 entries, 25 kept so far
11:19:21  INFO     [GR] +129 new articles saved
11:19:22  INFO     [EE] 'artificial intelligence' → 100 entries, 56 kept so far
11:19:22  INFO     [CY] 'artificial intelligence' → 100 entries, 41 kept so far
11:19:22  INFO     [SI] 'AI regulation' → 3 entries, 49 kept so far
11:19:22  INFO     [LV] 'AI regulation' → 6 entries, 19 kept so far
11:19:22  INFO     [LT] 'machine learning' → 26 entries, 29 kept so far
11:19:23  INFO     [EE] 'AI regulation' → 6 entries, 57 kept so far
11:19:23  INFO     [CY] 'AI regulation' → 69 entries, 88 kept so far
11:19:23  INFO     [SI] 'machine learning' → 19 entries, 50 kept so far
11:19:24  INFO     [LV] 'machine learning' → 13 entries, 22 kept so far
11:19:24  INFO     [LT] 'EU AI Act' → 17 entries, 29 kept so far
11:19:24  INFO     [EE] 'machine learning' → 12 entries, 58 kept so far
11:19:25  INFO     [SI] 'EU AI Act' → 26 entries, 54 kept so far
11:19:25  INFO     [LV] 'EU AI Act' → 8 entries, 22 kept so far
11:19:25  INFO     [LT] 'generative AI' → 16 entries, 33 kept so far
11:19:25  INFO     [CY] 'machine learning' → 100 entries, 130 kept so far
11:19:26  INFO     [EE] 'EU AI Act' → 10 entries, 59 kept so far
11:19:26  INFO     [SI] 'generative AI' → 16 entries, 55 kept so far
11:19:26  INFO     [LT] +13 new articles saved
11:19:26  INFO     [LV] 'generative AI' → 10 entries, 23 kept so far
11:19:26  INFO     [CY] 'EU AI Act' → 57 entries, 147 kept so far
11:19:26  INFO     [LU] 'artificial intelligence' → 100 entries, 48 kept so far
11:19:27  INFO     [SI] +22 new articles saved
11:19:27  INFO     [MT] 'artificial intelligence' → 104 entries, 67 kept so far
11:19:27  INFO     [EE] 'generative AI' → 9 entries, 62 kept so far
11:19:27  INFO     [LV] +11 new articles saved
11:19:28  INFO     [CY] 'generative AI' → 100 entries, 188 kept so far
11:19:28  INFO     [LU] 'AI regulation' → 86 entries, 127 kept so far
11:19:28  INFO     [EE] +34 new articles saved
11:19:28  INFO     [MT] 'AI regulation' → 102 entries, 120 kept so far
11:19:29  INFO     [CY] +0 new articles saved
11:19:29  INFO     [MT] 'machine learning' → 100 entries, 181 kept so far
11:19:29  INFO     [LU] 'machine learning' → 100 entries, 179 kept so far
11:19:31  INFO     [MT] 'EU AI Act' → 100 entries, 260 kept so far
11:19:31  INFO     [LU] 'EU AI Act' → 81 entries, 215 kept so far
11:19:32  INFO     [MT] 'generative AI' → 100 entries, 329 kept so far
11:19:32  INFO     [LU] 'generative AI' → 100 entries, 246 kept so far
11:19:33  INFO     [MT] +0 new articles saved
11:19:33  INFO     [LU] +0 new articles saved
11:19:33  INFO     Scrape complete. 2112 new articles this run.
