20:38:41  INFO     Starting scrape: 27 countries, 5 queries each
/home/runner/work/EU_AI_News/EU_AI_News/eu_ai_news_scraper.py:230: DeprecationWarning: datetime.datetime.utcnow() is deprecated and scheduled for removal in a future version. Use timezone-aware objects to represent datetimes in UTC: datetime.datetime.now(datetime.UTC).
  "scraped_at":   datetime.utcnow().isoformat(),
20:38:42  INFO     [DE] 'artificial intelligence' → 100 entries, 45 kept so far
20:38:42  INFO     [ES] 'artificial intelligence' → 100 entries, 51 kept so far
20:38:42  INFO     [PL] 'artificial intelligence' → 102 entries, 19 kept so far
20:38:42  INFO     [IT] 'artificial intelligence' → 100 entries, 23 kept so far
20:38:42  INFO     [FR] 'artificial intelligence' → 100 entries, 46 kept so far
20:38:43  INFO     [DE] 'AI regulation' → 100 entries, 124 kept so far
20:38:43  INFO     [ES] 'AI regulation' → 78 entries, 94 kept so far
20:38:43  INFO     [PL] 'AI regulation' → 79 entries, 79 kept so far
20:38:43  INFO     [IT] 'AI regulation' → 100 entries, 115 kept so far
20:38:44  INFO     [FR] 'AI regulation' → 99 entries, 131 kept so far
20:38:45  INFO     [DE] 'machine learning' → 100 entries, 174 kept so far
20:38:45  INFO     [ES] 'machine learning' → 100 entries, 169 kept so far
20:38:45  INFO     [PL] 'machine learning' → 100 entries, 128 kept so far
20:38:45  INFO     [IT] 'machine learning' → 100 entries, 184 kept so far
20:38:45  INFO     [FR] 'machine learning' → 100 entries, 187 kept so far
20:38:47  INFO     [DE] 'EU AI Act' → 100 entries, 254 kept so far
20:38:47  INFO     [PL] 'EU AI Act' → 78 entries, 150 kept so far
20:38:47  INFO     [ES] 'EU AI Act' → 78 entries, 193 kept so far
20:38:47  INFO     [IT] 'EU AI Act' → 100 entries, 232 kept so far
20:38:47  INFO     [FR] 'EU AI Act' → 93 entries, 226 kept so far
20:38:48  INFO     [PL] 'generative AI' → 100 entries, 181 kept so far
20:38:49  INFO     [ES] 'generative AI' → 100 entries, 237 kept so far
20:38:49  INFO     [FR] 'generative AI' → 100 entries, 256 kept so far
20:38:49  INFO     [IT] 'generative AI' → 100 entries, 268 kept so far
20:38:50  INFO     [PL] +101 new articles saved
20:38:50  INFO     [ES] +127 new articles saved
20:38:50  INFO     [FR] +142 new articles saved
20:38:50  INFO     [DE] 'generative AI' → 100 entries, 277 kept so far
20:38:50  INFO     [NL] 'artificial intelligence' → 100 entries, 20 kept so far
20:38:50  INFO     [IT] +181 new articles saved
20:38:50  INFO     [BE] 'artificial intelligence' → 100 entries, 44 kept so far
20:38:51  INFO     [SE] 'artificial intelligence' → 100 entries, 9 kept so far
20:38:51  INFO     [AT] 'artificial intelligence' → 100 entries, 45 kept so far
20:38:51  INFO     [DE] +198 new articles saved
20:38:52  INFO     [NL] 'AI regulation' → 78 entries, 67 kept so far
20:38:52  INFO     [DK] 'artificial intelligence' → 100 entries, 15 kept so far
20:38:52  INFO     [BE] 'AI regulation' → 97 entries, 127 kept so far
20:38:52  INFO     [SE] 'AI regulation' → 77 entries, 20 kept so far
20:38:53  INFO     [AT] 'AI regulation' → 100 entries, 119 kept so far
20:38:53  INFO     [NL] 'machine learning' → 100 entries, 119 kept so far
20:38:54  INFO     [DK] 'AI regulation' → 36 entries, 22 kept so far
20:38:54  INFO     [SE] 'machine learning' → 80 entries, 41 kept so far
20:38:54  INFO     [BE] 'machine learning' → 100 entries, 180 kept so far
20:38:54  INFO     [AT] 'machine learning' → 100 entries, 169 kept so far
20:38:55  INFO     [NL] 'EU AI Act' → 100 entries, 151 kept so far
20:38:55  INFO     [DK] 'machine learning' → 86 entries, 42 kept so far
20:38:55  INFO     [SE] 'EU AI Act' → 73 entries, 50 kept so far
20:38:56  INFO     [BE] 'EU AI Act' → 97 entries, 223 kept so far
20:38:56  INFO     [AT] 'EU AI Act' → 100 entries, 254 kept so far
20:38:57  INFO     [NL] 'generative AI' → 100 entries, 181 kept so far
20:38:57  INFO     [SE] 'generative AI' → 74 entries, 59 kept so far
20:38:57  INFO     [DK] 'EU AI Act' → 75 entries, 57 kept so far
20:38:57  INFO     [BE] 'generative AI' → 100 entries, 246 kept so far
20:38:58  INFO     [AT] 'generative AI' → 100 entries, 279 kept so far
20:38:58  INFO     [NL] +90 new articles saved
20:38:58  INFO     [SE] +27 new articles saved
20:38:58  INFO     [BE] +14 new articles saved
20:38:59  INFO     [FI] 'artificial intelligence' → 100 entries, 54 kept so far
20:38:59  INFO     [DK] 'generative AI' → 100 entries, 89 kept so far
20:38:59  INFO     [CZ] 'artificial intelligence' → 100 entries, 19 kept so far
20:38:59  INFO     [PT] 'artificial intelligence' → 100 entries, 57 kept so far
20:39:00  INFO     [RO] 'artificial intelligence' → 100 entries, 38 kept so far
20:39:00  INFO     [AT] +55 new articles saved
20:39:00  INFO     [DK] +30 new articles saved
20:39:00  INFO     [FI] 'AI regulation' → 47 entries, 65 kept so far
20:39:01  INFO     [CZ] 'AI regulation' → 77 entries, 43 kept so far
20:39:01  INFO     [HU] 'artificial intelligence' → 100 entries, 22 kept so far
20:39:01  INFO     [PT] 'AI regulation' → 79 entries, 92 kept so far
20:39:01  INFO     [RO] 'AI regulation' → 79 entries, 50 kept so far
20:39:02  INFO     [FI] 'machine learning' → 91 entries, 115 kept so far
20:39:02  INFO     [CZ] 'machine learning' → 84 entries, 65 kept so far
20:39:02  INFO     [HU] 'AI regulation' → 78 entries, 27 kept so far
20:39:03  INFO     [PT] 'machine learning' → 100 entries, 173 kept so far
20:39:03  INFO     [RO] 'machine learning' → 100 entries, 110 kept so far
20:39:04  INFO     [FI] 'EU AI Act' → 62 entries, 155 kept so far
20:39:04  INFO     [CZ] 'EU AI Act' → 75 entries, 80 kept so far
20:39:04  INFO     [HU] 'machine learning' → 73 entries, 53 kept so far
20:39:04  INFO     [PT] 'EU AI Act' → 65 entries, 186 kept so far
20:39:05  INFO     [RO] 'EU AI Act' → 78 entries, 136 kept so far
20:39:05  INFO     [FI] 'generative AI' → 66 entries, 195 kept so far
20:39:05  INFO     [CZ] 'generative AI' → 78 entries, 100 kept so far
20:39:06  INFO     [HU] 'EU AI Act' → 79 entries, 78 kept so far
20:39:06  INFO     [PT] 'generative AI' → 100 entries, 217 kept so far
20:39:06  INFO     [FI] +106 new articles saved
20:39:06  INFO     [RO] 'generative AI' → 91 entries, 165 kept so far
20:39:06  INFO     [CZ] +68 new articles saved
20:39:07  INFO     [GR] 'artificial intelligence' → 100 entries, 44 kept so far
20:39:07  INFO     [SK] 'artificial intelligence' → 100 entries, 21 kept so far
20:39:07  INFO     [PT] +134 new articles saved
20:39:07  INFO     [HU] 'generative AI' → 78 entries, 101 kept so far
20:39:07  INFO     [RO] +98 new articles saved
20:39:08  INFO     [HR] 'artificial intelligence' → 100 entries, 47 kept so far
20:39:08  INFO     [IE] 'artificial intelligence' → 100 entries, 54 kept so far
20:39:08  INFO     [HU] +64 new articles saved
20:39:08  INFO     [GR] 'AI regulation' → 67 entries, 92 kept so far
20:39:08  INFO     [SK] 'AI regulation' → 19 entries, 24 kept so far
20:39:09  INFO     [BG] 'artificial intelligence' → 82 entries, 35 kept so far
20:39:10  INFO     [HR] 'AI regulation' → 102 entries, 76 kept so far
20:39:10  INFO     [IE] 'AI regulation' → 100 entries, 85 kept so far
20:39:10  INFO     [GR] 'machine learning' → 100 entries, 132 kept so far
20:39:10  INFO     [SK] 'machine learning' → 57 entries, 36 kept so far
20:39:10  INFO     [BG] 'AI regulation' → 12 entries, 36 kept so far
20:39:11  INFO     [HR] 'machine learning' → 100 entries, 138 kept so far
20:39:12  INFO     [SK] 'EU AI Act' → 60 entries, 45 kept so far
20:39:12  INFO     [GR] 'EU AI Act' → 56 entries, 151 kept so far
20:39:12  INFO     [IE] 'machine learning' → 100 entries, 147 kept so far
20:39:12  INFO     [BG] 'machine learning' → 59 entries, 45 kept so far
20:39:13  INFO     [HR] 'EU AI Act' → 100 entries, 220 kept so far
20:39:13  INFO     [SK] 'generative AI' → 45 entries, 53 kept so far
20:39:13  INFO     [BG] 'EU AI Act' → 14 entries, 48 kept so far
20:39:13  INFO     [GR] 'generative AI' → 100 entries, 197 kept so far
20:39:14  INFO     [IE] 'EU AI Act' → 100 entries, 216 kept so far
20:39:14  INFO     [SK] +23 new articles saved
20:39:14  INFO     [GR] +124 new articles saved
20:39:15  INFO     [LT] 'artificial intelligence' → 85 entries, 32 kept so far
20:39:15  INFO     [BG] 'generative AI' → 31 entries, 54 kept so far
20:39:15  INFO     [HR] 'generative AI' → 100 entries, 282 kept so far
20:39:15  INFO     [SI] 'artificial intelligence' → 100 entries, 58 kept so far
20:39:15  INFO     [IE] 'generative AI' → 100 entries, 275 kept so far
20:39:16  INFO     [BG] +30 new articles saved
20:39:16  INFO     [HR] +257 new articles saved
20:39:16  INFO     [LT] 'AI regulation' → 9 entries, 32 kept so far
20:39:16  INFO     [LV] 'artificial intelligence' → 64 entries, 18 kept so far
20:39:16  INFO     [SI] 'AI regulation' → 3 entries, 58 kept so far
20:39:16  INFO     [EE] 'artificial intelligence' → 100 entries, 51 kept so far
20:39:16  INFO     [IE] +93 new articles saved
20:39:17  INFO     [CY] 'artificial intelligence' → 100 entries, 42 kept so far
20:39:17  INFO     [LT] 'machine learning' → 21 entries, 34 kept so far
20:39:17  INFO     [LV] 'AI regulation' → 7 entries, 18 kept so far
20:39:18  INFO     [SI] 'machine learning' → 18 entries, 59 kept so far
20:39:18  INFO     [EE] 'AI regulation' → 6 entries, 52 kept so far
20:39:19  INFO     [CY] 'AI regulation' → 67 entries, 90 kept so far
20:39:19  INFO     [LV] 'machine learning' → 13 entries, 20 kept so far
20:39:19  INFO     [LT] 'EU AI Act' → 17 entries, 35 kept so far
20:39:19  INFO     [SI] 'EU AI Act' → 24 entries, 64 kept so far
20:39:19  INFO     [EE] 'machine learning' → 17 entries, 54 kept so far
20:39:20  INFO     [LV] 'EU AI Act' → 6 entries, 20 kept so far
20:39:20  INFO     [LT] 'generative AI' → 19 entries, 41 kept so far
20:39:20  INFO     [CY] 'machine learning' → 100 entries, 130 kept so far
20:39:21  INFO     [SI] 'generative AI' → 13 entries, 66 kept so far
20:39:21  INFO     [EE] 'EU AI Act' → 9 entries, 55 kept so far
20:39:21  INFO     [LT] +17 new articles saved
20:39:21  INFO     [LV] 'generative AI' → 8 entries, 21 kept so far
20:39:22  INFO     [SI] +31 new articles saved
20:39:22  INFO     [MT] 'artificial intelligence' → 100 entries, 47 kept so far
20:39:22  INFO     [LU] 'artificial intelligence' → 100 entries, 46 kept so far
20:39:22  INFO     [CY] 'EU AI Act' → 56 entries, 149 kept so far
20:39:22  INFO     [EE] 'generative AI' → 11 entries, 58 kept so far
20:39:22  INFO     [LV] +7 new articles saved
20:39:23  INFO     [MT] 'AI regulation' → 102 entries, 76 kept so far
20:39:23  INFO     [EE] +31 new articles saved
20:39:24  INFO     [LU] 'AI regulation' → 99 entries, 131 kept so far
20:39:24  INFO     [CY] 'generative AI' → 100 entries, 195 kept so far
20:39:24  INFO     [MT] 'machine learning' → 100 entries, 138 kept so far
20:39:25  INFO     [CY] +3 new articles saved
20:39:25  INFO     [LU] 'machine learning' → 100 entries, 187 kept so far
20:39:26  INFO     [MT] 'EU AI Act' → 100 entries, 220 kept so far
20:39:27  INFO     [LU] 'EU AI Act' → 93 entries, 226 kept so far
20:39:27  INFO     [MT] 'generative AI' → 100 entries, 282 kept so far
20:39:28  INFO     [MT] +0 new articles saved
20:39:29  INFO     [LU] 'generative AI' → 100 entries, 255 kept so far
20:39:30  INFO     [LU] +0 new articles saved
20:39:30  INFO     Scrape complete. 2051 new articles this run.
