04:07:43  INFO     Starting scrape: 27 countries, 5 queries each
/home/runner/work/EU_AI_News/EU_AI_News/eu_ai_news_scraper.py:230: DeprecationWarning: datetime.datetime.utcnow() is deprecated and scheduled for removal in a future version. Use timezone-aware objects to represent datetimes in UTC: datetime.datetime.now(datetime.UTC).
  "scraped_at":   datetime.utcnow().isoformat(),
04:07:44  INFO     [DE] 'artificial intelligence' → 100 entries, 41 kept so far
04:07:44  INFO     [FR] 'artificial intelligence' → 99 entries, 51 kept so far
04:07:44  INFO     [PL] 'artificial intelligence' → 100 entries, 12 kept so far
04:07:44  INFO     [IT] 'artificial intelligence' → 98 entries, 32 kept so far
04:07:44  INFO     [ES] 'artificial intelligence' → 100 entries, 50 kept so far
04:07:45  INFO     [DE] 'AI regulation' → 100 entries, 117 kept so far
04:07:45  INFO     [FR] 'AI regulation' → 93 entries, 137 kept so far
04:07:46  INFO     [PL] 'AI regulation' → 79 entries, 73 kept so far
04:07:46  INFO     [IT] 'AI regulation' → 100 entries, 115 kept so far
04:07:46  INFO     [ES] 'AI regulation' → 78 entries, 87 kept so far
04:07:47  INFO     [DE] 'machine learning' → 100 entries, 168 kept so far
04:07:47  INFO     [PL] 'machine learning' → 100 entries, 121 kept so far
04:07:47  INFO     [FR] 'machine learning' → 100 entries, 187 kept so far
04:07:47  INFO     [IT] 'machine learning' → 100 entries, 192 kept so far
04:07:48  INFO     [ES] 'machine learning' → 100 entries, 158 kept so far
04:07:49  INFO     [DE] 'EU AI Act' → 100 entries, 239 kept so far
04:07:49  INFO     [PL] 'EU AI Act' → 78 entries, 139 kept so far
04:07:49  INFO     [FR] 'EU AI Act' → 80 entries, 222 kept so far
04:07:49  INFO     [IT] 'EU AI Act' → 100 entries, 244 kept so far
04:07:49  INFO     [ES] 'EU AI Act' → 78 entries, 183 kept so far
04:07:50  INFO     [DE] 'generative AI' → 100 entries, 261 kept so far
04:07:51  INFO     [FR] 'generative AI' → 100 entries, 249 kept so far
04:07:51  INFO     [PL] 'generative AI' → 100 entries, 166 kept so far
04:07:51  INFO     [IT] 'generative AI' → 100 entries, 287 kept so far
04:07:51  INFO     [ES] 'generative AI' → 100 entries, 230 kept so far
04:07:51  INFO     [DE] +173 new articles saved
04:07:52  INFO     [FR] +145 new articles saved
04:07:52  INFO     [PL] +92 new articles saved
04:07:52  INFO     [IT] +190 new articles saved
04:07:52  INFO     [NL] 'artificial intelligence' → 99 entries, 18 kept so far
04:07:52  INFO     [BE] 'artificial intelligence' → 100 entries, 52 kept so far
04:07:52  INFO     [SE] 'artificial intelligence' → 100 entries, 14 kept so far
04:07:52  INFO     [AT] 'artificial intelligence' → 100 entries, 39 kept so far
04:07:52  INFO     [ES] +124 new articles saved
04:07:53  INFO     [DK] 'artificial intelligence' → 100 entries, 13 kept so far
04:07:54  INFO     [NL] 'AI regulation' → 78 entries, 61 kept so far
04:07:54  INFO     [BE] 'AI regulation' → 92 entries, 136 kept so far
04:07:54  INFO     [SE] 'AI regulation' → 76 entries, 23 kept so far
04:07:54  INFO     [AT] 'AI regulation' → 100 entries, 113 kept so far
04:07:55  INFO     [DK] 'AI regulation' → 39 entries, 18 kept so far
04:07:55  INFO     [NL] 'machine learning' → 100 entries, 110 kept so far
04:07:56  INFO     [BE] 'machine learning' → 100 entries, 187 kept so far
04:07:56  INFO     [AT] 'machine learning' → 100 entries, 163 kept so far
04:07:56  INFO     [SE] 'machine learning' → 82 entries, 50 kept so far
04:07:56  INFO     [DK] 'machine learning' → 78 entries, 39 kept so far
04:07:57  INFO     [NL] 'EU AI Act' → 100 entries, 141 kept so far
04:07:57  INFO     [BE] 'EU AI Act' → 83 entries, 224 kept so far
04:07:57  INFO     [SE] 'EU AI Act' → 73 entries, 59 kept so far
04:07:58  INFO     [AT] 'EU AI Act' → 100 entries, 241 kept so far
04:07:58  INFO     [DK] 'EU AI Act' → 76 entries, 56 kept so far
04:07:58  INFO     [NL] 'generative AI' → 100 entries, 171 kept so far
04:07:59  INFO     [AT] 'generative AI' → 100 entries, 264 kept so far
04:07:59  INFO     [SE] 'generative AI' → 72 entries, 70 kept so far
04:07:59  INFO     [BE] 'generative AI' → 100 entries, 248 kept so far
04:08:00  INFO     [NL] +81 new articles saved
04:08:00  INFO     [DK] 'generative AI' → 96 entries, 87 kept so far
04:08:00  INFO     [FI] 'artificial intelligence' → 100 entries, 62 kept so far
04:08:00  INFO     [AT] +61 new articles saved
04:08:00  INFO     [SE] +36 new articles saved
04:08:00  INFO     [BE] +28 new articles saved
04:08:01  INFO     [DK] +35 new articles saved
04:08:01  INFO     [CZ] 'artificial intelligence' → 100 entries, 16 kept so far
04:08:01  INFO     [RO] 'artificial intelligence' → 100 entries, 39 kept so far
04:08:01  INFO     [PT] 'artificial intelligence' → 100 entries, 63 kept so far
04:08:01  INFO     [HU] 'artificial intelligence' → 100 entries, 26 kept so far
04:08:02  INFO     [FI] 'AI regulation' → 60 entries, 75 kept so far
04:08:02  INFO     [CZ] 'AI regulation' → 77 entries, 38 kept so far
04:08:03  INFO     [RO] 'AI regulation' → 74 entries, 49 kept so far
04:08:03  INFO     [PT] 'AI regulation' → 79 entries, 102 kept so far
04:08:03  INFO     [HU] 'AI regulation' → 79 entries, 29 kept so far
04:08:03  INFO     [FI] 'machine learning' → 87 entries, 118 kept so far
04:08:04  INFO     [CZ] 'machine learning' → 74 entries, 58 kept so far
04:08:04  INFO     [RO] 'machine learning' → 95 entries, 101 kept so far
04:08:04  INFO     [HU] 'machine learning' → 74 entries, 51 kept so far
04:08:05  INFO     [PT] 'machine learning' → 100 entries, 178 kept so far
04:08:05  INFO     [FI] 'EU AI Act' → 73 entries, 161 kept so far
04:08:06  INFO     [CZ] 'EU AI Act' → 75 entries, 71 kept so far
04:08:06  INFO     [RO] 'EU AI Act' → 70 entries, 125 kept so far
04:08:06  INFO     [HU] 'EU AI Act' → 78 entries, 75 kept so far
04:08:07  INFO     [PT] 'EU AI Act' → 69 entries, 195 kept so far
04:08:07  INFO     [FI] 'generative AI' → 62 entries, 199 kept so far
04:08:07  INFO     [CZ] 'generative AI' → 71 entries, 88 kept so far
04:08:07  INFO     [RO] 'generative AI' → 94 entries, 147 kept so far
04:08:08  INFO     [HU] 'generative AI' → 70 entries, 95 kept so far
04:08:08  INFO     [FI] +106 new articles saved
04:08:08  INFO     [CZ] +57 new articles saved
04:08:08  INFO     [PT] 'generative AI' → 100 entries, 223 kept so far
04:08:08  INFO     [GR] 'artificial intelligence' → 100 entries, 40 kept so far
04:08:08  INFO     [RO] +85 new articles saved
04:08:09  INFO     [HU] +63 new articles saved
04:08:09  INFO     [SK] 'artificial intelligence' → 100 entries, 26 kept so far
04:08:09  INFO     [IE] 'artificial intelligence' → 102 entries, 60 kept so far
04:08:09  INFO     [HR] 'artificial intelligence' → 106 entries, 60 kept so far
04:08:09  INFO     [PT] +147 new articles saved
04:08:10  INFO     [BG] 'artificial intelligence' → 78 entries, 35 kept so far
04:08:10  INFO     [GR] 'AI regulation' → 68 entries, 89 kept so far
04:08:10  INFO     [SK] 'AI regulation' → 20 entries, 27 kept so far
04:08:11  INFO     [IE] 'AI regulation' → 100 entries, 117 kept so far
04:08:11  INFO     [HR] 'AI regulation' → 102 entries, 123 kept so far
04:08:12  INFO     [BG] 'AI regulation' → 20 entries, 38 kept so far
04:08:12  INFO     [GR] 'machine learning' → 100 entries, 129 kept so far
04:08:12  INFO     [SK] 'machine learning' → 56 entries, 42 kept so far
04:08:13  INFO     [HR] 'machine learning' → 100 entries, 198 kept so far
04:08:13  INFO     [IE] 'machine learning' → 100 entries, 188 kept so far
04:08:13  INFO     [BG] 'machine learning' → 56 entries, 47 kept so far
04:08:13  INFO     [GR] 'EU AI Act' → 60 entries, 147 kept so far
04:08:14  INFO     [SK] 'EU AI Act' → 72 entries, 51 kept so far
04:08:14  INFO     [HR] 'EU AI Act' → 100 entries, 281 kept so far
04:08:14  INFO     [BG] 'EU AI Act' → 20 entries, 50 kept so far
04:08:15  INFO     [IE] 'EU AI Act' → 100 entries, 262 kept so far
04:08:15  INFO     [SK] 'generative AI' → 43 entries, 60 kept so far
04:08:16  INFO     [BG] 'generative AI' → 30 entries, 57 kept so far
04:08:16  INFO     [HR] 'generative AI' → 100 entries, 344 kept so far
04:08:16  INFO     [SK] +31 new articles saved
04:08:17  INFO     [IE] 'generative AI' → 100 entries, 324 kept so far
04:08:17  INFO     [LT] 'artificial intelligence' → 72 entries, 25 kept so far
04:08:17  INFO     [BG] +34 new articles saved
04:08:17  INFO     [HR] +305 new articles saved
04:08:17  INFO     [SI] 'artificial intelligence' → 100 entries, 50 kept so far
04:08:17  INFO     [LV] 'artificial intelligence' → 67 entries, 18 kept so far
04:08:18  INFO     [IE] +116 new articles saved
04:08:18  INFO     [GR] 'generative AI' → 100 entries, 188 kept so far
04:08:18  INFO     [LT] 'AI regulation' → 6 entries, 25 kept so far
04:08:18  INFO     [EE] 'artificial intelligence' → 95 entries, 49 kept so far
04:08:19  INFO     [SI] 'AI regulation' → 3 entries, 50 kept so far
04:08:19  INFO     [LV] 'AI regulation' → 7 entries, 18 kept so far
04:08:19  INFO     [GR] +129 new articles saved
04:08:19  INFO     [LT] 'machine learning' → 28 entries, 29 kept so far
04:08:20  INFO     [CY] 'artificial intelligence' → 100 entries, 40 kept so far
04:08:20  INFO     [EE] 'AI regulation' → 6 entries, 50 kept so far
04:08:20  INFO     [LV] 'machine learning' → 13 entries, 21 kept so far
04:08:20  INFO     [SI] 'machine learning' → 20 entries, 50 kept so far
04:08:21  INFO     [LT] 'EU AI Act' → 18 entries, 29 kept so far
04:08:21  INFO     [CY] 'AI regulation' → 68 entries, 89 kept so far
04:08:21  INFO     [EE] 'machine learning' → 15 entries, 52 kept so far
04:08:21  INFO     [LV] 'EU AI Act' → 8 entries, 21 kept so far
04:08:22  INFO     [SI] 'EU AI Act' → 25 entries, 54 kept so far
04:08:22  INFO     [LT] 'generative AI' → 17 entries, 35 kept so far
04:08:23  INFO     [EE] 'EU AI Act' → 11 entries, 54 kept so far
04:08:23  INFO     [CY] 'machine learning' → 100 entries, 129 kept so far
04:08:23  INFO     [LV] 'generative AI' → 9 entries, 22 kept so far
04:08:23  INFO     [SI] 'generative AI' → 15 entries, 55 kept so far
04:08:23  INFO     [LT] +12 new articles saved
04:08:24  INFO     [LU] 'artificial intelligence' → 99 entries, 51 kept so far
04:08:24  INFO     [LV] +10 new articles saved
04:08:24  INFO     [MT] 'artificial intelligence' → 106 entries, 60 kept so far
04:08:24  INFO     [SI] +21 new articles saved
04:08:24  INFO     [EE] 'generative AI' → 10 entries, 57 kept so far
04:08:25  INFO     [CY] 'EU AI Act' → 60 entries, 147 kept so far
04:08:25  INFO     [EE] +31 new articles saved
04:08:25  INFO     [MT] 'AI regulation' → 102 entries, 123 kept so far
04:08:26  INFO     [LU] 'AI regulation' → 94 entries, 137 kept so far
04:08:26  INFO     [CY] 'generative AI' → 100 entries, 189 kept so far
04:08:26  INFO     [MT] 'machine learning' → 100 entries, 198 kept so far
04:08:27  INFO     [CY] +1 new articles saved
04:08:27  INFO     [LU] 'machine learning' → 100 entries, 188 kept so far
04:08:28  INFO     [MT] 'EU AI Act' → 100 entries, 281 kept so far
04:08:29  INFO     [MT] 'generative AI' → 100 entries, 344 kept so far
04:08:29  INFO     [LU] 'EU AI Act' → 84 entries, 225 kept so far
04:08:30  INFO     [MT] +0 new articles saved
04:08:31  INFO     [LU] 'generative AI' → 100 entries, 254 kept so far
04:08:32  INFO     [LU] +7 new articles saved
04:08:32  INFO     Scrape complete. 2120 new articles this run.
