12:56:04  INFO     Starting scrape: 27 countries, 5 queries each
/home/runner/work/EU_AI_News/EU_AI_News/eu_ai_news_scraper.py:230: DeprecationWarning: datetime.datetime.utcnow() is deprecated and scheduled for removal in a future version. Use timezone-aware objects to represent datetimes in UTC: datetime.datetime.now(datetime.UTC).
  "scraped_at":   datetime.utcnow().isoformat(),
12:56:05  INFO     [FR] 'artificial intelligence' → 100 entries, 47 kept so far
12:56:05  INFO     [DE] 'artificial intelligence' → 100 entries, 50 kept so far
12:56:05  INFO     [IT] 'artificial intelligence' → 100 entries, 41 kept so far
12:56:05  INFO     [PL] 'artificial intelligence' → 100 entries, 25 kept so far
12:56:05  INFO     [ES] 'artificial intelligence' → 100 entries, 56 kept so far
12:56:06  INFO     [DE] 'AI regulation' → 54 entries, 84 kept so far
12:56:06  INFO     [FR] 'AI regulation' → 100 entries, 106 kept so far
12:56:06  INFO     [IT] 'AI regulation' → 100 entries, 103 kept so far
12:56:07  INFO     [ES] 'AI regulation' → 73 entries, 74 kept so far
12:56:07  INFO     [PL] 'AI regulation' → 100 entries, 89 kept so far
12:56:08  INFO     [FR] 'machine learning' → 100 entries, 162 kept so far
12:56:08  INFO     [IT] 'machine learning' → 100 entries, 173 kept so far
12:56:08  INFO     [DE] 'machine learning' → 100 entries, 137 kept so far
12:56:08  INFO     [ES] 'machine learning' → 100 entries, 146 kept so far
12:56:08  INFO     [PL] 'machine learning' → 100 entries, 126 kept so far
12:56:09  INFO     [FR] 'EU AI Act' → 94 entries, 216 kept so far
12:56:09  INFO     [IT] 'EU AI Act' → 100 entries, 244 kept so far
12:56:10  INFO     [DE] 'EU AI Act' → 100 entries, 219 kept so far
12:56:10  INFO     [ES] 'EU AI Act' → 78 entries, 186 kept so far
12:56:10  INFO     [PL] 'EU AI Act' → 77 entries, 150 kept so far
12:56:11  INFO     [FR] 'generative AI' → 100 entries, 250 kept so far
12:56:11  INFO     [DE] 'generative AI' → 100 entries, 244 kept so far
12:56:11  INFO     [IT] 'generative AI' → 100 entries, 282 kept so far
12:56:11  INFO     [PL] 'generative AI' → 100 entries, 185 kept so far
12:56:12  INFO     [ES] 'generative AI' → 100 entries, 228 kept so far
12:56:12  INFO     [FR] +124 new articles saved
12:56:12  INFO     [DE] +168 new articles saved
12:56:12  INFO     [IT] +154 new articles saved
12:56:12  INFO     [NL] 'artificial intelligence' → 100 entries, 15 kept so far
12:56:12  INFO     [PL] +109 new articles saved
12:56:13  INFO     [BE] 'artificial intelligence' → 100 entries, 58 kept so far
12:56:13  INFO     [SE] 'artificial intelligence' → 100 entries, 9 kept so far
12:56:13  INFO     [ES] +110 new articles saved
12:56:13  INFO     [AT] 'artificial intelligence' → 100 entries, 51 kept so far
12:56:13  INFO     [DK] 'artificial intelligence' → 100 entries, 17 kept so far
12:56:14  INFO     [NL] 'AI regulation' → 74 entries, 61 kept so far
12:56:14  INFO     [BE] 'AI regulation' → 100 entries, 131 kept so far
12:56:14  INFO     [SE] 'AI regulation' → 63 entries, 22 kept so far
12:56:15  INFO     [AT] 'AI regulation' → 58 entries, 90 kept so far
12:56:15  INFO     [DK] 'AI regulation' → 25 entries, 18 kept so far
12:56:15  INFO     [NL] 'machine learning' → 100 entries, 113 kept so far
12:56:16  INFO     [SE] 'machine learning' → 75 entries, 47 kept so far
12:56:16  INFO     [BE] 'machine learning' → 100 entries, 186 kept so far
12:56:16  INFO     [DK] 'machine learning' → 81 entries, 41 kept so far
12:56:16  INFO     [AT] 'machine learning' → 100 entries, 139 kept so far
12:56:17  INFO     [NL] 'EU AI Act' → 100 entries, 140 kept so far
12:56:17  INFO     [SE] 'EU AI Act' → 56 entries, 54 kept so far
12:56:18  INFO     [BE] 'EU AI Act' → 100 entries, 228 kept so far
12:56:18  INFO     [DK] 'EU AI Act' → 70 entries, 57 kept so far
12:56:18  INFO     [AT] 'EU AI Act' → 100 entries, 220 kept so far
12:56:18  INFO     [NL] 'generative AI' → 100 entries, 167 kept so far
12:56:19  INFO     [SE] 'generative AI' → 72 entries, 60 kept so far
12:56:19  INFO     [BE] 'generative AI' → 100 entries, 255 kept so far
12:56:19  INFO     [DK] 'generative AI' → 100 entries, 89 kept so far
12:56:19  INFO     [AT] 'generative AI' → 100 entries, 243 kept so far
12:56:19  INFO     [NL] +63 new articles saved
12:56:20  INFO     [SE] +20 new articles saved
12:56:20  INFO     [FI] 'artificial intelligence' → 100 entries, 67 kept so far
12:56:20  INFO     [BE] +28 new articles saved
12:56:20  INFO     [DK] +25 new articles saved
12:56:20  INFO     [PT] 'artificial intelligence' → 100 entries, 62 kept so far
12:56:20  INFO     [AT] +36 new articles saved
12:56:21  INFO     [CZ] 'artificial intelligence' → 100 entries, 17 kept so far
12:56:21  INFO     [RO] 'artificial intelligence' → 100 entries, 43 kept so far
12:56:21  INFO     [HU] 'artificial intelligence' → 100 entries, 14 kept so far
12:56:21  INFO     [FI] 'AI regulation' → 45 entries, 78 kept so far
12:56:22  INFO     [PT] 'AI regulation' → 58 entries, 98 kept so far
12:56:22  INFO     [RO] 'AI regulation' → 22 entries, 49 kept so far
12:56:22  INFO     [CZ] 'AI regulation' → 76 entries, 36 kept so far
12:56:22  INFO     [HU] 'AI regulation' → 79 entries, 15 kept so far
12:56:23  INFO     [FI] 'machine learning' → 100 entries, 111 kept so far
12:56:24  INFO     [PT] 'machine learning' → 100 entries, 176 kept so far
12:56:24  INFO     [RO] 'machine learning' → 100 entries, 103 kept so far
12:56:24  INFO     [HU] 'machine learning' → 70 entries, 40 kept so far
12:56:24  INFO     [CZ] 'machine learning' → 82 entries, 50 kept so far
12:56:25  INFO     [FI] 'EU AI Act' → 62 entries, 141 kept so far
12:56:25  INFO     [PT] 'EU AI Act' → 54 entries, 187 kept so far
12:56:25  INFO     [RO] 'EU AI Act' → 77 entries, 129 kept so far
12:56:26  INFO     [CZ] 'EU AI Act' → 75 entries, 58 kept so far
12:56:26  INFO     [HU] 'EU AI Act' → 77 entries, 67 kept so far
12:56:26  INFO     [FI] 'generative AI' → 54 entries, 173 kept so far
12:56:27  INFO     [PT] 'generative AI' → 100 entries, 216 kept so far
12:56:27  INFO     [RO] 'generative AI' → 85 entries, 158 kept so far
12:56:27  INFO     [FI] +79 new articles saved
12:56:27  INFO     [HU] 'generative AI' → 75 entries, 93 kept so far
12:56:27  INFO     [CZ] 'generative AI' → 88 entries, 80 kept so far
12:56:28  INFO     [GR] 'artificial intelligence' → 100 entries, 44 kept so far
12:56:28  INFO     [PT] +118 new articles saved
12:56:28  INFO     [RO] +90 new articles saved
12:56:28  INFO     [HU] +50 new articles saved
12:56:28  INFO     [SK] 'artificial intelligence' → 100 entries, 21 kept so far
12:56:28  INFO     [CZ] +45 new articles saved
12:56:28  INFO     [HR] 'artificial intelligence' → 102 entries, 68 kept so far
12:56:29  INFO     [IE] 'artificial intelligence' → 100 entries, 59 kept so far
12:56:29  INFO     [BG] 'artificial intelligence' → 84 entries, 38 kept so far
12:56:29  INFO     [GR] 'AI regulation' → 64 entries, 96 kept so far
12:56:30  INFO     [SK] 'AI regulation' → 16 entries, 23 kept so far
12:56:30  INFO     [HR] 'AI regulation' → 100 entries, 105 kept so far
12:56:30  INFO     [BG] 'AI regulation' → 5 entries, 39 kept so far
12:56:30  INFO     [IE] 'AI regulation' → 100 entries, 99 kept so far
12:56:31  INFO     [GR] 'machine learning' → 99 entries, 129 kept so far
12:56:31  INFO     [SK] 'machine learning' → 57 entries, 34 kept so far
12:56:31  INFO     [HR] 'machine learning' → 100 entries, 169 kept so far
12:56:31  INFO     [BG] 'machine learning' → 57 entries, 46 kept so far
12:56:32  INFO     [IE] 'machine learning' → 100 entries, 167 kept so far
12:56:32  INFO     [GR] 'EU AI Act' → 57 entries, 147 kept so far
12:56:32  INFO     [SK] 'EU AI Act' → 62 entries, 49 kept so far
12:56:33  INFO     [BG] 'EU AI Act' → 15 entries, 49 kept so far
12:56:33  INFO     [HR] 'EU AI Act' → 100 entries, 244 kept so far
12:56:34  INFO     [SK] 'generative AI' → 40 entries, 56 kept so far
12:56:34  INFO     [GR] 'generative AI' → 100 entries, 190 kept so far
12:56:34  INFO     [IE] 'EU AI Act' → 100 entries, 237 kept so far
12:56:34  INFO     [BG] 'generative AI' → 29 entries, 53 kept so far
12:56:35  INFO     [HR] 'generative AI' → 100 entries, 297 kept so far
12:56:35  INFO     [SK] +27 new articles saved
12:56:35  INFO     [GR] +115 new articles saved
12:56:35  INFO     [BG] +29 new articles saved
12:56:35  INFO     [LT] 'artificial intelligence' → 76 entries, 28 kept so far
12:56:35  INFO     [SI] 'artificial intelligence' → 98 entries, 46 kept so far
12:56:35  INFO     [LV] 'artificial intelligence' → 66 entries, 20 kept so far
12:56:36  INFO     [IE] 'generative AI' → 100 entries, 289 kept so far
12:56:36  INFO     [HR] +270 new articles saved
12:56:36  INFO     [EE] 'artificial intelligence' → 100 entries, 41 kept so far
12:56:37  INFO     [LT] 'AI regulation' → 15 entries, 29 kept so far
12:56:37  INFO     [IE] +76 new articles saved
12:56:37  INFO     [SI] 'AI regulation' → 4 entries, 46 kept so far
12:56:37  INFO     [LV] 'AI regulation' → 6 entries, 20 kept so far
12:56:37  INFO     [CY] 'artificial intelligence' → 100 entries, 44 kept so far
12:56:37  INFO     [EE] 'AI regulation' → 8 entries, 41 kept so far
12:56:38  INFO     [LT] 'machine learning' → 29 entries, 33 kept so far
12:56:38  INFO     [SI] 'machine learning' → 22 entries, 49 kept so far
12:56:38  INFO     [LV] 'machine learning' → 11 entries, 22 kept so far
12:56:38  INFO     [CY] 'AI regulation' → 64 entries, 96 kept so far
12:56:39  INFO     [EE] 'machine learning' → 20 entries, 47 kept so far
12:56:39  INFO     [LT] 'EU AI Act' → 23 entries, 35 kept so far
12:56:39  INFO     [LV] 'EU AI Act' → 8 entries, 22 kept so far
12:56:39  INFO     [SI] 'EU AI Act' → 30 entries, 55 kept so far
12:56:40  INFO     [CY] 'machine learning' → 99 entries, 129 kept so far
12:56:40  INFO     [EE] 'EU AI Act' → 16 entries, 49 kept so far
12:56:41  INFO     [LT] 'generative AI' → 22 entries, 43 kept so far
12:56:41  INFO     [LV] 'generative AI' → 10 entries, 25 kept so far
12:56:41  INFO     [SI] 'generative AI' → 13 entries, 56 kept so far
12:56:41  INFO     [CY] 'EU AI Act' → 57 entries, 147 kept so far
12:56:41  INFO     [EE] 'generative AI' → 11 entries, 51 kept so far
12:56:42  INFO     [LT] +14 new articles saved
12:56:42  INFO     [LV] +9 new articles saved
12:56:42  INFO     [SI] +20 new articles saved
12:56:42  INFO     [LU] 'artificial intelligence' → 100 entries, 47 kept so far
12:56:42  INFO     [MT] 'artificial intelligence' → 102 entries, 67 kept so far
12:56:42  INFO     [EE] +23 new articles saved
12:56:43  INFO     [CY] 'generative AI' → 100 entries, 190 kept so far
12:56:43  INFO     [MT] 'AI regulation' → 100 entries, 104 kept so far
12:56:44  INFO     [LU] 'AI regulation' → 100 entries, 106 kept so far
12:56:44  INFO     [CY] +0 new articles saved
12:56:45  INFO     [MT] 'machine learning' → 100 entries, 168 kept so far
12:56:45  INFO     [LU] 'machine learning' → 100 entries, 162 kept so far
12:56:46  INFO     [MT] 'EU AI Act' → 100 entries, 243 kept so far
12:56:46  INFO     [LU] 'EU AI Act' → 94 entries, 216 kept so far
12:56:47  INFO     [MT] 'generative AI' → 100 entries, 296 kept so far
12:56:48  INFO     [MT] +0 new articles saved
12:56:48  INFO     [LU] 'generative AI' → 100 entries, 250 kept so far
12:56:49  INFO     [LU] +0 new articles saved
12:56:49  INFO     Scrape complete. 1802 new articles this run.
