08:42:09  INFO     Starting scrape: 27 countries, 5 queries each
/home/runner/work/EU_AI_News/EU_AI_News/eu_ai_news_scraper.py:230: DeprecationWarning: datetime.datetime.utcnow() is deprecated and scheduled for removal in a future version. Use timezone-aware objects to represent datetimes in UTC: datetime.datetime.now(datetime.UTC).
  "scraped_at":   datetime.utcnow().isoformat(),
08:42:10  INFO     [DE] 'artificial intelligence' → 100 entries, 50 kept so far
08:42:10  INFO     [IT] 'artificial intelligence' → 100 entries, 46 kept so far
08:42:10  INFO     [PL] 'artificial intelligence' → 100 entries, 28 kept so far
08:42:10  INFO     [FR] 'artificial intelligence' → 98 entries, 38 kept so far
08:42:10  INFO     [ES] 'artificial intelligence' → 100 entries, 56 kept so far
08:42:11  INFO     [DE] 'AI regulation' → 52 entries, 83 kept so far
08:42:12  INFO     [IT] 'AI regulation' → 100 entries, 109 kept so far
08:42:12  INFO     [ES] 'AI regulation' → 76 entries, 78 kept so far
08:42:12  INFO     [FR] 'AI regulation' → 100 entries, 98 kept so far
08:42:12  INFO     [PL] 'AI regulation' → 100 entries, 89 kept so far
08:42:13  INFO     [DE] 'machine learning' → 100 entries, 132 kept so far
08:42:13  INFO     [IT] 'machine learning' → 100 entries, 183 kept so far
08:42:13  INFO     [FR] 'machine learning' → 100 entries, 156 kept so far
08:42:13  INFO     [ES] 'machine learning' → 100 entries, 148 kept so far
08:42:13  INFO     [PL] 'machine learning' → 100 entries, 124 kept so far
08:42:14  INFO     [DE] 'EU AI Act' → 100 entries, 212 kept so far
08:42:15  INFO     [IT] 'EU AI Act' → 100 entries, 253 kept so far
08:42:15  INFO     [FR] 'EU AI Act' → 91 entries, 210 kept so far
08:42:15  INFO     [PL] 'EU AI Act' → 74 entries, 145 kept so far
08:42:15  INFO     [ES] 'EU AI Act' → 76 entries, 188 kept so far
08:42:16  INFO     [DE] 'generative AI' → 100 entries, 238 kept so far
08:42:16  INFO     [IT] 'generative AI' → 100 entries, 291 kept so far
08:42:16  INFO     [FR] 'generative AI' → 100 entries, 242 kept so far
08:42:16  INFO     [PL] 'generative AI' → 100 entries, 180 kept so far
08:42:17  INFO     [ES] 'generative AI' → 100 entries, 226 kept so far
08:42:17  INFO     [DE] +163 new articles saved
08:42:17  INFO     [NL] 'artificial intelligence' → 100 entries, 14 kept so far
08:42:17  INFO     [IT] +154 new articles saved
08:42:17  INFO     [FR] +123 new articles saved
08:42:18  INFO     [PL] +104 new articles saved
08:42:18  INFO     [ES] +111 new articles saved
08:42:18  INFO     [BE] 'artificial intelligence' → 100 entries, 49 kept so far
08:42:18  INFO     [SE] 'artificial intelligence' → 100 entries, 7 kept so far
08:42:18  INFO     [AT] 'artificial intelligence' → 100 entries, 56 kept so far
08:42:18  INFO     [DK] 'artificial intelligence' → 100 entries, 13 kept so far
08:42:19  INFO     [NL] 'AI regulation' → 70 entries, 53 kept so far
08:42:19  INFO     [BE] 'AI regulation' → 100 entries, 123 kept so far
08:42:20  INFO     [SE] 'AI regulation' → 76 entries, 20 kept so far
08:42:20  INFO     [AT] 'AI regulation' → 60 entries, 95 kept so far
08:42:20  INFO     [DK] 'AI regulation' → 24 entries, 14 kept so far
08:42:20  INFO     [NL] 'machine learning' → 100 entries, 106 kept so far
08:42:21  INFO     [BE] 'machine learning' → 100 entries, 181 kept so far
08:42:21  INFO     [SE] 'machine learning' → 78 entries, 46 kept so far
08:42:21  INFO     [AT] 'machine learning' → 100 entries, 145 kept so far
08:42:21  INFO     [DK] 'machine learning' → 84 entries, 37 kept so far
08:42:22  INFO     [NL] 'EU AI Act' → 100 entries, 133 kept so far
08:42:23  INFO     [SE] 'EU AI Act' → 69 entries, 53 kept so far
08:42:23  INFO     [BE] 'EU AI Act' → 94 entries, 223 kept so far
08:42:23  INFO     [DK] 'EU AI Act' → 73 entries, 52 kept so far
08:42:23  INFO     [AT] 'EU AI Act' → 100 entries, 224 kept so far
08:42:23  INFO     [NL] 'generative AI' → 100 entries, 158 kept so far
08:42:24  INFO     [SE] 'generative AI' → 79 entries, 60 kept so far
08:42:24  INFO     [BE] 'generative AI' → 100 entries, 251 kept so far
08:42:24  INFO     [NL] +59 new articles saved
08:42:25  INFO     [DK] 'generative AI' → 100 entries, 85 kept so far
08:42:25  INFO     [AT] 'generative AI' → 100 entries, 250 kept so far
08:42:25  INFO     [FI] 'artificial intelligence' → 100 entries, 58 kept so far
08:42:25  INFO     [SE] +17 new articles saved
08:42:25  INFO     [BE] +22 new articles saved
08:42:26  INFO     [DK] +27 new articles saved
08:42:26  INFO     [PT] 'artificial intelligence' → 100 entries, 63 kept so far
08:42:26  INFO     [AT] +37 new articles saved
08:42:26  INFO     [CZ] 'artificial intelligence' → 100 entries, 22 kept so far
08:42:26  INFO     [RO] 'artificial intelligence' → 100 entries, 44 kept so far
08:42:26  INFO     [HU] 'artificial intelligence' → 100 entries, 22 kept so far
08:42:26  INFO     [FI] 'AI regulation' → 43 entries, 68 kept so far
08:42:27  INFO     [PT] 'AI regulation' → 76 entries, 100 kept so far
08:42:27  INFO     [CZ] 'AI regulation' → 77 entries, 40 kept so far
08:42:27  INFO     [RO] 'AI regulation' → 26 entries, 50 kept so far
08:42:28  INFO     [HU] 'AI regulation' → 79 entries, 24 kept so far
08:42:28  INFO     [FI] 'machine learning' → 98 entries, 113 kept so far
08:42:29  INFO     [PT] 'machine learning' → 100 entries, 176 kept so far
08:42:29  INFO     [CZ] 'machine learning' → 86 entries, 60 kept so far
08:42:29  INFO     [RO] 'machine learning' → 100 entries, 105 kept so far
08:42:29  INFO     [HU] 'machine learning' → 76 entries, 51 kept so far
08:42:29  INFO     [FI] 'EU AI Act' → 73 entries, 152 kept so far
08:42:30  INFO     [CZ] 'EU AI Act' → 73 entries, 68 kept so far
08:42:30  INFO     [PT] 'EU AI Act' → 57 entries, 186 kept so far
08:42:31  INFO     [RO] 'EU AI Act' → 75 entries, 131 kept so far
08:42:31  INFO     [HU] 'EU AI Act' → 76 entries, 73 kept so far
08:42:31  INFO     [FI] 'generative AI' → 61 entries, 193 kept so far
08:42:32  INFO     [CZ] 'generative AI' → 87 entries, 87 kept so far
08:42:32  INFO     [RO] 'generative AI' → 85 entries, 159 kept so far
08:42:32  INFO     [FI] +100 new articles saved
08:42:32  INFO     [PT] 'generative AI' → 100 entries, 213 kept so far
08:42:32  INFO     [HU] 'generative AI' → 78 entries, 99 kept so far
08:42:33  INFO     [GR] 'artificial intelligence' → 100 entries, 49 kept so far
08:42:33  INFO     [CZ] +51 new articles saved
08:42:33  INFO     [RO] +90 new articles saved
08:42:33  INFO     [PT] +109 new articles saved
08:42:33  INFO     [HU] +51 new articles saved
08:42:33  INFO     [SK] 'artificial intelligence' → 100 entries, 25 kept so far
08:42:34  INFO     [HR] 'artificial intelligence' → 104 entries, 57 kept so far
08:42:34  INFO     [BG] 'artificial intelligence' → 87 entries, 38 kept so far
08:42:34  INFO     [IE] 'artificial intelligence' → 100 entries, 54 kept so far
08:42:34  INFO     [GR] 'AI regulation' → 60 entries, 101 kept so far
08:42:35  INFO     [SK] 'AI regulation' → 19 entries, 29 kept so far
08:42:35  INFO     [BG] 'AI regulation' → 9 entries, 39 kept so far
08:42:35  INFO     [HR] 'AI regulation' → 100 entries, 102 kept so far
08:42:35  INFO     [IE] 'AI regulation' → 100 entries, 99 kept so far
08:42:36  INFO     [GR] 'machine learning' → 100 entries, 132 kept so far
08:42:36  INFO     [SK] 'machine learning' → 58 entries, 42 kept so far
08:42:36  INFO     [BG] 'machine learning' → 58 entries, 46 kept so far
08:42:37  INFO     [HR] 'machine learning' → 100 entries, 163 kept so far
08:42:37  INFO     [IE] 'machine learning' → 100 entries, 161 kept so far
08:42:37  INFO     [GR] 'EU AI Act' → 54 entries, 152 kept so far
08:42:38  INFO     [SK] 'EU AI Act' → 77 entries, 57 kept so far
08:42:38  INFO     [BG] 'EU AI Act' → 16 entries, 50 kept so far
08:42:38  INFO     [HR] 'EU AI Act' → 96 entries, 233 kept so far
08:42:39  INFO     [GR] 'generative AI' → 100 entries, 193 kept so far
08:42:39  INFO     [IE] 'EU AI Act' → 100 entries, 226 kept so far
08:42:39  INFO     [SK] 'generative AI' → 47 entries, 65 kept so far
08:42:39  INFO     [BG] 'generative AI' → 33 entries, 54 kept so far
08:42:40  INFO     [HR] 'generative AI' → 100 entries, 285 kept so far
08:42:40  INFO     [GR] +119 new articles saved
08:42:40  INFO     [SK] +31 new articles saved
08:42:40  INFO     [BG] +29 new articles saved
08:42:40  INFO     [LT] 'artificial intelligence' → 86 entries, 32 kept so far
08:42:40  INFO     [IE] 'generative AI' → 100 entries, 280 kept so far
08:42:41  INFO     [SI] 'artificial intelligence' → 100 entries, 50 kept so far
08:42:41  INFO     [LV] 'artificial intelligence' → 69 entries, 21 kept so far
08:42:41  INFO     [HR] +249 new articles saved
08:42:41  INFO     [EE] 'artificial intelligence' → 100 entries, 43 kept so far
08:42:41  INFO     [IE] +70 new articles saved
08:42:42  INFO     [LT] 'AI regulation' → 12 entries, 33 kept so far
08:42:42  INFO     [LV] 'AI regulation' → 7 entries, 21 kept so far
08:42:42  INFO     [SI] 'AI regulation' → 4 entries, 50 kept so far
08:42:42  INFO     [CY] 'artificial intelligence' → 100 entries, 49 kept so far
08:42:42  INFO     [EE] 'AI regulation' → 8 entries, 43 kept so far
08:42:43  INFO     [LT] 'machine learning' → 31 entries, 37 kept so far
08:42:43  INFO     [LV] 'machine learning' → 10 entries, 23 kept so far
08:42:43  INFO     [SI] 'machine learning' → 24 entries, 54 kept so far
08:42:43  INFO     [CY] 'AI regulation' → 60 entries, 101 kept so far
08:42:44  INFO     [EE] 'machine learning' → 17 entries, 46 kept so far
08:42:44  INFO     [LT] 'EU AI Act' → 20 entries, 38 kept so far
08:42:44  INFO     [LV] 'EU AI Act' → 9 entries, 23 kept so far
08:42:44  INFO     [SI] 'EU AI Act' → 41 entries, 60 kept so far
08:42:45  INFO     [CY] 'machine learning' → 100 entries, 132 kept so far
08:42:45  INFO     [EE] 'EU AI Act' → 15 entries, 48 kept so far
08:42:45  INFO     [LT] 'generative AI' → 23 entries, 47 kept so far
08:42:46  INFO     [LV] 'generative AI' → 9 entries, 26 kept so far
08:42:46  INFO     [SI] 'generative AI' → 13 entries, 61 kept so far
08:42:46  INFO     [CY] 'EU AI Act' → 54 entries, 152 kept so far
08:42:46  INFO     [EE] 'generative AI' → 12 entries, 50 kept so far
08:42:46  INFO     [LT] +16 new articles saved
08:42:47  INFO     [LV] +12 new articles saved
08:42:47  INFO     [MT] 'artificial intelligence' → 104 entries, 57 kept so far
08:42:47  INFO     [SI] +22 new articles saved
08:42:47  INFO     [LU] 'artificial intelligence' → 98 entries, 38 kept so far
08:42:47  INFO     [EE] +18 new articles saved
08:42:48  INFO     [CY] 'generative AI' → 100 entries, 194 kept so far
08:42:48  INFO     [MT] 'AI regulation' → 100 entries, 102 kept so far
08:42:48  INFO     [LU] 'AI regulation' → 100 entries, 98 kept so far
08:42:49  INFO     [CY] +0 new articles saved
08:42:49  INFO     [MT] 'machine learning' → 100 entries, 163 kept so far
08:42:50  INFO     [LU] 'machine learning' → 100 entries, 156 kept so far
08:42:50  INFO     [MT] 'EU AI Act' → 96 entries, 233 kept so far
08:42:51  INFO     [LU] 'EU AI Act' → 91 entries, 210 kept so far
08:42:51  INFO     [MT] 'generative AI' → 100 entries, 285 kept so far
08:42:52  INFO     [MT] +0 new articles saved
08:42:53  INFO     [LU] 'generative AI' → 100 entries, 242 kept so far
08:42:54  INFO     [LU] +0 new articles saved
08:42:54  INFO     Scrape complete. 1784 new articles this run.
