06:50:03  INFO     Starting scrape: 27 countries, 5 queries each
/home/runner/work/EU_AI_News/EU_AI_News/eu_ai_news_scraper.py:230: DeprecationWarning: datetime.datetime.utcnow() is deprecated and scheduled for removal in a future version. Use timezone-aware objects to represent datetimes in UTC: datetime.datetime.now(datetime.UTC).
  "scraped_at":   datetime.utcnow().isoformat(),
06:50:04  INFO     [FR] 'artificial intelligence' → 100 entries, 62 kept so far
06:50:04  INFO     [IT] 'artificial intelligence' → 100 entries, 45 kept so far
06:50:04  INFO     [DE] 'artificial intelligence' → 100 entries, 50 kept so far
06:50:04  INFO     [PL] 'artificial intelligence' → 99 entries, 16 kept so far
06:50:04  INFO     [ES] 'artificial intelligence' → 100 entries, 57 kept so far
06:50:05  INFO     [FR] 'AI regulation' → 100 entries, 128 kept so far
06:50:05  INFO     [IT] 'AI regulation' → 100 entries, 115 kept so far
06:50:05  INFO     [DE] 'AI regulation' → 100 entries, 100 kept so far
06:50:05  INFO     [PL] 'AI regulation' → 100 entries, 92 kept so far
06:50:06  INFO     [ES] 'AI regulation' → 71 entries, 80 kept so far
06:50:07  INFO     [FR] 'machine learning' → 100 entries, 183 kept so far
06:50:07  INFO     [IT] 'machine learning' → 100 entries, 185 kept so far
06:50:07  INFO     [DE] 'machine learning' → 100 entries, 151 kept so far
06:50:07  INFO     [PL] 'machine learning' → 100 entries, 135 kept so far
06:50:07  INFO     [ES] 'machine learning' → 100 entries, 154 kept so far
06:50:08  INFO     [FR] 'EU AI Act' → 91 entries, 237 kept so far
06:50:08  INFO     [IT] 'EU AI Act' → 100 entries, 260 kept so far
06:50:09  INFO     [DE] 'EU AI Act' → 100 entries, 232 kept so far
06:50:09  INFO     [PL] 'EU AI Act' → 78 entries, 165 kept so far
06:50:09  INFO     [ES] 'EU AI Act' → 78 entries, 195 kept so far
06:50:10  INFO     [FR] 'generative AI' → 100 entries, 269 kept so far
06:50:10  INFO     [DE] 'generative AI' → 100 entries, 262 kept so far
06:50:10  INFO     [IT] 'generative AI' → 100 entries, 297 kept so far
06:50:10  INFO     [PL] 'generative AI' → 100 entries, 195 kept so far
06:50:10  INFO     [ES] 'generative AI' → 100 entries, 244 kept so far
06:50:11  INFO     [FR] +146 new articles saved
06:50:11  INFO     [DE] +189 new articles saved
06:50:11  INFO     [IT] +162 new articles saved
06:50:11  INFO     [PL] +123 new articles saved
06:50:11  INFO     [NL] 'artificial intelligence' → 100 entries, 17 kept so far
06:50:12  INFO     [BE] 'artificial intelligence' → 100 entries, 65 kept so far
06:50:12  INFO     [SE] 'artificial intelligence' → 100 entries, 16 kept so far
06:50:12  INFO     [ES] +127 new articles saved
06:50:12  INFO     [AT] 'artificial intelligence' → 100 entries, 51 kept so far
06:50:12  INFO     [DK] 'artificial intelligence' → 100 entries, 19 kept so far
06:50:13  INFO     [NL] 'AI regulation' → 76 entries, 68 kept so far
06:50:13  INFO     [SE] 'AI regulation' → 68 entries, 32 kept so far
06:50:13  INFO     [BE] 'AI regulation' → 100 entries, 130 kept so far
06:50:13  INFO     [AT] 'AI regulation' → 100 entries, 107 kept so far
06:50:14  INFO     [DK] 'AI regulation' → 34 entries, 24 kept so far
06:50:14  INFO     [NL] 'machine learning' → 100 entries, 120 kept so far
06:50:15  INFO     [SE] 'machine learning' → 78 entries, 53 kept so far
06:50:15  INFO     [BE] 'machine learning' → 100 entries, 187 kept so far
06:50:15  INFO     [AT] 'machine learning' → 100 entries, 161 kept so far
06:50:15  INFO     [DK] 'machine learning' → 88 entries, 47 kept so far
06:50:16  INFO     [NL] 'EU AI Act' → 99 entries, 145 kept so far
06:50:16  INFO     [SE] 'EU AI Act' → 59 entries, 56 kept so far
06:50:16  INFO     [BE] 'EU AI Act' → 96 entries, 245 kept so far
06:50:17  INFO     [AT] 'EU AI Act' → 100 entries, 242 kept so far
06:50:17  INFO     [DK] 'EU AI Act' → 75 entries, 67 kept so far
06:50:17  INFO     [NL] 'generative AI' → 100 entries, 171 kept so far
06:50:18  INFO     [SE] 'generative AI' → 74 entries, 65 kept so far
06:50:18  INFO     [BE] 'generative AI' → 100 entries, 275 kept so far
06:50:18  INFO     [AT] 'generative AI' → 100 entries, 269 kept so far
06:50:18  INFO     [DK] 'generative AI' → 93 entries, 98 kept so far
06:50:18  INFO     [NL] +80 new articles saved
06:50:19  INFO     [SE] +27 new articles saved
06:50:19  INFO     [BE] +23 new articles saved
06:50:19  INFO     [FI] 'artificial intelligence' → 100 entries, 62 kept so far
06:50:19  INFO     [PT] 'artificial intelligence' → 100 entries, 61 kept so far
06:50:19  INFO     [AT] +64 new articles saved
06:50:19  INFO     [DK] +41 new articles saved
06:50:19  INFO     [CZ] 'artificial intelligence' → 100 entries, 18 kept so far
06:50:20  INFO     [RO] 'artificial intelligence' → 100 entries, 41 kept so far
06:50:20  INFO     [HU] 'artificial intelligence' → 100 entries, 15 kept so far
06:50:20  INFO     [FI] 'AI regulation' → 46 entries, 73 kept so far
06:50:21  INFO     [PT] 'AI regulation' → 100 entries, 118 kept so far
06:50:21  INFO     [CZ] 'AI regulation' → 75 entries, 46 kept so far
06:50:21  INFO     [RO] 'AI regulation' → 29 entries, 49 kept so far
06:50:21  INFO     [HU] 'AI regulation' → 79 entries, 16 kept so far
06:50:22  INFO     [FI] 'machine learning' → 87 entries, 112 kept so far
06:50:22  INFO     [CZ] 'machine learning' → 83 entries, 63 kept so far
06:50:23  INFO     [PT] 'machine learning' → 100 entries, 194 kept so far
06:50:23  INFO     [HU] 'machine learning' → 65 entries, 42 kept so far
06:50:23  INFO     [RO] 'machine learning' → 100 entries, 104 kept so far
06:50:24  INFO     [FI] 'EU AI Act' → 60 entries, 144 kept so far
06:50:24  INFO     [CZ] 'EU AI Act' → 71 entries, 72 kept so far
06:50:24  INFO     [PT] 'EU AI Act' → 58 entries, 206 kept so far
06:50:24  INFO     [HU] 'EU AI Act' → 79 entries, 66 kept so far
06:50:24  INFO     [RO] 'EU AI Act' → 78 entries, 131 kept so far
06:50:25  INFO     [FI] 'generative AI' → 57 entries, 179 kept so far
06:50:25  INFO     [CZ] 'generative AI' → 82 entries, 92 kept so far
06:50:26  INFO     [PT] 'generative AI' → 100 entries, 240 kept so far
06:50:26  INFO     [HU] 'generative AI' → 74 entries, 88 kept so far
06:50:26  INFO     [RO] 'generative AI' → 89 entries, 157 kept so far
06:50:26  INFO     [FI] +85 new articles saved
06:50:26  INFO     [CZ] +58 new articles saved
06:50:26  INFO     [GR] 'artificial intelligence' → 100 entries, 44 kept so far
06:50:27  INFO     [PT] +152 new articles saved
06:50:27  INFO     [HU] +47 new articles saved
06:50:27  INFO     [RO] +90 new articles saved
06:50:27  INFO     [SK] 'artificial intelligence' → 100 entries, 24 kept so far
06:50:27  INFO     [HR] 'artificial intelligence' → 100 entries, 42 kept so far
06:50:27  INFO     [BG] 'artificial intelligence' → 73 entries, 34 kept so far
06:50:27  INFO     [IE] 'artificial intelligence' → 100 entries, 46 kept so far
06:50:28  INFO     [GR] 'AI regulation' → 63 entries, 103 kept so far
06:50:28  INFO     [SK] 'AI regulation' → 14 entries, 26 kept so far
06:50:29  INFO     [HR] 'AI regulation' → 100 entries, 94 kept so far
06:50:29  INFO     [BG] 'AI regulation' → 17 entries, 35 kept so far
06:50:29  INFO     [IE] 'AI regulation' → 100 entries, 98 kept so far
06:50:29  INFO     [GR] 'machine learning' → 89 entries, 136 kept so far
06:50:30  INFO     [SK] 'machine learning' → 57 entries, 39 kept so far
06:50:30  INFO     [BG] 'machine learning' → 50 entries, 43 kept so far
06:50:30  INFO     [HR] 'machine learning' → 100 entries, 169 kept so far
06:50:31  INFO     [IE] 'machine learning' → 100 entries, 174 kept so far
06:50:31  INFO     [GR] 'EU AI Act' → 59 entries, 153 kept so far
06:50:31  INFO     [SK] 'EU AI Act' → 62 entries, 52 kept so far
06:50:31  INFO     [BG] 'EU AI Act' → 18 entries, 49 kept so far
06:50:32  INFO     [HR] 'EU AI Act' → 100 entries, 249 kept so far
06:50:32  INFO     [IE] 'EU AI Act' → 100 entries, 247 kept so far
06:50:32  INFO     [GR] 'generative AI' → 100 entries, 197 kept so far
06:50:32  INFO     [SK] 'generative AI' → 43 entries, 61 kept so far
06:50:33  INFO     [BG] 'generative AI' → 26 entries, 53 kept so far
06:50:33  INFO     [HR] 'generative AI' → 100 entries, 299 kept so far
06:50:33  INFO     [GR] +124 new articles saved
06:50:33  INFO     [SK] +26 new articles saved
06:50:34  INFO     [BG] +30 new articles saved
06:50:34  INFO     [LT] 'artificial intelligence' → 83 entries, 26 kept so far
06:50:34  INFO     [IE] 'generative AI' → 100 entries, 295 kept so far
06:50:34  INFO     [SI] 'artificial intelligence' → 100 entries, 47 kept so far
06:50:34  INFO     [LV] 'artificial intelligence' → 60 entries, 20 kept so far
06:50:34  INFO     [HR] +254 new articles saved
06:50:35  INFO     [EE] 'artificial intelligence' → 100 entries, 49 kept so far
06:50:35  INFO     [IE] +93 new articles saved
06:50:35  INFO     [LT] 'AI regulation' → 16 entries, 27 kept so far
06:50:35  INFO     [LV] 'AI regulation' → 5 entries, 20 kept so far
06:50:35  INFO     [SI] 'AI regulation' → 7 entries, 48 kept so far
06:50:36  INFO     [CY] 'artificial intelligence' → 100 entries, 45 kept so far
06:50:36  INFO     [EE] 'AI regulation' → 10 entries, 49 kept so far
06:50:37  INFO     [LT] 'machine learning' → 28 entries, 29 kept so far
06:50:37  INFO     [LV] 'machine learning' → 10 entries, 21 kept so far
06:50:37  INFO     [SI] 'machine learning' → 22 entries, 50 kept so far
06:50:37  INFO     [CY] 'AI regulation' → 63 entries, 104 kept so far
06:50:38  INFO     [EE] 'machine learning' → 16 entries, 52 kept so far
06:50:38  INFO     [LV] 'EU AI Act' → 6 entries, 21 kept so far
06:50:38  INFO     [LT] 'EU AI Act' → 23 entries, 33 kept so far
06:50:38  INFO     [SI] 'EU AI Act' → 24 entries, 53 kept so far
06:50:39  INFO     [CY] 'machine learning' → 89 entries, 138 kept so far
06:50:39  INFO     [EE] 'EU AI Act' → 14 entries, 53 kept so far
06:50:39  INFO     [LV] 'generative AI' → 7 entries, 23 kept so far
06:50:39  INFO     [LT] 'generative AI' → 20 entries, 38 kept so far
06:50:39  INFO     [SI] 'generative AI' → 12 entries, 54 kept so far
06:50:40  INFO     [LV] +9 new articles saved
06:50:40  INFO     [EE] 'generative AI' → 10 entries, 54 kept so far
06:50:40  INFO     [LT] +11 new articles saved
06:50:40  INFO     [CY] 'EU AI Act' → 60 entries, 154 kept so far
06:50:40  INFO     [MT] 'artificial intelligence' → 100 entries, 42 kept so far
06:50:40  INFO     [SI] +17 new articles saved
06:50:41  INFO     [LU] 'artificial intelligence' → 100 entries, 62 kept so far
06:50:41  INFO     [EE] +24 new articles saved
06:50:42  INFO     [MT] 'AI regulation' → 100 entries, 94 kept so far
06:50:42  INFO     [CY] 'generative AI' → 100 entries, 198 kept so far
06:50:42  INFO     [LU] 'AI regulation' → 100 entries, 128 kept so far
06:50:43  INFO     [MT] 'machine learning' → 100 entries, 169 kept so far
06:50:43  INFO     [CY] +2 new articles saved
06:50:44  INFO     [LU] 'machine learning' → 100 entries, 183 kept so far
06:50:44  INFO     [MT] 'EU AI Act' → 100 entries, 249 kept so far
06:50:45  INFO     [MT] 'generative AI' → 100 entries, 299 kept so far
06:50:45  INFO     [LU] 'EU AI Act' → 79 entries, 229 kept so far
06:50:46  INFO     [MT] +0 new articles saved
06:50:47  INFO     [LU] 'generative AI' → 100 entries, 262 kept so far
06:50:48  INFO     [LU] +4 new articles saved
06:50:48  INFO     Scrape complete. 2008 new articles this run.
