12:46:41  INFO     Starting scrape: 27 countries, 5 queries each
/home/runner/work/EU_AI_News/EU_AI_News/eu_ai_news_scraper.py:230: DeprecationWarning: datetime.datetime.utcnow() is deprecated and scheduled for removal in a future version. Use timezone-aware objects to represent datetimes in UTC: datetime.datetime.now(datetime.UTC).
  "scraped_at":   datetime.utcnow().isoformat(),
12:46:41  INFO     [PL] 'artificial intelligence' → 100 entries, 18 kept so far
12:46:42  INFO     [DE] 'artificial intelligence' → 100 entries, 43 kept so far
12:46:42  INFO     [ES] 'artificial intelligence' → 100 entries, 58 kept so far
12:46:42  INFO     [IT] 'artificial intelligence' → 102 entries, 27 kept so far
12:46:42  INFO     [FR] 'artificial intelligence' → 102 entries, 51 kept so far
12:46:43  INFO     [PL] 'AI regulation' → 78 entries, 79 kept so far
12:46:43  INFO     [DE] 'AI regulation' → 100 entries, 124 kept so far
12:46:43  INFO     [IT] 'AI regulation' → 100 entries, 118 kept so far
12:46:43  INFO     [ES] 'AI regulation' → 78 entries, 99 kept so far
12:46:44  INFO     [FR] 'AI regulation' → 100 entries, 141 kept so far
12:46:45  INFO     [DE] 'machine learning' → 100 entries, 177 kept so far
12:46:45  INFO     [PL] 'machine learning' → 100 entries, 132 kept so far
12:46:45  INFO     [IT] 'machine learning' → 100 entries, 195 kept so far
12:46:45  INFO     [FR] 'machine learning' → 100 entries, 199 kept so far
12:46:46  INFO     [ES] 'machine learning' → 100 entries, 173 kept so far
12:46:46  INFO     [DE] 'EU AI Act' → 100 entries, 251 kept so far
12:46:46  INFO     [PL] 'EU AI Act' → 78 entries, 149 kept so far
12:46:47  INFO     [IT] 'EU AI Act' → 100 entries, 257 kept so far
12:46:47  INFO     [FR] 'EU AI Act' → 100 entries, 247 kept so far
12:46:47  INFO     [ES] 'EU AI Act' → 78 entries, 200 kept so far
12:46:48  INFO     [PL] 'generative AI' → 100 entries, 182 kept so far
12:46:48  INFO     [DE] 'generative AI' → 100 entries, 274 kept so far
12:46:48  INFO     [IT] 'generative AI' → 100 entries, 299 kept so far
12:46:49  INFO     [FR] 'generative AI' → 100 entries, 277 kept so far
12:46:49  INFO     [ES] 'generative AI' → 100 entries, 248 kept so far
12:46:49  INFO     [PL] +106 new articles saved
12:46:49  INFO     [DE] +192 new articles saved
12:46:49  INFO     [IT] +194 new articles saved
12:46:50  INFO     [NL] 'artificial intelligence' → 100 entries, 12 kept so far
12:46:50  INFO     [SE] 'artificial intelligence' → 100 entries, 10 kept so far
12:46:50  INFO     [BE] 'artificial intelligence' → 100 entries, 52 kept so far
12:46:50  INFO     [FR] +173 new articles saved
12:46:50  INFO     [ES] +156 new articles saved
12:46:51  INFO     [DK] 'artificial intelligence' → 100 entries, 23 kept so far
12:46:51  INFO     [AT] 'artificial intelligence' → 94 entries, 42 kept so far
12:46:51  INFO     [NL] 'AI regulation' → 77 entries, 59 kept so far
12:46:51  INFO     [SE] 'AI regulation' → 76 entries, 26 kept so far
12:46:52  INFO     [BE] 'AI regulation' → 100 entries, 141 kept so far
12:46:52  INFO     [DK] 'AI regulation' → 52 entries, 31 kept so far
12:46:52  INFO     [AT] 'AI regulation' → 100 entries, 120 kept so far
12:46:53  INFO     [SE] 'machine learning' → 82 entries, 50 kept so far
12:46:53  INFO     [NL] 'machine learning' → 100 entries, 107 kept so far
12:46:53  INFO     [BE] 'machine learning' → 100 entries, 198 kept so far
12:46:54  INFO     [DK] 'machine learning' → 76 entries, 50 kept so far
12:46:54  INFO     [AT] 'machine learning' → 100 entries, 170 kept so far
12:46:55  INFO     [SE] 'EU AI Act' → 58 entries, 57 kept so far
12:46:55  INFO     [NL] 'EU AI Act' → 100 entries, 141 kept so far
12:46:55  INFO     [BE] 'EU AI Act' → 100 entries, 241 kept so far
12:46:55  INFO     [DK] 'EU AI Act' → 75 entries, 69 kept so far
12:46:56  INFO     [AT] 'EU AI Act' → 100 entries, 248 kept so far
12:46:56  INFO     [SE] 'generative AI' → 72 entries, 69 kept so far
12:46:56  INFO     [NL] 'generative AI' → 100 entries, 173 kept so far
12:46:57  INFO     [DK] 'generative AI' → 100 entries, 101 kept so far
12:46:57  INFO     [BE] 'generative AI' → 100 entries, 268 kept so far
12:46:57  INFO     [SE] +38 new articles saved
12:46:57  INFO     [NL] +89 new articles saved
12:46:58  INFO     [AT] 'generative AI' → 100 entries, 272 kept so far
12:46:58  INFO     [FI] 'artificial intelligence' → 100 entries, 62 kept so far
12:46:58  INFO     [DK] +54 new articles saved
12:46:58  INFO     [BE] +30 new articles saved
12:46:58  INFO     [PT] 'artificial intelligence' → 100 entries, 54 kept so far
12:46:58  INFO     [RO] 'artificial intelligence' → 100 entries, 31 kept so far
12:46:59  INFO     [CZ] 'artificial intelligence' → 100 entries, 15 kept so far
12:46:59  INFO     [AT] +36 new articles saved
12:46:59  INFO     [HU] 'artificial intelligence' → 100 entries, 21 kept so far
12:46:59  INFO     [FI] 'AI regulation' → 62 entries, 73 kept so far
12:47:00  INFO     [PT] 'AI regulation' → 78 entries, 94 kept so far
12:47:00  INFO     [RO] 'AI regulation' → 79 entries, 42 kept so far
12:47:00  INFO     [CZ] 'AI regulation' → 77 entries, 37 kept so far
12:47:01  INFO     [HU] 'AI regulation' → 78 entries, 25 kept so far
12:47:01  INFO     [FI] 'machine learning' → 86 entries, 117 kept so far
12:47:01  INFO     [PT] 'machine learning' → 100 entries, 168 kept so far
12:47:02  INFO     [RO] 'machine learning' → 100 entries, 104 kept so far
12:47:02  INFO     [CZ] 'machine learning' → 81 entries, 58 kept so far
12:47:02  INFO     [HU] 'machine learning' → 67 entries, 46 kept so far
12:47:02  INFO     [FI] 'EU AI Act' → 68 entries, 156 kept so far
12:47:03  INFO     [PT] 'EU AI Act' → 71 entries, 180 kept so far
12:47:03  INFO     [RO] 'EU AI Act' → 77 entries, 133 kept so far
12:47:03  INFO     [CZ] 'EU AI Act' → 74 entries, 72 kept so far
12:47:04  INFO     [HU] 'EU AI Act' → 79 entries, 70 kept so far
12:47:04  INFO     [FI] 'generative AI' → 72 entries, 198 kept so far
12:47:05  INFO     [PT] 'generative AI' → 100 entries, 208 kept so far
12:47:05  INFO     [RO] 'generative AI' → 92 entries, 158 kept so far
12:47:05  INFO     [CZ] 'generative AI' → 75 entries, 90 kept so far
12:47:05  INFO     [FI] +111 new articles saved
12:47:05  INFO     [HU] 'generative AI' → 67 entries, 90 kept so far
12:47:06  INFO     [GR] 'artificial intelligence' → 100 entries, 41 kept so far
12:47:06  INFO     [PT] +140 new articles saved
12:47:06  INFO     [RO] +103 new articles saved
12:47:06  INFO     [CZ] +59 new articles saved
12:47:06  INFO     [HU] +55 new articles saved
12:47:06  INFO     [SK] 'artificial intelligence' → 100 entries, 25 kept so far
12:47:06  INFO     [HR] 'artificial intelligence' → 100 entries, 55 kept so far
12:47:07  INFO     [IE] 'artificial intelligence' → 100 entries, 57 kept so far
12:47:07  INFO     [BG] 'artificial intelligence' → 100 entries, 38 kept so far
12:47:07  INFO     [GR] 'AI regulation' → 68 entries, 93 kept so far
12:47:08  INFO     [SK] 'AI regulation' → 25 entries, 29 kept so far
12:47:08  INFO     [HR] 'AI regulation' → 101 entries, 100 kept so far
12:47:08  INFO     [IE] 'AI regulation' → 100 entries, 104 kept so far
12:47:08  INFO     [BG] 'AI regulation' → 17 entries, 38 kept so far
12:47:09  INFO     [GR] 'machine learning' → 100 entries, 134 kept so far
12:47:09  INFO     [SK] 'machine learning' → 62 entries, 45 kept so far
12:47:10  INFO     [HR] 'machine learning' → 100 entries, 165 kept so far
12:47:10  INFO     [BG] 'machine learning' → 56 entries, 50 kept so far
12:47:10  INFO     [IE] 'machine learning' → 100 entries, 165 kept so far
12:47:10  INFO     [GR] 'EU AI Act' → 64 entries, 150 kept so far
12:47:11  INFO     [SK] 'EU AI Act' → 63 entries, 53 kept so far
12:47:11  INFO     [HR] 'EU AI Act' → 100 entries, 251 kept so far
12:47:11  INFO     [BG] 'EU AI Act' → 21 entries, 53 kept so far
12:47:12  INFO     [GR] 'generative AI' → 100 entries, 193 kept so far
12:47:12  INFO     [IE] 'EU AI Act' → 100 entries, 244 kept so far
12:47:12  INFO     [SK] 'generative AI' → 56 entries, 65 kept so far
12:47:12  INFO     [BG] 'generative AI' → 35 entries, 60 kept so far
12:47:13  INFO     [HR] 'generative AI' → 100 entries, 313 kept so far
12:47:13  INFO     [GR] +132 new articles saved
12:47:13  INFO     [SK] +37 new articles saved
12:47:13  INFO     [LT] 'artificial intelligence' → 86 entries, 26 kept so far
12:47:13  INFO     [BG] +36 new articles saved
12:47:14  INFO     [IE] 'generative AI' → 100 entries, 306 kept so far
12:47:14  INFO     [SI] 'artificial intelligence' → 100 entries, 43 kept so far
12:47:14  INFO     [HR] +298 new articles saved
12:47:14  INFO     [LV] 'artificial intelligence' → 76 entries, 26 kept so far
12:47:14  INFO     [EE] 'artificial intelligence' → 100 entries, 44 kept so far
12:47:15  INFO     [IE] +109 new articles saved
12:47:15  INFO     [LT] 'AI regulation' → 5 entries, 26 kept so far
12:47:15  INFO     [SI] 'AI regulation' → 4 entries, 43 kept so far
12:47:15  INFO     [LV] 'AI regulation' → 2 entries, 26 kept so far
12:47:15  INFO     [CY] 'artificial intelligence' → 100 entries, 41 kept so far
12:47:16  INFO     [EE] 'AI regulation' → 5 entries, 44 kept so far
12:47:16  INFO     [LT] 'machine learning' → 34 entries, 29 kept so far
12:47:17  INFO     [SI] 'machine learning' → 24 entries, 46 kept so far
12:47:17  INFO     [LV] 'machine learning' → 22 entries, 31 kept so far
12:47:17  INFO     [CY] 'AI regulation' → 68 entries, 95 kept so far
12:47:17  INFO     [EE] 'machine learning' → 23 entries, 45 kept so far
12:47:18  INFO     [LT] 'EU AI Act' → 20 entries, 30 kept so far
12:47:18  INFO     [SI] 'EU AI Act' → 24 entries, 52 kept so far
12:47:18  INFO     [LV] 'EU AI Act' → 8 entries, 31 kept so far
12:47:18  INFO     [CY] 'machine learning' → 100 entries, 136 kept so far
12:47:19  INFO     [EE] 'EU AI Act' → 11 entries, 46 kept so far
12:47:19  INFO     [LT] 'generative AI' → 16 entries, 36 kept so far
12:47:19  INFO     [LV] 'generative AI' → 10 entries, 32 kept so far
12:47:19  INFO     [SI] 'generative AI' → 14 entries, 54 kept so far
12:47:20  INFO     [CY] 'EU AI Act' → 64 entries, 152 kept so far
12:47:20  INFO     [LT] +16 new articles saved
12:47:20  INFO     [EE] 'generative AI' → 13 entries, 48 kept so far
12:47:20  INFO     [LV] +16 new articles saved
12:47:20  INFO     [SI] +26 new articles saved
12:47:20  INFO     [MT] 'artificial intelligence' → 100 entries, 55 kept so far
12:47:21  INFO     [LU] 'artificial intelligence' → 102 entries, 51 kept so far
12:47:21  INFO     [EE] +24 new articles saved
12:47:21  INFO     [CY] 'generative AI' → 100 entries, 195 kept so far
12:47:22  INFO     [MT] 'AI regulation' → 101 entries, 100 kept so far
12:47:22  INFO     [LU] 'AI regulation' → 100 entries, 141 kept so far
12:47:22  INFO     [CY] +5 new articles saved
12:47:23  INFO     [MT] 'machine learning' → 100 entries, 165 kept so far
12:47:24  INFO     [LU] 'machine learning' → 100 entries, 199 kept so far
12:47:24  INFO     [MT] 'EU AI Act' → 100 entries, 251 kept so far
12:47:25  INFO     [MT] 'generative AI' → 100 entries, 313 kept so far
12:47:26  INFO     [LU] 'EU AI Act' → 100 entries, 247 kept so far
12:47:26  INFO     [MT] +0 new articles saved
12:47:27  INFO     [LU] 'generative AI' → 100 entries, 276 kept so far
12:47:28  INFO     [LU] +0 new articles saved
12:47:28  INFO     Scrape complete. 2235 new articles this run.
