14:18:16  INFO     Starting scrape: 27 countries, 5 queries each
/home/runner/work/EU_AI_News/EU_AI_News/eu_ai_news_scraper.py:230: DeprecationWarning: datetime.datetime.utcnow() is deprecated and scheduled for removal in a future version. Use timezone-aware objects to represent datetimes in UTC: datetime.datetime.now(datetime.UTC).
  "scraped_at":   datetime.utcnow().isoformat(),
14:18:17  INFO     [PL] 'artificial intelligence' → 100 entries, 11 kept so far
14:18:17  INFO     [DE] 'artificial intelligence' → 100 entries, 53 kept so far
14:18:17  INFO     [FR] 'artificial intelligence' → 102 entries, 38 kept so far
14:18:17  INFO     [IT] 'artificial intelligence' → 102 entries, 37 kept so far
14:18:17  INFO     [ES] 'artificial intelligence' → 100 entries, 61 kept so far
14:18:18  INFO     [PL] 'AI regulation' → 100 entries, 78 kept so far
14:18:19  INFO     [DE] 'AI regulation' → 97 entries, 131 kept so far
14:18:19  INFO     [FR] 'AI regulation' → 100 entries, 123 kept so far
14:18:19  INFO     [IT] 'AI regulation' → 100 entries, 120 kept so far
14:18:19  INFO     [ES] 'AI regulation' → 77 entries, 96 kept so far
14:18:20  INFO     [DE] 'machine learning' → 100 entries, 172 kept so far
14:18:20  INFO     [PL] 'machine learning' → 100 entries, 116 kept so far
14:18:20  INFO     [FR] 'machine learning' → 100 entries, 180 kept so far
14:18:20  INFO     [IT] 'machine learning' → 100 entries, 193 kept so far
14:18:20  INFO     [ES] 'machine learning' → 100 entries, 172 kept so far
14:18:22  INFO     [DE] 'EU AI Act' → 100 entries, 252 kept so far
14:18:22  INFO     [PL] 'EU AI Act' → 78 entries, 132 kept so far
14:18:22  INFO     [FR] 'EU AI Act' → 88 entries, 224 kept so far
14:18:22  INFO     [IT] 'EU AI Act' → 100 entries, 269 kept so far
14:18:22  INFO     [ES] 'EU AI Act' → 76 entries, 199 kept so far
14:18:23  INFO     [DE] 'generative AI' → 100 entries, 275 kept so far
14:18:23  INFO     [PL] 'generative AI' → 100 entries, 166 kept so far
14:18:23  INFO     [FR] 'generative AI' → 100 entries, 255 kept so far
14:18:24  INFO     [IT] 'generative AI' → 100 entries, 304 kept so far
14:18:24  INFO     [ES] 'generative AI' → 100 entries, 233 kept so far
14:18:25  INFO     [DE] +171 new articles saved
14:18:25  INFO     [NL] 'artificial intelligence' → 100 entries, 17 kept so far
14:18:25  INFO     [PL] +78 new articles saved
14:18:25  INFO     [FR] +111 new articles saved
14:18:25  INFO     [IT] +175 new articles saved
14:18:25  INFO     [ES] +108 new articles saved
14:18:25  INFO     [SE] 'artificial intelligence' → 100 entries, 10 kept so far
14:18:25  INFO     [BE] 'artificial intelligence' → 100 entries, 54 kept so far
14:18:25  INFO     [AT] 'artificial intelligence' → 100 entries, 52 kept so far
14:18:25  INFO     [DK] 'artificial intelligence' → 100 entries, 8 kept so far
14:18:27  INFO     [NL] 'AI regulation' → 76 entries, 54 kept so far
14:18:27  INFO     [SE] 'AI regulation' → 66 entries, 22 kept so far
14:18:27  INFO     [BE] 'AI regulation' → 100 entries, 139 kept so far
14:18:27  INFO     [AT] 'AI regulation' → 100 entries, 129 kept so far
14:18:27  INFO     [DK] 'AI regulation' → 34 entries, 14 kept so far
14:18:28  INFO     [SE] 'machine learning' → 73 entries, 44 kept so far
14:18:28  INFO     [NL] 'machine learning' → 100 entries, 111 kept so far
14:18:28  INFO     [BE] 'machine learning' → 100 entries, 196 kept so far
14:18:29  INFO     [DK] 'machine learning' → 83 entries, 38 kept so far
14:18:29  INFO     [AT] 'machine learning' → 100 entries, 174 kept so far
14:18:30  INFO     [SE] 'EU AI Act' → 73 entries, 51 kept so far
14:18:30  INFO     [NL] 'EU AI Act' → 100 entries, 134 kept so far
14:18:30  INFO     [DK] 'EU AI Act' → 76 entries, 54 kept so far
14:18:30  INFO     [BE] 'EU AI Act' → 92 entries, 239 kept so far
14:18:31  INFO     [AT] 'EU AI Act' → 100 entries, 252 kept so far
14:18:31  INFO     [SE] 'generative AI' → 69 entries, 61 kept so far
14:18:31  INFO     [NL] 'generative AI' → 100 entries, 160 kept so far
14:18:32  INFO     [DK] 'generative AI' → 100 entries, 91 kept so far
14:18:32  INFO     [BE] 'generative AI' → 100 entries, 265 kept so far
14:18:32  INFO     [AT] 'generative AI' → 100 entries, 269 kept so far
14:18:32  INFO     [SE] +22 new articles saved
14:18:32  INFO     [NL] +63 new articles saved
14:18:33  INFO     [DK] +30 new articles saved
14:18:33  INFO     [FI] 'artificial intelligence' → 100 entries, 48 kept so far
14:18:33  INFO     [PT] 'artificial intelligence' → 100 entries, 64 kept so far
14:18:33  INFO     [BE] +20 new articles saved
14:18:33  INFO     [AT] +34 new articles saved
14:18:33  INFO     [CZ] 'artificial intelligence' → 100 entries, 23 kept so far
14:18:34  INFO     [RO] 'artificial intelligence' → 100 entries, 43 kept so far
14:18:34  INFO     [HU] 'artificial intelligence' → 100 entries, 26 kept so far
14:18:34  INFO     [FI] 'AI regulation' → 51 entries, 63 kept so far
14:18:35  INFO     [CZ] 'AI regulation' → 76 entries, 43 kept so far
14:18:35  INFO     [PT] 'AI regulation' → 75 entries, 93 kept so far
14:18:35  INFO     [RO] 'AI regulation' → 75 entries, 55 kept so far
14:18:36  INFO     [HU] 'AI regulation' → 78 entries, 31 kept so far
14:18:36  INFO     [FI] 'machine learning' → 92 entries, 107 kept so far
14:18:36  INFO     [CZ] 'machine learning' → 70 entries, 62 kept so far
14:18:37  INFO     [PT] 'machine learning' → 100 entries, 169 kept so far
14:18:37  INFO     [RO] 'machine learning' → 100 entries, 110 kept so far
14:18:37  INFO     [HU] 'machine learning' → 76 entries, 57 kept so far
14:18:38  INFO     [FI] 'EU AI Act' → 66 entries, 143 kept so far
14:18:38  INFO     [CZ] 'EU AI Act' → 72 entries, 73 kept so far
14:18:38  INFO     [PT] 'EU AI Act' → 50 entries, 177 kept so far
14:18:38  INFO     [RO] 'EU AI Act' → 78 entries, 123 kept so far
14:18:39  INFO     [HU] 'EU AI Act' → 77 entries, 79 kept so far
14:18:39  INFO     [FI] 'generative AI' → 63 entries, 180 kept so far
14:18:40  INFO     [CZ] 'generative AI' → 82 entries, 91 kept so far
14:18:40  INFO     [PT] 'generative AI' → 100 entries, 204 kept so far
14:18:40  INFO     [RO] 'generative AI' → 84 entries, 141 kept so far
14:18:40  INFO     [FI] +91 new articles saved
14:18:40  INFO     [HU] 'generative AI' → 74 entries, 102 kept so far
14:18:41  INFO     [GR] 'artificial intelligence' → 100 entries, 49 kept so far
14:18:41  INFO     [CZ] +57 new articles saved
14:18:41  INFO     [PT] +93 new articles saved
14:18:41  INFO     [RO] +61 new articles saved
14:18:41  INFO     [SK] 'artificial intelligence' → 100 entries, 22 kept so far
14:18:41  INFO     [HU] +54 new articles saved
14:18:41  INFO     [HR] 'artificial intelligence' → 100 entries, 54 kept so far
14:18:42  INFO     [IE] 'artificial intelligence' → 100 entries, 56 kept so far
14:18:42  INFO     [BG] 'artificial intelligence' → 76 entries, 33 kept so far
14:18:42  INFO     [GR] 'AI regulation' → 62 entries, 103 kept so far
14:18:43  INFO     [SK] 'AI regulation' → 21 entries, 26 kept so far
14:18:43  INFO     [HR] 'AI regulation' → 100 entries, 93 kept so far
14:18:43  INFO     [BG] 'AI regulation' → 12 entries, 34 kept so far
14:18:43  INFO     [IE] 'AI regulation' → 100 entries, 94 kept so far
14:18:44  INFO     [GR] 'machine learning' → 93 entries, 142 kept so far
14:18:44  INFO     [SK] 'machine learning' → 68 entries, 43 kept so far
14:18:45  INFO     [HR] 'machine learning' → 100 entries, 154 kept so far
14:18:45  INFO     [BG] 'machine learning' → 60 entries, 45 kept so far
14:18:45  INFO     [IE] 'machine learning' → 100 entries, 153 kept so far
14:18:45  INFO     [GR] 'EU AI Act' → 59 entries, 161 kept so far
14:18:46  INFO     [SK] 'EU AI Act' → 66 entries, 58 kept so far
14:18:46  INFO     [BG] 'EU AI Act' → 15 entries, 49 kept so far
14:18:46  INFO     [HR] 'EU AI Act' → 100 entries, 231 kept so far
14:18:47  INFO     [IE] 'EU AI Act' → 100 entries, 215 kept so far
14:18:47  INFO     [GR] 'generative AI' → 100 entries, 203 kept so far
14:18:47  INFO     [SK] 'generative AI' → 48 entries, 65 kept so far
14:18:48  INFO     [BG] 'generative AI' → 30 entries, 54 kept so far
14:18:48  INFO     [HR] 'generative AI' → 100 entries, 300 kept so far
14:18:48  INFO     [GR] +122 new articles saved
14:18:48  INFO     [SK] +29 new articles saved
14:18:48  INFO     [LT] 'artificial intelligence' → 84 entries, 32 kept so far
14:18:48  INFO     [IE] 'generative AI' → 100 entries, 282 kept so far
14:18:49  INFO     [BG] +30 new articles saved
14:18:49  INFO     [SI] 'artificial intelligence' → 100 entries, 47 kept so far
14:18:49  INFO     [HR] +257 new articles saved
14:18:49  INFO     [LV] 'artificial intelligence' → 72 entries, 22 kept so far
14:18:49  INFO     [EE] 'artificial intelligence' → 100 entries, 45 kept so far
14:18:49  INFO     [IE] +83 new articles saved
14:18:50  INFO     [LT] 'AI regulation' → 9 entries, 32 kept so far
14:18:50  INFO     [CY] 'artificial intelligence' → 100 entries, 46 kept so far
14:18:50  INFO     [SI] 'AI regulation' → 4 entries, 47 kept so far
14:18:50  INFO     [LV] 'AI regulation' → 10 entries, 22 kept so far
14:18:51  INFO     [EE] 'AI regulation' → 9 entries, 46 kept so far
14:18:51  INFO     [LT] 'machine learning' → 28 entries, 35 kept so far
14:18:51  INFO     [CY] 'AI regulation' → 62 entries, 100 kept so far
14:18:51  INFO     [SI] 'machine learning' → 22 entries, 49 kept so far
14:18:52  INFO     [LV] 'machine learning' → 10 entries, 24 kept so far
14:18:52  INFO     [EE] 'machine learning' → 10 entries, 49 kept so far
14:18:53  INFO     [LT] 'EU AI Act' → 22 entries, 36 kept so far
14:18:53  INFO     [SI] 'EU AI Act' → 26 entries, 53 kept so far
14:18:53  INFO     [CY] 'machine learning' → 94 entries, 139 kept so far
14:18:53  INFO     [LV] 'EU AI Act' → 8 entries, 24 kept so far
14:18:53  INFO     [EE] 'EU AI Act' → 18 entries, 52 kept so far
14:18:54  INFO     [LT] 'generative AI' → 25 entries, 44 kept so far
14:18:54  INFO     [SI] 'generative AI' → 13 entries, 56 kept so far
14:18:54  INFO     [LV] 'generative AI' → 8 entries, 25 kept so far
14:18:54  INFO     [CY] 'EU AI Act' → 59 entries, 158 kept so far
14:18:55  INFO     [EE] 'generative AI' → 13 entries, 56 kept so far
14:18:55  INFO     [LT] +12 new articles saved
14:18:55  INFO     [SI] +19 new articles saved
14:18:55  INFO     [MT] 'artificial intelligence' → 100 entries, 54 kept so far
14:18:55  INFO     [LV] +11 new articles saved
14:18:55  INFO     [LU] 'artificial intelligence' → 102 entries, 38 kept so far
14:18:56  INFO     [EE] +19 new articles saved
14:18:56  INFO     [CY] 'generative AI' → 100 entries, 201 kept so far
14:18:56  INFO     [MT] 'AI regulation' → 100 entries, 93 kept so far
14:18:57  INFO     [LU] 'AI regulation' → 100 entries, 123 kept so far
14:18:57  INFO     [CY] +2 new articles saved
14:18:58  INFO     [MT] 'machine learning' → 100 entries, 154 kept so far
14:18:58  INFO     [LU] 'machine learning' → 100 entries, 180 kept so far
14:18:59  INFO     [MT] 'EU AI Act' → 100 entries, 231 kept so far
14:19:00  INFO     [MT] 'generative AI' → 100 entries, 300 kept so far
14:19:00  INFO     [LU] 'EU AI Act' → 88 entries, 224 kept so far
14:19:01  INFO     [MT] +0 new articles saved
14:19:02  INFO     [LU] 'generative AI' → 100 entries, 255 kept so far
14:19:03  INFO     [LU] +1 new articles saved
14:19:03  INFO     Scrape complete. 1753 new articles this run.
