08:43:21  INFO     Starting scrape: 27 countries, 5 queries each
/home/runner/work/EU_AI_News/EU_AI_News/eu_ai_news_scraper.py:230: DeprecationWarning: datetime.datetime.utcnow() is deprecated and scheduled for removal in a future version. Use timezone-aware objects to represent datetimes in UTC: datetime.datetime.now(datetime.UTC).
  "scraped_at":   datetime.utcnow().isoformat(),
08:43:21  INFO     [DE] 'artificial intelligence' → 100 entries, 49 kept so far
08:43:21  INFO     [IT] 'artificial intelligence' → 100 entries, 43 kept so far
08:43:21  INFO     [PL] 'artificial intelligence' → 100 entries, 25 kept so far
08:43:21  INFO     [FR] 'artificial intelligence' → 102 entries, 47 kept so far
08:43:21  INFO     [ES] 'artificial intelligence' → 100 entries, 61 kept so far
08:43:23  INFO     [DE] 'AI regulation' → 53 entries, 83 kept so far
08:43:23  INFO     [IT] 'AI regulation' → 100 entries, 105 kept so far
08:43:23  INFO     [PL] 'AI regulation' → 100 entries, 86 kept so far
08:43:23  INFO     [FR] 'AI regulation' → 100 entries, 107 kept so far
08:43:23  INFO     [ES] 'AI regulation' → 79 entries, 82 kept so far
08:43:24  INFO     [DE] 'machine learning' → 100 entries, 133 kept so far
08:43:24  INFO     [PL] 'machine learning' → 100 entries, 120 kept so far
08:43:24  INFO     [IT] 'machine learning' → 100 entries, 178 kept so far
08:43:25  INFO     [FR] 'machine learning' → 100 entries, 165 kept so far
08:43:25  INFO     [ES] 'machine learning' → 100 entries, 151 kept so far
08:43:26  INFO     [DE] 'EU AI Act' → 100 entries, 209 kept so far
08:43:26  INFO     [PL] 'EU AI Act' → 76 entries, 142 kept so far
08:43:26  INFO     [IT] 'EU AI Act' → 100 entries, 244 kept so far
08:43:26  INFO     [FR] 'EU AI Act' → 93 entries, 220 kept so far
08:43:26  INFO     [ES] 'EU AI Act' → 76 entries, 192 kept so far
08:43:27  INFO     [DE] 'generative AI' → 100 entries, 232 kept so far
08:43:27  INFO     [PL] 'generative AI' → 100 entries, 176 kept so far
08:43:28  INFO     [IT] 'generative AI' → 100 entries, 284 kept so far
08:43:28  INFO     [FR] 'generative AI' → 100 entries, 251 kept so far
08:43:28  INFO     [ES] 'generative AI' → 100 entries, 233 kept so far
08:43:28  INFO     [DE] +152 new articles saved
08:43:28  INFO     [PL] +102 new articles saved
08:43:29  INFO     [NL] 'artificial intelligence' → 100 entries, 19 kept so far
08:43:29  INFO     [IT] +160 new articles saved
08:43:29  INFO     [BE] 'artificial intelligence' → 100 entries, 58 kept so far
08:43:29  INFO     [SE] 'artificial intelligence' → 100 entries, 8 kept so far
08:43:29  INFO     [FR] +130 new articles saved
08:43:29  INFO     [ES] +116 new articles saved
08:43:29  INFO     [AT] 'artificial intelligence' → 100 entries, 53 kept so far
08:43:30  INFO     [DK] 'artificial intelligence' → 100 entries, 14 kept so far
08:43:30  INFO     [NL] 'AI regulation' → 71 entries, 58 kept so far
08:43:31  INFO     [SE] 'AI regulation' → 75 entries, 21 kept so far
08:43:31  INFO     [BE] 'AI regulation' → 100 entries, 133 kept so far
08:43:31  INFO     [AT] 'AI regulation' → 61 entries, 94 kept so far
08:43:31  INFO     [DK] 'AI regulation' → 26 entries, 16 kept so far
08:43:32  INFO     [NL] 'machine learning' → 100 entries, 109 kept so far
08:43:32  INFO     [SE] 'machine learning' → 77 entries, 46 kept so far
08:43:32  INFO     [BE] 'machine learning' → 100 entries, 191 kept so far
08:43:33  INFO     [AT] 'machine learning' → 100 entries, 142 kept so far
08:43:33  INFO     [DK] 'machine learning' → 83 entries, 38 kept so far
08:43:33  INFO     [NL] 'EU AI Act' → 100 entries, 138 kept so far
08:43:34  INFO     [SE] 'EU AI Act' → 67 entries, 53 kept so far
08:43:34  INFO     [BE] 'EU AI Act' → 96 entries, 234 kept so far
08:43:34  INFO     [AT] 'EU AI Act' → 100 entries, 220 kept so far
08:43:34  INFO     [DK] 'EU AI Act' → 69 entries, 54 kept so far
08:43:35  INFO     [NL] 'generative AI' → 100 entries, 164 kept so far
08:43:35  INFO     [SE] 'generative AI' → 77 entries, 59 kept so far
08:43:36  INFO     [BE] 'generative AI' → 100 entries, 257 kept so far
08:43:36  INFO     [AT] 'generative AI' → 100 entries, 241 kept so far
08:43:36  INFO     [DK] 'generative AI' → 100 entries, 87 kept so far
08:43:36  INFO     [NL] +67 new articles saved
08:43:36  INFO     [SE] +19 new articles saved
08:43:36  INFO     [FI] 'artificial intelligence' → 100 entries, 63 kept so far
08:43:37  INFO     [BE] +25 new articles saved
08:43:37  INFO     [PT] 'artificial intelligence' → 100 entries, 59 kept so far
08:43:37  INFO     [AT] +42 new articles saved
08:43:37  INFO     [DK] +27 new articles saved
08:43:37  INFO     [CZ] 'artificial intelligence' → 100 entries, 15 kept so far
08:43:37  INFO     [RO] 'artificial intelligence' → 100 entries, 43 kept so far
08:43:37  INFO     [HU] 'artificial intelligence' → 100 entries, 21 kept so far
08:43:38  INFO     [FI] 'AI regulation' → 42 entries, 72 kept so far
08:43:38  INFO     [PT] 'AI regulation' → 78 entries, 93 kept so far
08:43:39  INFO     [RO] 'AI regulation' → 22 entries, 49 kept so far
08:43:39  INFO     [CZ] 'AI regulation' → 76 entries, 34 kept so far
08:43:39  INFO     [HU] 'AI regulation' → 79 entries, 22 kept so far
08:43:40  INFO     [FI] 'machine learning' → 96 entries, 113 kept so far
08:43:40  INFO     [PT] 'machine learning' → 100 entries, 170 kept so far
08:43:40  INFO     [RO] 'machine learning' → 100 entries, 102 kept so far
08:43:40  INFO     [CZ] 'machine learning' → 83 entries, 52 kept so far
08:43:40  INFO     [HU] 'machine learning' → 78 entries, 48 kept so far
08:43:41  INFO     [FI] 'EU AI Act' → 66 entries, 146 kept so far
08:43:42  INFO     [PT] 'EU AI Act' → 59 entries, 182 kept so far
08:43:42  INFO     [CZ] 'EU AI Act' → 75 entries, 61 kept so far
08:43:42  INFO     [RO] 'EU AI Act' → 77 entries, 127 kept so far
08:43:42  INFO     [HU] 'EU AI Act' → 76 entries, 72 kept so far
08:43:43  INFO     [FI] 'generative AI' → 60 entries, 185 kept so far
08:43:43  INFO     [CZ] 'generative AI' → 86 entries, 80 kept so far
08:43:44  INFO     [RO] 'generative AI' → 86 entries, 156 kept so far
08:43:44  INFO     [HU] 'generative AI' → 76 entries, 96 kept so far
08:43:44  INFO     [PT] 'generative AI' → 100 entries, 211 kept so far
08:43:44  INFO     [FI] +94 new articles saved
08:43:44  INFO     [GR] 'artificial intelligence' → 100 entries, 52 kept so far
08:43:44  INFO     [CZ] +43 new articles saved
08:43:45  INFO     [RO] +90 new articles saved
08:43:45  INFO     [HU] +49 new articles saved
08:43:45  INFO     [PT] +113 new articles saved
08:43:45  INFO     [SK] 'artificial intelligence' → 100 entries, 23 kept so far
08:43:45  INFO     [HR] 'artificial intelligence' → 104 entries, 53 kept so far
08:43:45  INFO     [BG] 'artificial intelligence' → 88 entries, 43 kept so far
08:43:45  INFO     [IE] 'artificial intelligence' → 102 entries, 50 kept so far
08:43:46  INFO     [GR] 'AI regulation' → 58 entries, 102 kept so far
08:43:46  INFO     [SK] 'AI regulation' → 15 entries, 25 kept so far
08:43:47  INFO     [BG] 'AI regulation' → 6 entries, 44 kept so far
08:43:47  INFO     [HR] 'AI regulation' → 100 entries, 93 kept so far
08:43:47  INFO     [IE] 'AI regulation' → 100 entries, 94 kept so far
08:43:47  INFO     [GR] 'machine learning' → 100 entries, 132 kept so far
08:43:48  INFO     [SK] 'machine learning' → 57 entries, 38 kept so far
08:43:48  INFO     [BG] 'machine learning' → 55 entries, 51 kept so far
08:43:48  INFO     [HR] 'machine learning' → 100 entries, 151 kept so far
08:43:49  INFO     [IE] 'machine learning' → 100 entries, 157 kept so far
08:43:49  INFO     [GR] 'EU AI Act' → 55 entries, 152 kept so far
08:43:49  INFO     [BG] 'EU AI Act' → 18 entries, 55 kept so far
08:43:49  INFO     [SK] 'EU AI Act' → 77 entries, 55 kept so far
08:43:50  INFO     [HR] 'EU AI Act' → 96 entries, 223 kept so far
08:43:50  INFO     [GR] 'generative AI' → 100 entries, 196 kept so far
08:43:50  INFO     [IE] 'EU AI Act' → 100 entries, 225 kept so far
08:43:51  INFO     [BG] 'generative AI' → 32 entries, 59 kept so far
08:43:51  INFO     [SK] 'generative AI' → 43 entries, 61 kept so far
08:43:51  INFO     [HR] 'generative AI' → 102 entries, 283 kept so far
08:43:51  INFO     [GR] +123 new articles saved
08:43:52  INFO     [BG] +33 new articles saved
08:43:52  INFO     [SK] +29 new articles saved
08:43:52  INFO     [LT] 'artificial intelligence' → 91 entries, 35 kept so far
08:43:52  INFO     [IE] 'generative AI' → 100 entries, 283 kept so far
08:43:52  INFO     [LV] 'artificial intelligence' → 65 entries, 20 kept so far
08:43:52  INFO     [SI] 'artificial intelligence' → 100 entries, 50 kept so far
08:43:52  INFO     [HR] +253 new articles saved
08:43:53  INFO     [EE] 'artificial intelligence' → 100 entries, 45 kept so far
08:43:53  INFO     [IE] +76 new articles saved
08:43:53  INFO     [LT] 'AI regulation' → 12 entries, 36 kept so far
08:43:53  INFO     [LV] 'AI regulation' → 7 entries, 20 kept so far
08:43:54  INFO     [SI] 'AI regulation' → 4 entries, 50 kept so far
08:43:54  INFO     [CY] 'artificial intelligence' → 100 entries, 49 kept so far
08:43:54  INFO     [EE] 'AI regulation' → 9 entries, 45 kept so far
08:43:55  INFO     [LT] 'machine learning' → 32 entries, 40 kept so far
08:43:55  INFO     [LV] 'machine learning' → 11 entries, 22 kept so far
08:43:55  INFO     [SI] 'machine learning' → 23 entries, 54 kept so far
08:43:55  INFO     [CY] 'AI regulation' → 58 entries, 99 kept so far
08:43:56  INFO     [EE] 'machine learning' → 18 entries, 49 kept so far
08:43:56  INFO     [LT] 'EU AI Act' → 21 entries, 41 kept so far
08:43:56  INFO     [LV] 'EU AI Act' → 9 entries, 22 kept so far
08:43:56  INFO     [SI] 'EU AI Act' → 38 entries, 60 kept so far
08:43:57  INFO     [CY] 'machine learning' → 100 entries, 129 kept so far
08:43:57  INFO     [EE] 'EU AI Act' → 16 entries, 51 kept so far
08:43:57  INFO     [LV] 'generative AI' → 9 entries, 25 kept so far
08:43:57  INFO     [LT] 'generative AI' → 22 entries, 49 kept so far
08:43:58  INFO     [SI] 'generative AI' → 13 entries, 61 kept so far
08:43:58  INFO     [CY] 'EU AI Act' → 55 entries, 149 kept so far
08:43:58  INFO     [EE] 'generative AI' → 11 entries, 52 kept so far
08:43:58  INFO     [LV] +10 new articles saved
08:43:58  INFO     [LT] +19 new articles saved
08:43:58  INFO     [MT] 'artificial intelligence' → 104 entries, 53 kept so far
08:43:59  INFO     [SI] +22 new articles saved
08:43:59  INFO     [LU] 'artificial intelligence' → 102 entries, 47 kept so far
08:43:59  INFO     [EE] +19 new articles saved
08:44:00  INFO     [MT] 'AI regulation' → 100 entries, 93 kept so far
08:44:00  INFO     [CY] 'generative AI' → 100 entries, 193 kept so far
08:44:00  INFO     [LU] 'AI regulation' → 100 entries, 107 kept so far
08:44:01  INFO     [MT] 'machine learning' → 100 entries, 151 kept so far
08:44:01  INFO     [CY] +1 new articles saved
08:44:02  INFO     [LU] 'machine learning' → 100 entries, 165 kept so far
08:44:02  INFO     [MT] 'EU AI Act' → 96 entries, 223 kept so far
08:44:03  INFO     [MT] 'generative AI' → 102 entries, 283 kept so far
08:44:03  INFO     [LU] 'EU AI Act' → 93 entries, 220 kept so far
08:44:04  INFO     [MT] +0 new articles saved
08:44:05  INFO     [LU] 'generative AI' → 100 entries, 251 kept so far
08:44:06  INFO     [LU] +0 new articles saved
08:44:06  INFO     Scrape complete. 1814 new articles this run.
