20:32:27  INFO     Starting scrape: 27 countries, 5 queries each
20:32:28  INFO     [FR] 'artificial intelligence' → 102 entries, 48 kept so far
/home/runner/work/EU_AI_News/EU_AI_News/eu_ai_news_scraper.py:230: DeprecationWarning: datetime.datetime.utcnow() is deprecated and scheduled for removal in a future version. Use timezone-aware objects to represent datetimes in UTC: datetime.datetime.now(datetime.UTC).
  "scraped_at":   datetime.utcnow().isoformat(),
20:32:28  INFO     [DE] 'artificial intelligence' → 100 entries, 37 kept so far
20:32:28  INFO     [PL] 'artificial intelligence' → 100 entries, 11 kept so far
20:32:28  INFO     [IT] 'artificial intelligence' → 100 entries, 37 kept so far
20:32:28  INFO     [ES] 'artificial intelligence' → 100 entries, 49 kept so far
20:32:29  INFO     [FR] 'AI regulation' → 100 entries, 135 kept so far
20:32:29  INFO     [DE] 'AI regulation' → 100 entries, 111 kept so far
20:32:29  INFO     [PL] 'AI regulation' → 80 entries, 77 kept so far
20:32:29  INFO     [ES] 'AI regulation' → 33 entries, 69 kept so far
20:32:29  INFO     [IT] 'AI regulation' → 100 entries, 128 kept so far
20:32:31  INFO     [FR] 'machine learning' → 100 entries, 186 kept so far
20:32:31  INFO     [ES] 'machine learning' → 100 entries, 141 kept so far
20:32:31  INFO     [PL] 'machine learning' → 100 entries, 116 kept so far
20:32:31  INFO     [IT] 'machine learning' → 100 entries, 195 kept so far
20:32:31  INFO     [DE] 'machine learning' → 100 entries, 162 kept so far
20:32:32  INFO     [FR] 'EU AI Act' → 78 entries, 218 kept so far
20:32:33  INFO     [PL] 'EU AI Act' → 74 entries, 134 kept so far
20:32:33  INFO     [ES] 'EU AI Act' → 77 entries, 167 kept so far
20:32:33  INFO     [IT] 'EU AI Act' → 100 entries, 259 kept so far
20:32:33  INFO     [DE] 'EU AI Act' → 100 entries, 222 kept so far
20:32:34  INFO     [FR] 'generative AI' → 100 entries, 243 kept so far
20:32:34  INFO     [PL] 'generative AI' → 100 entries, 161 kept so far
20:32:34  INFO     [IT] 'generative AI' → 100 entries, 301 kept so far
20:32:34  INFO     [DE] 'generative AI' → 100 entries, 242 kept so far
20:32:34  INFO     [ES] 'generative AI' → 100 entries, 213 kept so far
20:32:35  INFO     [FR] +149 new articles saved
20:32:35  INFO     [PL] +106 new articles saved
20:32:35  INFO     [IT] +216 new articles saved
20:32:35  INFO     [DE] +184 new articles saved
20:32:36  INFO     [ES] +131 new articles saved
20:32:36  INFO     [NL] 'artificial intelligence' → 100 entries, 14 kept so far
20:32:36  INFO     [BE] 'artificial intelligence' → 100 entries, 57 kept so far
20:32:36  INFO     [SE] 'artificial intelligence' → 100 entries, 4 kept so far
20:32:36  INFO     [AT] 'artificial intelligence' → 100 entries, 39 kept so far
20:32:36  INFO     [DK] 'artificial intelligence' → 100 entries, 14 kept so far
20:32:37  INFO     [NL] 'AI regulation' → 76 entries, 62 kept so far
20:32:38  INFO     [BE] 'AI regulation' → 100 entries, 146 kept so far
20:32:38  INFO     [AT] 'AI regulation' → 100 entries, 117 kept so far
20:32:38  INFO     [DK] 'AI regulation' → 37 entries, 20 kept so far
20:32:39  INFO     [NL] 'machine learning' → 100 entries, 113 kept so far
20:32:39  INFO     [BE] 'machine learning' → 100 entries, 194 kept so far
20:32:39  INFO     [DK] 'machine learning' → 77 entries, 38 kept so far
20:32:40  INFO     [AT] 'machine learning' → 100 entries, 167 kept so far
20:32:41  INFO     [NL] 'EU AI Act' → 80 entries, 129 kept so far
20:32:41  INFO     [BE] 'EU AI Act' → 79 entries, 227 kept so far
20:32:41  INFO     [DK] 'EU AI Act' → 78 entries, 52 kept so far
20:32:41  INFO     [SE] 'AI regulation' → 0 entries, 4 kept so far
20:32:41  INFO     [AT] 'EU AI Act' → 100 entries, 244 kept so far
20:32:42  INFO     [NL] 'generative AI' → 100 entries, 146 kept so far
20:32:43  INFO     [SE] 'machine learning' → 71 entries, 22 kept so far
20:32:43  INFO     [DK] 'generative AI' → 32 entries, 61 kept so far
20:32:43  INFO     [BE] 'generative AI' → 100 entries, 252 kept so far
20:32:43  INFO     [AT] 'generative AI' → 100 entries, 266 kept so far
20:32:43  INFO     [NL] +81 new articles saved
20:32:44  INFO     [DK] +23 new articles saved
20:32:44  INFO     [BE] +32 new articles saved
20:32:44  INFO     [FI] 'artificial intelligence' → 100 entries, 68 kept so far
20:32:44  INFO     [AT] +65 new articles saved
20:32:44  INFO     [SE] 'EU AI Act' → 75 entries, 34 kept so far
20:32:44  INFO     [PT] 'artificial intelligence' → 100 entries, 51 kept so far
20:32:45  INFO     [CZ] 'artificial intelligence' → 100 entries, 17 kept so far
20:32:45  INFO     [RO] 'artificial intelligence' → 100 entries, 34 kept so far
20:32:46  INFO     [FI] 'AI regulation' → 49 entries, 77 kept so far
20:32:46  INFO     [SE] 'generative AI' → 71 entries, 41 kept so far
20:32:46  INFO     [CZ] 'AI regulation' → 75 entries, 41 kept so far
20:32:46  INFO     [RO] 'AI regulation' → 77 entries, 44 kept so far
20:32:46  INFO     [PT] 'AI regulation' → 91 entries, 106 kept so far
20:32:47  INFO     [SE] +22 new articles saved
20:32:47  INFO     [HU] 'artificial intelligence' → 100 entries, 19 kept so far
20:32:47  INFO     [FI] 'machine learning' → 84 entries, 117 kept so far
20:32:48  INFO     [CZ] 'machine learning' → 70 entries, 59 kept so far
20:32:48  INFO     [RO] 'machine learning' → 93 entries, 87 kept so far
20:32:48  INFO     [PT] 'machine learning' → 100 entries, 182 kept so far
20:32:49  INFO     [HU] 'AI regulation' → 79 entries, 24 kept so far
20:32:49  INFO     [FI] 'EU AI Act' → 62 entries, 149 kept so far
20:32:49  INFO     [CZ] 'EU AI Act' → 70 entries, 69 kept so far
20:32:50  INFO     [RO] 'EU AI Act' → 67 entries, 108 kept so far
20:32:50  INFO     [PT] 'EU AI Act' → 56 entries, 190 kept so far
20:32:50  INFO     [HU] 'machine learning' → 64 entries, 46 kept so far
20:32:50  INFO     [FI] 'generative AI' → 45 entries, 177 kept so far
20:32:51  INFO     [CZ] 'generative AI' → 75 entries, 86 kept so far
20:32:51  INFO     [RO] 'generative AI' → 75 entries, 131 kept so far
20:32:51  INFO     [FI] +101 new articles saved
20:32:52  INFO     [PT] 'generative AI' → 100 entries, 216 kept so far
20:32:52  INFO     [CZ] +61 new articles saved
20:32:52  INFO     [HU] 'EU AI Act' → 78 entries, 67 kept so far
20:32:52  INFO     [GR] 'artificial intelligence' → 100 entries, 41 kept so far
20:32:52  INFO     [RO] +77 new articles saved
20:32:52  INFO     [SK] 'artificial intelligence' → 100 entries, 33 kept so far
20:32:53  INFO     [PT] +144 new articles saved
20:32:53  INFO     [IE] 'artificial intelligence' → 100 entries, 55 kept so far
20:32:53  INFO     [HR] 'artificial intelligence' → 102 entries, 47 kept so far
20:32:53  INFO     [HU] 'generative AI' → 52 entries, 80 kept so far
20:32:54  INFO     [GR] 'AI regulation' → 58 entries, 94 kept so far
20:32:54  INFO     [SK] 'AI regulation' → 20 entries, 35 kept so far
20:32:54  INFO     [HU] +52 new articles saved
20:32:55  INFO     [IE] 'AI regulation' → 100 entries, 100 kept so far
20:32:55  INFO     [HR] 'AI regulation' → 100 entries, 89 kept so far
20:32:55  INFO     [BG] 'artificial intelligence' → 77 entries, 32 kept so far
20:32:55  INFO     [SK] 'machine learning' → 55 entries, 49 kept so far
20:32:55  INFO     [GR] 'machine learning' → 96 entries, 134 kept so far
20:32:56  INFO     [HR] 'machine learning' → 100 entries, 162 kept so far
20:32:56  INFO     [IE] 'machine learning' → 100 entries, 164 kept so far
20:32:56  INFO     [BG] 'AI regulation' → 10 entries, 34 kept so far
20:32:57  INFO     [SK] 'EU AI Act' → 46 entries, 58 kept so far
20:32:57  INFO     [GR] 'EU AI Act' → 66 entries, 154 kept so far
20:32:58  INFO     [BG] 'machine learning' → 40 entries, 39 kept so far
20:32:58  INFO     [HR] 'EU AI Act' → 100 entries, 243 kept so far
20:32:58  INFO     [SK] 'generative AI' → 32 entries, 63 kept so far
20:32:59  INFO     [GR] 'generative AI' → 100 entries, 196 kept so far
20:32:59  INFO     [BG] 'EU AI Act' → 11 entries, 42 kept so far
20:32:59  INFO     [IE] 'EU AI Act' → 100 entries, 230 kept so far
20:32:59  INFO     [SK] +38 new articles saved
20:33:00  INFO     [HR] 'generative AI' → 100 entries, 309 kept so far
20:33:00  INFO     [GR] +136 new articles saved
20:33:00  INFO     [LT] 'artificial intelligence' → 77 entries, 24 kept so far
20:33:01  INFO     [BG] 'generative AI' → 22 entries, 46 kept so far
20:33:01  INFO     [HR] +283 new articles saved
20:33:01  INFO     [SI] 'artificial intelligence' → 77 entries, 35 kept so far
20:33:01  INFO     [IE] 'generative AI' → 100 entries, 303 kept so far
20:33:01  INFO     [LT] 'AI regulation' → 8 entries, 25 kept so far
20:33:02  INFO     [BG] +28 new articles saved
20:33:02  INFO     [IE] +87 new articles saved
20:33:02  INFO     [EE] 'artificial intelligence' → 90 entries, 37 kept so far
20:33:02  INFO     [SI] 'AI regulation' → 5 entries, 35 kept so far
20:33:02  INFO     [CY] 'artificial intelligence' → 100 entries, 41 kept so far
20:33:03  INFO     [LT] 'machine learning' → 21 entries, 29 kept so far
20:33:03  INFO     [EE] 'AI regulation' → 5 entries, 37 kept so far
20:33:04  INFO     [SI] 'machine learning' → 14 entries, 37 kept so far
20:33:04  INFO     [CY] 'AI regulation' → 58 entries, 94 kept so far
20:33:04  INFO     [LT] 'EU AI Act' → 18 entries, 30 kept so far
20:33:04  INFO     [LV] 'artificial intelligence' → 58 entries, 15 kept so far
20:33:05  INFO     [EE] 'machine learning' → 16 entries, 38 kept so far
20:33:05  INFO     [SI] 'EU AI Act' → 31 entries, 45 kept so far
20:33:05  INFO     [LT] 'generative AI' → 11 entries, 33 kept so far
20:33:05  INFO     [CY] 'machine learning' → 30 entries, 111 kept so far
20:33:06  INFO     [LV] 'AI regulation' → 4 entries, 16 kept so far
20:33:06  INFO     [EE] 'EU AI Act' → 7 entries, 39 kept so far
20:33:06  INFO     [LT] +12 new articles saved
20:33:06  INFO     [SI] 'generative AI' → 9 entries, 49 kept so far
20:33:07  INFO     [CY] 'EU AI Act' → 66 entries, 131 kept so far
20:33:07  INFO     [LU] 'artificial intelligence' → 102 entries, 48 kept so far
20:33:07  INFO     [LV] 'machine learning' → 12 entries, 18 kept so far
20:33:07  INFO     [SI] +22 new articles saved
20:33:08  INFO     [MT] 'artificial intelligence' → 102 entries, 47 kept so far
20:33:08  INFO     [EE] 'generative AI' → 9 entries, 41 kept so far
20:33:08  INFO     [LV] 'EU AI Act' → 5 entries, 18 kept so far
20:33:08  INFO     [CY] 'generative AI' → 100 entries, 173 kept so far
20:33:09  INFO     [LU] 'AI regulation' → 100 entries, 135 kept so far
20:33:09  INFO     [MT] 'AI regulation' → 100 entries, 89 kept so far
20:33:09  INFO     [EE] +21 new articles saved
20:33:09  INFO     [CY] +3 new articles saved
20:33:10  INFO     [LV] 'generative AI' → 7 entries, 19 kept so far
20:33:10  INFO     [MT] 'machine learning' → 100 entries, 162 kept so far
20:33:10  INFO     [LU] 'machine learning' → 100 entries, 186 kept so far
20:33:11  INFO     [LV] +11 new articles saved
20:33:11  INFO     [MT] 'EU AI Act' → 100 entries, 243 kept so far
20:33:12  INFO     [LU] 'EU AI Act' → 78 entries, 218 kept so far
20:33:12  INFO     [MT] 'generative AI' → 100 entries, 309 kept so far
20:33:13  INFO     [MT] +0 new articles saved
20:33:13  INFO     [LU] 'generative AI' → 100 entries, 246 kept so far
20:33:14  INFO     [LU] +2 new articles saved
20:33:14  INFO     Scrape complete. 2087 new articles this run.
