16:54:05  INFO     Starting scrape: 27 countries, 5 queries each
/home/runner/work/EU_AI_News/EU_AI_News/eu_ai_news_scraper.py:230: DeprecationWarning: datetime.datetime.utcnow() is deprecated and scheduled for removal in a future version. Use timezone-aware objects to represent datetimes in UTC: datetime.datetime.now(datetime.UTC).
  "scraped_at":   datetime.utcnow().isoformat(),
16:54:06  INFO     [DE] 'artificial intelligence' → 102 entries, 43 kept so far
16:54:06  INFO     [IT] 'artificial intelligence' → 100 entries, 29 kept so far
16:54:06  INFO     [PL] 'artificial intelligence' → 100 entries, 15 kept so far
16:54:06  INFO     [FR] 'artificial intelligence' → 102 entries, 52 kept so far
16:54:06  INFO     [ES] 'artificial intelligence' → 100 entries, 57 kept so far
16:54:08  INFO     [DE] 'AI regulation' → 100 entries, 122 kept so far
16:54:08  INFO     [IT] 'AI regulation' → 100 entries, 119 kept so far
16:54:08  INFO     [PL] 'AI regulation' → 77 entries, 73 kept so far
16:54:08  INFO     [FR] 'AI regulation' → 100 entries, 139 kept so far
16:54:08  INFO     [ES] 'AI regulation' → 76 entries, 96 kept so far
16:54:09  INFO     [DE] 'machine learning' → 100 entries, 172 kept so far
16:54:09  INFO     [IT] 'machine learning' → 100 entries, 193 kept so far
16:54:09  INFO     [PL] 'machine learning' → 100 entries, 124 kept so far
16:54:09  INFO     [FR] 'machine learning' → 100 entries, 194 kept so far
16:54:10  INFO     [ES] 'machine learning' → 100 entries, 170 kept so far
16:54:11  INFO     [DE] 'EU AI Act' → 100 entries, 242 kept so far
16:54:11  INFO     [IT] 'EU AI Act' → 100 entries, 240 kept so far
16:54:11  INFO     [PL] 'EU AI Act' → 77 entries, 139 kept so far
16:54:11  INFO     [FR] 'EU AI Act' → 91 entries, 233 kept so far
16:54:11  INFO     [ES] 'EU AI Act' → 78 entries, 197 kept so far
16:54:12  INFO     [DE] 'generative AI' → 100 entries, 268 kept so far
16:54:12  INFO     [IT] 'generative AI' → 100 entries, 283 kept so far
16:54:13  INFO     [PL] 'generative AI' → 100 entries, 172 kept so far
16:54:13  INFO     [FR] 'generative AI' → 100 entries, 265 kept so far
16:54:13  INFO     [DE] +191 new articles saved
16:54:13  INFO     [ES] 'generative AI' → 100 entries, 244 kept so far
16:54:13  INFO     [IT] +191 new articles saved
16:54:14  INFO     [PL] +98 new articles saved
16:54:14  INFO     [FR] +157 new articles saved
16:54:14  INFO     [NL] 'artificial intelligence' → 100 entries, 10 kept so far
16:54:14  INFO     [ES] +147 new articles saved
16:54:14  INFO     [SE] 'artificial intelligence' → 100 entries, 14 kept so far
16:54:14  INFO     [BE] 'artificial intelligence' → 100 entries, 49 kept so far
16:54:14  INFO     [AT] 'artificial intelligence' → 100 entries, 40 kept so far
16:54:15  INFO     [DK] 'artificial intelligence' → 100 entries, 20 kept so far
16:54:15  INFO     [NL] 'AI regulation' → 77 entries, 57 kept so far
16:54:16  INFO     [SE] 'AI regulation' → 73 entries, 28 kept so far
16:54:16  INFO     [BE] 'AI regulation' → 100 entries, 136 kept so far
16:54:16  INFO     [AT] 'AI regulation' → 100 entries, 115 kept so far
16:54:17  INFO     [DK] 'AI regulation' → 49 entries, 28 kept so far
16:54:17  INFO     [NL] 'machine learning' → 100 entries, 110 kept so far
16:54:18  INFO     [BE] 'machine learning' → 100 entries, 187 kept so far
16:54:18  INFO     [SE] 'machine learning' → 83 entries, 51 kept so far
16:54:18  INFO     [AT] 'machine learning' → 100 entries, 168 kept so far
16:54:18  INFO     [DK] 'machine learning' → 82 entries, 51 kept so far
16:54:19  INFO     [NL] 'EU AI Act' → 100 entries, 142 kept so far
16:54:19  INFO     [SE] 'EU AI Act' → 63 entries, 58 kept so far
16:54:20  INFO     [AT] 'EU AI Act' → 100 entries, 245 kept so far
16:54:20  INFO     [BE] 'EU AI Act' → 98 entries, 229 kept so far
16:54:20  INFO     [NL] 'generative AI' → 100 entries, 176 kept so far
16:54:20  INFO     [DK] 'EU AI Act' → 72 entries, 67 kept so far
16:54:21  INFO     [AT] 'generative AI' → 100 entries, 265 kept so far
16:54:21  INFO     [NL] +84 new articles saved
16:54:22  INFO     [BE] 'generative AI' → 100 entries, 259 kept so far
16:54:22  INFO     [SE] 'generative AI' → 72 entries, 67 kept so far
16:54:22  INFO     [DK] 'generative AI' → 100 entries, 101 kept so far
16:54:22  INFO     [AT] +46 new articles saved
16:54:22  INFO     [FI] 'artificial intelligence' → 100 entries, 62 kept so far
16:54:23  INFO     [BE] +32 new articles saved
16:54:23  INFO     [SE] +36 new articles saved
16:54:23  INFO     [PT] 'artificial intelligence' → 100 entries, 55 kept so far
16:54:23  INFO     [DK] +55 new articles saved
16:54:23  INFO     [RO] 'artificial intelligence' → 100 entries, 38 kept so far
16:54:23  INFO     [CZ] 'artificial intelligence' → 100 entries, 18 kept so far
16:54:24  INFO     [HU] 'artificial intelligence' → 100 entries, 21 kept so far
16:54:24  INFO     [FI] 'AI regulation' → 54 entries, 73 kept so far
16:54:25  INFO     [PT] 'AI regulation' → 78 entries, 89 kept so far
16:54:25  INFO     [RO] 'AI regulation' → 77 entries, 47 kept so far
16:54:25  INFO     [CZ] 'AI regulation' → 76 entries, 41 kept so far
16:54:25  INFO     [HU] 'AI regulation' → 78 entries, 25 kept so far
16:54:26  INFO     [FI] 'machine learning' → 83 entries, 116 kept so far
16:54:26  INFO     [PT] 'machine learning' → 100 entries, 168 kept so far
16:54:27  INFO     [CZ] 'machine learning' → 80 entries, 61 kept so far
16:54:27  INFO     [RO] 'machine learning' → 100 entries, 101 kept so far
16:54:27  INFO     [HU] 'machine learning' → 61 entries, 49 kept so far
16:54:28  INFO     [FI] 'EU AI Act' → 67 entries, 154 kept so far
16:54:28  INFO     [CZ] 'EU AI Act' → 73 entries, 76 kept so far
16:54:28  INFO     [PT] 'EU AI Act' → 64 entries, 182 kept so far
16:54:28  INFO     [RO] 'EU AI Act' → 75 entries, 130 kept so far
16:54:28  INFO     [HU] 'EU AI Act' → 77 entries, 69 kept so far
16:54:29  INFO     [FI] 'generative AI' → 70 entries, 199 kept so far
16:54:30  INFO     [CZ] 'generative AI' → 75 entries, 97 kept so far
16:54:30  INFO     [RO] 'generative AI' → 94 entries, 153 kept so far
16:54:30  INFO     [PT] 'generative AI' → 100 entries, 213 kept so far
16:54:30  INFO     [HU] 'generative AI' → 72 entries, 88 kept so far
16:54:30  INFO     [FI] +107 new articles saved
16:54:31  INFO     [CZ] +62 new articles saved
16:54:31  INFO     [GR] 'artificial intelligence' → 100 entries, 41 kept so far
16:54:31  INFO     [RO] +99 new articles saved
16:54:31  INFO     [PT] +133 new articles saved
16:54:31  INFO     [HU] +51 new articles saved
16:54:31  INFO     [SK] 'artificial intelligence' → 100 entries, 26 kept so far
16:54:32  INFO     [IE] 'artificial intelligence' → 100 entries, 53 kept so far
16:54:32  INFO     [BG] 'artificial intelligence' → 95 entries, 42 kept so far
16:54:32  INFO     [HR] 'artificial intelligence' → 101 entries, 53 kept so far
16:54:32  INFO     [GR] 'AI regulation' → 70 entries, 96 kept so far
16:54:33  INFO     [SK] 'AI regulation' → 26 entries, 28 kept so far
16:54:33  INFO     [BG] 'AI regulation' → 21 entries, 43 kept so far
16:54:33  INFO     [HR] 'AI regulation' → 100 entries, 98 kept so far
16:54:33  INFO     [IE] 'AI regulation' → 100 entries, 101 kept so far
16:54:34  INFO     [GR] 'machine learning' → 100 entries, 135 kept so far
16:54:34  INFO     [SK] 'machine learning' → 59 entries, 41 kept so far
16:54:34  INFO     [BG] 'machine learning' → 53 entries, 54 kept so far
16:54:35  INFO     [HR] 'machine learning' → 100 entries, 164 kept so far
16:54:35  INFO     [IE] 'machine learning' → 100 entries, 157 kept so far
16:54:36  INFO     [GR] 'EU AI Act' → 59 entries, 149 kept so far
16:54:36  INFO     [SK] 'EU AI Act' → 66 entries, 51 kept so far
16:54:36  INFO     [BG] 'EU AI Act' → 22 entries, 56 kept so far
16:54:37  INFO     [HR] 'EU AI Act' → 100 entries, 241 kept so far
16:54:37  INFO     [SK] 'generative AI' → 51 entries, 64 kept so far
16:54:37  INFO     [IE] 'EU AI Act' → 100 entries, 228 kept so far
16:54:37  INFO     [GR] 'generative AI' → 100 entries, 196 kept so far
16:54:37  INFO     [BG] 'generative AI' → 36 entries, 61 kept so far
16:54:38  INFO     [SK] +32 new articles saved
16:54:38  INFO     [HR] 'generative AI' → 100 entries, 304 kept so far
16:54:38  INFO     [GR] +139 new articles saved
16:54:38  INFO     [BG] +38 new articles saved
16:54:39  INFO     [LT] 'artificial intelligence' → 80 entries, 26 kept so far
16:54:39  INFO     [LV] 'artificial intelligence' → 61 entries, 19 kept so far
16:54:39  INFO     [SI] 'artificial intelligence' → 100 entries, 43 kept so far
16:54:39  INFO     [IE] 'generative AI' → 100 entries, 295 kept so far
16:54:39  INFO     [HR] +280 new articles saved
16:54:40  INFO     [EE] 'artificial intelligence' → 97 entries, 47 kept so far
16:54:40  INFO     [IE] +110 new articles saved
16:54:40  INFO     [LT] 'AI regulation' → 9 entries, 26 kept so far
16:54:40  INFO     [LV] 'AI regulation' → 6 entries, 19 kept so far
16:54:40  INFO     [SI] 'AI regulation' → 4 entries, 43 kept so far
16:54:41  INFO     [CY] 'artificial intelligence' → 100 entries, 41 kept so far
16:54:41  INFO     [EE] 'AI regulation' → 5 entries, 47 kept so far
16:54:41  INFO     [LV] 'machine learning' → 12 entries, 23 kept so far
16:54:41  INFO     [LT] 'machine learning' → 34 entries, 29 kept so far
16:54:42  INFO     [SI] 'machine learning' → 23 entries, 45 kept so far
16:54:42  INFO     [CY] 'AI regulation' → 70 entries, 96 kept so far
16:54:43  INFO     [EE] 'machine learning' → 27 entries, 49 kept so far
16:54:43  INFO     [LV] 'EU AI Act' → 8 entries, 24 kept so far
16:54:43  INFO     [LT] 'EU AI Act' → 21 entries, 30 kept so far
16:54:43  INFO     [SI] 'EU AI Act' → 27 entries, 50 kept so far
16:54:44  INFO     [CY] 'machine learning' → 100 entries, 135 kept so far
16:54:44  INFO     [LV] 'generative AI' → 9 entries, 25 kept so far
16:54:44  INFO     [LT] 'generative AI' → 15 entries, 36 kept so far
16:54:44  INFO     [EE] 'EU AI Act' → 8 entries, 49 kept so far
16:54:44  INFO     [SI] 'generative AI' → 16 entries, 52 kept so far
16:54:45  INFO     [LV] +10 new articles saved
16:54:45  INFO     [CY] 'EU AI Act' → 59 entries, 149 kept so far
16:54:45  INFO     [LT] +13 new articles saved
16:54:45  INFO     [MT] 'artificial intelligence' → 101 entries, 53 kept so far
16:54:45  INFO     [SI] +21 new articles saved
16:54:46  INFO     [LU] 'artificial intelligence' → 102 entries, 52 kept so far
16:54:46  INFO     [EE] 'generative AI' → 10 entries, 51 kept so far
16:54:46  INFO     [MT] 'AI regulation' → 100 entries, 98 kept so far
16:54:47  INFO     [CY] 'generative AI' → 100 entries, 196 kept so far
16:54:47  INFO     [EE] +26 new articles saved
16:54:47  INFO     [LU] 'AI regulation' → 100 entries, 139 kept so far
16:54:48  INFO     [CY] +0 new articles saved
16:54:48  INFO     [MT] 'machine learning' → 100 entries, 164 kept so far
16:54:49  INFO     [LU] 'machine learning' → 100 entries, 194 kept so far
16:54:49  INFO     [MT] 'EU AI Act' → 100 entries, 241 kept so far
16:54:50  INFO     [LU] 'EU AI Act' → 91 entries, 232 kept so far
16:54:50  INFO     [MT] 'generative AI' → 100 entries, 304 kept so far
16:54:51  INFO     [MT] +0 new articles saved
16:54:52  INFO     [LU] 'generative AI' → 100 entries, 264 kept so far
16:54:53  INFO     [LU] +0 new articles saved
16:54:53  INFO     Scrape complete. 2158 new articles this run.
