08:26:25  INFO     Starting scrape: 27 countries, 5 queries each
/home/runner/work/EU_AI_News/EU_AI_News/eu_ai_news_scraper.py:230: DeprecationWarning: datetime.datetime.utcnow() is deprecated and scheduled for removal in a future version. Use timezone-aware objects to represent datetimes in UTC: datetime.datetime.now(datetime.UTC).
  "scraped_at":   datetime.utcnow().isoformat(),
08:26:25  INFO     [FR] 'artificial intelligence' → 100 entries, 49 kept so far
08:26:25  INFO     [DE] 'artificial intelligence' → 100 entries, 56 kept so far
08:26:25  INFO     [PL] 'artificial intelligence' → 100 entries, 14 kept so far
08:26:25  INFO     [IT] 'artificial intelligence' → 100 entries, 45 kept so far
08:26:25  INFO     [ES] 'artificial intelligence' → 100 entries, 65 kept so far
08:26:27  INFO     [FR] 'AI regulation' → 100 entries, 110 kept so far
08:26:27  INFO     [DE] 'AI regulation' → 100 entries, 106 kept so far
08:26:27  INFO     [PL] 'AI regulation' → 100 entries, 92 kept so far
08:26:27  INFO     [ES] 'AI regulation' → 73 entries, 91 kept so far
08:26:27  INFO     [IT] 'AI regulation' → 100 entries, 114 kept so far
08:26:28  INFO     [FR] 'machine learning' → 100 entries, 171 kept so far
08:26:28  INFO     [DE] 'machine learning' → 100 entries, 162 kept so far
08:26:28  INFO     [PL] 'machine learning' → 100 entries, 135 kept so far
08:26:29  INFO     [ES] 'machine learning' → 100 entries, 166 kept so far
08:26:29  INFO     [IT] 'machine learning' → 100 entries, 191 kept so far
08:26:30  INFO     [FR] 'EU AI Act' → 90 entries, 226 kept so far
08:26:30  INFO     [DE] 'EU AI Act' → 100 entries, 244 kept so far
08:26:30  INFO     [PL] 'EU AI Act' → 78 entries, 162 kept so far
08:26:30  INFO     [IT] 'EU AI Act' → 100 entries, 266 kept so far
08:26:30  INFO     [ES] 'EU AI Act' → 78 entries, 209 kept so far
08:26:31  INFO     [DE] 'generative AI' → 100 entries, 268 kept so far
08:26:32  INFO     [FR] 'generative AI' → 100 entries, 257 kept so far
08:26:32  INFO     [PL] 'generative AI' → 100 entries, 193 kept so far
08:26:32  INFO     [IT] 'generative AI' → 100 entries, 308 kept so far
08:26:32  INFO     [ES] 'generative AI' → 100 entries, 249 kept so far
08:26:32  INFO     [DE] +198 new articles saved
08:26:33  INFO     [FR] +150 new articles saved
08:26:33  INFO     [PL] +131 new articles saved
08:26:33  INFO     [IT] +181 new articles saved
08:26:33  INFO     [NL] 'artificial intelligence' → 100 entries, 16 kept so far
08:26:33  INFO     [ES] +144 new articles saved
08:26:33  INFO     [SE] 'artificial intelligence' → 100 entries, 14 kept so far
08:26:33  INFO     [BE] 'artificial intelligence' → 100 entries, 58 kept so far
08:26:34  INFO     [AT] 'artificial intelligence' → 100 entries, 51 kept so far
08:26:34  INFO     [DK] 'artificial intelligence' → 100 entries, 24 kept so far
08:26:34  INFO     [NL] 'AI regulation' → 79 entries, 76 kept so far
08:26:35  INFO     [SE] 'AI regulation' → 74 entries, 30 kept so far
08:26:35  INFO     [BE] 'AI regulation' → 100 entries, 117 kept so far
08:26:35  INFO     [AT] 'AI regulation' → 100 entries, 110 kept so far
08:26:35  INFO     [DK] 'AI regulation' → 31 entries, 28 kept so far
08:26:36  INFO     [NL] 'machine learning' → 100 entries, 130 kept so far
08:26:36  INFO     [SE] 'machine learning' → 75 entries, 49 kept so far
08:26:36  INFO     [BE] 'machine learning' → 100 entries, 178 kept so far
08:26:37  INFO     [DK] 'machine learning' → 78 entries, 47 kept so far
08:26:37  INFO     [AT] 'machine learning' → 100 entries, 161 kept so far
08:26:37  INFO     [NL] 'EU AI Act' → 96 entries, 156 kept so far
08:26:38  INFO     [SE] 'EU AI Act' → 71 entries, 51 kept so far
08:26:38  INFO     [BE] 'EU AI Act' → 94 entries, 235 kept so far
08:26:38  INFO     [DK] 'EU AI Act' → 78 entries, 67 kept so far
08:26:38  INFO     [AT] 'EU AI Act' → 100 entries, 248 kept so far
08:26:39  INFO     [NL] 'generative AI' → 100 entries, 184 kept so far
08:26:39  INFO     [SE] 'generative AI' → 70 entries, 61 kept so far
08:26:40  INFO     [BE] 'generative AI' → 100 entries, 262 kept so far
08:26:40  INFO     [DK] 'generative AI' → 91 entries, 92 kept so far
08:26:40  INFO     [AT] 'generative AI' → 100 entries, 270 kept so far
08:26:40  INFO     [NL] +92 new articles saved
08:26:40  INFO     [SE] +26 new articles saved
08:26:41  INFO     [FI] 'artificial intelligence' → 100 entries, 66 kept so far
08:26:41  INFO     [PT] 'artificial intelligence' → 100 entries, 60 kept so far
08:26:41  INFO     [BE] +23 new articles saved
08:26:41  INFO     [DK] +34 new articles saved
08:26:41  INFO     [AT] +76 new articles saved
08:26:41  INFO     [RO] 'artificial intelligence' → 100 entries, 40 kept so far
08:26:41  INFO     [CZ] 'artificial intelligence' → 100 entries, 19 kept so far
08:26:42  INFO     [HU] 'artificial intelligence' → 100 entries, 12 kept so far
08:26:42  INFO     [FI] 'AI regulation' → 48 entries, 80 kept so far
08:26:42  INFO     [PT] 'AI regulation' → 100 entries, 119 kept so far
08:26:43  INFO     [RO] 'AI regulation' → 28 entries, 48 kept so far
08:26:43  INFO     [CZ] 'AI regulation' → 77 entries, 44 kept so far
08:26:43  INFO     [HU] 'AI regulation' → 78 entries, 17 kept so far
08:26:44  INFO     [FI] 'machine learning' → 84 entries, 115 kept so far
08:26:44  INFO     [PT] 'machine learning' → 100 entries, 191 kept so far
08:26:44  INFO     [RO] 'machine learning' → 100 entries, 98 kept so far
08:26:44  INFO     [CZ] 'machine learning' → 28 entries, 54 kept so far
08:26:45  INFO     [HU] 'machine learning' → 73 entries, 45 kept so far
08:26:45  INFO     [FI] 'EU AI Act' → 68 entries, 149 kept so far
08:26:46  INFO     [PT] 'EU AI Act' → 56 entries, 200 kept so far
08:26:46  INFO     [CZ] 'EU AI Act' → 76 entries, 67 kept so far
08:26:46  INFO     [RO] 'EU AI Act' → 77 entries, 118 kept so far
08:26:46  INFO     [HU] 'EU AI Act' → 76 entries, 64 kept so far
08:26:47  INFO     [FI] 'generative AI' → 52 entries, 180 kept so far
08:26:47  INFO     [CZ] 'generative AI' → 80 entries, 87 kept so far
08:26:47  INFO     [PT] 'generative AI' → 100 entries, 229 kept so far
08:26:47  INFO     [RO] 'generative AI' → 85 entries, 138 kept so far
08:26:48  INFO     [HU] 'generative AI' → 72 entries, 88 kept so far
08:26:48  INFO     [FI] +87 new articles saved
08:26:48  INFO     [GR] 'artificial intelligence' → 100 entries, 42 kept so far
08:26:48  INFO     [CZ] +60 new articles saved
08:26:48  INFO     [PT] +149 new articles saved
08:26:48  INFO     [RO] +72 new articles saved
08:26:49  INFO     [HU] +45 new articles saved
08:26:49  INFO     [SK] 'artificial intelligence' → 79 entries, 35 kept so far
08:26:49  INFO     [HR] 'artificial intelligence' → 104 entries, 55 kept so far
08:26:49  INFO     [IE] 'artificial intelligence' → 102 entries, 56 kept so far
08:26:49  INFO     [BG] 'artificial intelligence' → 81 entries, 37 kept so far
08:26:50  INFO     [GR] 'AI regulation' → 61 entries, 96 kept so far
08:26:50  INFO     [SK] 'AI regulation' → 23 entries, 36 kept so far
08:26:50  INFO     [BG] 'AI regulation' → 9 entries, 38 kept so far
08:26:51  INFO     [HR] 'AI regulation' → 100 entries, 100 kept so far
08:26:51  INFO     [IE] 'AI regulation' → 100 entries, 104 kept so far
08:26:51  INFO     [GR] 'machine learning' → 94 entries, 131 kept so far
08:26:52  INFO     [SK] 'machine learning' → 59 entries, 48 kept so far
08:26:52  INFO     [BG] 'machine learning' → 53 entries, 46 kept so far
08:26:52  INFO     [HR] 'machine learning' → 100 entries, 156 kept so far
08:26:52  INFO     [IE] 'machine learning' → 100 entries, 163 kept so far
08:26:53  INFO     [GR] 'EU AI Act' → 64 entries, 151 kept so far
08:26:53  INFO     [BG] 'EU AI Act' → 15 entries, 48 kept so far
08:26:53  INFO     [SK] 'EU AI Act' → 61 entries, 59 kept so far
08:26:54  INFO     [HR] 'EU AI Act' → 100 entries, 238 kept so far
08:26:54  INFO     [IE] 'EU AI Act' → 100 entries, 234 kept so far
08:26:54  INFO     [GR] 'generative AI' → 100 entries, 195 kept so far
08:26:55  INFO     [BG] 'generative AI' → 25 entries, 52 kept so far
08:26:55  INFO     [SK] 'generative AI' → 43 entries, 66 kept so far
08:26:55  INFO     [GR] +127 new articles saved
08:26:55  INFO     [HR] 'generative AI' → 100 entries, 287 kept so far
08:26:56  INFO     [BG] +26 new articles saved
08:26:56  INFO     [LT] 'artificial intelligence' → 89 entries, 26 kept so far
08:26:56  INFO     [IE] 'generative AI' → 100 entries, 287 kept so far
08:26:56  INFO     [SK] +38 new articles saved
08:26:56  INFO     [SI] 'artificial intelligence' → 94 entries, 48 kept so far
08:26:56  INFO     [LV] 'artificial intelligence' → 62 entries, 20 kept so far
08:26:56  INFO     [HR] +250 new articles saved
08:26:57  INFO     [IE] +100 new articles saved
08:26:57  INFO     [EE] 'artificial intelligence' → 99 entries, 47 kept so far
08:26:57  INFO     [LT] 'AI regulation' → 15 entries, 27 kept so far
08:26:57  INFO     [SI] 'AI regulation' → 11 entries, 48 kept so far
08:26:57  INFO     [CY] 'artificial intelligence' → 100 entries, 42 kept so far
08:26:57  INFO     [LV] 'AI regulation' → 6 entries, 20 kept so far
08:26:58  INFO     [EE] 'AI regulation' → 10 entries, 47 kept so far
08:26:58  INFO     [LT] 'machine learning' → 30 entries, 31 kept so far
08:26:59  INFO     [SI] 'machine learning' → 20 entries, 51 kept so far
08:26:59  INFO     [LV] 'machine learning' → 10 entries, 21 kept so far
08:26:59  INFO     [CY] 'AI regulation' → 61 entries, 96 kept so far
08:27:00  INFO     [EE] 'machine learning' → 17 entries, 49 kept so far
08:27:00  INFO     [LT] 'EU AI Act' → 20 entries, 32 kept so far
08:27:00  INFO     [LV] 'EU AI Act' → 6 entries, 21 kept so far
08:27:00  INFO     [SI] 'EU AI Act' → 21 entries, 54 kept so far
08:27:00  INFO     [CY] 'machine learning' → 94 entries, 131 kept so far
08:27:01  INFO     [EE] 'EU AI Act' → 14 entries, 50 kept so far
08:27:01  INFO     [LT] 'generative AI' → 22 entries, 40 kept so far
08:27:01  INFO     [LV] 'generative AI' → 8 entries, 23 kept so far
08:27:01  INFO     [SI] 'generative AI' → 13 entries, 56 kept so far
08:27:02  INFO     [CY] 'EU AI Act' → 64 entries, 151 kept so far
08:27:02  INFO     [LT] +16 new articles saved
08:27:02  INFO     [EE] 'generative AI' → 9 entries, 52 kept so far
08:27:02  INFO     [LV] +12 new articles saved
08:27:02  INFO     [SI] +22 new articles saved
08:27:03  INFO     [MT] 'artificial intelligence' → 104 entries, 55 kept so far
08:27:03  INFO     [LU] 'artificial intelligence' → 100 entries, 49 kept so far
08:27:03  INFO     [CY] 'generative AI' → 100 entries, 195 kept so far
08:27:03  INFO     [EE] +27 new articles saved
08:27:04  INFO     [MT] 'AI regulation' → 100 entries, 100 kept so far
08:27:04  INFO     [LU] 'AI regulation' → 100 entries, 110 kept so far
08:27:04  INFO     [CY] +0 new articles saved
08:27:05  INFO     [MT] 'machine learning' → 100 entries, 156 kept so far
08:27:06  INFO     [LU] 'machine learning' → 100 entries, 171 kept so far
08:27:06  INFO     [MT] 'EU AI Act' → 100 entries, 238 kept so far
08:27:07  INFO     [LU] 'EU AI Act' → 90 entries, 226 kept so far
08:27:07  INFO     [MT] 'generative AI' → 100 entries, 287 kept so far
08:27:08  INFO     [MT] +0 new articles saved
08:27:08  INFO     [LU] 'generative AI' → 50 entries, 244 kept so far
08:27:09  INFO     [LU] +12 new articles saved
08:27:09  INFO     Scrape complete. 2098 new articles this run.
