03:47:57  INFO     Starting scrape: 27 countries, 5 queries each
/home/runner/work/EU_AI_News/EU_AI_News/eu_ai_news_scraper.py:230: DeprecationWarning: datetime.datetime.utcnow() is deprecated and scheduled for removal in a future version. Use timezone-aware objects to represent datetimes in UTC: datetime.datetime.now(datetime.UTC).
  "scraped_at":   datetime.utcnow().isoformat(),
03:47:58  INFO     [FR] 'artificial intelligence' → 100 entries, 47 kept so far
03:47:58  INFO     [DE] 'artificial intelligence' → 100 entries, 48 kept so far
03:47:58  INFO     [PL] 'artificial intelligence' → 100 entries, 13 kept so far
03:47:58  INFO     [IT] 'artificial intelligence' → 100 entries, 48 kept so far
03:47:58  INFO     [ES] 'artificial intelligence' → 100 entries, 61 kept so far
03:47:59  INFO     [DE] 'AI regulation' → 100 entries, 125 kept so far
03:47:59  INFO     [FR] 'AI regulation' → 100 entries, 132 kept so far
03:47:59  INFO     [PL] 'AI regulation' → 86 entries, 83 kept so far
03:47:59  INFO     [IT] 'AI regulation' → 100 entries, 137 kept so far
03:47:59  INFO     [ES] 'AI regulation' → 82 entries, 120 kept so far
03:48:01  INFO     [DE] 'machine learning' → 100 entries, 181 kept so far
03:48:01  INFO     [FR] 'machine learning' → 100 entries, 193 kept so far
03:48:01  INFO     [PL] 'machine learning' → 100 entries, 127 kept so far
03:48:01  INFO     [IT] 'machine learning' → 100 entries, 211 kept so far
03:48:01  INFO     [ES] 'machine learning' → 100 entries, 198 kept so far
03:48:02  INFO     [DE] 'EU AI Act' → 100 entries, 231 kept so far
03:48:03  INFO     [PL] 'EU AI Act' → 77 entries, 155 kept so far
03:48:03  INFO     [FR] 'EU AI Act' → 83 entries, 237 kept so far
03:48:03  INFO     [IT] 'EU AI Act' → 100 entries, 278 kept so far
03:48:03  INFO     [ES] 'EU AI Act' → 78 entries, 224 kept so far
03:48:04  INFO     [DE] 'generative AI' → 100 entries, 255 kept so far
03:48:04  INFO     [PL] 'generative AI' → 100 entries, 187 kept so far
03:48:04  INFO     [FR] 'generative AI' → 100 entries, 260 kept so far
03:48:04  INFO     [IT] 'generative AI' → 100 entries, 323 kept so far
03:48:05  INFO     [ES] 'generative AI' → 100 entries, 269 kept so far
03:48:05  INFO     [DE] +188 new articles saved
03:48:05  INFO     [PL] +111 new articles saved
03:48:05  INFO     [FR] +147 new articles saved
03:48:06  INFO     [NL] 'artificial intelligence' → 100 entries, 17 kept so far
03:48:06  INFO     [IT] +236 new articles saved
03:48:06  INFO     [ES] +160 new articles saved
03:48:06  INFO     [BE] 'artificial intelligence' → 100 entries, 67 kept so far
03:48:06  INFO     [SE] 'artificial intelligence' → 100 entries, 6 kept so far
03:48:06  INFO     [AT] 'artificial intelligence' → 100 entries, 45 kept so far
03:48:06  INFO     [DK] 'artificial intelligence' → 100 entries, 14 kept so far
03:48:07  INFO     [NL] 'AI regulation' → 76 entries, 68 kept so far
03:48:08  INFO     [BE] 'AI regulation' → 100 entries, 149 kept so far
03:48:08  INFO     [SE] 'AI regulation' → 79 entries, 22 kept so far
03:48:08  INFO     [AT] 'AI regulation' → 100 entries, 123 kept so far
03:48:08  INFO     [DK] 'AI regulation' → 48 entries, 25 kept so far
03:48:09  INFO     [NL] 'machine learning' → 100 entries, 116 kept so far
03:48:09  INFO     [SE] 'machine learning' → 76 entries, 42 kept so far
03:48:09  INFO     [AT] 'machine learning' → 100 entries, 177 kept so far
03:48:10  INFO     [BE] 'machine learning' → 100 entries, 206 kept so far
03:48:10  INFO     [DK] 'machine learning' → 81 entries, 44 kept so far
03:48:10  INFO     [NL] 'EU AI Act' → 100 entries, 140 kept so far
03:48:11  INFO     [SE] 'EU AI Act' → 64 entries, 47 kept so far
03:48:11  INFO     [AT] 'EU AI Act' → 100 entries, 259 kept so far
03:48:11  INFO     [BE] 'EU AI Act' → 90 entries, 252 kept so far
03:48:11  INFO     [DK] 'EU AI Act' → 72 entries, 56 kept so far
03:48:12  INFO     [NL] 'generative AI' → 100 entries, 167 kept so far
03:48:13  INFO     [SE] 'generative AI' → 73 entries, 52 kept so far
03:48:13  INFO     [AT] 'generative AI' → 100 entries, 282 kept so far
03:48:13  INFO     [BE] 'generative AI' → 100 entries, 275 kept so far
03:48:13  INFO     [DK] 'generative AI' → 89 entries, 83 kept so far
03:48:13  INFO     [NL] +90 new articles saved
03:48:14  INFO     [SE] +22 new articles saved
03:48:14  INFO     [FI] 'artificial intelligence' → 100 entries, 60 kept so far
03:48:14  INFO     [AT] +69 new articles saved
03:48:14  INFO     [BE] +28 new articles saved
03:48:14  INFO     [DK] +30 new articles saved
03:48:14  INFO     [PT] 'artificial intelligence' → 100 entries, 55 kept so far
03:48:14  INFO     [CZ] 'artificial intelligence' → 100 entries, 12 kept so far
03:48:15  INFO     [HU] 'artificial intelligence' → 100 entries, 15 kept so far
03:48:15  INFO     [RO] 'artificial intelligence' → 100 entries, 38 kept so far
03:48:15  INFO     [FI] 'AI regulation' → 54 entries, 75 kept so far
03:48:16  INFO     [CZ] 'AI regulation' → 71 entries, 42 kept so far
03:48:16  INFO     [PT] 'AI regulation' → 99 entries, 115 kept so far
03:48:16  INFO     [HU] 'AI regulation' → 79 entries, 21 kept so far
03:48:16  INFO     [RO] 'AI regulation' → 78 entries, 47 kept so far
03:48:17  INFO     [FI] 'machine learning' → 92 entries, 122 kept so far
03:48:17  INFO     [CZ] 'machine learning' → 70 entries, 59 kept so far
03:48:18  INFO     [HU] 'machine learning' → 67 entries, 46 kept so far
03:48:18  INFO     [PT] 'machine learning' → 100 entries, 195 kept so far
03:48:18  INFO     [RO] 'machine learning' → 100 entries, 100 kept so far
03:48:19  INFO     [FI] 'EU AI Act' → 58 entries, 155 kept so far
03:48:19  INFO     [CZ] 'EU AI Act' → 68 entries, 69 kept so far
03:48:19  INFO     [HU] 'EU AI Act' → 78 entries, 68 kept so far
03:48:20  INFO     [PT] 'EU AI Act' → 56 entries, 204 kept so far
03:48:20  INFO     [RO] 'EU AI Act' → 78 entries, 127 kept so far
03:48:20  INFO     [FI] 'generative AI' → 63 entries, 191 kept so far
03:48:21  INFO     [CZ] 'generative AI' → 77 entries, 86 kept so far
03:48:21  INFO     [HU] 'generative AI' → 69 entries, 88 kept so far
03:48:21  INFO     [RO] 'generative AI' → 86 entries, 152 kept so far
03:48:21  INFO     [PT] 'generative AI' → 100 entries, 232 kept so far
03:48:21  INFO     [FI] +98 new articles saved
03:48:22  INFO     [CZ] +60 new articles saved
03:48:22  INFO     [GR] 'artificial intelligence' → 100 entries, 40 kept so far
03:48:22  INFO     [HU] +49 new articles saved
03:48:22  INFO     [SK] 'artificial intelligence' → 100 entries, 22 kept so far
03:48:22  INFO     [RO] +87 new articles saved
03:48:22  INFO     [PT] +148 new articles saved
03:48:23  INFO     [IE] 'artificial intelligence' → 100 entries, 49 kept so far
03:48:23  INFO     [BG] 'artificial intelligence' → 78 entries, 31 kept so far
03:48:23  INFO     [HR] 'artificial intelligence' → 100 entries, 47 kept so far
03:48:23  INFO     [GR] 'AI regulation' → 59 entries, 95 kept so far
03:48:24  INFO     [SK] 'AI regulation' → 24 entries, 23 kept so far
03:48:24  INFO     [BG] 'AI regulation' → 16 entries, 32 kept so far
03:48:24  INFO     [IE] 'AI regulation' → 100 entries, 100 kept so far
03:48:24  INFO     [HR] 'AI regulation' → 100 entries, 85 kept so far
03:48:25  INFO     [GR] 'machine learning' → 100 entries, 134 kept so far
03:48:25  INFO     [SK] 'machine learning' → 57 entries, 35 kept so far
03:48:26  INFO     [BG] 'machine learning' → 55 entries, 43 kept so far
03:48:26  INFO     [HR] 'machine learning' → 100 entries, 163 kept so far
03:48:26  INFO     [IE] 'machine learning' → 100 entries, 184 kept so far
03:48:27  INFO     [GR] 'EU AI Act' → 63 entries, 153 kept so far
03:48:27  INFO     [SK] 'EU AI Act' → 54 entries, 43 kept so far
03:48:27  INFO     [BG] 'EU AI Act' → 12 entries, 46 kept so far
03:48:28  INFO     [IE] 'EU AI Act' → 100 entries, 251 kept so far
03:48:28  INFO     [HR] 'EU AI Act' → 100 entries, 245 kept so far
03:48:28  INFO     [SK] 'generative AI' → 41 entries, 52 kept so far
03:48:28  INFO     [GR] 'generative AI' → 100 entries, 197 kept so far
03:48:28  INFO     [BG] 'generative AI' → 32 entries, 53 kept so far
03:48:29  INFO     [SK] +23 new articles saved
03:48:29  INFO     [GR] +133 new articles saved
03:48:29  INFO     [BG] +30 new articles saved
03:48:30  INFO     [IE] 'generative AI' → 100 entries, 317 kept so far
03:48:30  INFO     [HR] 'generative AI' → 100 entries, 314 kept so far
03:48:30  INFO     [LT] 'artificial intelligence' → 83 entries, 29 kept so far
03:48:30  INFO     [SI] 'artificial intelligence' → 95 entries, 50 kept so far
03:48:30  INFO     [LV] 'artificial intelligence' → 63 entries, 19 kept so far
03:48:31  INFO     [IE] +274 new articles saved
03:48:31  INFO     [HR] +115 new articles saved
03:48:31  INFO     [LT] 'AI regulation' → 13 entries, 29 kept so far
03:48:31  INFO     [SI] 'AI regulation' → 9 entries, 50 kept so far
03:48:31  INFO     [LV] 'AI regulation' → 6 entries, 19 kept so far
03:48:31  INFO     [CY] 'artificial intelligence' → 100 entries, 40 kept so far
03:48:31  INFO     [EE] 'artificial intelligence' → 97 entries, 50 kept so far
03:48:32  INFO     [LT] 'machine learning' → 29 entries, 32 kept so far
03:48:32  INFO     [SI] 'machine learning' → 19 entries, 52 kept so far
03:48:33  INFO     [LV] 'machine learning' → 13 entries, 21 kept so far
03:48:33  INFO     [EE] 'AI regulation' → 5 entries, 50 kept so far
03:48:33  INFO     [CY] 'AI regulation' → 59 entries, 95 kept so far
03:48:34  INFO     [LV] 'EU AI Act' → 6 entries, 21 kept so far
03:48:34  INFO     [LT] 'EU AI Act' → 18 entries, 32 kept so far
03:48:34  INFO     [SI] 'EU AI Act' → 30 entries, 57 kept so far
03:48:34  INFO     [EE] 'machine learning' → 16 entries, 53 kept so far
03:48:34  INFO     [CY] 'machine learning' → 100 entries, 134 kept so far
03:48:35  INFO     [LV] 'generative AI' → 9 entries, 22 kept so far
03:48:35  INFO     [LT] 'generative AI' → 18 entries, 38 kept so far
03:48:35  INFO     [SI] 'generative AI' → 12 entries, 59 kept so far
03:48:36  INFO     [EE] 'EU AI Act' → 11 entries, 54 kept so far
03:48:36  INFO     [CY] 'EU AI Act' → 63 entries, 153 kept so far
03:48:36  INFO     [LV] +10 new articles saved
03:48:36  INFO     [LT] +16 new articles saved
03:48:36  INFO     [SI] +28 new articles saved
03:48:36  INFO     [MT] 'artificial intelligence' → 100 entries, 47 kept so far
03:48:37  INFO     [LU] 'artificial intelligence' → 100 entries, 47 kept so far
03:48:37  INFO     [EE] 'generative AI' → 10 entries, 57 kept so far
03:48:38  INFO     [CY] 'generative AI' → 100 entries, 197 kept so far
03:48:38  INFO     [MT] 'AI regulation' → 100 entries, 85 kept so far
03:48:38  INFO     [EE] +33 new articles saved
03:48:38  INFO     [LU] 'AI regulation' → 100 entries, 134 kept so far
03:48:39  INFO     [CY] +0 new articles saved
03:48:39  INFO     [MT] 'machine learning' → 100 entries, 163 kept so far
03:48:40  INFO     [LU] 'machine learning' → 100 entries, 195 kept so far
03:48:40  INFO     [MT] 'EU AI Act' → 100 entries, 245 kept so far
03:48:42  INFO     [MT] 'generative AI' → 100 entries, 314 kept so far
03:48:42  INFO     [LU] 'EU AI Act' → 83 entries, 239 kept so far
03:48:43  INFO     [MT] +0 new articles saved
03:48:43  INFO     [LU] 'generative AI' → 100 entries, 262 kept so far
03:48:44  INFO     [LU] +2 new articles saved
03:48:44  INFO     Scrape complete. 2187 new articles this run.
