14:19:25  INFO     Starting scrape: 27 countries, 5 queries each
/home/runner/work/EU_AI_News/EU_AI_News/eu_ai_news_scraper.py:230: DeprecationWarning: datetime.datetime.utcnow() is deprecated and scheduled for removal in a future version. Use timezone-aware objects to represent datetimes in UTC: datetime.datetime.now(datetime.UTC).
  "scraped_at":   datetime.utcnow().isoformat(),
14:19:26  INFO     [PL] 'artificial intelligence' → 100 entries, 15 kept so far
14:19:26  INFO     [DE] 'artificial intelligence' → 100 entries, 48 kept so far
14:19:26  INFO     [IT] 'artificial intelligence' → 100 entries, 38 kept so far
14:19:26  INFO     [FR] 'artificial intelligence' → 100 entries, 43 kept so far
14:19:26  INFO     [ES] 'artificial intelligence' → 100 entries, 60 kept so far
14:19:27  INFO     [PL] 'AI regulation' → 100 entries, 82 kept so far
14:19:27  INFO     [DE] 'AI regulation' → 93 entries, 122 kept so far
14:19:28  INFO     [FR] 'AI regulation' → 100 entries, 119 kept so far
14:19:28  INFO     [IT] 'AI regulation' → 100 entries, 125 kept so far
14:19:28  INFO     [ES] 'AI regulation' → 78 entries, 92 kept so far
14:19:29  INFO     [PL] 'machine learning' → 100 entries, 118 kept so far
14:19:29  INFO     [DE] 'machine learning' → 100 entries, 164 kept so far
14:19:29  INFO     [FR] 'machine learning' → 100 entries, 178 kept so far
14:19:29  INFO     [IT] 'machine learning' → 100 entries, 195 kept so far
14:19:29  INFO     [ES] 'machine learning' → 100 entries, 171 kept so far
14:19:31  INFO     [PL] 'EU AI Act' → 77 entries, 130 kept so far
14:19:31  INFO     [DE] 'EU AI Act' → 100 entries, 247 kept so far
14:19:31  INFO     [FR] 'EU AI Act' → 78 entries, 223 kept so far
14:19:31  INFO     [IT] 'EU AI Act' → 100 entries, 269 kept so far
14:19:31  INFO     [ES] 'EU AI Act' → 76 entries, 198 kept so far
14:19:32  INFO     [PL] 'generative AI' → 100 entries, 164 kept so far
14:19:32  INFO     [DE] 'generative AI' → 100 entries, 268 kept so far
14:19:32  INFO     [FR] 'generative AI' → 100 entries, 250 kept so far
14:19:33  INFO     [IT] 'generative AI' → 100 entries, 307 kept so far
14:19:33  INFO     [ES] 'generative AI' → 100 entries, 235 kept so far
14:19:33  INFO     [PL] +76 new articles saved
14:19:33  INFO     [DE] +165 new articles saved
14:19:33  INFO     [FR] +126 new articles saved
14:19:34  INFO     [IT] +156 new articles saved
14:19:34  INFO     [NL] 'artificial intelligence' → 100 entries, 11 kept so far
14:19:34  INFO     [ES] +102 new articles saved
14:19:34  INFO     [SE] 'artificial intelligence' → 100 entries, 8 kept so far
14:19:34  INFO     [BE] 'artificial intelligence' → 100 entries, 62 kept so far
14:19:34  INFO     [AT] 'artificial intelligence' → 100 entries, 44 kept so far
14:19:34  INFO     [DK] 'artificial intelligence' → 100 entries, 11 kept so far
14:19:35  INFO     [NL] 'AI regulation' → 78 entries, 48 kept so far
14:19:36  INFO     [SE] 'AI regulation' → 78 entries, 21 kept so far
14:19:36  INFO     [BE] 'AI regulation' → 100 entries, 149 kept so far
14:19:36  INFO     [DK] 'AI regulation' → 34 entries, 17 kept so far
14:19:36  INFO     [AT] 'AI regulation' → 94 entries, 116 kept so far
14:19:37  INFO     [NL] 'machine learning' → 100 entries, 109 kept so far
14:19:37  INFO     [SE] 'machine learning' → 70 entries, 41 kept so far
14:19:37  INFO     [BE] 'machine learning' → 100 entries, 204 kept so far
14:19:37  INFO     [DK] 'machine learning' → 79 entries, 42 kept so far
14:19:38  INFO     [AT] 'machine learning' → 100 entries, 162 kept so far
14:19:38  INFO     [NL] 'EU AI Act' → 100 entries, 134 kept so far
14:19:39  INFO     [SE] 'EU AI Act' → 74 entries, 51 kept so far
14:19:39  INFO     [BE] 'EU AI Act' → 82 entries, 237 kept so far
14:19:39  INFO     [DK] 'EU AI Act' → 76 entries, 59 kept so far
14:19:39  INFO     [AT] 'EU AI Act' → 100 entries, 247 kept so far
14:19:40  INFO     [NL] 'generative AI' → 100 entries, 162 kept so far
14:19:40  INFO     [SE] 'generative AI' → 72 entries, 63 kept so far
14:19:41  INFO     [DK] 'generative AI' → 100 entries, 95 kept so far
14:19:41  INFO     [BE] 'generative AI' → 100 entries, 264 kept so far
14:19:41  INFO     [AT] 'generative AI' → 100 entries, 268 kept so far
14:19:41  INFO     [NL] +54 new articles saved
14:19:41  INFO     [SE] +22 new articles saved
14:19:42  INFO     [DK] +30 new articles saved
14:19:42  INFO     [FI] 'artificial intelligence' → 100 entries, 45 kept so far
14:19:42  INFO     [BE] +25 new articles saved
14:19:42  INFO     [PT] 'artificial intelligence' → 100 entries, 61 kept so far
14:19:42  INFO     [AT] +35 new articles saved
14:19:42  INFO     [CZ] 'artificial intelligence' → 100 entries, 23 kept so far
14:19:42  INFO     [RO] 'artificial intelligence' → 100 entries, 44 kept so far
14:19:43  INFO     [HU] 'artificial intelligence' → 100 entries, 20 kept so far
14:19:43  INFO     [FI] 'AI regulation' → 50 entries, 59 kept so far
14:19:44  INFO     [PT] 'AI regulation' → 77 entries, 91 kept so far
14:19:44  INFO     [CZ] 'AI regulation' → 78 entries, 41 kept so far
14:19:44  INFO     [RO] 'AI regulation' → 77 entries, 54 kept so far
14:19:44  INFO     [HU] 'AI regulation' → 79 entries, 24 kept so far
14:19:45  INFO     [FI] 'machine learning' → 84 entries, 100 kept so far
14:19:45  INFO     [PT] 'machine learning' → 100 entries, 168 kept so far
14:19:46  INFO     [RO] 'machine learning' → 100 entries, 107 kept so far
14:19:46  INFO     [CZ] 'machine learning' → 66 entries, 57 kept so far
14:19:46  INFO     [HU] 'machine learning' → 0 entries, 24 kept so far
14:19:46  INFO     [FI] 'EU AI Act' → 71 entries, 135 kept so far
14:19:47  INFO     [PT] 'EU AI Act' → 47 entries, 176 kept so far
14:19:47  INFO     [CZ] 'EU AI Act' → 77 entries, 67 kept so far
14:19:47  INFO     [RO] 'EU AI Act' → 77 entries, 118 kept so far
14:19:48  INFO     [HU] 'EU AI Act' → 78 entries, 43 kept so far
14:19:48  INFO     [FI] 'generative AI' → 61 entries, 168 kept so far
14:19:49  INFO     [PT] 'generative AI' → 100 entries, 209 kept so far
14:19:49  INFO     [RO] 'generative AI' → 78 entries, 136 kept so far
14:19:49  INFO     [CZ] 'generative AI' → 76 entries, 84 kept so far
14:19:49  INFO     [FI] +71 new articles saved
14:19:49  INFO     [HU] 'generative AI' → 74 entries, 71 kept so far
14:19:50  INFO     [PT] +93 new articles saved
14:19:50  INFO     [GR] 'artificial intelligence' → 100 entries, 44 kept so far
14:19:50  INFO     [RO] +59 new articles saved
14:19:50  INFO     [CZ] +48 new articles saved
14:19:50  INFO     [SK] 'artificial intelligence' → 100 entries, 23 kept so far
14:19:50  INFO     [HU] +36 new articles saved
14:19:50  INFO     [HR] 'artificial intelligence' → 102 entries, 61 kept so far
14:19:51  INFO     [IE] 'artificial intelligence' → 100 entries, 65 kept so far
14:19:51  INFO     [BG] 'artificial intelligence' → 61 entries, 29 kept so far
14:19:51  INFO     [GR] 'AI regulation' → 58 entries, 92 kept so far
14:19:52  INFO     [SK] 'AI regulation' → 22 entries, 26 kept so far
14:19:52  INFO     [HR] 'AI regulation' → 100 entries, 112 kept so far
14:19:52  INFO     [IE] 'AI regulation' → 100 entries, 115 kept so far
14:19:52  INFO     [BG] 'AI regulation' → 13 entries, 31 kept so far
14:19:53  INFO     [GR] 'machine learning' → 88 entries, 125 kept so far
14:19:53  INFO     [SK] 'machine learning' → 64 entries, 41 kept so far
14:19:54  INFO     [HR] 'machine learning' → 100 entries, 187 kept so far
14:19:54  INFO     [IE] 'machine learning' → 100 entries, 186 kept so far
14:19:54  INFO     [BG] 'machine learning' → 58 entries, 42 kept so far
14:19:54  INFO     [GR] 'EU AI Act' → 59 entries, 140 kept so far
14:19:55  INFO     [SK] 'EU AI Act' → 62 entries, 55 kept so far
14:19:55  INFO     [HR] 'EU AI Act' → 100 entries, 265 kept so far
14:19:55  INFO     [BG] 'EU AI Act' → 11 entries, 45 kept so far
14:19:56  INFO     [IE] 'EU AI Act' → 100 entries, 253 kept so far
14:19:56  INFO     [GR] 'generative AI' → 100 entries, 178 kept so far
14:19:56  INFO     [SK] 'generative AI' → 48 entries, 66 kept so far
14:19:57  INFO     [BG] 'generative AI' → 28 entries, 49 kept so far
14:19:57  INFO     [HR] 'generative AI' → 100 entries, 328 kept so far
14:19:57  INFO     [GR] +104 new articles saved
14:19:57  INFO     [SK] +31 new articles saved
14:19:57  INFO     [LT] 'artificial intelligence' → 85 entries, 28 kept so far
14:19:57  INFO     [IE] 'generative AI' → 100 entries, 311 kept so far
14:19:58  INFO     [SI] 'artificial intelligence' → 100 entries, 46 kept so far
14:19:58  INFO     [BG] +24 new articles saved
14:19:58  INFO     [HR] +240 new articles saved
14:19:58  INFO     [LV] 'artificial intelligence' → 73 entries, 25 kept so far
14:19:58  INFO     [EE] 'artificial intelligence' → 100 entries, 45 kept so far
14:19:58  INFO     [IE] +94 new articles saved
14:19:59  INFO     [LT] 'AI regulation' → 9 entries, 28 kept so far
14:19:59  INFO     [SI] 'AI regulation' → 3 entries, 46 kept so far
14:19:59  INFO     [CY] 'artificial intelligence' → 100 entries, 44 kept so far
14:20:00  INFO     [LV] 'AI regulation' → 10 entries, 25 kept so far
14:20:00  INFO     [EE] 'AI regulation' → 9 entries, 46 kept so far
14:20:00  INFO     [LT] 'machine learning' → 30 entries, 32 kept so far
14:20:00  INFO     [CY] 'AI regulation' → 58 entries, 93 kept so far
14:20:01  INFO     [SI] 'machine learning' → 23 entries, 49 kept so far
14:20:01  INFO     [LV] 'machine learning' → 11 entries, 26 kept so far
14:20:01  INFO     [EE] 'machine learning' → 15 entries, 50 kept so far
14:20:01  INFO     [LT] 'EU AI Act' → 21 entries, 33 kept so far
14:20:02  INFO     [CY] 'machine learning' → 88 entries, 126 kept so far
14:20:02  INFO     [SI] 'EU AI Act' → 22 entries, 53 kept so far
14:20:02  INFO     [LV] 'EU AI Act' → 9 entries, 26 kept so far
14:20:03  INFO     [EE] 'EU AI Act' → 18 entries, 52 kept so far
14:20:03  INFO     [LT] 'generative AI' → 21 entries, 40 kept so far
14:20:03  INFO     [CY] 'EU AI Act' → 59 entries, 141 kept so far
14:20:03  INFO     [SI] 'generative AI' → 13 entries, 56 kept so far
14:20:04  INFO     [LV] 'generative AI' → 8 entries, 28 kept so far
14:20:04  INFO     [LT] +8 new articles saved
14:20:04  INFO     [EE] 'generative AI' → 12 entries, 55 kept so far
14:20:04  INFO     [SI] +18 new articles saved
14:20:05  INFO     [MT] 'artificial intelligence' → 102 entries, 61 kept so far
14:20:05  INFO     [LV] +12 new articles saved
14:20:05  INFO     [LU] 'artificial intelligence' → 100 entries, 43 kept so far
14:20:05  INFO     [CY] 'generative AI' → 100 entries, 179 kept so far
14:20:05  INFO     [EE] +21 new articles saved
14:20:06  INFO     [MT] 'AI regulation' → 100 entries, 112 kept so far
14:20:06  INFO     [CY] +1 new articles saved
14:20:06  INFO     [LU] 'AI regulation' → 100 entries, 121 kept so far
14:20:07  INFO     [MT] 'machine learning' → 100 entries, 187 kept so far
14:20:08  INFO     [LU] 'machine learning' → 100 entries, 180 kept so far
14:20:08  INFO     [MT] 'EU AI Act' → 100 entries, 265 kept so far
14:20:09  INFO     [MT] 'generative AI' → 100 entries, 328 kept so far
14:20:10  INFO     [LU] 'EU AI Act' → 78 entries, 225 kept so far
14:20:10  INFO     [MT] +0 new articles saved
14:20:11  INFO     [LU] 'generative AI' → 100 entries, 250 kept so far
14:20:12  INFO     [LU] +0 new articles saved
14:20:12  INFO     Scrape complete. 1651 new articles this run.
