03:59:03  INFO     Starting scrape: 27 countries, 5 queries each
/home/runner/work/EU_AI_News/EU_AI_News/eu_ai_news_scraper.py:230: DeprecationWarning: datetime.datetime.utcnow() is deprecated and scheduled for removal in a future version. Use timezone-aware objects to represent datetimes in UTC: datetime.datetime.now(datetime.UTC).
  "scraped_at":   datetime.utcnow().isoformat(),
03:59:04  INFO     [DE] 'artificial intelligence' → 100 entries, 38 kept so far
03:59:04  INFO     [FR] 'artificial intelligence' → 100 entries, 51 kept so far
03:59:04  INFO     [IT] 'artificial intelligence' → 102 entries, 18 kept so far
03:59:04  INFO     [ES] 'artificial intelligence' → 100 entries, 59 kept so far
03:59:04  INFO     [PL] 'artificial intelligence' → 100 entries, 13 kept so far
03:59:06  INFO     [FR] 'AI regulation' → 81 entries, 125 kept so far
03:59:06  INFO     [DE] 'AI regulation' → 94 entries, 111 kept so far
03:59:06  INFO     [IT] 'AI regulation' → 100 entries, 106 kept so far
03:59:06  INFO     [PL] 'AI regulation' → 78 entries, 73 kept so far
03:59:06  INFO     [ES] 'AI regulation' → 77 entries, 94 kept so far
03:59:07  INFO     [FR] 'machine learning' → 100 entries, 174 kept so far
03:59:08  INFO     [DE] 'machine learning' → 100 entries, 156 kept so far
03:59:08  INFO     [PL] 'machine learning' → 100 entries, 119 kept so far
03:59:08  INFO     [ES] 'machine learning' → 100 entries, 166 kept so far
03:59:08  INFO     [IT] 'machine learning' → 100 entries, 182 kept so far
03:59:09  INFO     [FR] 'EU AI Act' → 76 entries, 211 kept so far
03:59:09  INFO     [DE] 'EU AI Act' → 100 entries, 226 kept so far
03:59:09  INFO     [PL] 'EU AI Act' → 76 entries, 136 kept so far
03:59:09  INFO     [IT] 'EU AI Act' → 100 entries, 223 kept so far
03:59:10  INFO     [ES] 'EU AI Act' → 79 entries, 192 kept so far
03:59:10  INFO     [FR] 'generative AI' → 100 entries, 239 kept so far
03:59:11  INFO     [DE] 'generative AI' → 100 entries, 248 kept so far
03:59:11  INFO     [PL] 'generative AI' → 100 entries, 167 kept so far
03:59:11  INFO     [IT] 'generative AI' → 100 entries, 270 kept so far
03:59:11  INFO     [ES] 'generative AI' → 100 entries, 236 kept so far
03:59:12  INFO     [FR] +141 new articles saved
03:59:12  INFO     [DE] +171 new articles saved
03:59:12  INFO     [PL] +94 new articles saved
03:59:12  INFO     [NL] 'artificial intelligence' → 100 entries, 12 kept so far
03:59:12  INFO     [IT] +177 new articles saved
03:59:12  INFO     [BE] 'artificial intelligence' → 100 entries, 47 kept so far
03:59:12  INFO     [ES] +132 new articles saved
03:59:13  INFO     [SE] 'artificial intelligence' → 100 entries, 14 kept so far
03:59:13  INFO     [AT] 'artificial intelligence' → 100 entries, 38 kept so far
03:59:13  INFO     [DK] 'artificial intelligence' → 100 entries, 14 kept so far
03:59:14  INFO     [NL] 'AI regulation' → 75 entries, 55 kept so far
03:59:14  INFO     [BE] 'AI regulation' → 81 entries, 121 kept so far
03:59:14  INFO     [SE] 'AI regulation' → 74 entries, 21 kept so far
03:59:14  INFO     [DK] 'AI regulation' → 37 entries, 20 kept so far
03:59:15  INFO     [AT] 'AI regulation' → 99 entries, 111 kept so far
03:59:15  INFO     [NL] 'machine learning' → 100 entries, 102 kept so far
03:59:16  INFO     [BE] 'machine learning' → 100 entries, 171 kept so far
03:59:16  INFO     [SE] 'machine learning' → 83 entries, 45 kept so far
03:59:16  INFO     [DK] 'machine learning' → 86 entries, 44 kept so far
03:59:16  INFO     [AT] 'machine learning' → 100 entries, 159 kept so far
03:59:17  INFO     [NL] 'EU AI Act' → 100 entries, 133 kept so far
03:59:17  INFO     [BE] 'EU AI Act' → 77 entries, 208 kept so far
03:59:17  INFO     [SE] 'EU AI Act' → 72 entries, 54 kept so far
03:59:18  INFO     [DK] 'EU AI Act' → 73 entries, 59 kept so far
03:59:18  INFO     [AT] 'EU AI Act' → 100 entries, 238 kept so far
03:59:18  INFO     [NL] 'generative AI' → 100 entries, 165 kept so far
03:59:19  INFO     [BE] 'generative AI' → 100 entries, 234 kept so far
03:59:19  INFO     [SE] 'generative AI' → 69 entries, 64 kept so far
03:59:19  INFO     [DK] 'generative AI' → 92 entries, 89 kept so far
03:59:19  INFO     [AT] 'generative AI' → 100 entries, 261 kept so far
03:59:19  INFO     [NL] +85 new articles saved
03:59:20  INFO     [BE] +29 new articles saved
03:59:20  INFO     [SE] +33 new articles saved
03:59:20  INFO     [FI] 'artificial intelligence' → 100 entries, 54 kept so far
03:59:20  INFO     [DK] +39 new articles saved
03:59:20  INFO     [PT] 'artificial intelligence' → 100 entries, 62 kept so far
03:59:20  INFO     [AT] +58 new articles saved
03:59:21  INFO     [CZ] 'artificial intelligence' → 100 entries, 14 kept so far
03:59:21  INFO     [RO] 'artificial intelligence' → 100 entries, 44 kept so far
03:59:21  INFO     [HU] 'artificial intelligence' → 100 entries, 25 kept so far
03:59:22  INFO     [FI] 'AI regulation' → 58 entries, 66 kept so far
03:59:22  INFO     [PT] 'AI regulation' → 76 entries, 95 kept so far
03:59:22  INFO     [CZ] 'AI regulation' → 75 entries, 34 kept so far
03:59:22  INFO     [RO] 'AI regulation' → 73 entries, 52 kept so far
03:59:23  INFO     [HU] 'AI regulation' → 76 entries, 28 kept so far
03:59:24  INFO     [PT] 'machine learning' → 100 entries, 169 kept so far
03:59:24  INFO     [CZ] 'machine learning' → 71 entries, 52 kept so far
03:59:24  INFO     [HU] 'machine learning' → 76 entries, 51 kept so far
03:59:24  INFO     [RO] 'machine learning' → 100 entries, 107 kept so far
03:59:25  INFO     [FI] 'machine learning' → 88 entries, 111 kept so far
03:59:25  INFO     [CZ] 'EU AI Act' → 70 entries, 64 kept so far
03:59:25  INFO     [PT] 'EU AI Act' → 61 entries, 181 kept so far
03:59:26  INFO     [HU] 'EU AI Act' → 76 entries, 71 kept so far
03:59:26  INFO     [RO] 'EU AI Act' → 73 entries, 126 kept so far
03:59:27  INFO     [CZ] 'generative AI' → 73 entries, 81 kept so far
03:59:27  INFO     [HU] 'generative AI' → 67 entries, 89 kept so far
03:59:27  INFO     [FI] 'EU AI Act' → 76 entries, 152 kept so far
03:59:27  INFO     [PT] 'generative AI' → 100 entries, 209 kept so far
03:59:27  INFO     [RO] 'generative AI' → 97 entries, 151 kept so far
03:59:28  INFO     [CZ] +53 new articles saved
03:59:28  INFO     [HU] +59 new articles saved
03:59:28  INFO     [PT] +135 new articles saved
03:59:28  INFO     [RO] +89 new articles saved
03:59:29  INFO     [GR] 'artificial intelligence' → 100 entries, 40 kept so far
03:59:29  INFO     [FI] 'generative AI' → 62 entries, 191 kept so far
03:59:29  INFO     [SK] 'artificial intelligence' → 100 entries, 24 kept so far
03:59:29  INFO     [HR] 'artificial intelligence' → 104 entries, 69 kept so far
03:59:29  INFO     [IE] 'artificial intelligence' → 100 entries, 72 kept so far
03:59:30  INFO     [FI] +99 new articles saved
03:59:30  INFO     [SK] 'AI regulation' → 23 entries, 26 kept so far
03:59:30  INFO     [BG] 'artificial intelligence' → 88 entries, 34 kept so far
03:59:31  INFO     [HR] 'AI regulation' → 99 entries, 116 kept so far
03:59:31  INFO     [IE] 'AI regulation' → 100 entries, 122 kept so far
03:59:32  INFO     [SK] 'machine learning' → 57 entries, 42 kept so far
03:59:32  INFO     [GR] 'AI regulation' → 67 entries, 87 kept so far
03:59:32  INFO     [BG] 'AI regulation' → 20 entries, 36 kept so far
03:59:32  INFO     [HR] 'machine learning' → 100 entries, 174 kept so far
03:59:33  INFO     [IE] 'machine learning' → 100 entries, 185 kept so far
03:59:33  INFO     [SK] 'EU AI Act' → 72 entries, 50 kept so far
03:59:33  INFO     [BG] 'machine learning' → 59 entries, 44 kept so far
03:59:33  INFO     [GR] 'machine learning' → 100 entries, 130 kept so far
03:59:34  INFO     [HR] 'EU AI Act' → 100 entries, 254 kept so far
03:59:34  INFO     [SK] 'generative AI' → 41 entries, 60 kept so far
03:59:34  INFO     [IE] 'EU AI Act' → 100 entries, 254 kept so far
03:59:34  INFO     [BG] 'EU AI Act' → 18 entries, 47 kept so far
03:59:35  INFO     [GR] 'EU AI Act' → 57 entries, 147 kept so far
03:59:35  INFO     [HR] 'generative AI' → 100 entries, 323 kept so far
03:59:35  INFO     [SK] +29 new articles saved
03:59:36  INFO     [BG] 'generative AI' → 36 entries, 55 kept so far
03:59:36  INFO     [LT] 'artificial intelligence' → 76 entries, 25 kept so far
03:59:36  INFO     [IE] 'generative AI' → 100 entries, 318 kept so far
03:59:36  INFO     [GR] 'generative AI' → 100 entries, 189 kept so far
03:59:36  INFO     [HR] +296 new articles saved
03:59:37  INFO     [SI] 'artificial intelligence' → 100 entries, 50 kept so far
03:59:37  INFO     [BG] +34 new articles saved
03:59:37  INFO     [IE] +117 new articles saved
03:59:37  INFO     [GR] +129 new articles saved
03:59:37  INFO     [LT] 'AI regulation' → 8 entries, 25 kept so far
03:59:37  INFO     [LV] 'artificial intelligence' → 70 entries, 18 kept so far
03:59:38  INFO     [EE] 'artificial intelligence' → 97 entries, 53 kept so far
03:59:38  INFO     [CY] 'artificial intelligence' → 100 entries, 40 kept so far
03:59:38  INFO     [SI] 'AI regulation' → 2 entries, 50 kept so far
03:59:39  INFO     [LT] 'machine learning' → 26 entries, 28 kept so far
03:59:39  INFO     [LV] 'AI regulation' → 6 entries, 18 kept so far
03:59:39  INFO     [EE] 'AI regulation' → 5 entries, 54 kept so far
03:59:39  INFO     [CY] 'AI regulation' → 67 entries, 87 kept so far
03:59:40  INFO     [SI] 'machine learning' → 19 entries, 51 kept so far
03:59:40  INFO     [LT] 'EU AI Act' → 17 entries, 28 kept so far
03:59:40  INFO     [LV] 'machine learning' → 13 entries, 21 kept so far
03:59:40  INFO     [EE] 'machine learning' → 13 entries, 55 kept so far
03:59:41  INFO     [CY] 'machine learning' → 100 entries, 130 kept so far
03:59:41  INFO     [SI] 'EU AI Act' → 29 entries, 55 kept so far
03:59:41  INFO     [LV] 'EU AI Act' → 8 entries, 21 kept so far
03:59:41  INFO     [LT] 'generative AI' → 16 entries, 32 kept so far
03:59:42  INFO     [EE] 'EU AI Act' → 10 entries, 56 kept so far
03:59:42  INFO     [SI] 'generative AI' → 17 entries, 56 kept so far
03:59:42  INFO     [LT] +12 new articles saved
03:59:42  INFO     [CY] 'EU AI Act' → 57 entries, 147 kept so far
03:59:43  INFO     [LV] 'generative AI' → 10 entries, 22 kept so far
03:59:43  INFO     [LU] 'artificial intelligence' → 100 entries, 51 kept so far
03:59:43  INFO     [EE] 'generative AI' → 10 entries, 58 kept so far
03:59:43  INFO     [SI] +23 new articles saved
03:59:43  INFO     [MT] 'artificial intelligence' → 104 entries, 69 kept so far
03:59:44  INFO     [LV] +10 new articles saved
03:59:44  INFO     [CY] 'generative AI' → 100 entries, 189 kept so far
03:59:44  INFO     [EE] +30 new articles saved
03:59:44  INFO     [LU] 'AI regulation' → 81 entries, 125 kept so far
03:59:45  INFO     [MT] 'AI regulation' → 99 entries, 116 kept so far
03:59:45  INFO     [CY] +0 new articles saved
03:59:46  INFO     [MT] 'machine learning' → 100 entries, 174 kept so far
03:59:46  INFO     [LU] 'machine learning' → 100 entries, 174 kept so far
03:59:47  INFO     [MT] 'EU AI Act' → 100 entries, 254 kept so far
03:59:47  INFO     [LU] 'EU AI Act' → 76 entries, 211 kept so far
03:59:48  INFO     [MT] 'generative AI' → 100 entries, 323 kept so far
03:59:49  INFO     [LU] 'generative AI' → 100 entries, 239 kept so far
03:59:49  INFO     [MT] +0 new articles saved
03:59:50  INFO     [LU] +0 new articles saved
03:59:50  INFO     Scrape complete. 2074 new articles this run.
