16:10:14  INFO     Starting scrape: 27 countries, 5 queries each
/home/runner/work/EU_AI_News/EU_AI_News/eu_ai_news_scraper.py:230: DeprecationWarning: datetime.datetime.utcnow() is deprecated and scheduled for removal in a future version. Use timezone-aware objects to represent datetimes in UTC: datetime.datetime.now(datetime.UTC).
  "scraped_at":   datetime.utcnow().isoformat(),
16:10:15  INFO     [PL] 'artificial intelligence' → 100 entries, 21 kept so far
16:10:15  INFO     [FR] 'artificial intelligence' → 102 entries, 48 kept so far
16:10:15  INFO     [DE] 'artificial intelligence' → 100 entries, 44 kept so far
16:10:15  INFO     [ES] 'artificial intelligence' → 100 entries, 49 kept so far
16:10:15  INFO     [IT] 'artificial intelligence' → 102 entries, 29 kept so far
16:10:16  INFO     [PL] 'AI regulation' → 78 entries, 79 kept so far
16:10:16  INFO     [DE] 'AI regulation' → 100 entries, 122 kept so far
16:10:16  INFO     [FR] 'AI regulation' → 97 entries, 133 kept so far
16:10:17  INFO     [ES] 'AI regulation' → 78 entries, 92 kept so far
16:10:17  INFO     [IT] 'AI regulation' → 100 entries, 121 kept so far
16:10:18  INFO     [PL] 'machine learning' → 100 entries, 128 kept so far
16:10:18  INFO     [FR] 'machine learning' → 100 entries, 184 kept so far
16:10:18  INFO     [DE] 'machine learning' → 100 entries, 172 kept so far
16:10:18  INFO     [IT] 'machine learning' → 100 entries, 188 kept so far
16:10:18  INFO     [ES] 'machine learning' → 100 entries, 165 kept so far
16:10:20  INFO     [PL] 'EU AI Act' → 76 entries, 149 kept so far
16:10:20  INFO     [FR] 'EU AI Act' → 92 entries, 222 kept so far
16:10:20  INFO     [DE] 'EU AI Act' → 100 entries, 250 kept so far
16:10:20  INFO     [IT] 'EU AI Act' → 100 entries, 236 kept so far
16:10:20  INFO     [ES] 'EU AI Act' → 79 entries, 191 kept so far
16:10:21  INFO     [PL] 'generative AI' → 100 entries, 179 kept so far
16:10:21  INFO     [DE] 'generative AI' → 100 entries, 271 kept so far
16:10:21  INFO     [FR] 'generative AI' → 100 entries, 251 kept so far
16:10:21  INFO     [IT] 'generative AI' → 100 entries, 277 kept so far
16:10:22  INFO     [ES] 'generative AI' → 100 entries, 237 kept so far
16:10:22  INFO     [PL] +99 new articles saved
16:10:22  INFO     [DE] +184 new articles saved
16:10:22  INFO     [FR] +140 new articles saved
16:10:22  INFO     [IT] +192 new articles saved
16:10:23  INFO     [NL] 'artificial intelligence' → 100 entries, 19 kept so far
16:10:23  INFO     [ES] +129 new articles saved
16:10:23  INFO     [BE] 'artificial intelligence' → 100 entries, 49 kept so far
16:10:23  INFO     [SE] 'artificial intelligence' → 100 entries, 5 kept so far
16:10:23  INFO     [AT] 'artificial intelligence' → 100 entries, 43 kept so far
16:10:23  INFO     [DK] 'artificial intelligence' → 100 entries, 16 kept so far
16:10:24  INFO     [NL] 'AI regulation' → 78 entries, 66 kept so far
16:10:25  INFO     [BE] 'AI regulation' → 96 entries, 133 kept so far
16:10:25  INFO     [AT] 'AI regulation' → 100 entries, 118 kept so far
16:10:25  INFO     [SE] 'AI regulation' → 77 entries, 16 kept so far
16:10:25  INFO     [DK] 'AI regulation' → 41 entries, 23 kept so far
16:10:26  INFO     [NL] 'machine learning' → 100 entries, 117 kept so far
16:10:27  INFO     [BE] 'machine learning' → 100 entries, 186 kept so far
16:10:27  INFO     [SE] 'machine learning' → 82 entries, 38 kept so far
16:10:27  INFO     [DK] 'machine learning' → 85 entries, 42 kept so far
16:10:27  INFO     [AT] 'machine learning' → 100 entries, 169 kept so far
16:10:28  INFO     [NL] 'EU AI Act' → 100 entries, 149 kept so far
16:10:28  INFO     [SE] 'EU AI Act' → 64 entries, 47 kept so far
16:10:28  INFO     [BE] 'EU AI Act' → 96 entries, 228 kept so far
16:10:28  INFO     [DK] 'EU AI Act' → 73 entries, 59 kept so far
16:10:29  INFO     [AT] 'EU AI Act' → 100 entries, 253 kept so far
16:10:29  INFO     [NL] 'generative AI' → 100 entries, 181 kept so far
16:10:30  INFO     [SE] 'generative AI' → 72 entries, 55 kept so far
16:10:30  INFO     [BE] 'generative AI' → 100 entries, 251 kept so far
16:10:30  INFO     [DK] 'generative AI' → 100 entries, 91 kept so far
16:10:30  INFO     [AT] 'generative AI' → 100 entries, 277 kept so far
16:10:30  INFO     [NL] +91 new articles saved
16:10:31  INFO     [SE] +24 new articles saved
16:10:31  INFO     [FI] 'artificial intelligence' → 100 entries, 59 kept so far
16:10:31  INFO     [BE] +16 new articles saved
16:10:31  INFO     [DK] +33 new articles saved
16:10:31  INFO     [AT] +69 new articles saved
16:10:32  INFO     [PT] 'artificial intelligence' → 100 entries, 61 kept so far
16:10:32  INFO     [CZ] 'artificial intelligence' → 100 entries, 21 kept so far
16:10:32  INFO     [RO] 'artificial intelligence' → 100 entries, 36 kept so far
16:10:32  INFO     [HU] 'artificial intelligence' → 100 entries, 22 kept so far
16:10:33  INFO     [FI] 'AI regulation' → 52 entries, 71 kept so far
16:10:33  INFO     [PT] 'AI regulation' → 79 entries, 96 kept so far
16:10:33  INFO     [CZ] 'AI regulation' → 77 entries, 45 kept so far
16:10:33  INFO     [RO] 'AI regulation' → 79 entries, 47 kept so far
16:10:34  INFO     [HU] 'AI regulation' → 77 entries, 27 kept so far
16:10:34  INFO     [FI] 'machine learning' → 91 entries, 122 kept so far
16:10:35  INFO     [CZ] 'machine learning' → 82 entries, 65 kept so far
16:10:35  INFO     [PT] 'machine learning' → 100 entries, 172 kept so far
16:10:35  INFO     [HU] 'machine learning' → 71 entries, 52 kept so far
16:10:35  INFO     [RO] 'machine learning' → 100 entries, 107 kept so far
16:10:36  INFO     [FI] 'EU AI Act' → 63 entries, 163 kept so far
16:10:36  INFO     [CZ] 'EU AI Act' → 74 entries, 79 kept so far
16:10:37  INFO     [PT] 'EU AI Act' → 60 entries, 185 kept so far
16:10:37  INFO     [HU] 'EU AI Act' → 79 entries, 77 kept so far
16:10:37  INFO     [RO] 'EU AI Act' → 78 entries, 135 kept so far
16:10:37  INFO     [FI] 'generative AI' → 65 entries, 202 kept so far
16:10:38  INFO     [CZ] 'generative AI' → 78 entries, 101 kept so far
16:10:38  INFO     [HU] 'generative AI' → 75 entries, 98 kept so far
16:10:38  INFO     [PT] 'generative AI' → 100 entries, 215 kept so far
16:10:38  INFO     [RO] 'generative AI' → 90 entries, 162 kept so far
16:10:39  INFO     [FI] +108 new articles saved
16:10:39  INFO     [CZ] +67 new articles saved
16:10:39  INFO     [GR] 'artificial intelligence' → 100 entries, 38 kept so far
16:10:39  INFO     [HU] +58 new articles saved
16:10:39  INFO     [PT] +134 new articles saved
16:10:40  INFO     [SK] 'artificial intelligence' → 100 entries, 21 kept so far
16:10:40  INFO     [RO] +95 new articles saved
16:10:40  INFO     [HR] 'artificial intelligence' → 104 entries, 44 kept so far
16:10:40  INFO     [IE] 'artificial intelligence' → 102 entries, 47 kept so far
16:10:40  INFO     [BG] 'artificial intelligence' → 85 entries, 33 kept so far
16:10:41  INFO     [GR] 'AI regulation' → 67 entries, 86 kept so far
16:10:41  INFO     [SK] 'AI regulation' → 18 entries, 24 kept so far
16:10:41  INFO     [HR] 'AI regulation' → 100 entries, 76 kept so far
16:10:42  INFO     [BG] 'AI regulation' → 12 entries, 34 kept so far
16:10:42  INFO     [IE] 'AI regulation' → 100 entries, 80 kept so far
16:10:42  INFO     [GR] 'machine learning' → 100 entries, 125 kept so far
16:10:43  INFO     [SK] 'machine learning' → 57 entries, 38 kept so far
16:10:43  INFO     [HR] 'machine learning' → 100 entries, 146 kept so far
16:10:43  INFO     [BG] 'machine learning' → 60 entries, 41 kept so far
16:10:44  INFO     [IE] 'machine learning' → 100 entries, 154 kept so far
16:10:44  INFO     [GR] 'EU AI Act' → 58 entries, 143 kept so far
16:10:44  INFO     [SK] 'EU AI Act' → 61 entries, 47 kept so far
16:10:45  INFO     [BG] 'EU AI Act' → 14 entries, 44 kept so far
16:10:45  INFO     [HR] 'EU AI Act' → 100 entries, 226 kept so far
16:10:46  INFO     [IE] 'EU AI Act' → 100 entries, 225 kept so far
16:10:46  INFO     [GR] 'generative AI' → 100 entries, 192 kept so far
16:10:46  INFO     [SK] 'generative AI' → 46 entries, 56 kept so far
16:10:46  INFO     [BG] 'generative AI' → 30 entries, 49 kept so far
16:10:46  INFO     [HR] 'generative AI' → 100 entries, 296 kept so far
16:10:47  INFO     [GR] +124 new articles saved
16:10:47  INFO     [SK] +27 new articles saved
16:10:47  INFO     [BG] +27 new articles saved
16:10:47  INFO     [LT] 'artificial intelligence' → 84 entries, 30 kept so far
16:10:47  INFO     [HR] +261 new articles saved
16:10:47  INFO     [SI] 'artificial intelligence' → 100 entries, 56 kept so far
16:10:47  INFO     [IE] 'generative AI' → 100 entries, 290 kept so far
16:10:47  INFO     [LV] 'artificial intelligence' → 64 entries, 18 kept so far
16:10:48  INFO     [EE] 'artificial intelligence' → 100 entries, 52 kept so far
16:10:48  INFO     [IE] +107 new articles saved
16:10:49  INFO     [LT] 'AI regulation' → 8 entries, 30 kept so far
16:10:49  INFO     [SI] 'AI regulation' → 3 entries, 56 kept so far
16:10:49  INFO     [LV] 'AI regulation' → 7 entries, 18 kept so far
16:10:49  INFO     [CY] 'artificial intelligence' → 100 entries, 38 kept so far
16:10:49  INFO     [EE] 'AI regulation' → 6 entries, 53 kept so far
16:10:50  INFO     [LT] 'machine learning' → 25 entries, 33 kept so far
16:10:50  INFO     [SI] 'machine learning' → 19 entries, 57 kept so far
16:10:50  INFO     [LV] 'machine learning' → 11 entries, 20 kept so far
16:10:51  INFO     [CY] 'AI regulation' → 67 entries, 86 kept so far
16:10:51  INFO     [EE] 'machine learning' → 15 entries, 55 kept so far
16:10:51  INFO     [LT] 'EU AI Act' → 18 entries, 34 kept so far
16:10:51  INFO     [LV] 'EU AI Act' → 6 entries, 20 kept so far
16:10:51  INFO     [SI] 'EU AI Act' → 21 entries, 61 kept so far
16:10:52  INFO     [CY] 'machine learning' → 100 entries, 125 kept so far
16:10:52  INFO     [EE] 'EU AI Act' → 10 entries, 56 kept so far
16:10:53  INFO     [LT] 'generative AI' → 17 entries, 41 kept so far
16:10:53  INFO     [LV] 'generative AI' → 9 entries, 21 kept so far
16:10:53  INFO     [SI] 'generative AI' → 13 entries, 63 kept so far
16:10:53  INFO     [EE] 'generative AI' → 11 entries, 59 kept so far
16:10:54  INFO     [CY] 'EU AI Act' → 58 entries, 143 kept so far
16:10:54  INFO     [LT] +16 new articles saved
16:10:54  INFO     [LV] +7 new articles saved
16:10:54  INFO     [MT] 'artificial intelligence' → 104 entries, 44 kept so far
16:10:54  INFO     [SI] +30 new articles saved
16:10:54  INFO     [LU] 'artificial intelligence' → 102 entries, 48 kept so far
16:10:54  INFO     [EE] +32 new articles saved
16:10:55  INFO     [MT] 'AI regulation' → 100 entries, 76 kept so far
16:10:55  INFO     [CY] 'generative AI' → 100 entries, 192 kept so far
16:10:56  INFO     [LU] 'AI regulation' → 97 entries, 133 kept so far
16:10:56  INFO     [MT] 'machine learning' → 100 entries, 146 kept so far
16:10:56  INFO     [CY] +0 new articles saved
16:10:57  INFO     [MT] 'EU AI Act' → 100 entries, 226 kept so far
16:10:58  INFO     [LU] 'machine learning' → 100 entries, 184 kept so far
16:10:59  INFO     [MT] 'generative AI' → 100 entries, 296 kept so far
16:10:59  INFO     [LU] 'EU AI Act' → 92 entries, 222 kept so far
16:11:00  INFO     [MT] +0 new articles saved
16:11:01  INFO     [LU] 'generative AI' → 100 entries, 251 kept so far
16:11:02  INFO     [LU] +0 new articles saved
16:11:02  INFO     Scrape complete. 2070 new articles this run.
