10:16:08  INFO     Starting scrape: 27 countries, 5 queries each
/home/runner/work/EU_AI_News/EU_AI_News/eu_ai_news_scraper.py:230: DeprecationWarning: datetime.datetime.utcnow() is deprecated and scheduled for removal in a future version. Use timezone-aware objects to represent datetimes in UTC: datetime.datetime.now(datetime.UTC).
  "scraped_at":   datetime.utcnow().isoformat(),
10:16:08  INFO     [DE] 'artificial intelligence' → 100 entries, 40 kept so far
10:16:08  INFO     [FR] 'artificial intelligence' → 100 entries, 52 kept so far
10:16:08  INFO     [IT] 'artificial intelligence' → 100 entries, 42 kept so far
10:16:08  INFO     [ES] 'artificial intelligence' → 100 entries, 56 kept so far
10:16:09  INFO     [PL] 'artificial intelligence' → 100 entries, 13 kept so far
10:16:10  INFO     [DE] 'AI regulation' → 100 entries, 117 kept so far
10:16:10  INFO     [FR] 'AI regulation' → 100 entries, 140 kept so far
10:16:10  INFO     [ES] 'AI regulation' → 80 entries, 114 kept so far
10:16:10  INFO     [PL] 'AI regulation' → 80 entries, 82 kept so far
10:16:10  INFO     [IT] 'AI regulation' → 100 entries, 132 kept so far
10:16:11  INFO     [DE] 'machine learning' → 100 entries, 165 kept so far
10:16:11  INFO     [FR] 'machine learning' → 100 entries, 200 kept so far
10:16:12  INFO     [ES] 'machine learning' → 100 entries, 189 kept so far
10:16:12  INFO     [IT] 'machine learning' → 100 entries, 203 kept so far
10:16:12  INFO     [PL] 'machine learning' → 100 entries, 124 kept so far
10:16:13  INFO     [DE] 'EU AI Act' → 100 entries, 217 kept so far
10:16:13  INFO     [FR] 'EU AI Act' → 79 entries, 234 kept so far
10:16:13  INFO     [ES] 'EU AI Act' → 77 entries, 213 kept so far
10:16:13  INFO     [PL] 'EU AI Act' → 75 entries, 150 kept so far
10:16:13  INFO     [IT] 'EU AI Act' → 100 entries, 266 kept so far
10:16:14  INFO     [DE] 'generative AI' → 100 entries, 238 kept so far
10:16:15  INFO     [FR] 'generative AI' → 100 entries, 261 kept so far
10:16:15  INFO     [PL] 'generative AI' → 100 entries, 178 kept so far
10:16:15  INFO     [ES] 'generative AI' → 100 entries, 259 kept so far
10:16:15  INFO     [IT] 'generative AI' → 100 entries, 312 kept so far
10:16:15  INFO     [DE] +172 new articles saved
10:16:16  INFO     [FR] +154 new articles saved
10:16:16  INFO     [NL] 'artificial intelligence' → 100 entries, 16 kept so far
10:16:16  INFO     [PL] +112 new articles saved
10:16:16  INFO     [ES] +156 new articles saved
10:16:16  INFO     [IT] +223 new articles saved
10:16:16  INFO     [BE] 'artificial intelligence' → 100 entries, 65 kept so far
10:16:16  INFO     [SE] 'artificial intelligence' → 100 entries, 6 kept so far
10:16:17  INFO     [DK] 'artificial intelligence' → 100 entries, 17 kept so far
10:16:17  INFO     [AT] 'artificial intelligence' → 100 entries, 43 kept so far
10:16:17  INFO     [NL] 'AI regulation' → 76 entries, 63 kept so far
10:16:18  INFO     [BE] 'AI regulation' → 100 entries, 152 kept so far
10:16:18  INFO     [SE] 'AI regulation' → 79 entries, 18 kept so far
10:16:18  INFO     [DK] 'AI regulation' → 39 entries, 23 kept so far
10:16:18  INFO     [AT] 'AI regulation' → 100 entries, 121 kept so far
10:16:19  INFO     [NL] 'machine learning' → 100 entries, 120 kept so far
10:16:19  INFO     [BE] 'machine learning' → 100 entries, 210 kept so far
10:16:20  INFO     [DK] 'machine learning' → 78 entries, 38 kept so far
10:16:20  INFO     [SE] 'machine learning' → 75 entries, 39 kept so far
10:16:20  INFO     [AT] 'machine learning' → 100 entries, 169 kept so far
10:16:21  INFO     [NL] 'EU AI Act' → 91 entries, 142 kept so far
10:16:21  INFO     [BE] 'EU AI Act' → 80 entries, 242 kept so far
10:16:21  INFO     [DK] 'EU AI Act' → 78 entries, 52 kept so far
10:16:21  INFO     [SE] 'EU AI Act' → 75 entries, 48 kept so far
10:16:21  INFO     [AT] 'EU AI Act' → 100 entries, 248 kept so far
10:16:22  INFO     [NL] 'generative AI' → 100 entries, 165 kept so far
10:16:23  INFO     [BE] 'generative AI' → 100 entries, 266 kept so far
10:16:23  INFO     [SE] 'generative AI' → 76 entries, 55 kept so far
10:16:23  INFO     [DK] 'generative AI' → 88 entries, 76 kept so far
10:16:23  INFO     [AT] 'generative AI' → 100 entries, 268 kept so far
10:16:23  INFO     [NL] +89 new articles saved
10:16:24  INFO     [FI] 'artificial intelligence' → 100 entries, 65 kept so far
10:16:24  INFO     [BE] +28 new articles saved
10:16:24  INFO     [SE] +25 new articles saved
10:16:24  INFO     [DK] +23 new articles saved
10:16:24  INFO     [AT] +60 new articles saved
10:16:24  INFO     [PT] 'artificial intelligence' → 100 entries, 49 kept so far
10:16:25  INFO     [CZ] 'artificial intelligence' → 100 entries, 16 kept so far
10:16:25  INFO     [RO] 'artificial intelligence' → 100 entries, 37 kept so far
10:16:25  INFO     [HU] 'artificial intelligence' → 100 entries, 16 kept so far
10:16:25  INFO     [FI] 'AI regulation' → 49 entries, 78 kept so far
10:16:26  INFO     [RO] 'AI regulation' → 40 entries, 43 kept so far
10:16:26  INFO     [PT] 'AI regulation' → 96 entries, 104 kept so far
10:16:26  INFO     [CZ] 'AI regulation' → 72 entries, 41 kept so far
10:16:26  INFO     [HU] 'AI regulation' → 79 entries, 21 kept so far
10:16:27  INFO     [FI] 'machine learning' → 92 entries, 123 kept so far
10:16:27  INFO     [HU] 'machine learning' → 20 entries, 32 kept so far
10:16:28  INFO     [RO] 'machine learning' → 100 entries, 95 kept so far
10:16:28  INFO     [CZ] 'machine learning' → 68 entries, 60 kept so far
10:16:28  INFO     [PT] 'machine learning' → 100 entries, 178 kept so far
10:16:28  INFO     [FI] 'EU AI Act' → 69 entries, 157 kept so far
10:16:29  INFO     [HU] 'EU AI Act' → 76 entries, 57 kept so far
10:16:29  INFO     [RO] 'EU AI Act' → 69 entries, 119 kept so far
10:16:29  INFO     [CZ] 'EU AI Act' → 69 entries, 71 kept so far
10:16:29  INFO     [PT] 'EU AI Act' → 58 entries, 185 kept so far
10:16:30  INFO     [FI] 'generative AI' → 50 entries, 187 kept so far
10:16:30  INFO     [RO] 'generative AI' → 81 entries, 142 kept so far
10:16:30  INFO     [HU] 'generative AI' → 63 entries, 74 kept so far
10:16:31  INFO     [CZ] 'generative AI' → 74 entries, 88 kept so far
10:16:31  INFO     [PT] 'generative AI' → 100 entries, 214 kept so far
10:16:31  INFO     [FI] +107 new articles saved
10:16:31  INFO     [GR] 'artificial intelligence' → 100 entries, 40 kept so far
10:16:31  INFO     [RO] +82 new articles saved
10:16:31  INFO     [HU] +44 new articles saved
10:16:32  INFO     [CZ] +60 new articles saved
10:16:32  INFO     [HR] 'artificial intelligence' → 102 entries, 46 kept so far
10:16:32  INFO     [PT] +146 new articles saved
10:16:32  INFO     [SK] 'artificial intelligence' → 100 entries, 28 kept so far
10:16:32  INFO     [BG] 'artificial intelligence' → 80 entries, 32 kept so far
10:16:32  INFO     [IE] 'artificial intelligence' → 100 entries, 54 kept so far
10:16:33  INFO     [GR] 'AI regulation' → 60 entries, 96 kept so far
10:16:33  INFO     [HR] 'AI regulation' → 102 entries, 90 kept so far
10:16:33  INFO     [SK] 'AI regulation' → 22 entries, 30 kept so far
10:16:34  INFO     [BG] 'AI regulation' → 12 entries, 33 kept so far
10:16:34  INFO     [IE] 'AI regulation' → 100 entries, 102 kept so far
10:16:34  INFO     [GR] 'machine learning' → 30 entries, 115 kept so far
10:16:35  INFO     [SK] 'machine learning' → 56 entries, 44 kept so far
10:16:35  INFO     [HR] 'machine learning' → 100 entries, 169 kept so far
10:16:35  INFO     [BG] 'machine learning' → 50 entries, 39 kept so far
10:16:36  INFO     [IE] 'machine learning' → 100 entries, 179 kept so far
10:16:36  INFO     [GR] 'EU AI Act' → 64 entries, 135 kept so far
10:16:36  INFO     [SK] 'EU AI Act' → 53 entries, 54 kept so far
10:16:36  INFO     [BG] 'EU AI Act' → 13 entries, 41 kept so far
10:16:36  INFO     [HR] 'EU AI Act' → 100 entries, 248 kept so far
10:16:37  INFO     [GR] 'generative AI' → 100 entries, 179 kept so far
10:16:37  INFO     [IE] 'EU AI Act' → 100 entries, 244 kept so far
10:16:37  INFO     [SK] 'generative AI' → 36 entries, 62 kept so far
10:16:38  INFO     [BG] 'generative AI' → 23 entries, 44 kept so far
10:16:38  INFO     [HR] 'generative AI' → 92 entries, 313 kept so far
10:16:38  INFO     [GR] +128 new articles saved
10:16:38  INFO     [SK] +32 new articles saved
10:16:39  INFO     [BG] +24 new articles saved
10:16:39  INFO     [LT] 'artificial intelligence' → 77 entries, 24 kept so far
10:16:39  INFO     [SI] 'artificial intelligence' → 84 entries, 42 kept so far
10:16:39  INFO     [IE] 'generative AI' → 100 entries, 315 kept so far
10:16:39  INFO     [LV] 'artificial intelligence' → 59 entries, 18 kept so far
10:16:39  INFO     [HR] +287 new articles saved
10:16:39  INFO     [EE] 'artificial intelligence' → 90 entries, 42 kept so far
10:16:40  INFO     [LT] 'AI regulation' → 9 entries, 24 kept so far
10:16:40  INFO     [IE] +98 new articles saved
10:16:40  INFO     [SI] 'AI regulation' → 6 entries, 42 kept so far
10:16:40  INFO     [LV] 'AI regulation' → 4 entries, 18 kept so far
10:16:41  INFO     [CY] 'artificial intelligence' → 100 entries, 40 kept so far
10:16:41  INFO     [EE] 'AI regulation' → 10 entries, 43 kept so far
10:16:41  INFO     [LT] 'machine learning' → 24 entries, 27 kept so far
10:16:41  INFO     [SI] 'machine learning' → 16 entries, 44 kept so far
10:16:42  INFO     [LV] 'machine learning' → 12 entries, 20 kept so far
10:16:42  INFO     [CY] 'AI regulation' → 60 entries, 96 kept so far
10:16:42  INFO     [EE] 'machine learning' → 17 entries, 44 kept so far
10:16:43  INFO     [LT] 'EU AI Act' → 18 entries, 28 kept so far
10:16:43  INFO     [LV] 'EU AI Act' → 5 entries, 20 kept so far
10:16:43  INFO     [SI] 'EU AI Act' → 34 entries, 54 kept so far
10:16:44  INFO     [EE] 'EU AI Act' → 11 entries, 45 kept so far
10:16:44  INFO     [CY] 'machine learning' → 98 entries, 137 kept so far
10:16:44  INFO     [LT] 'generative AI' → 16 entries, 32 kept so far
10:16:44  INFO     [LV] 'generative AI' → 8 entries, 21 kept so far
10:16:44  INFO     [SI] 'generative AI' → 10 entries, 57 kept so far
10:16:45  INFO     [LT] +11 new articles saved
10:16:45  INFO     [EE] 'generative AI' → 10 entries, 47 kept so far
10:16:45  INFO     [LV] +11 new articles saved
10:16:45  INFO     [CY] 'EU AI Act' → 64 entries, 156 kept so far
10:16:45  INFO     [SI] +28 new articles saved
10:16:45  INFO     [MT] 'artificial intelligence' → 102 entries, 46 kept so far
10:16:45  INFO     [LU] 'artificial intelligence' → 100 entries, 53 kept so far
10:16:46  INFO     [EE] +26 new articles saved
10:16:46  INFO     [MT] 'AI regulation' → 102 entries, 90 kept so far
10:16:47  INFO     [CY] 'generative AI' → 100 entries, 200 kept so far
10:16:47  INFO     [LU] 'AI regulation' → 100 entries, 141 kept so far
10:16:48  INFO     [MT] 'machine learning' → 100 entries, 169 kept so far
10:16:48  INFO     [CY] +15 new articles saved
10:16:48  INFO     [LU] 'machine learning' → 100 entries, 201 kept so far
10:16:49  INFO     [MT] 'EU AI Act' → 100 entries, 248 kept so far
10:16:50  INFO     [LU] 'EU AI Act' → 79 entries, 235 kept so far
10:16:50  INFO     [MT] 'generative AI' → 92 entries, 313 kept so far
10:16:51  INFO     [MT] +0 new articles saved
10:16:51  INFO     [LU] 'generative AI' → 100 entries, 262 kept so far
10:16:52  INFO     [LU] +0 new articles saved
10:16:52  INFO     Scrape complete. 2141 new articles this run.
