22:01:45  INFO     Starting scrape: 27 countries, 5 queries each
/home/runner/work/EU_AI_News/EU_AI_News/eu_ai_news_scraper.py:230: DeprecationWarning: datetime.datetime.utcnow() is deprecated and scheduled for removal in a future version. Use timezone-aware objects to represent datetimes in UTC: datetime.datetime.now(datetime.UTC).
  "scraped_at":   datetime.utcnow().isoformat(),
22:01:45  INFO     [DE] 'artificial intelligence' → 100 entries, 50 kept so far
22:01:46  INFO     [FR] 'artificial intelligence' → 100 entries, 44 kept so far
22:01:46  INFO     [PL] 'artificial intelligence' → 100 entries, 14 kept so far
22:01:46  INFO     [IT] 'artificial intelligence' → 100 entries, 47 kept so far
22:01:46  INFO     [ES] 'artificial intelligence' → 100 entries, 65 kept so far
22:01:47  INFO     [DE] 'AI regulation' → 100 entries, 125 kept so far
22:01:47  INFO     [FR] 'AI regulation' → 100 entries, 125 kept so far
22:01:47  INFO     [PL] 'AI regulation' → 100 entries, 89 kept so far
22:01:47  INFO     [IT] 'AI regulation' → 100 entries, 134 kept so far
22:01:47  INFO     [ES] 'AI regulation' → 81 entries, 118 kept so far
22:01:49  INFO     [DE] 'machine learning' → 100 entries, 175 kept so far
22:01:49  INFO     [PL] 'machine learning' → 100 entries, 132 kept so far
22:01:49  INFO     [FR] 'machine learning' → 100 entries, 180 kept so far
22:01:49  INFO     [IT] 'machine learning' → 100 entries, 210 kept so far
22:01:49  INFO     [ES] 'machine learning' → 100 entries, 195 kept so far
22:01:50  INFO     [DE] 'EU AI Act' → 100 entries, 227 kept so far
22:01:50  INFO     [PL] 'EU AI Act' → 78 entries, 159 kept so far
22:01:51  INFO     [FR] 'EU AI Act' → 87 entries, 236 kept so far
22:01:51  INFO     [IT] 'EU AI Act' → 100 entries, 294 kept so far
22:01:51  INFO     [ES] 'EU AI Act' → 77 entries, 220 kept so far
22:01:52  INFO     [DE] 'generative AI' → 100 entries, 249 kept so far
22:01:52  INFO     [PL] 'generative AI' → 100 entries, 191 kept so far
22:01:52  INFO     [FR] 'generative AI' → 100 entries, 265 kept so far
22:01:52  INFO     [IT] 'generative AI' → 100 entries, 337 kept so far
22:01:52  INFO     [ES] 'generative AI' → 100 entries, 263 kept so far
22:01:53  INFO     [DE] +187 new articles saved
22:01:53  INFO     [PL] +127 new articles saved
22:01:53  INFO     [FR] +162 new articles saved
22:01:53  INFO     [IT] +220 new articles saved
22:01:54  INFO     [NL] 'artificial intelligence' → 100 entries, 11 kept so far
22:01:54  INFO     [ES] +158 new articles saved
22:01:54  INFO     [BE] 'artificial intelligence' → 100 entries, 60 kept so far
22:01:54  INFO     [AT] 'artificial intelligence' → 100 entries, 46 kept so far
22:01:54  INFO     [SE] 'artificial intelligence' → 100 entries, 12 kept so far
22:01:54  INFO     [DK] 'artificial intelligence' → 100 entries, 27 kept so far
22:01:55  INFO     [NL] 'AI regulation' → 77 entries, 62 kept so far
22:01:56  INFO     [BE] 'AI regulation' → 100 entries, 141 kept so far
22:01:56  INFO     [SE] 'AI regulation' → 77 entries, 28 kept so far
22:01:56  INFO     [AT] 'AI regulation' → 100 entries, 121 kept so far
22:01:56  INFO     [DK] 'AI regulation' → 44 entries, 39 kept so far
22:01:57  INFO     [NL] 'machine learning' → 100 entries, 114 kept so far
22:01:57  INFO     [SE] 'machine learning' → 75 entries, 46 kept so far
22:01:57  INFO     [AT] 'machine learning' → 100 entries, 173 kept so far
22:01:57  INFO     [BE] 'machine learning' → 100 entries, 195 kept so far
22:01:58  INFO     [DK] 'machine learning' → 78 entries, 58 kept so far
22:01:58  INFO     [NL] 'EU AI Act' → 96 entries, 142 kept so far
22:01:59  INFO     [SE] 'EU AI Act' → 74 entries, 49 kept so far
22:01:59  INFO     [AT] 'EU AI Act' → 100 entries, 247 kept so far
22:01:59  INFO     [DK] 'EU AI Act' → 76 entries, 74 kept so far
22:01:59  INFO     [BE] 'EU AI Act' → 93 entries, 249 kept so far
22:02:00  INFO     [NL] 'generative AI' → 100 entries, 170 kept so far
22:02:00  INFO     [SE] 'generative AI' → 72 entries, 59 kept so far
22:02:01  INFO     [AT] 'generative AI' → 100 entries, 269 kept so far
22:02:01  INFO     [DK] 'generative AI' → 90 entries, 100 kept so far
22:02:01  INFO     [BE] 'generative AI' → 100 entries, 276 kept so far
22:02:01  INFO     [NL] +78 new articles saved
22:02:01  INFO     [SE] +25 new articles saved
22:02:02  INFO     [AT] +56 new articles saved
22:02:02  INFO     [DK] +39 new articles saved
22:02:02  INFO     [FI] 'artificial intelligence' → 100 entries, 64 kept so far
22:02:02  INFO     [BE] +27 new articles saved
22:02:02  INFO     [PT] 'artificial intelligence' → 100 entries, 64 kept so far
22:02:02  INFO     [RO] 'artificial intelligence' → 100 entries, 41 kept so far
22:02:03  INFO     [CZ] 'artificial intelligence' → 100 entries, 16 kept so far
22:02:03  INFO     [HU] 'artificial intelligence' → 100 entries, 16 kept so far
22:02:03  INFO     [FI] 'AI regulation' → 55 entries, 79 kept so far
22:02:04  INFO     [PT] 'AI regulation' → 98 entries, 124 kept so far
22:02:04  INFO     [RO] 'AI regulation' → 76 entries, 50 kept so far
22:02:04  INFO     [CZ] 'AI regulation' → 77 entries, 45 kept so far
22:02:04  INFO     [HU] 'AI regulation' → 77 entries, 22 kept so far
22:02:05  INFO     [FI] 'machine learning' → 85 entries, 114 kept so far
22:02:06  INFO     [PT] 'machine learning' → 100 entries, 195 kept so far
22:02:06  INFO     [CZ] 'machine learning' → 79 entries, 63 kept so far
22:02:06  INFO     [HU] 'machine learning' → 74 entries, 50 kept so far
22:02:06  INFO     [RO] 'machine learning' → 100 entries, 97 kept so far
22:02:07  INFO     [FI] 'EU AI Act' → 67 entries, 148 kept so far
22:02:07  INFO     [CZ] 'EU AI Act' → 75 entries, 76 kept so far
22:02:07  INFO     [PT] 'EU AI Act' → 57 entries, 205 kept so far
22:02:07  INFO     [RO] 'EU AI Act' → 76 entries, 117 kept so far
22:02:08  INFO     [HU] 'EU AI Act' → 77 entries, 70 kept so far
22:02:08  INFO     [FI] 'generative AI' → 56 entries, 182 kept so far
22:02:09  INFO     [CZ] 'generative AI' → 80 entries, 95 kept so far
22:02:09  INFO     [PT] 'generative AI' → 100 entries, 241 kept so far
22:02:09  INFO     [RO] 'generative AI' → 84 entries, 137 kept so far
22:02:09  INFO     [HU] 'generative AI' → 73 entries, 93 kept so far
22:02:09  INFO     [FI] +88 new articles saved
22:02:10  INFO     [CZ] +64 new articles saved
22:02:10  INFO     [PT] +161 new articles saved
22:02:10  INFO     [RO] +71 new articles saved
22:02:10  INFO     [GR] 'artificial intelligence' → 100 entries, 41 kept so far
22:02:10  INFO     [HU] +51 new articles saved
22:02:11  INFO     [HR] 'artificial intelligence' → 102 entries, 50 kept so far
22:02:11  INFO     [IE] 'artificial intelligence' → 100 entries, 51 kept so far
22:02:11  INFO     [BG] 'artificial intelligence' → 84 entries, 36 kept so far
22:02:11  INFO     [SK] 'artificial intelligence' → 100 entries, 23 kept so far
22:02:12  INFO     [GR] 'AI regulation' → 61 entries, 94 kept so far
22:02:12  INFO     [BG] 'AI regulation' → 14 entries, 36 kept so far
22:02:12  INFO     [HR] 'AI regulation' → 100 entries, 86 kept so far
22:02:12  INFO     [IE] 'AI regulation' → 100 entries, 84 kept so far
22:02:13  INFO     [SK] 'AI regulation' → 23 entries, 26 kept so far
22:02:13  INFO     [GR] 'machine learning' → 100 entries, 127 kept so far
22:02:14  INFO     [BG] 'machine learning' → 51 entries, 43 kept so far
22:02:14  INFO     [HR] 'machine learning' → 100 entries, 149 kept so far
22:02:14  INFO     [IE] 'machine learning' → 100 entries, 142 kept so far
22:02:14  INFO     [SK] 'machine learning' → 58 entries, 38 kept so far
22:02:15  INFO     [GR] 'EU AI Act' → 64 entries, 147 kept so far
22:02:15  INFO     [BG] 'EU AI Act' → 15 entries, 45 kept so far
22:02:16  INFO     [HR] 'EU AI Act' → 100 entries, 235 kept so far
22:02:16  INFO     [SK] 'EU AI Act' → 62 entries, 50 kept so far
22:02:16  INFO     [IE] 'EU AI Act' → 100 entries, 214 kept so far
22:02:17  INFO     [BG] 'generative AI' → 25 entries, 49 kept so far
22:02:17  INFO     [GR] 'generative AI' → 100 entries, 191 kept so far
22:02:17  INFO     [HR] 'generative AI' → 100 entries, 288 kept so far
22:02:17  INFO     [SK] 'generative AI' → 42 entries, 57 kept so far
22:02:18  INFO     [BG] +25 new articles saved
22:02:18  INFO     [GR] +128 new articles saved
22:02:18  INFO     [IE] 'generative AI' → 100 entries, 262 kept so far
22:02:18  INFO     [SI] 'artificial intelligence' → 97 entries, 51 kept so far
22:02:18  INFO     [LT] 'artificial intelligence' → 90 entries, 29 kept so far
22:02:18  INFO     [HR] +231 new articles saved
22:02:18  INFO     [SK] +27 new articles saved
22:02:19  INFO     [LV] 'artificial intelligence' → 63 entries, 21 kept so far
22:02:19  INFO     [EE] 'artificial intelligence' → 29 entries, 16 kept so far
22:02:19  INFO     [IE] +95 new articles saved
22:02:19  INFO     [CY] 'artificial intelligence' → 100 entries, 41 kept so far
22:02:19  INFO     [SI] 'AI regulation' → 13 entries, 51 kept so far
22:02:20  INFO     [LT] 'AI regulation' → 17 entries, 30 kept so far
22:02:20  INFO     [LV] 'AI regulation' → 7 entries, 21 kept so far
22:02:20  INFO     [EE] 'AI regulation' → 6 entries, 16 kept so far
22:02:21  INFO     [SI] 'machine learning' → 20 entries, 53 kept so far
22:02:21  INFO     [LT] 'machine learning' → 31 entries, 34 kept so far
22:02:21  INFO     [CY] 'AI regulation' → 61 entries, 94 kept so far
22:02:21  INFO     [LV] 'machine learning' → 10 entries, 22 kept so far
22:02:22  INFO     [EE] 'machine learning' → 16 entries, 19 kept so far
22:02:22  INFO     [LT] 'EU AI Act' → 19 entries, 34 kept so far
22:02:22  INFO     [SI] 'EU AI Act' → 23 entries, 57 kept so far
22:02:23  INFO     [CY] 'machine learning' → 100 entries, 127 kept so far
22:02:23  INFO     [LV] 'EU AI Act' → 5 entries, 22 kept so far
22:02:23  INFO     [EE] 'EU AI Act' → 14 entries, 21 kept so far
22:02:24  INFO     [LT] 'generative AI' → 22 entries, 42 kept so far
22:02:24  INFO     [SI] 'generative AI' → 12 entries, 59 kept so far
22:02:24  INFO     [LV] 'generative AI' → 8 entries, 24 kept so far
22:02:24  INFO     [CY] 'EU AI Act' → 64 entries, 147 kept so far
22:02:25  INFO     [EE] 'generative AI' → 10 entries, 23 kept so far
22:02:25  INFO     [LT] +18 new articles saved
22:02:25  INFO     [SI] +25 new articles saved
22:02:25  INFO     [MT] 'artificial intelligence' → 102 entries, 50 kept so far
22:02:25  INFO     [LV] +13 new articles saved
22:02:25  INFO     [LU] 'artificial intelligence' → 100 entries, 44 kept so far
22:02:26  INFO     [CY] 'generative AI' → 100 entries, 191 kept so far
22:02:26  INFO     [EE] +8 new articles saved
22:02:26  INFO     [MT] 'AI regulation' → 100 entries, 86 kept so far
22:02:27  INFO     [CY] +0 new articles saved
22:02:27  INFO     [LU] 'AI regulation' → 100 entries, 125 kept so far
22:02:27  INFO     [MT] 'machine learning' → 100 entries, 149 kept so far
22:02:28  INFO     [LU] 'machine learning' → 100 entries, 180 kept so far
22:02:28  INFO     [MT] 'EU AI Act' → 100 entries, 235 kept so far
22:02:30  INFO     [MT] 'generative AI' → 100 entries, 288 kept so far
22:02:30  INFO     [LU] 'EU AI Act' → 87 entries, 236 kept so far
22:02:31  INFO     [MT] +0 new articles saved
22:02:31  INFO     [LU] 'generative AI' → 100 entries, 265 kept so far
22:02:32  INFO     [LU] +0 new articles saved
22:02:32  INFO     Scrape complete. 2084 new articles this run.
