20:12:37  INFO     Starting scrape: 27 countries, 5 queries each
20:12:38  INFO     [PL] 'artificial intelligence' → 100 entries, 13 kept so far
/home/runner/work/EU_AI_News/EU_AI_News/eu_ai_news_scraper.py:230: DeprecationWarning: datetime.datetime.utcnow() is deprecated and scheduled for removal in a future version. Use timezone-aware objects to represent datetimes in UTC: datetime.datetime.now(datetime.UTC).
  "scraped_at":   datetime.utcnow().isoformat(),
20:12:38  INFO     [IT] 'artificial intelligence' → 100 entries, 48 kept so far
20:12:38  INFO     [DE] 'artificial intelligence' → 100 entries, 47 kept so far
20:12:38  INFO     [FR] 'artificial intelligence' → 100 entries, 47 kept so far
20:12:38  INFO     [ES] 'artificial intelligence' → 100 entries, 60 kept so far
20:12:39  INFO     [PL] 'AI regulation' → 85 entries, 82 kept so far
20:12:39  INFO     [DE] 'AI regulation' → 100 entries, 100 kept so far
20:12:39  INFO     [IT] 'AI regulation' → 100 entries, 119 kept so far
20:12:39  INFO     [ES] 'AI regulation' → 64 entries, 83 kept so far
20:12:39  INFO     [FR] 'AI regulation' → 100 entries, 128 kept so far
20:12:41  INFO     [PL] 'machine learning' → 100 entries, 126 kept so far
20:12:41  INFO     [DE] 'machine learning' → 100 entries, 156 kept so far
20:12:41  INFO     [IT] 'machine learning' → 100 entries, 192 kept so far
20:12:41  INFO     [FR] 'machine learning' → 100 entries, 196 kept so far
20:12:41  INFO     [ES] 'machine learning' → 100 entries, 160 kept so far
20:12:42  INFO     [PL] 'EU AI Act' → 77 entries, 152 kept so far
20:12:42  INFO     [IT] 'EU AI Act' → 100 entries, 263 kept so far
20:12:42  INFO     [FR] 'EU AI Act' → 80 entries, 235 kept so far
20:12:43  INFO     [DE] 'EU AI Act' → 100 entries, 233 kept so far
20:12:43  INFO     [ES] 'EU AI Act' → 78 entries, 206 kept so far
20:12:44  INFO     [IT] 'generative AI' → 100 entries, 306 kept so far
20:12:44  INFO     [FR] 'generative AI' → 100 entries, 264 kept so far
20:12:44  INFO     [DE] 'generative AI' → 100 entries, 256 kept so far
20:12:45  INFO     [ES] 'generative AI' → 100 entries, 250 kept so far
20:12:45  INFO     [PL] 'generative AI' → 100 entries, 183 kept so far
20:12:45  INFO     [IT] +209 new articles saved
20:12:45  INFO     [FR] +149 new articles saved
20:12:45  INFO     [NL] 'artificial intelligence' → 100 entries, 15 kept so far
20:12:45  INFO     [DE] +183 new articles saved
20:12:45  INFO     [BE] 'artificial intelligence' → 100 entries, 66 kept so far
20:12:46  INFO     [ES] +143 new articles saved
20:12:46  INFO     [PL] +109 new articles saved
20:12:46  INFO     [SE] 'artificial intelligence' → 100 entries, 6 kept so far
20:12:46  INFO     [AT] 'artificial intelligence' → 100 entries, 46 kept so far
20:12:46  INFO     [DK] 'artificial intelligence' → 100 entries, 13 kept so far
20:12:47  INFO     [NL] 'AI regulation' → 78 entries, 75 kept so far
20:12:47  INFO     [BE] 'AI regulation' → 100 entries, 144 kept so far
20:12:47  INFO     [SE] 'AI regulation' → 58 entries, 15 kept so far
20:12:48  INFO     [DK] 'AI regulation' → 10 entries, 13 kept so far
20:12:48  INFO     [AT] 'AI regulation' → 100 entries, 99 kept so far
20:12:48  INFO     [NL] 'machine learning' → 100 entries, 129 kept so far
20:12:49  INFO     [BE] 'machine learning' → 100 entries, 211 kept so far
20:12:49  INFO     [SE] 'machine learning' → 77 entries, 36 kept so far
20:12:49  INFO     [DK] 'machine learning' → 82 entries, 31 kept so far
20:12:49  INFO     [AT] 'machine learning' → 100 entries, 151 kept so far
20:12:50  INFO     [NL] 'EU AI Act' → 100 entries, 150 kept so far
20:12:50  INFO     [SE] 'EU AI Act' → 65 entries, 46 kept so far
20:12:51  INFO     [DK] 'EU AI Act' → 71 entries, 46 kept so far
20:12:51  INFO     [AT] 'EU AI Act' → 100 entries, 241 kept so far
20:12:51  INFO     [NL] 'generative AI' → 100 entries, 177 kept so far
20:12:52  INFO     [BE] 'EU AI Act' → 87 entries, 252 kept so far
20:12:52  INFO     [AT] 'generative AI' → 100 entries, 264 kept so far
20:12:53  INFO     [NL] +94 new articles saved
20:12:53  INFO     [DK] 'generative AI' → 90 entries, 73 kept so far
20:12:53  INFO     [SE] 'generative AI' → 72 entries, 53 kept so far
20:12:53  INFO     [FI] 'artificial intelligence' → 100 entries, 60 kept so far
20:12:53  INFO     [AT] +65 new articles saved
20:12:54  INFO     [BE] 'generative AI' → 100 entries, 279 kept so far
20:12:54  INFO     [DK] +21 new articles saved
20:12:54  INFO     [SE] +23 new articles saved
20:12:54  INFO     [CZ] 'artificial intelligence' → 100 entries, 13 kept so far
20:12:55  INFO     [RO] 'artificial intelligence' → 100 entries, 38 kept so far
20:12:55  INFO     [BE] +35 new articles saved
20:12:55  INFO     [FI] 'AI regulation' → 43 entries, 71 kept so far
20:12:55  INFO     [PT] 'artificial intelligence' → 100 entries, 52 kept so far
20:12:55  INFO     [HU] 'artificial intelligence' → 100 entries, 12 kept so far
20:12:56  INFO     [CZ] 'AI regulation' → 65 entries, 42 kept so far
20:12:56  INFO     [RO] 'AI regulation' → 15 entries, 42 kept so far
20:12:56  INFO     [FI] 'machine learning' → 90 entries, 115 kept so far
20:12:57  INFO     [PT] 'AI regulation' → 100 entries, 111 kept so far
20:12:57  INFO     [HU] 'AI regulation' → 79 entries, 17 kept so far
20:12:57  INFO     [CZ] 'machine learning' → 70 entries, 60 kept so far
20:12:58  INFO     [RO] 'machine learning' → 100 entries, 96 kept so far
20:12:58  INFO     [FI] 'EU AI Act' → 62 entries, 150 kept so far
20:12:58  INFO     [HU] 'machine learning' → 66 entries, 41 kept so far
20:12:58  INFO     [PT] 'machine learning' → 100 entries, 191 kept so far
20:12:59  INFO     [CZ] 'EU AI Act' → 70 entries, 70 kept so far
20:12:59  INFO     [RO] 'EU AI Act' → 77 entries, 120 kept so far
20:12:59  INFO     [FI] 'generative AI' → 60 entries, 186 kept so far
20:13:00  INFO     [HU] 'EU AI Act' → 32 entries, 51 kept so far
20:13:00  INFO     [PT] 'EU AI Act' → 58 entries, 200 kept so far
20:13:00  INFO     [FI] +94 new articles saved
20:13:00  INFO     [CZ] 'generative AI' → 76 entries, 86 kept so far
20:13:00  INFO     [RO] 'generative AI' → 83 entries, 144 kept so far
20:13:01  INFO     [GR] 'artificial intelligence' → 100 entries, 39 kept so far
20:13:01  INFO     [HU] 'generative AI' → 68 entries, 70 kept so far
20:13:01  INFO     [PT] 'generative AI' → 100 entries, 229 kept so far
20:13:01  INFO     [CZ] +60 new articles saved
20:13:01  INFO     [RO] +79 new articles saved
20:13:02  INFO     [SK] 'artificial intelligence' → 100 entries, 22 kept so far
20:13:02  INFO     [HU] +37 new articles saved
20:13:02  INFO     [IE] 'artificial intelligence' → 100 entries, 53 kept so far
20:13:02  INFO     [GR] 'AI regulation' → 60 entries, 96 kept so far
20:13:02  INFO     [PT] +155 new articles saved
20:13:03  INFO     [BG] 'artificial intelligence' → 81 entries, 33 kept so far
20:13:03  INFO     [HR] 'artificial intelligence' → 100 entries, 54 kept so far
20:13:03  INFO     [SK] 'AI regulation' → 17 entries, 23 kept so far
20:13:04  INFO     [GR] 'machine learning' → 100 entries, 135 kept so far
20:13:04  INFO     [IE] 'AI regulation' → 100 entries, 99 kept so far
20:13:04  INFO     [BG] 'AI regulation' → 10 entries, 35 kept so far
20:13:04  INFO     [HR] 'AI regulation' → 100 entries, 99 kept so far
20:13:04  INFO     [SK] 'machine learning' → 57 entries, 34 kept so far
20:13:05  INFO     [GR] 'EU AI Act' → 62 entries, 153 kept so far
20:13:05  INFO     [BG] 'machine learning' → 55 entries, 46 kept so far
20:13:05  INFO     [IE] 'machine learning' → 100 entries, 181 kept so far
20:13:06  INFO     [HR] 'machine learning' → 100 entries, 176 kept so far
20:13:06  INFO     [SK] 'EU AI Act' → 55 entries, 43 kept so far
20:13:07  INFO     [GR] 'generative AI' → 100 entries, 196 kept so far
20:13:07  INFO     [BG] 'EU AI Act' → 13 entries, 49 kept so far
20:13:07  INFO     [IE] 'EU AI Act' → 100 entries, 247 kept so far
20:13:07  INFO     [SK] 'generative AI' → 40 entries, 51 kept so far
20:13:07  INFO     [HR] 'EU AI Act' → 100 entries, 257 kept so far
20:13:08  INFO     [GR] +133 new articles saved
20:13:08  INFO     [BG] 'generative AI' → 31 entries, 56 kept so far
20:13:08  INFO     [LT] 'artificial intelligence' → 81 entries, 27 kept so far
20:13:08  INFO     [SK] +22 new articles saved
20:13:09  INFO     [IE] 'generative AI' → 100 entries, 317 kept so far
20:13:09  INFO     [SI] 'artificial intelligence' → 94 entries, 50 kept so far
20:13:09  INFO     [BG] +31 new articles saved
20:13:09  INFO     [LV] 'artificial intelligence' → 61 entries, 18 kept so far
20:13:09  INFO     [LT] 'AI regulation' → 12 entries, 27 kept so far
20:13:09  INFO     [HR] 'generative AI' → 101 entries, 327 kept so far
20:13:10  INFO     [IE] +281 new articles saved
20:13:10  INFO     [SI] 'AI regulation' → 10 entries, 50 kept so far
20:13:10  INFO     [EE] 'artificial intelligence' → 100 entries, 51 kept so far
20:13:10  INFO     [HR] +119 new articles saved
20:13:11  INFO     [LV] 'AI regulation' → 4 entries, 18 kept so far
20:13:11  INFO     [LT] 'machine learning' → 28 entries, 30 kept so far
20:13:11  INFO     [CY] 'artificial intelligence' → 100 entries, 38 kept so far
20:13:11  INFO     [SI] 'machine learning' → 18 entries, 52 kept so far
20:13:12  INFO     [EE] 'AI regulation' → 6 entries, 51 kept so far
20:13:12  INFO     [LV] 'machine learning' → 13 entries, 20 kept so far
20:13:12  INFO     [LT] 'EU AI Act' → 18 entries, 30 kept so far
20:13:12  INFO     [CY] 'AI regulation' → 60 entries, 95 kept so far
20:13:13  INFO     [SI] 'EU AI Act' → 30 entries, 57 kept so far
20:13:13  INFO     [EE] 'machine learning' → 17 entries, 53 kept so far
20:13:13  INFO     [LV] 'EU AI Act' → 6 entries, 20 kept so far
20:13:13  INFO     [LT] 'generative AI' → 18 entries, 36 kept so far
20:13:14  INFO     [CY] 'machine learning' → 100 entries, 134 kept so far
20:13:14  INFO     [SI] 'generative AI' → 12 entries, 59 kept so far
20:13:14  INFO     [LT] +13 new articles saved
20:13:14  INFO     [EE] 'EU AI Act' → 10 entries, 54 kept so far
20:13:14  INFO     [LV] 'generative AI' → 9 entries, 21 kept so far
20:13:15  INFO     [LU] 'artificial intelligence' → 100 entries, 47 kept so far
20:13:15  INFO     [SI] +29 new articles saved
20:13:15  INFO     [MT] 'artificial intelligence' → 100 entries, 54 kept so far
20:13:15  INFO     [CY] 'EU AI Act' → 62 entries, 152 kept so far
20:13:15  INFO     [LV] +10 new articles saved
20:13:15  INFO     [EE] 'generative AI' → 10 entries, 57 kept so far
20:13:16  INFO     [MT] 'AI regulation' → 100 entries, 99 kept so far
20:13:16  INFO     [LU] 'AI regulation' → 100 entries, 128 kept so far
20:13:16  INFO     [EE] +32 new articles saved
20:13:17  INFO     [CY] 'generative AI' → 100 entries, 195 kept so far
20:13:17  INFO     [MT] 'machine learning' → 100 entries, 176 kept so far
20:13:18  INFO     [LU] 'machine learning' → 100 entries, 196 kept so far
20:13:18  INFO     [CY] +0 new articles saved
20:13:19  INFO     [MT] 'EU AI Act' → 100 entries, 257 kept so far
20:13:19  INFO     [LU] 'EU AI Act' → 80 entries, 235 kept so far
20:13:20  INFO     [MT] 'generative AI' → 101 entries, 327 kept so far
20:13:21  INFO     [LU] 'generative AI' → 100 entries, 264 kept so far
20:13:21  INFO     [MT] +0 new articles saved
20:13:22  INFO     [LU] +0 new articles saved
20:13:22  INFO     Scrape complete. 2126 new articles this run.
