11:07:43  INFO     Starting scrape: 27 countries, 5 queries each
/home/runner/work/EU_AI_News/EU_AI_News/eu_ai_news_scraper.py:230: DeprecationWarning: datetime.datetime.utcnow() is deprecated and scheduled for removal in a future version. Use timezone-aware objects to represent datetimes in UTC: datetime.datetime.now(datetime.UTC).
  "scraped_at":   datetime.utcnow().isoformat(),
11:07:43  INFO     [PL] 'artificial intelligence' → 100 entries, 10 kept so far
11:07:43  INFO     [ES] 'artificial intelligence' → 100 entries, 62 kept so far
11:07:43  INFO     [DE] 'artificial intelligence' → 100 entries, 38 kept so far
11:07:43  INFO     [FR] 'artificial intelligence' → 100 entries, 57 kept so far
11:07:44  INFO     [IT] 'artificial intelligence' → 102 entries, 33 kept so far
11:07:45  INFO     [DE] 'AI regulation' → 100 entries, 113 kept so far
11:07:45  INFO     [PL] 'AI regulation' → 78 entries, 70 kept so far
11:07:45  INFO     [ES] 'AI regulation' → 77 entries, 100 kept so far
11:07:45  INFO     [IT] 'AI regulation' → 100 entries, 122 kept so far
11:07:45  INFO     [FR] 'AI regulation' → 100 entries, 146 kept so far
11:07:47  INFO     [DE] 'machine learning' → 100 entries, 171 kept so far
11:07:47  INFO     [PL] 'machine learning' → 100 entries, 124 kept so far
11:07:47  INFO     [ES] 'machine learning' → 100 entries, 173 kept so far
11:07:47  INFO     [IT] 'machine learning' → 100 entries, 196 kept so far
11:07:47  INFO     [FR] 'machine learning' → 100 entries, 200 kept so far
11:07:48  INFO     [PL] 'EU AI Act' → 76 entries, 138 kept so far
11:07:48  INFO     [DE] 'EU AI Act' → 100 entries, 242 kept so far
11:07:48  INFO     [IT] 'EU AI Act' → 100 entries, 243 kept so far
11:07:49  INFO     [FR] 'EU AI Act' → 96 entries, 239 kept so far
11:07:49  INFO     [ES] 'EU AI Act' → 78 entries, 199 kept so far
11:07:50  INFO     [PL] 'generative AI' → 100 entries, 171 kept so far
11:07:50  INFO     [DE] 'generative AI' → 100 entries, 270 kept so far
11:07:50  INFO     [IT] 'generative AI' → 100 entries, 289 kept so far
11:07:50  INFO     [FR] 'generative AI' → 100 entries, 270 kept so far
11:07:50  INFO     [ES] 'generative AI' → 100 entries, 245 kept so far
11:07:51  INFO     [PL] +97 new articles saved
11:07:51  INFO     [DE] +191 new articles saved
11:07:51  INFO     [IT] +194 new articles saved
11:07:51  INFO     [FR] +159 new articles saved
11:07:51  INFO     [ES] +144 new articles saved
11:07:51  INFO     [NL] 'artificial intelligence' → 100 entries, 12 kept so far
11:07:52  INFO     [BE] 'artificial intelligence' → 100 entries, 60 kept so far
11:07:52  INFO     [SE] 'artificial intelligence' → 100 entries, 13 kept so far
11:07:52  INFO     [AT] 'artificial intelligence' → 100 entries, 36 kept so far
11:07:52  INFO     [DK] 'artificial intelligence' → 100 entries, 12 kept so far
11:07:53  INFO     [NL] 'AI regulation' → 77 entries, 60 kept so far
11:07:53  INFO     [BE] 'AI regulation' → 96 entries, 145 kept so far
11:07:53  INFO     [SE] 'AI regulation' → 74 entries, 26 kept so far
11:07:54  INFO     [AT] 'AI regulation' → 100 entries, 110 kept so far
11:07:54  INFO     [DK] 'AI regulation' → 50 entries, 20 kept so far
11:07:55  INFO     [NL] 'machine learning' → 100 entries, 107 kept so far
11:07:55  INFO     [BE] 'machine learning' → 100 entries, 196 kept so far
11:07:55  INFO     [SE] 'machine learning' → 82 entries, 51 kept so far
11:07:55  INFO     [AT] 'machine learning' → 100 entries, 164 kept so far
11:07:55  INFO     [DK] 'machine learning' → 78 entries, 44 kept so far
11:07:56  INFO     [NL] 'EU AI Act' → 100 entries, 135 kept so far
11:07:57  INFO     [SE] 'EU AI Act' → 70 entries, 58 kept so far
11:07:57  INFO     [BE] 'EU AI Act' → 100 entries, 237 kept so far
11:07:57  INFO     [AT] 'EU AI Act' → 100 entries, 238 kept so far
11:07:58  INFO     [NL] 'generative AI' → 100 entries, 165 kept so far
11:07:58  INFO     [SE] 'generative AI' → 73 entries, 68 kept so far
11:07:58  INFO     [BE] 'generative AI' → 100 entries, 265 kept so far
11:07:58  INFO     [AT] 'generative AI' → 100 entries, 269 kept so far
11:07:59  INFO     [DK] 'EU AI Act' → 73 entries, 59 kept so far
11:07:59  INFO     [NL] +76 new articles saved
11:07:59  INFO     [SE] +36 new articles saved
11:07:59  INFO     [BE] +22 new articles saved
11:07:59  INFO     [AT] +54 new articles saved
11:07:59  INFO     [FI] 'artificial intelligence' → 100 entries, 54 kept so far
11:08:00  INFO     [PT] 'artificial intelligence' → 100 entries, 59 kept so far
11:08:00  INFO     [CZ] 'artificial intelligence' → 100 entries, 19 kept so far
11:08:00  INFO     [RO] 'artificial intelligence' → 100 entries, 40 kept so far
11:08:00  INFO     [DK] 'generative AI' → 100 entries, 92 kept so far
11:08:01  INFO     [FI] 'AI regulation' → 58 entries, 67 kept so far
11:08:01  INFO     [DK] +40 new articles saved
11:08:02  INFO     [CZ] 'AI regulation' → 76 entries, 43 kept so far
11:08:02  INFO     [RO] 'AI regulation' → 77 entries, 49 kept so far
11:08:02  INFO     [PT] 'AI regulation' → 76 entries, 93 kept so far
11:08:02  INFO     [HU] 'artificial intelligence' → 100 entries, 22 kept so far
11:08:03  INFO     [FI] 'machine learning' → 82 entries, 109 kept so far
11:08:03  INFO     [CZ] 'machine learning' → 81 entries, 61 kept so far
11:08:03  INFO     [RO] 'machine learning' → 100 entries, 104 kept so far
11:08:03  INFO     [HU] 'AI regulation' → 79 entries, 25 kept so far
11:08:03  INFO     [PT] 'machine learning' → 100 entries, 171 kept so far
11:08:04  INFO     [FI] 'EU AI Act' → 63 entries, 145 kept so far
11:08:05  INFO     [CZ] 'EU AI Act' → 74 entries, 77 kept so far
11:08:05  INFO     [HU] 'machine learning' → 65 entries, 49 kept so far
11:08:05  INFO     [RO] 'EU AI Act' → 67 entries, 130 kept so far
11:08:05  INFO     [PT] 'EU AI Act' → 61 entries, 183 kept so far
11:08:06  INFO     [FI] 'generative AI' → 65 entries, 185 kept so far
11:08:06  INFO     [CZ] 'generative AI' → 74 entries, 96 kept so far
11:08:06  INFO     [HU] 'EU AI Act' → 77 entries, 71 kept so far
11:08:07  INFO     [PT] 'generative AI' → 100 entries, 216 kept so far
11:08:07  INFO     [FI] +98 new articles saved
11:08:07  INFO     [RO] 'generative AI' → 96 entries, 156 kept so far
11:08:07  INFO     [CZ] +63 new articles saved
11:08:08  INFO     [GR] 'artificial intelligence' → 100 entries, 39 kept so far
11:08:08  INFO     [HU] 'generative AI' → 67 entries, 92 kept so far
11:08:08  INFO     [PT] +143 new articles saved
11:08:08  INFO     [RO] +101 new articles saved
11:08:09  INFO     [IE] 'artificial intelligence' → 100 entries, 56 kept so far
11:08:09  INFO     [HR] 'artificial intelligence' → 100 entries, 57 kept so far
11:08:09  INFO     [HU] +54 new articles saved
11:08:09  INFO     [SK] 'artificial intelligence' → 100 entries, 28 kept so far
11:08:09  INFO     [GR] 'AI regulation' → 68 entries, 87 kept so far
11:08:09  INFO     [BG] 'artificial intelligence' → 87 entries, 35 kept so far
11:08:10  INFO     [HR] 'AI regulation' → 100 entries, 103 kept so far
11:08:10  INFO     [IE] 'AI regulation' → 100 entries, 103 kept so far
11:08:11  INFO     [SK] 'AI regulation' → 32 entries, 31 kept so far
11:08:11  INFO     [BG] 'AI regulation' → 15 entries, 36 kept so far
11:08:11  INFO     [GR] 'machine learning' → 100 entries, 129 kept so far
11:08:12  INFO     [HR] 'machine learning' → 100 entries, 172 kept so far
11:08:12  INFO     [SK] 'machine learning' → 57 entries, 45 kept so far
11:08:12  INFO     [IE] 'machine learning' → 100 entries, 177 kept so far
11:08:12  INFO     [BG] 'machine learning' → 56 entries, 42 kept so far
11:08:12  INFO     [GR] 'EU AI Act' → 59 entries, 144 kept so far
11:08:14  INFO     [SK] 'EU AI Act' → 67 entries, 54 kept so far
11:08:14  INFO     [BG] 'EU AI Act' → 23 entries, 44 kept so far
11:08:14  INFO     [HR] 'EU AI Act' → 100 entries, 253 kept so far
11:08:14  INFO     [GR] 'generative AI' → 100 entries, 189 kept so far
11:08:14  INFO     [IE] 'EU AI Act' → 100 entries, 253 kept so far
11:08:15  INFO     [GR] +130 new articles saved
11:08:15  INFO     [BG] 'generative AI' → 37 entries, 50 kept so far
11:08:15  INFO     [SK] 'generative AI' → 59 entries, 67 kept so far
11:08:15  INFO     [LT] 'artificial intelligence' → 80 entries, 24 kept so far
11:08:16  INFO     [HR] 'generative AI' → 100 entries, 323 kept so far
11:08:16  INFO     [IE] 'generative AI' → 100 entries, 318 kept so far
11:08:16  INFO     [BG] +30 new articles saved
11:08:16  INFO     [SK] +38 new articles saved
11:08:17  INFO     [HR] +290 new articles saved
11:08:17  INFO     [LV] 'artificial intelligence' → 59 entries, 21 kept so far
11:08:17  INFO     [SI] 'artificial intelligence' → 100 entries, 47 kept so far
11:08:17  INFO     [LT] 'AI regulation' → 8 entries, 24 kept so far
11:08:17  INFO     [IE] +116 new articles saved
11:08:17  INFO     [EE] 'artificial intelligence' → 100 entries, 51 kept so far
11:08:17  INFO     [CY] 'artificial intelligence' → 100 entries, 39 kept so far
11:08:18  INFO     [LV] 'AI regulation' → 4 entries, 21 kept so far
11:08:18  INFO     [SI] 'AI regulation' → 3 entries, 47 kept so far
11:08:18  INFO     [LT] 'machine learning' → 31 entries, 28 kept so far
11:08:19  INFO     [EE] 'AI regulation' → 5 entries, 51 kept so far
11:08:19  INFO     [CY] 'AI regulation' → 68 entries, 88 kept so far
11:08:19  INFO     [LV] 'machine learning' → 17 entries, 26 kept so far
11:08:19  INFO     [SI] 'machine learning' → 22 entries, 49 kept so far
11:08:20  INFO     [LT] 'EU AI Act' → 18 entries, 29 kept so far
11:08:20  INFO     [EE] 'machine learning' → 28 entries, 53 kept so far
11:08:21  INFO     [CY] 'machine learning' → 100 entries, 128 kept so far
11:08:21  INFO     [LV] 'EU AI Act' → 9 entries, 27 kept so far
11:08:21  INFO     [SI] 'EU AI Act' → 30 entries, 54 kept so far
11:08:21  INFO     [LT] 'generative AI' → 16 entries, 35 kept so far
11:08:22  INFO     [EE] 'EU AI Act' → 10 entries, 53 kept so far
11:08:22  INFO     [LT] +12 new articles saved
11:08:22  INFO     [LV] 'generative AI' → 10 entries, 28 kept so far
11:08:22  INFO     [SI] 'generative AI' → 18 entries, 55 kept so far
11:08:22  INFO     [CY] 'EU AI Act' → 59 entries, 143 kept so far
11:08:23  INFO     [LU] 'artificial intelligence' → 100 entries, 57 kept so far
11:08:23  INFO     [LV] +11 new articles saved
11:08:23  INFO     [EE] 'generative AI' → 10 entries, 55 kept so far
11:08:23  INFO     [SI] +21 new articles saved
11:08:23  INFO     [MT] 'artificial intelligence' → 100 entries, 57 kept so far
11:08:24  INFO     [CY] 'generative AI' → 100 entries, 188 kept so far
11:08:24  INFO     [EE] +27 new articles saved
11:08:24  INFO     [LU] 'AI regulation' → 100 entries, 146 kept so far
11:08:25  INFO     [MT] 'AI regulation' → 100 entries, 103 kept so far
11:08:25  INFO     [CY] +2 new articles saved
11:08:26  INFO     [MT] 'machine learning' → 100 entries, 172 kept so far
11:08:26  INFO     [LU] 'machine learning' → 100 entries, 200 kept so far
11:08:27  INFO     [MT] 'EU AI Act' → 100 entries, 253 kept so far
11:08:28  INFO     [LU] 'EU AI Act' → 96 entries, 239 kept so far
11:08:28  INFO     [MT] 'generative AI' → 100 entries, 323 kept so far
11:08:29  INFO     [LU] 'generative AI' → 100 entries, 271 kept so far
11:08:29  INFO     [MT] +0 new articles saved
11:08:30  INFO     [LU] +1 new articles saved
11:08:30  INFO     Scrape complete. 2150 new articles this run.
