05:04:15  INFO     Starting scrape: 27 countries, 5 queries each
/home/runner/work/EU_AI_News/EU_AI_News/eu_ai_news_scraper.py:230: DeprecationWarning: datetime.datetime.utcnow() is deprecated and scheduled for removal in a future version. Use timezone-aware objects to represent datetimes in UTC: datetime.datetime.now(datetime.UTC).
  "scraped_at":   datetime.utcnow().isoformat(),
05:04:16  INFO     [DE] 'artificial intelligence' → 100 entries, 43 kept so far
05:04:16  INFO     [FR] 'artificial intelligence' → 100 entries, 61 kept so far
05:04:16  INFO     [PL] 'artificial intelligence' → 100 entries, 14 kept so far
05:04:16  INFO     [ES] 'artificial intelligence' → 100 entries, 61 kept so far
05:04:16  INFO     [IT] 'artificial intelligence' → 100 entries, 43 kept so far
05:04:18  INFO     [DE] 'AI regulation' → 100 entries, 120 kept so far
05:04:18  INFO     [FR] 'AI regulation' → 99 entries, 148 kept so far
05:04:18  INFO     [PL] 'AI regulation' → 78 entries, 75 kept so far
05:04:18  INFO     [ES] 'AI regulation' → 78 entries, 100 kept so far
05:04:18  INFO     [IT] 'AI regulation' → 100 entries, 134 kept so far
05:04:19  INFO     [DE] 'machine learning' → 100 entries, 170 kept so far
05:04:19  INFO     [FR] 'machine learning' → 100 entries, 206 kept so far
05:04:19  INFO     [PL] 'machine learning' → 100 entries, 125 kept so far
05:04:19  INFO     [ES] 'machine learning' → 100 entries, 176 kept so far
05:04:20  INFO     [IT] 'machine learning' → 100 entries, 208 kept so far
05:04:21  INFO     [DE] 'EU AI Act' → 100 entries, 243 kept so far
05:04:21  INFO     [FR] 'EU AI Act' → 92 entries, 246 kept so far
05:04:21  INFO     [PL] 'EU AI Act' → 78 entries, 143 kept so far
05:04:21  INFO     [IT] 'EU AI Act' → 100 entries, 253 kept so far
05:04:21  INFO     [ES] 'EU AI Act' → 78 entries, 204 kept so far
05:04:22  INFO     [DE] 'generative AI' → 100 entries, 272 kept so far
05:04:22  INFO     [FR] 'generative AI' → 100 entries, 273 kept so far
05:04:22  INFO     [PL] 'generative AI' → 100 entries, 178 kept so far
05:04:23  INFO     [IT] 'generative AI' → 100 entries, 296 kept so far
05:04:23  INFO     [ES] 'generative AI' → 100 entries, 253 kept so far
05:04:23  INFO     [DE] +195 new articles saved
05:04:23  INFO     [FR] +167 new articles saved
05:04:23  INFO     [PL] +103 new articles saved
05:04:24  INFO     [IT] +204 new articles saved
05:04:24  INFO     [NL] 'artificial intelligence' → 100 entries, 9 kept so far
05:04:24  INFO     [ES] +155 new articles saved
05:04:24  INFO     [SE] 'artificial intelligence' → 100 entries, 11 kept so far
05:04:24  INFO     [BE] 'artificial intelligence' → 100 entries, 60 kept so far
05:04:24  INFO     [AT] 'artificial intelligence' → 100 entries, 41 kept so far
05:04:25  INFO     [DK] 'artificial intelligence' → 100 entries, 19 kept so far
05:04:25  INFO     [NL] 'AI regulation' → 77 entries, 57 kept so far
05:04:26  INFO     [SE] 'AI regulation' → 76 entries, 25 kept so far
05:04:26  INFO     [BE] 'AI regulation' → 97 entries, 145 kept so far
05:04:26  INFO     [AT] 'AI regulation' → 100 entries, 115 kept so far
05:04:26  INFO     [DK] 'AI regulation' → 48 entries, 24 kept so far
05:04:27  INFO     [NL] 'machine learning' → 100 entries, 107 kept so far
05:04:27  INFO     [SE] 'machine learning' → 80 entries, 48 kept so far
05:04:27  INFO     [BE] 'machine learning' → 100 entries, 200 kept so far
05:04:28  INFO     [AT] 'machine learning' → 100 entries, 165 kept so far
05:04:28  INFO     [DK] 'machine learning' → 83 entries, 45 kept so far
05:04:29  INFO     [SE] 'EU AI Act' → 63 entries, 54 kept so far
05:04:29  INFO     [NL] 'EU AI Act' → 100 entries, 139 kept so far
05:04:29  INFO     [BE] 'EU AI Act' → 99 entries, 244 kept so far
05:04:29  INFO     [AT] 'EU AI Act' → 100 entries, 241 kept so far
05:04:29  INFO     [DK] 'EU AI Act' → 75 entries, 66 kept so far
05:04:30  INFO     [SE] 'generative AI' → 71 entries, 64 kept so far
05:04:30  INFO     [NL] 'generative AI' → 100 entries, 169 kept so far
05:04:31  INFO     [BE] 'generative AI' → 100 entries, 268 kept so far
05:04:31  INFO     [DK] 'generative AI' → 98 entries, 99 kept so far
05:04:31  INFO     [AT] 'generative AI' → 100 entries, 274 kept so far
05:04:31  INFO     [SE] +35 new articles saved
05:04:31  INFO     [NL] +80 new articles saved
05:04:32  INFO     [BE] +31 new articles saved
05:04:32  INFO     [FI] 'artificial intelligence' → 100 entries, 64 kept so far
05:04:32  INFO     [DK] +51 new articles saved
05:04:32  INFO     [PT] 'artificial intelligence' → 100 entries, 61 kept so far
05:04:32  INFO     [AT] +40 new articles saved
05:04:32  INFO     [CZ] 'artificial intelligence' → 100 entries, 17 kept so far
05:04:33  INFO     [HU] 'artificial intelligence' → 100 entries, 22 kept so far
05:04:33  INFO     [RO] 'artificial intelligence' → 100 entries, 40 kept so far
05:04:33  INFO     [FI] 'AI regulation' → 61 entries, 76 kept so far
05:04:34  INFO     [PT] 'AI regulation' → 77 entries, 102 kept so far
05:04:34  INFO     [CZ] 'AI regulation' → 76 entries, 37 kept so far
05:04:34  INFO     [HU] 'AI regulation' → 79 entries, 26 kept so far
05:04:34  INFO     [RO] 'AI regulation' → 79 entries, 51 kept so far
05:04:35  INFO     [FI] 'machine learning' → 84 entries, 122 kept so far
05:04:35  INFO     [PT] 'machine learning' → 100 entries, 179 kept so far
05:04:35  INFO     [CZ] 'machine learning' → 81 entries, 59 kept so far
05:04:36  INFO     [HU] 'machine learning' → 65 entries, 46 kept so far
05:04:36  INFO     [RO] 'machine learning' → 100 entries, 107 kept so far
05:04:37  INFO     [FI] 'EU AI Act' → 77 entries, 166 kept so far
05:04:37  INFO     [CZ] 'EU AI Act' → 74 entries, 74 kept so far
05:04:37  INFO     [PT] 'EU AI Act' → 67 entries, 193 kept so far
05:04:37  INFO     [HU] 'EU AI Act' → 79 entries, 68 kept so far
05:04:37  INFO     [RO] 'EU AI Act' → 78 entries, 134 kept so far
05:04:38  INFO     [FI] 'generative AI' → 71 entries, 209 kept so far
05:04:38  INFO     [CZ] 'generative AI' → 77 entries, 93 kept so far
05:04:39  INFO     [PT] 'generative AI' → 100 entries, 226 kept so far
05:04:39  INFO     [HU] 'generative AI' → 67 entries, 90 kept so far
05:04:39  INFO     [RO] 'generative AI' → 90 entries, 158 kept so far
05:04:39  INFO     [FI] +117 new articles saved
05:04:39  INFO     [CZ] +60 new articles saved
05:04:40  INFO     [GR] 'artificial intelligence' → 100 entries, 42 kept so far
05:04:40  INFO     [PT] +147 new articles saved
05:04:40  INFO     [HU] +55 new articles saved
05:04:40  INFO     [RO] +100 new articles saved
05:04:40  INFO     [IE] 'artificial intelligence' → 100 entries, 67 kept so far
05:04:40  INFO     [HR] 'artificial intelligence' → 100 entries, 61 kept so far
05:04:41  INFO     [BG] 'artificial intelligence' → 83 entries, 34 kept so far
05:04:41  INFO     [SK] 'artificial intelligence' → 100 entries, 20 kept so far
05:04:41  INFO     [GR] 'AI regulation' → 69 entries, 97 kept so far
05:04:42  INFO     [HR] 'AI regulation' → 100 entries, 109 kept so far
05:04:42  INFO     [BG] 'AI regulation' → 23 entries, 36 kept so far
05:04:42  INFO     [IE] 'AI regulation' → 100 entries, 115 kept so far
05:04:42  INFO     [SK] 'AI regulation' → 23 entries, 23 kept so far
05:04:43  INFO     [GR] 'machine learning' → 100 entries, 138 kept so far
05:04:43  INFO     [HR] 'machine learning' → 100 entries, 187 kept so far
05:04:43  INFO     [BG] 'machine learning' → 53 entries, 47 kept so far
05:04:44  INFO     [IE] 'machine learning' → 100 entries, 195 kept so far
05:04:44  INFO     [SK] 'machine learning' → 59 entries, 40 kept so far
05:04:44  INFO     [GR] 'EU AI Act' → 63 entries, 153 kept so far
05:04:45  INFO     [HR] 'EU AI Act' → 100 entries, 271 kept so far
05:04:45  INFO     [BG] 'EU AI Act' → 17 entries, 49 kept so far
05:04:45  INFO     [SK] 'EU AI Act' → 67 entries, 49 kept so far
05:04:46  INFO     [IE] 'EU AI Act' → 100 entries, 273 kept so far
05:04:46  INFO     [GR] 'generative AI' → 100 entries, 199 kept so far
05:04:46  INFO     [BG] 'generative AI' → 36 entries, 56 kept so far
05:04:46  INFO     [HR] 'generative AI' → 100 entries, 338 kept so far
05:04:47  INFO     [SK] 'generative AI' → 51 entries, 64 kept so far
05:04:47  INFO     [GR] +137 new articles saved
05:04:47  INFO     [IE] 'generative AI' → 100 entries, 334 kept so far
05:04:47  INFO     [LT] 'artificial intelligence' → 77 entries, 23 kept so far
05:04:47  INFO     [BG] +34 new articles saved
05:04:47  INFO     [HR] +304 new articles saved
05:04:48  INFO     [LV] 'artificial intelligence' → 71 entries, 23 kept so far
05:04:48  INFO     [SK] +35 new articles saved
05:04:48  INFO     [SI] 'artificial intelligence' → 100 entries, 42 kept so far
05:04:48  INFO     [IE] +111 new articles saved
05:04:48  INFO     [EE] 'artificial intelligence' → 99 entries, 45 kept so far
05:04:49  INFO     [CY] 'artificial intelligence' → 100 entries, 42 kept so far
05:04:49  INFO     [LT] 'AI regulation' → 7 entries, 23 kept so far
05:04:49  INFO     [LV] 'AI regulation' → 3 entries, 23 kept so far
05:04:49  INFO     [SI] 'AI regulation' → 5 entries, 42 kept so far
05:04:50  INFO     [EE] 'AI regulation' → 5 entries, 45 kept so far
05:04:50  INFO     [LT] 'machine learning' → 30 entries, 26 kept so far
05:04:50  INFO     [LV] 'machine learning' → 12 entries, 27 kept so far
05:04:51  INFO     [SI] 'machine learning' → 20 entries, 43 kept so far
05:04:51  INFO     [CY] 'AI regulation' → 69 entries, 97 kept so far
05:04:51  INFO     [EE] 'machine learning' → 21 entries, 46 kept so far
05:04:51  INFO     [LT] 'EU AI Act' → 19 entries, 28 kept so far
05:04:52  INFO     [LV] 'EU AI Act' → 8 entries, 28 kept so far
05:04:52  INFO     [SI] 'EU AI Act' → 23 entries, 49 kept so far
05:04:53  INFO     [EE] 'EU AI Act' → 8 entries, 46 kept so far
05:04:53  INFO     [LT] 'generative AI' → 16 entries, 34 kept so far
05:04:53  INFO     [CY] 'machine learning' → 100 entries, 137 kept so far
05:04:53  INFO     [LV] 'generative AI' → 10 entries, 29 kept so far
05:04:53  INFO     [SI] 'generative AI' → 14 entries, 51 kept so far
05:04:54  INFO     [LT] +12 new articles saved
05:04:54  INFO     [EE] 'generative AI' → 11 entries, 49 kept so far
05:04:54  INFO     [LU] 'artificial intelligence' → 100 entries, 61 kept so far
05:04:54  INFO     [LV] +14 new articles saved
05:04:54  INFO     [CY] 'EU AI Act' → 63 entries, 152 kept so far
05:04:54  INFO     [MT] 'artificial intelligence' → 100 entries, 61 kept so far
05:04:54  INFO     [SI] +21 new articles saved
05:04:55  INFO     [EE] +29 new articles saved
05:04:55  INFO     [MT] 'AI regulation' → 100 entries, 109 kept so far
05:04:56  INFO     [LU] 'AI regulation' → 99 entries, 148 kept so far
05:04:56  INFO     [CY] 'generative AI' → 100 entries, 199 kept so far
05:04:57  INFO     [MT] 'machine learning' → 100 entries, 187 kept so far
05:04:57  INFO     [CY] +0 new articles saved
05:04:57  INFO     [LU] 'machine learning' → 100 entries, 206 kept so far
05:04:58  INFO     [MT] 'EU AI Act' → 100 entries, 271 kept so far
05:04:59  INFO     [LU] 'EU AI Act' → 92 entries, 246 kept so far
05:04:59  INFO     [MT] 'generative AI' → 100 entries, 338 kept so far
05:05:00  INFO     [MT] +0 new articles saved
05:05:00  INFO     [LU] 'generative AI' → 100 entries, 273 kept so far
05:05:01  INFO     [LU] +0 new articles saved
05:05:01  INFO     Scrape complete. 2237 new articles this run.
