05:09:11  INFO     Starting scrape: 27 countries, 5 queries each
/home/runner/work/EU_AI_News/EU_AI_News/eu_ai_news_scraper.py:230: DeprecationWarning: datetime.datetime.utcnow() is deprecated and scheduled for removal in a future version. Use timezone-aware objects to represent datetimes in UTC: datetime.datetime.now(datetime.UTC).
  "scraped_at":   datetime.utcnow().isoformat(),
05:09:12  INFO     [DE] 'artificial intelligence' → 100 entries, 53 kept so far
05:09:12  INFO     [FR] 'artificial intelligence' → 101 entries, 54 kept so far
05:09:12  INFO     [PL] 'artificial intelligence' → 100 entries, 15 kept so far
05:09:12  INFO     [IT] 'artificial intelligence' → 100 entries, 40 kept so far
05:09:12  INFO     [ES] 'artificial intelligence' → 100 entries, 59 kept so far
05:09:14  INFO     [DE] 'AI regulation' → 100 entries, 134 kept so far
05:09:14  INFO     [FR] 'AI regulation' → 100 entries, 145 kept so far
05:09:14  INFO     [PL] 'AI regulation' → 78 entries, 78 kept so far
05:09:14  INFO     [IT] 'AI regulation' → 100 entries, 130 kept so far
05:09:14  INFO     [ES] 'AI regulation' → 77 entries, 104 kept so far
05:09:15  INFO     [FR] 'machine learning' → 100 entries, 203 kept so far
05:09:15  INFO     [DE] 'machine learning' → 100 entries, 188 kept so far
05:09:15  INFO     [PL] 'machine learning' → 100 entries, 124 kept so far
05:09:16  INFO     [IT] 'machine learning' → 100 entries, 210 kept so far
05:09:16  INFO     [ES] 'machine learning' → 100 entries, 179 kept so far
05:09:17  INFO     [FR] 'EU AI Act' → 100 entries, 250 kept so far
05:09:17  INFO     [PL] 'EU AI Act' → 78 entries, 139 kept so far
05:09:17  INFO     [DE] 'EU AI Act' → 100 entries, 261 kept so far
05:09:17  INFO     [IT] 'EU AI Act' → 100 entries, 273 kept so far
05:09:18  INFO     [ES] 'EU AI Act' → 77 entries, 207 kept so far
05:09:19  INFO     [PL] 'generative AI' → 100 entries, 169 kept so far
05:09:19  INFO     [FR] 'generative AI' → 100 entries, 272 kept so far
05:09:19  INFO     [DE] 'generative AI' → 100 entries, 284 kept so far
05:09:19  INFO     [IT] 'generative AI' → 100 entries, 315 kept so far
05:09:19  INFO     [ES] 'generative AI' → 100 entries, 250 kept so far
05:09:20  INFO     [PL] +97 new articles saved
05:09:20  INFO     [FR] +173 new articles saved
05:09:20  INFO     [DE] +207 new articles saved
05:09:20  INFO     [IT] +221 new articles saved
05:09:20  INFO     [NL] 'artificial intelligence' → 100 entries, 17 kept so far
05:09:20  INFO     [ES] +174 new articles saved
05:09:21  INFO     [BE] 'artificial intelligence' → 100 entries, 64 kept so far
05:09:21  INFO     [SE] 'artificial intelligence' → 100 entries, 8 kept so far
05:09:21  INFO     [AT] 'artificial intelligence' → 100 entries, 48 kept so far
05:09:21  INFO     [DK] 'artificial intelligence' → 100 entries, 25 kept so far
05:09:22  INFO     [NL] 'AI regulation' → 79 entries, 66 kept so far
05:09:22  INFO     [BE] 'AI regulation' → 100 entries, 154 kept so far
05:09:22  INFO     [SE] 'AI regulation' → 79 entries, 23 kept so far
05:09:23  INFO     [AT] 'AI regulation' → 100 entries, 127 kept so far
05:09:23  INFO     [DK] 'AI regulation' → 48 entries, 32 kept so far
05:09:24  INFO     [NL] 'machine learning' → 100 entries, 110 kept so far
05:09:24  INFO     [SE] 'machine learning' → 83 entries, 43 kept so far
05:09:24  INFO     [BE] 'machine learning' → 100 entries, 213 kept so far
05:09:24  INFO     [AT] 'machine learning' → 100 entries, 183 kept so far
05:09:24  INFO     [DK] 'machine learning' → 83 entries, 51 kept so far
05:09:25  INFO     [NL] 'EU AI Act' → 100 entries, 143 kept so far
05:09:26  INFO     [SE] 'EU AI Act' → 67 entries, 54 kept so far
05:09:26  INFO     [BE] 'EU AI Act' → 100 entries, 259 kept so far
05:09:26  INFO     [AT] 'EU AI Act' → 100 entries, 259 kept so far
05:09:26  INFO     [DK] 'EU AI Act' → 71 entries, 63 kept so far
05:09:27  INFO     [NL] 'generative AI' → 100 entries, 173 kept so far
05:09:27  INFO     [SE] 'generative AI' → 77 entries, 69 kept so far
05:09:27  INFO     [BE] 'generative AI' → 100 entries, 285 kept so far
05:09:28  INFO     [AT] 'generative AI' → 100 entries, 284 kept so far
05:09:28  INFO     [DK] 'generative AI' → 89 entries, 91 kept so far
05:09:28  INFO     [NL] +97 new articles saved
05:09:28  INFO     [SE] +38 new articles saved
05:09:28  INFO     [BE] +34 new articles saved
05:09:29  INFO     [FI] 'artificial intelligence' → 100 entries, 62 kept so far
05:09:29  INFO     [AT] +41 new articles saved
05:09:29  INFO     [DK] +49 new articles saved
05:09:29  INFO     [PT] 'artificial intelligence' → 100 entries, 60 kept so far
05:09:29  INFO     [CZ] 'artificial intelligence' → 100 entries, 20 kept so far
05:09:29  INFO     [RO] 'artificial intelligence' → 100 entries, 37 kept so far
05:09:29  INFO     [HU] 'artificial intelligence' → 100 entries, 19 kept so far
05:09:30  INFO     [FI] 'AI regulation' → 60 entries, 78 kept so far
05:09:31  INFO     [CZ] 'AI regulation' → 77 entries, 42 kept so far
05:09:31  INFO     [PT] 'AI regulation' → 76 entries, 96 kept so far
05:09:31  INFO     [RO] 'AI regulation' → 78 entries, 47 kept so far
05:09:31  INFO     [HU] 'AI regulation' → 78 entries, 23 kept so far
05:09:32  INFO     [FI] 'machine learning' → 93 entries, 120 kept so far
05:09:32  INFO     [CZ] 'machine learning' → 74 entries, 62 kept so far
05:09:32  INFO     [PT] 'machine learning' → 100 entries, 171 kept so far
05:09:33  INFO     [HU] 'machine learning' → 71 entries, 42 kept so far
05:09:33  INFO     [RO] 'machine learning' → 100 entries, 105 kept so far
05:09:34  INFO     [CZ] 'EU AI Act' → 76 entries, 80 kept so far
05:09:34  INFO     [FI] 'EU AI Act' → 63 entries, 156 kept so far
05:09:34  INFO     [PT] 'EU AI Act' → 76 entries, 185 kept so far
05:09:34  INFO     [HU] 'EU AI Act' → 79 entries, 64 kept so far
05:09:35  INFO     [RO] 'EU AI Act' → 76 entries, 129 kept so far
05:09:35  INFO     [CZ] 'generative AI' → 73 entries, 102 kept so far
05:09:36  INFO     [FI] 'generative AI' → 70 entries, 197 kept so far
05:09:36  INFO     [PT] 'generative AI' → 100 entries, 223 kept so far
05:09:36  INFO     [HU] 'generative AI' → 68 entries, 89 kept so far
05:09:36  INFO     [RO] 'generative AI' → 96 entries, 155 kept so far
05:09:36  INFO     [CZ] +74 new articles saved
05:09:37  INFO     [FI] +117 new articles saved
05:09:37  INFO     [PT] +149 new articles saved
05:09:37  INFO     [GR] 'artificial intelligence' → 100 entries, 47 kept so far
05:09:37  INFO     [HU] +52 new articles saved
05:09:37  INFO     [SK] 'artificial intelligence' → 100 entries, 27 kept so far
05:09:37  INFO     [RO] +104 new articles saved
05:09:38  INFO     [HR] 'artificial intelligence' → 102 entries, 67 kept so far
05:09:38  INFO     [IE] 'artificial intelligence' → 100 entries, 67 kept so far
05:09:38  INFO     [BG] 'artificial intelligence' → 99 entries, 45 kept so far
05:09:39  INFO     [GR] 'AI regulation' → 72 entries, 96 kept so far
05:09:39  INFO     [SK] 'AI regulation' → 52 entries, 33 kept so far
05:09:39  INFO     [HR] 'AI regulation' → 100 entries, 107 kept so far
05:09:39  INFO     [BG] 'AI regulation' → 23 entries, 45 kept so far
05:09:40  INFO     [IE] 'AI regulation' → 100 entries, 116 kept so far
05:09:40  INFO     [GR] 'machine learning' → 100 entries, 136 kept so far
05:09:40  INFO     [SK] 'machine learning' → 59 entries, 44 kept so far
05:09:41  INFO     [BG] 'machine learning' → 59 entries, 52 kept so far
05:09:41  INFO     [HR] 'machine learning' → 100 entries, 164 kept so far
05:09:41  INFO     [IE] 'machine learning' → 100 entries, 183 kept so far
05:09:42  INFO     [SK] 'EU AI Act' → 60 entries, 55 kept so far
05:09:42  INFO     [GR] 'EU AI Act' → 63 entries, 155 kept so far
05:09:42  INFO     [BG] 'EU AI Act' → 26 entries, 58 kept so far
05:09:43  INFO     [HR] 'EU AI Act' → 100 entries, 249 kept so far
05:09:43  INFO     [IE] 'EU AI Act' → 100 entries, 262 kept so far
05:09:43  INFO     [SK] 'generative AI' → 47 entries, 65 kept so far
05:09:44  INFO     [GR] 'generative AI' → 100 entries, 204 kept so far
05:09:44  INFO     [BG] 'generative AI' → 33 entries, 63 kept so far
05:09:44  INFO     [HR] 'generative AI' → 102 entries, 312 kept so far
05:09:44  INFO     [SK] +40 new articles saved
05:09:45  INFO     [GR] +143 new articles saved
05:09:45  INFO     [BG] +41 new articles saved
05:09:45  INFO     [IE] 'generative AI' → 100 entries, 321 kept so far
05:09:45  INFO     [LT] 'artificial intelligence' → 87 entries, 29 kept so far
05:09:45  INFO     [SI] 'artificial intelligence' → 100 entries, 42 kept so far
05:09:45  INFO     [LV] 'artificial intelligence' → 66 entries, 25 kept so far
05:09:45  INFO     [HR] +294 new articles saved
05:09:46  INFO     [EE] 'artificial intelligence' → 90 entries, 41 kept so far
05:09:46  INFO     [IE] +128 new articles saved
05:09:46  INFO     [LT] 'AI regulation' → 11 entries, 29 kept so far
05:09:47  INFO     [CY] 'artificial intelligence' → 100 entries, 46 kept so far
05:09:47  INFO     [SI] 'AI regulation' → 5 entries, 42 kept so far
05:09:47  INFO     [LV] 'AI regulation' → 5 entries, 25 kept so far
05:09:47  INFO     [EE] 'AI regulation' → 7 entries, 41 kept so far
05:09:48  INFO     [LT] 'machine learning' → 36 entries, 34 kept so far
05:09:48  INFO     [SI] 'machine learning' → 23 entries, 44 kept so far
05:09:48  INFO     [LV] 'machine learning' → 13 entries, 28 kept so far
05:09:48  INFO     [CY] 'AI regulation' → 72 entries, 95 kept so far
05:09:49  INFO     [EE] 'machine learning' → 16 entries, 42 kept so far
05:09:49  INFO     [LT] 'EU AI Act' → 21 entries, 36 kept so far
05:09:49  INFO     [LV] 'EU AI Act' → 9 entries, 28 kept so far
05:09:49  INFO     [SI] 'EU AI Act' → 29 entries, 50 kept so far
05:09:50  INFO     [CY] 'machine learning' → 100 entries, 135 kept so far
05:09:50  INFO     [EE] 'EU AI Act' → 14 entries, 44 kept so far
05:09:50  INFO     [LT] 'generative AI' → 17 entries, 42 kept so far
05:09:51  INFO     [LV] 'generative AI' → 9 entries, 29 kept so far
05:09:51  INFO     [SI] 'generative AI' → 13 entries, 52 kept so far
05:09:51  INFO     [CY] 'EU AI Act' → 63 entries, 155 kept so far
05:09:51  INFO     [LT] +19 new articles saved
05:09:52  INFO     [LV] +15 new articles saved
05:09:52  INFO     [EE] 'generative AI' → 12 entries, 45 kept so far
05:09:52  INFO     [MT] 'artificial intelligence' → 102 entries, 67 kept so far
05:09:52  INFO     [SI] +24 new articles saved
05:09:52  INFO     [LU] 'artificial intelligence' → 101 entries, 54 kept so far
05:09:53  INFO     [CY] 'generative AI' → 100 entries, 204 kept so far
05:09:53  INFO     [EE] +25 new articles saved
05:09:53  INFO     [MT] 'AI regulation' → 100 entries, 107 kept so far
05:09:54  INFO     [CY] +1 new articles saved
05:09:54  INFO     [LU] 'AI regulation' → 100 entries, 145 kept so far
05:09:54  INFO     [MT] 'machine learning' → 100 entries, 164 kept so far
05:09:56  INFO     [LU] 'machine learning' → 100 entries, 203 kept so far
05:09:56  INFO     [MT] 'EU AI Act' → 100 entries, 249 kept so far
05:09:57  INFO     [MT] 'generative AI' → 102 entries, 312 kept so far
05:09:57  INFO     [LU] 'EU AI Act' → 100 entries, 251 kept so far
05:09:58  INFO     [MT] +0 new articles saved
05:09:59  INFO     [LU] 'generative AI' → 100 entries, 273 kept so far
05:10:00  INFO     [LU] +1 new articles saved
05:10:00  INFO     Scrape complete. 2358 new articles this run.
