13:06:11  INFO     Starting scrape: 27 countries, 5 queries each
13:06:12  INFO     [FR] 'artificial intelligence' → 100 entries, 51 kept so far
/home/runner/work/EU_AI_News/EU_AI_News/eu_ai_news_scraper.py:230: DeprecationWarning: datetime.datetime.utcnow() is deprecated and scheduled for removal in a future version. Use timezone-aware objects to represent datetimes in UTC: datetime.datetime.now(datetime.UTC).
  "scraped_at":   datetime.utcnow().isoformat(),
13:06:12  INFO     [DE] 'artificial intelligence' → 100 entries, 52 kept so far
13:06:12  INFO     [IT] 'artificial intelligence' → 100 entries, 40 kept so far
13:06:12  INFO     [PL] 'artificial intelligence' → 100 entries, 20 kept so far
13:06:12  INFO     [ES] 'artificial intelligence' → 100 entries, 64 kept so far
13:06:13  INFO     [DE] 'AI regulation' → 100 entries, 133 kept so far
13:06:13  INFO     [PL] 'AI regulation' → 78 entries, 82 kept so far
13:06:14  INFO     [FR] 'AI regulation' → 100 entries, 142 kept so far
13:06:14  INFO     [IT] 'AI regulation' → 100 entries, 129 kept so far
13:06:14  INFO     [ES] 'AI regulation' → 78 entries, 111 kept so far
13:06:15  INFO     [DE] 'machine learning' → 100 entries, 183 kept so far
13:06:15  INFO     [FR] 'machine learning' → 100 entries, 203 kept so far
13:06:15  INFO     [PL] 'machine learning' → 100 entries, 129 kept so far
13:06:15  INFO     [IT] 'machine learning' → 100 entries, 211 kept so far
13:06:15  INFO     [ES] 'machine learning' → 100 entries, 182 kept so far
13:06:17  INFO     [DE] 'EU AI Act' → 100 entries, 256 kept so far
13:06:17  INFO     [FR] 'EU AI Act' → 100 entries, 251 kept so far
13:06:17  INFO     [PL] 'EU AI Act' → 77 entries, 145 kept so far
13:06:17  INFO     [IT] 'EU AI Act' → 100 entries, 273 kept so far
13:06:17  INFO     [ES] 'EU AI Act' → 77 entries, 210 kept so far
13:06:18  INFO     [DE] 'generative AI' → 100 entries, 281 kept so far
13:06:18  INFO     [PL] 'generative AI' → 100 entries, 177 kept so far
13:06:18  INFO     [FR] 'generative AI' → 100 entries, 281 kept so far
13:06:19  INFO     [IT] 'generative AI' → 100 entries, 318 kept so far
13:06:19  INFO     [ES] 'generative AI' → 100 entries, 254 kept so far
13:06:19  INFO     [DE] +202 new articles saved
13:06:19  INFO     [PL] +102 new articles saved
13:06:19  INFO     [FR] +176 new articles saved
13:06:20  INFO     [IT] +226 new articles saved
13:06:20  INFO     [NL] 'artificial intelligence' → 100 entries, 16 kept so far
13:06:20  INFO     [SE] 'artificial intelligence' → 100 entries, 7 kept so far
13:06:20  INFO     [BE] 'artificial intelligence' → 100 entries, 61 kept so far
13:06:20  INFO     [ES] +182 new articles saved
13:06:20  INFO     [AT] 'artificial intelligence' → 100 entries, 44 kept so far
13:06:21  INFO     [DK] 'artificial intelligence' → 100 entries, 22 kept so far
13:06:22  INFO     [NL] 'AI regulation' → 79 entries, 63 kept so far
13:06:22  INFO     [SE] 'AI regulation' → 77 entries, 22 kept so far
13:06:22  INFO     [BE] 'AI regulation' → 100 entries, 153 kept so far
13:06:22  INFO     [AT] 'AI regulation' → 100 entries, 122 kept so far
13:06:22  INFO     [DK] 'AI regulation' → 48 entries, 30 kept so far
13:06:23  INFO     [SE] 'machine learning' → 85 entries, 43 kept so far
13:06:23  INFO     [NL] 'machine learning' → 100 entries, 108 kept so far
13:06:24  INFO     [BE] 'machine learning' → 100 entries, 214 kept so far
13:06:24  INFO     [AT] 'machine learning' → 100 entries, 177 kept so far
13:06:24  INFO     [DK] 'machine learning' → 81 entries, 49 kept so far
13:06:25  INFO     [SE] 'EU AI Act' → 63 entries, 52 kept so far
13:06:25  INFO     [NL] 'EU AI Act' → 100 entries, 140 kept so far
13:06:25  INFO     [BE] 'EU AI Act' → 100 entries, 260 kept so far
13:06:25  INFO     [AT] 'EU AI Act' → 100 entries, 254 kept so far
13:06:26  INFO     [DK] 'EU AI Act' → 75 entries, 64 kept so far
13:06:26  INFO     [SE] 'generative AI' → 80 entries, 68 kept so far
13:06:27  INFO     [NL] 'generative AI' → 100 entries, 173 kept so far
13:06:27  INFO     [BE] 'generative AI' → 100 entries, 287 kept so far
13:06:27  INFO     [AT] 'generative AI' → 100 entries, 283 kept so far
13:06:27  INFO     [DK] 'generative AI' → 90 entries, 92 kept so far
13:06:27  INFO     [SE] +39 new articles saved
13:06:28  INFO     [NL] +96 new articles saved
13:06:28  INFO     [FI] 'artificial intelligence' → 100 entries, 57 kept so far
13:06:28  INFO     [BE] +31 new articles saved
13:06:28  INFO     [AT] +45 new articles saved
13:06:28  INFO     [DK] +50 new articles saved
13:06:29  INFO     [PT] 'artificial intelligence' → 100 entries, 56 kept so far
13:06:29  INFO     [CZ] 'artificial intelligence' → 100 entries, 19 kept so far
13:06:29  INFO     [RO] 'artificial intelligence' → 100 entries, 34 kept so far
13:06:29  INFO     [HU] 'artificial intelligence' → 100 entries, 16 kept so far
13:06:30  INFO     [FI] 'AI regulation' → 60 entries, 73 kept so far
13:06:30  INFO     [CZ] 'AI regulation' → 78 entries, 41 kept so far
13:06:30  INFO     [RO] 'AI regulation' → 78 entries, 46 kept so far
13:06:30  INFO     [PT] 'AI regulation' → 77 entries, 93 kept so far
13:06:30  INFO     [HU] 'AI regulation' → 78 entries, 19 kept so far
13:06:31  INFO     [FI] 'machine learning' → 98 entries, 116 kept so far
13:06:32  INFO     [CZ] 'machine learning' → 80 entries, 61 kept so far
13:06:32  INFO     [RO] 'machine learning' → 100 entries, 107 kept so far
13:06:32  INFO     [HU] 'machine learning' → 76 entries, 40 kept so far
13:06:32  INFO     [PT] 'machine learning' → 100 entries, 170 kept so far
13:06:33  INFO     [FI] 'EU AI Act' → 65 entries, 152 kept so far
13:06:33  INFO     [CZ] 'EU AI Act' → 77 entries, 78 kept so far
13:06:34  INFO     [RO] 'EU AI Act' → 76 entries, 132 kept so far
13:06:34  INFO     [HU] 'EU AI Act' → 79 entries, 66 kept so far
13:06:34  INFO     [PT] 'EU AI Act' → 78 entries, 186 kept so far
13:06:35  INFO     [FI] 'generative AI' → 71 entries, 193 kept so far
13:06:35  INFO     [CZ] 'generative AI' → 74 entries, 96 kept so far
13:06:35  INFO     [HU] 'generative AI' → 68 entries, 85 kept so far
13:06:35  INFO     [RO] 'generative AI' → 99 entries, 156 kept so far
13:06:36  INFO     [FI] +114 new articles saved
13:06:36  INFO     [PT] 'generative AI' → 100 entries, 218 kept so far
13:06:36  INFO     [CZ] +66 new articles saved
13:06:36  INFO     [HU] +53 new articles saved
13:06:36  INFO     [GR] 'artificial intelligence' → 100 entries, 41 kept so far
13:06:36  INFO     [RO] +102 new articles saved
13:06:37  INFO     [SK] 'artificial intelligence' → 100 entries, 24 kept so far
13:06:37  INFO     [HR] 'artificial intelligence' → 100 entries, 65 kept so far
13:06:37  INFO     [PT] +143 new articles saved
13:06:37  INFO     [IE] 'artificial intelligence' → 100 entries, 64 kept so far
13:06:37  INFO     [BG] 'artificial intelligence' → 97 entries, 42 kept so far
13:06:38  INFO     [GR] 'AI regulation' → 72 entries, 92 kept so far
13:06:38  INFO     [SK] 'AI regulation' → 47 entries, 30 kept so far
13:06:39  INFO     [HR] 'AI regulation' → 100 entries, 109 kept so far
13:06:39  INFO     [BG] 'AI regulation' → 11 entries, 42 kept so far
13:06:39  INFO     [IE] 'AI regulation' → 100 entries, 109 kept so far
13:06:40  INFO     [GR] 'machine learning' → 100 entries, 131 kept so far
13:06:40  INFO     [SK] 'machine learning' → 59 entries, 43 kept so far
13:06:40  INFO     [BG] 'machine learning' → 59 entries, 50 kept so far
13:06:40  INFO     [HR] 'machine learning' → 100 entries, 172 kept so far
13:06:41  INFO     [IE] 'machine learning' → 100 entries, 179 kept so far
13:06:41  INFO     [SK] 'EU AI Act' → 66 entries, 55 kept so far
13:06:41  INFO     [GR] 'EU AI Act' → 59 entries, 150 kept so far
13:06:42  INFO     [BG] 'EU AI Act' → 19 entries, 55 kept so far
13:06:42  INFO     [HR] 'EU AI Act' → 100 entries, 259 kept so far
13:06:43  INFO     [IE] 'EU AI Act' → 100 entries, 259 kept so far
13:06:43  INFO     [SK] 'generative AI' → 50 entries, 65 kept so far
13:06:43  INFO     [GR] 'generative AI' → 100 entries, 198 kept so far
13:06:43  INFO     [BG] 'generative AI' → 31 entries, 60 kept so far
13:06:44  INFO     [HR] 'generative AI' → 100 entries, 325 kept so far
13:06:44  INFO     [SK] +39 new articles saved
13:06:44  INFO     [GR] +140 new articles saved
13:06:44  INFO     [BG] +37 new articles saved
13:06:44  INFO     [LT] 'artificial intelligence' → 86 entries, 28 kept so far
13:06:44  INFO     [IE] 'generative AI' → 100 entries, 317 kept so far
13:06:44  INFO     [SI] 'artificial intelligence' → 100 entries, 44 kept so far
13:06:44  INFO     [LV] 'artificial intelligence' → 64 entries, 25 kept so far
13:06:45  INFO     [HR] +305 new articles saved
13:06:45  INFO     [EE] 'artificial intelligence' → 91 entries, 43 kept so far
13:06:45  INFO     [IE] +118 new articles saved
13:06:46  INFO     [LT] 'AI regulation' → 11 entries, 28 kept so far
13:06:46  INFO     [LV] 'AI regulation' → 3 entries, 25 kept so far
13:06:46  INFO     [SI] 'AI regulation' → 6 entries, 44 kept so far
13:06:46  INFO     [CY] 'artificial intelligence' → 100 entries, 41 kept so far
13:06:47  INFO     [EE] 'AI regulation' → 7 entries, 43 kept so far
13:06:47  INFO     [LT] 'machine learning' → 37 entries, 33 kept so far
13:06:47  INFO     [SI] 'machine learning' → 22 entries, 46 kept so far
13:06:47  INFO     [LV] 'machine learning' → 15 entries, 28 kept so far
13:06:47  INFO     [CY] 'AI regulation' → 72 entries, 92 kept so far
13:06:48  INFO     [EE] 'machine learning' → 16 entries, 44 kept so far
13:06:48  INFO     [LT] 'EU AI Act' → 20 entries, 34 kept so far
13:06:48  INFO     [LV] 'EU AI Act' → 7 entries, 28 kept so far
13:06:48  INFO     [SI] 'EU AI Act' → 23 entries, 51 kept so far
13:06:49  INFO     [CY] 'machine learning' → 100 entries, 131 kept so far
13:06:49  INFO     [EE] 'EU AI Act' → 14 entries, 46 kept so far
13:06:50  INFO     [LT] 'generative AI' → 17 entries, 40 kept so far
13:06:50  INFO     [LV] 'generative AI' → 9 entries, 29 kept so far
13:06:50  INFO     [SI] 'generative AI' → 13 entries, 52 kept so far
13:06:51  INFO     [CY] 'EU AI Act' → 59 entries, 150 kept so far
13:06:51  INFO     [LT] +19 new articles saved
13:06:51  INFO     [LV] +15 new articles saved
13:06:51  INFO     [SI] +24 new articles saved
13:06:51  INFO     [EE] 'generative AI' → 12 entries, 47 kept so far
13:06:51  INFO     [MT] 'artificial intelligence' → 100 entries, 65 kept so far
13:06:51  INFO     [LU] 'artificial intelligence' → 100 entries, 51 kept so far
13:06:52  INFO     [EE] +28 new articles saved
13:06:52  INFO     [CY] 'generative AI' → 100 entries, 198 kept so far
13:06:52  INFO     [MT] 'AI regulation' → 100 entries, 109 kept so far
13:06:53  INFO     [LU] 'AI regulation' → 100 entries, 142 kept so far
13:06:53  INFO     [CY] +0 new articles saved
13:06:54  INFO     [MT] 'machine learning' → 100 entries, 172 kept so far
13:06:54  INFO     [LU] 'machine learning' → 100 entries, 203 kept so far
13:06:55  INFO     [MT] 'EU AI Act' → 100 entries, 259 kept so far
13:06:56  INFO     [LU] 'EU AI Act' → 100 entries, 251 kept so far
13:06:56  INFO     [MT] 'generative AI' → 100 entries, 325 kept so far
13:06:57  INFO     [MT] +0 new articles saved
13:06:58  INFO     [LU] 'generative AI' → 100 entries, 281 kept so far
13:06:59  INFO     [LU] +0 new articles saved
13:06:59  INFO     Scrape complete. 2352 new articles this run.
