19:41:09  INFO     Starting scrape: 27 countries, 5 queries each
/home/runner/work/EU_AI_News/EU_AI_News/eu_ai_news_scraper.py:230: DeprecationWarning: datetime.datetime.utcnow() is deprecated and scheduled for removal in a future version. Use timezone-aware objects to represent datetimes in UTC: datetime.datetime.now(datetime.UTC).
  "scraped_at":   datetime.utcnow().isoformat(),
19:41:10  INFO     [FR] 'artificial intelligence' → 100 entries, 44 kept so far
19:41:10  INFO     [DE] 'artificial intelligence' → 100 entries, 47 kept so far
19:41:10  INFO     [PL] 'artificial intelligence' → 100 entries, 23 kept so far
19:41:10  INFO     [ES] 'artificial intelligence' → 100 entries, 60 kept so far
19:41:10  INFO     [IT] 'artificial intelligence' → 100 entries, 41 kept so far
19:41:12  INFO     [FR] 'AI regulation' → 100 entries, 124 kept so far
19:41:12  INFO     [DE] 'AI regulation' → 99 entries, 127 kept so far
19:41:12  INFO     [PL] 'AI regulation' → 100 entries, 84 kept so far
19:41:12  INFO     [IT] 'AI regulation' → 100 entries, 130 kept so far
19:41:12  INFO     [ES] 'AI regulation' → 78 entries, 96 kept so far
19:41:13  INFO     [FR] 'machine learning' → 100 entries, 181 kept so far
19:41:13  INFO     [DE] 'machine learning' → 100 entries, 176 kept so far
19:41:13  INFO     [PL] 'machine learning' → 100 entries, 120 kept so far
19:41:14  INFO     [ES] 'machine learning' → 100 entries, 166 kept so far
19:41:14  INFO     [IT] 'machine learning' → 100 entries, 205 kept so far
19:41:15  INFO     [DE] 'EU AI Act' → 100 entries, 255 kept so far
19:41:15  INFO     [FR] 'EU AI Act' → 94 entries, 235 kept so far
19:41:15  INFO     [PL] 'EU AI Act' → 75 entries, 142 kept so far
19:41:15  INFO     [ES] 'EU AI Act' → 76 entries, 193 kept so far
19:41:15  INFO     [IT] 'EU AI Act' → 100 entries, 280 kept so far
19:41:16  INFO     [DE] 'generative AI' → 100 entries, 282 kept so far
19:41:17  INFO     [FR] 'generative AI' → 100 entries, 263 kept so far
19:41:17  INFO     [PL] 'generative AI' → 100 entries, 177 kept so far
19:41:17  INFO     [ES] 'generative AI' → 100 entries, 236 kept so far
19:41:17  INFO     [IT] 'generative AI' → 100 entries, 319 kept so far
19:41:18  INFO     [DE] +177 new articles saved
19:41:18  INFO     [FR] +144 new articles saved
19:41:18  INFO     [PL] +104 new articles saved
19:41:18  INFO     [ES] +115 new articles saved
19:41:18  INFO     [NL] 'artificial intelligence' → 100 entries, 14 kept so far
19:41:18  INFO     [IT] +196 new articles saved
19:41:18  INFO     [BE] 'artificial intelligence' → 100 entries, 55 kept so far
19:41:18  INFO     [SE] 'artificial intelligence' → 100 entries, 6 kept so far
19:41:19  INFO     [AT] 'artificial intelligence' → 100 entries, 49 kept so far
19:41:19  INFO     [DK] 'artificial intelligence' → 100 entries, 14 kept so far
19:41:20  INFO     [NL] 'AI regulation' → 74 entries, 51 kept so far
19:41:20  INFO     [SE] 'AI regulation' → 65 entries, 17 kept so far
19:41:20  INFO     [BE] 'AI regulation' → 100 entries, 142 kept so far
19:41:20  INFO     [DK] 'AI regulation' → 33 entries, 20 kept so far
19:41:20  INFO     [AT] 'AI regulation' → 100 entries, 128 kept so far
19:41:21  INFO     [NL] 'machine learning' → 100 entries, 106 kept so far
19:41:21  INFO     [SE] 'machine learning' → 77 entries, 43 kept so far
19:41:22  INFO     [DK] 'machine learning' → 85 entries, 43 kept so far
19:41:22  INFO     [BE] 'machine learning' → 100 entries, 201 kept so far
19:41:22  INFO     [AT] 'machine learning' → 100 entries, 177 kept so far
19:41:23  INFO     [NL] 'EU AI Act' → 100 entries, 137 kept so far
19:41:23  INFO     [SE] 'EU AI Act' → 69 entries, 52 kept so far
19:41:23  INFO     [DK] 'EU AI Act' → 72 entries, 58 kept so far
19:41:23  INFO     [BE] 'EU AI Act' → 97 entries, 248 kept so far
19:41:24  INFO     [AT] 'EU AI Act' → 100 entries, 255 kept so far
19:41:24  INFO     [SE] 'generative AI' → 79 entries, 59 kept so far
19:41:24  INFO     [NL] 'generative AI' → 100 entries, 162 kept so far
19:41:25  INFO     [DK] 'generative AI' → 100 entries, 91 kept so far
19:41:25  INFO     [BE] 'generative AI' → 100 entries, 272 kept so far
19:41:25  INFO     [AT] 'generative AI' → 100 entries, 283 kept so far
19:41:25  INFO     [SE] +14 new articles saved
19:41:25  INFO     [NL] +62 new articles saved
19:41:26  INFO     [DK] +30 new articles saved
19:41:26  INFO     [FI] 'artificial intelligence' → 100 entries, 62 kept so far
19:41:26  INFO     [PT] 'artificial intelligence' → 100 entries, 60 kept so far
19:41:26  INFO     [BE] +25 new articles saved
19:41:26  INFO     [AT] +35 new articles saved
19:41:26  INFO     [CZ] 'artificial intelligence' → 100 entries, 19 kept so far
19:41:27  INFO     [RO] 'artificial intelligence' → 100 entries, 44 kept so far
19:41:27  INFO     [HU] 'artificial intelligence' → 100 entries, 20 kept so far
19:41:28  INFO     [FI] 'AI regulation' → 48 entries, 74 kept so far
19:41:28  INFO     [PT] 'AI regulation' → 77 entries, 94 kept so far
19:41:28  INFO     [CZ] 'AI regulation' → 77 entries, 37 kept so far
19:41:28  INFO     [HU] 'AI regulation' → 79 entries, 24 kept so far
19:41:28  INFO     [RO] 'AI regulation' → 79 entries, 57 kept so far
19:41:29  INFO     [FI] 'machine learning' → 95 entries, 114 kept so far
19:41:30  INFO     [CZ] 'machine learning' → 85 entries, 56 kept so far
19:41:30  INFO     [PT] 'machine learning' → 100 entries, 171 kept so far
19:41:30  INFO     [HU] 'machine learning' → 76 entries, 50 kept so far
19:41:30  INFO     [RO] 'machine learning' → 100 entries, 110 kept so far
19:41:31  INFO     [FI] 'EU AI Act' → 71 entries, 150 kept so far
19:41:31  INFO     [CZ] 'EU AI Act' → 75 entries, 64 kept so far
19:41:31  INFO     [PT] 'EU AI Act' → 55 entries, 181 kept so far
19:41:31  INFO     [HU] 'EU AI Act' → 76 entries, 74 kept so far
19:41:32  INFO     [RO] 'EU AI Act' → 74 entries, 136 kept so far
19:41:32  INFO     [FI] 'generative AI' → 59 entries, 188 kept so far
19:41:33  INFO     [CZ] 'generative AI' → 85 entries, 84 kept so far
19:41:33  INFO     [PT] 'generative AI' → 100 entries, 209 kept so far
19:41:33  INFO     [HU] 'generative AI' → 75 entries, 99 kept so far
19:41:33  INFO     [RO] 'generative AI' → 85 entries, 164 kept so far
19:41:33  INFO     [FI] +97 new articles saved
19:41:34  INFO     [CZ] +48 new articles saved
19:41:34  INFO     [PT] +104 new articles saved
19:41:34  INFO     [HU] +51 new articles saved
19:41:34  INFO     [GR] 'artificial intelligence' → 100 entries, 50 kept so far
19:41:34  INFO     [HR] 'artificial intelligence' → 101 entries, 54 kept so far
19:41:34  INFO     [SK] 'artificial intelligence' → 100 entries, 24 kept so far
19:41:34  INFO     [RO] +90 new articles saved
19:41:35  INFO     [IE] 'artificial intelligence' → 100 entries, 53 kept so far
19:41:35  INFO     [BG] 'artificial intelligence' → 88 entries, 40 kept so far
19:41:36  INFO     [GR] 'AI regulation' → 63 entries, 103 kept so far
19:41:36  INFO     [HR] 'AI regulation' → 100 entries, 92 kept so far
19:41:36  INFO     [SK] 'AI regulation' → 23 entries, 29 kept so far
19:41:36  INFO     [BG] 'AI regulation' → 11 entries, 41 kept so far
19:41:36  INFO     [IE] 'AI regulation' → 100 entries, 98 kept so far
19:41:37  INFO     [HR] 'machine learning' → 100 entries, 165 kept so far
19:41:37  INFO     [SK] 'machine learning' → 57 entries, 42 kept so far
19:41:37  INFO     [GR] 'machine learning' → 100 entries, 134 kept so far
19:41:38  INFO     [BG] 'machine learning' → 57 entries, 48 kept so far
19:41:38  INFO     [IE] 'machine learning' → 100 entries, 160 kept so far
19:41:39  INFO     [HR] 'EU AI Act' → 100 entries, 238 kept so far
19:41:39  INFO     [SK] 'EU AI Act' → 77 entries, 59 kept so far
19:41:39  INFO     [GR] 'EU AI Act' → 54 entries, 153 kept so far
19:41:39  INFO     [BG] 'EU AI Act' → 17 entries, 52 kept so far
19:41:40  INFO     [IE] 'EU AI Act' → 100 entries, 226 kept so far
19:41:40  INFO     [HR] 'generative AI' → 102 entries, 295 kept so far
19:41:40  INFO     [SK] 'generative AI' → 45 entries, 65 kept so far
19:41:40  INFO     [GR] 'generative AI' → 100 entries, 196 kept so far
19:41:41  INFO     [BG] 'generative AI' → 31 entries, 56 kept so far
19:41:41  INFO     [HR] +257 new articles saved
19:41:41  INFO     [SK] +32 new articles saved
19:41:41  INFO     [GR] +122 new articles saved
19:41:42  INFO     [BG] +31 new articles saved
19:41:42  INFO     [IE] 'generative AI' → 100 entries, 284 kept so far
19:41:42  INFO     [LT] 'artificial intelligence' → 89 entries, 34 kept so far
19:41:42  INFO     [LV] 'artificial intelligence' → 69 entries, 20 kept so far
19:41:42  INFO     [SI] 'artificial intelligence' → 100 entries, 48 kept so far
19:41:42  INFO     [EE] 'artificial intelligence' → 100 entries, 45 kept so far
19:41:43  INFO     [IE] +69 new articles saved
19:41:43  INFO     [LT] 'AI regulation' → 6 entries, 34 kept so far
19:41:43  INFO     [LV] 'AI regulation' → 10 entries, 21 kept so far
19:41:43  INFO     [CY] 'artificial intelligence' → 100 entries, 48 kept so far
19:41:43  INFO     [SI] 'AI regulation' → 6 entries, 48 kept so far
19:41:44  INFO     [EE] 'AI regulation' → 6 entries, 46 kept so far
19:41:44  INFO     [LV] 'machine learning' → 10 entries, 23 kept so far
19:41:45  INFO     [LT] 'machine learning' → 30 entries, 37 kept so far
19:41:45  INFO     [SI] 'machine learning' → 24 entries, 52 kept so far
19:41:45  INFO     [CY] 'AI regulation' → 62 entries, 100 kept so far
19:41:45  INFO     [EE] 'machine learning' → 17 entries, 49 kept so far
19:41:46  INFO     [LV] 'EU AI Act' → 9 entries, 23 kept so far
19:41:46  INFO     [LT] 'EU AI Act' → 20 entries, 38 kept so far
19:41:46  INFO     [SI] 'EU AI Act' → 38 entries, 58 kept so far
19:41:46  INFO     [EE] 'EU AI Act' → 16 entries, 50 kept so far
19:41:46  INFO     [CY] 'machine learning' → 100 entries, 131 kept so far
19:41:47  INFO     [LV] 'generative AI' → 9 entries, 25 kept so far
19:41:47  INFO     [LT] 'generative AI' → 23 entries, 47 kept so far
19:41:48  INFO     [SI] 'generative AI' → 13 entries, 59 kept so far
19:41:48  INFO     [EE] 'generative AI' → 11 entries, 51 kept so far
19:41:48  INFO     [CY] 'EU AI Act' → 52 entries, 151 kept so far
19:41:48  INFO     [LV] +11 new articles saved
19:41:48  INFO     [LT] +17 new articles saved
19:41:48  INFO     [MT] 'artificial intelligence' → 101 entries, 54 kept so far
19:41:49  INFO     [SI] +21 new articles saved
19:41:49  INFO     [LU] 'artificial intelligence' → 100 entries, 44 kept so far
19:41:49  INFO     [EE] +18 new articles saved
19:41:50  INFO     [CY] 'generative AI' → 100 entries, 194 kept so far
19:41:50  INFO     [MT] 'AI regulation' → 100 entries, 92 kept so far
19:41:50  INFO     [LU] 'AI regulation' → 100 entries, 124 kept so far
19:41:51  INFO     [CY] +0 new articles saved
19:41:51  INFO     [MT] 'machine learning' → 100 entries, 165 kept so far
19:41:52  INFO     [LU] 'machine learning' → 100 entries, 181 kept so far
19:41:52  INFO     [MT] 'EU AI Act' → 100 entries, 238 kept so far
19:41:53  INFO     [MT] 'generative AI' → 102 entries, 295 kept so far
19:41:53  INFO     [LU] 'EU AI Act' → 94 entries, 235 kept so far
19:41:54  INFO     [MT] +0 new articles saved
19:41:55  INFO     [LU] 'generative AI' → 100 entries, 263 kept so far
19:41:56  INFO     [LU] +0 new articles saved
19:41:56  INFO     Scrape complete. 1870 new articles this run.
