12:55:57  INFO     Starting scrape: 27 countries, 5 queries each
/home/runner/work/EU_AI_News/EU_AI_News/eu_ai_news_scraper.py:230: DeprecationWarning: datetime.datetime.utcnow() is deprecated and scheduled for removal in a future version. Use timezone-aware objects to represent datetimes in UTC: datetime.datetime.now(datetime.UTC).
  "scraped_at":   datetime.utcnow().isoformat(),
12:55:58  INFO     [IT] 'artificial intelligence' → 100 entries, 26 kept so far
12:55:58  INFO     [DE] 'artificial intelligence' → 100 entries, 51 kept so far
12:55:58  INFO     [PL] 'artificial intelligence' → 100 entries, 17 kept so far
12:55:58  INFO     [FR] 'artificial intelligence' → 100 entries, 54 kept so far
12:55:58  INFO     [ES] 'artificial intelligence' → 100 entries, 68 kept so far
12:56:00  INFO     [DE] 'AI regulation' → 89 entries, 119 kept so far
12:56:00  INFO     [IT] 'AI regulation' → 100 entries, 113 kept so far
12:56:00  INFO     [FR] 'AI regulation' → 100 entries, 138 kept so far
12:56:00  INFO     [ES] 'AI regulation' → 81 entries, 125 kept so far
12:56:00  INFO     [PL] 'AI regulation' → 100 entries, 97 kept so far
12:56:01  INFO     [FR] 'machine learning' → 100 entries, 196 kept so far
12:56:01  INFO     [DE] 'machine learning' → 100 entries, 171 kept so far
12:56:02  INFO     [ES] 'machine learning' → 100 entries, 196 kept so far
12:56:02  INFO     [IT] 'machine learning' → 100 entries, 180 kept so far
12:56:02  INFO     [PL] 'machine learning' → 100 entries, 140 kept so far
12:56:03  INFO     [DE] 'EU AI Act' → 100 entries, 244 kept so far
12:56:03  INFO     [FR] 'EU AI Act' → 95 entries, 257 kept so far
12:56:03  INFO     [PL] 'EU AI Act' → 78 entries, 167 kept so far
12:56:03  INFO     [IT] 'EU AI Act' → 100 entries, 267 kept so far
12:56:03  INFO     [ES] 'EU AI Act' → 79 entries, 222 kept so far
12:56:04  INFO     [DE] 'generative AI' → 100 entries, 268 kept so far
12:56:05  INFO     [PL] 'generative AI' → 100 entries, 201 kept so far
12:56:05  INFO     [IT] 'generative AI' → 100 entries, 308 kept so far
12:56:05  INFO     [FR] 'generative AI' → 100 entries, 282 kept so far
12:56:05  INFO     [ES] 'generative AI' → 100 entries, 268 kept so far
12:56:06  INFO     [DE] +201 new articles saved
12:56:06  INFO     [PL] +128 new articles saved
12:56:06  INFO     [IT] +195 new articles saved
12:56:06  INFO     [FR] +164 new articles saved
12:56:06  INFO     [ES] +156 new articles saved
12:56:06  INFO     [NL] 'artificial intelligence' → 100 entries, 14 kept so far
12:56:06  INFO     [BE] 'artificial intelligence' → 100 entries, 61 kept so far
12:56:06  INFO     [SE] 'artificial intelligence' → 100 entries, 16 kept so far
12:56:07  INFO     [AT] 'artificial intelligence' → 100 entries, 48 kept so far
12:56:07  INFO     [DK] 'artificial intelligence' → 100 entries, 24 kept so far
12:56:08  INFO     [NL] 'AI regulation' → 76 entries, 60 kept so far
12:56:08  INFO     [SE] 'AI regulation' → 70 entries, 30 kept so far
12:56:08  INFO     [BE] 'AI regulation' → 100 entries, 144 kept so far
12:56:08  INFO     [AT] 'AI regulation' → 90 entries, 116 kept so far
12:56:08  INFO     [DK] 'AI regulation' → 49 entries, 38 kept so far
12:56:09  INFO     [NL] 'machine learning' → 100 entries, 114 kept so far
12:56:09  INFO     [SE] 'machine learning' → 79 entries, 51 kept so far
12:56:10  INFO     [BE] 'machine learning' → 100 entries, 202 kept so far
12:56:10  INFO     [DK] 'machine learning' → 86 entries, 62 kept so far
12:56:10  INFO     [AT] 'machine learning' → 100 entries, 177 kept so far
12:56:11  INFO     [NL] 'EU AI Act' → 97 entries, 140 kept so far
12:56:11  INFO     [SE] 'EU AI Act' → 59 entries, 54 kept so far
12:56:11  INFO     [BE] 'EU AI Act' → 99 entries, 260 kept so far
12:56:11  INFO     [DK] 'EU AI Act' → 76 entries, 77 kept so far
12:56:11  INFO     [AT] 'EU AI Act' → 100 entries, 256 kept so far
12:56:12  INFO     [NL] 'generative AI' → 100 entries, 165 kept so far
12:56:12  INFO     [SE] 'generative AI' → 74 entries, 63 kept so far
12:56:13  INFO     [DK] 'generative AI' → 91 entries, 109 kept so far
12:56:13  INFO     [AT] 'generative AI' → 100 entries, 280 kept so far
12:56:13  INFO     [BE] 'generative AI' → 100 entries, 288 kept so far
12:56:13  INFO     [NL] +75 new articles saved
12:56:13  INFO     [SE] +25 new articles saved
12:56:14  INFO     [FI] 'artificial intelligence' → 100 entries, 63 kept so far
12:56:14  INFO     [PT] 'artificial intelligence' → 100 entries, 62 kept so far
12:56:14  INFO     [DK] +51 new articles saved
12:56:14  INFO     [AT] +59 new articles saved
12:56:14  INFO     [BE] +24 new articles saved
12:56:15  INFO     [CZ] 'artificial intelligence' → 100 entries, 17 kept so far
12:56:15  INFO     [HU] 'artificial intelligence' → 100 entries, 12 kept so far
12:56:15  INFO     [RO] 'artificial intelligence' → 100 entries, 39 kept so far
12:56:15  INFO     [FI] 'AI regulation' → 62 entries, 83 kept so far
12:56:16  INFO     [PT] 'AI regulation' → 92 entries, 122 kept so far
12:56:16  INFO     [CZ] 'AI regulation' → 78 entries, 48 kept so far
12:56:16  INFO     [HU] 'AI regulation' → 78 entries, 15 kept so far
12:56:16  INFO     [RO] 'AI regulation' → 76 entries, 49 kept so far
12:56:17  INFO     [FI] 'machine learning' → 89 entries, 123 kept so far
12:56:17  INFO     [PT] 'machine learning' → 100 entries, 201 kept so far
12:56:18  INFO     [CZ] 'machine learning' → 86 entries, 67 kept so far
12:56:18  INFO     [RO] 'machine learning' → 100 entries, 104 kept so far
12:56:18  INFO     [HU] 'machine learning' → 71 entries, 42 kept so far
12:56:19  INFO     [FI] 'EU AI Act' → 71 entries, 163 kept so far
12:56:19  INFO     [PT] 'EU AI Act' → 62 entries, 213 kept so far
12:56:19  INFO     [CZ] 'EU AI Act' → 76 entries, 79 kept so far
12:56:19  INFO     [RO] 'EU AI Act' → 77 entries, 135 kept so far
12:56:19  INFO     [HU] 'EU AI Act' → 79 entries, 66 kept so far
12:56:20  INFO     [FI] 'generative AI' → 57 entries, 193 kept so far
12:56:21  INFO     [CZ] 'generative AI' → 76 entries, 97 kept so far
12:56:21  INFO     [PT] 'generative AI' → 100 entries, 243 kept so far
12:56:21  INFO     [HU] 'generative AI' → 69 entries, 89 kept so far
12:56:21  INFO     [RO] 'generative AI' → 86 entries, 162 kept so far
12:56:21  INFO     [FI] +97 new articles saved
12:56:22  INFO     [GR] 'artificial intelligence' → 100 entries, 47 kept so far
12:56:22  INFO     [CZ] +62 new articles saved
12:56:22  INFO     [PT] +155 new articles saved
12:56:22  INFO     [HU] +44 new articles saved
12:56:22  INFO     [RO] +87 new articles saved
12:56:22  INFO     [SK] 'artificial intelligence' → 100 entries, 22 kept so far
12:56:22  INFO     [HR] 'artificial intelligence' → 100 entries, 46 kept so far
12:56:23  INFO     [BG] 'artificial intelligence' → 79 entries, 37 kept so far
12:56:23  INFO     [IE] 'artificial intelligence' → 100 entries, 50 kept so far
12:56:23  INFO     [GR] 'AI regulation' → 64 entries, 105 kept so far
12:56:24  INFO     [SK] 'AI regulation' → 22 entries, 25 kept so far
12:56:24  INFO     [HR] 'AI regulation' → 100 entries, 91 kept so far
12:56:24  INFO     [BG] 'AI regulation' → 17 entries, 38 kept so far
12:56:24  INFO     [IE] 'AI regulation' → 100 entries, 83 kept so far
12:56:25  INFO     [GR] 'machine learning' → 93 entries, 144 kept so far
12:56:25  INFO     [SK] 'machine learning' → 57 entries, 37 kept so far
12:56:25  INFO     [BG] 'machine learning' → 54 entries, 46 kept so far
12:56:26  INFO     [HR] 'machine learning' → 100 entries, 167 kept so far
12:56:26  INFO     [IE] 'machine learning' → 100 entries, 154 kept so far
12:56:26  INFO     [GR] 'EU AI Act' → 60 entries, 160 kept so far
12:56:27  INFO     [SK] 'EU AI Act' → 57 entries, 48 kept so far
12:56:27  INFO     [BG] 'EU AI Act' → 15 entries, 50 kept so far
12:56:27  INFO     [HR] 'EU AI Act' → 100 entries, 248 kept so far
12:56:28  INFO     [GR] 'generative AI' → 100 entries, 203 kept so far
12:56:28  INFO     [IE] 'EU AI Act' → 100 entries, 227 kept so far
12:56:28  INFO     [BG] 'generative AI' → 28 entries, 55 kept so far
12:56:28  INFO     [SK] 'generative AI' → 41 entries, 56 kept so far
12:56:29  INFO     [HR] 'generative AI' → 100 entries, 302 kept so far
12:56:29  INFO     [GR] +128 new articles saved
12:56:29  INFO     [BG] +30 new articles saved
12:56:29  INFO     [LT] 'artificial intelligence' → 83 entries, 27 kept so far
12:56:29  INFO     [SK] +24 new articles saved
12:56:29  INFO     [IE] 'generative AI' → 100 entries, 275 kept so far
12:56:30  INFO     [SI] 'artificial intelligence' → 100 entries, 48 kept so far
12:56:30  INFO     [LV] 'artificial intelligence' → 61 entries, 22 kept so far
12:56:30  INFO     [HR] +261 new articles saved
12:56:30  INFO     [EE] 'artificial intelligence' → 100 entries, 44 kept so far
12:56:30  INFO     [IE] +90 new articles saved
12:56:30  INFO     [LT] 'AI regulation' → 16 entries, 29 kept so far
12:56:31  INFO     [LV] 'AI regulation' → 8 entries, 22 kept so far
12:56:31  INFO     [SI] 'AI regulation' → 11 entries, 48 kept so far
12:56:31  INFO     [CY] 'artificial intelligence' → 100 entries, 47 kept so far
12:56:32  INFO     [EE] 'AI regulation' → 7 entries, 44 kept so far
12:56:32  INFO     [LT] 'machine learning' → 30 entries, 33 kept so far
12:56:32  INFO     [LV] 'machine learning' → 9 entries, 23 kept so far
12:56:32  INFO     [SI] 'machine learning' → 21 entries, 50 kept so far
12:56:33  INFO     [CY] 'AI regulation' → 64 entries, 105 kept so far
12:56:33  INFO     [EE] 'machine learning' → 15 entries, 46 kept so far
12:56:33  INFO     [LT] 'EU AI Act' → 23 entries, 35 kept so far
12:56:33  INFO     [LV] 'EU AI Act' → 6 entries, 23 kept so far
12:56:34  INFO     [SI] 'EU AI Act' → 21 entries, 53 kept so far
12:56:34  INFO     [CY] 'machine learning' → 94 entries, 144 kept so far
12:56:34  INFO     [EE] 'EU AI Act' → 11 entries, 47 kept so far
12:56:35  INFO     [LT] 'generative AI' → 19 entries, 42 kept so far
12:56:35  INFO     [LV] 'generative AI' → 8 entries, 25 kept so far
12:56:35  INFO     [SI] 'generative AI' → 12 entries, 54 kept so far
12:56:35  INFO     [CY] 'EU AI Act' → 60 entries, 160 kept so far
12:56:36  INFO     [LT] +13 new articles saved
12:56:36  INFO     [EE] 'generative AI' → 11 entries, 49 kept so far
12:56:36  INFO     [LV] +10 new articles saved
12:56:36  INFO     [MT] 'artificial intelligence' → 100 entries, 46 kept so far
12:56:36  INFO     [SI] +18 new articles saved
12:56:36  INFO     [LU] 'artificial intelligence' → 100 entries, 54 kept so far
12:56:37  INFO     [EE] +25 new articles saved
12:56:37  INFO     [CY] 'generative AI' → 100 entries, 203 kept so far
12:56:37  INFO     [MT] 'AI regulation' → 100 entries, 91 kept so far
12:56:38  INFO     [LU] 'AI regulation' → 100 entries, 137 kept so far
12:56:38  INFO     [CY] +1 new articles saved
12:56:38  INFO     [MT] 'machine learning' → 100 entries, 167 kept so far
12:56:39  INFO     [LU] 'machine learning' → 100 entries, 195 kept so far
12:56:39  INFO     [MT] 'EU AI Act' → 100 entries, 248 kept so far
12:56:41  INFO     [MT] 'generative AI' → 100 entries, 302 kept so far
12:56:41  INFO     [LU] 'EU AI Act' → 95 entries, 256 kept so far
12:56:42  INFO     [MT] +0 new articles saved
12:56:42  INFO     [LU] 'generative AI' → 100 entries, 281 kept so far
12:56:43  INFO     [LU] +0 new articles saved
12:56:43  INFO     Scrape complete. 2123 new articles this run.
