04:23:17  INFO     Starting scrape: 27 countries, 5 queries each
/home/runner/work/EU_AI_News/EU_AI_News/eu_ai_news_scraper.py:230: DeprecationWarning: datetime.datetime.utcnow() is deprecated and scheduled for removal in a future version. Use timezone-aware objects to represent datetimes in UTC: datetime.datetime.now(datetime.UTC).
  "scraped_at":   datetime.utcnow().isoformat(),
04:23:18  INFO     [DE] 'artificial intelligence' → 100 entries, 42 kept so far
04:23:18  INFO     [IT] 'artificial intelligence' → 100 entries, 50 kept so far
04:23:18  INFO     [FR] 'artificial intelligence' → 100 entries, 53 kept so far
04:23:18  INFO     [PL] 'artificial intelligence' → 100 entries, 11 kept so far
04:23:18  INFO     [ES] 'artificial intelligence' → 100 entries, 62 kept so far
04:23:19  INFO     [FR] 'AI regulation' → 46 entries, 94 kept so far
04:23:19  INFO     [DE] 'AI regulation' → 100 entries, 118 kept so far
04:23:20  INFO     [IT] 'AI regulation' → 100 entries, 134 kept so far
04:23:20  INFO     [ES] 'AI regulation' → 80 entries, 116 kept so far
04:23:20  INFO     [PL] 'AI regulation' → 100 entries, 88 kept so far
04:23:21  INFO     [FR] 'machine learning' → 100 entries, 152 kept so far
04:23:21  INFO     [DE] 'machine learning' → 100 entries, 175 kept so far
04:23:21  INFO     [ES] 'machine learning' → 100 entries, 195 kept so far
04:23:21  INFO     [IT] 'machine learning' → 100 entries, 207 kept so far
04:23:22  INFO     [FR] 'EU AI Act' → 82 entries, 207 kept so far
04:23:22  INFO     [DE] 'EU AI Act' → 100 entries, 229 kept so far
04:23:23  INFO     [PL] 'machine learning' → 100 entries, 128 kept so far
04:23:23  INFO     [ES] 'EU AI Act' → 76 entries, 220 kept so far
04:23:23  INFO     [IT] 'EU AI Act' → 100 entries, 287 kept so far
04:23:24  INFO     [FR] 'generative AI' → 100 entries, 233 kept so far
04:23:24  INFO     [DE] 'generative AI' → 100 entries, 251 kept so far
04:23:24  INFO     [PL] 'EU AI Act' → 39 entries, 150 kept so far
04:23:25  INFO     [IT] 'generative AI' → 100 entries, 329 kept so far
04:23:25  INFO     [FR] +116 new articles saved
04:23:25  INFO     [DE] +184 new articles saved
04:23:25  INFO     [NL] 'artificial intelligence' → 100 entries, 13 kept so far
04:23:25  INFO     [BE] 'artificial intelligence' → 100 entries, 60 kept so far
04:23:26  INFO     [IT] +228 new articles saved
04:23:26  INFO     [ES] 'generative AI' → 100 entries, 263 kept so far
04:23:26  INFO     [SE] 'artificial intelligence' → 100 entries, 7 kept so far
04:23:26  INFO     [PL] 'generative AI' → 100 entries, 181 kept so far
04:23:27  INFO     [NL] 'AI regulation' → 76 entries, 63 kept so far
04:23:27  INFO     [BE] 'AI regulation' → 100 entries, 139 kept so far
04:23:27  INFO     [ES] +155 new articles saved
04:23:27  INFO     [PL] +126 new articles saved
04:23:28  INFO     [AT] 'artificial intelligence' → 100 entries, 39 kept so far
04:23:28  INFO     [SE] 'AI regulation' → 74 entries, 24 kept so far
04:23:28  INFO     [DK] 'artificial intelligence' → 100 entries, 20 kept so far
04:23:28  INFO     [NL] 'machine learning' → 100 entries, 117 kept so far
04:23:29  INFO     [BE] 'machine learning' → 100 entries, 196 kept so far
04:23:29  INFO     [AT] 'AI regulation' → 100 entries, 115 kept so far
04:23:29  INFO     [SE] 'machine learning' → 78 entries, 44 kept so far
04:23:29  INFO     [DK] 'AI regulation' → 41 entries, 33 kept so far
04:23:30  INFO     [NL] 'EU AI Act' → 94 entries, 143 kept so far
04:23:30  INFO     [BE] 'EU AI Act' → 91 entries, 248 kept so far
04:23:31  INFO     [AT] 'machine learning' → 100 entries, 169 kept so far
04:23:31  INFO     [SE] 'EU AI Act' → 74 entries, 47 kept so far
04:23:31  INFO     [DK] 'machine learning' → 77 entries, 54 kept so far
04:23:32  INFO     [NL] 'generative AI' → 100 entries, 172 kept so far
04:23:32  INFO     [BE] 'generative AI' → 100 entries, 273 kept so far
04:23:32  INFO     [SE] 'generative AI' → 72 entries, 57 kept so far
04:23:32  INFO     [AT] 'EU AI Act' → 100 entries, 239 kept so far
04:23:33  INFO     [DK] 'EU AI Act' → 76 entries, 70 kept so far
04:23:33  INFO     [NL] +81 new articles saved
04:23:33  INFO     [BE] +62 new articles saved
04:23:33  INFO     [FI] 'artificial intelligence' → 100 entries, 66 kept so far
04:23:33  INFO     [SE] +22 new articles saved
04:23:34  INFO     [PT] 'artificial intelligence' → 100 entries, 62 kept so far
04:23:34  INFO     [CZ] 'artificial intelligence' → 100 entries, 17 kept so far
04:23:34  INFO     [AT] 'generative AI' → 100 entries, 261 kept so far
04:23:34  INFO     [DK] 'generative AI' → 91 entries, 97 kept so far
04:23:35  INFO     [FI] 'AI regulation' → 56 entries, 78 kept so far
04:23:35  INFO     [AT] +44 new articles saved
04:23:35  INFO     [PT] 'AI regulation' → 95 entries, 120 kept so far
04:23:35  INFO     [DK] +33 new articles saved
04:23:36  INFO     [CZ] 'AI regulation' → 76 entries, 40 kept so far
04:23:36  INFO     [RO] 'artificial intelligence' → 100 entries, 41 kept so far
04:23:36  INFO     [HU] 'artificial intelligence' → 100 entries, 13 kept so far
04:23:36  INFO     [FI] 'machine learning' → 88 entries, 123 kept so far
04:23:37  INFO     [PT] 'machine learning' → 100 entries, 193 kept so far
04:23:37  INFO     [RO] 'AI regulation' → 80 entries, 50 kept so far
04:23:37  INFO     [CZ] 'machine learning' → 74 entries, 56 kept so far
04:23:37  INFO     [HU] 'AI regulation' → 78 entries, 19 kept so far
04:23:38  INFO     [FI] 'EU AI Act' → 77 entries, 163 kept so far
04:23:38  INFO     [PT] 'EU AI Act' → 57 entries, 204 kept so far
04:23:39  INFO     [CZ] 'EU AI Act' → 75 entries, 69 kept so far
04:23:39  INFO     [HU] 'machine learning' → 46 entries, 42 kept so far
04:23:39  INFO     [RO] 'machine learning' → 100 entries, 100 kept so far
04:23:39  INFO     [FI] 'generative AI' → 59 entries, 200 kept so far
04:23:40  INFO     [PT] 'generative AI' → 100 entries, 237 kept so far
04:23:40  INFO     [CZ] 'generative AI' → 77 entries, 84 kept so far
04:23:40  INFO     [FI] +99 new articles saved
04:23:40  INFO     [HU] 'EU AI Act' → 78 entries, 66 kept so far
04:23:40  INFO     [RO] 'EU AI Act' → 78 entries, 117 kept so far
04:23:41  INFO     [GR] 'artificial intelligence' → 100 entries, 37 kept so far
04:23:41  INFO     [PT] +151 new articles saved
04:23:41  INFO     [CZ] +55 new articles saved
04:23:42  INFO     [SK] 'artificial intelligence' → 100 entries, 23 kept so far
04:23:42  INFO     [HU] 'generative AI' → 74 entries, 87 kept so far
04:23:42  INFO     [RO] 'generative AI' → 78 entries, 138 kept so far
04:23:42  INFO     [IE] 'artificial intelligence' → 100 entries, 49 kept so far
04:23:42  INFO     [GR] 'AI regulation' → 32 entries, 66 kept so far
04:23:43  INFO     [HU] +50 new articles saved
04:23:43  INFO     [RO] +73 new articles saved
04:23:43  INFO     [SK] 'AI regulation' → 24 entries, 26 kept so far
04:23:43  INFO     [HR] 'artificial intelligence' → 102 entries, 48 kept so far
04:23:43  INFO     [BG] 'artificial intelligence' → 76 entries, 34 kept so far
04:23:44  INFO     [GR] 'machine learning' → 100 entries, 107 kept so far
04:23:44  INFO     [IE] 'AI regulation' → 100 entries, 88 kept so far
04:23:44  INFO     [SK] 'machine learning' → 55 entries, 38 kept so far
04:23:45  INFO     [BG] 'AI regulation' → 13 entries, 36 kept so far
04:23:45  INFO     [HR] 'AI regulation' → 100 entries, 93 kept so far
04:23:45  INFO     [GR] 'EU AI Act' → 55 entries, 131 kept so far
04:23:45  INFO     [IE] 'machine learning' → 100 entries, 157 kept so far
04:23:46  INFO     [SK] 'EU AI Act' → 58 entries, 48 kept so far
04:23:46  INFO     [BG] 'machine learning' → 53 entries, 43 kept so far
04:23:46  INFO     [HR] 'machine learning' → 100 entries, 161 kept so far
04:23:47  INFO     [GR] 'generative AI' → 100 entries, 170 kept so far
04:23:47  INFO     [IE] 'EU AI Act' → 100 entries, 229 kept so far
04:23:47  INFO     [SK] 'generative AI' → 44 entries, 59 kept so far
04:23:47  INFO     [BG] 'EU AI Act' → 15 entries, 46 kept so far
04:23:48  INFO     [GR] +110 new articles saved
04:23:48  INFO     [HR] 'EU AI Act' → 100 entries, 250 kept so far
04:23:48  INFO     [LT] 'artificial intelligence' → 85 entries, 28 kept so far
04:23:48  INFO     [SK] +30 new articles saved
04:23:49  INFO     [SI] 'artificial intelligence' → 90 entries, 45 kept so far
04:23:49  INFO     [BG] 'generative AI' → 28 entries, 51 kept so far
04:23:49  INFO     [IE] 'generative AI' → 100 entries, 285 kept so far
04:23:50  INFO     [LT] 'AI regulation' → 18 entries, 28 kept so far
04:23:50  INFO     [HR] 'generative AI' → 102 entries, 313 kept so far
04:23:50  INFO     [BG] +25 new articles saved
04:23:50  INFO     [IE] +248 new articles saved
04:23:50  INFO     [SI] 'AI regulation' → 14 entries, 45 kept so far
04:23:50  INFO     [LV] 'artificial intelligence' → 64 entries, 21 kept so far
04:23:50  INFO     [EE] 'artificial intelligence' → 100 entries, 53 kept so far
04:23:51  INFO     [HR] +114 new articles saved
04:23:51  INFO     [LT] 'machine learning' → 30 entries, 32 kept so far
04:23:51  INFO     [SI] 'machine learning' → 22 entries, 47 kept so far
04:23:51  INFO     [CY] 'artificial intelligence' → 100 entries, 37 kept so far
04:23:51  INFO     [LV] 'AI regulation' → 7 entries, 22 kept so far
04:23:52  INFO     [EE] 'AI regulation' → 5 entries, 53 kept so far
04:23:52  INFO     [LT] 'EU AI Act' → 20 entries, 33 kept so far
04:23:53  INFO     [SI] 'EU AI Act' → 24 entries, 51 kept so far
04:23:53  INFO     [LV] 'machine learning' → 13 entries, 23 kept so far
04:23:53  INFO     [CY] 'AI regulation' → 61 entries, 91 kept so far
04:23:53  INFO     [EE] 'machine learning' → 27 entries, 55 kept so far
04:23:54  INFO     [LT] 'generative AI' → 18 entries, 39 kept so far
04:23:54  INFO     [SI] 'generative AI' → 13 entries, 53 kept so far
04:23:54  INFO     [LV] 'EU AI Act' → 5 entries, 23 kept so far
04:23:55  INFO     [EE] 'EU AI Act' → 9 entries, 55 kept so far
04:23:55  INFO     [CY] 'machine learning' → 100 entries, 131 kept so far
04:23:55  INFO     [LT] +13 new articles saved
04:23:55  INFO     [LU] 'artificial intelligence' → 100 entries, 53 kept so far
04:23:55  INFO     [SI] +20 new articles saved
04:23:55  INFO     [MT] 'artificial intelligence' → 102 entries, 48 kept so far
04:23:55  INFO     [LV] 'generative AI' → 9 entries, 26 kept so far
04:23:56  INFO     [EE] 'generative AI' → 10 entries, 58 kept so far
04:23:56  INFO     [CY] 'EU AI Act' → 55 entries, 152 kept so far
04:23:56  INFO     [MT] 'AI regulation' → 100 entries, 93 kept so far
04:23:56  INFO     [LV] +11 new articles saved
04:23:57  INFO     [LU] 'AI regulation' → 100 entries, 133 kept so far
04:23:57  INFO     [EE] +28 new articles saved
04:23:58  INFO     [CY] 'generative AI' → 100 entries, 190 kept so far
04:23:58  INFO     [MT] 'machine learning' → 100 entries, 161 kept so far
04:23:58  INFO     [LU] 'machine learning' → 100 entries, 191 kept so far
04:23:59  INFO     [CY] +21 new articles saved
04:23:59  INFO     [MT] 'EU AI Act' → 100 entries, 250 kept so far
04:24:00  INFO     [LU] 'EU AI Act' → 82 entries, 241 kept so far
04:24:00  INFO     [MT] 'generative AI' → 102 entries, 313 kept so far
04:24:01  INFO     [MT] +0 new articles saved
04:24:01  INFO     [LU] 'generative AI' → 100 entries, 265 kept so far
04:24:02  INFO     [LU] +13 new articles saved
04:24:02  INFO     Scrape complete. 2112 new articles this run.
