02:49:59  INFO     Starting scrape: 27 countries, 5 queries each
/home/runner/work/EU_AI_News/EU_AI_News/eu_ai_news_scraper.py:230: DeprecationWarning: datetime.datetime.utcnow() is deprecated and scheduled for removal in a future version. Use timezone-aware objects to represent datetimes in UTC: datetime.datetime.now(datetime.UTC).
  "scraped_at":   datetime.utcnow().isoformat(),
02:50:00  INFO     [PL] 'artificial intelligence' → 100 entries, 27 kept so far
02:50:00  INFO     [DE] 'artificial intelligence' → 100 entries, 50 kept so far
02:50:00  INFO     [IT] 'artificial intelligence' → 100 entries, 43 kept so far
02:50:00  INFO     [FR] 'artificial intelligence' → 98 entries, 40 kept so far
02:50:00  INFO     [ES] 'artificial intelligence' → 100 entries, 56 kept so far
02:50:01  INFO     [PL] 'AI regulation' → 100 entries, 89 kept so far
02:50:01  INFO     [DE] 'AI regulation' → 52 entries, 83 kept so far
02:50:01  INFO     [IT] 'AI regulation' → 100 entries, 105 kept so far
02:50:01  INFO     [ES] 'AI regulation' → 74 entries, 76 kept so far
02:50:01  INFO     [FR] 'AI regulation' → 100 entries, 100 kept so far
02:50:03  INFO     [PL] 'machine learning' → 100 entries, 126 kept so far
02:50:03  INFO     [DE] 'machine learning' → 100 entries, 135 kept so far
02:50:03  INFO     [ES] 'machine learning' → 100 entries, 147 kept so far
02:50:03  INFO     [IT] 'machine learning' → 100 entries, 181 kept so far
02:50:03  INFO     [FR] 'machine learning' → 100 entries, 158 kept so far
02:50:04  INFO     [PL] 'EU AI Act' → 74 entries, 146 kept so far
02:50:04  INFO     [DE] 'EU AI Act' → 100 entries, 211 kept so far
02:50:05  INFO     [ES] 'EU AI Act' → 76 entries, 189 kept so far
02:50:05  INFO     [FR] 'EU AI Act' → 93 entries, 212 kept so far
02:50:05  INFO     [IT] 'EU AI Act' → 100 entries, 250 kept so far
02:50:06  INFO     [PL] 'generative AI' → 100 entries, 182 kept so far
02:50:06  INFO     [DE] 'generative AI' → 100 entries, 236 kept so far
02:50:06  INFO     [ES] 'generative AI' → 100 entries, 232 kept so far
02:50:06  INFO     [IT] 'generative AI' → 100 entries, 290 kept so far
02:50:06  INFO     [FR] 'generative AI' → 100 entries, 246 kept so far
02:50:07  INFO     [PL] +103 new articles saved
02:50:07  INFO     [DE] +166 new articles saved
02:50:07  INFO     [ES] +116 new articles saved
02:50:07  INFO     [NL] 'artificial intelligence' → 100 entries, 12 kept so far
02:50:07  INFO     [IT] +152 new articles saved
02:50:07  INFO     [FR] +125 new articles saved
02:50:08  INFO     [BE] 'artificial intelligence' → 100 entries, 58 kept so far
02:50:08  INFO     [SE] 'artificial intelligence' → 100 entries, 6 kept so far
02:50:08  INFO     [AT] 'artificial intelligence' → 100 entries, 54 kept so far
02:50:08  INFO     [DK] 'artificial intelligence' → 100 entries, 10 kept so far
02:50:09  INFO     [NL] 'AI regulation' → 71 entries, 51 kept so far
02:50:09  INFO     [BE] 'AI regulation' → 100 entries, 132 kept so far
02:50:09  INFO     [SE] 'AI regulation' → 75 entries, 20 kept so far
02:50:09  INFO     [AT] 'AI regulation' → 60 entries, 93 kept so far
02:50:09  INFO     [DK] 'AI regulation' → 24 entries, 11 kept so far
02:50:10  INFO     [NL] 'machine learning' → 100 entries, 103 kept so far
02:50:11  INFO     [BE] 'machine learning' → 100 entries, 190 kept so far
02:50:11  INFO     [SE] 'machine learning' → 77 entries, 46 kept so far
02:50:11  INFO     [DK] 'machine learning' → 82 entries, 33 kept so far
02:50:11  INFO     [AT] 'machine learning' → 100 entries, 143 kept so far
02:50:12  INFO     [NL] 'EU AI Act' → 100 entries, 130 kept so far
02:50:12  INFO     [BE] 'EU AI Act' → 96 entries, 233 kept so far
02:50:12  INFO     [SE] 'EU AI Act' → 68 entries, 53 kept so far
02:50:12  INFO     [DK] 'EU AI Act' → 73 entries, 48 kept so far
02:50:13  INFO     [AT] 'EU AI Act' → 100 entries, 219 kept so far
02:50:13  INFO     [NL] 'generative AI' → 100 entries, 155 kept so far
02:50:14  INFO     [SE] 'generative AI' → 77 entries, 60 kept so far
02:50:14  INFO     [BE] 'generative AI' → 100 entries, 263 kept so far
02:50:14  INFO     [DK] 'generative AI' → 100 entries, 81 kept so far
02:50:14  INFO     [AT] 'generative AI' → 100 entries, 245 kept so far
02:50:14  INFO     [NL] +60 new articles saved
02:50:15  INFO     [SE] +19 new articles saved
02:50:15  INFO     [FI] 'artificial intelligence' → 100 entries, 58 kept so far
02:50:15  INFO     [BE] +28 new articles saved
02:50:15  INFO     [DK] +25 new articles saved
02:50:15  INFO     [AT] +38 new articles saved
02:50:15  INFO     [CZ] 'artificial intelligence' → 100 entries, 22 kept so far
02:50:16  INFO     [RO] 'artificial intelligence' → 100 entries, 42 kept so far
02:50:16  INFO     [PT] 'artificial intelligence' → 100 entries, 61 kept so far
02:50:16  INFO     [HU] 'artificial intelligence' → 100 entries, 21 kept so far
02:50:16  INFO     [FI] 'AI regulation' → 43 entries, 68 kept so far
02:50:17  INFO     [RO] 'AI regulation' → 28 entries, 48 kept so far
02:50:17  INFO     [CZ] 'AI regulation' → 77 entries, 41 kept so far
02:50:17  INFO     [HU] 'AI regulation' → 79 entries, 23 kept so far
02:50:17  INFO     [PT] 'AI regulation' → 77 entries, 98 kept so far
02:50:18  INFO     [FI] 'machine learning' → 95 entries, 112 kept so far
02:50:18  INFO     [RO] 'machine learning' → 100 entries, 106 kept so far
02:50:19  INFO     [CZ] 'machine learning' → 83 entries, 60 kept so far
02:50:19  INFO     [HU] 'machine learning' → 77 entries, 48 kept so far
02:50:19  INFO     [PT] 'machine learning' → 100 entries, 172 kept so far
02:50:20  INFO     [FI] 'EU AI Act' → 75 entries, 153 kept so far
02:50:20  INFO     [RO] 'EU AI Act' → 76 entries, 132 kept so far
02:50:20  INFO     [CZ] 'EU AI Act' → 73 entries, 68 kept so far
02:50:20  INFO     [HU] 'EU AI Act' → 75 entries, 72 kept so far
02:50:21  INFO     [PT] 'EU AI Act' → 55 entries, 180 kept so far
02:50:21  INFO     [FI] 'generative AI' → 62 entries, 194 kept so far
02:50:21  INFO     [RO] 'generative AI' → 84 entries, 161 kept so far
02:50:22  INFO     [CZ] 'generative AI' → 84 entries, 86 kept so far
02:50:22  INFO     [HU] 'generative AI' → 78 entries, 98 kept so far
02:50:22  INFO     [FI] +101 new articles saved
02:50:22  INFO     [PT] 'generative AI' → 100 entries, 207 kept so far
02:50:22  INFO     [RO] +90 new articles saved
02:50:23  INFO     [GR] 'artificial intelligence' → 100 entries, 47 kept so far
02:50:23  INFO     [CZ] +52 new articles saved
02:50:23  INFO     [HU] +50 new articles saved
02:50:23  INFO     [SK] 'artificial intelligence' → 100 entries, 26 kept so far
02:50:23  INFO     [HR] 'artificial intelligence' → 102 entries, 49 kept so far
02:50:23  INFO     [PT] +103 new articles saved
02:50:24  INFO     [IE] 'artificial intelligence' → 100 entries, 54 kept so far
02:50:24  INFO     [BG] 'artificial intelligence' → 90 entries, 39 kept so far
02:50:24  INFO     [GR] 'AI regulation' → 63 entries, 99 kept so far
02:50:24  INFO     [SK] 'AI regulation' → 19 entries, 30 kept so far
02:50:25  INFO     [HR] 'AI regulation' → 100 entries, 95 kept so far
02:50:25  INFO     [BG] 'AI regulation' → 10 entries, 40 kept so far
02:50:25  INFO     [IE] 'AI regulation' → 100 entries, 99 kept so far
02:50:26  INFO     [GR] 'machine learning' → 100 entries, 131 kept so far
02:50:26  INFO     [SK] 'machine learning' → 58 entries, 42 kept so far
02:50:26  INFO     [HR] 'machine learning' → 100 entries, 161 kept so far
02:50:26  INFO     [BG] 'machine learning' → 61 entries, 47 kept so far
02:50:27  INFO     [IE] 'machine learning' → 100 entries, 163 kept so far
02:50:27  INFO     [GR] 'EU AI Act' → 56 entries, 152 kept so far
02:50:27  INFO     [SK] 'EU AI Act' → 77 entries, 57 kept so far
02:50:28  INFO     [HR] 'EU AI Act' → 94 entries, 230 kept so far
02:50:28  INFO     [BG] 'EU AI Act' → 16 entries, 51 kept so far
02:50:29  INFO     [IE] 'EU AI Act' → 100 entries, 230 kept so far
02:50:29  INFO     [SK] 'generative AI' → 47 entries, 65 kept so far
02:50:29  INFO     [GR] 'generative AI' → 100 entries, 195 kept so far
02:50:29  INFO     [HR] 'generative AI' → 100 entries, 279 kept so far
02:50:29  INFO     [BG] 'generative AI' → 35 entries, 55 kept so far
02:50:30  INFO     [SK] +30 new articles saved
02:50:30  INFO     [GR] +120 new articles saved
02:50:30  INFO     [LT] 'artificial intelligence' → 88 entries, 32 kept so far
02:50:30  INFO     [IE] 'generative AI' → 100 entries, 278 kept so far
02:50:30  INFO     [SI] 'artificial intelligence' → 97 entries, 46 kept so far
02:50:30  INFO     [HR] +253 new articles saved
02:50:30  INFO     [BG] +30 new articles saved
02:50:31  INFO     [LV] 'artificial intelligence' → 72 entries, 22 kept so far
02:50:31  INFO     [EE] 'artificial intelligence' → 100 entries, 42 kept so far
02:50:31  INFO     [IE] +64 new articles saved
02:50:31  INFO     [LT] 'AI regulation' → 14 entries, 33 kept so far
02:50:32  INFO     [SI] 'AI regulation' → 4 entries, 46 kept so far
02:50:32  INFO     [CY] 'artificial intelligence' → 100 entries, 48 kept so far
02:50:32  INFO     [LV] 'AI regulation' → 7 entries, 22 kept so far
02:50:32  INFO     [EE] 'AI regulation' → 10 entries, 42 kept so far
02:50:33  INFO     [LT] 'machine learning' → 32 entries, 37 kept so far
02:50:33  INFO     [SI] 'machine learning' → 23 entries, 50 kept so far
02:50:33  INFO     [LV] 'machine learning' → 10 entries, 24 kept so far
02:50:33  INFO     [CY] 'AI regulation' → 63 entries, 100 kept so far
02:50:34  INFO     [EE] 'machine learning' → 17 entries, 45 kept so far
02:50:34  INFO     [LT] 'EU AI Act' → 22 entries, 38 kept so far
02:50:34  INFO     [SI] 'EU AI Act' → 40 entries, 56 kept so far
02:50:34  INFO     [LV] 'EU AI Act' → 9 entries, 24 kept so far
02:50:35  INFO     [CY] 'machine learning' → 100 entries, 132 kept so far
02:50:35  INFO     [EE] 'EU AI Act' → 15 entries, 48 kept so far
02:50:35  INFO     [LT] 'generative AI' → 24 entries, 46 kept so far
02:50:35  INFO     [SI] 'generative AI' → 13 entries, 57 kept so far
02:50:36  INFO     [LV] 'generative AI' → 9 entries, 27 kept so far
02:50:36  INFO     [CY] 'EU AI Act' → 56 entries, 152 kept so far
02:50:36  INFO     [EE] 'generative AI' → 13 entries, 51 kept so far
02:50:36  INFO     [LT] +15 new articles saved
02:50:36  INFO     [SI] +19 new articles saved
02:50:37  INFO     [MT] 'artificial intelligence' → 102 entries, 49 kept so far
02:50:37  INFO     [LV] +12 new articles saved
02:50:37  INFO     [LU] 'artificial intelligence' → 98 entries, 40 kept so far
02:50:37  INFO     [EE] +18 new articles saved
02:50:38  INFO     [CY] 'generative AI' → 100 entries, 194 kept so far
02:50:38  INFO     [MT] 'AI regulation' → 100 entries, 95 kept so far
02:50:38  INFO     [LU] 'AI regulation' → 100 entries, 100 kept so far
02:50:39  INFO     [CY] +2 new articles saved
02:50:39  INFO     [MT] 'machine learning' → 100 entries, 161 kept so far
02:50:40  INFO     [LU] 'machine learning' → 100 entries, 159 kept so far
02:50:40  INFO     [MT] 'EU AI Act' → 94 entries, 230 kept so far
02:50:42  INFO     [LU] 'EU AI Act' → 93 entries, 213 kept so far
02:50:42  INFO     [MT] 'generative AI' → 100 entries, 279 kept so far
02:50:43  INFO     [MT] +0 new articles saved
02:50:43  INFO     [LU] 'generative AI' → 100 entries, 246 kept so far
02:50:44  INFO     [LU] +0 new articles saved
02:50:44  INFO     Scrape complete. 1791 new articles this run.
