21:04:48  INFO     Starting scrape: 27 countries, 5 queries each
/home/runner/work/EU_AI_News/EU_AI_News/eu_ai_news_scraper.py:230: DeprecationWarning: datetime.datetime.utcnow() is deprecated and scheduled for removal in a future version. Use timezone-aware objects to represent datetimes in UTC: datetime.datetime.now(datetime.UTC).
  "scraped_at":   datetime.utcnow().isoformat(),
21:04:49  INFO     [DE] 'artificial intelligence' → 100 entries, 40 kept so far
21:04:49  INFO     [FR] 'artificial intelligence' → 100 entries, 49 kept so far
21:04:49  INFO     [PL] 'artificial intelligence' → 93 entries, 10 kept so far
21:04:49  INFO     [ES] 'artificial intelligence' → 100 entries, 50 kept so far
21:04:49  INFO     [IT] 'artificial intelligence' → 100 entries, 31 kept so far
21:04:50  INFO     [DE] 'AI regulation' → 100 entries, 119 kept so far
21:04:51  INFO     [FR] 'AI regulation' → 88 entries, 130 kept so far
21:04:51  INFO     [ES] 'AI regulation' → 77 entries, 87 kept so far
21:04:51  INFO     [PL] 'AI regulation' → 84 entries, 82 kept so far
21:04:51  INFO     [IT] 'AI regulation' → 100 entries, 118 kept so far
21:04:52  INFO     [DE] 'machine learning' → 100 entries, 169 kept so far
21:04:52  INFO     [FR] 'machine learning' → 100 entries, 181 kept so far
21:04:52  INFO     [ES] 'machine learning' → 100 entries, 159 kept so far
21:04:52  INFO     [PL] 'machine learning' → 100 entries, 131 kept so far
21:04:53  INFO     [IT] 'machine learning' → 100 entries, 194 kept so far
21:04:54  INFO     [DE] 'EU AI Act' → 100 entries, 220 kept so far
21:04:54  INFO     [FR] 'EU AI Act' → 83 entries, 219 kept so far
21:04:54  INFO     [ES] 'EU AI Act' → 79 entries, 185 kept so far
21:04:54  INFO     [PL] 'EU AI Act' → 75 entries, 157 kept so far
21:04:54  INFO     [IT] 'EU AI Act' → 100 entries, 261 kept so far
21:04:55  INFO     [FR] 'generative AI' → 100 entries, 247 kept so far
21:04:55  INFO     [DE] 'generative AI' → 100 entries, 241 kept so far
21:04:56  INFO     [PL] 'generative AI' → 100 entries, 185 kept so far
21:04:56  INFO     [ES] 'generative AI' → 100 entries, 232 kept so far
21:04:56  INFO     [IT] 'generative AI' → 100 entries, 306 kept so far
21:04:56  INFO     [FR] +148 new articles saved
21:04:56  INFO     [DE] +196 new articles saved
21:04:57  INFO     [PL] +124 new articles saved
21:04:57  INFO     [ES] +125 new articles saved
21:04:57  INFO     [IT] +224 new articles saved
21:04:57  INFO     [NL] 'artificial intelligence' → 102 entries, 14 kept so far
21:04:57  INFO     [BE] 'artificial intelligence' → 100 entries, 57 kept so far
21:04:57  INFO     [SE] 'artificial intelligence' → 100 entries, 12 kept so far
21:04:57  INFO     [AT] 'artificial intelligence' → 100 entries, 34 kept so far
21:04:58  INFO     [DK] 'artificial intelligence' → 100 entries, 13 kept so far
21:04:59  INFO     [NL] 'AI regulation' → 77 entries, 56 kept so far
21:04:59  INFO     [BE] 'AI regulation' → 87 entries, 137 kept so far
21:04:59  INFO     [SE] 'AI regulation' → 73 entries, 20 kept so far
21:04:59  INFO     [AT] 'AI regulation' → 100 entries, 107 kept so far
21:04:59  INFO     [DK] 'AI regulation' → 40 entries, 19 kept so far
21:05:00  INFO     [NL] 'machine learning' → 100 entries, 104 kept so far
21:05:01  INFO     [BE] 'machine learning' → 100 entries, 188 kept so far
21:05:01  INFO     [SE] 'machine learning' → 81 entries, 46 kept so far
21:05:01  INFO     [AT] 'machine learning' → 100 entries, 157 kept so far
21:05:01  INFO     [DK] 'machine learning' → 74 entries, 38 kept so far
21:05:02  INFO     [NL] 'EU AI Act' → 100 entries, 133 kept so far
21:05:02  INFO     [SE] 'EU AI Act' → 71 entries, 55 kept so far
21:05:02  INFO     [BE] 'EU AI Act' → 86 entries, 226 kept so far
21:05:02  INFO     [AT] 'EU AI Act' → 100 entries, 238 kept so far
21:05:03  INFO     [DK] 'EU AI Act' → 75 entries, 55 kept so far
21:05:04  INFO     [NL] 'generative AI' → 100 entries, 165 kept so far
21:05:04  INFO     [SE] 'generative AI' → 69 entries, 66 kept so far
21:05:04  INFO     [BE] 'generative AI' → 100 entries, 254 kept so far
21:05:04  INFO     [DK] 'generative AI' → 92 entries, 86 kept so far
21:05:04  INFO     [AT] 'generative AI' → 100 entries, 261 kept so far
21:05:05  INFO     [NL] +82 new articles saved
21:05:05  INFO     [SE] +34 new articles saved
21:05:05  INFO     [BE] +32 new articles saved
21:05:05  INFO     [DK] +34 new articles saved
21:05:05  INFO     [FI] 'artificial intelligence' → 100 entries, 60 kept so far
21:05:05  INFO     [AT] +62 new articles saved
21:05:05  INFO     [CZ] 'artificial intelligence' → 100 entries, 17 kept so far
21:05:06  INFO     [PT] 'artificial intelligence' → 100 entries, 66 kept so far
21:05:06  INFO     [HU] 'artificial intelligence' → 100 entries, 26 kept so far
21:05:06  INFO     [RO] 'artificial intelligence' → 100 entries, 40 kept so far
21:05:07  INFO     [FI] 'AI regulation' → 61 entries, 73 kept so far
21:05:07  INFO     [CZ] 'AI regulation' → 77 entries, 38 kept so far
21:05:07  INFO     [PT] 'AI regulation' → 76 entries, 104 kept so far
21:05:07  INFO     [RO] 'AI regulation' → 74 entries, 51 kept so far
21:05:07  INFO     [HU] 'AI regulation' → 78 entries, 29 kept so far
21:05:09  INFO     [CZ] 'machine learning' → 71 entries, 58 kept so far
21:05:09  INFO     [FI] 'machine learning' → 86 entries, 116 kept so far
21:05:09  INFO     [HU] 'machine learning' → 74 entries, 53 kept so far
21:05:09  INFO     [RO] 'machine learning' → 95 entries, 102 kept so far
21:05:09  INFO     [PT] 'machine learning' → 100 entries, 183 kept so far
21:05:10  INFO     [CZ] 'EU AI Act' → 71 entries, 71 kept so far
21:05:10  INFO     [FI] 'EU AI Act' → 75 entries, 159 kept so far
21:05:11  INFO     [RO] 'EU AI Act' → 75 entries, 124 kept so far
21:05:11  INFO     [HU] 'EU AI Act' → 77 entries, 74 kept so far
21:05:11  INFO     [PT] 'EU AI Act' → 59 entries, 198 kept so far
21:05:12  INFO     [CZ] 'generative AI' → 71 entries, 89 kept so far
21:05:12  INFO     [FI] 'generative AI' → 62 entries, 197 kept so far
21:05:12  INFO     [RO] 'generative AI' → 96 entries, 147 kept so far
21:05:12  INFO     [HU] 'generative AI' → 70 entries, 93 kept so far
21:05:13  INFO     [PT] 'generative AI' → 100 entries, 231 kept so far
21:05:13  INFO     [CZ] +60 new articles saved
21:05:13  INFO     [FI] +104 new articles saved
21:05:14  INFO     [GR] 'artificial intelligence' → 100 entries, 43 kept so far
21:05:14  INFO     [SK] 'artificial intelligence' → 100 entries, 23 kept so far
21:05:14  INFO     [RO] +86 new articles saved
21:05:14  INFO     [HU] +59 new articles saved
21:05:14  INFO     [PT] +153 new articles saved
21:05:14  INFO     [HR] 'artificial intelligence' → 102 entries, 55 kept so far
21:05:14  INFO     [IE] 'artificial intelligence' → 100 entries, 50 kept so far
21:05:14  INFO     [BG] 'artificial intelligence' → 81 entries, 35 kept so far
21:05:15  INFO     [SK] 'AI regulation' → 22 entries, 25 kept so far
21:05:15  INFO     [GR] 'AI regulation' → 67 entries, 89 kept so far
21:05:16  INFO     [HR] 'AI regulation' → 100 entries, 108 kept so far
21:05:16  INFO     [IE] 'AI regulation' → 100 entries, 109 kept so far
21:05:16  INFO     [BG] 'AI regulation' → 17 entries, 38 kept so far
21:05:17  INFO     [SK] 'machine learning' → 56 entries, 39 kept so far
21:05:17  INFO     [GR] 'machine learning' → 100 entries, 132 kept so far
21:05:17  INFO     [HR] 'machine learning' → 100 entries, 174 kept so far
21:05:17  INFO     [BG] 'machine learning' → 59 entries, 46 kept so far
21:05:18  INFO     [IE] 'machine learning' → 100 entries, 170 kept so far
21:05:18  INFO     [SK] 'EU AI Act' → 73 entries, 48 kept so far
21:05:18  INFO     [GR] 'EU AI Act' → 58 entries, 150 kept so far
21:05:19  INFO     [BG] 'EU AI Act' → 18 entries, 49 kept so far
21:05:19  INFO     [HR] 'EU AI Act' → 100 entries, 252 kept so far
21:05:19  INFO     [IE] 'EU AI Act' → 100 entries, 241 kept so far
21:05:20  INFO     [SK] 'generative AI' → 41 entries, 57 kept so far
21:05:20  INFO     [GR] 'generative AI' → 100 entries, 193 kept so far
21:05:20  INFO     [BG] 'generative AI' → 30 entries, 56 kept so far
21:05:20  INFO     [HR] 'generative AI' → 100 entries, 318 kept so far
21:05:21  INFO     [SK] +29 new articles saved
21:05:21  INFO     [GR] +128 new articles saved
21:05:21  INFO     [LT] 'artificial intelligence' → 72 entries, 24 kept so far
21:05:21  INFO     [IE] 'generative AI' → 100 entries, 297 kept so far
21:05:21  INFO     [BG] +34 new articles saved
21:05:21  INFO     [HR] +289 new articles saved
21:05:22  INFO     [SI] 'artificial intelligence' → 100 entries, 50 kept so far
21:05:22  INFO     [LV] 'artificial intelligence' → 68 entries, 18 kept so far
21:05:22  INFO     [EE] 'artificial intelligence' → 92 entries, 51 kept so far
21:05:22  INFO     [IE] +107 new articles saved
21:05:22  INFO     [LT] 'AI regulation' → 6 entries, 24 kept so far
21:05:23  INFO     [CY] 'artificial intelligence' → 100 entries, 43 kept so far
21:05:23  INFO     [SI] 'AI regulation' → 3 entries, 50 kept so far
21:05:23  INFO     [LV] 'AI regulation' → 7 entries, 18 kept so far
21:05:24  INFO     [EE] 'AI regulation' → 6 entries, 52 kept so far
21:05:24  INFO     [LT] 'machine learning' → 27 entries, 28 kept so far
21:05:24  INFO     [LV] 'machine learning' → 13 entries, 21 kept so far
21:05:24  INFO     [SI] 'machine learning' → 20 entries, 51 kept so far
21:05:24  INFO     [CY] 'AI regulation' → 67 entries, 89 kept so far
21:05:25  INFO     [EE] 'machine learning' → 13 entries, 53 kept so far
21:05:25  INFO     [LT] 'EU AI Act' → 17 entries, 28 kept so far
21:05:26  INFO     [LV] 'EU AI Act' → 8 entries, 21 kept so far
21:05:26  INFO     [SI] 'EU AI Act' → 25 entries, 55 kept so far
21:05:26  INFO     [CY] 'machine learning' → 100 entries, 132 kept so far
21:05:27  INFO     [EE] 'EU AI Act' → 9 entries, 54 kept so far
21:05:27  INFO     [LT] 'generative AI' → 17 entries, 33 kept so far
21:05:27  INFO     [LV] 'generative AI' → 10 entries, 22 kept so far
21:05:27  INFO     [SI] 'generative AI' → 15 entries, 56 kept so far
21:05:28  INFO     [CY] 'EU AI Act' → 59 entries, 150 kept so far
21:05:28  INFO     [LT] +12 new articles saved
21:05:28  INFO     [EE] 'generative AI' → 10 entries, 57 kept so far
21:05:28  INFO     [LV] +12 new articles saved
21:05:28  INFO     [LU] 'artificial intelligence' → 100 entries, 49 kept so far
21:05:28  INFO     [SI] +22 new articles saved
21:05:29  INFO     [MT] 'artificial intelligence' → 104 entries, 54 kept so far
21:05:29  INFO     [EE] +31 new articles saved
21:05:29  INFO     [CY] 'generative AI' → 100 entries, 193 kept so far
21:05:30  INFO     [LU] 'AI regulation' → 88 entries, 130 kept so far
21:05:30  INFO     [MT] 'AI regulation' → 100 entries, 107 kept so far
21:05:30  INFO     [CY] +0 new articles saved
21:05:31  INFO     [MT] 'machine learning' → 100 entries, 173 kept so far
21:05:31  INFO     [LU] 'machine learning' → 100 entries, 181 kept so far
21:05:32  INFO     [MT] 'EU AI Act' → 100 entries, 251 kept so far
21:05:33  INFO     [LU] 'EU AI Act' → 83 entries, 219 kept so far
21:05:34  INFO     [MT] 'generative AI' → 100 entries, 317 kept so far
21:05:34  INFO     [LU] 'generative AI' → 100 entries, 247 kept so far
21:05:35  INFO     [MT] +1 new articles saved
21:05:35  INFO     [LU] +0 new articles saved
21:05:35  INFO     Scrape complete. 2188 new articles this run.
