20:43:38  INFO     Starting scrape: 27 countries, 5 queries each
/home/runner/work/EU_AI_News/EU_AI_News/eu_ai_news_scraper.py:230: DeprecationWarning: datetime.datetime.utcnow() is deprecated and scheduled for removal in a future version. Use timezone-aware objects to represent datetimes in UTC: datetime.datetime.now(datetime.UTC).
  "scraped_at":   datetime.utcnow().isoformat(),
20:43:39  INFO     [FR] 'artificial intelligence' → 100 entries, 41 kept so far
20:43:39  INFO     [DE] 'artificial intelligence' → 100 entries, 45 kept so far
20:43:39  INFO     [IT] 'artificial intelligence' → 100 entries, 23 kept so far
20:43:39  INFO     [ES] 'artificial intelligence' → 100 entries, 52 kept so far
20:43:39  INFO     [PL] 'artificial intelligence' → 100 entries, 22 kept so far
20:43:40  INFO     [DE] 'AI regulation' → 100 entries, 124 kept so far
20:43:41  INFO     [FR] 'AI regulation' → 97 entries, 125 kept so far
20:43:41  INFO     [PL] 'AI regulation' → 79 entries, 82 kept so far
20:43:41  INFO     [ES] 'AI regulation' → 78 entries, 96 kept so far
20:43:41  INFO     [IT] 'AI regulation' → 100 entries, 114 kept so far
20:43:42  INFO     [DE] 'machine learning' → 100 entries, 177 kept so far
20:43:42  INFO     [PL] 'machine learning' → 100 entries, 129 kept so far
20:43:42  INFO     [FR] 'machine learning' → 100 entries, 181 kept so far
20:43:42  INFO     [IT] 'machine learning' → 100 entries, 186 kept so far
20:43:42  INFO     [ES] 'machine learning' → 100 entries, 171 kept so far
20:43:44  INFO     [DE] 'EU AI Act' → 100 entries, 258 kept so far
20:43:44  INFO     [PL] 'EU AI Act' → 78 entries, 153 kept so far
20:43:44  INFO     [FR] 'EU AI Act' → 90 entries, 217 kept so far
20:43:44  INFO     [IT] 'EU AI Act' → 100 entries, 234 kept so far
20:43:44  INFO     [ES] 'EU AI Act' → 78 entries, 196 kept so far
20:43:45  INFO     [DE] 'generative AI' → 100 entries, 280 kept so far
20:43:45  INFO     [PL] 'generative AI' → 100 entries, 185 kept so far
20:43:45  INFO     [FR] 'generative AI' → 100 entries, 246 kept so far
20:43:46  INFO     [IT] 'generative AI' → 100 entries, 274 kept so far
20:43:46  INFO     [ES] 'generative AI' → 100 entries, 240 kept so far
20:43:47  INFO     [DE] +199 new articles saved
20:43:47  INFO     [NL] 'artificial intelligence' → 100 entries, 18 kept so far
20:43:47  INFO     [PL] +102 new articles saved
20:43:47  INFO     [SE] 'artificial intelligence' → 100 entries, 11 kept so far
20:43:47  INFO     [BE] 'artificial intelligence' → 100 entries, 49 kept so far
20:43:47  INFO     [FR] +133 new articles saved
20:43:47  INFO     [AT] 'artificial intelligence' → 100 entries, 41 kept so far
20:43:47  INFO     [IT] +179 new articles saved
20:43:48  INFO     [DK] 'artificial intelligence' → 100 entries, 15 kept so far
20:43:48  INFO     [ES] +125 new articles saved
20:43:48  INFO     [NL] 'AI regulation' → 78 entries, 67 kept so far
20:43:48  INFO     [SE] 'AI regulation' → 74 entries, 21 kept so far
20:43:49  INFO     [BE] 'AI regulation' → 94 entries, 130 kept so far
20:43:49  INFO     [AT] 'AI regulation' → 100 entries, 117 kept so far
20:43:49  INFO     [DK] 'AI regulation' → 34 entries, 20 kept so far
20:43:50  INFO     [SE] 'machine learning' → 79 entries, 42 kept so far
20:43:50  INFO     [NL] 'machine learning' → 100 entries, 120 kept so far
20:43:50  INFO     [BE] 'machine learning' → 100 entries, 190 kept so far
20:43:51  INFO     [AT] 'machine learning' → 100 entries, 167 kept so far
20:43:51  INFO     [DK] 'machine learning' → 85 entries, 39 kept so far
20:43:51  INFO     [SE] 'EU AI Act' → 69 entries, 52 kept so far
20:43:52  INFO     [NL] 'EU AI Act' → 100 entries, 147 kept so far
20:43:52  INFO     [BE] 'EU AI Act' → 94 entries, 231 kept so far
20:43:52  INFO     [AT] 'EU AI Act' → 100 entries, 252 kept so far
20:43:52  INFO     [DK] 'EU AI Act' → 76 entries, 54 kept so far
20:43:53  INFO     [SE] 'generative AI' → 77 entries, 61 kept so far
20:43:53  INFO     [NL] 'generative AI' → 100 entries, 178 kept so far
20:43:54  INFO     [BE] 'generative AI' → 100 entries, 254 kept so far
20:43:54  INFO     [AT] 'generative AI' → 100 entries, 276 kept so far
20:43:54  INFO     [DK] 'generative AI' → 100 entries, 87 kept so far
20:43:54  INFO     [SE] +28 new articles saved
20:43:55  INFO     [FI] 'artificial intelligence' → 100 entries, 61 kept so far
20:43:55  INFO     [PT] 'artificial intelligence' → 100 entries, 62 kept so far
20:43:55  INFO     [NL] +89 new articles saved
20:43:55  INFO     [BE] +20 new articles saved
20:43:55  INFO     [AT] +55 new articles saved
20:43:55  INFO     [CZ] 'artificial intelligence' → 100 entries, 19 kept so far
20:43:55  INFO     [DK] +31 new articles saved
20:43:55  INFO     [RO] 'artificial intelligence' → 100 entries, 40 kept so far
20:43:56  INFO     [HU] 'artificial intelligence' → 100 entries, 16 kept so far
20:43:56  INFO     [FI] 'AI regulation' → 49 entries, 72 kept so far
20:43:56  INFO     [PT] 'AI regulation' → 79 entries, 96 kept so far
20:43:57  INFO     [CZ] 'AI regulation' → 76 entries, 41 kept so far
20:43:57  INFO     [RO] 'AI regulation' → 78 entries, 50 kept so far
20:43:57  INFO     [HU] 'AI regulation' → 79 entries, 21 kept so far
20:43:58  INFO     [FI] 'machine learning' → 91 entries, 120 kept so far
20:43:58  INFO     [CZ] 'machine learning' → 82 entries, 63 kept so far
20:43:58  INFO     [PT] 'machine learning' → 100 entries, 177 kept so far
20:43:59  INFO     [RO] 'machine learning' → 100 entries, 106 kept so far
20:43:59  INFO     [HU] 'machine learning' → 72 entries, 49 kept so far
20:44:00  INFO     [FI] 'EU AI Act' → 60 entries, 157 kept so far
20:44:00  INFO     [CZ] 'EU AI Act' → 72 entries, 76 kept so far
20:44:00  INFO     [PT] 'EU AI Act' → 58 entries, 190 kept so far
20:44:00  INFO     [RO] 'EU AI Act' → 78 entries, 133 kept so far
20:44:01  INFO     [HU] 'EU AI Act' → 79 entries, 76 kept so far
20:44:01  INFO     [CZ] 'generative AI' → 81 entries, 97 kept so far
20:44:01  INFO     [FI] 'generative AI' → 69 entries, 199 kept so far
20:44:01  INFO     [PT] 'generative AI' → 100 entries, 226 kept so far
20:44:02  INFO     [RO] 'generative AI' → 92 entries, 162 kept so far
20:44:02  INFO     [HU] 'generative AI' → 77 entries, 98 kept so far
20:44:02  INFO     [CZ] +65 new articles saved
20:44:02  INFO     [FI] +104 new articles saved
20:44:02  INFO     [PT] +136 new articles saved
20:44:03  INFO     [GR] 'artificial intelligence' → 100 entries, 44 kept so far
20:44:03  INFO     [RO] +95 new articles saved
20:44:03  INFO     [SK] 'artificial intelligence' → 100 entries, 24 kept so far
20:44:03  INFO     [IE] 'artificial intelligence' → 102 entries, 52 kept so far
20:44:03  INFO     [HU] +61 new articles saved
20:44:03  INFO     [HR] 'artificial intelligence' → 104 entries, 49 kept so far
20:44:04  INFO     [BG] 'artificial intelligence' → 78 entries, 31 kept so far
20:44:04  INFO     [SK] 'AI regulation' → 20 entries, 27 kept so far
20:44:04  INFO     [GR] 'AI regulation' → 68 entries, 94 kept so far
20:44:05  INFO     [IE] 'AI regulation' → 100 entries, 106 kept so far
20:44:05  INFO     [HR] 'AI regulation' → 100 entries, 101 kept so far
20:44:05  INFO     [BG] 'AI regulation' → 12 entries, 32 kept so far
20:44:06  INFO     [SK] 'machine learning' → 55 entries, 37 kept so far
20:44:06  INFO     [GR] 'machine learning' → 100 entries, 135 kept so far
20:44:06  INFO     [HR] 'machine learning' → 100 entries, 166 kept so far
20:44:07  INFO     [BG] 'machine learning' → 58 entries, 42 kept so far
20:44:07  INFO     [IE] 'machine learning' → 100 entries, 170 kept so far
20:44:07  INFO     [SK] 'EU AI Act' → 58 entries, 46 kept so far
20:44:07  INFO     [GR] 'EU AI Act' → 55 entries, 152 kept so far
20:44:08  INFO     [BG] 'EU AI Act' → 14 entries, 45 kept so far
20:44:08  INFO     [HR] 'EU AI Act' → 100 entries, 246 kept so far
20:44:08  INFO     [IE] 'EU AI Act' → 100 entries, 239 kept so far
20:44:09  INFO     [SK] 'generative AI' → 43 entries, 54 kept so far
20:44:09  INFO     [GR] 'generative AI' → 100 entries, 198 kept so far
20:44:09  INFO     [BG] 'generative AI' → 32 entries, 52 kept so far
20:44:10  INFO     [SK] +24 new articles saved
20:44:10  INFO     [HR] 'generative AI' → 100 entries, 303 kept so far
20:44:10  INFO     [IE] 'generative AI' → 100 entries, 296 kept so far
20:44:10  INFO     [LT] 'artificial intelligence' → 90 entries, 34 kept so far
20:44:10  INFO     [GR] +125 new articles saved
20:44:10  INFO     [BG] +29 new articles saved
20:44:11  INFO     [SI] 'artificial intelligence' → 100 entries, 57 kept so far
20:44:11  INFO     [LV] 'artificial intelligence' → 65 entries, 19 kept so far
20:44:11  INFO     [HR] +275 new articles saved
20:44:11  INFO     [IE] +93 new articles saved
20:44:11  INFO     [EE] 'artificial intelligence' → 98 entries, 49 kept so far
20:44:11  INFO     [LT] 'AI regulation' → 9 entries, 34 kept so far
20:44:12  INFO     [CY] 'artificial intelligence' → 100 entries, 44 kept so far
20:44:12  INFO     [SI] 'AI regulation' → 3 entries, 57 kept so far
20:44:12  INFO     [LV] 'AI regulation' → 7 entries, 19 kept so far
20:44:13  INFO     [EE] 'AI regulation' → 6 entries, 50 kept so far
20:44:13  INFO     [LT] 'machine learning' → 20 entries, 36 kept so far
20:44:13  INFO     [CY] 'AI regulation' → 68 entries, 94 kept so far
20:44:13  INFO     [LV] 'machine learning' → 14 entries, 21 kept so far
20:44:13  INFO     [SI] 'machine learning' → 19 entries, 58 kept so far
20:44:14  INFO     [EE] 'machine learning' → 17 entries, 52 kept so far
20:44:14  INFO     [LT] 'EU AI Act' → 18 entries, 37 kept so far
20:44:14  INFO     [CY] 'machine learning' → 100 entries, 135 kept so far
20:44:15  INFO     [LV] 'EU AI Act' → 6 entries, 21 kept so far
20:44:15  INFO     [SI] 'EU AI Act' → 25 entries, 63 kept so far
20:44:16  INFO     [EE] 'EU AI Act' → 9 entries, 53 kept so far
20:44:16  INFO     [LT] 'generative AI' → 18 entries, 42 kept so far
20:44:16  INFO     [LV] 'generative AI' → 8 entries, 22 kept so far
20:44:16  INFO     [CY] 'EU AI Act' → 55 entries, 152 kept so far
20:44:16  INFO     [SI] 'generative AI' → 13 entries, 65 kept so far
20:44:17  INFO     [LT] +18 new articles saved
20:44:17  INFO     [LV] +8 new articles saved
20:44:17  INFO     [EE] 'generative AI' → 10 entries, 56 kept so far
20:44:17  INFO     [MT] 'artificial intelligence' → 104 entries, 49 kept so far
20:44:17  INFO     [SI] +30 new articles saved
20:44:17  INFO     [LU] 'artificial intelligence' → 100 entries, 41 kept so far
20:44:17  INFO     [CY] 'generative AI' → 100 entries, 198 kept so far
20:44:18  INFO     [EE] +31 new articles saved
20:44:18  INFO     [MT] 'AI regulation' → 100 entries, 101 kept so far
20:44:18  INFO     [CY] +0 new articles saved
20:44:19  INFO     [LU] 'AI regulation' → 97 entries, 125 kept so far
20:44:19  INFO     [MT] 'machine learning' → 100 entries, 166 kept so far
20:44:20  INFO     [LU] 'machine learning' → 100 entries, 181 kept so far
20:44:21  INFO     [MT] 'EU AI Act' → 100 entries, 246 kept so far
20:44:22  INFO     [MT] 'generative AI' → 100 entries, 303 kept so far
20:44:22  INFO     [LU] 'EU AI Act' → 90 entries, 217 kept so far
20:44:23  INFO     [MT] +0 new articles saved
20:44:23  INFO     [LU] 'generative AI' → 100 entries, 246 kept so far
20:44:24  INFO     [LU] +0 new articles saved
20:44:24  INFO     Scrape complete. 2055 new articles this run.
