21:07:29  INFO     Starting scrape: 27 countries, 5 queries each
/home/runner/work/EU_AI_News/EU_AI_News/eu_ai_news_scraper.py:230: DeprecationWarning: datetime.datetime.utcnow() is deprecated and scheduled for removal in a future version. Use timezone-aware objects to represent datetimes in UTC: datetime.datetime.now(datetime.UTC).
  "scraped_at":   datetime.utcnow().isoformat(),
21:07:29  INFO     [PL] 'artificial intelligence' → 100 entries, 15 kept so far
21:07:29  INFO     [FR] 'artificial intelligence' → 100 entries, 63 kept so far
21:07:29  INFO     [DE] 'artificial intelligence' → 100 entries, 49 kept so far
21:07:29  INFO     [ES] 'artificial intelligence' → 100 entries, 52 kept so far
21:07:30  INFO     [IT] 'artificial intelligence' → 100 entries, 37 kept so far
21:07:31  INFO     [PL] 'AI regulation' → 78 entries, 76 kept so far
21:07:31  INFO     [FR] 'AI regulation' → 99 entries, 151 kept so far
21:07:31  INFO     [DE] 'AI regulation' → 100 entries, 127 kept so far
21:07:31  INFO     [IT] 'AI regulation' → 100 entries, 127 kept so far
21:07:31  INFO     [ES] 'AI regulation' → 78 entries, 91 kept so far
21:07:33  INFO     [PL] 'machine learning' → 100 entries, 126 kept so far
21:07:33  INFO     [DE] 'machine learning' → 100 entries, 177 kept so far
21:07:33  INFO     [IT] 'machine learning' → 100 entries, 205 kept so far
21:07:33  INFO     [FR] 'machine learning' → 100 entries, 216 kept so far
21:07:33  INFO     [ES] 'machine learning' → 100 entries, 164 kept so far
21:07:34  INFO     [PL] 'EU AI Act' → 78 entries, 144 kept so far
21:07:35  INFO     [IT] 'EU AI Act' → 100 entries, 252 kept so far
21:07:35  INFO     [FR] 'EU AI Act' → 93 entries, 256 kept so far
21:07:35  INFO     [DE] 'EU AI Act' → 100 entries, 248 kept so far
21:07:35  INFO     [ES] 'EU AI Act' → 78 entries, 193 kept so far
21:07:36  INFO     [PL] 'generative AI' → 100 entries, 181 kept so far
21:07:36  INFO     [IT] 'generative AI' → 100 entries, 293 kept so far
21:07:36  INFO     [DE] 'generative AI' → 100 entries, 271 kept so far
21:07:36  INFO     [FR] 'generative AI' → 100 entries, 284 kept so far
21:07:37  INFO     [ES] 'generative AI' → 100 entries, 242 kept so far
21:07:37  INFO     [PL] +106 new articles saved
21:07:37  INFO     [IT] +198 new articles saved
21:07:37  INFO     [DE] +193 new articles saved
21:07:37  INFO     [NL] 'artificial intelligence' → 100 entries, 12 kept so far
21:07:37  INFO     [FR] +184 new articles saved
21:07:38  INFO     [ES] +146 new articles saved
21:07:38  INFO     [BE] 'artificial intelligence' → 100 entries, 63 kept so far
21:07:38  INFO     [SE] 'artificial intelligence' → 100 entries, 14 kept so far
21:07:38  INFO     [AT] 'artificial intelligence' → 100 entries, 45 kept so far
21:07:38  INFO     [DK] 'artificial intelligence' → 100 entries, 19 kept so far
21:07:39  INFO     [NL] 'AI regulation' → 78 entries, 59 kept so far
21:07:40  INFO     [BE] 'AI regulation' → 95 entries, 147 kept so far
21:07:40  INFO     [SE] 'AI regulation' → 76 entries, 28 kept so far
21:07:40  INFO     [DK] 'AI regulation' → 48 entries, 26 kept so far
21:07:40  INFO     [AT] 'AI regulation' → 100 entries, 120 kept so far
21:07:41  INFO     [NL] 'machine learning' → 100 entries, 123 kept so far
21:07:41  INFO     [SE] 'machine learning' → 81 entries, 51 kept so far
21:07:41  INFO     [BE] 'machine learning' → 100 entries, 215 kept so far
21:07:42  INFO     [DK] 'machine learning' → 80 entries, 48 kept so far
21:07:42  INFO     [AT] 'machine learning' → 100 entries, 171 kept so far
21:07:43  INFO     [NL] 'EU AI Act' → 100 entries, 155 kept so far
21:07:43  INFO     [SE] 'EU AI Act' → 66 entries, 58 kept so far
21:07:43  INFO     [BE] 'EU AI Act' → 100 entries, 260 kept so far
21:07:43  INFO     [DK] 'EU AI Act' → 76 entries, 68 kept so far
21:07:44  INFO     [AT] 'EU AI Act' → 100 entries, 248 kept so far
21:07:44  INFO     [NL] 'generative AI' → 100 entries, 185 kept so far
21:07:45  INFO     [SE] 'generative AI' → 73 entries, 68 kept so far
21:07:45  INFO     [BE] 'generative AI' → 100 entries, 285 kept so far
21:07:45  INFO     [DK] 'generative AI' → 100 entries, 103 kept so far
21:07:45  INFO     [AT] 'generative AI' → 100 entries, 282 kept so far
21:07:45  INFO     [NL] +92 new articles saved
21:07:46  INFO     [SE] +39 new articles saved
21:07:46  INFO     [BE] +36 new articles saved
21:07:46  INFO     [FI] 'artificial intelligence' → 100 entries, 65 kept so far
21:07:46  INFO     [DK] +52 new articles saved
21:07:46  INFO     [CZ] 'artificial intelligence' → 100 entries, 19 kept so far
21:07:46  INFO     [AT] +54 new articles saved
21:07:46  INFO     [PT] 'artificial intelligence' → 100 entries, 60 kept so far
21:07:47  INFO     [RO] 'artificial intelligence' → 100 entries, 41 kept so far
21:07:47  INFO     [HU] 'artificial intelligence' → 100 entries, 20 kept so far
21:07:48  INFO     [FI] 'AI regulation' → 61 entries, 77 kept so far
21:07:48  INFO     [CZ] 'AI regulation' → 77 entries, 41 kept so far
21:07:48  INFO     [PT] 'AI regulation' → 77 entries, 99 kept so far
21:07:48  INFO     [RO] 'AI regulation' → 77 entries, 50 kept so far
21:07:48  INFO     [HU] 'AI regulation' → 78 entries, 24 kept so far
21:07:49  INFO     [FI] 'machine learning' → 85 entries, 123 kept so far
21:07:49  INFO     [CZ] 'machine learning' → 80 entries, 63 kept so far
21:07:50  INFO     [RO] 'machine learning' → 100 entries, 106 kept so far
21:07:50  INFO     [PT] 'machine learning' → 100 entries, 180 kept so far
21:07:50  INFO     [HU] 'machine learning' → 68 entries, 46 kept so far
21:07:51  INFO     [CZ] 'EU AI Act' → 74 entries, 77 kept so far
21:07:51  INFO     [FI] 'EU AI Act' → 66 entries, 162 kept so far
21:07:52  INFO     [RO] 'EU AI Act' → 78 entries, 135 kept so far
21:07:52  INFO     [HU] 'EU AI Act' → 79 entries, 69 kept so far
21:07:52  INFO     [PT] 'EU AI Act' → 67 entries, 193 kept so far
21:07:53  INFO     [CZ] 'generative AI' → 75 entries, 96 kept so far
21:07:53  INFO     [FI] 'generative AI' → 68 entries, 203 kept so far
21:07:53  INFO     [HU] 'generative AI' → 69 entries, 92 kept so far
21:07:53  INFO     [RO] 'generative AI' → 91 entries, 159 kept so far
21:07:54  INFO     [CZ] +63 new articles saved
21:07:54  INFO     [PT] 'generative AI' → 100 entries, 221 kept so far
21:07:54  INFO     [FI] +113 new articles saved
21:07:54  INFO     [GR] 'artificial intelligence' → 100 entries, 44 kept so far
21:07:54  INFO     [HU] +57 new articles saved
21:07:54  INFO     [RO] +101 new articles saved
21:07:54  INFO     [SK] 'artificial intelligence' → 100 entries, 22 kept so far
21:07:55  INFO     [HR] 'artificial intelligence' → 104 entries, 57 kept so far
21:07:55  INFO     [PT] +141 new articles saved
21:07:55  INFO     [IE] 'artificial intelligence' → 100 entries, 61 kept so far
21:07:55  INFO     [BG] 'artificial intelligence' → 97 entries, 42 kept so far
21:07:56  INFO     [GR] 'AI regulation' → 68 entries, 98 kept so far
21:07:56  INFO     [SK] 'AI regulation' → 26 entries, 25 kept so far
21:07:56  INFO     [HR] 'AI regulation' → 100 entries, 101 kept so far
21:07:57  INFO     [IE] 'AI regulation' → 100 entries, 102 kept so far
21:07:57  INFO     [BG] 'AI regulation' → 24 entries, 46 kept so far
21:07:57  INFO     [GR] 'machine learning' → 100 entries, 134 kept so far
21:07:57  INFO     [SK] 'machine learning' → 59 entries, 41 kept so far
21:07:58  INFO     [HR] 'machine learning' → 100 entries, 178 kept so far
21:07:59  INFO     [BG] 'machine learning' → 53 entries, 57 kept so far
21:07:59  INFO     [IE] 'machine learning' → 100 entries, 185 kept so far
21:07:59  INFO     [GR] 'EU AI Act' → 66 entries, 150 kept so far
21:07:59  INFO     [SK] 'EU AI Act' → 75 entries, 51 kept so far
21:08:00  INFO     [HR] 'EU AI Act' → 100 entries, 261 kept so far
21:08:00  INFO     [BG] 'EU AI Act' → 22 entries, 59 kept so far
21:08:00  INFO     [IE] 'EU AI Act' → 100 entries, 264 kept so far
21:08:01  INFO     [GR] 'generative AI' → 100 entries, 196 kept so far
21:08:01  INFO     [SK] 'generative AI' → 50 entries, 66 kept so far
21:08:01  INFO     [HR] 'generative AI' → 100 entries, 329 kept so far
21:08:02  INFO     [BG] 'generative AI' → 36 entries, 65 kept so far
21:08:02  INFO     [GR] +133 new articles saved
21:08:02  INFO     [SK] +37 new articles saved
21:08:02  INFO     [SI] 'artificial intelligence' → 100 entries, 41 kept so far
21:08:02  INFO     [LT] 'artificial intelligence' → 85 entries, 25 kept so far
21:08:02  INFO     [IE] 'generative AI' → 100 entries, 328 kept so far
21:08:02  INFO     [HR] +299 new articles saved
21:08:03  INFO     [BG] +42 new articles saved
21:08:03  INFO     [LV] 'artificial intelligence' → 74 entries, 25 kept so far
21:08:03  INFO     [EE] 'artificial intelligence' → 99 entries, 47 kept so far
21:08:03  INFO     [IE] +115 new articles saved
21:08:03  INFO     [SI] 'AI regulation' → 5 entries, 41 kept so far
21:08:04  INFO     [LT] 'AI regulation' → 9 entries, 25 kept so far
21:08:04  INFO     [CY] 'artificial intelligence' → 100 entries, 44 kept so far
21:08:04  INFO     [LV] 'AI regulation' → 3 entries, 25 kept so far
21:08:05  INFO     [SI] 'machine learning' → 21 entries, 42 kept so far
21:08:05  INFO     [EE] 'AI regulation' → 4 entries, 47 kept so far
21:08:05  INFO     [LT] 'machine learning' → 33 entries, 28 kept so far
21:08:05  INFO     [CY] 'AI regulation' → 68 entries, 98 kept so far
21:08:06  INFO     [LV] 'machine learning' → 12 entries, 30 kept so far
21:08:06  INFO     [SI] 'EU AI Act' → 24 entries, 48 kept so far
21:08:06  INFO     [EE] 'machine learning' → 23 entries, 48 kept so far
21:08:06  INFO     [LT] 'EU AI Act' → 20 entries, 30 kept so far
21:08:07  INFO     [CY] 'machine learning' → 100 entries, 134 kept so far
21:08:07  INFO     [LV] 'EU AI Act' → 7 entries, 31 kept so far
21:08:08  INFO     [SI] 'generative AI' → 16 entries, 50 kept so far
21:08:08  INFO     [LT] 'generative AI' → 16 entries, 36 kept so far
21:08:08  INFO     [EE] 'EU AI Act' → 7 entries, 48 kept so far
21:08:08  INFO     [LV] 'generative AI' → 10 entries, 32 kept so far
21:08:09  INFO     [SI] +20 new articles saved
21:08:09  INFO     [CY] 'EU AI Act' → 66 entries, 150 kept so far
21:08:09  INFO     [LT] +13 new articles saved
21:08:09  INFO     [MT] 'artificial intelligence' → 104 entries, 57 kept so far
21:08:09  INFO     [LU] 'artificial intelligence' → 100 entries, 63 kept so far
21:08:09  INFO     [EE] 'generative AI' → 10 entries, 50 kept so far
21:08:09  INFO     [LV] +16 new articles saved
21:08:10  INFO     [CY] 'generative AI' → 100 entries, 196 kept so far
21:08:10  INFO     [MT] 'AI regulation' → 100 entries, 101 kept so far
21:08:10  INFO     [EE] +31 new articles saved
21:08:11  INFO     [LU] 'AI regulation' → 99 entries, 151 kept so far
21:08:11  INFO     [CY] +0 new articles saved
21:08:12  INFO     [MT] 'machine learning' → 100 entries, 178 kept so far
21:08:13  INFO     [MT] 'EU AI Act' → 100 entries, 261 kept so far
21:08:13  INFO     [LU] 'machine learning' → 100 entries, 216 kept so far
21:08:14  INFO     [MT] 'generative AI' → 100 entries, 329 kept so far
21:08:15  INFO     [LU] 'EU AI Act' → 93 entries, 256 kept so far
21:08:15  INFO     [MT] +0 new articles saved
21:08:16  INFO     [LU] 'generative AI' → 100 entries, 284 kept so far
21:08:17  INFO     [LU] +0 new articles saved
21:08:17  INFO     Scrape complete. 2281 new articles this run.
