04:42:41  INFO     Starting scrape: 27 countries, 5 queries each
/home/runner/work/EU_AI_News/EU_AI_News/eu_ai_news_scraper.py:230: DeprecationWarning: datetime.datetime.utcnow() is deprecated and scheduled for removal in a future version. Use timezone-aware objects to represent datetimes in UTC: datetime.datetime.now(datetime.UTC).
  "scraped_at":   datetime.utcnow().isoformat(),
04:42:42  INFO     [DE] 'artificial intelligence' → 100 entries, 49 kept so far
04:42:42  INFO     [FR] 'artificial intelligence' → 100 entries, 56 kept so far
04:42:42  INFO     [IT] 'artificial intelligence' → 100 entries, 50 kept so far
04:42:42  INFO     [PL] 'artificial intelligence' → 100 entries, 13 kept so far
04:42:42  INFO     [ES] 'artificial intelligence' → 100 entries, 66 kept so far
04:42:44  INFO     [DE] 'AI regulation' → 100 entries, 124 kept so far
04:42:44  INFO     [FR] 'AI regulation' → 100 entries, 137 kept so far
04:42:44  INFO     [PL] 'AI regulation' → 100 entries, 90 kept so far
04:42:44  INFO     [IT] 'AI regulation' → 100 entries, 134 kept so far
04:42:44  INFO     [ES] 'AI regulation' → 80 entries, 120 kept so far
04:42:45  INFO     [DE] 'machine learning' → 100 entries, 182 kept so far
04:42:45  INFO     [FR] 'machine learning' → 100 entries, 193 kept so far
04:42:45  INFO     [PL] 'machine learning' → 100 entries, 131 kept so far
04:42:46  INFO     [IT] 'machine learning' → 100 entries, 208 kept so far
04:42:46  INFO     [ES] 'machine learning' → 100 entries, 199 kept so far
04:42:47  INFO     [DE] 'EU AI Act' → 100 entries, 233 kept so far
04:42:47  INFO     [FR] 'EU AI Act' → 85 entries, 245 kept so far
04:42:47  INFO     [PL] 'EU AI Act' → 78 entries, 160 kept so far
04:42:47  INFO     [IT] 'EU AI Act' → 100 entries, 287 kept so far
04:42:47  INFO     [ES] 'EU AI Act' → 77 entries, 221 kept so far
04:42:48  INFO     [DE] 'generative AI' → 100 entries, 253 kept so far
04:42:48  INFO     [FR] 'generative AI' → 100 entries, 270 kept so far
04:42:49  INFO     [PL] 'generative AI' → 100 entries, 190 kept so far
04:42:49  INFO     [IT] 'generative AI' → 100 entries, 330 kept so far
04:42:49  INFO     [ES] 'generative AI' → 100 entries, 265 kept so far
04:42:49  INFO     [DE] +185 new articles saved
04:42:49  INFO     [FR] +155 new articles saved
04:42:50  INFO     [NL] 'artificial intelligence' → 100 entries, 15 kept so far
04:42:50  INFO     [PL] +123 new articles saved
04:42:50  INFO     [IT] +223 new articles saved
04:42:50  INFO     [ES] +150 new articles saved
04:42:50  INFO     [BE] 'artificial intelligence' → 100 entries, 66 kept so far
04:42:50  INFO     [SE] 'artificial intelligence' → 100 entries, 7 kept so far
04:42:50  INFO     [AT] 'artificial intelligence' → 100 entries, 49 kept so far
04:42:51  INFO     [DK] 'artificial intelligence' → 100 entries, 20 kept so far
04:42:51  INFO     [NL] 'AI regulation' → 78 entries, 68 kept so far
04:42:52  INFO     [BE] 'AI regulation' → 100 entries, 147 kept so far
04:42:52  INFO     [SE] 'AI regulation' → 79 entries, 24 kept so far
04:42:52  INFO     [AT] 'AI regulation' → 100 entries, 123 kept so far
04:42:52  INFO     [DK] 'AI regulation' → 43 entries, 33 kept so far
04:42:53  INFO     [NL] 'machine learning' → 100 entries, 121 kept so far
04:42:53  INFO     [SE] 'machine learning' → 76 entries, 43 kept so far
04:42:53  INFO     [BE] 'machine learning' → 100 entries, 201 kept so far
04:42:54  INFO     [DK] 'machine learning' → 78 entries, 54 kept so far
04:42:54  INFO     [AT] 'machine learning' → 100 entries, 177 kept so far
04:42:54  INFO     [NL] 'EU AI Act' → 93 entries, 146 kept so far
04:42:55  INFO     [SE] 'EU AI Act' → 71 entries, 46 kept so far
04:42:55  INFO     [BE] 'EU AI Act' → 91 entries, 253 kept so far
04:42:55  INFO     [DK] 'EU AI Act' → 75 entries, 69 kept so far
04:42:55  INFO     [AT] 'EU AI Act' → 100 entries, 248 kept so far
04:42:56  INFO     [NL] 'generative AI' → 100 entries, 175 kept so far
04:42:56  INFO     [SE] 'generative AI' → 67 entries, 56 kept so far
04:42:57  INFO     [BE] 'generative AI' → 100 entries, 279 kept so far
04:42:57  INFO     [DK] 'generative AI' → 90 entries, 97 kept so far
04:42:57  INFO     [AT] 'generative AI' → 100 entries, 269 kept so far
04:42:57  INFO     [NL] +85 new articles saved
04:42:57  INFO     [SE] +21 new articles saved
04:42:58  INFO     [FI] 'artificial intelligence' → 100 entries, 70 kept so far
04:42:58  INFO     [BE] +29 new articles saved
04:42:58  INFO     [DK] +33 new articles saved
04:42:58  INFO     [PT] 'artificial intelligence' → 100 entries, 63 kept so far
04:42:58  INFO     [AT] +45 new articles saved
04:42:58  INFO     [CZ] 'artificial intelligence' → 100 entries, 17 kept so far
04:42:58  INFO     [RO] 'artificial intelligence' → 100 entries, 43 kept so far
04:42:59  INFO     [HU] 'artificial intelligence' → 100 entries, 13 kept so far
04:42:59  INFO     [FI] 'AI regulation' → 54 entries, 81 kept so far
04:43:00  INFO     [PT] 'AI regulation' → 96 entries, 123 kept so far
04:43:00  INFO     [CZ] 'AI regulation' → 76 entries, 42 kept so far
04:43:00  INFO     [RO] 'AI regulation' → 79 entries, 52 kept so far
04:43:00  INFO     [HU] 'AI regulation' → 77 entries, 19 kept so far
04:43:01  INFO     [FI] 'machine learning' → 88 entries, 126 kept so far
04:43:01  INFO     [CZ] 'machine learning' → 79 entries, 59 kept so far
04:43:01  INFO     [PT] 'machine learning' → 100 entries, 195 kept so far
04:43:02  INFO     [RO] 'machine learning' → 96 entries, 100 kept so far
04:43:02  INFO     [HU] 'machine learning' → 71 entries, 47 kept so far
04:43:02  INFO     [FI] 'EU AI Act' → 66 entries, 161 kept so far
04:43:03  INFO     [CZ] 'EU AI Act' → 74 entries, 72 kept so far
04:43:03  INFO     [PT] 'EU AI Act' → 59 entries, 205 kept so far
04:43:03  INFO     [RO] 'EU AI Act' → 78 entries, 118 kept so far
04:43:03  INFO     [HU] 'EU AI Act' → 78 entries, 69 kept so far
04:43:04  INFO     [FI] 'generative AI' → 59 entries, 199 kept so far
04:43:04  INFO     [CZ] 'generative AI' → 76 entries, 88 kept so far
04:43:05  INFO     [PT] 'generative AI' → 100 entries, 234 kept so far
04:43:05  INFO     [RO] 'generative AI' → 79 entries, 138 kept so far
04:43:05  INFO     [FI] +103 new articles saved
04:43:05  INFO     [HU] 'generative AI' → 74 entries, 89 kept so far
04:43:05  INFO     [GR] 'artificial intelligence' → 100 entries, 39 kept so far
04:43:05  INFO     [CZ] +59 new articles saved
04:43:06  INFO     [PT] +145 new articles saved
04:43:06  INFO     [RO] +72 new articles saved
04:43:06  INFO     [SK] 'artificial intelligence' → 100 entries, 24 kept so far
04:43:06  INFO     [HU] +47 new articles saved
04:43:06  INFO     [HR] 'artificial intelligence' → 100 entries, 52 kept so far
04:43:06  INFO     [IE] 'artificial intelligence' → 100 entries, 52 kept so far
04:43:06  INFO     [BG] 'artificial intelligence' → 79 entries, 36 kept so far
04:43:07  INFO     [GR] 'AI regulation' → 61 entries, 93 kept so far
04:43:07  INFO     [SK] 'AI regulation' → 23 entries, 26 kept so far
04:43:08  INFO     [HR] 'AI regulation' → 100 entries, 87 kept so far
04:43:08  INFO     [BG] 'AI regulation' → 12 entries, 37 kept so far
04:43:08  INFO     [IE] 'AI regulation' → 100 entries, 82 kept so far
04:43:09  INFO     [GR] 'machine learning' → 100 entries, 131 kept so far
04:43:09  INFO     [SK] 'machine learning' → 56 entries, 40 kept so far
04:43:09  INFO     [HR] 'machine learning' → 100 entries, 167 kept so far
04:43:09  INFO     [BG] 'machine learning' → 54 entries, 44 kept so far
04:43:10  INFO     [IE] 'machine learning' → 100 entries, 165 kept so far
04:43:10  INFO     [GR] 'EU AI Act' → 57 entries, 150 kept so far
04:43:10  INFO     [SK] 'EU AI Act' → 61 entries, 50 kept so far
04:43:11  INFO     [BG] 'EU AI Act' → 16 entries, 47 kept so far
04:43:11  INFO     [HR] 'EU AI Act' → 100 entries, 254 kept so far
04:43:11  INFO     [IE] 'EU AI Act' → 100 entries, 239 kept so far
04:43:12  INFO     [GR] 'generative AI' → 100 entries, 190 kept so far
04:43:12  INFO     [SK] 'generative AI' → 45 entries, 59 kept so far
04:43:12  INFO     [BG] 'generative AI' → 28 entries, 52 kept so far
04:43:12  INFO     [HR] 'generative AI' → 102 entries, 322 kept so far
04:43:13  INFO     [GR] +126 new articles saved
04:43:13  INFO     [SK] +29 new articles saved
04:43:13  INFO     [BG] +26 new articles saved
04:43:13  INFO     [LT] 'artificial intelligence' → 86 entries, 29 kept so far
04:43:13  INFO     [IE] 'generative AI' → 100 entries, 301 kept so far
04:43:13  INFO     [SI] 'artificial intelligence' → 92 entries, 44 kept so far
04:43:13  INFO     [LV] 'artificial intelligence' → 64 entries, 22 kept so far
04:43:13  INFO     [HR] +278 new articles saved
04:43:14  INFO     [EE] 'artificial intelligence' → 100 entries, 50 kept so far
04:43:14  INFO     [IE] +106 new articles saved
04:43:14  INFO     [LT] 'AI regulation' → 16 entries, 29 kept so far
04:43:15  INFO     [LV] 'AI regulation' → 6 entries, 22 kept so far
04:43:15  INFO     [SI] 'AI regulation' → 14 entries, 44 kept so far
04:43:15  INFO     [CY] 'artificial intelligence' → 100 entries, 37 kept so far
04:43:15  INFO     [EE] 'AI regulation' → 5 entries, 50 kept so far
04:43:16  INFO     [LT] 'machine learning' → 30 entries, 33 kept so far
04:43:16  INFO     [LV] 'machine learning' → 14 entries, 23 kept so far
04:43:16  INFO     [SI] 'machine learning' → 21 entries, 46 kept so far
04:43:16  INFO     [CY] 'AI regulation' → 61 entries, 91 kept so far
04:43:17  INFO     [EE] 'machine learning' → 23 entries, 52 kept so far
04:43:17  INFO     [LT] 'EU AI Act' → 21 entries, 34 kept so far
04:43:17  INFO     [LV] 'EU AI Act' → 5 entries, 23 kept so far
04:43:17  INFO     [SI] 'EU AI Act' → 24 entries, 50 kept so far
04:43:18  INFO     [CY] 'machine learning' → 100 entries, 129 kept so far
04:43:18  INFO     [EE] 'EU AI Act' → 14 entries, 53 kept so far
04:43:18  INFO     [LT] 'generative AI' → 17 entries, 40 kept so far
04:43:18  INFO     [LV] 'generative AI' → 9 entries, 25 kept so far
04:43:19  INFO     [SI] 'generative AI' → 13 entries, 52 kept so far
04:43:19  INFO     [EE] 'generative AI' → 10 entries, 56 kept so far
04:43:19  INFO     [CY] 'EU AI Act' → 57 entries, 149 kept so far
04:43:19  INFO     [LT] +14 new articles saved
04:43:19  INFO     [LV] +10 new articles saved
04:43:20  INFO     [MT] 'artificial intelligence' → 100 entries, 52 kept so far
04:43:20  INFO     [SI] +19 new articles saved
04:43:20  INFO     [LU] 'artificial intelligence' → 100 entries, 56 kept so far
04:43:20  INFO     [EE] +28 new articles saved
04:43:21  INFO     [MT] 'AI regulation' → 100 entries, 87 kept so far
04:43:21  INFO     [CY] 'generative AI' → 100 entries, 189 kept so far
04:43:21  INFO     [LU] 'AI regulation' → 100 entries, 137 kept so far
04:43:22  INFO     [MT] 'machine learning' → 100 entries, 167 kept so far
04:43:22  INFO     [CY] +2 new articles saved
04:43:23  INFO     [LU] 'machine learning' → 100 entries, 193 kept so far
04:43:23  INFO     [MT] 'EU AI Act' → 100 entries, 254 kept so far
04:43:24  INFO     [MT] 'generative AI' → 102 entries, 322 kept so far
04:43:24  INFO     [LU] 'EU AI Act' → 85 entries, 245 kept so far
04:43:25  INFO     [MT] +0 new articles saved
04:43:26  INFO     [LU] 'generative AI' → 100 entries, 270 kept so far
04:43:27  INFO     [LU] +0 new articles saved
04:43:27  INFO     Scrape complete. 2113 new articles this run.
