19:38:33  INFO     Starting scrape: 27 countries, 5 queries each
19:38:34  INFO     [IT] 'artificial intelligence' → 100 entries, 37 kept so far
19:38:34  INFO     [FR] 'artificial intelligence' → 100 entries, 43 kept so far
19:38:34  INFO     [ES] 'artificial intelligence' → 100 entries, 58 kept so far
/home/runner/work/EU_AI_News/EU_AI_News/eu_ai_news_scraper.py:230: DeprecationWarning: datetime.datetime.utcnow() is deprecated and scheduled for removal in a future version. Use timezone-aware objects to represent datetimes in UTC: datetime.datetime.now(datetime.UTC).
  "scraped_at":   datetime.utcnow().isoformat(),
19:38:34  INFO     [PL] 'artificial intelligence' → 100 entries, 12 kept so far
19:38:35  INFO     [DE] 'artificial intelligence' → 100 entries, 49 kept so far
19:38:36  INFO     [PL] 'AI regulation' → 100 entries, 81 kept so far
19:38:36  INFO     [ES] 'AI regulation' → 78 entries, 92 kept so far
19:38:36  INFO     [IT] 'AI regulation' → 100 entries, 122 kept so far
19:38:36  INFO     [FR] 'AI regulation' → 100 entries, 120 kept so far
19:38:36  INFO     [DE] 'AI regulation' → 94 entries, 125 kept so far
19:38:37  INFO     [PL] 'machine learning' → 100 entries, 115 kept so far
19:38:37  INFO     [IT] 'machine learning' → 100 entries, 198 kept so far
19:38:38  INFO     [ES] 'machine learning' → 100 entries, 170 kept so far
19:38:38  INFO     [DE] 'machine learning' → 100 entries, 167 kept so far
19:38:39  INFO     [PL] 'EU AI Act' → 77 entries, 128 kept so far
19:38:39  INFO     [FR] 'machine learning' → 100 entries, 178 kept so far
19:38:39  INFO     [IT] 'EU AI Act' → 100 entries, 272 kept so far
19:38:39  INFO     [ES] 'EU AI Act' → 76 entries, 195 kept so far
19:38:40  INFO     [DE] 'EU AI Act' → 100 entries, 249 kept so far
19:38:41  INFO     [FR] 'EU AI Act' → 79 entries, 225 kept so far
19:38:41  INFO     [PL] 'generative AI' → 100 entries, 164 kept so far
19:38:41  INFO     [IT] 'generative AI' → 100 entries, 311 kept so far
19:38:41  INFO     [ES] 'generative AI' → 100 entries, 232 kept so far
19:38:42  INFO     [DE] 'generative AI' → 100 entries, 269 kept so far
19:38:42  INFO     [PL] +77 new articles saved
19:38:42  INFO     [IT] +159 new articles saved
19:38:42  INFO     [ES] +102 new articles saved
19:38:43  INFO     [NL] 'artificial intelligence' → 100 entries, 13 kept so far
19:38:43  INFO     [DE] +165 new articles saved
19:38:43  INFO     [SE] 'artificial intelligence' → 100 entries, 9 kept so far
19:38:43  INFO     [BE] 'artificial intelligence' → 100 entries, 67 kept so far
19:38:43  INFO     [FR] 'generative AI' → 100 entries, 252 kept so far
19:38:43  INFO     [AT] 'artificial intelligence' → 100 entries, 48 kept so far
19:38:44  INFO     [FR] +128 new articles saved
19:38:44  INFO     [NL] 'AI regulation' → 78 entries, 50 kept so far
19:38:44  INFO     [SE] 'AI regulation' → 78 entries, 22 kept so far
19:38:44  INFO     [BE] 'AI regulation' → 100 entries, 153 kept so far
19:38:45  INFO     [DK] 'artificial intelligence' → 100 entries, 9 kept so far
19:38:45  INFO     [AT] 'AI regulation' → 95 entries, 122 kept so far
19:38:46  INFO     [NL] 'machine learning' → 100 entries, 110 kept so far
19:38:46  INFO     [SE] 'machine learning' → 71 entries, 42 kept so far
19:38:46  INFO     [DK] 'AI regulation' → 34 entries, 15 kept so far
19:38:46  INFO     [BE] 'machine learning' → 100 entries, 207 kept so far
19:38:47  INFO     [AT] 'machine learning' → 100 entries, 166 kept so far
19:38:48  INFO     [NL] 'EU AI Act' → 100 entries, 135 kept so far
19:38:48  INFO     [DK] 'machine learning' → 82 entries, 41 kept so far
19:38:48  INFO     [SE] 'EU AI Act' → 76 entries, 51 kept so far
19:38:48  INFO     [BE] 'EU AI Act' → 82 entries, 240 kept so far
19:38:49  INFO     [AT] 'EU AI Act' → 100 entries, 252 kept so far
19:38:49  INFO     [SE] 'generative AI' → 71 entries, 62 kept so far
19:38:50  INFO     [DK] 'EU AI Act' → 76 entries, 58 kept so far
19:38:50  INFO     [NL] 'generative AI' → 100 entries, 162 kept so far
19:38:50  INFO     [BE] 'generative AI' → 100 entries, 268 kept so far
19:38:50  INFO     [AT] 'generative AI' → 100 entries, 271 kept so far
19:38:50  INFO     [SE] +22 new articles saved
19:38:51  INFO     [NL] +54 new articles saved
19:38:51  INFO     [BE] +22 new articles saved
19:38:51  INFO     [FI] 'artificial intelligence' → 100 entries, 46 kept so far
19:38:51  INFO     [DK] 'generative AI' → 100 entries, 95 kept so far
19:38:51  INFO     [PT] 'artificial intelligence' → 100 entries, 60 kept so far
19:38:51  INFO     [AT] +27 new articles saved
19:38:51  INFO     [CZ] 'artificial intelligence' → 100 entries, 22 kept so far
19:38:52  INFO     [RO] 'artificial intelligence' → 100 entries, 45 kept so far
19:38:52  INFO     [DK] +31 new articles saved
19:38:53  INFO     [FI] 'AI regulation' → 52 entries, 61 kept so far
19:38:53  INFO     [HU] 'artificial intelligence' → 100 entries, 20 kept so far
19:38:53  INFO     [PT] 'AI regulation' → 77 entries, 89 kept so far
19:38:53  INFO     [CZ] 'AI regulation' → 77 entries, 39 kept so far
19:38:54  INFO     [RO] 'AI regulation' → 77 entries, 56 kept so far
19:38:54  INFO     [FI] 'machine learning' → 87 entries, 103 kept so far
19:38:55  INFO     [HU] 'AI regulation' → 79 entries, 24 kept so far
19:38:55  INFO     [PT] 'machine learning' → 100 entries, 165 kept so far
19:38:55  INFO     [CZ] 'machine learning' → 66 entries, 55 kept so far
19:38:56  INFO     [RO] 'machine learning' → 100 entries, 106 kept so far
19:38:56  INFO     [FI] 'EU AI Act' → 70 entries, 139 kept so far
19:38:56  INFO     [HU] 'machine learning' → 70 entries, 50 kept so far
19:38:56  INFO     [PT] 'EU AI Act' → 47 entries, 173 kept so far
19:38:56  INFO     [CZ] 'EU AI Act' → 76 entries, 65 kept so far
19:38:57  INFO     [RO] 'EU AI Act' → 78 entries, 117 kept so far
19:38:58  INFO     [FI] 'generative AI' → 61 entries, 172 kept so far
19:38:58  INFO     [HU] 'EU AI Act' → 78 entries, 70 kept so far
19:38:58  INFO     [CZ] 'generative AI' → 76 entries, 81 kept so far
19:38:58  INFO     [PT] 'generative AI' → 100 entries, 206 kept so far
19:38:59  INFO     [FI] +75 new articles saved
19:38:59  INFO     [GR] 'artificial intelligence' → 100 entries, 46 kept so far
19:38:59  INFO     [CZ] +45 new articles saved
19:38:59  INFO     [RO] 'generative AI' → 79 entries, 133 kept so far
19:38:59  INFO     [PT] +94 new articles saved
19:39:00  INFO     [HU] 'generative AI' → 74 entries, 95 kept so far
19:39:00  INFO     [SK] 'artificial intelligence' → 100 entries, 23 kept so far
19:39:00  INFO     [IE] 'artificial intelligence' → 100 entries, 61 kept so far
19:39:00  INFO     [RO] +57 new articles saved
19:39:01  INFO     [GR] 'AI regulation' → 61 entries, 96 kept so far
19:39:01  INFO     [HU] +46 new articles saved
19:39:01  INFO     [HR] 'artificial intelligence' → 100 entries, 59 kept so far
19:39:01  INFO     [BG] 'artificial intelligence' → 65 entries, 32 kept so far
19:39:01  INFO     [SK] 'AI regulation' → 23 entries, 26 kept so far
19:39:02  INFO     [IE] 'AI regulation' → 100 entries, 105 kept so far
19:39:02  INFO     [GR] 'machine learning' → 89 entries, 129 kept so far
19:39:03  INFO     [HR] 'AI regulation' → 100 entries, 108 kept so far
19:39:03  INFO     [BG] 'AI regulation' → 13 entries, 34 kept so far
19:39:03  INFO     [SK] 'machine learning' → 65 entries, 42 kept so far
19:39:04  INFO     [IE] 'machine learning' → 100 entries, 172 kept so far
19:39:04  INFO     [GR] 'EU AI Act' → 61 entries, 145 kept so far
19:39:04  INFO     [BG] 'machine learning' → 59 entries, 45 kept so far
19:39:05  INFO     [SK] 'EU AI Act' → 65 entries, 57 kept so far
19:39:05  INFO     [HR] 'machine learning' → 100 entries, 169 kept so far
19:39:05  INFO     [IE] 'EU AI Act' → 100 entries, 240 kept so far
19:39:06  INFO     [GR] 'generative AI' → 100 entries, 184 kept so far
19:39:06  INFO     [BG] 'EU AI Act' → 12 entries, 48 kept so far
19:39:06  INFO     [SK] 'generative AI' → 47 entries, 65 kept so far
19:39:07  INFO     [GR] +110 new articles saved
19:39:07  INFO     [HR] 'EU AI Act' → 100 entries, 242 kept so far
19:39:07  INFO     [IE] 'generative AI' → 100 entries, 292 kept so far
19:39:07  INFO     [BG] 'generative AI' → 28 entries, 51 kept so far
19:39:07  INFO     [LT] 'artificial intelligence' → 86 entries, 32 kept so far
19:39:07  INFO     [SK] +31 new articles saved
19:39:08  INFO     [IE] +228 new articles saved
19:39:08  INFO     [SI] 'artificial intelligence' → 100 entries, 45 kept so far
19:39:08  INFO     [HR] 'generative AI' → 100 entries, 299 kept so far
19:39:08  INFO     [BG] +27 new articles saved
19:39:09  INFO     [LT] 'AI regulation' → 9 entries, 32 kept so far
19:39:09  INFO     [LV] 'artificial intelligence' → 74 entries, 24 kept so far
19:39:09  INFO     [EE] 'artificial intelligence' → 100 entries, 44 kept so far
19:39:09  INFO     [HR] +91 new articles saved
19:39:09  INFO     [SI] 'AI regulation' → 3 entries, 45 kept so far
19:39:10  INFO     [CY] 'artificial intelligence' → 100 entries, 46 kept so far
19:39:10  INFO     [LV] 'AI regulation' → 9 entries, 24 kept so far
19:39:10  INFO     [LT] 'machine learning' → 30 entries, 36 kept so far
19:39:10  INFO     [EE] 'AI regulation' → 10 entries, 46 kept so far
19:39:11  INFO     [SI] 'machine learning' → 23 entries, 48 kept so far
19:39:11  INFO     [CY] 'AI regulation' → 60 entries, 96 kept so far
19:39:11  INFO     [LT] 'EU AI Act' → 21 entries, 37 kept so far
19:39:11  INFO     [LV] 'machine learning' → 11 entries, 25 kept so far
19:39:12  INFO     [EE] 'machine learning' → 15 entries, 50 kept so far
19:39:12  INFO     [SI] 'EU AI Act' → 21 entries, 52 kept so far
19:39:13  INFO     [CY] 'machine learning' → 88 entries, 128 kept so far
19:39:13  INFO     [LV] 'EU AI Act' → 9 entries, 25 kept so far
19:39:13  INFO     [LT] 'generative AI' → 23 entries, 44 kept so far
19:39:13  INFO     [EE] 'EU AI Act' → 18 entries, 52 kept so far
19:39:14  INFO     [SI] 'generative AI' → 13 entries, 55 kept so far
19:39:14  INFO     [CY] 'EU AI Act' → 61 entries, 144 kept so far
19:39:14  INFO     [LT] +12 new articles saved
19:39:14  INFO     [LV] 'generative AI' → 9 entries, 28 kept so far
19:39:15  INFO     [LU] 'artificial intelligence' → 100 entries, 43 kept so far
19:39:15  INFO     [SI] +16 new articles saved
19:39:15  INFO     [MT] 'artificial intelligence' → 100 entries, 59 kept so far
19:39:15  INFO     [EE] 'generative AI' → 12 entries, 55 kept so far
19:39:15  INFO     [LV] +13 new articles saved
19:39:15  INFO     [CY] 'generative AI' → 100 entries, 183 kept so far
19:39:16  INFO     [LU] 'AI regulation' → 100 entries, 120 kept so far
19:39:16  INFO     [EE] +22 new articles saved
19:39:16  INFO     [MT] 'AI regulation' → 100 entries, 108 kept so far
19:39:16  INFO     [CY] +1 new articles saved
19:39:17  INFO     [MT] 'machine learning' → 100 entries, 169 kept so far
19:39:17  INFO     [LU] 'machine learning' → 100 entries, 178 kept so far
19:39:18  INFO     [MT] 'EU AI Act' → 100 entries, 242 kept so far
19:39:19  INFO     [LU] 'EU AI Act' → 79 entries, 225 kept so far
19:39:19  INFO     [MT] 'generative AI' → 100 entries, 299 kept so far
19:39:20  INFO     [LU] 'generative AI' → 100 entries, 252 kept so far
19:39:20  INFO     [MT] +0 new articles saved
19:39:21  INFO     [LU] +0 new articles saved
19:39:21  INFO     Scrape complete. 1655 new articles this run.
