06:52:18  INFO     Starting scrape: 27 countries, 5 queries each
/home/runner/work/EU_AI_News/EU_AI_News/eu_ai_news_scraper.py:230: DeprecationWarning: datetime.datetime.utcnow() is deprecated and scheduled for removal in a future version. Use timezone-aware objects to represent datetimes in UTC: datetime.datetime.now(datetime.UTC).
  "scraped_at":   datetime.utcnow().isoformat(),
06:52:19  INFO     [DE] 'artificial intelligence' → 100 entries, 50 kept so far
06:52:19  INFO     [PL] 'artificial intelligence' → 100 entries, 16 kept so far
06:52:19  INFO     [FR] 'artificial intelligence' → 100 entries, 53 kept so far
06:52:19  INFO     [IT] 'artificial intelligence' → 100 entries, 42 kept so far
06:52:19  INFO     [ES] 'artificial intelligence' → 100 entries, 67 kept so far
06:52:20  INFO     [DE] 'AI regulation' → 100 entries, 102 kept so far
06:52:20  INFO     [PL] 'AI regulation' → 100 entries, 94 kept so far
06:52:20  INFO     [FR] 'AI regulation' → 100 entries, 116 kept so far
06:52:20  INFO     [IT] 'AI regulation' → 100 entries, 114 kept so far
06:52:21  INFO     [ES] 'AI regulation' → 76 entries, 90 kept so far
06:52:22  INFO     [DE] 'machine learning' → 100 entries, 155 kept so far
06:52:22  INFO     [PL] 'machine learning' → 100 entries, 138 kept so far
06:52:22  INFO     [FR] 'machine learning' → 100 entries, 174 kept so far
06:52:22  INFO     [IT] 'machine learning' → 100 entries, 181 kept so far
06:52:22  INFO     [ES] 'machine learning' → 100 entries, 161 kept so far
06:52:24  INFO     [DE] 'EU AI Act' → 100 entries, 237 kept so far
06:52:24  INFO     [PL] 'EU AI Act' → 78 entries, 165 kept so far
06:52:24  INFO     [FR] 'EU AI Act' → 93 entries, 231 kept so far
06:52:24  INFO     [IT] 'EU AI Act' → 100 entries, 260 kept so far
06:52:24  INFO     [ES] 'EU AI Act' → 78 entries, 204 kept so far
06:52:25  INFO     [DE] 'generative AI' → 100 entries, 264 kept so far
06:52:25  INFO     [PL] 'generative AI' → 100 entries, 201 kept so far
06:52:25  INFO     [FR] 'generative AI' → 100 entries, 260 kept so far
06:52:25  INFO     [IT] 'generative AI' → 100 entries, 300 kept so far
06:52:26  INFO     [ES] 'generative AI' → 100 entries, 248 kept so far
06:52:26  INFO     [DE] +197 new articles saved
06:52:26  INFO     [PL] +131 new articles saved
06:52:27  INFO     [NL] 'artificial intelligence' → 100 entries, 16 kept so far
06:52:27  INFO     [FR] +143 new articles saved
06:52:27  INFO     [SE] 'artificial intelligence' → 100 entries, 20 kept so far
06:52:27  INFO     [AT] 'artificial intelligence' → 100 entries, 50 kept so far
06:52:27  INFO     [IT] +166 new articles saved
06:52:27  INFO     [ES] +138 new articles saved
06:52:27  INFO     [BE] 'artificial intelligence' → 0 entries, 0 kept so far
06:52:27  INFO     [DK] 'artificial intelligence' → 100 entries, 23 kept so far
06:52:28  INFO     [NL] 'AI regulation' → 74 entries, 66 kept so far
06:52:28  INFO     [SE] 'AI regulation' → 68 entries, 35 kept so far
06:52:28  INFO     [AT] 'AI regulation' → 100 entries, 109 kept so far
06:52:29  INFO     [DK] 'AI regulation' → 34 entries, 28 kept so far
06:52:29  INFO     [BE] 'AI regulation' → 100 entries, 64 kept so far
06:52:30  INFO     [NL] 'machine learning' → 100 entries, 121 kept so far
06:52:30  INFO     [SE] 'machine learning' → 79 entries, 55 kept so far
06:52:30  INFO     [AT] 'machine learning' → 100 entries, 169 kept so far
06:52:31  INFO     [BE] 'machine learning' → 100 entries, 122 kept so far
06:52:31  INFO     [DK] 'machine learning' → 85 entries, 52 kept so far
06:52:31  INFO     [SE] 'EU AI Act' → 59 entries, 58 kept so far
06:52:31  INFO     [NL] 'EU AI Act' → 97 entries, 148 kept so far
06:52:32  INFO     [AT] 'EU AI Act' → 100 entries, 251 kept so far
06:52:32  INFO     [BE] 'EU AI Act' → 98 entries, 183 kept so far
06:52:32  INFO     [DK] 'EU AI Act' → 76 entries, 71 kept so far
06:52:33  INFO     [NL] 'generative AI' → 100 entries, 174 kept so far
06:52:33  INFO     [SE] 'generative AI' → 72 entries, 67 kept so far
06:52:33  INFO     [AT] 'generative AI' → 100 entries, 277 kept so far
06:52:34  INFO     [NL] +84 new articles saved
06:52:34  INFO     [DK] 'generative AI' → 91 entries, 103 kept so far
06:52:34  INFO     [BE] 'generative AI' → 100 entries, 215 kept so far
06:52:34  INFO     [SE] +29 new articles saved
06:52:34  INFO     [FI] 'artificial intelligence' → 100 entries, 64 kept so far
06:52:35  INFO     [AT] +81 new articles saved
06:52:35  INFO     [PT] 'artificial intelligence' → 100 entries, 63 kept so far
06:52:35  INFO     [CZ] 'artificial intelligence' → 100 entries, 18 kept so far
06:52:35  INFO     [DK] +48 new articles saved
06:52:35  INFO     [BE] +7 new articles saved
06:52:36  INFO     [HU] 'artificial intelligence' → 100 entries, 14 kept so far
06:52:36  INFO     [RO] 'artificial intelligence' → 100 entries, 41 kept so far
06:52:36  INFO     [FI] 'AI regulation' → 47 entries, 75 kept so far
06:52:36  INFO     [PT] 'AI regulation' → 92 entries, 116 kept so far
06:52:37  INFO     [CZ] 'AI regulation' → 78 entries, 49 kept so far
06:52:37  INFO     [RO] 'AI regulation' → 30 entries, 47 kept so far
06:52:37  INFO     [HU] 'AI regulation' → 78 entries, 16 kept so far
06:52:37  INFO     [FI] 'machine learning' → 87 entries, 114 kept so far
06:52:38  INFO     [PT] 'machine learning' → 100 entries, 191 kept so far
06:52:38  INFO     [CZ] 'machine learning' → 85 entries, 67 kept so far
06:52:38  INFO     [HU] 'machine learning' → 72 entries, 45 kept so far
06:52:39  INFO     [RO] 'machine learning' → 100 entries, 101 kept so far
06:52:39  INFO     [FI] 'EU AI Act' → 65 entries, 151 kept so far
06:52:40  INFO     [PT] 'EU AI Act' → 61 entries, 204 kept so far
06:52:40  INFO     [CZ] 'EU AI Act' → 76 entries, 77 kept so far
06:52:40  INFO     [HU] 'EU AI Act' → 79 entries, 66 kept so far
06:52:40  INFO     [RO] 'EU AI Act' → 78 entries, 127 kept so far
06:52:40  INFO     [FI] 'generative AI' → 56 entries, 182 kept so far
06:52:41  INFO     [CZ] 'generative AI' → 77 entries, 94 kept so far
06:52:41  INFO     [PT] 'generative AI' → 100 entries, 235 kept so far
06:52:41  INFO     [HU] 'generative AI' → 70 entries, 87 kept so far
06:52:42  INFO     [FI] +87 new articles saved
06:52:42  INFO     [RO] 'generative AI' → 86 entries, 153 kept so far
06:52:42  INFO     [CZ] +60 new articles saved
06:52:42  INFO     [GR] 'artificial intelligence' → 100 entries, 47 kept so far
06:52:42  INFO     [PT] +144 new articles saved
06:52:43  INFO     [SK] 'artificial intelligence' → 100 entries, 23 kept so far
06:52:43  INFO     [HU] +45 new articles saved
06:52:43  INFO     [HR] 'artificial intelligence' → 100 entries, 51 kept so far
06:52:43  INFO     [RO] +83 new articles saved
06:52:43  INFO     [IE] 'artificial intelligence' → 100 entries, 55 kept so far
06:52:43  INFO     [BG] 'artificial intelligence' → 81 entries, 38 kept so far
06:52:44  INFO     [GR] 'AI regulation' → 66 entries, 107 kept so far
06:52:44  INFO     [SK] 'AI regulation' → 16 entries, 25 kept so far
06:52:44  INFO     [HR] 'AI regulation' → 100 entries, 94 kept so far
06:52:45  INFO     [BG] 'AI regulation' → 14 entries, 39 kept so far
06:52:45  INFO     [IE] 'AI regulation' → 100 entries, 102 kept so far
06:52:45  INFO     [GR] 'machine learning' → 93 entries, 144 kept so far
06:52:45  INFO     [SK] 'machine learning' → 57 entries, 38 kept so far
06:52:46  INFO     [HR] 'machine learning' → 100 entries, 159 kept so far
06:52:46  INFO     [BG] 'machine learning' → 53 entries, 47 kept so far
06:52:46  INFO     [IE] 'machine learning' → 100 entries, 161 kept so far
06:52:47  INFO     [GR] 'EU AI Act' → 61 entries, 159 kept so far
06:52:47  INFO     [BG] 'EU AI Act' → 14 entries, 51 kept so far
06:52:47  INFO     [HR] 'EU AI Act' → 100 entries, 242 kept so far
06:52:47  INFO     [SK] 'EU AI Act' → 56 entries, 47 kept so far
06:52:48  INFO     [IE] 'EU AI Act' → 100 entries, 231 kept so far
06:52:48  INFO     [GR] 'generative AI' → 100 entries, 202 kept so far
06:52:49  INFO     [BG] 'generative AI' → 31 entries, 56 kept so far
06:52:49  INFO     [SK] 'generative AI' → 41 entries, 56 kept so far
06:52:49  INFO     [HR] 'generative AI' → 100 entries, 289 kept so far
06:52:49  INFO     [GR] +128 new articles saved
06:52:50  INFO     [LT] 'artificial intelligence' → 82 entries, 28 kept so far
06:52:50  INFO     [BG] +30 new articles saved
06:52:50  INFO     [SK] +25 new articles saved
06:52:50  INFO     [IE] 'generative AI' → 100 entries, 275 kept so far
06:52:50  INFO     [HR] +252 new articles saved
06:52:50  INFO     [LV] 'artificial intelligence' → 60 entries, 19 kept so far
06:52:50  INFO     [SI] 'artificial intelligence' → 100 entries, 50 kept so far
06:52:50  INFO     [EE] 'artificial intelligence' → 100 entries, 44 kept so far
06:52:51  INFO     [IE] +88 new articles saved
06:52:51  INFO     [LT] 'AI regulation' → 15 entries, 30 kept so far
06:52:52  INFO     [LV] 'AI regulation' → 5 entries, 19 kept so far
06:52:52  INFO     [CY] 'artificial intelligence' → 100 entries, 46 kept so far
06:52:52  INFO     [SI] 'AI regulation' → 10 entries, 51 kept so far
06:52:52  INFO     [EE] 'AI regulation' → 10 entries, 44 kept so far
06:52:52  INFO     [LT] 'machine learning' → 30 entries, 33 kept so far
06:52:53  INFO     [LV] 'machine learning' → 10 entries, 20 kept so far
06:52:53  INFO     [SI] 'machine learning' → 21 entries, 53 kept so far
06:52:53  INFO     [CY] 'AI regulation' → 66 entries, 106 kept so far
06:52:53  INFO     [EE] 'machine learning' → 15 entries, 46 kept so far
06:52:54  INFO     [LT] 'EU AI Act' → 24 entries, 35 kept so far
06:52:54  INFO     [LV] 'EU AI Act' → 6 entries, 20 kept so far
06:52:54  INFO     [SI] 'EU AI Act' → 23 entries, 56 kept so far
06:52:55  INFO     [CY] 'machine learning' → 93 entries, 143 kept so far
06:52:55  INFO     [EE] 'EU AI Act' → 12 entries, 47 kept so far
06:52:55  INFO     [LT] 'generative AI' → 19 entries, 41 kept so far
06:52:55  INFO     [LV] 'generative AI' → 7 entries, 22 kept so far
06:52:56  INFO     [SI] 'generative AI' → 12 entries, 57 kept so far
06:52:56  INFO     [EE] 'generative AI' → 10 entries, 49 kept so far
06:52:56  INFO     [CY] 'EU AI Act' → 61 entries, 158 kept so far
06:52:56  INFO     [LT] +13 new articles saved
06:52:57  INFO     [LV] +8 new articles saved
06:52:57  INFO     [MT] 'artificial intelligence' → 100 entries, 51 kept so far
06:52:57  INFO     [LU] 'artificial intelligence' → 100 entries, 53 kept so far
06:52:57  INFO     [SI] +20 new articles saved
06:52:57  INFO     [EE] +24 new articles saved
06:52:58  INFO     [CY] 'generative AI' → 100 entries, 201 kept so far
06:52:58  INFO     [MT] 'AI regulation' → 100 entries, 94 kept so far
06:52:58  INFO     [LU] 'AI regulation' → 100 entries, 116 kept so far
06:52:59  INFO     [CY] +0 new articles saved
06:52:59  INFO     [MT] 'machine learning' → 100 entries, 159 kept so far
06:53:00  INFO     [LU] 'machine learning' → 100 entries, 174 kept so far
06:53:00  INFO     [MT] 'EU AI Act' → 100 entries, 242 kept so far
06:53:01  INFO     [LU] 'EU AI Act' → 93 entries, 231 kept so far
06:53:02  INFO     [MT] 'generative AI' → 100 entries, 289 kept so far
06:53:03  INFO     [MT] +0 new articles saved
06:53:03  INFO     [LU] 'generative AI' → 100 entries, 260 kept so far
06:53:04  INFO     [LU] +0 new articles saved
06:53:04  INFO     Scrape complete. 2031 new articles this run.
