13:14:06  INFO     Starting scrape: 27 countries, 5 queries each
/home/runner/work/EU_AI_News/EU_AI_News/eu_ai_news_scraper.py:230: DeprecationWarning: datetime.datetime.utcnow() is deprecated and scheduled for removal in a future version. Use timezone-aware objects to represent datetimes in UTC: datetime.datetime.now(datetime.UTC).
  "scraped_at":   datetime.utcnow().isoformat(),
13:14:07  INFO     [DE] 'artificial intelligence' → 100 entries, 50 kept so far
13:14:07  INFO     [FR] 'artificial intelligence' → 100 entries, 51 kept so far
13:14:07  INFO     [IT] 'artificial intelligence' → 100 entries, 41 kept so far
13:14:07  INFO     [PL] 'artificial intelligence' → 100 entries, 19 kept so far
13:14:07  INFO     [ES] 'artificial intelligence' → 100 entries, 55 kept so far
13:14:08  INFO     [DE] 'AI regulation' → 72 entries, 105 kept so far
13:14:08  INFO     [FR] 'AI regulation' → 100 entries, 131 kept so far
13:14:08  INFO     [PL] 'AI regulation' → 100 entries, 95 kept so far
13:14:09  INFO     [IT] 'AI regulation' → 100 entries, 133 kept so far
13:14:09  INFO     [ES] 'AI regulation' → 82 entries, 114 kept so far
13:14:10  INFO     [DE] 'machine learning' → 100 entries, 154 kept so far
13:14:10  INFO     [FR] 'machine learning' → 100 entries, 186 kept so far
13:14:10  INFO     [PL] 'machine learning' → 100 entries, 134 kept so far
13:14:10  INFO     [IT] 'machine learning' → 100 entries, 204 kept so far
13:14:10  INFO     [ES] 'machine learning' → 100 entries, 191 kept so far
13:14:12  INFO     [DE] 'EU AI Act' → 100 entries, 221 kept so far
13:14:12  INFO     [FR] 'EU AI Act' → 85 entries, 235 kept so far
13:14:12  INFO     [PL] 'EU AI Act' → 77 entries, 163 kept so far
13:14:12  INFO     [IT] 'EU AI Act' → 100 entries, 291 kept so far
13:14:12  INFO     [ES] 'EU AI Act' → 79 entries, 217 kept so far
13:14:13  INFO     [FR] 'generative AI' → 100 entries, 265 kept so far
13:14:13  INFO     [DE] 'generative AI' → 100 entries, 243 kept so far
13:14:13  INFO     [PL] 'generative AI' → 100 entries, 200 kept so far
13:14:14  INFO     [IT] 'generative AI' → 100 entries, 330 kept so far
13:14:14  INFO     [ES] 'generative AI' → 100 entries, 257 kept so far
13:14:14  INFO     [FR] +143 new articles saved
13:14:14  INFO     [DE] +165 new articles saved
13:14:14  INFO     [PL] +132 new articles saved
13:14:15  INFO     [IT] +198 new articles saved
13:14:15  INFO     [ES] +137 new articles saved
13:14:15  INFO     [NL] 'artificial intelligence' → 100 entries, 14 kept so far
13:14:15  INFO     [BE] 'artificial intelligence' → 100 entries, 55 kept so far
13:14:15  INFO     [SE] 'artificial intelligence' → 100 entries, 5 kept so far
13:14:15  INFO     [AT] 'artificial intelligence' → 100 entries, 49 kept so far
13:14:15  INFO     [DK] 'artificial intelligence' → 100 entries, 16 kept so far
13:14:17  INFO     [NL] 'AI regulation' → 78 entries, 68 kept so far
13:14:17  INFO     [BE] 'AI regulation' → 100 entries, 135 kept so far
13:14:17  INFO     [SE] 'AI regulation' → 78 entries, 21 kept so far
13:14:17  INFO     [AT] 'AI regulation' → 77 entries, 108 kept so far
13:14:17  INFO     [DK] 'AI regulation' → 45 entries, 28 kept so far
13:14:18  INFO     [NL] 'machine learning' → 100 entries, 120 kept so far
13:14:18  INFO     [SE] 'machine learning' → 77 entries, 45 kept so far
13:14:18  INFO     [BE] 'machine learning' → 100 entries, 191 kept so far
13:14:19  INFO     [AT] 'machine learning' → 100 entries, 155 kept so far
13:14:19  INFO     [DK] 'machine learning' → 83 entries, 51 kept so far
13:14:20  INFO     [NL] 'EU AI Act' → 100 entries, 145 kept so far
13:14:20  INFO     [SE] 'EU AI Act' → 73 entries, 48 kept so far
13:14:20  INFO     [BE] 'EU AI Act' → 88 entries, 241 kept so far
13:14:20  INFO     [AT] 'EU AI Act' → 100 entries, 229 kept so far
13:14:20  INFO     [DK] 'EU AI Act' → 75 entries, 66 kept so far
13:14:21  INFO     [SE] 'generative AI' → 72 entries, 55 kept so far
13:14:21  INFO     [NL] 'generative AI' → 100 entries, 171 kept so far
13:14:22  INFO     [AT] 'generative AI' → 100 entries, 250 kept so far
13:14:22  INFO     [BE] 'generative AI' → 100 entries, 269 kept so far
13:14:22  INFO     [DK] 'generative AI' → 100 entries, 102 kept so far
13:14:23  INFO     [SE] +15 new articles saved
13:14:23  INFO     [NL] +74 new articles saved
13:14:23  INFO     [AT] +33 new articles saved
13:14:23  INFO     [BE] +21 new articles saved
13:14:23  INFO     [DK] +41 new articles saved
13:14:23  INFO     [FI] 'artificial intelligence' → 100 entries, 67 kept so far
13:14:23  INFO     [PT] 'artificial intelligence' → 100 entries, 63 kept so far
13:14:23  INFO     [CZ] 'artificial intelligence' → 100 entries, 17 kept so far
13:14:23  INFO     [RO] 'artificial intelligence' → 100 entries, 42 kept so far
13:14:24  INFO     [HU] 'artificial intelligence' → 100 entries, 12 kept so far
13:14:25  INFO     [FI] 'AI regulation' → 53 entries, 80 kept so far
13:14:25  INFO     [CZ] 'AI regulation' → 77 entries, 50 kept so far
13:14:25  INFO     [RO] 'AI regulation' → 78 entries, 54 kept so far
13:14:25  INFO     [PT] 'AI regulation' → 84 entries, 116 kept so far
13:14:25  INFO     [HU] 'AI regulation' → 79 entries, 17 kept so far
13:14:27  INFO     [CZ] 'machine learning' → 89 entries, 71 kept so far
13:14:27  INFO     [FI] 'machine learning' → 93 entries, 117 kept so far
13:14:27  INFO     [HU] 'machine learning' → 71 entries, 44 kept so far
13:14:27  INFO     [RO] 'machine learning' → 100 entries, 106 kept so far
13:14:27  INFO     [PT] 'machine learning' → 100 entries, 195 kept so far
13:14:28  INFO     [CZ] 'EU AI Act' → 76 entries, 80 kept so far
13:14:28  INFO     [FI] 'EU AI Act' → 57 entries, 147 kept so far
13:14:28  INFO     [RO] 'EU AI Act' → 76 entries, 127 kept so far
13:14:28  INFO     [HU] 'EU AI Act' → 78 entries, 70 kept so far
13:14:29  INFO     [PT] 'EU AI Act' → 61 entries, 207 kept so far
13:14:30  INFO     [CZ] 'generative AI' → 93 entries, 104 kept so far
13:14:30  INFO     [FI] 'generative AI' → 55 entries, 180 kept so far
13:14:30  INFO     [HU] 'generative AI' → 71 entries, 91 kept so far
13:14:30  INFO     [RO] 'generative AI' → 79 entries, 149 kept so far
13:14:31  INFO     [PT] 'generative AI' → 100 entries, 237 kept so far
13:14:31  INFO     [CZ] +66 new articles saved
13:14:31  INFO     [FI] +86 new articles saved
13:14:31  INFO     [HU] +48 new articles saved
13:14:31  INFO     [RO] +82 new articles saved
13:14:31  INFO     [GR] 'artificial intelligence' → 100 entries, 48 kept so far
13:14:32  INFO     [SK] 'artificial intelligence' → 100 entries, 25 kept so far
13:14:32  INFO     [HR] 'artificial intelligence' → 102 entries, 54 kept so far
13:14:32  INFO     [PT] +147 new articles saved
13:14:32  INFO     [IE] 'artificial intelligence' → 100 entries, 56 kept so far
13:14:32  INFO     [BG] 'artificial intelligence' → 88 entries, 40 kept so far
13:14:33  INFO     [GR] 'AI regulation' → 62 entries, 103 kept so far
13:14:33  INFO     [SK] 'AI regulation' → 21 entries, 29 kept so far
13:14:33  INFO     [HR] 'AI regulation' → 100 entries, 96 kept so far
13:14:34  INFO     [IE] 'AI regulation' → 100 entries, 105 kept so far
13:14:34  INFO     [BG] 'AI regulation' → 15 entries, 41 kept so far
13:14:34  INFO     [SK] 'machine learning' → 57 entries, 41 kept so far
13:14:35  INFO     [GR] 'machine learning' → 95 entries, 139 kept so far
13:14:35  INFO     [HR] 'machine learning' → 100 entries, 175 kept so far
13:14:35  INFO     [BG] 'machine learning' → 53 entries, 50 kept so far
13:14:35  INFO     [IE] 'machine learning' → 100 entries, 178 kept so far
13:14:36  INFO     [SK] 'EU AI Act' → 62 entries, 56 kept so far
13:14:36  INFO     [GR] 'EU AI Act' → 59 entries, 157 kept so far
13:14:37  INFO     [BG] 'EU AI Act' → 14 entries, 54 kept so far
13:14:37  INFO     [HR] 'EU AI Act' → 100 entries, 258 kept so far
13:14:37  INFO     [IE] 'EU AI Act' → 100 entries, 255 kept so far
13:14:37  INFO     [SK] 'generative AI' → 43 entries, 63 kept so far
13:14:38  INFO     [BG] 'generative AI' → 27 entries, 57 kept so far
13:14:38  INFO     [HR] 'generative AI' → 100 entries, 311 kept so far
13:14:38  INFO     [SK] +30 new articles saved
13:14:39  INFO     [BG] +32 new articles saved
13:14:39  INFO     [LT] 'artificial intelligence' → 77 entries, 26 kept so far
13:14:39  INFO     [HR] +258 new articles saved
13:14:39  INFO     [IE] 'generative AI' → 100 entries, 306 kept so far
13:14:39  INFO     [SI] 'artificial intelligence' → 100 entries, 49 kept so far
13:14:40  INFO     [LV] 'artificial intelligence' → 65 entries, 22 kept so far
13:14:40  INFO     [IE] +89 new articles saved
13:14:40  INFO     [LT] 'AI regulation' → 18 entries, 27 kept so far
13:14:41  INFO     [GR] 'generative AI' → 100 entries, 200 kept so far
13:14:41  INFO     [SI] 'AI regulation' → 9 entries, 49 kept so far
13:14:41  INFO     [EE] 'artificial intelligence' → 100 entries, 45 kept so far
13:14:41  INFO     [LV] 'AI regulation' → 9 entries, 22 kept so far
13:14:42  INFO     [GR] +124 new articles saved
13:14:42  INFO     [LT] 'machine learning' → 28 entries, 30 kept so far
13:14:42  INFO     [CY] 'artificial intelligence' → 100 entries, 50 kept so far
13:14:42  INFO     [LV] 'machine learning' → 10 entries, 23 kept so far
13:14:42  INFO     [SI] 'machine learning' → 23 entries, 52 kept so far
13:14:42  INFO     [EE] 'AI regulation' → 13 entries, 45 kept so far
13:14:43  INFO     [LT] 'EU AI Act' → 23 entries, 32 kept so far
13:14:44  INFO     [LV] 'EU AI Act' → 6 entries, 23 kept so far
13:14:44  INFO     [SI] 'EU AI Act' → 25 entries, 55 kept so far
13:14:44  INFO     [CY] 'AI regulation' → 62 entries, 105 kept so far
13:14:44  INFO     [EE] 'machine learning' → 17 entries, 49 kept so far
13:14:44  INFO     [LT] 'generative AI' → 20 entries, 39 kept so far
13:14:45  INFO     [LV] 'generative AI' → 8 entries, 24 kept so far
13:14:45  INFO     [SI] 'generative AI' → 13 entries, 56 kept so far
13:14:45  INFO     [CY] 'machine learning' → 95 entries, 141 kept so far
13:14:45  INFO     [EE] 'EU AI Act' → 17 entries, 50 kept so far
13:14:45  INFO     [LT] +15 new articles saved
13:14:46  INFO     [LV] +9 new articles saved
13:14:46  INFO     [SI] +16 new articles saved
13:14:46  INFO     [MT] 'artificial intelligence' → 102 entries, 54 kept so far
13:14:46  INFO     [LU] 'artificial intelligence' → 100 entries, 50 kept so far
13:14:47  INFO     [EE] 'generative AI' → 9 entries, 52 kept so far
13:14:47  INFO     [CY] 'EU AI Act' → 59 entries, 159 kept so far
13:14:47  INFO     [MT] 'AI regulation' → 100 entries, 96 kept so far
13:14:48  INFO     [EE] +20 new articles saved
13:14:48  INFO     [LU] 'AI regulation' → 100 entries, 131 kept so far
13:14:49  INFO     [CY] 'generative AI' → 100 entries, 202 kept so far
13:14:49  INFO     [MT] 'machine learning' → 100 entries, 175 kept so far
13:14:50  INFO     [CY] +2 new articles saved
13:14:50  INFO     [LU] 'machine learning' → 100 entries, 186 kept so far
13:14:50  INFO     [MT] 'EU AI Act' → 100 entries, 258 kept so far
13:14:51  INFO     [MT] 'generative AI' → 100 entries, 311 kept so far
13:14:52  INFO     [LU] 'EU AI Act' → 83 entries, 234 kept so far
13:14:52  INFO     [MT] +0 new articles saved
13:14:53  INFO     [LU] 'generative AI' → 100 entries, 264 kept so far
13:14:54  INFO     [LU] +0 new articles saved
13:14:54  INFO     Scrape complete. 1983 new articles this run.
