18:34:43  INFO     Starting scrape: 27 countries, 5 queries each
/home/runner/work/EU_AI_News/EU_AI_News/eu_ai_news_scraper.py:230: DeprecationWarning: datetime.datetime.utcnow() is deprecated and scheduled for removal in a future version. Use timezone-aware objects to represent datetimes in UTC: datetime.datetime.now(datetime.UTC).
  "scraped_at":   datetime.utcnow().isoformat(),
18:34:44  INFO     [DE] 'artificial intelligence' → 100 entries, 52 kept so far
18:34:44  INFO     [IT] 'artificial intelligence' → 100 entries, 45 kept so far
18:34:44  INFO     [PL] 'artificial intelligence' → 100 entries, 15 kept so far
18:34:44  INFO     [ES] 'artificial intelligence' → 100 entries, 61 kept so far
18:34:44  INFO     [FR] 'artificial intelligence' → 100 entries, 55 kept so far
18:34:45  INFO     [DE] 'AI regulation' → 100 entries, 107 kept so far
18:34:45  INFO     [IT] 'AI regulation' → 100 entries, 117 kept so far
18:34:46  INFO     [ES] 'AI regulation' → 71 entries, 84 kept so far
18:34:46  INFO     [PL] 'AI regulation' → 100 entries, 94 kept so far
18:34:46  INFO     [FR] 'AI regulation' → 100 entries, 117 kept so far
18:34:47  INFO     [DE] 'machine learning' → 100 entries, 155 kept so far
18:34:47  INFO     [PL] 'machine learning' → 100 entries, 136 kept so far
18:34:47  INFO     [ES] 'machine learning' → 100 entries, 159 kept so far
18:34:47  INFO     [IT] 'machine learning' → 100 entries, 185 kept so far
18:34:47  INFO     [FR] 'machine learning' → 100 entries, 173 kept so far
18:34:48  INFO     [DE] 'EU AI Act' → 100 entries, 236 kept so far
18:34:49  INFO     [PL] 'EU AI Act' → 78 entries, 164 kept so far
18:34:49  INFO     [ES] 'EU AI Act' → 78 entries, 200 kept so far
18:34:49  INFO     [FR] 'EU AI Act' → 90 entries, 229 kept so far
18:34:49  INFO     [IT] 'EU AI Act' → 100 entries, 254 kept so far
18:34:50  INFO     [DE] 'generative AI' → 100 entries, 261 kept so far
18:34:50  INFO     [PL] 'generative AI' → 100 entries, 201 kept so far
18:34:50  INFO     [ES] 'generative AI' → 100 entries, 238 kept so far
18:34:50  INFO     [FR] 'generative AI' → 100 entries, 258 kept so far
18:34:51  INFO     [IT] 'generative AI' → 100 entries, 291 kept so far
18:34:51  INFO     [DE] +189 new articles saved
18:34:51  INFO     [PL] +127 new articles saved
18:34:51  INFO     [NL] 'artificial intelligence' → 100 entries, 13 kept so far
18:34:51  INFO     [ES] +119 new articles saved
18:34:51  INFO     [FR] +134 new articles saved
18:34:52  INFO     [IT] +154 new articles saved
18:34:52  INFO     [BE] 'artificial intelligence' → 100 entries, 60 kept so far
18:34:52  INFO     [SE] 'artificial intelligence' → 100 entries, 16 kept so far
18:34:52  INFO     [AT] 'artificial intelligence' → 100 entries, 52 kept so far
18:34:52  INFO     [DK] 'artificial intelligence' → 100 entries, 17 kept so far
18:34:53  INFO     [NL] 'AI regulation' → 76 entries, 64 kept so far
18:34:53  INFO     [SE] 'AI regulation' → 68 entries, 31 kept so far
18:34:53  INFO     [BE] 'AI regulation' → 100 entries, 119 kept so far
18:34:54  INFO     [DK] 'AI regulation' → 31 entries, 21 kept so far
18:34:54  INFO     [AT] 'AI regulation' → 100 entries, 112 kept so far
18:34:54  INFO     [NL] 'machine learning' → 100 entries, 124 kept so far
18:34:55  INFO     [SE] 'machine learning' → 72 entries, 49 kept so far
18:34:55  INFO     [DK] 'machine learning' → 86 entries, 44 kept so far
18:34:55  INFO     [BE] 'machine learning' → 100 entries, 174 kept so far
18:34:55  INFO     [AT] 'machine learning' → 100 entries, 163 kept so far
18:34:56  INFO     [NL] 'EU AI Act' → 100 entries, 149 kept so far
18:34:56  INFO     [SE] 'EU AI Act' → 60 entries, 52 kept so far
18:34:57  INFO     [DK] 'EU AI Act' → 77 entries, 64 kept so far
18:34:57  INFO     [BE] 'EU AI Act' → 94 entries, 232 kept so far
18:34:57  INFO     [AT] 'EU AI Act' → 100 entries, 244 kept so far
18:34:58  INFO     [NL] 'generative AI' → 100 entries, 175 kept so far
18:34:58  INFO     [SE] 'generative AI' → 74 entries, 62 kept so far
18:34:58  INFO     [DK] 'generative AI' → 100 entries, 97 kept so far
18:34:58  INFO     [AT] 'generative AI' → 100 entries, 270 kept so far
18:34:59  INFO     [BE] 'generative AI' → 100 entries, 259 kept so far
18:34:59  INFO     [NL] +80 new articles saved
18:34:59  INFO     [SE] +24 new articles saved
18:34:59  INFO     [FI] 'artificial intelligence' → 100 entries, 66 kept so far
18:34:59  INFO     [DK] +38 new articles saved
18:34:59  INFO     [PT] 'artificial intelligence' → 100 entries, 60 kept so far
18:34:59  INFO     [AT] +51 new articles saved
18:35:00  INFO     [BE] +21 new articles saved
18:35:00  INFO     [CZ] 'artificial intelligence' → 100 entries, 20 kept so far
18:35:00  INFO     [RO] 'artificial intelligence' → 100 entries, 44 kept so far
18:35:00  INFO     [HU] 'artificial intelligence' → 100 entries, 16 kept so far
18:35:01  INFO     [FI] 'AI regulation' → 48 entries, 76 kept so far
18:35:01  INFO     [PT] 'AI regulation' → 100 entries, 120 kept so far
18:35:01  INFO     [CZ] 'AI regulation' → 78 entries, 49 kept so far
18:35:01  INFO     [RO] 'AI regulation' → 30 entries, 51 kept so far
18:35:02  INFO     [HU] 'AI regulation' → 79 entries, 18 kept so far
18:35:02  INFO     [FI] 'machine learning' → 84 entries, 116 kept so far
18:35:03  INFO     [CZ] 'machine learning' → 82 entries, 69 kept so far
18:35:03  INFO     [PT] 'machine learning' → 100 entries, 196 kept so far
18:35:03  INFO     [RO] 'machine learning' → 100 entries, 105 kept so far
18:35:03  INFO     [HU] 'machine learning' → 66 entries, 45 kept so far
18:35:04  INFO     [FI] 'EU AI Act' → 64 entries, 150 kept so far
18:35:04  INFO     [CZ] 'EU AI Act' → 75 entries, 83 kept so far
18:35:04  INFO     [PT] 'EU AI Act' → 59 entries, 208 kept so far
18:35:04  INFO     [RO] 'EU AI Act' → 78 entries, 131 kept so far
18:35:05  INFO     [HU] 'EU AI Act' → 77 entries, 69 kept so far
18:35:05  INFO     [FI] 'generative AI' → 56 entries, 182 kept so far
18:35:06  INFO     [CZ] 'generative AI' → 91 entries, 104 kept so far
18:35:06  INFO     [RO] 'generative AI' → 87 entries, 159 kept so far
18:35:06  INFO     [HU] 'generative AI' → 72 entries, 91 kept so far
18:35:06  INFO     [PT] 'generative AI' → 100 entries, 241 kept so far
18:35:06  INFO     [FI] +86 new articles saved
18:35:07  INFO     [GR] 'artificial intelligence' → 100 entries, 47 kept so far
18:35:07  INFO     [CZ] +67 new articles saved
18:35:07  INFO     [RO] +91 new articles saved
18:35:07  INFO     [HU] +46 new articles saved
18:35:07  INFO     [PT] +154 new articles saved
18:35:07  INFO     [SK] 'artificial intelligence' → 100 entries, 23 kept so far
18:35:08  INFO     [HR] 'artificial intelligence' → 100 entries, 69 kept so far
18:35:08  INFO     [IE] 'artificial intelligence' → 100 entries, 65 kept so far
18:35:08  INFO     [BG] 'artificial intelligence' → 97 entries, 45 kept so far
18:35:08  INFO     [GR] 'AI regulation' → 63 entries, 104 kept so far
18:35:09  INFO     [SK] 'AI regulation' → 16 entries, 24 kept so far
18:35:09  INFO     [HR] 'AI regulation' → 100 entries, 113 kept so far
18:35:09  INFO     [BG] 'AI regulation' → 18 entries, 46 kept so far
18:35:09  INFO     [IE] 'AI regulation' → 100 entries, 112 kept so far
18:35:10  INFO     [GR] 'machine learning' → 94 entries, 142 kept so far
18:35:10  INFO     [SK] 'machine learning' → 57 entries, 38 kept so far
18:35:10  INFO     [BG] 'machine learning' → 53 entries, 52 kept so far
18:35:11  INFO     [HR] 'machine learning' → 100 entries, 186 kept so far
18:35:11  INFO     [IE] 'machine learning' → 100 entries, 188 kept so far
18:35:11  INFO     [GR] 'EU AI Act' → 62 entries, 160 kept so far
18:35:12  INFO     [SK] 'EU AI Act' → 63 entries, 52 kept so far
18:35:12  INFO     [BG] 'EU AI Act' → 16 entries, 58 kept so far
18:35:12  INFO     [HR] 'EU AI Act' → 100 entries, 267 kept so far
18:35:13  INFO     [IE] 'EU AI Act' → 100 entries, 261 kept so far
18:35:13  INFO     [GR] 'generative AI' → 100 entries, 202 kept so far
18:35:13  INFO     [SK] 'generative AI' → 43 entries, 59 kept so far
18:35:13  INFO     [BG] 'generative AI' → 28 entries, 63 kept so far
18:35:14  INFO     [HR] 'generative AI' → 100 entries, 322 kept so far
18:35:14  INFO     [GR] +126 new articles saved
18:35:14  INFO     [SK] +26 new articles saved
18:35:14  INFO     [BG] +38 new articles saved
18:35:14  INFO     [IE] 'generative AI' → 100 entries, 317 kept so far
18:35:14  INFO     [LT] 'artificial intelligence' → 84 entries, 29 kept so far
18:35:14  INFO     [SI] 'artificial intelligence' → 100 entries, 52 kept so far
18:35:15  INFO     [LV] 'artificial intelligence' → 64 entries, 23 kept so far
18:35:15  INFO     [HR] +285 new articles saved
18:35:15  INFO     [EE] 'artificial intelligence' → 100 entries, 47 kept so far
18:35:15  INFO     [IE] +99 new articles saved
18:35:16  INFO     [LT] 'AI regulation' → 16 entries, 30 kept so far
18:35:16  INFO     [LV] 'AI regulation' → 7 entries, 23 kept so far
18:35:16  INFO     [CY] 'artificial intelligence' → 100 entries, 47 kept so far
18:35:16  INFO     [SI] 'AI regulation' → 7 entries, 53 kept so far
18:35:17  INFO     [EE] 'AI regulation' → 7 entries, 47 kept so far
18:35:17  INFO     [LV] 'machine learning' → 9 entries, 24 kept so far
18:35:17  INFO     [LT] 'machine learning' → 29 entries, 33 kept so far
18:35:17  INFO     [SI] 'machine learning' → 20 entries, 54 kept so far
18:35:17  INFO     [CY] 'AI regulation' → 63 entries, 104 kept so far
18:35:18  INFO     [EE] 'machine learning' → 16 entries, 52 kept so far
18:35:18  INFO     [LV] 'EU AI Act' → 6 entries, 24 kept so far
18:35:18  INFO     [LT] 'EU AI Act' → 23 entries, 36 kept so far
18:35:19  INFO     [SI] 'EU AI Act' → 25 entries, 57 kept so far
18:35:19  INFO     [CY] 'machine learning' → 94 entries, 142 kept so far
18:35:19  INFO     [EE] 'EU AI Act' → 12 entries, 53 kept so far
18:35:20  INFO     [LV] 'generative AI' → 8 entries, 26 kept so far
18:35:20  INFO     [LT] 'generative AI' → 22 entries, 44 kept so far
18:35:20  INFO     [SI] 'generative AI' → 11 entries, 57 kept so far
18:35:20  INFO     [CY] 'EU AI Act' → 62 entries, 160 kept so far
18:35:21  INFO     [EE] 'generative AI' → 10 entries, 55 kept so far
18:35:21  INFO     [LV] +12 new articles saved
18:35:21  INFO     [LT] +13 new articles saved
18:35:21  INFO     [MT] 'artificial intelligence' → 100 entries, 69 kept so far
18:35:21  INFO     [SI] +19 new articles saved
18:35:21  INFO     [LU] 'artificial intelligence' → 100 entries, 55 kept so far
18:35:22  INFO     [CY] 'generative AI' → 100 entries, 202 kept so far
18:35:22  INFO     [EE] +28 new articles saved
18:35:22  INFO     [MT] 'AI regulation' → 100 entries, 113 kept so far
18:35:23  INFO     [LU] 'AI regulation' → 100 entries, 117 kept so far
18:35:23  INFO     [CY] +0 new articles saved
18:35:23  INFO     [MT] 'machine learning' → 100 entries, 186 kept so far
18:35:24  INFO     [MT] 'EU AI Act' → 100 entries, 267 kept so far
18:35:24  INFO     [LU] 'machine learning' → 100 entries, 173 kept so far
18:35:25  INFO     [MT] 'generative AI' → 100 entries, 322 kept so far
18:35:26  INFO     [LU] 'EU AI Act' → 90 entries, 229 kept so far
18:35:26  INFO     [MT] +0 new articles saved
18:35:27  INFO     [LU] 'generative AI' → 100 entries, 258 kept so far
18:35:28  INFO     [LU] +2 new articles saved
18:35:28  INFO     Scrape complete. 2029 new articles this run.
