20:32:29  INFO     Starting scrape: 27 countries, 5 queries each
/home/runner/work/EU_AI_News/EU_AI_News/eu_ai_news_scraper.py:230: DeprecationWarning: datetime.datetime.utcnow() is deprecated and scheduled for removal in a future version. Use timezone-aware objects to represent datetimes in UTC: datetime.datetime.now(datetime.UTC).
  "scraped_at":   datetime.utcnow().isoformat(),
20:32:30  INFO     [DE] 'artificial intelligence' → 100 entries, 43 kept so far
20:32:30  INFO     [PL] 'artificial intelligence' → 100 entries, 14 kept so far
20:32:30  INFO     [ES] 'artificial intelligence' → 100 entries, 57 kept so far
20:32:30  INFO     [FR] 'artificial intelligence' → 100 entries, 52 kept so far
20:32:30  INFO     [IT] 'artificial intelligence' → 100 entries, 44 kept so far
20:32:32  INFO     [DE] 'AI regulation' → 100 entries, 123 kept so far
20:32:32  INFO     [PL] 'AI regulation' → 79 entries, 73 kept so far
20:32:32  INFO     [FR] 'AI regulation' → 100 entries, 143 kept so far
20:32:32  INFO     [ES] 'AI regulation' → 78 entries, 98 kept so far
20:32:32  INFO     [IT] 'AI regulation' → 100 entries, 134 kept so far
20:32:34  INFO     [DE] 'machine learning' → 100 entries, 173 kept so far
20:32:34  INFO     [PL] 'machine learning' → 100 entries, 121 kept so far
20:32:34  INFO     [FR] 'machine learning' → 100 entries, 194 kept so far
20:32:34  INFO     [IT] 'machine learning' → 100 entries, 210 kept so far
20:32:34  INFO     [ES] 'machine learning' → 100 entries, 175 kept so far
20:32:35  INFO     [DE] 'EU AI Act' → 100 entries, 249 kept so far
20:32:35  INFO     [PL] 'EU AI Act' → 77 entries, 137 kept so far
20:32:35  INFO     [FR] 'EU AI Act' → 86 entries, 231 kept so far
20:32:36  INFO     [IT] 'EU AI Act' → 100 entries, 259 kept so far
20:32:36  INFO     [ES] 'EU AI Act' → 78 entries, 201 kept so far
20:32:37  INFO     [DE] 'generative AI' → 100 entries, 274 kept so far
20:32:37  INFO     [PL] 'generative AI' → 100 entries, 169 kept so far
20:32:37  INFO     [FR] 'generative AI' → 100 entries, 259 kept so far
20:32:37  INFO     [ES] 'generative AI' → 100 entries, 248 kept so far
20:32:37  INFO     [IT] 'generative AI' → 100 entries, 304 kept so far
20:32:38  INFO     [DE] +189 new articles saved
20:32:38  INFO     [PL] +87 new articles saved
20:32:38  INFO     [FR] +151 new articles saved
20:32:38  INFO     [ES] +131 new articles saved
20:32:38  INFO     [IT] +203 new articles saved
20:32:39  INFO     [NL] 'artificial intelligence' → 100 entries, 19 kept so far
20:32:39  INFO     [BE] 'artificial intelligence' → 100 entries, 61 kept so far
20:32:39  INFO     [SE] 'artificial intelligence' → 100 entries, 8 kept so far
20:32:39  INFO     [AT] 'artificial intelligence' → 100 entries, 40 kept so far
20:32:39  INFO     [DK] 'artificial intelligence' → 100 entries, 18 kept so far
20:32:40  INFO     [NL] 'AI regulation' → 79 entries, 66 kept so far
20:32:40  INFO     [BE] 'AI regulation' → 100 entries, 152 kept so far
20:32:40  INFO     [SE] 'AI regulation' → 78 entries, 19 kept so far
20:32:41  INFO     [AT] 'AI regulation' → 100 entries, 116 kept so far
20:32:41  INFO     [DK] 'AI regulation' → 40 entries, 24 kept so far
20:32:42  INFO     [NL] 'machine learning' → 100 entries, 119 kept so far
20:32:42  INFO     [BE] 'machine learning' → 100 entries, 205 kept so far
20:32:42  INFO     [SE] 'machine learning' → 82 entries, 46 kept so far
20:32:42  INFO     [AT] 'machine learning' → 100 entries, 166 kept so far
20:32:43  INFO     [DK] 'machine learning' → 79 entries, 41 kept so far
20:32:43  INFO     [NL] 'EU AI Act' → 99 entries, 149 kept so far
20:32:44  INFO     [BE] 'EU AI Act' → 88 entries, 243 kept so far
20:32:44  INFO     [SE] 'EU AI Act' → 72 entries, 56 kept so far
20:32:44  INFO     [AT] 'EU AI Act' → 100 entries, 251 kept so far
20:32:44  INFO     [DK] 'EU AI Act' → 76 entries, 58 kept so far
20:32:45  INFO     [NL] 'generative AI' → 100 entries, 182 kept so far
20:32:45  INFO     [SE] 'generative AI' → 71 entries, 64 kept so far
20:32:45  INFO     [BE] 'generative AI' → 100 entries, 269 kept so far
20:32:46  INFO     [AT] 'generative AI' → 100 entries, 276 kept so far
20:32:46  INFO     [DK] 'generative AI' → 96 entries, 88 kept so far
20:32:46  INFO     [NL] +87 new articles saved
20:32:47  INFO     [SE] +31 new articles saved
20:32:47  INFO     [BE] +29 new articles saved
20:32:47  INFO     [AT] +56 new articles saved
20:32:47  INFO     [FI] 'artificial intelligence' → 100 entries, 63 kept so far
20:32:47  INFO     [CZ] 'artificial intelligence' → 100 entries, 25 kept so far
20:32:47  INFO     [PT] 'artificial intelligence' → 100 entries, 60 kept so far
20:32:47  INFO     [RO] 'artificial intelligence' → 100 entries, 39 kept so far
20:32:47  INFO     [DK] +35 new articles saved
20:32:48  INFO     [HU] 'artificial intelligence' → 100 entries, 23 kept so far
20:32:48  INFO     [FI] 'AI regulation' → 58 entries, 73 kept so far
20:32:49  INFO     [CZ] 'AI regulation' → 77 entries, 50 kept so far
20:32:49  INFO     [RO] 'AI regulation' → 78 entries, 50 kept so far
20:32:49  INFO     [PT] 'AI regulation' → 79 entries, 96 kept so far
20:32:49  INFO     [HU] 'AI regulation' → 78 entries, 28 kept so far
20:32:50  INFO     [FI] 'machine learning' → 88 entries, 120 kept so far
20:32:51  INFO     [RO] 'machine learning' → 100 entries, 105 kept so far
20:32:51  INFO     [HU] 'machine learning' → 72 entries, 52 kept so far
20:32:51  INFO     [PT] 'machine learning' → 100 entries, 174 kept so far
20:32:52  INFO     [FI] 'EU AI Act' → 62 entries, 159 kept so far
20:32:52  INFO     [CZ] 'machine learning' → 77 entries, 69 kept so far
20:32:52  INFO     [RO] 'EU AI Act' → 77 entries, 135 kept so far
20:32:53  INFO     [HU] 'EU AI Act' → 79 entries, 78 kept so far
20:32:53  INFO     [PT] 'EU AI Act' → 57 entries, 188 kept so far
20:32:54  INFO     [FI] 'generative AI' → 64 entries, 199 kept so far
20:32:54  INFO     [CZ] 'EU AI Act' → 73 entries, 84 kept so far
20:32:54  INFO     [HU] 'generative AI' → 75 entries, 101 kept so far
20:32:54  INFO     [RO] 'generative AI' → 89 entries, 158 kept so far
20:32:54  INFO     [PT] 'generative AI' → 100 entries, 216 kept so far
20:32:55  INFO     [FI] +104 new articles saved
20:32:55  INFO     [HU] +61 new articles saved
20:32:55  INFO     [RO] +95 new articles saved
20:32:55  INFO     [CZ] 'generative AI' → 75 entries, 107 kept so far
20:32:55  INFO     [GR] 'artificial intelligence' → 100 entries, 46 kept so far
20:32:55  INFO     [PT] +127 new articles saved
20:32:56  INFO     [SK] 'artificial intelligence' → 100 entries, 24 kept so far
20:32:56  INFO     [IE] 'artificial intelligence' → 102 entries, 41 kept so far
20:32:56  INFO     [HR] 'artificial intelligence' → 99 entries, 41 kept so far
20:32:56  INFO     [CZ] +71 new articles saved
20:32:57  INFO     [BG] 'artificial intelligence' → 69 entries, 29 kept so far
20:32:57  INFO     [GR] 'AI regulation' → 69 entries, 97 kept so far
20:32:57  INFO     [SK] 'AI regulation' → 18 entries, 27 kept so far
20:32:58  INFO     [IE] 'AI regulation' → 100 entries, 79 kept so far
20:32:58  INFO     [HR] 'AI regulation' → 103 entries, 79 kept so far
20:32:58  INFO     [BG] 'AI regulation' → 17 entries, 33 kept so far
20:32:59  INFO     [GR] 'machine learning' → 100 entries, 138 kept so far
20:32:59  INFO     [SK] 'machine learning' → 58 entries, 39 kept so far
20:33:00  INFO     [IE] 'machine learning' → 100 entries, 166 kept so far
20:33:00  INFO     [HR] 'machine learning' → 100 entries, 160 kept so far
20:33:00  INFO     [BG] 'machine learning' → 58 entries, 41 kept so far
20:33:00  INFO     [SK] 'EU AI Act' → 77 entries, 53 kept so far
20:33:00  INFO     [GR] 'EU AI Act' → 57 entries, 158 kept so far
20:33:01  INFO     [BG] 'EU AI Act' → 16 entries, 43 kept so far
20:33:02  INFO     [IE] 'EU AI Act' → 100 entries, 238 kept so far
20:33:02  INFO     [HR] 'EU AI Act' → 100 entries, 243 kept so far
20:33:02  INFO     [SK] 'generative AI' → 46 entries, 62 kept so far
20:33:02  INFO     [GR] 'generative AI' → 100 entries, 202 kept so far
20:33:03  INFO     [SK] +29 new articles saved
20:33:03  INFO     [BG] 'generative AI' → 29 entries, 50 kept so far
20:33:03  INFO     [GR] +134 new articles saved
20:33:03  INFO     [HR] 'generative AI' → 100 entries, 303 kept so far
20:33:03  INFO     [LT] 'artificial intelligence' → 78 entries, 25 kept so far
20:33:03  INFO     [IE] 'generative AI' → 100 entries, 292 kept so far
20:33:04  INFO     [SI] 'artificial intelligence' → 100 entries, 51 kept so far
20:33:04  INFO     [BG] +29 new articles saved
20:33:04  INFO     [LV] 'artificial intelligence' → 68 entries, 20 kept so far
20:33:04  INFO     [HR] +271 new articles saved
20:33:04  INFO     [IE] +90 new articles saved
20:33:05  INFO     [LT] 'AI regulation' → 6 entries, 25 kept so far
20:33:05  INFO     [SI] 'AI regulation' → 3 entries, 51 kept so far
20:33:05  INFO     [EE] 'artificial intelligence' → 95 entries, 53 kept so far
20:33:05  INFO     [CY] 'artificial intelligence' → 100 entries, 46 kept so far
20:33:06  INFO     [LV] 'AI regulation' → 8 entries, 20 kept so far
20:33:06  INFO     [LT] 'machine learning' → 30 entries, 29 kept so far
20:33:07  INFO     [SI] 'machine learning' → 21 entries, 52 kept so far
20:33:07  INFO     [EE] 'AI regulation' → 3 entries, 53 kept so far
20:33:07  INFO     [LV] 'machine learning' → 12 entries, 23 kept so far
20:33:07  INFO     [CY] 'AI regulation' → 69 entries, 97 kept so far
20:33:08  INFO     [LT] 'EU AI Act' → 19 entries, 30 kept so far
20:33:08  INFO     [SI] 'EU AI Act' → 21 entries, 56 kept so far
20:33:08  INFO     [EE] 'machine learning' → 15 entries, 56 kept so far
20:33:08  INFO     [LV] 'EU AI Act' → 5 entries, 23 kept so far
20:33:09  INFO     [CY] 'machine learning' → 100 entries, 138 kept so far
20:33:09  INFO     [LT] 'generative AI' → 18 entries, 36 kept so far
20:33:09  INFO     [SI] 'generative AI' → 13 entries, 57 kept so far
20:33:10  INFO     [LV] 'generative AI' → 9 entries, 24 kept so far
20:33:10  INFO     [EE] 'EU AI Act' → 9 entries, 57 kept so far
20:33:10  INFO     [LT] +11 new articles saved
20:33:10  INFO     [SI] +22 new articles saved
20:33:11  INFO     [CY] 'EU AI Act' → 57 entries, 158 kept so far
20:33:11  INFO     [MT] 'artificial intelligence' → 99 entries, 41 kept so far
20:33:11  INFO     [LV] +10 new articles saved
20:33:11  INFO     [LU] 'artificial intelligence' → 100 entries, 52 kept so far
20:33:11  INFO     [EE] 'generative AI' → 10 entries, 60 kept so far
20:33:12  INFO     [MT] 'AI regulation' → 103 entries, 79 kept so far
20:33:12  INFO     [CY] 'generative AI' → 100 entries, 202 kept so far
20:33:12  INFO     [EE] +32 new articles saved
20:33:13  INFO     [LU] 'AI regulation' → 100 entries, 143 kept so far
20:33:13  INFO     [MT] 'machine learning' → 100 entries, 160 kept so far
20:33:13  INFO     [CY] +0 new articles saved
20:33:14  INFO     [LU] 'machine learning' → 100 entries, 194 kept so far
20:33:15  INFO     [MT] 'EU AI Act' → 100 entries, 243 kept so far
20:33:16  INFO     [LU] 'EU AI Act' → 86 entries, 231 kept so far
20:33:16  INFO     [MT] 'generative AI' → 100 entries, 303 kept so far
20:33:17  INFO     [MT] +0 new articles saved
20:33:18  INFO     [LU] 'generative AI' → 100 entries, 259 kept so far
20:33:19  INFO     [LU] +0 new articles saved
20:33:19  INFO     Scrape complete. 2085 new articles this run.
