13:43:36  INFO     Starting scrape: 27 countries, 5 queries each
/home/runner/work/EU_AI_News/EU_AI_News/eu_ai_news_scraper.py:230: DeprecationWarning: datetime.datetime.utcnow() is deprecated and scheduled for removal in a future version. Use timezone-aware objects to represent datetimes in UTC: datetime.datetime.now(datetime.UTC).
  "scraped_at":   datetime.utcnow().isoformat(),
13:43:36  INFO     [PL] 'artificial intelligence' → 100 entries, 14 kept so far
13:43:37  INFO     [DE] 'artificial intelligence' → 100 entries, 52 kept so far
13:43:37  INFO     [IT] 'artificial intelligence' → 100 entries, 39 kept so far
13:43:37  INFO     [ES] 'artificial intelligence' → 100 entries, 59 kept so far
13:43:37  INFO     [FR] 'artificial intelligence' → 100 entries, 56 kept so far
13:43:38  INFO     [PL] 'AI regulation' → 100 entries, 79 kept so far
13:43:38  INFO     [DE] 'AI regulation' → 94 entries, 125 kept so far
13:43:38  INFO     [IT] 'AI regulation' → 100 entries, 119 kept so far
13:43:38  INFO     [ES] 'AI regulation' → 78 entries, 94 kept so far
13:43:39  INFO     [FR] 'AI regulation' → 100 entries, 130 kept so far
13:43:40  INFO     [PL] 'machine learning' → 100 entries, 116 kept so far
13:43:40  INFO     [DE] 'machine learning' → 100 entries, 167 kept so far
13:43:40  INFO     [IT] 'machine learning' → 100 entries, 190 kept so far
13:43:40  INFO     [ES] 'machine learning' → 100 entries, 168 kept so far
13:43:40  INFO     [FR] 'machine learning' → 100 entries, 185 kept so far
13:43:41  INFO     [PL] 'EU AI Act' → 77 entries, 133 kept so far
13:43:41  INFO     [DE] 'EU AI Act' → 100 entries, 250 kept so far
13:43:42  INFO     [IT] 'EU AI Act' → 100 entries, 263 kept so far
13:43:42  INFO     [ES] 'EU AI Act' → 78 entries, 191 kept so far
13:43:42  INFO     [FR] 'EU AI Act' → 79 entries, 230 kept so far
13:43:43  INFO     [PL] 'generative AI' → 100 entries, 167 kept so far
13:43:43  INFO     [DE] 'generative AI' → 100 entries, 269 kept so far
13:43:43  INFO     [IT] 'generative AI' → 100 entries, 300 kept so far
13:43:43  INFO     [ES] 'generative AI' → 100 entries, 228 kept so far
13:43:44  INFO     [FR] 'generative AI' → 100 entries, 260 kept so far
13:43:44  INFO     [PL] +74 new articles saved
13:43:44  INFO     [DE] +161 new articles saved
13:43:44  INFO     [NL] 'artificial intelligence' → 100 entries, 9 kept so far
13:43:44  INFO     [IT] +149 new articles saved
13:43:44  INFO     [ES] +100 new articles saved
13:43:45  INFO     [BE] 'artificial intelligence' → 100 entries, 67 kept so far
13:43:45  INFO     [SE] 'artificial intelligence' → 100 entries, 7 kept so far
13:43:45  INFO     [FR] +129 new articles saved
13:43:45  INFO     [AT] 'artificial intelligence' → 100 entries, 49 kept so far
13:43:45  INFO     [DK] 'artificial intelligence' → 100 entries, 10 kept so far
13:43:46  INFO     [NL] 'AI regulation' → 79 entries, 46 kept so far
13:43:46  INFO     [BE] 'AI regulation' → 100 entries, 152 kept so far
13:43:46  INFO     [SE] 'AI regulation' → 78 entries, 23 kept so far
13:43:46  INFO     [AT] 'AI regulation' → 96 entries, 121 kept so far
13:43:47  INFO     [DK] 'AI regulation' → 32 entries, 16 kept so far
13:43:47  INFO     [NL] 'machine learning' → 100 entries, 101 kept so far
13:43:48  INFO     [SE] 'machine learning' → 72 entries, 45 kept so far
13:43:48  INFO     [BE] 'machine learning' → 100 entries, 208 kept so far
13:43:48  INFO     [AT] 'machine learning' → 100 entries, 167 kept so far
13:43:48  INFO     [DK] 'machine learning' → 84 entries, 40 kept so far
13:43:49  INFO     [NL] 'EU AI Act' → 100 entries, 129 kept so far
13:43:49  INFO     [SE] 'EU AI Act' → 78 entries, 52 kept so far
13:43:50  INFO     [BE] 'EU AI Act' → 80 entries, 238 kept so far
13:43:50  INFO     [AT] 'EU AI Act' → 100 entries, 256 kept so far
13:43:50  INFO     [DK] 'EU AI Act' → 76 entries, 57 kept so far
13:43:50  INFO     [NL] 'generative AI' → 100 entries, 156 kept so far
13:43:51  INFO     [SE] 'generative AI' → 74 entries, 63 kept so far
13:43:51  INFO     [BE] 'generative AI' → 100 entries, 263 kept so far
13:43:51  INFO     [AT] 'generative AI' → 100 entries, 276 kept so far
13:43:51  INFO     [NL] +50 new articles saved
13:43:51  INFO     [DK] 'generative AI' → 100 entries, 90 kept so far
13:43:52  INFO     [SE] +22 new articles saved
13:43:52  INFO     [FI] 'artificial intelligence' → 100 entries, 51 kept so far
13:43:52  INFO     [BE] +23 new articles saved
13:43:52  INFO     [AT] +31 new articles saved
13:43:52  INFO     [DK] +26 new articles saved
13:43:53  INFO     [PT] 'artificial intelligence' → 100 entries, 59 kept so far
13:43:53  INFO     [CZ] 'artificial intelligence' → 100 entries, 17 kept so far
13:43:53  INFO     [RO] 'artificial intelligence' → 100 entries, 37 kept so far
13:43:53  INFO     [HU] 'artificial intelligence' → 100 entries, 17 kept so far
13:43:53  INFO     [FI] 'AI regulation' → 50 entries, 64 kept so far
13:43:54  INFO     [PT] 'AI regulation' → 79 entries, 88 kept so far
13:43:54  INFO     [CZ] 'AI regulation' → 79 entries, 33 kept so far
13:43:54  INFO     [RO] 'AI regulation' → 75 entries, 48 kept so far
13:43:55  INFO     [HU] 'AI regulation' → 79 entries, 21 kept so far
13:43:55  INFO     [FI] 'machine learning' → 87 entries, 101 kept so far
13:43:56  INFO     [CZ] 'machine learning' → 79 entries, 53 kept so far
13:43:56  INFO     [PT] 'machine learning' → 100 entries, 158 kept so far
13:43:56  INFO     [RO] 'machine learning' → 100 entries, 100 kept so far
13:43:57  INFO     [HU] 'machine learning' → 70 entries, 45 kept so far
13:43:57  INFO     [FI] 'EU AI Act' → 77 entries, 141 kept so far
13:43:57  INFO     [CZ] 'EU AI Act' → 77 entries, 64 kept so far
13:43:57  INFO     [PT] 'EU AI Act' → 48 entries, 165 kept so far
13:43:58  INFO     [RO] 'EU AI Act' → 78 entries, 110 kept so far
13:43:58  INFO     [HU] 'EU AI Act' → 78 entries, 64 kept so far
13:43:58  INFO     [FI] 'generative AI' → 61 entries, 176 kept so far
13:43:59  INFO     [CZ] 'generative AI' → 81 entries, 82 kept so far
13:43:59  INFO     [RO] 'generative AI' → 79 entries, 128 kept so far
13:43:59  INFO     [PT] 'generative AI' → 100 entries, 196 kept so far
13:43:59  INFO     [FI] +80 new articles saved
13:44:00  INFO     [HU] 'generative AI' → 72 entries, 88 kept so far
13:44:00  INFO     [GR] 'artificial intelligence' → 100 entries, 47 kept so far
13:44:00  INFO     [CZ] +43 new articles saved
13:44:00  INFO     [RO] +54 new articles saved
13:44:00  INFO     [PT] +79 new articles saved
13:44:00  INFO     [HR] 'artificial intelligence' → 102 entries, 71 kept so far
13:44:00  INFO     [SK] 'artificial intelligence' → 100 entries, 26 kept so far
13:44:01  INFO     [IE] 'artificial intelligence' → 100 entries, 67 kept so far
13:44:01  INFO     [HU] +41 new articles saved
13:44:01  INFO     [BG] 'artificial intelligence' → 66 entries, 32 kept so far
13:44:01  INFO     [GR] 'AI regulation' → 59 entries, 98 kept so far
13:44:02  INFO     [HR] 'AI regulation' → 100 entries, 117 kept so far
13:44:02  INFO     [SK] 'AI regulation' → 20 entries, 30 kept so far
13:44:03  INFO     [IE] 'AI regulation' → 100 entries, 112 kept so far
13:44:03  INFO     [BG] 'AI regulation' → 8 entries, 33 kept so far
13:44:03  INFO     [GR] 'machine learning' → 87 entries, 132 kept so far
13:44:03  INFO     [SK] 'machine learning' → 65 entries, 45 kept so far
13:44:03  INFO     [HR] 'machine learning' → 100 entries, 191 kept so far
13:44:04  INFO     [BG] 'machine learning' → 57 entries, 44 kept so far
13:44:04  INFO     [IE] 'machine learning' → 100 entries, 186 kept so far
13:44:04  INFO     [GR] 'EU AI Act' → 58 entries, 149 kept so far
13:44:05  INFO     [SK] 'EU AI Act' → 64 entries, 62 kept so far
13:44:05  INFO     [HR] 'EU AI Act' → 100 entries, 274 kept so far
13:44:05  INFO     [BG] 'EU AI Act' → 6 entries, 46 kept so far
13:44:06  INFO     [IE] 'EU AI Act' → 100 entries, 260 kept so far
13:44:06  INFO     [GR] 'generative AI' → 100 entries, 191 kept so far
13:44:06  INFO     [HR] 'generative AI' → 100 entries, 345 kept so far
13:44:06  INFO     [SK] 'generative AI' → 48 entries, 72 kept so far
13:44:07  INFO     [BG] 'generative AI' → 29 entries, 53 kept so far
13:44:07  INFO     [GR] +111 new articles saved
13:44:07  INFO     [HR] +262 new articles saved
13:44:07  INFO     [SK] +31 new articles saved
13:44:07  INFO     [LT] 'artificial intelligence' → 89 entries, 33 kept so far
13:44:08  INFO     [IE] 'generative AI' → 100 entries, 328 kept so far
13:44:08  INFO     [SI] 'artificial intelligence' → 100 entries, 47 kept so far
13:44:08  INFO     [LV] 'artificial intelligence' → 78 entries, 27 kept so far
13:44:08  INFO     [BG] +27 new articles saved
13:44:08  INFO     [EE] 'artificial intelligence' → 100 entries, 49 kept so far
13:44:09  INFO     [IE] +97 new articles saved
13:44:09  INFO     [LT] 'AI regulation' → 9 entries, 33 kept so far
13:44:09  INFO     [SI] 'AI regulation' → 4 entries, 47 kept so far
13:44:09  INFO     [CY] 'artificial intelligence' → 100 entries, 47 kept so far
13:44:09  INFO     [LV] 'AI regulation' → 7 entries, 27 kept so far
13:44:10  INFO     [EE] 'AI regulation' → 8 entries, 50 kept so far
13:44:10  INFO     [LT] 'machine learning' → 32 entries, 37 kept so far
13:44:10  INFO     [LV] 'machine learning' → 10 entries, 29 kept so far
13:44:10  INFO     [SI] 'machine learning' → 24 entries, 50 kept so far
13:44:11  INFO     [CY] 'AI regulation' → 59 entries, 98 kept so far
13:44:11  INFO     [EE] 'machine learning' → 9 entries, 52 kept so far
13:44:12  INFO     [LT] 'EU AI Act' → 17 entries, 38 kept so far
13:44:12  INFO     [LV] 'EU AI Act' → 10 entries, 29 kept so far
13:44:12  INFO     [SI] 'EU AI Act' → 32 entries, 56 kept so far
13:44:12  INFO     [CY] 'machine learning' → 86 entries, 132 kept so far
13:44:12  INFO     [EE] 'EU AI Act' → 17 entries, 54 kept so far
13:44:13  INFO     [LT] 'generative AI' → 24 entries, 46 kept so far
13:44:13  INFO     [LV] 'generative AI' → 8 entries, 31 kept so far
13:44:13  INFO     [SI] 'generative AI' → 14 entries, 61 kept so far
13:44:13  INFO     [CY] 'EU AI Act' → 58 entries, 149 kept so far
13:44:14  INFO     [EE] 'generative AI' → 11 entries, 56 kept so far
13:44:14  INFO     [LT] +13 new articles saved
13:44:14  INFO     [LV] +14 new articles saved
13:44:14  INFO     [MT] 'artificial intelligence' → 102 entries, 71 kept so far
13:44:14  INFO     [SI] +21 new articles saved
13:44:15  INFO     [LU] 'artificial intelligence' → 100 entries, 56 kept so far
13:44:15  INFO     [EE] +22 new articles saved
13:44:15  INFO     [CY] 'generative AI' → 100 entries, 190 kept so far
13:44:15  INFO     [MT] 'AI regulation' → 100 entries, 117 kept so far
13:44:16  INFO     [LU] 'AI regulation' → 100 entries, 130 kept so far
13:44:16  INFO     [CY] +2 new articles saved
13:44:16  INFO     [MT] 'machine learning' → 100 entries, 191 kept so far
13:44:18  INFO     [MT] 'EU AI Act' → 100 entries, 274 kept so far
13:44:18  INFO     [LU] 'machine learning' → 100 entries, 186 kept so far
13:44:19  INFO     [MT] 'generative AI' → 100 entries, 345 kept so far
13:44:19  INFO     [LU] 'EU AI Act' → 79 entries, 231 kept so far
13:44:20  INFO     [MT] +0 new articles saved
13:44:21  INFO     [LU] 'generative AI' → 100 entries, 261 kept so far
13:44:22  INFO     [LU] +0 new articles saved
13:44:22  INFO     Scrape complete. 1662 new articles this run.
