08:41:02  INFO     Starting scrape: 27 countries, 5 queries each
/home/runner/work/EU_AI_News/EU_AI_News/eu_ai_news_scraper.py:230: DeprecationWarning: datetime.datetime.utcnow() is deprecated and scheduled for removal in a future version. Use timezone-aware objects to represent datetimes in UTC: datetime.datetime.now(datetime.UTC).
  "scraped_at":   datetime.utcnow().isoformat(),
08:41:03  INFO     [IT] 'artificial intelligence' → 100 entries, 44 kept so far
08:41:03  INFO     [DE] 'artificial intelligence' → 100 entries, 49 kept so far
08:41:03  INFO     [PL] 'artificial intelligence' → 100 entries, 16 kept so far
08:41:03  INFO     [FR] 'artificial intelligence' → 100 entries, 57 kept so far
08:41:03  INFO     [ES] 'artificial intelligence' → 100 entries, 59 kept so far
08:41:05  INFO     [IT] 'AI regulation' → 100 entries, 127 kept so far
08:41:05  INFO     [DE] 'AI regulation' → 96 entries, 126 kept so far
08:41:05  INFO     [PL] 'AI regulation' → 100 entries, 82 kept so far
08:41:05  INFO     [FR] 'AI regulation' → 100 entries, 133 kept so far
08:41:05  INFO     [ES] 'AI regulation' → 78 entries, 90 kept so far
08:41:06  INFO     [DE] 'machine learning' → 100 entries, 169 kept so far
08:41:06  INFO     [IT] 'machine learning' → 100 entries, 196 kept so far
08:41:06  INFO     [FR] 'machine learning' → 100 entries, 187 kept so far
08:41:06  INFO     [PL] 'machine learning' → 100 entries, 117 kept so far
08:41:07  INFO     [ES] 'machine learning' → 100 entries, 169 kept so far
08:41:08  INFO     [DE] 'EU AI Act' → 100 entries, 252 kept so far
08:41:08  INFO     [IT] 'EU AI Act' → 100 entries, 269 kept so far
08:41:08  INFO     [PL] 'EU AI Act' → 77 entries, 130 kept so far
08:41:08  INFO     [FR] 'EU AI Act' → 79 entries, 231 kept so far
08:41:08  INFO     [ES] 'EU AI Act' → 77 entries, 196 kept so far
08:41:09  INFO     [DE] 'generative AI' → 100 entries, 273 kept so far
08:41:09  INFO     [IT] 'generative AI' → 100 entries, 308 kept so far
08:41:09  INFO     [PL] 'generative AI' → 100 entries, 162 kept so far
08:41:09  INFO     [FR] 'generative AI' → 100 entries, 260 kept so far
08:41:10  INFO     [ES] 'generative AI' → 100 entries, 234 kept so far
08:41:10  INFO     [DE] +164 new articles saved
08:41:10  INFO     [IT] +163 new articles saved
08:41:10  INFO     [PL] +74 new articles saved
08:41:10  INFO     [FR] +125 new articles saved
08:41:11  INFO     [NL] 'artificial intelligence' → 100 entries, 8 kept so far
08:41:11  INFO     [ES] +99 new articles saved
08:41:11  INFO     [SE] 'artificial intelligence' → 100 entries, 8 kept so far
08:41:11  INFO     [AT] 'artificial intelligence' → 100 entries, 47 kept so far
08:41:11  INFO     [BE] 'artificial intelligence' → 100 entries, 68 kept so far
08:41:11  INFO     [DK] 'artificial intelligence' → 100 entries, 11 kept so far
08:41:12  INFO     [NL] 'AI regulation' → 79 entries, 45 kept so far
08:41:12  INFO     [SE] 'AI regulation' → 78 entries, 22 kept so far
08:41:13  INFO     [DK] 'AI regulation' → 34 entries, 17 kept so far
08:41:13  INFO     [BE] 'AI regulation' → 100 entries, 154 kept so far
08:41:14  INFO     [NL] 'machine learning' → 100 entries, 105 kept so far
08:41:14  INFO     [SE] 'machine learning' → 68 entries, 41 kept so far
08:41:14  INFO     [AT] 'AI regulation' → 96 entries, 121 kept so far
08:41:14  INFO     [DK] 'machine learning' → 83 entries, 44 kept so far
08:41:14  INFO     [BE] 'machine learning' → 100 entries, 208 kept so far
08:41:15  INFO     [SE] 'EU AI Act' → 72 entries, 50 kept so far
08:41:15  INFO     [NL] 'EU AI Act' → 100 entries, 131 kept so far
08:41:15  INFO     [AT] 'machine learning' → 100 entries, 168 kept so far
08:41:16  INFO     [DK] 'EU AI Act' → 76 entries, 61 kept so far
08:41:16  INFO     [BE] 'EU AI Act' → 81 entries, 239 kept so far
08:41:17  INFO     [SE] 'generative AI' → 72 entries, 63 kept so far
08:41:17  INFO     [NL] 'generative AI' → 100 entries, 160 kept so far
08:41:17  INFO     [AT] 'EU AI Act' → 100 entries, 251 kept so far
08:41:17  INFO     [DK] 'generative AI' → 100 entries, 96 kept so far
08:41:17  INFO     [BE] 'generative AI' → 100 entries, 261 kept so far
08:41:18  INFO     [SE] +22 new articles saved
08:41:18  INFO     [NL] +51 new articles saved
08:41:18  INFO     [DK] +30 new articles saved
08:41:18  INFO     [FI] 'artificial intelligence' → 100 entries, 46 kept so far
08:41:18  INFO     [BE] +23 new articles saved
08:41:18  INFO     [AT] 'generative AI' → 100 entries, 272 kept so far
08:41:19  INFO     [PT] 'artificial intelligence' → 100 entries, 63 kept so far
08:41:19  INFO     [CZ] 'artificial intelligence' → 100 entries, 19 kept so far
08:41:19  INFO     [RO] 'artificial intelligence' → 100 entries, 44 kept so far
08:41:19  INFO     [AT] +28 new articles saved
08:41:20  INFO     [HU] 'artificial intelligence' → 100 entries, 18 kept so far
08:41:20  INFO     [PT] 'AI regulation' → 77 entries, 92 kept so far
08:41:20  INFO     [CZ] 'AI regulation' → 79 entries, 36 kept so far
08:41:20  INFO     [RO] 'AI regulation' → 77 entries, 54 kept so far
08:41:21  INFO     [FI] 'AI regulation' → 51 entries, 61 kept so far
08:41:21  INFO     [HU] 'AI regulation' → 79 entries, 22 kept so far
08:41:22  INFO     [CZ] 'machine learning' → 67 entries, 50 kept so far
08:41:22  INFO     [PT] 'machine learning' → 100 entries, 166 kept so far
08:41:22  INFO     [RO] 'machine learning' → 100 entries, 105 kept so far
08:41:22  INFO     [FI] 'machine learning' → 84 entries, 103 kept so far
08:41:23  INFO     [HU] 'machine learning' → 69 entries, 47 kept so far
08:41:23  INFO     [CZ] 'EU AI Act' → 77 entries, 60 kept so far
08:41:23  INFO     [PT] 'EU AI Act' → 47 entries, 174 kept so far
08:41:23  INFO     [RO] 'EU AI Act' → 77 entries, 115 kept so far
08:41:24  INFO     [FI] 'EU AI Act' → 73 entries, 138 kept so far
08:41:25  INFO     [CZ] 'generative AI' → 77 entries, 77 kept so far
08:41:25  INFO     [HU] 'EU AI Act' → 78 entries, 67 kept so far
08:41:25  INFO     [PT] 'generative AI' → 100 entries, 208 kept so far
08:41:25  INFO     [FI] 'generative AI' → 63 entries, 172 kept so far
08:41:25  INFO     [RO] 'generative AI' → 78 entries, 131 kept so far
08:41:26  INFO     [CZ] +40 new articles saved
08:41:26  INFO     [PT] +92 new articles saved
08:41:26  INFO     [GR] 'artificial intelligence' → 100 entries, 43 kept so far
08:41:26  INFO     [HU] 'generative AI' → 75 entries, 92 kept so far
08:41:26  INFO     [FI] +75 new articles saved
08:41:26  INFO     [RO] +59 new articles saved
08:41:27  INFO     [HR] 'artificial intelligence' → 100 entries, 60 kept so far
08:41:27  INFO     [SK] 'artificial intelligence' → 100 entries, 23 kept so far
08:41:27  INFO     [IE] 'artificial intelligence' → 100 entries, 60 kept so far
08:41:27  INFO     [HU] +44 new articles saved
08:41:28  INFO     [BG] 'artificial intelligence' → 64 entries, 31 kept so far
08:41:28  INFO     [GR] 'AI regulation' → 61 entries, 91 kept so far
08:41:28  INFO     [SK] 'AI regulation' → 21 entries, 25 kept so far
08:41:28  INFO     [HR] 'AI regulation' → 100 entries, 111 kept so far
08:41:28  INFO     [IE] 'AI regulation' → 100 entries, 112 kept so far
08:41:29  INFO     [BG] 'AI regulation' → 13 entries, 33 kept so far
08:41:29  INFO     [GR] 'machine learning' → 90 entries, 124 kept so far
08:41:29  INFO     [SK] 'machine learning' → 64 entries, 38 kept so far
08:41:30  INFO     [HR] 'machine learning' → 100 entries, 181 kept so far
08:41:30  INFO     [IE] 'machine learning' → 100 entries, 182 kept so far
08:41:30  INFO     [BG] 'machine learning' → 57 entries, 43 kept so far
08:41:30  INFO     [GR] 'EU AI Act' → 60 entries, 140 kept so far
08:41:31  INFO     [SK] 'EU AI Act' → 63 entries, 53 kept so far
08:41:31  INFO     [HR] 'EU AI Act' → 100 entries, 257 kept so far
08:41:32  INFO     [IE] 'EU AI Act' → 100 entries, 255 kept so far
08:41:32  INFO     [BG] 'EU AI Act' → 12 entries, 46 kept so far
08:41:32  INFO     [GR] 'generative AI' → 100 entries, 176 kept so far
08:41:32  INFO     [SK] 'generative AI' → 47 entries, 63 kept so far
08:41:33  INFO     [HR] 'generative AI' → 100 entries, 314 kept so far
08:41:33  INFO     [BG] 'generative AI' → 27 entries, 49 kept so far
08:41:33  INFO     [GR] +100 new articles saved
08:41:33  INFO     [IE] 'generative AI' → 100 entries, 313 kept so far
08:41:33  INFO     [SK] +30 new articles saved
08:41:33  INFO     [LT] 'artificial intelligence' → 86 entries, 32 kept so far
08:41:34  INFO     [SI] 'artificial intelligence' → 100 entries, 47 kept so far
08:41:34  INFO     [HR] +242 new articles saved
08:41:34  INFO     [BG] +24 new articles saved
08:41:34  INFO     [LV] 'artificial intelligence' → 75 entries, 26 kept so far
08:41:34  INFO     [IE] +91 new articles saved
08:41:34  INFO     [EE] 'artificial intelligence' → 100 entries, 46 kept so far
08:41:35  INFO     [CY] 'artificial intelligence' → 100 entries, 44 kept so far
08:41:35  INFO     [LT] 'AI regulation' → 9 entries, 32 kept so far
08:41:35  INFO     [SI] 'AI regulation' → 3 entries, 47 kept so far
08:41:35  INFO     [LV] 'AI regulation' → 10 entries, 26 kept so far
08:41:36  INFO     [EE] 'AI regulation' → 9 entries, 47 kept so far
08:41:36  INFO     [LT] 'machine learning' → 30 entries, 36 kept so far
08:41:36  INFO     [CY] 'AI regulation' → 61 entries, 93 kept so far
08:41:36  INFO     [SI] 'machine learning' → 23 entries, 50 kept so far
08:41:37  INFO     [LV] 'machine learning' → 11 entries, 27 kept so far
08:41:37  INFO     [EE] 'machine learning' → 12 entries, 50 kept so far
08:41:37  INFO     [LT] 'EU AI Act' → 22 entries, 37 kept so far
08:41:38  INFO     [SI] 'EU AI Act' → 21 entries, 54 kept so far
08:41:38  INFO     [CY] 'machine learning' → 89 entries, 125 kept so far
08:41:38  INFO     [LV] 'EU AI Act' → 9 entries, 27 kept so far
08:41:38  INFO     [EE] 'EU AI Act' → 19 entries, 52 kept so far
08:41:39  INFO     [LT] 'generative AI' → 21 entries, 44 kept so far
08:41:39  INFO     [SI] 'generative AI' → 13 entries, 57 kept so far
08:41:39  INFO     [CY] 'EU AI Act' → 59 entries, 140 kept so far
08:41:39  INFO     [LV] 'generative AI' → 8 entries, 29 kept so far
08:41:40  INFO     [LT] +12 new articles saved
08:41:40  INFO     [EE] 'generative AI' → 12 entries, 55 kept so far
08:41:40  INFO     [SI] +18 new articles saved
08:41:40  INFO     [MT] 'artificial intelligence' → 100 entries, 60 kept so far
08:41:40  INFO     [LU] 'artificial intelligence' → 100 entries, 57 kept so far
08:41:40  INFO     [LV] +12 new articles saved
08:41:41  INFO     [CY] 'generative AI' → 100 entries, 176 kept so far
08:41:41  INFO     [EE] +20 new articles saved
08:41:41  INFO     [MT] 'AI regulation' → 100 entries, 111 kept so far
08:41:42  INFO     [CY] +3 new articles saved
08:41:42  INFO     [LU] 'AI regulation' → 100 entries, 135 kept so far
08:41:42  INFO     [MT] 'machine learning' → 100 entries, 181 kept so far
08:41:43  INFO     [LU] 'machine learning' → 100 entries, 189 kept so far
08:41:43  INFO     [MT] 'EU AI Act' → 100 entries, 257 kept so far
08:41:44  INFO     [LU] 'EU AI Act' → 79 entries, 233 kept so far
08:41:45  INFO     [MT] 'generative AI' → 100 entries, 314 kept so far
08:41:46  INFO     [MT] +0 new articles saved
08:41:46  INFO     [LU] 'generative AI' → 100 entries, 262 kept so far
08:41:47  INFO     [LU] +3 new articles saved
08:41:47  INFO     Scrape complete. 1644 new articles this run.
