11:24:34  INFO     Starting scrape: 27 countries, 5 queries each
/home/runner/work/EU_AI_News/EU_AI_News/eu_ai_news_scraper.py:230: DeprecationWarning: datetime.datetime.utcnow() is deprecated and scheduled for removal in a future version. Use timezone-aware objects to represent datetimes in UTC: datetime.datetime.now(datetime.UTC).
  "scraped_at":   datetime.utcnow().isoformat(),
11:24:34  INFO     [DE] 'artificial intelligence' → 100 entries, 45 kept so far
11:24:34  INFO     [FR] 'artificial intelligence' → 100 entries, 49 kept so far
11:24:34  INFO     [PL] 'artificial intelligence' → 100 entries, 12 kept so far
11:24:34  INFO     [ES] 'artificial intelligence' → 100 entries, 57 kept so far
11:24:35  INFO     [IT] 'artificial intelligence' → 100 entries, 36 kept so far
11:24:36  INFO     [DE] 'AI regulation' → 100 entries, 124 kept so far
11:24:36  INFO     [FR] 'AI regulation' → 100 entries, 140 kept so far
11:24:36  INFO     [PL] 'AI regulation' → 79 entries, 72 kept so far
11:24:36  INFO     [ES] 'AI regulation' → 78 entries, 98 kept so far
11:24:36  INFO     [IT] 'AI regulation' → 100 entries, 126 kept so far
11:24:37  INFO     [DE] 'machine learning' → 100 entries, 176 kept so far
11:24:37  INFO     [FR] 'machine learning' → 100 entries, 192 kept so far
11:24:38  INFO     [PL] 'machine learning' → 100 entries, 121 kept so far
11:24:38  INFO     [IT] 'machine learning' → 100 entries, 199 kept so far
11:24:38  INFO     [ES] 'machine learning' → 100 entries, 173 kept so far
11:24:39  INFO     [DE] 'EU AI Act' → 100 entries, 251 kept so far
11:24:39  INFO     [FR] 'EU AI Act' → 87 entries, 228 kept so far
11:24:39  INFO     [PL] 'EU AI Act' → 77 entries, 136 kept so far
11:24:39  INFO     [IT] 'EU AI Act' → 100 entries, 250 kept so far
11:24:40  INFO     [ES] 'EU AI Act' → 78 entries, 197 kept so far
11:24:40  INFO     [DE] 'generative AI' → 100 entries, 273 kept so far
11:24:40  INFO     [FR] 'generative AI' → 100 entries, 257 kept so far
11:24:41  INFO     [PL] 'generative AI' → 100 entries, 168 kept so far
11:24:41  INFO     [IT] 'generative AI' → 100 entries, 295 kept so far
11:24:41  INFO     [ES] 'generative AI' → 100 entries, 243 kept so far
11:24:41  INFO     [DE] +183 new articles saved
11:24:42  INFO     [FR] +146 new articles saved
11:24:42  INFO     [PL] +88 new articles saved
11:24:42  INFO     [IT] +201 new articles saved
11:24:42  INFO     [NL] 'artificial intelligence' → 100 entries, 16 kept so far
11:24:42  INFO     [SE] 'artificial intelligence' → 100 entries, 8 kept so far
11:24:42  INFO     [BE] 'artificial intelligence' → 100 entries, 56 kept so far
11:24:42  INFO     [ES] +131 new articles saved
11:24:43  INFO     [AT] 'artificial intelligence' → 100 entries, 41 kept so far
11:24:43  INFO     [DK] 'artificial intelligence' → 100 entries, 16 kept so far
11:24:44  INFO     [NL] 'AI regulation' → 78 entries, 64 kept so far
11:24:44  INFO     [SE] 'AI regulation' → 77 entries, 20 kept so far
11:24:44  INFO     [BE] 'AI regulation' → 98 entries, 145 kept so far
11:24:44  INFO     [AT] 'AI regulation' → 100 entries, 116 kept so far
11:24:44  INFO     [DK] 'AI regulation' → 39 entries, 22 kept so far
11:24:45  INFO     [SE] 'machine learning' → 81 entries, 47 kept so far
11:24:45  INFO     [NL] 'machine learning' → 100 entries, 115 kept so far
11:24:45  INFO     [BE] 'machine learning' → 100 entries, 197 kept so far
11:24:46  INFO     [AT] 'machine learning' → 100 entries, 168 kept so far
11:24:46  INFO     [DK] 'machine learning' → 80 entries, 39 kept so far
11:24:47  INFO     [SE] 'EU AI Act' → 68 entries, 55 kept so far
11:24:47  INFO     [NL] 'EU AI Act' → 100 entries, 147 kept so far
11:24:47  INFO     [BE] 'EU AI Act' → 90 entries, 236 kept so far
11:24:47  INFO     [AT] 'EU AI Act' → 100 entries, 253 kept so far
11:24:47  INFO     [DK] 'EU AI Act' → 76 entries, 57 kept so far
11:24:48  INFO     [SE] 'generative AI' → 70 entries, 63 kept so far
11:24:48  INFO     [NL] 'generative AI' → 100 entries, 179 kept so far
11:24:49  INFO     [BE] 'generative AI' → 100 entries, 262 kept so far
11:24:49  INFO     [DK] 'generative AI' → 91 entries, 87 kept so far
11:24:49  INFO     [AT] 'generative AI' → 100 entries, 279 kept so far
11:24:49  INFO     [SE] +31 new articles saved
11:24:49  INFO     [NL] +84 new articles saved
11:24:50  INFO     [FI] 'artificial intelligence' → 100 entries, 65 kept so far
11:24:50  INFO     [BE] +24 new articles saved
11:24:50  INFO     [PT] 'artificial intelligence' → 100 entries, 59 kept so far
11:24:50  INFO     [DK] +34 new articles saved
11:24:50  INFO     [AT] +62 new articles saved
11:24:50  INFO     [CZ] 'artificial intelligence' → 100 entries, 21 kept so far
11:24:51  INFO     [RO] 'artificial intelligence' → 100 entries, 37 kept so far
11:24:51  INFO     [HU] 'artificial intelligence' → 100 entries, 25 kept so far
11:24:51  INFO     [FI] 'AI regulation' → 57 entries, 75 kept so far
11:24:52  INFO     [PT] 'AI regulation' → 79 entries, 93 kept so far
11:24:52  INFO     [CZ] 'AI regulation' → 77 entries, 46 kept so far
11:24:52  INFO     [RO] 'AI regulation' → 78 entries, 48 kept so far
11:24:52  INFO     [HU] 'AI regulation' → 78 entries, 30 kept so far
11:24:53  INFO     [FI] 'machine learning' → 92 entries, 125 kept so far
11:24:53  INFO     [CZ] 'machine learning' → 79 entries, 66 kept so far
11:24:53  INFO     [PT] 'machine learning' → 100 entries, 172 kept so far
11:24:54  INFO     [RO] 'machine learning' → 100 entries, 104 kept so far
11:24:54  INFO     [HU] 'machine learning' → 75 entries, 56 kept so far
11:24:54  INFO     [FI] 'EU AI Act' → 62 entries, 165 kept so far
11:24:55  INFO     [CZ] 'EU AI Act' → 73 entries, 81 kept so far
11:24:55  INFO     [RO] 'EU AI Act' → 76 entries, 133 kept so far
11:24:55  INFO     [PT] 'EU AI Act' → 55 entries, 186 kept so far
11:24:55  INFO     [HU] 'EU AI Act' → 79 entries, 82 kept so far
11:24:56  INFO     [FI] 'generative AI' → 65 entries, 206 kept so far
11:24:56  INFO     [CZ] 'generative AI' → 77 entries, 104 kept so far
11:24:57  INFO     [RO] 'generative AI' → 89 entries, 158 kept so far
11:24:57  INFO     [PT] 'generative AI' → 100 entries, 213 kept so far
11:24:57  INFO     [HU] 'generative AI' → 74 entries, 103 kept so far
11:24:57  INFO     [FI] +110 new articles saved
11:24:57  INFO     [CZ] +70 new articles saved
11:24:57  INFO     [GR] 'artificial intelligence' → 100 entries, 47 kept so far
11:24:58  INFO     [RO] +92 new articles saved
11:24:58  INFO     [PT] +122 new articles saved
11:24:58  INFO     [SK] 'artificial intelligence' → 100 entries, 23 kept so far
11:24:58  INFO     [HR] 'artificial intelligence' → 92 entries, 45 kept so far
11:24:58  INFO     [HU] +63 new articles saved
11:24:58  INFO     [IE] 'artificial intelligence' → 92 entries, 44 kept so far
11:24:58  INFO     [BG] 'artificial intelligence' → 76 entries, 32 kept so far
11:24:59  INFO     [GR] 'AI regulation' → 67 entries, 97 kept so far
11:24:59  INFO     [SK] 'AI regulation' → 17 entries, 26 kept so far
11:24:59  INFO     [HR] 'AI regulation' → 100 entries, 82 kept so far
11:25:00  INFO     [BG] 'AI regulation' → 16 entries, 35 kept so far
11:25:00  INFO     [IE] 'AI regulation' → 100 entries, 77 kept so far
11:25:01  INFO     [GR] 'machine learning' → 100 entries, 137 kept so far
11:25:01  INFO     [HR] 'machine learning' → 100 entries, 152 kept so far
11:25:01  INFO     [SK] 'machine learning' → 58 entries, 38 kept so far
11:25:01  INFO     [BG] 'machine learning' → 57 entries, 42 kept so far
11:25:02  INFO     [IE] 'machine learning' → 100 entries, 161 kept so far
11:25:02  INFO     [HR] 'EU AI Act' → 100 entries, 234 kept so far
11:25:02  INFO     [GR] 'EU AI Act' → 54 entries, 156 kept so far
11:25:02  INFO     [SK] 'EU AI Act' → 69 entries, 50 kept so far
11:25:02  INFO     [BG] 'EU AI Act' → 16 entries, 44 kept so far
11:25:03  INFO     [IE] 'EU AI Act' → 100 entries, 233 kept so far
11:25:04  INFO     [SK] 'generative AI' → 46 entries, 60 kept so far
11:25:04  INFO     [HR] 'generative AI' → 100 entries, 302 kept so far
11:25:04  INFO     [BG] 'generative AI' → 29 entries, 49 kept so far
11:25:04  INFO     [GR] 'generative AI' → 100 entries, 203 kept so far
11:25:05  INFO     [SK] +29 new articles saved
11:25:05  INFO     [IE] 'generative AI' → 100 entries, 302 kept so far
11:25:05  INFO     [HR] +263 new articles saved
11:25:05  INFO     [BG] +30 new articles saved
11:25:05  INFO     [GR] +133 new articles saved
11:25:05  INFO     [LT] 'artificial intelligence' → 81 entries, 28 kept so far
11:25:05  INFO     [LV] 'artificial intelligence' → 65 entries, 20 kept so far
11:25:05  INFO     [SI] 'artificial intelligence' → 100 entries, 52 kept so far
11:25:06  INFO     [EE] 'artificial intelligence' → 99 entries, 55 kept so far
11:25:06  INFO     [IE] +108 new articles saved
11:25:06  INFO     [CY] 'artificial intelligence' → 100 entries, 47 kept so far
11:25:06  INFO     [LT] 'AI regulation' → 6 entries, 28 kept so far
11:25:06  INFO     [LV] 'AI regulation' → 8 entries, 20 kept so far
11:25:07  INFO     [SI] 'AI regulation' → 3 entries, 52 kept so far
11:25:07  INFO     [EE] 'AI regulation' → 4 entries, 55 kept so far
11:25:08  INFO     [CY] 'AI regulation' → 67 entries, 97 kept so far
11:25:08  INFO     [LV] 'machine learning' → 13 entries, 22 kept so far
11:25:08  INFO     [LT] 'machine learning' → 29 entries, 31 kept so far
11:25:08  INFO     [SI] 'machine learning' → 20 entries, 53 kept so far
11:25:08  INFO     [EE] 'machine learning' → 17 entries, 58 kept so far
11:25:09  INFO     [LV] 'EU AI Act' → 5 entries, 22 kept so far
11:25:09  INFO     [CY] 'machine learning' → 100 entries, 137 kept so far
11:25:09  INFO     [LT] 'EU AI Act' → 18 entries, 32 kept so far
11:25:09  INFO     [SI] 'EU AI Act' → 21 entries, 57 kept so far
11:25:10  INFO     [EE] 'EU AI Act' → 11 entries, 59 kept so far
11:25:10  INFO     [LV] 'generative AI' → 8 entries, 23 kept so far
11:25:10  INFO     [LT] 'generative AI' → 18 entries, 38 kept so far
11:25:11  INFO     [CY] 'EU AI Act' → 54 entries, 156 kept so far
11:25:11  INFO     [SI] 'generative AI' → 13 entries, 58 kept so far
11:25:11  INFO     [EE] 'generative AI' → 10 entries, 62 kept so far
11:25:11  INFO     [LV] +9 new articles saved
11:25:11  INFO     [LT] +13 new articles saved
11:25:12  INFO     [LU] 'artificial intelligence' → 100 entries, 49 kept so far
11:25:12  INFO     [SI] +22 new articles saved
11:25:12  INFO     [MT] 'artificial intelligence' → 92 entries, 44 kept so far
11:25:12  INFO     [EE] +33 new articles saved
11:25:12  INFO     [CY] 'generative AI' → 100 entries, 203 kept so far
11:25:13  INFO     [CY] +0 new articles saved
11:25:13  INFO     [MT] 'AI regulation' → 100 entries, 81 kept so far
11:25:13  INFO     [LU] 'AI regulation' → 100 entries, 140 kept so far
11:25:14  INFO     [MT] 'machine learning' → 100 entries, 151 kept so far
11:25:15  INFO     [LU] 'machine learning' → 100 entries, 192 kept so far
11:25:15  INFO     [MT] 'EU AI Act' → 100 entries, 233 kept so far
11:25:16  INFO     [LU] 'EU AI Act' → 87 entries, 228 kept so far
11:25:17  INFO     [MT] 'generative AI' → 100 entries, 301 kept so far
11:25:18  INFO     [MT] +0 new articles saved
11:25:18  INFO     [LU] 'generative AI' → 100 entries, 257 kept so far
11:25:19  INFO     [LU] +0 new articles saved
11:25:19  INFO     Scrape complete. 2081 new articles this run.
