12:10:26  INFO     Starting scrape: 27 countries, 5 queries each
/home/runner/work/EU_AI_News/EU_AI_News/eu_ai_news_scraper.py:230: DeprecationWarning: datetime.datetime.utcnow() is deprecated and scheduled for removal in a future version. Use timezone-aware objects to represent datetimes in UTC: datetime.datetime.now(datetime.UTC).
  "scraped_at":   datetime.utcnow().isoformat(),
12:10:26  INFO     [FR] 'artificial intelligence' → 100 entries, 50 kept so far
12:10:26  INFO     [PL] 'artificial intelligence' → 100 entries, 16 kept so far
12:10:26  INFO     [DE] 'artificial intelligence' → 100 entries, 46 kept so far
12:10:27  INFO     [IT] 'artificial intelligence' → 100 entries, 25 kept so far
12:10:27  INFO     [ES] 'artificial intelligence' → 100 entries, 58 kept so far
12:10:28  INFO     [PL] 'AI regulation' → 78 entries, 77 kept so far
12:10:28  INFO     [FR] 'AI regulation' → 100 entries, 140 kept so far
12:10:28  INFO     [DE] 'AI regulation' → 100 entries, 126 kept so far
12:10:28  INFO     [IT] 'AI regulation' → 100 entries, 117 kept so far
12:10:29  INFO     [ES] 'AI regulation' → 78 entries, 100 kept so far
12:10:29  INFO     [FR] 'machine learning' → 100 entries, 199 kept so far
12:10:30  INFO     [DE] 'machine learning' → 100 entries, 181 kept so far
12:10:30  INFO     [PL] 'machine learning' → 100 entries, 130 kept so far
12:10:30  INFO     [IT] 'machine learning' → 100 entries, 196 kept so far
12:10:31  INFO     [ES] 'machine learning' → 100 entries, 174 kept so far
12:10:31  INFO     [FR] 'EU AI Act' → 100 entries, 245 kept so far
12:10:31  INFO     [DE] 'EU AI Act' → 100 entries, 255 kept so far
12:10:31  INFO     [PL] 'EU AI Act' → 78 entries, 146 kept so far
12:10:32  INFO     [IT] 'EU AI Act' → 100 entries, 256 kept so far
12:10:32  INFO     [ES] 'EU AI Act' → 78 entries, 199 kept so far
12:10:33  INFO     [FR] 'generative AI' → 100 entries, 272 kept so far
12:10:33  INFO     [DE] 'generative AI' → 100 entries, 285 kept so far
12:10:33  INFO     [PL] 'generative AI' → 100 entries, 178 kept so far
12:10:33  INFO     [IT] 'generative AI' → 100 entries, 297 kept so far
12:10:34  INFO     [FR] +166 new articles saved
12:10:34  INFO     [DE] +209 new articles saved
12:10:34  INFO     [ES] 'generative AI' → 100 entries, 246 kept so far
12:10:34  INFO     [PL] +103 new articles saved
12:10:34  INFO     [NL] 'artificial intelligence' → 100 entries, 16 kept so far
12:10:34  INFO     [IT] +197 new articles saved
12:10:35  INFO     [SE] 'artificial intelligence' → 100 entries, 9 kept so far
12:10:35  INFO     [BE] 'artificial intelligence' → 100 entries, 64 kept so far
12:10:35  INFO     [ES] +160 new articles saved
12:10:35  INFO     [AT] 'artificial intelligence' → 100 entries, 46 kept so far
12:10:35  INFO     [DK] 'artificial intelligence' → 100 entries, 22 kept so far
12:10:36  INFO     [NL] 'AI regulation' → 79 entries, 64 kept so far
12:10:36  INFO     [SE] 'AI regulation' → 76 entries, 25 kept so far
12:10:36  INFO     [BE] 'AI regulation' → 100 entries, 154 kept so far
12:10:37  INFO     [AT] 'AI regulation' → 100 entries, 123 kept so far
12:10:37  INFO     [DK] 'AI regulation' → 51 entries, 29 kept so far
12:10:37  INFO     [NL] 'machine learning' → 100 entries, 117 kept so far
12:10:38  INFO     [SE] 'machine learning' → 83 entries, 48 kept so far
12:10:38  INFO     [BE] 'machine learning' → 100 entries, 212 kept so far
12:10:38  INFO     [AT] 'machine learning' → 100 entries, 174 kept so far
12:10:39  INFO     [DK] 'machine learning' → 81 entries, 49 kept so far
12:10:39  INFO     [NL] 'EU AI Act' → 100 entries, 148 kept so far
12:10:39  INFO     [SE] 'EU AI Act' → 64 entries, 55 kept so far
12:10:39  INFO     [BE] 'EU AI Act' → 100 entries, 252 kept so far
12:10:40  INFO     [AT] 'EU AI Act' → 100 entries, 253 kept so far
12:10:40  INFO     [DK] 'EU AI Act' → 75 entries, 69 kept so far
12:10:41  INFO     [NL] 'generative AI' → 100 entries, 181 kept so far
12:10:41  INFO     [SE] 'generative AI' → 78 entries, 68 kept so far
12:10:41  INFO     [BE] 'generative AI' → 100 entries, 276 kept so far
12:10:42  INFO     [AT] 'generative AI' → 100 entries, 288 kept so far
12:10:42  INFO     [NL] +96 new articles saved
12:10:42  INFO     [SE] +37 new articles saved
12:10:42  INFO     [DK] 'generative AI' → 100 entries, 102 kept so far
12:10:42  INFO     [BE] +35 new articles saved
12:10:42  INFO     [FI] 'artificial intelligence' → 100 entries, 60 kept so far
12:10:42  INFO     [PT] 'artificial intelligence' → 100 entries, 59 kept so far
12:10:43  INFO     [AT] +44 new articles saved
12:10:43  INFO     [CZ] 'artificial intelligence' → 100 entries, 13 kept so far
12:10:43  INFO     [DK] +54 new articles saved
12:10:43  INFO     [RO] 'artificial intelligence' → 100 entries, 32 kept so far
12:10:44  INFO     [HU] 'artificial intelligence' → 100 entries, 21 kept so far
12:10:44  INFO     [FI] 'AI regulation' → 61 entries, 73 kept so far
12:10:44  INFO     [PT] 'AI regulation' → 77 entries, 99 kept so far
12:10:44  INFO     [CZ] 'AI regulation' → 77 entries, 34 kept so far
12:10:45  INFO     [RO] 'AI regulation' → 79 entries, 41 kept so far
12:10:45  INFO     [HU] 'AI regulation' → 78 entries, 25 kept so far
12:10:45  INFO     [FI] 'machine learning' → 94 entries, 121 kept so far
12:10:46  INFO     [PT] 'machine learning' → 100 entries, 172 kept so far
12:10:46  INFO     [CZ] 'machine learning' → 80 entries, 53 kept so far
12:10:46  INFO     [RO] 'machine learning' → 100 entries, 101 kept so far
12:10:47  INFO     [HU] 'machine learning' → 68 entries, 45 kept so far
12:10:47  INFO     [FI] 'EU AI Act' → 77 entries, 166 kept so far
12:10:47  INFO     [PT] 'EU AI Act' → 75 entries, 186 kept so far
12:10:47  INFO     [CZ] 'EU AI Act' → 74 entries, 68 kept so far
12:10:48  INFO     [RO] 'EU AI Act' → 77 entries, 129 kept so far
12:10:48  INFO     [HU] 'EU AI Act' → 79 entries, 71 kept so far
12:10:49  INFO     [FI] 'generative AI' → 67 entries, 205 kept so far
12:10:49  INFO     [CZ] 'generative AI' → 77 entries, 87 kept so far
12:10:49  INFO     [PT] 'generative AI' → 100 entries, 216 kept so far
12:10:49  INFO     [RO] 'generative AI' → 90 entries, 155 kept so far
12:10:50  INFO     [FI] +121 new articles saved
12:10:50  INFO     [HU] 'generative AI' → 66 entries, 89 kept so far
12:10:50  INFO     [CZ] +54 new articles saved
12:10:50  INFO     [PT] +142 new articles saved
12:10:50  INFO     [GR] 'artificial intelligence' → 100 entries, 44 kept so far
12:10:50  INFO     [SK] 'artificial intelligence' → 100 entries, 25 kept so far
12:10:51  INFO     [RO] +98 new articles saved
12:10:51  INFO     [HU] +55 new articles saved
12:10:51  INFO     [IE] 'artificial intelligence' → 100 entries, 58 kept so far
12:10:51  INFO     [HR] 'artificial intelligence' → 102 entries, 59 kept so far
12:10:51  INFO     [BG] 'artificial intelligence' → 95 entries, 35 kept so far
12:10:52  INFO     [GR] 'AI regulation' → 68 entries, 98 kept so far
12:10:52  INFO     [SK] 'AI regulation' → 28 entries, 29 kept so far
12:10:53  INFO     [IE] 'AI regulation' → 100 entries, 109 kept so far
12:10:53  INFO     [BG] 'AI regulation' → 16 entries, 35 kept so far
12:10:53  INFO     [HR] 'AI regulation' → 101 entries, 108 kept so far
12:10:53  INFO     [SK] 'machine learning' → 62 entries, 45 kept so far
12:10:53  INFO     [GR] 'machine learning' → 100 entries, 143 kept so far
12:10:54  INFO     [BG] 'machine learning' → 57 entries, 46 kept so far
12:10:54  INFO     [HR] 'machine learning' → 100 entries, 173 kept so far
12:10:54  INFO     [IE] 'machine learning' → 100 entries, 179 kept so far
12:10:55  INFO     [SK] 'EU AI Act' → 63 entries, 52 kept so far
12:10:55  INFO     [GR] 'EU AI Act' → 60 entries, 160 kept so far
12:10:55  INFO     [BG] 'EU AI Act' → 19 entries, 49 kept so far
12:10:56  INFO     [HR] 'EU AI Act' → 100 entries, 261 kept so far
12:10:56  INFO     [SK] 'generative AI' → 54 entries, 64 kept so far
12:10:56  INFO     [IE] 'EU AI Act' → 100 entries, 259 kept so far
12:10:56  INFO     [GR] 'generative AI' → 100 entries, 201 kept so far
12:10:57  INFO     [BG] 'generative AI' → 35 entries, 56 kept so far
12:10:57  INFO     [SK] +37 new articles saved
12:10:57  INFO     [HR] 'generative AI' → 100 entries, 316 kept so far
12:10:57  INFO     [GR] +136 new articles saved
12:10:57  INFO     [LT] 'artificial intelligence' → 89 entries, 28 kept so far
12:10:58  INFO     [IE] 'generative AI' → 100 entries, 316 kept so far
12:10:58  INFO     [BG] +33 new articles saved
12:10:58  INFO     [SI] 'artificial intelligence' → 100 entries, 43 kept so far
12:10:58  INFO     [LV] 'artificial intelligence' → 73 entries, 24 kept so far
12:10:58  INFO     [HR] +294 new articles saved
12:10:59  INFO     [IE] +115 new articles saved
12:10:59  INFO     [LT] 'AI regulation' → 4 entries, 28 kept so far
12:10:59  INFO     [EE] 'artificial intelligence' → 100 entries, 43 kept so far
12:10:59  INFO     [CY] 'artificial intelligence' → 100 entries, 44 kept so far
12:10:59  INFO     [SI] 'AI regulation' → 5 entries, 43 kept so far
12:10:59  INFO     [LV] 'AI regulation' → 2 entries, 24 kept so far
12:11:00  INFO     [LT] 'machine learning' → 33 entries, 31 kept so far
12:11:00  INFO     [EE] 'AI regulation' → 6 entries, 43 kept so far
12:11:01  INFO     [CY] 'AI regulation' → 68 entries, 98 kept so far
12:11:01  INFO     [SI] 'machine learning' → 25 entries, 46 kept so far
12:11:01  INFO     [LV] 'machine learning' → 22 entries, 29 kept so far
12:11:01  INFO     [LT] 'EU AI Act' → 19 entries, 32 kept so far
12:11:02  INFO     [EE] 'machine learning' → 24 entries, 45 kept so far
12:11:02  INFO     [CY] 'machine learning' → 100 entries, 143 kept so far
12:11:02  INFO     [SI] 'EU AI Act' → 24 entries, 51 kept so far
12:11:02  INFO     [LV] 'EU AI Act' → 7 entries, 29 kept so far
12:11:03  INFO     [LT] 'generative AI' → 16 entries, 38 kept so far
12:11:03  INFO     [EE] 'EU AI Act' → 12 entries, 46 kept so far
12:11:04  INFO     [SI] 'generative AI' → 14 entries, 53 kept so far
12:11:04  INFO     [LV] 'generative AI' → 10 entries, 30 kept so far
12:11:04  INFO     [CY] 'EU AI Act' → 60 entries, 160 kept so far
12:11:04  INFO     [LT] +19 new articles saved
12:11:04  INFO     [LU] 'artificial intelligence' → 100 entries, 50 kept so far
12:11:04  INFO     [EE] 'generative AI' → 13 entries, 48 kept so far
12:11:05  INFO     [SI] +26 new articles saved
12:11:05  INFO     [LV] +16 new articles saved
12:11:05  INFO     [MT] 'artificial intelligence' → 102 entries, 59 kept so far
12:11:05  INFO     [CY] 'generative AI' → 100 entries, 201 kept so far
12:11:05  INFO     [EE] +25 new articles saved
12:11:06  INFO     [LU] 'AI regulation' → 100 entries, 140 kept so far
12:11:06  INFO     [MT] 'AI regulation' → 101 entries, 108 kept so far
12:11:06  INFO     [CY] +0 new articles saved
12:11:07  INFO     [MT] 'machine learning' → 100 entries, 173 kept so far
12:11:07  INFO     [LU] 'machine learning' → 100 entries, 199 kept so far
12:11:08  INFO     [MT] 'EU AI Act' → 100 entries, 261 kept so far
12:11:09  INFO     [LU] 'EU AI Act' → 100 entries, 245 kept so far
12:11:09  INFO     [MT] 'generative AI' → 100 entries, 316 kept so far
12:11:10  INFO     [LU] 'generative AI' → 100 entries, 272 kept so far
12:11:10  INFO     [MT] +0 new articles saved
12:11:11  INFO     [LU] +0 new articles saved
12:11:11  INFO     Scrape complete. 2272 new articles this run.
