04:14:48  INFO     Starting scrape: 27 countries, 5 queries each
/home/runner/work/EU_AI_News/EU_AI_News/eu_ai_news_scraper.py:230: DeprecationWarning: datetime.datetime.utcnow() is deprecated and scheduled for removal in a future version. Use timezone-aware objects to represent datetimes in UTC: datetime.datetime.now(datetime.UTC).
  "scraped_at":   datetime.utcnow().isoformat(),
04:14:49  INFO     [IT] 'artificial intelligence' → 102 entries, 28 kept so far
04:14:49  INFO     [DE] 'artificial intelligence' → 100 entries, 34 kept so far
04:14:49  INFO     [PL] 'artificial intelligence' → 100 entries, 11 kept so far
04:14:49  INFO     [FR] 'artificial intelligence' → 100 entries, 44 kept so far
04:14:49  INFO     [ES] 'artificial intelligence' → 100 entries, 54 kept so far
04:14:51  INFO     [IT] 'AI regulation' → 100 entries, 114 kept so far
04:14:51  INFO     [DE] 'AI regulation' → 97 entries, 107 kept so far
04:14:51  INFO     [FR] 'AI regulation' → 86 entries, 123 kept so far
04:14:51  INFO     [PL] 'AI regulation' → 76 entries, 70 kept so far
04:14:51  INFO     [ES] 'AI regulation' → 77 entries, 90 kept so far
04:14:52  INFO     [IT] 'machine learning' → 100 entries, 186 kept so far
04:14:52  INFO     [ES] 'machine learning' → 100 entries, 164 kept so far
04:14:53  INFO     [DE] 'machine learning' → 100 entries, 157 kept so far
04:14:53  INFO     [FR] 'machine learning' → 100 entries, 175 kept so far
04:14:54  INFO     [PL] 'machine learning' → 100 entries, 117 kept so far
04:14:54  INFO     [IT] 'EU AI Act' → 100 entries, 237 kept so far
04:14:54  INFO     [ES] 'EU AI Act' → 78 entries, 188 kept so far
04:14:55  INFO     [DE] 'EU AI Act' → 100 entries, 230 kept so far
04:14:55  INFO     [FR] 'EU AI Act' → 81 entries, 211 kept so far
04:14:55  INFO     [PL] 'EU AI Act' → 77 entries, 136 kept so far
04:14:55  INFO     [IT] 'generative AI' → 100 entries, 281 kept so far
04:14:56  INFO     [ES] 'generative AI' → 100 entries, 235 kept so far
04:14:56  INFO     [IT] +187 new articles saved
04:14:57  INFO     [DE] 'generative AI' → 100 entries, 253 kept so far
04:14:57  INFO     [FR] 'generative AI' → 100 entries, 241 kept so far
04:14:57  INFO     [ES] +129 new articles saved
04:14:57  INFO     [PL] 'generative AI' → 100 entries, 165 kept so far
04:14:57  INFO     [NL] 'artificial intelligence' → 102 entries, 16 kept so far
04:14:57  INFO     [BE] 'artificial intelligence' → 100 entries, 56 kept so far
04:14:58  INFO     [DE] +174 new articles saved
04:14:58  INFO     [FR] +138 new articles saved
04:14:58  INFO     [PL] +92 new articles saved
04:14:58  INFO     [SE] 'artificial intelligence' → 100 entries, 11 kept so far
04:14:58  INFO     [AT] 'artificial intelligence' → 100 entries, 37 kept so far
04:14:59  INFO     [DK] 'artificial intelligence' → 100 entries, 12 kept so far
04:14:59  INFO     [NL] 'AI regulation' → 76 entries, 58 kept so far
04:14:59  INFO     [BE] 'AI regulation' → 85 entries, 134 kept so far
04:15:00  INFO     [SE] 'AI regulation' → 73 entries, 19 kept so far
04:15:00  INFO     [AT] 'AI regulation' → 100 entries, 110 kept so far
04:15:00  INFO     [DK] 'AI regulation' → 39 entries, 18 kept so far
04:15:00  INFO     [NL] 'machine learning' → 100 entries, 107 kept so far
04:15:01  INFO     [BE] 'machine learning' → 100 entries, 185 kept so far
04:15:01  INFO     [SE] 'machine learning' → 83 entries, 46 kept so far
04:15:02  INFO     [AT] 'machine learning' → 100 entries, 160 kept so far
04:15:02  INFO     [DK] 'machine learning' → 75 entries, 37 kept so far
04:15:02  INFO     [NL] 'EU AI Act' → 100 entries, 135 kept so far
04:15:02  INFO     [BE] 'EU AI Act' → 84 entries, 221 kept so far
04:15:03  INFO     [SE] 'EU AI Act' → 70 entries, 53 kept so far
04:15:03  INFO     [AT] 'EU AI Act' → 100 entries, 242 kept so far
04:15:03  INFO     [DK] 'EU AI Act' → 74 entries, 53 kept so far
04:15:03  INFO     [NL] 'generative AI' → 100 entries, 165 kept so far
04:15:04  INFO     [BE] 'generative AI' → 100 entries, 247 kept so far
04:15:04  INFO     [SE] 'generative AI' → 70 entries, 64 kept so far
04:15:04  INFO     [NL] +83 new articles saved
04:15:05  INFO     [AT] 'generative AI' → 100 entries, 266 kept so far
04:15:05  INFO     [BE] +31 new articles saved
04:15:05  INFO     [DK] 'generative AI' → 94 entries, 83 kept so far
04:15:05  INFO     [FI] 'artificial intelligence' → 100 entries, 60 kept so far
04:15:05  INFO     [SE] +32 new articles saved
04:15:06  INFO     [PT] 'artificial intelligence' → 100 entries, 63 kept so far
04:15:06  INFO     [AT] +64 new articles saved
04:15:06  INFO     [CZ] 'artificial intelligence' → 100 entries, 17 kept so far
04:15:06  INFO     [DK] +30 new articles saved
04:15:06  INFO     [RO] 'artificial intelligence' → 100 entries, 41 kept so far
04:15:07  INFO     [HU] 'artificial intelligence' → 100 entries, 25 kept so far
04:15:07  INFO     [FI] 'AI regulation' → 60 entries, 72 kept so far
04:15:07  INFO     [CZ] 'AI regulation' → 77 entries, 39 kept so far
04:15:07  INFO     [PT] 'AI regulation' → 76 entries, 99 kept so far
04:15:08  INFO     [RO] 'AI regulation' → 74 entries, 53 kept so far
04:15:08  INFO     [HU] 'AI regulation' → 77 entries, 27 kept so far
04:15:08  INFO     [FI] 'machine learning' → 85 entries, 116 kept so far
04:15:09  INFO     [CZ] 'machine learning' → 71 entries, 60 kept so far
04:15:09  INFO     [PT] 'machine learning' → 100 entries, 179 kept so far
04:15:10  INFO     [RO] 'machine learning' → 99 entries, 106 kept so far
04:15:10  INFO     [HU] 'machine learning' → 73 entries, 51 kept so far
04:15:10  INFO     [FI] 'EU AI Act' → 76 entries, 158 kept so far
04:15:10  INFO     [CZ] 'EU AI Act' → 70 entries, 73 kept so far
04:15:11  INFO     [PT] 'EU AI Act' → 59 entries, 193 kept so far
04:15:11  INFO     [RO] 'EU AI Act' → 72 entries, 127 kept so far
04:15:11  INFO     [HU] 'EU AI Act' → 77 entries, 71 kept so far
04:15:11  INFO     [FI] 'generative AI' → 63 entries, 197 kept so far
04:15:12  INFO     [CZ] 'generative AI' → 72 entries, 93 kept so far
04:15:12  INFO     [FI] +105 new articles saved
04:15:13  INFO     [PT] 'generative AI' → 100 entries, 224 kept so far
04:15:13  INFO     [RO] 'generative AI' → 97 entries, 152 kept so far
04:15:13  INFO     [HU] 'generative AI' → 70 entries, 90 kept so far
04:15:13  INFO     [CZ] +64 new articles saved
04:15:13  INFO     [GR] 'artificial intelligence' → 100 entries, 39 kept so far
04:15:14  INFO     [SK] 'artificial intelligence' → 100 entries, 23 kept so far
04:15:14  INFO     [PT] +147 new articles saved
04:15:14  INFO     [RO] +90 new articles saved
04:15:14  INFO     [HU] +56 new articles saved
04:15:14  INFO     [BG] 'artificial intelligence' → 85 entries, 34 kept so far
04:15:14  INFO     [HR] 'artificial intelligence' → 106 entries, 67 kept so far
04:15:14  INFO     [IE] 'artificial intelligence' → 102 entries, 54 kept so far
04:15:15  INFO     [GR] 'AI regulation' → 68 entries, 87 kept so far
04:15:15  INFO     [SK] 'AI regulation' → 22 entries, 25 kept so far
04:15:16  INFO     [BG] 'AI regulation' → 17 entries, 37 kept so far
04:15:16  INFO     [HR] 'AI regulation' → 100 entries, 120 kept so far
04:15:16  INFO     [GR] 'machine learning' → 100 entries, 130 kept so far
04:15:16  INFO     [IE] 'AI regulation' → 100 entries, 110 kept so far
04:15:16  INFO     [SK] 'machine learning' → 56 entries, 40 kept so far
04:15:17  INFO     [BG] 'machine learning' → 58 entries, 45 kept so far
04:15:17  INFO     [HR] 'machine learning' → 100 entries, 183 kept so far
04:15:18  INFO     [SK] 'EU AI Act' → 73 entries, 50 kept so far
04:15:18  INFO     [GR] 'EU AI Act' → 57 entries, 148 kept so far
04:15:18  INFO     [IE] 'machine learning' → 100 entries, 175 kept so far
04:15:18  INFO     [BG] 'EU AI Act' → 18 entries, 48 kept so far
04:15:19  INFO     [HR] 'EU AI Act' → 100 entries, 264 kept so far
04:15:19  INFO     [SK] 'generative AI' → 41 entries, 59 kept so far
04:15:19  INFO     [GR] 'generative AI' → 100 entries, 191 kept so far
04:15:20  INFO     [BG] 'generative AI' → 30 entries, 55 kept so far
04:15:20  INFO     [IE] 'EU AI Act' → 100 entries, 244 kept so far
04:15:20  INFO     [SK] +30 new articles saved
04:15:20  INFO     [GR] +131 new articles saved
04:15:21  INFO     [LT] 'artificial intelligence' → 75 entries, 24 kept so far
04:15:21  INFO     [BG] +33 new articles saved
04:15:21  INFO     [HR] 'generative AI' → 100 entries, 321 kept so far
04:15:21  INFO     [SI] 'artificial intelligence' → 100 entries, 51 kept so far
04:15:21  INFO     [LV] 'artificial intelligence' → 67 entries, 18 kept so far
04:15:22  INFO     [IE] 'generative AI' → 100 entries, 293 kept so far
04:15:22  INFO     [HR] +298 new articles saved
04:15:22  INFO     [LT] 'AI regulation' → 6 entries, 24 kept so far
04:15:22  INFO     [SI] 'AI regulation' → 3 entries, 51 kept so far
04:15:22  INFO     [EE] 'artificial intelligence' → 95 entries, 53 kept so far
04:15:22  INFO     [LV] 'AI regulation' → 7 entries, 18 kept so far
04:15:23  INFO     [IE] +97 new articles saved
04:15:23  INFO     [CY] 'artificial intelligence' → 100 entries, 39 kept so far
04:15:23  INFO     [LT] 'machine learning' → 27 entries, 28 kept so far
04:15:24  INFO     [SI] 'machine learning' → 20 entries, 52 kept so far
04:15:24  INFO     [LV] 'machine learning' → 12 entries, 21 kept so far
04:15:24  INFO     [EE] 'AI regulation' → 6 entries, 54 kept so far
04:15:25  INFO     [LT] 'EU AI Act' → 17 entries, 28 kept so far
04:15:25  INFO     [CY] 'AI regulation' → 68 entries, 87 kept so far
04:15:25  INFO     [SI] 'EU AI Act' → 25 entries, 56 kept so far
04:15:25  INFO     [LV] 'EU AI Act' → 8 entries, 21 kept so far
04:15:25  INFO     [EE] 'machine learning' → 12 entries, 55 kept so far
04:15:26  INFO     [LT] 'generative AI' → 16 entries, 32 kept so far
04:15:26  INFO     [LV] 'generative AI' → 9 entries, 22 kept so far
04:15:26  INFO     [CY] 'machine learning' → 100 entries, 128 kept so far
04:15:26  INFO     [SI] 'generative AI' → 16 entries, 57 kept so far
04:15:27  INFO     [EE] 'EU AI Act' → 10 entries, 56 kept so far
04:15:27  INFO     [LT] +12 new articles saved
04:15:27  INFO     [LV] +11 new articles saved
04:15:27  INFO     [SI] +24 new articles saved
04:15:28  INFO     [MT] 'artificial intelligence' → 106 entries, 67 kept so far
04:15:28  INFO     [LU] 'artificial intelligence' → 100 entries, 45 kept so far
04:15:28  INFO     [CY] 'EU AI Act' → 58 entries, 147 kept so far
04:15:28  INFO     [EE] 'generative AI' → 9 entries, 59 kept so far
04:15:29  INFO     [MT] 'AI regulation' → 100 entries, 120 kept so far
04:15:29  INFO     [EE] +32 new articles saved
04:15:29  INFO     [LU] 'AI regulation' → 86 entries, 124 kept so far
04:15:30  INFO     [CY] 'generative AI' → 100 entries, 190 kept so far
04:15:30  INFO     [MT] 'machine learning' → 100 entries, 183 kept so far
04:15:31  INFO     [CY] +2 new articles saved
04:15:31  INFO     [LU] 'machine learning' → 100 entries, 176 kept so far
04:15:31  INFO     [MT] 'EU AI Act' → 100 entries, 264 kept so far
04:15:33  INFO     [LU] 'EU AI Act' → 81 entries, 212 kept so far
04:15:33  INFO     [MT] 'generative AI' → 100 entries, 321 kept so far
04:15:34  INFO     [MT] +0 new articles saved
04:15:34  INFO     [LU] 'generative AI' → 100 entries, 241 kept so far
04:15:35  INFO     [LU] +1 new articles saved
04:15:35  INFO     Scrape complete. 2093 new articles this run.
