22:31:00  INFO     Starting scrape: 27 countries, 5 queries each
/home/runner/work/EU_AI_News/EU_AI_News/eu_ai_news_scraper.py:230: DeprecationWarning: datetime.datetime.utcnow() is deprecated and scheduled for removal in a future version. Use timezone-aware objects to represent datetimes in UTC: datetime.datetime.now(datetime.UTC).
  "scraped_at":   datetime.utcnow().isoformat(),
22:31:01  INFO     [DE] 'artificial intelligence' → 100 entries, 52 kept so far
22:31:01  INFO     [PL] 'artificial intelligence' → 102 entries, 19 kept so far
22:31:01  INFO     [FR] 'artificial intelligence' → 100 entries, 57 kept so far
22:31:01  INFO     [IT] 'artificial intelligence' → 100 entries, 33 kept so far
22:31:01  INFO     [ES] 'artificial intelligence' → 100 entries, 54 kept so far
22:31:03  INFO     [PL] 'AI regulation' → 78 entries, 81 kept so far
22:31:03  INFO     [DE] 'AI regulation' → 100 entries, 133 kept so far
22:31:03  INFO     [FR] 'AI regulation' → 100 entries, 146 kept so far
22:31:03  INFO     [ES] 'AI regulation' → 77 entries, 102 kept so far
22:31:03  INFO     [IT] 'AI regulation' → 100 entries, 122 kept so far
22:31:04  INFO     [PL] 'machine learning' → 100 entries, 127 kept so far
22:31:04  INFO     [DE] 'machine learning' → 100 entries, 184 kept so far
22:31:04  INFO     [FR] 'machine learning' → 100 entries, 212 kept so far
22:31:05  INFO     [IT] 'machine learning' → 100 entries, 199 kept so far
22:31:05  INFO     [ES] 'machine learning' → 100 entries, 178 kept so far
22:31:06  INFO     [PL] 'EU AI Act' → 78 entries, 142 kept so far
22:31:06  INFO     [DE] 'EU AI Act' → 100 entries, 260 kept so far
22:31:06  INFO     [FR] 'EU AI Act' → 100 entries, 260 kept so far
22:31:06  INFO     [IT] 'EU AI Act' → 100 entries, 257 kept so far
22:31:06  INFO     [ES] 'EU AI Act' → 78 entries, 205 kept so far
22:31:07  INFO     [PL] 'generative AI' → 100 entries, 174 kept so far
22:31:08  INFO     [DE] 'generative AI' → 100 entries, 284 kept so far
22:31:08  INFO     [FR] 'generative AI' → 100 entries, 290 kept so far
22:31:08  INFO     [IT] 'generative AI' → 100 entries, 299 kept so far
22:31:08  INFO     [ES] 'generative AI' → 100 entries, 248 kept so far
22:31:08  INFO     [PL] +103 new articles saved
22:31:09  INFO     [DE] +196 new articles saved
22:31:09  INFO     [FR] +190 new articles saved
22:31:09  INFO     [IT] +212 new articles saved
22:31:09  INFO     [NL] 'artificial intelligence' → 100 entries, 10 kept so far
22:31:09  INFO     [ES] +176 new articles saved
22:31:09  INFO     [SE] 'artificial intelligence' → 100 entries, 6 kept so far
22:31:09  INFO     [BE] 'artificial intelligence' → 100 entries, 58 kept so far
22:31:09  INFO     [AT] 'artificial intelligence' → 100 entries, 45 kept so far
22:31:10  INFO     [DK] 'artificial intelligence' → 100 entries, 20 kept so far
22:31:11  INFO     [NL] 'AI regulation' → 79 entries, 56 kept so far
22:31:11  INFO     [SE] 'AI regulation' → 78 entries, 18 kept so far
22:31:11  INFO     [BE] 'AI regulation' → 100 entries, 147 kept so far
22:31:11  INFO     [AT] 'AI regulation' → 100 entries, 124 kept so far
22:31:11  INFO     [DK] 'AI regulation' → 47 entries, 29 kept so far
22:31:12  INFO     [NL] 'machine learning' → 100 entries, 99 kept so far
22:31:12  INFO     [SE] 'machine learning' → 86 entries, 39 kept so far
22:31:12  INFO     [BE] 'machine learning' → 100 entries, 214 kept so far
22:31:13  INFO     [AT] 'machine learning' → 100 entries, 179 kept so far
22:31:13  INFO     [DK] 'machine learning' → 78 entries, 48 kept so far
22:31:14  INFO     [NL] 'EU AI Act' → 100 entries, 130 kept so far
22:31:14  INFO     [SE] 'EU AI Act' → 65 entries, 49 kept so far
22:31:14  INFO     [BE] 'EU AI Act' → 100 entries, 260 kept so far
22:31:14  INFO     [AT] 'EU AI Act' → 100 entries, 256 kept so far
22:31:14  INFO     [DK] 'EU AI Act' → 73 entries, 61 kept so far
22:31:15  INFO     [NL] 'generative AI' → 100 entries, 162 kept so far
22:31:15  INFO     [SE] 'generative AI' → 77 entries, 61 kept so far
22:31:16  INFO     [BE] 'generative AI' → 100 entries, 287 kept so far
22:31:16  INFO     [AT] 'generative AI' → 100 entries, 282 kept so far
22:31:16  INFO     [DK] 'generative AI' → 90 entries, 91 kept so far
22:31:16  INFO     [NL] +83 new articles saved
22:31:16  INFO     [SE] +32 new articles saved
22:31:17  INFO     [BE] +38 new articles saved
22:31:17  INFO     [AT] +44 new articles saved
22:31:17  INFO     [FI] 'artificial intelligence' → 100 entries, 56 kept so far
22:31:17  INFO     [DK] +48 new articles saved
22:31:17  INFO     [PT] 'artificial intelligence' → 100 entries, 52 kept so far
22:31:17  INFO     [CZ] 'artificial intelligence' → 100 entries, 18 kept so far
22:31:17  INFO     [RO] 'artificial intelligence' → 100 entries, 34 kept so far
22:31:18  INFO     [HU] 'artificial intelligence' → 100 entries, 21 kept so far
22:31:18  INFO     [FI] 'AI regulation' → 58 entries, 72 kept so far
22:31:19  INFO     [PT] 'AI regulation' → 79 entries, 89 kept so far
22:31:19  INFO     [RO] 'AI regulation' → 77 entries, 46 kept so far
22:31:19  INFO     [HU] 'AI regulation' → 78 entries, 24 kept so far
22:31:19  INFO     [CZ] 'AI regulation' → 78 entries, 41 kept so far
22:31:20  INFO     [FI] 'machine learning' → 96 entries, 115 kept so far
22:31:20  INFO     [RO] 'machine learning' → 100 entries, 108 kept so far
22:31:20  INFO     [PT] 'machine learning' → 100 entries, 167 kept so far
22:31:21  INFO     [HU] 'machine learning' → 77 entries, 46 kept so far
22:31:21  INFO     [CZ] 'machine learning' → 79 entries, 60 kept so far
22:31:22  INFO     [FI] 'EU AI Act' → 66 entries, 150 kept so far
22:31:22  INFO     [RO] 'EU AI Act' → 76 entries, 135 kept so far
22:31:22  INFO     [PT] 'EU AI Act' → 77 entries, 184 kept so far
22:31:22  INFO     [HU] 'EU AI Act' → 79 entries, 71 kept so far
22:31:22  INFO     [CZ] 'EU AI Act' → 76 entries, 75 kept so far
22:31:23  INFO     [FI] 'generative AI' → 71 entries, 192 kept so far
22:31:23  INFO     [RO] 'generative AI' → 92 entries, 157 kept so far
22:31:24  INFO     [HU] 'generative AI' → 66 entries, 89 kept so far
22:31:24  INFO     [CZ] 'generative AI' → 75 entries, 94 kept so far
22:31:24  INFO     [PT] 'generative AI' → 100 entries, 218 kept so far
22:31:24  INFO     [FI] +111 new articles saved
22:31:24  INFO     [RO] +108 new articles saved
22:31:25  INFO     [GR] 'artificial intelligence' → 100 entries, 40 kept so far
22:31:25  INFO     [HU] +56 new articles saved
22:31:25  INFO     [CZ] +62 new articles saved
22:31:25  INFO     [PT] +147 new articles saved
22:31:25  INFO     [SK] 'artificial intelligence' → 100 entries, 25 kept so far
22:31:25  INFO     [HR] 'artificial intelligence' → 102 entries, 46 kept so far
22:31:25  INFO     [BG] 'artificial intelligence' → 98 entries, 39 kept so far
22:31:25  INFO     [IE] 'artificial intelligence' → 100 entries, 56 kept so far
22:31:26  INFO     [GR] 'AI regulation' → 70 entries, 90 kept so far
22:31:26  INFO     [SK] 'AI regulation' → 47 entries, 30 kept so far
22:31:27  INFO     [BG] 'AI regulation' → 8 entries, 39 kept so far
22:31:27  INFO     [HR] 'AI regulation' → 100 entries, 89 kept so far
22:31:27  INFO     [IE] 'AI regulation' → 100 entries, 102 kept so far
22:31:28  INFO     [GR] 'machine learning' → 100 entries, 128 kept so far
22:31:28  INFO     [SK] 'machine learning' → 58 entries, 42 kept so far
22:31:28  INFO     [BG] 'machine learning' → 53 entries, 46 kept so far
22:31:29  INFO     [HR] 'machine learning' → 100 entries, 166 kept so far
22:31:29  INFO     [IE] 'machine learning' → 100 entries, 177 kept so far
22:31:29  INFO     [GR] 'EU AI Act' → 59 entries, 145 kept so far
22:31:29  INFO     [SK] 'EU AI Act' → 75 entries, 57 kept so far
22:31:30  INFO     [BG] 'EU AI Act' → 17 entries, 51 kept so far
22:31:30  INFO     [HR] 'EU AI Act' → 100 entries, 258 kept so far
22:31:31  INFO     [GR] 'generative AI' → 100 entries, 188 kept so far
22:31:31  INFO     [SK] 'generative AI' → 49 entries, 69 kept so far
22:31:31  INFO     [BG] 'generative AI' → 30 entries, 57 kept so far
22:31:31  INFO     [IE] 'EU AI Act' → 100 entries, 258 kept so far
22:31:32  INFO     [GR] +127 new articles saved
22:31:32  INFO     [HR] 'generative AI' → 100 entries, 327 kept so far
22:31:32  INFO     [SK] +44 new articles saved
22:31:32  INFO     [BG] +35 new articles saved
22:31:32  INFO     [LT] 'artificial intelligence' → 87 entries, 27 kept so far
22:31:32  INFO     [LV] 'artificial intelligence' → 60 entries, 22 kept so far
22:31:32  INFO     [SI] 'artificial intelligence' → 100 entries, 42 kept so far
22:31:33  INFO     [IE] 'generative AI' → 100 entries, 326 kept so far
22:31:33  INFO     [HR] +310 new articles saved
22:31:33  INFO     [EE] 'artificial intelligence' → 94 entries, 44 kept so far
22:31:34  INFO     [LT] 'AI regulation' → 11 entries, 27 kept so far
22:31:34  INFO     [LV] 'AI regulation' → 3 entries, 22 kept so far
22:31:34  INFO     [IE] +112 new articles saved
22:31:34  INFO     [SI] 'AI regulation' → 6 entries, 42 kept so far
22:31:34  INFO     [CY] 'artificial intelligence' → 100 entries, 40 kept so far
22:31:35  INFO     [EE] 'AI regulation' → 10 entries, 44 kept so far
22:31:35  INFO     [LT] 'machine learning' → 34 entries, 31 kept so far
22:31:35  INFO     [LV] 'machine learning' → 13 entries, 25 kept so far
22:31:35  INFO     [SI] 'machine learning' → 22 entries, 44 kept so far
22:31:36  INFO     [CY] 'AI regulation' → 70 entries, 90 kept so far
22:31:36  INFO     [EE] 'machine learning' → 19 entries, 45 kept so far
22:31:36  INFO     [LT] 'EU AI Act' → 17 entries, 32 kept so far
22:31:36  INFO     [LV] 'EU AI Act' → 8 entries, 25 kept so far
22:31:36  INFO     [SI] 'EU AI Act' → 20 entries, 47 kept so far
22:31:37  INFO     [CY] 'machine learning' → 100 entries, 128 kept so far
22:31:38  INFO     [LT] 'generative AI' → 16 entries, 38 kept so far
22:31:38  INFO     [EE] 'EU AI Act' → 15 entries, 46 kept so far
22:31:38  INFO     [LV] 'generative AI' → 9 entries, 26 kept so far
22:31:38  INFO     [SI] 'generative AI' → 13 entries, 48 kept so far
22:31:39  INFO     [LT] +18 new articles saved
22:31:39  INFO     [LV] +13 new articles saved
22:31:39  INFO     [SI] +19 new articles saved
22:31:39  INFO     [MT] 'artificial intelligence' → 102 entries, 46 kept so far
22:31:39  INFO     [CY] 'EU AI Act' → 59 entries, 145 kept so far
22:31:39  INFO     [EE] 'generative AI' → 11 entries, 47 kept so far
22:31:39  INFO     [LU] 'artificial intelligence' → 100 entries, 57 kept so far
22:31:40  INFO     [EE] +26 new articles saved
22:31:40  INFO     [MT] 'AI regulation' → 100 entries, 89 kept so far
22:31:40  INFO     [CY] 'generative AI' → 100 entries, 188 kept so far
22:31:41  INFO     [LU] 'AI regulation' → 100 entries, 146 kept so far
22:31:41  INFO     [MT] 'machine learning' → 100 entries, 166 kept so far
22:31:41  INFO     [CY] +0 new articles saved
22:31:42  INFO     [LU] 'machine learning' → 100 entries, 212 kept so far
22:31:43  INFO     [MT] 'EU AI Act' → 100 entries, 258 kept so far
22:31:44  INFO     [LU] 'EU AI Act' → 100 entries, 260 kept so far
22:31:44  INFO     [MT] 'generative AI' → 100 entries, 327 kept so far
22:31:45  INFO     [MT] +0 new articles saved
22:31:45  INFO     [LU] 'generative AI' → 100 entries, 289 kept so far
22:31:46  INFO     [LU] +3 new articles saved
22:31:46  INFO     Scrape complete. 2313 new articles this run.
