20:42:21  INFO     Starting scrape: 27 countries, 5 queries each
20:42:21  INFO     [FR] 'artificial intelligence' → 100 entries, 51 kept so far
/home/runner/work/EU_AI_News/EU_AI_News/eu_ai_news_scraper.py:230: DeprecationWarning: datetime.datetime.utcnow() is deprecated and scheduled for removal in a future version. Use timezone-aware objects to represent datetimes in UTC: datetime.datetime.now(datetime.UTC).
  "scraped_at":   datetime.utcnow().isoformat(),
20:42:21  INFO     [IT] 'artificial intelligence' → 100 entries, 49 kept so far
20:42:21  INFO     [ES] 'artificial intelligence' → 100 entries, 65 kept so far
20:42:21  INFO     [PL] 'artificial intelligence' → 100 entries, 11 kept so far
20:42:21  INFO     [DE] 'artificial intelligence' → 100 entries, 48 kept so far
20:42:23  INFO     [FR] 'AI regulation' → 100 entries, 109 kept so far
20:42:23  INFO     [ES] 'AI regulation' → 77 entries, 90 kept so far
20:42:23  INFO     [IT] 'AI regulation' → 100 entries, 122 kept so far
20:42:23  INFO     [DE] 'AI regulation' → 100 entries, 99 kept so far
20:42:23  INFO     [PL] 'AI regulation' → 100 entries, 87 kept so far
20:42:24  INFO     [FR] 'machine learning' → 100 entries, 172 kept so far
20:42:25  INFO     [ES] 'machine learning' → 100 entries, 167 kept so far
20:42:25  INFO     [DE] 'machine learning' → 100 entries, 152 kept so far
20:42:25  INFO     [IT] 'machine learning' → 100 entries, 194 kept so far
20:42:25  INFO     [PL] 'machine learning' → 100 entries, 131 kept so far
20:42:26  INFO     [FR] 'EU AI Act' → 88 entries, 226 kept so far
20:42:26  INFO     [DE] 'EU AI Act' → 100 entries, 229 kept so far
20:42:26  INFO     [ES] 'EU AI Act' → 76 entries, 209 kept so far
20:42:26  INFO     [IT] 'EU AI Act' → 100 entries, 267 kept so far
20:42:26  INFO     [PL] 'EU AI Act' → 77 entries, 157 kept so far
20:42:28  INFO     [FR] 'generative AI' → 100 entries, 251 kept so far
20:42:28  INFO     [DE] 'generative AI' → 100 entries, 248 kept so far
20:42:28  INFO     [ES] 'generative AI' → 100 entries, 253 kept so far
20:42:28  INFO     [IT] 'generative AI' → 100 entries, 311 kept so far
20:42:28  INFO     [PL] 'generative AI' → 100 entries, 187 kept so far
20:42:29  INFO     [FR] +145 new articles saved
20:42:29  INFO     [DE] +180 new articles saved
20:42:29  INFO     [ES] +140 new articles saved
20:42:29  INFO     [NL] 'artificial intelligence' → 100 entries, 20 kept so far
20:42:29  INFO     [IT] +196 new articles saved
20:42:29  INFO     [PL] +119 new articles saved
20:42:29  INFO     [BE] 'artificial intelligence' → 100 entries, 60 kept so far
20:42:30  INFO     [SE] 'artificial intelligence' → 100 entries, 8 kept so far
20:42:30  INFO     [AT] 'artificial intelligence' → 100 entries, 48 kept so far
20:42:30  INFO     [DK] 'artificial intelligence' → 100 entries, 23 kept so far
20:42:31  INFO     [NL] 'AI regulation' → 77 entries, 81 kept so far
20:42:31  INFO     [SE] 'AI regulation' → 75 entries, 26 kept so far
20:42:31  INFO     [BE] 'AI regulation' → 100 entries, 116 kept so far
20:42:31  INFO     [AT] 'AI regulation' → 100 entries, 108 kept so far
20:42:31  INFO     [DK] 'AI regulation' → 32 entries, 28 kept so far
20:42:32  INFO     [NL] 'machine learning' → 100 entries, 137 kept so far
20:42:33  INFO     [SE] 'machine learning' → 76 entries, 46 kept so far
20:42:33  INFO     [BE] 'machine learning' → 100 entries, 182 kept so far
20:42:33  INFO     [AT] 'machine learning' → 100 entries, 163 kept so far
20:42:33  INFO     [DK] 'machine learning' → 74 entries, 48 kept so far
20:42:34  INFO     [NL] 'EU AI Act' → 94 entries, 162 kept so far
20:42:34  INFO     [SE] 'EU AI Act' → 72 entries, 48 kept so far
20:42:34  INFO     [BE] 'EU AI Act' → 94 entries, 240 kept so far
20:42:35  INFO     [DK] 'EU AI Act' → 77 entries, 68 kept so far
20:42:35  INFO     [AT] 'EU AI Act' → 100 entries, 246 kept so far
20:42:35  INFO     [NL] 'generative AI' → 100 entries, 192 kept so far
20:42:36  INFO     [SE] 'generative AI' → 71 entries, 57 kept so far
20:42:36  INFO     [BE] 'generative AI' → 100 entries, 268 kept so far
20:42:36  INFO     [DK] 'generative AI' → 93 entries, 96 kept so far
20:42:36  INFO     [AT] 'generative AI' → 100 entries, 268 kept so far
20:42:36  INFO     [NL] +95 new articles saved
20:42:37  INFO     [SE] +22 new articles saved
20:42:37  INFO     [BE] +31 new articles saved
20:42:37  INFO     [PT] 'artificial intelligence' → 100 entries, 62 kept so far
20:42:37  INFO     [FI] 'artificial intelligence' → 100 entries, 64 kept so far
20:42:37  INFO     [DK] +33 new articles saved
20:42:37  INFO     [AT] +68 new articles saved
20:42:38  INFO     [RO] 'artificial intelligence' → 100 entries, 43 kept so far
20:42:38  INFO     [HU] 'artificial intelligence' → 100 entries, 23 kept so far
20:42:38  INFO     [CZ] 'artificial intelligence' → 100 entries, 15 kept so far
20:42:39  INFO     [FI] 'AI regulation' → 41 entries, 71 kept so far
20:42:39  INFO     [PT] 'AI regulation' → 98 entries, 119 kept so far
20:42:39  INFO     [RO] 'AI regulation' → 32 entries, 50 kept so far
20:42:39  INFO     [HU] 'AI regulation' → 78 entries, 28 kept so far
20:42:40  INFO     [CZ] 'AI regulation' → 75 entries, 41 kept so far
20:42:41  INFO     [FI] 'machine learning' → 80 entries, 105 kept so far
20:42:41  INFO     [PT] 'machine learning' → 100 entries, 192 kept so far
20:42:41  INFO     [RO] 'machine learning' → 99 entries, 98 kept so far
20:42:41  INFO     [CZ] 'machine learning' → 79 entries, 58 kept so far
20:42:41  INFO     [HU] 'machine learning' → 71 entries, 56 kept so far
20:42:42  INFO     [FI] 'EU AI Act' → 63 entries, 140 kept so far
20:42:42  INFO     [PT] 'EU AI Act' → 56 entries, 203 kept so far
20:42:43  INFO     [RO] 'EU AI Act' → 76 entries, 116 kept so far
20:42:43  INFO     [CZ] 'EU AI Act' → 71 entries, 68 kept so far
20:42:43  INFO     [HU] 'EU AI Act' → 77 entries, 75 kept so far
20:42:43  INFO     [FI] 'generative AI' → 56 entries, 175 kept so far
20:42:44  INFO     [PT] 'generative AI' → 100 entries, 232 kept so far
20:42:44  INFO     [RO] 'generative AI' → 81 entries, 135 kept so far
20:42:44  INFO     [CZ] 'generative AI' → 74 entries, 85 kept so far
20:42:44  INFO     [HU] 'generative AI' → 75 entries, 97 kept so far
20:42:45  INFO     [FI] +81 new articles saved
20:42:45  INFO     [PT] +148 new articles saved
20:42:45  INFO     [GR] 'artificial intelligence' → 100 entries, 41 kept so far
20:42:45  INFO     [RO] +73 new articles saved
20:42:45  INFO     [CZ] +56 new articles saved
20:42:45  INFO     [HU] +55 new articles saved
20:42:46  INFO     [SK] 'artificial intelligence' → 100 entries, 26 kept so far
20:42:46  INFO     [HR] 'artificial intelligence' → 100 entries, 55 kept so far
20:42:46  INFO     [BG] 'artificial intelligence' → 81 entries, 36 kept so far
20:42:46  INFO     [IE] 'artificial intelligence' → 100 entries, 63 kept so far
20:42:47  INFO     [GR] 'AI regulation' → 61 entries, 95 kept so far
20:42:47  INFO     [SK] 'AI regulation' → 22 entries, 27 kept so far
20:42:47  INFO     [BG] 'AI regulation' → 8 entries, 36 kept so far
20:42:47  INFO     [HR] 'AI regulation' → 100 entries, 93 kept so far
20:42:47  INFO     [IE] 'AI regulation' → 100 entries, 107 kept so far
20:42:48  INFO     [GR] 'machine learning' → 100 entries, 132 kept so far
20:42:48  INFO     [SK] 'machine learning' → 55 entries, 40 kept so far
20:42:49  INFO     [BG] 'machine learning' → 54 entries, 44 kept so far
20:42:49  INFO     [HR] 'machine learning' → 100 entries, 165 kept so far
20:42:49  INFO     [IE] 'machine learning' → 100 entries, 180 kept so far
20:42:50  INFO     [GR] 'EU AI Act' → 57 entries, 151 kept so far
20:42:50  INFO     [SK] 'EU AI Act' → 61 entries, 51 kept so far
20:42:50  INFO     [BG] 'EU AI Act' → 7 entries, 46 kept so far
20:42:50  INFO     [HR] 'EU AI Act' → 100 entries, 248 kept so far
20:42:51  INFO     [IE] 'EU AI Act' → 100 entries, 250 kept so far
20:42:51  INFO     [GR] 'generative AI' → 100 entries, 190 kept so far
20:42:51  INFO     [BG] 'generative AI' → 25 entries, 50 kept so far
20:42:51  INFO     [SK] 'generative AI' → 46 entries, 61 kept so far
20:42:52  INFO     [HR] 'generative AI' → 100 entries, 296 kept so far
20:42:52  INFO     [GR] +125 new articles saved
20:42:52  INFO     [BG] +24 new articles saved
20:42:52  INFO     [SK] +30 new articles saved
20:42:53  INFO     [IE] 'generative AI' → 100 entries, 300 kept so far
20:42:53  INFO     [LT] 'artificial intelligence' → 90 entries, 27 kept so far
20:42:53  INFO     [LV] 'artificial intelligence' → 63 entries, 22 kept so far
20:42:53  INFO     [SI] 'artificial intelligence' → 96 entries, 46 kept so far
20:42:53  INFO     [HR] +257 new articles saved
20:42:54  INFO     [EE] 'artificial intelligence' → 100 entries, 46 kept so far
20:42:54  INFO     [IE] +107 new articles saved
20:42:54  INFO     [LV] 'AI regulation' → 6 entries, 22 kept so far
20:42:54  INFO     [LT] 'AI regulation' → 13 entries, 27 kept so far
20:42:54  INFO     [CY] 'artificial intelligence' → 100 entries, 41 kept so far
20:42:54  INFO     [SI] 'AI regulation' → 11 entries, 46 kept so far
20:42:55  INFO     [EE] 'AI regulation' → 7 entries, 46 kept so far
20:42:55  INFO     [LV] 'machine learning' → 12 entries, 23 kept so far
20:42:56  INFO     [LT] 'machine learning' → 31 entries, 31 kept so far
20:42:56  INFO     [SI] 'machine learning' → 20 entries, 48 kept so far
20:42:56  INFO     [CY] 'AI regulation' → 61 entries, 95 kept so far
20:42:56  INFO     [EE] 'machine learning' → 21 entries, 48 kept so far
20:42:57  INFO     [LV] 'EU AI Act' → 5 entries, 23 kept so far
20:42:57  INFO     [LT] 'EU AI Act' → 21 entries, 32 kept so far
20:42:57  INFO     [SI] 'EU AI Act' → 25 entries, 52 kept so far
20:42:57  INFO     [CY] 'machine learning' → 100 entries, 132 kept so far
20:42:58  INFO     [EE] 'EU AI Act' → 17 entries, 50 kept so far
20:42:58  INFO     [LV] 'generative AI' → 9 entries, 25 kept so far
20:42:58  INFO     [LT] 'generative AI' → 20 entries, 38 kept so far
20:42:59  INFO     [SI] 'generative AI' → 12 entries, 54 kept so far
20:42:59  INFO     [CY] 'EU AI Act' → 57 entries, 153 kept so far
20:42:59  INFO     [LV] +11 new articles saved
20:42:59  INFO     [EE] 'generative AI' → 10 entries, 52 kept so far
20:42:59  INFO     [LT] +11 new articles saved
20:42:59  INFO     [MT] 'artificial intelligence' → 100 entries, 55 kept so far
20:43:00  INFO     [LU] 'artificial intelligence' → 100 entries, 51 kept so far
20:43:00  INFO     [SI] +20 new articles saved
20:43:00  INFO     [EE] +26 new articles saved
20:43:01  INFO     [MT] 'AI regulation' → 100 entries, 93 kept so far
20:43:01  INFO     [CY] 'generative AI' → 100 entries, 193 kept so far
20:43:01  INFO     [LU] 'AI regulation' → 100 entries, 109 kept so far
20:43:02  INFO     [CY] +3 new articles saved
20:43:02  INFO     [MT] 'machine learning' → 100 entries, 165 kept so far
20:43:03  INFO     [LU] 'machine learning' → 100 entries, 172 kept so far
20:43:03  INFO     [MT] 'EU AI Act' → 100 entries, 248 kept so far
20:43:04  INFO     [MT] 'generative AI' → 100 entries, 296 kept so far
20:43:04  INFO     [LU] 'EU AI Act' → 88 entries, 226 kept so far
20:43:05  INFO     [MT] +0 new articles saved
20:43:06  INFO     [LU] 'generative AI' → 100 entries, 251 kept so far
20:43:07  INFO     [LU] +0 new articles saved
20:43:07  INFO     Scrape complete. 2056 new articles this run.
