08:31:53  INFO     Starting scrape: 27 countries, 5 queries each
/home/runner/work/EU_AI_News/EU_AI_News/eu_ai_news_scraper.py:230: DeprecationWarning: datetime.datetime.utcnow() is deprecated and scheduled for removal in a future version. Use timezone-aware objects to represent datetimes in UTC: datetime.datetime.now(datetime.UTC).
  "scraped_at":   datetime.utcnow().isoformat(),
08:31:54  INFO     [DE] 'artificial intelligence' → 100 entries, 52 kept so far
08:31:54  INFO     [IT] 'artificial intelligence' → 100 entries, 46 kept so far
08:31:54  INFO     [FR] 'artificial intelligence' → 102 entries, 62 kept so far
08:31:54  INFO     [PL] 'artificial intelligence' → 100 entries, 16 kept so far
08:31:54  INFO     [ES] 'artificial intelligence' → 100 entries, 62 kept so far
08:31:55  INFO     [DE] 'AI regulation' → 55 entries, 83 kept so far
08:31:55  INFO     [IT] 'AI regulation' → 100 entries, 108 kept so far
08:31:56  INFO     [FR] 'AI regulation' → 100 entries, 120 kept so far
08:31:56  INFO     [ES] 'AI regulation' → 72 entries, 80 kept so far
08:31:56  INFO     [PL] 'AI regulation' → 100 entries, 84 kept so far
08:31:57  INFO     [DE] 'machine learning' → 100 entries, 126 kept so far
08:31:57  INFO     [IT] 'machine learning' → 100 entries, 180 kept so far
08:31:57  INFO     [FR] 'machine learning' → 100 entries, 176 kept so far
08:31:57  INFO     [ES] 'machine learning' → 100 entries, 157 kept so far
08:31:57  INFO     [PL] 'machine learning' → 100 entries, 122 kept so far
08:31:58  INFO     [DE] 'EU AI Act' → 100 entries, 211 kept so far
08:31:59  INFO     [IT] 'EU AI Act' → 100 entries, 255 kept so far
08:31:59  INFO     [FR] 'EU AI Act' → 76 entries, 221 kept so far
08:31:59  INFO     [PL] 'EU AI Act' → 77 entries, 139 kept so far
08:31:59  INFO     [ES] 'EU AI Act' → 78 entries, 192 kept so far
08:32:00  INFO     [DE] 'generative AI' → 100 entries, 232 kept so far
08:32:00  INFO     [IT] 'generative AI' → 100 entries, 295 kept so far
08:32:00  INFO     [FR] 'generative AI' → 100 entries, 251 kept so far
08:32:00  INFO     [PL] 'generative AI' → 100 entries, 171 kept so far
08:32:00  INFO     [ES] 'generative AI' → 100 entries, 230 kept so far
08:32:01  INFO     [DE] +150 new articles saved
08:32:01  INFO     [IT] +140 new articles saved
08:32:01  INFO     [FR] +117 new articles saved
08:32:01  INFO     [PL] +77 new articles saved
08:32:01  INFO     [ES] +105 new articles saved
08:32:01  INFO     [NL] 'artificial intelligence' → 100 entries, 10 kept so far
08:32:02  INFO     [SE] 'artificial intelligence' → 100 entries, 10 kept so far
08:32:02  INFO     [BE] 'artificial intelligence' → 100 entries, 73 kept so far
08:32:02  INFO     [AT] 'artificial intelligence' → 100 entries, 47 kept so far
08:32:02  INFO     [DK] 'artificial intelligence' → 100 entries, 12 kept so far
08:32:03  INFO     [NL] 'AI regulation' → 78 entries, 50 kept so far
08:32:03  INFO     [SE] 'AI regulation' → 77 entries, 24 kept so far
08:32:03  INFO     [BE] 'AI regulation' → 100 entries, 145 kept so far
08:32:03  INFO     [DK] 'AI regulation' → 29 entries, 14 kept so far
08:32:03  INFO     [AT] 'AI regulation' → 59 entries, 83 kept so far
08:32:04  INFO     [NL] 'machine learning' → 100 entries, 107 kept so far
08:32:05  INFO     [SE] 'machine learning' → 74 entries, 45 kept so far
08:32:05  INFO     [DK] 'machine learning' → 84 entries, 39 kept so far
08:32:05  INFO     [BE] 'machine learning' → 100 entries, 201 kept so far
08:32:05  INFO     [AT] 'machine learning' → 100 entries, 128 kept so far
08:32:06  INFO     [NL] 'EU AI Act' → 100 entries, 133 kept so far
08:32:06  INFO     [SE] 'EU AI Act' → 77 entries, 53 kept so far
08:32:07  INFO     [DK] 'EU AI Act' → 77 entries, 58 kept so far
08:32:07  INFO     [BE] 'EU AI Act' → 81 entries, 236 kept so far
08:32:07  INFO     [AT] 'EU AI Act' → 100 entries, 217 kept so far
08:32:07  INFO     [NL] 'generative AI' → 100 entries, 161 kept so far
08:32:08  INFO     [SE] 'generative AI' → 75 entries, 65 kept so far
08:32:08  INFO     [DK] 'generative AI' → 100 entries, 92 kept so far
08:32:08  INFO     [AT] 'generative AI' → 100 entries, 238 kept so far
08:32:08  INFO     [BE] 'generative AI' → 100 entries, 262 kept so far
08:32:08  INFO     [NL] +55 new articles saved
08:32:09  INFO     [SE] +23 new articles saved
08:32:09  INFO     [FI] 'artificial intelligence' → 100 entries, 48 kept so far
08:32:09  INFO     [DK] +27 new articles saved
08:32:09  INFO     [AT] +41 new articles saved
08:32:09  INFO     [PT] 'artificial intelligence' → 100 entries, 60 kept so far
08:32:09  INFO     [BE] +25 new articles saved
08:32:10  INFO     [CZ] 'artificial intelligence' → 100 entries, 18 kept so far
08:32:10  INFO     [RO] 'artificial intelligence' → 100 entries, 43 kept so far
08:32:10  INFO     [HU] 'artificial intelligence' → 100 entries, 19 kept so far
08:32:11  INFO     [FI] 'AI regulation' → 45 entries, 59 kept so far
08:32:11  INFO     [PT] 'AI regulation' → 78 entries, 92 kept so far
08:32:11  INFO     [CZ] 'AI regulation' → 78 entries, 35 kept so far
08:32:11  INFO     [RO] 'AI regulation' → 24 entries, 47 kept so far
08:32:11  INFO     [HU] 'AI regulation' → 79 entries, 21 kept so far
08:32:12  INFO     [FI] 'machine learning' → 92 entries, 101 kept so far
08:32:13  INFO     [PT] 'machine learning' → 100 entries, 166 kept so far
08:32:13  INFO     [CZ] 'machine learning' → 80 entries, 55 kept so far
08:32:13  INFO     [RO] 'machine learning' → 100 entries, 100 kept so far
08:32:13  INFO     [HU] 'machine learning' → 70 entries, 45 kept so far
08:32:14  INFO     [FI] 'EU AI Act' → 77 entries, 140 kept so far
08:32:14  INFO     [CZ] 'EU AI Act' → 76 entries, 64 kept so far
08:32:14  INFO     [PT] 'EU AI Act' → 46 entries, 173 kept so far
08:32:14  INFO     [RO] 'EU AI Act' → 79 entries, 109 kept so far
08:32:14  INFO     [HU] 'EU AI Act' → 78 entries, 63 kept so far
08:32:15  INFO     [FI] 'generative AI' → 62 entries, 175 kept so far
08:32:16  INFO     [CZ] 'generative AI' → 78 entries, 81 kept so far
08:32:16  INFO     [PT] 'generative AI' → 100 entries, 205 kept so far
08:32:16  INFO     [RO] 'generative AI' → 80 entries, 126 kept so far
08:32:16  INFO     [HU] 'generative AI' → 72 entries, 87 kept so far
08:32:16  INFO     [FI] +76 new articles saved
08:32:17  INFO     [CZ] +42 new articles saved
08:32:17  INFO     [GR] 'artificial intelligence' → 100 entries, 47 kept so far
08:32:17  INFO     [PT] +90 new articles saved
08:32:17  INFO     [RO] +54 new articles saved
08:32:17  INFO     [HU] +41 new articles saved
08:32:17  INFO     [SK] 'artificial intelligence' → 100 entries, 25 kept so far
08:32:17  INFO     [HR] 'artificial intelligence' → 100 entries, 69 kept so far
08:32:17  INFO     [BG] 'artificial intelligence' → 63 entries, 33 kept so far
08:32:17  INFO     [IE] 'artificial intelligence' → 100 entries, 63 kept so far
08:32:18  INFO     [GR] 'AI regulation' → 60 entries, 97 kept so far
08:32:19  INFO     [SK] 'AI regulation' → 17 entries, 28 kept so far
08:32:19  INFO     [BG] 'AI regulation' → 5 entries, 35 kept so far
08:32:19  INFO     [HR] 'AI regulation' → 100 entries, 118 kept so far
08:32:19  INFO     [IE] 'AI regulation' → 100 entries, 115 kept so far
08:32:20  INFO     [GR] 'machine learning' → 87 entries, 130 kept so far
08:32:20  INFO     [SK] 'machine learning' → 68 entries, 44 kept so far
08:32:20  INFO     [BG] 'machine learning' → 56 entries, 45 kept so far
08:32:21  INFO     [HR] 'machine learning' → 100 entries, 202 kept so far
08:32:21  INFO     [IE] 'machine learning' → 100 entries, 198 kept so far
08:32:21  INFO     [GR] 'EU AI Act' → 57 entries, 145 kept so far
08:32:22  INFO     [BG] 'EU AI Act' → 9 entries, 47 kept so far
08:32:22  INFO     [SK] 'EU AI Act' → 63 entries, 60 kept so far
08:32:22  INFO     [HR] 'EU AI Act' → 100 entries, 288 kept so far
08:32:23  INFO     [IE] 'EU AI Act' → 100 entries, 272 kept so far
08:32:23  INFO     [GR] 'generative AI' → 100 entries, 184 kept so far
08:32:23  INFO     [BG] 'generative AI' → 28 entries, 53 kept so far
08:32:23  INFO     [SK] 'generative AI' → 48 entries, 69 kept so far
08:32:24  INFO     [HR] 'generative AI' → 100 entries, 356 kept so far
08:32:24  INFO     [GR] +105 new articles saved
08:32:24  INFO     [BG] +29 new articles saved
08:32:24  INFO     [SK] +32 new articles saved
08:32:24  INFO     [IE] 'generative AI' → 100 entries, 340 kept so far
08:32:24  INFO     [LT] 'artificial intelligence' → 86 entries, 32 kept so far
08:32:24  INFO     [SI] 'artificial intelligence' → 100 entries, 46 kept so far
08:32:24  INFO     [LV] 'artificial intelligence' → 79 entries, 27 kept so far
08:32:25  INFO     [HR] +256 new articles saved
08:32:25  INFO     [EE] 'artificial intelligence' → 100 entries, 47 kept so far
08:32:25  INFO     [IE] +112 new articles saved
08:32:26  INFO     [LT] 'AI regulation' → 12 entries, 34 kept so far
08:32:26  INFO     [CY] 'artificial intelligence' → 100 entries, 47 kept so far
08:32:26  INFO     [SI] 'AI regulation' → 2 entries, 46 kept so far
08:32:26  INFO     [LV] 'AI regulation' → 5 entries, 27 kept so far
08:32:27  INFO     [EE] 'AI regulation' → 10 entries, 48 kept so far
08:32:27  INFO     [LT] 'machine learning' → 30 entries, 37 kept so far
08:32:27  INFO     [SI] 'machine learning' → 24 entries, 49 kept so far
08:32:27  INFO     [LV] 'machine learning' → 11 entries, 29 kept so far
08:32:27  INFO     [CY] 'AI regulation' → 60 entries, 97 kept so far
08:32:28  INFO     [EE] 'machine learning' → 9 entries, 51 kept so far
08:32:28  INFO     [LT] 'EU AI Act' → 20 entries, 38 kept so far
08:32:28  INFO     [LV] 'EU AI Act' → 9 entries, 29 kept so far
08:32:28  INFO     [SI] 'EU AI Act' → 26 entries, 53 kept so far
08:32:29  INFO     [CY] 'machine learning' → 87 entries, 130 kept so far
08:32:29  INFO     [EE] 'EU AI Act' → 17 entries, 53 kept so far
08:32:29  INFO     [LT] 'generative AI' → 26 entries, 46 kept so far
08:32:30  INFO     [LV] 'generative AI' → 8 entries, 31 kept so far
08:32:30  INFO     [SI] 'generative AI' → 14 entries, 58 kept so far
08:32:30  INFO     [CY] 'EU AI Act' → 57 entries, 145 kept so far
08:32:30  INFO     [LT] +14 new articles saved
08:32:31  INFO     [LV] +14 new articles saved
08:32:31  INFO     [EE] 'generative AI' → 12 entries, 56 kept so far
08:32:31  INFO     [SI] +19 new articles saved
08:32:31  INFO     [MT] 'artificial intelligence' → 100 entries, 69 kept so far
08:32:31  INFO     [LU] 'artificial intelligence' → 102 entries, 61 kept so far
08:32:32  INFO     [CY] 'generative AI' → 100 entries, 183 kept so far
08:32:32  INFO     [EE] +20 new articles saved
08:32:32  INFO     [MT] 'AI regulation' → 100 entries, 118 kept so far
08:32:33  INFO     [CY] +0 new articles saved
08:32:33  INFO     [LU] 'AI regulation' → 100 entries, 119 kept so far
08:32:33  INFO     [MT] 'machine learning' → 100 entries, 202 kept so far
08:32:34  INFO     [MT] 'EU AI Act' → 100 entries, 288 kept so far
08:32:34  INFO     [LU] 'machine learning' → 100 entries, 175 kept so far
08:32:35  INFO     [MT] 'generative AI' → 100 entries, 356 kept so far
08:32:36  INFO     [LU] 'EU AI Act' → 76 entries, 220 kept so far
08:32:36  INFO     [MT] +0 new articles saved
08:32:37  INFO     [LU] 'generative AI' → 100 entries, 250 kept so far
08:32:38  INFO     [LU] +0 new articles saved
08:32:38  INFO     Scrape complete. 1664 new articles this run.
