19:02:36  INFO     Starting scrape: 27 countries, 5 queries each
/home/runner/work/EU_AI_News/EU_AI_News/eu_ai_news_scraper.py:230: DeprecationWarning: datetime.datetime.utcnow() is deprecated and scheduled for removal in a future version. Use timezone-aware objects to represent datetimes in UTC: datetime.datetime.now(datetime.UTC).
  "scraped_at":   datetime.utcnow().isoformat(),
19:02:37  INFO     [DE] 'artificial intelligence' → 100 entries, 52 kept so far
19:02:37  INFO     [PL] 'artificial intelligence' → 100 entries, 28 kept so far
19:02:37  INFO     [FR] 'artificial intelligence' → 100 entries, 46 kept so far
19:02:37  INFO     [IT] 'artificial intelligence' → 100 entries, 34 kept so far
19:02:37  INFO     [ES] 'artificial intelligence' → 100 entries, 58 kept so far
19:02:39  INFO     [DE] 'AI regulation' → 98 entries, 132 kept so far
19:02:39  INFO     [FR] 'AI regulation' → 100 entries, 127 kept so far
19:02:39  INFO     [PL] 'AI regulation' → 100 entries, 89 kept so far
19:02:39  INFO     [ES] 'AI regulation' → 78 entries, 91 kept so far
19:02:39  INFO     [IT] 'AI regulation' → 100 entries, 118 kept so far
19:02:40  INFO     [DE] 'machine learning' → 100 entries, 183 kept so far
19:02:40  INFO     [FR] 'machine learning' → 100 entries, 183 kept so far
19:02:41  INFO     [ES] 'machine learning' → 100 entries, 159 kept so far
19:02:41  INFO     [PL] 'machine learning' → 100 entries, 125 kept so far
19:02:41  INFO     [IT] 'machine learning' → 100 entries, 183 kept so far
19:02:42  INFO     [DE] 'EU AI Act' → 100 entries, 255 kept so far
19:02:42  INFO     [FR] 'EU AI Act' → 94 entries, 236 kept so far
19:02:42  INFO     [ES] 'EU AI Act' → 77 entries, 189 kept so far
19:02:42  INFO     [PL] 'EU AI Act' → 77 entries, 149 kept so far
19:02:42  INFO     [IT] 'EU AI Act' → 100 entries, 261 kept so far
19:02:43  INFO     [DE] 'generative AI' → 100 entries, 279 kept so far
19:02:44  INFO     [FR] 'generative AI' → 100 entries, 265 kept so far
19:02:44  INFO     [ES] 'generative AI' → 100 entries, 228 kept so far
19:02:44  INFO     [PL] 'generative AI' → 100 entries, 183 kept so far
19:02:44  INFO     [IT] 'generative AI' → 100 entries, 300 kept so far
19:02:44  INFO     [DE] +170 new articles saved
19:02:45  INFO     [FR] +149 new articles saved
19:02:45  INFO     [NL] 'artificial intelligence' → 100 entries, 17 kept so far
19:02:45  INFO     [ES] +109 new articles saved
19:02:45  INFO     [PL] +108 new articles saved
19:02:45  INFO     [IT] +182 new articles saved
19:02:45  INFO     [BE] 'artificial intelligence' → 100 entries, 58 kept so far
19:02:45  INFO     [SE] 'artificial intelligence' → 100 entries, 7 kept so far
19:02:46  INFO     [AT] 'artificial intelligence' → 100 entries, 52 kept so far
19:02:46  INFO     [DK] 'artificial intelligence' → 100 entries, 13 kept so far
19:02:46  INFO     [NL] 'AI regulation' → 75 entries, 59 kept so far
19:02:47  INFO     [BE] 'AI regulation' → 100 entries, 144 kept so far
19:02:47  INFO     [SE] 'AI regulation' → 72 entries, 17 kept so far
19:02:47  INFO     [DK] 'AI regulation' → 36 entries, 19 kept so far
19:02:47  INFO     [AT] 'AI regulation' → 100 entries, 132 kept so far
19:02:48  INFO     [NL] 'machine learning' → 100 entries, 112 kept so far
19:02:48  INFO     [SE] 'machine learning' → 75 entries, 42 kept so far
19:02:49  INFO     [BE] 'machine learning' → 100 entries, 203 kept so far
19:02:49  INFO     [DK] 'machine learning' → 82 entries, 41 kept so far
19:02:49  INFO     [AT] 'machine learning' → 100 entries, 181 kept so far
19:02:49  INFO     [NL] 'EU AI Act' → 100 entries, 142 kept so far
19:02:50  INFO     [SE] 'EU AI Act' → 52 entries, 49 kept so far
19:02:50  INFO     [BE] 'EU AI Act' → 98 entries, 252 kept so far
19:02:50  INFO     [DK] 'EU AI Act' → 70 entries, 55 kept so far
19:02:51  INFO     [AT] 'EU AI Act' → 100 entries, 259 kept so far
19:02:51  INFO     [NL] 'generative AI' → 100 entries, 169 kept so far
19:02:51  INFO     [SE] 'generative AI' → 74 entries, 55 kept so far
19:02:52  INFO     [DK] 'generative AI' → 100 entries, 88 kept so far
19:02:52  INFO     [BE] 'generative AI' → 100 entries, 276 kept so far
19:02:52  INFO     [AT] 'generative AI' → 100 entries, 281 kept so far
19:02:52  INFO     [NL] +67 new articles saved
19:02:52  INFO     [SE] +14 new articles saved
19:02:53  INFO     [FI] 'artificial intelligence' → 100 entries, 66 kept so far
19:02:53  INFO     [DK] +27 new articles saved
19:02:53  INFO     [BE] +32 new articles saved
19:02:53  INFO     [PT] 'artificial intelligence' → 100 entries, 60 kept so far
19:02:53  INFO     [AT] +29 new articles saved
19:02:53  INFO     [CZ] 'artificial intelligence' → 100 entries, 15 kept so far
19:02:54  INFO     [RO] 'artificial intelligence' → 100 entries, 43 kept so far
19:02:54  INFO     [HU] 'artificial intelligence' → 100 entries, 15 kept so far
19:02:54  INFO     [FI] 'AI regulation' → 50 entries, 79 kept so far
19:02:55  INFO     [PT] 'AI regulation' → 68 entries, 97 kept so far
19:02:55  INFO     [CZ] 'AI regulation' → 76 entries, 34 kept so far
19:02:55  INFO     [RO] 'AI regulation' → 79 entries, 56 kept so far
19:02:55  INFO     [HU] 'AI regulation' → 79 entries, 19 kept so far
19:02:56  INFO     [FI] 'machine learning' → 100 entries, 111 kept so far
19:02:56  INFO     [PT] 'machine learning' → 100 entries, 171 kept so far
19:02:56  INFO     [CZ] 'machine learning' → 84 entries, 50 kept so far
19:02:57  INFO     [RO] 'machine learning' → 100 entries, 111 kept so far
19:02:57  INFO     [HU] 'machine learning' → 71 entries, 44 kept so far
19:02:58  INFO     [FI] 'EU AI Act' → 65 entries, 143 kept so far
19:02:58  INFO     [PT] 'EU AI Act' → 59 entries, 183 kept so far
19:02:58  INFO     [CZ] 'EU AI Act' → 75 entries, 58 kept so far
19:02:58  INFO     [RO] 'EU AI Act' → 78 entries, 136 kept so far
19:02:58  INFO     [HU] 'EU AI Act' → 76 entries, 71 kept so far
19:02:59  INFO     [FI] 'generative AI' → 55 entries, 177 kept so far
19:03:00  INFO     [PT] 'generative AI' → 100 entries, 211 kept so far
19:03:00  INFO     [CZ] 'generative AI' → 91 entries, 81 kept so far
19:03:00  INFO     [HU] 'generative AI' → 73 entries, 97 kept so far
19:03:00  INFO     [RO] 'generative AI' → 83 entries, 164 kept so far
19:03:00  INFO     [FI] +85 new articles saved
19:03:01  INFO     [PT] +119 new articles saved
19:03:01  INFO     [GR] 'artificial intelligence' → 100 entries, 47 kept so far
19:03:01  INFO     [CZ] +44 new articles saved
19:03:01  INFO     [HU] +52 new articles saved
19:03:01  INFO     [RO] +92 new articles saved
19:03:01  INFO     [SK] 'artificial intelligence' → 100 entries, 22 kept so far
19:03:01  INFO     [HR] 'artificial intelligence' → 100 entries, 55 kept so far
19:03:01  INFO     [BG] 'artificial intelligence' → 83 entries, 41 kept so far
19:03:01  INFO     [IE] 'artificial intelligence' → 100 entries, 52 kept so far
19:03:02  INFO     [GR] 'AI regulation' → 64 entries, 102 kept so far
19:03:03  INFO     [SK] 'AI regulation' → 20 entries, 25 kept so far
19:03:03  INFO     [BG] 'AI regulation' → 8 entries, 42 kept so far
19:03:03  INFO     [HR] 'AI regulation' → 100 entries, 86 kept so far
19:03:03  INFO     [IE] 'AI regulation' → 100 entries, 86 kept so far
19:03:04  INFO     [GR] 'machine learning' → 98 entries, 133 kept so far
19:03:04  INFO     [BG] 'machine learning' → 57 entries, 49 kept so far
19:03:04  INFO     [SK] 'machine learning' → 58 entries, 37 kept so far
19:03:04  INFO     [HR] 'machine learning' → 100 entries, 151 kept so far
19:03:05  INFO     [IE] 'machine learning' → 100 entries, 153 kept so far
19:03:05  INFO     [BG] 'EU AI Act' → 18 entries, 53 kept so far
19:03:05  INFO     [GR] 'EU AI Act' → 57 entries, 149 kept so far
19:03:06  INFO     [SK] 'EU AI Act' → 67 entries, 52 kept so far
19:03:06  INFO     [HR] 'EU AI Act' → 100 entries, 225 kept so far
19:03:07  INFO     [IE] 'EU AI Act' → 100 entries, 225 kept so far
19:03:07  INFO     [BG] 'generative AI' → 30 entries, 57 kept so far
19:03:07  INFO     [GR] 'generative AI' → 100 entries, 192 kept so far
19:03:07  INFO     [SK] 'generative AI' → 40 entries, 59 kept so far
19:03:07  INFO     [HR] 'generative AI' → 100 entries, 287 kept so far
19:03:08  INFO     [BG] +32 new articles saved
19:03:08  INFO     [GR] +116 new articles saved
19:03:08  INFO     [SK] +28 new articles saved
19:03:08  INFO     [LT] 'artificial intelligence' → 78 entries, 27 kept so far
19:03:08  INFO     [IE] 'generative AI' → 100 entries, 281 kept so far
19:03:08  INFO     [HR] +254 new articles saved
19:03:08  INFO     [LV] 'artificial intelligence' → 66 entries, 20 kept so far
19:03:09  INFO     [SI] 'artificial intelligence' → 99 entries, 48 kept so far
19:03:09  INFO     [EE] 'artificial intelligence' → 100 entries, 44 kept so far
19:03:09  INFO     [IE] +75 new articles saved
19:03:10  INFO     [LT] 'AI regulation' → 7 entries, 27 kept so far
19:03:10  INFO     [LV] 'AI regulation' → 9 entries, 20 kept so far
19:03:10  INFO     [SI] 'AI regulation' → 6 entries, 48 kept so far
19:03:10  INFO     [CY] 'artificial intelligence' → 100 entries, 46 kept so far
19:03:10  INFO     [EE] 'AI regulation' → 6 entries, 45 kept so far
19:03:11  INFO     [LV] 'machine learning' → 11 entries, 22 kept so far
19:03:11  INFO     [LT] 'machine learning' → 29 entries, 31 kept so far
19:03:11  INFO     [SI] 'machine learning' → 22 entries, 51 kept so far
19:03:11  INFO     [CY] 'AI regulation' → 64 entries, 101 kept so far
19:03:12  INFO     [EE] 'machine learning' → 18 entries, 49 kept so far
19:03:12  INFO     [LV] 'EU AI Act' → 9 entries, 22 kept so far
19:03:13  INFO     [LT] 'EU AI Act' → 22 entries, 32 kept so far
19:03:13  INFO     [SI] 'EU AI Act' → 33 entries, 57 kept so far
19:03:13  INFO     [CY] 'machine learning' → 98 entries, 132 kept so far
19:03:13  INFO     [EE] 'EU AI Act' → 18 entries, 51 kept so far
19:03:14  INFO     [LV] 'generative AI' → 9 entries, 25 kept so far
19:03:14  INFO     [LT] 'generative AI' → 22 entries, 40 kept so far
19:03:14  INFO     [SI] 'generative AI' → 13 entries, 58 kept so far
19:03:14  INFO     [CY] 'EU AI Act' → 57 entries, 148 kept so far
19:03:14  INFO     [EE] 'generative AI' → 10 entries, 52 kept so far
19:03:15  INFO     [LV] +10 new articles saved
19:03:15  INFO     [LT] +12 new articles saved
19:03:15  INFO     [MT] 'artificial intelligence' → 100 entries, 55 kept so far
19:03:15  INFO     [LU] 'artificial intelligence' → 100 entries, 46 kept so far
19:03:15  INFO     [SI] +21 new articles saved
19:03:15  INFO     [EE] +20 new articles saved
19:03:16  INFO     [CY] 'generative AI' → 100 entries, 191 kept so far
19:03:16  INFO     [MT] 'AI regulation' → 100 entries, 86 kept so far
19:03:17  INFO     [LU] 'AI regulation' → 100 entries, 127 kept so far
19:03:17  INFO     [CY] +0 new articles saved
19:03:17  INFO     [MT] 'machine learning' → 100 entries, 151 kept so far
19:03:18  INFO     [LU] 'machine learning' → 100 entries, 184 kept so far
19:03:18  INFO     [MT] 'EU AI Act' → 100 entries, 225 kept so far
19:03:20  INFO     [MT] 'generative AI' → 100 entries, 287 kept so far
19:03:20  INFO     [LU] 'EU AI Act' → 94 entries, 237 kept so far
19:03:21  INFO     [MT] +0 new articles saved
19:03:21  INFO     [LU] 'generative AI' → 100 entries, 266 kept so far
19:03:22  INFO     [LU] +0 new articles saved
19:03:22  INFO     Scrape complete. 1847 new articles this run.
