12:53:47  INFO     Starting scrape: 27 countries, 5 queries each
/home/runner/work/EU_AI_News/EU_AI_News/eu_ai_news_scraper.py:230: DeprecationWarning: datetime.datetime.utcnow() is deprecated and scheduled for removal in a future version. Use timezone-aware objects to represent datetimes in UTC: datetime.datetime.now(datetime.UTC).
  "scraped_at":   datetime.utcnow().isoformat(),
12:53:48  INFO     [PL] 'artificial intelligence' → 100 entries, 19 kept so far
12:53:48  INFO     [FR] 'artificial intelligence' → 100 entries, 37 kept so far
12:53:48  INFO     [ES] 'artificial intelligence' → 100 entries, 63 kept so far
12:53:48  INFO     [IT] 'artificial intelligence' → 100 entries, 36 kept so far
12:53:48  INFO     [DE] 'artificial intelligence' → 100 entries, 53 kept so far
12:53:49  INFO     [PL] 'AI regulation' → 100 entries, 93 kept so far
12:53:49  INFO     [FR] 'AI regulation' → 100 entries, 121 kept so far
12:53:50  INFO     [ES] 'AI regulation' → 82 entries, 119 kept so far
12:53:50  INFO     [DE] 'AI regulation' → 100 entries, 131 kept so far
12:53:50  INFO     [IT] 'AI regulation' → 100 entries, 127 kept so far
12:53:51  INFO     [PL] 'machine learning' → 100 entries, 134 kept so far
12:53:51  INFO     [FR] 'machine learning' → 100 entries, 173 kept so far
12:53:51  INFO     [DE] 'machine learning' → 100 entries, 184 kept so far
12:53:51  INFO     [IT] 'machine learning' → 100 entries, 206 kept so far
12:53:51  INFO     [ES] 'machine learning' → 100 entries, 193 kept so far
12:53:53  INFO     [PL] 'EU AI Act' → 77 entries, 164 kept so far
12:53:53  INFO     [FR] 'EU AI Act' → 88 entries, 227 kept so far
12:53:53  INFO     [DE] 'EU AI Act' → 100 entries, 250 kept so far
12:53:53  INFO     [IT] 'EU AI Act' → 100 entries, 288 kept so far
12:53:53  INFO     [ES] 'EU AI Act' → 77 entries, 218 kept so far
12:53:54  INFO     [PL] 'generative AI' → 100 entries, 198 kept so far
12:53:54  INFO     [FR] 'generative AI' → 100 entries, 257 kept so far
12:53:54  INFO     [DE] 'generative AI' → 100 entries, 275 kept so far
12:53:55  INFO     [IT] 'generative AI' → 100 entries, 326 kept so far
12:53:55  INFO     [ES] 'generative AI' → 100 entries, 262 kept so far
12:53:55  INFO     [PL] +128 new articles saved
12:53:55  INFO     [FR] +148 new articles saved
12:53:55  INFO     [DE] +209 new articles saved
12:53:56  INFO     [IT] +214 new articles saved
12:53:56  INFO     [NL] 'artificial intelligence' → 100 entries, 14 kept so far
12:53:56  INFO     [ES] +152 new articles saved
12:53:56  INFO     [BE] 'artificial intelligence' → 100 entries, 48 kept so far
12:53:56  INFO     [SE] 'artificial intelligence' → 100 entries, 9 kept so far
12:53:56  INFO     [AT] 'artificial intelligence' → 100 entries, 48 kept so far
12:53:56  INFO     [DK] 'artificial intelligence' → 100 entries, 22 kept so far
12:53:57  INFO     [NL] 'AI regulation' → 78 entries, 66 kept so far
12:53:58  INFO     [SE] 'AI regulation' → 70 entries, 24 kept so far
12:53:58  INFO     [BE] 'AI regulation' → 100 entries, 126 kept so far
12:53:58  INFO     [AT] 'AI regulation' → 100 entries, 127 kept so far
12:53:58  INFO     [DK] 'AI regulation' → 47 entries, 36 kept so far
12:53:59  INFO     [NL] 'machine learning' → 100 entries, 126 kept so far
12:53:59  INFO     [SE] 'machine learning' → 71 entries, 42 kept so far
12:53:59  INFO     [BE] 'machine learning' → 100 entries, 178 kept so far
12:54:00  INFO     [AT] 'machine learning' → 100 entries, 182 kept so far
12:54:00  INFO     [DK] 'machine learning' → 70 entries, 49 kept so far
12:54:01  INFO     [NL] 'EU AI Act' → 100 entries, 154 kept so far
12:54:01  INFO     [SE] 'EU AI Act' → 68 entries, 46 kept so far
12:54:01  INFO     [BE] 'EU AI Act' → 91 entries, 228 kept so far
12:54:01  INFO     [AT] 'EU AI Act' → 100 entries, 257 kept so far
12:54:01  INFO     [DK] 'EU AI Act' → 77 entries, 64 kept so far
12:54:02  INFO     [NL] 'generative AI' → 100 entries, 182 kept so far
12:54:02  INFO     [SE] 'generative AI' → 70 entries, 56 kept so far
12:54:03  INFO     [BE] 'generative AI' → 100 entries, 253 kept so far
12:54:03  INFO     [AT] 'generative AI' → 100 entries, 282 kept so far
12:54:03  INFO     [DK] 'generative AI' → 89 entries, 89 kept so far
12:54:03  INFO     [NL] +89 new articles saved
12:54:03  INFO     [SE] +21 new articles saved
12:54:04  INFO     [FI] 'artificial intelligence' → 100 entries, 63 kept so far
12:54:04  INFO     [PT] 'artificial intelligence' → 100 entries, 59 kept so far
12:54:04  INFO     [BE] +22 new articles saved
12:54:04  INFO     [AT] +54 new articles saved
12:54:04  INFO     [DK] +39 new articles saved
12:54:04  INFO     [RO] 'artificial intelligence' → 100 entries, 44 kept so far
12:54:04  INFO     [CZ] 'artificial intelligence' → 100 entries, 19 kept so far
12:54:04  INFO     [HU] 'artificial intelligence' → 100 entries, 17 kept so far
12:54:05  INFO     [FI] 'AI regulation' → 56 entries, 80 kept so far
12:54:06  INFO     [PT] 'AI regulation' → 95 entries, 119 kept so far
12:54:06  INFO     [RO] 'AI regulation' → 78 entries, 54 kept so far
12:54:06  INFO     [CZ] 'AI regulation' → 77 entries, 49 kept so far
12:54:06  INFO     [HU] 'AI regulation' → 77 entries, 22 kept so far
12:54:07  INFO     [FI] 'machine learning' → 82 entries, 116 kept so far
12:54:08  INFO     [CZ] 'machine learning' → 81 entries, 67 kept so far
12:54:08  INFO     [RO] 'machine learning' → 100 entries, 106 kept so far
12:54:08  INFO     [HU] 'machine learning' → 72 entries, 50 kept so far
12:54:08  INFO     [PT] 'machine learning' → 100 entries, 195 kept so far
12:54:09  INFO     [FI] 'EU AI Act' → 66 entries, 148 kept so far
12:54:09  INFO     [CZ] 'EU AI Act' → 76 entries, 81 kept so far
12:54:09  INFO     [RO] 'EU AI Act' → 76 entries, 130 kept so far
12:54:09  INFO     [HU] 'EU AI Act' → 72 entries, 71 kept so far
12:54:10  INFO     [PT] 'EU AI Act' → 57 entries, 203 kept so far
12:54:10  INFO     [FI] 'generative AI' → 50 entries, 181 kept so far
12:54:11  INFO     [RO] 'generative AI' → 88 entries, 151 kept so far
12:54:11  INFO     [CZ] 'generative AI' → 82 entries, 99 kept so far
12:54:11  INFO     [HU] 'generative AI' → 74 entries, 95 kept so far
12:54:11  INFO     [PT] 'generative AI' → 91 entries, 239 kept so far
12:54:11  INFO     [FI] +93 new articles saved
12:54:12  INFO     [RO] +78 new articles saved
12:54:12  INFO     [CZ] +68 new articles saved
12:54:12  INFO     [HU] +52 new articles saved
12:54:12  INFO     [GR] 'artificial intelligence' → 100 entries, 39 kept so far
12:54:12  INFO     [SK] 'artificial intelligence' → 100 entries, 22 kept so far
12:54:12  INFO     [PT] +162 new articles saved
12:54:12  INFO     [HR] 'artificial intelligence' → 100 entries, 46 kept so far
12:54:13  INFO     [IE] 'artificial intelligence' → 100 entries, 40 kept so far
12:54:13  INFO     [BG] 'artificial intelligence' → 78 entries, 36 kept so far
12:54:14  INFO     [GR] 'AI regulation' → 62 entries, 95 kept so far
12:54:14  INFO     [SK] 'AI regulation' → 22 entries, 23 kept so far
12:54:14  INFO     [BG] 'AI regulation' → 12 entries, 38 kept so far
12:54:14  INFO     [HR] 'AI regulation' → 100 entries, 94 kept so far
12:54:14  INFO     [IE] 'AI regulation' → 100 entries, 79 kept so far
12:54:15  INFO     [GR] 'machine learning' → 97 entries, 131 kept so far
12:54:15  INFO     [SK] 'machine learning' → 58 entries, 36 kept so far
12:54:16  INFO     [BG] 'machine learning' → 52 entries, 48 kept so far
12:54:16  INFO     [HR] 'machine learning' → 100 entries, 156 kept so far
12:54:16  INFO     [IE] 'machine learning' → 100 entries, 140 kept so far
12:54:17  INFO     [GR] 'EU AI Act' → 62 entries, 151 kept so far
12:54:17  INFO     [SK] 'EU AI Act' → 57 entries, 47 kept so far
12:54:17  INFO     [BG] 'EU AI Act' → 15 entries, 50 kept so far
12:54:18  INFO     [HR] 'EU AI Act' → 100 entries, 241 kept so far
12:54:18  INFO     [IE] 'EU AI Act' → 100 entries, 212 kept so far
12:54:18  INFO     [SK] 'generative AI' → 41 entries, 56 kept so far
12:54:18  INFO     [GR] 'generative AI' → 100 entries, 193 kept so far
12:54:19  INFO     [BG] 'generative AI' → 25 entries, 54 kept so far
12:54:19  INFO     [HR] 'generative AI' → 100 entries, 306 kept so far
12:54:19  INFO     [SK] +29 new articles saved
12:54:20  INFO     [GR] +127 new articles saved
12:54:20  INFO     [IE] 'generative AI' → 100 entries, 267 kept so far
12:54:20  INFO     [BG] +26 new articles saved
12:54:20  INFO     [LT] 'artificial intelligence' → 88 entries, 23 kept so far
12:54:20  INFO     [SI] 'artificial intelligence' → 95 entries, 45 kept so far
12:54:20  INFO     [LV] 'artificial intelligence' → 63 entries, 20 kept so far
12:54:20  INFO     [HR] +260 new articles saved
12:54:21  INFO     [IE] +90 new articles saved
12:54:21  INFO     [EE] 'artificial intelligence' → 100 entries, 42 kept so far
12:54:21  INFO     [CY] 'artificial intelligence' → 100 entries, 39 kept so far
12:54:21  INFO     [LT] 'AI regulation' → 17 entries, 24 kept so far
12:54:21  INFO     [SI] 'AI regulation' → 11 entries, 45 kept so far
12:54:21  INFO     [LV] 'AI regulation' → 7 entries, 20 kept so far
12:54:22  INFO     [EE] 'AI regulation' → 7 entries, 42 kept so far
12:54:23  INFO     [LT] 'machine learning' → 30 entries, 28 kept so far
12:54:23  INFO     [SI] 'machine learning' → 20 entries, 48 kept so far
12:54:23  INFO     [LV] 'machine learning' → 8 entries, 22 kept so far
12:54:23  INFO     [CY] 'AI regulation' → 62 entries, 95 kept so far
12:54:24  INFO     [EE] 'machine learning' → 22 entries, 43 kept so far
12:54:24  INFO     [LV] 'EU AI Act' → 4 entries, 22 kept so far
12:54:24  INFO     [LT] 'EU AI Act' → 21 entries, 29 kept so far
12:54:24  INFO     [SI] 'EU AI Act' → 20 entries, 51 kept so far
12:54:24  INFO     [CY] 'machine learning' → 97 entries, 131 kept so far
12:54:25  INFO     [LV] 'generative AI' → 9 entries, 24 kept so far
12:54:25  INFO     [EE] 'EU AI Act' → 16 entries, 44 kept so far
12:54:25  INFO     [LT] 'generative AI' → 21 entries, 36 kept so far
12:54:26  INFO     [SI] 'generative AI' → 12 entries, 53 kept so far
12:54:26  INFO     [CY] 'EU AI Act' → 63 entries, 152 kept so far
12:54:26  INFO     [LV] +12 new articles saved
12:54:26  INFO     [LT] +13 new articles saved
12:54:27  INFO     [SI] +22 new articles saved
12:54:27  INFO     [MT] 'artificial intelligence' → 100 entries, 46 kept so far
12:54:27  INFO     [EE] 'generative AI' → 11 entries, 47 kept so far
12:54:27  INFO     [LU] 'artificial intelligence' → 100 entries, 36 kept so far
12:54:28  INFO     [CY] 'generative AI' → 100 entries, 193 kept so far
12:54:28  INFO     [EE] +25 new articles saved
12:54:28  INFO     [MT] 'AI regulation' → 100 entries, 94 kept so far
12:54:29  INFO     [CY] +2 new articles saved
12:54:29  INFO     [LU] 'AI regulation' → 100 entries, 120 kept so far
12:54:29  INFO     [MT] 'machine learning' → 100 entries, 156 kept so far
12:54:31  INFO     [LU] 'machine learning' → 100 entries, 173 kept so far
12:54:31  INFO     [MT] 'EU AI Act' → 100 entries, 241 kept so far
12:54:32  INFO     [MT] 'generative AI' → 100 entries, 306 kept so far
12:54:32  INFO     [LU] 'EU AI Act' → 87 entries, 225 kept so far
12:54:33  INFO     [MT] +0 new articles saved
12:54:34  INFO     [LU] 'generative AI' → 100 entries, 255 kept so far
12:54:35  INFO     [LU] +1 new articles saved
12:54:35  INFO     Scrape complete. 2136 new articles this run.
