02:53:12  INFO     Starting scrape: 27 countries, 5 queries each
/home/runner/work/EU_AI_News/EU_AI_News/eu_ai_news_scraper.py:230: DeprecationWarning: datetime.datetime.utcnow() is deprecated and scheduled for removal in a future version. Use timezone-aware objects to represent datetimes in UTC: datetime.datetime.now(datetime.UTC).
  "scraped_at":   datetime.utcnow().isoformat(),
02:53:13  INFO     [FR] 'artificial intelligence' → 98 entries, 48 kept so far
02:53:13  INFO     [DE] 'artificial intelligence' → 100 entries, 50 kept so far
02:53:13  INFO     [IT] 'artificial intelligence' → 100 entries, 43 kept so far
02:53:13  INFO     [PL] 'artificial intelligence' → 100 entries, 30 kept so far
02:53:13  INFO     [ES] 'artificial intelligence' → 100 entries, 62 kept so far
02:53:14  INFO     [DE] 'AI regulation' → 95 entries, 127 kept so far
02:53:14  INFO     [FR] 'AI regulation' → 100 entries, 128 kept so far
02:53:15  INFO     [IT] 'AI regulation' → 100 entries, 124 kept so far
02:53:15  INFO     [PL] 'AI regulation' → 100 entries, 90 kept so far
02:53:15  INFO     [ES] 'AI regulation' → 77 entries, 100 kept so far
02:53:16  INFO     [DE] 'machine learning' → 100 entries, 174 kept so far
02:53:16  INFO     [FR] 'machine learning' → 100 entries, 180 kept so far
02:53:16  INFO     [PL] 'machine learning' → 100 entries, 129 kept so far
02:53:16  INFO     [ES] 'machine learning' → 100 entries, 175 kept so far
02:53:16  INFO     [IT] 'machine learning' → 100 entries, 202 kept so far
02:53:18  INFO     [FR] 'EU AI Act' → 86 entries, 231 kept so far
02:53:18  INFO     [DE] 'EU AI Act' → 100 entries, 242 kept so far
02:53:18  INFO     [PL] 'EU AI Act' → 74 entries, 146 kept so far
02:53:18  INFO     [ES] 'EU AI Act' → 75 entries, 203 kept so far
02:53:18  INFO     [IT] 'EU AI Act' → 100 entries, 277 kept so far
02:53:19  INFO     [FR] 'generative AI' → 100 entries, 263 kept so far
02:53:19  INFO     [PL] 'generative AI' → 100 entries, 182 kept so far
02:53:19  INFO     [DE] 'generative AI' → 100 entries, 262 kept so far
02:53:19  INFO     [ES] 'generative AI' → 100 entries, 245 kept so far
02:53:20  INFO     [IT] 'generative AI' → 100 entries, 314 kept so far
02:53:20  INFO     [FR] +141 new articles saved
02:53:20  INFO     [PL] +102 new articles saved
02:53:20  INFO     [DE] +148 new articles saved
02:53:20  INFO     [ES] +121 new articles saved
02:53:21  INFO     [IT] +191 new articles saved
02:53:21  INFO     [NL] 'artificial intelligence' → 100 entries, 14 kept so far
02:53:21  INFO     [SE] 'artificial intelligence' → 100 entries, 8 kept so far
02:53:21  INFO     [BE] 'artificial intelligence' → 100 entries, 62 kept so far
02:53:21  INFO     [AT] 'artificial intelligence' → 100 entries, 53 kept so far
02:53:21  INFO     [DK] 'artificial intelligence' → 100 entries, 11 kept so far
02:53:22  INFO     [NL] 'AI regulation' → 74 entries, 51 kept so far
02:53:22  INFO     [SE] 'AI regulation' → 73 entries, 22 kept so far
02:53:22  INFO     [BE] 'AI regulation' → 100 entries, 145 kept so far
02:53:23  INFO     [AT] 'AI regulation' → 99 entries, 131 kept so far
02:53:23  INFO     [DK] 'AI regulation' → 38 entries, 19 kept so far
02:53:24  INFO     [NL] 'machine learning' → 100 entries, 106 kept so far
02:53:24  INFO     [BE] 'machine learning' → 100 entries, 198 kept so far
02:53:24  INFO     [SE] 'machine learning' → 73 entries, 47 kept so far
02:53:24  INFO     [AT] 'machine learning' → 100 entries, 182 kept so far
02:53:24  INFO     [DK] 'machine learning' → 84 entries, 42 kept so far
02:53:26  INFO     [NL] 'EU AI Act' → 100 entries, 133 kept so far
02:53:26  INFO     [BE] 'EU AI Act' → 87 entries, 241 kept so far
02:53:26  INFO     [SE] 'EU AI Act' → 67 entries, 55 kept so far
02:53:26  INFO     [DK] 'EU AI Act' → 70 entries, 54 kept so far
02:53:26  INFO     [AT] 'EU AI Act' → 100 entries, 253 kept so far
02:53:27  INFO     [NL] 'generative AI' → 100 entries, 159 kept so far
02:53:27  INFO     [SE] 'generative AI' → 75 entries, 64 kept so far
02:53:27  INFO     [BE] 'generative AI' → 100 entries, 269 kept so far
02:53:28  INFO     [DK] 'generative AI' → 100 entries, 87 kept so far
02:53:28  INFO     [AT] 'generative AI' → 100 entries, 272 kept so far
02:53:28  INFO     [NL] +60 new articles saved
02:53:28  INFO     [SE] +19 new articles saved
02:53:28  INFO     [BE] +27 new articles saved
02:53:29  INFO     [DK] +27 new articles saved
02:53:29  INFO     [AT] +43 new articles saved
02:53:29  INFO     [FI] 'artificial intelligence' → 100 entries, 55 kept so far
02:53:29  INFO     [RO] 'artificial intelligence' → 100 entries, 45 kept so far
02:53:29  INFO     [HU] 'artificial intelligence' → 100 entries, 23 kept so far
02:53:29  INFO     [PT] 'artificial intelligence' → 100 entries, 66 kept so far
02:53:29  INFO     [CZ] 'artificial intelligence' → 100 entries, 22 kept so far
02:53:30  INFO     [FI] 'AI regulation' → 50 entries, 69 kept so far
02:53:31  INFO     [RO] 'AI regulation' → 79 entries, 58 kept so far
02:53:31  INFO     [HU] 'AI regulation' → 79 entries, 28 kept so far
02:53:31  INFO     [CZ] 'AI regulation' → 76 entries, 43 kept so far
02:53:31  INFO     [PT] 'AI regulation' → 77 entries, 100 kept so far
02:53:32  INFO     [FI] 'machine learning' → 91 entries, 108 kept so far
02:53:32  INFO     [RO] 'machine learning' → 100 entries, 108 kept so far
02:53:32  INFO     [HU] 'machine learning' → 74 entries, 51 kept so far
02:53:32  INFO     [CZ] 'machine learning' → 81 entries, 63 kept so far
02:53:32  INFO     [PT] 'machine learning' → 100 entries, 178 kept so far
02:53:33  INFO     [FI] 'EU AI Act' → 70 entries, 146 kept so far
02:53:34  INFO     [RO] 'EU AI Act' → 78 entries, 138 kept so far
02:53:34  INFO     [CZ] 'EU AI Act' → 73 entries, 70 kept so far
02:53:34  INFO     [HU] 'EU AI Act' → 75 entries, 72 kept so far
02:53:34  INFO     [PT] 'EU AI Act' → 59 entries, 187 kept so far
02:53:35  INFO     [FI] 'generative AI' → 63 entries, 185 kept so far
02:53:35  INFO     [RO] 'generative AI' → 89 entries, 165 kept so far
02:53:35  INFO     [HU] 'generative AI' → 73 entries, 95 kept so far
02:53:35  INFO     [CZ] 'generative AI' → 87 entries, 89 kept so far
02:53:36  INFO     [PT] 'generative AI' → 100 entries, 214 kept so far
02:53:36  INFO     [FI] +100 new articles saved
02:53:36  INFO     [RO] +90 new articles saved
02:53:36  INFO     [HU] +50 new articles saved
02:53:36  INFO     [CZ] +53 new articles saved
02:53:36  INFO     [GR] 'artificial intelligence' → 100 entries, 46 kept so far
02:53:36  INFO     [HR] 'artificial intelligence' → 102 entries, 46 kept so far
02:53:37  INFO     [SK] 'artificial intelligence' → 100 entries, 20 kept so far
02:53:37  INFO     [PT] +105 new articles saved
02:53:37  INFO     [IE] 'artificial intelligence' → 100 entries, 47 kept so far
02:53:37  INFO     [BG] 'artificial intelligence' → 85 entries, 35 kept so far
02:53:38  INFO     [GR] 'AI regulation' → 62 entries, 101 kept so far
02:53:38  INFO     [HR] 'AI regulation' → 100 entries, 92 kept so far
02:53:38  INFO     [SK] 'AI regulation' → 21 entries, 24 kept so far
02:53:38  INFO     [BG] 'AI regulation' → 12 entries, 36 kept so far
02:53:39  INFO     [IE] 'AI regulation' → 100 entries, 81 kept so far
02:53:39  INFO     [GR] 'machine learning' → 94 entries, 134 kept so far
02:53:39  INFO     [SK] 'machine learning' → 58 entries, 40 kept so far
02:53:39  INFO     [HR] 'machine learning' → 100 entries, 167 kept so far
02:53:40  INFO     [BG] 'machine learning' → 59 entries, 43 kept so far
02:53:40  INFO     [IE] 'machine learning' → 100 entries, 152 kept so far
02:53:41  INFO     [GR] 'EU AI Act' → 55 entries, 152 kept so far
02:53:41  INFO     [SK] 'EU AI Act' → 71 entries, 55 kept so far
02:53:41  INFO     [HR] 'EU AI Act' → 96 entries, 233 kept so far
02:53:41  INFO     [BG] 'EU AI Act' → 17 entries, 47 kept so far
02:53:42  INFO     [IE] 'EU AI Act' → 100 entries, 217 kept so far
02:53:42  INFO     [SK] 'generative AI' → 48 entries, 63 kept so far
02:53:42  INFO     [GR] 'generative AI' → 100 entries, 196 kept so far
02:53:42  INFO     [BG] 'generative AI' → 41 entries, 52 kept so far
02:53:43  INFO     [HR] 'generative AI' → 100 entries, 276 kept so far
02:53:43  INFO     [SK] +25 new articles saved
02:53:43  INFO     [IE] 'generative AI' → 100 entries, 264 kept so far
02:53:43  INFO     [GR] +122 new articles saved
02:53:43  INFO     [BG] +28 new articles saved
02:53:44  INFO     [HR] +237 new articles saved
02:53:44  INFO     [LT] 'artificial intelligence' → 85 entries, 32 kept so far
02:53:44  INFO     [SI] 'artificial intelligence' → 100 entries, 51 kept so far
02:53:44  INFO     [LV] 'artificial intelligence' → 72 entries, 23 kept so far
02:53:44  INFO     [EE] 'artificial intelligence' → 100 entries, 42 kept so far
02:53:44  INFO     [IE] +69 new articles saved
02:53:45  INFO     [CY] 'artificial intelligence' → 100 entries, 47 kept so far
02:53:45  INFO     [LT] 'AI regulation' → 8 entries, 32 kept so far
02:53:45  INFO     [SI] 'AI regulation' → 5 entries, 51 kept so far
02:53:45  INFO     [LV] 'AI regulation' → 10 entries, 23 kept so far
02:53:45  INFO     [EE] 'AI regulation' → 9 entries, 44 kept so far
02:53:46  INFO     [LT] 'machine learning' → 30 entries, 35 kept so far
02:53:46  INFO     [SI] 'machine learning' → 23 entries, 54 kept so far
02:53:46  INFO     [CY] 'AI regulation' → 62 entries, 102 kept so far
02:53:46  INFO     [LV] 'machine learning' → 10 entries, 25 kept so far
02:53:47  INFO     [EE] 'machine learning' → 13 entries, 46 kept so far
02:53:48  INFO     [LT] 'EU AI Act' → 21 entries, 36 kept so far
02:53:48  INFO     [SI] 'EU AI Act' → 41 entries, 62 kept so far
02:53:48  INFO     [LV] 'EU AI Act' → 8 entries, 25 kept so far
02:53:48  INFO     [CY] 'machine learning' → 96 entries, 136 kept so far
02:53:48  INFO     [EE] 'EU AI Act' → 16 entries, 47 kept so far
02:53:49  INFO     [LT] 'generative AI' → 24 entries, 44 kept so far
02:53:49  INFO     [SI] 'generative AI' → 13 entries, 63 kept so far
02:53:49  INFO     [LV] 'generative AI' → 9 entries, 28 kept so far
02:53:49  INFO     [EE] 'generative AI' → 13 entries, 51 kept so far
02:53:49  INFO     [CY] 'EU AI Act' → 57 entries, 154 kept so far
02:53:50  INFO     [LT] +15 new articles saved
02:53:50  INFO     [SI] +23 new articles saved
02:53:50  INFO     [LV] +12 new articles saved
02:53:50  INFO     [MT] 'artificial intelligence' → 102 entries, 46 kept so far
02:53:50  INFO     [LU] 'artificial intelligence' → 98 entries, 48 kept so far
02:53:50  INFO     [EE] +18 new articles saved
02:53:51  INFO     [CY] 'generative AI' → 100 entries, 199 kept so far
02:53:51  INFO     [MT] 'AI regulation' → 100 entries, 92 kept so far
02:53:52  INFO     [LU] 'AI regulation' → 100 entries, 127 kept so far
02:53:52  INFO     [CY] +3 new articles saved
02:53:53  INFO     [LU] 'machine learning' → 100 entries, 179 kept so far
02:53:55  INFO     [LU] 'EU AI Act' → 85 entries, 228 kept so far
02:53:57  INFO     [LU] 'generative AI' → 100 entries, 260 kept so far
02:53:58  INFO     [LU] +1 new articles saved
02:54:03  INFO     [MT] 'machine learning' → 100 entries, 167 kept so far
02:54:05  INFO     [MT] 'EU AI Act' → 96 entries, 233 kept so far
02:54:06  INFO     [MT] 'generative AI' → 100 entries, 276 kept so far
02:54:07  INFO     [MT] +0 new articles saved
02:54:07  INFO     Scrape complete. 1830 new articles this run.
