11:35:21  INFO     Starting scrape: 27 countries, 5 queries each
/home/runner/work/EU_AI_News/EU_AI_News/eu_ai_news_scraper.py:230: DeprecationWarning: datetime.datetime.utcnow() is deprecated and scheduled for removal in a future version. Use timezone-aware objects to represent datetimes in UTC: datetime.datetime.now(datetime.UTC).
  "scraped_at":   datetime.utcnow().isoformat(),
11:35:21  INFO     [DE] 'artificial intelligence' → 100 entries, 47 kept so far
11:35:21  INFO     [FR] 'artificial intelligence' → 100 entries, 56 kept so far
11:35:21  INFO     [IT] 'artificial intelligence' → 100 entries, 37 kept so far
11:35:22  INFO     [PL] 'artificial intelligence' → 100 entries, 13 kept so far
11:35:22  INFO     [ES] 'artificial intelligence' → 100 entries, 65 kept so far
11:35:23  INFO     [DE] 'AI regulation' → 100 entries, 98 kept so far
11:35:23  INFO     [FR] 'AI regulation' → 100 entries, 116 kept so far
11:35:23  INFO     [IT] 'AI regulation' → 100 entries, 111 kept so far
11:35:23  INFO     [PL] 'AI regulation' → 100 entries, 88 kept so far
11:35:23  INFO     [ES] 'AI regulation' → 74 entries, 90 kept so far
11:35:24  INFO     [DE] 'machine learning' → 100 entries, 156 kept so far
11:35:24  INFO     [FR] 'machine learning' → 100 entries, 172 kept so far
11:35:25  INFO     [PL] 'machine learning' → 100 entries, 130 kept so far
11:35:25  INFO     [IT] 'machine learning' → 100 entries, 181 kept so far
11:35:25  INFO     [ES] 'machine learning' → 100 entries, 168 kept so far
11:35:26  INFO     [DE] 'EU AI Act' → 100 entries, 235 kept so far
11:35:26  INFO     [FR] 'EU AI Act' → 88 entries, 227 kept so far
11:35:26  INFO     [PL] 'EU AI Act' → 78 entries, 158 kept so far
11:35:26  INFO     [IT] 'EU AI Act' → 100 entries, 253 kept so far
11:35:27  INFO     [ES] 'EU AI Act' → 77 entries, 208 kept so far
11:35:27  INFO     [DE] 'generative AI' → 100 entries, 255 kept so far
11:35:28  INFO     [FR] 'generative AI' → 100 entries, 254 kept so far
11:35:28  INFO     [PL] 'generative AI' → 100 entries, 186 kept so far
11:35:28  INFO     [IT] 'generative AI' → 100 entries, 297 kept so far
11:35:28  INFO     [ES] 'generative AI' → 100 entries, 253 kept so far
11:35:28  INFO     [DE] +183 new articles saved
11:35:29  INFO     [FR] +139 new articles saved
11:35:29  INFO     [PL] +119 new articles saved
11:35:29  INFO     [NL] 'artificial intelligence' → 100 entries, 14 kept so far
11:35:29  INFO     [IT] +190 new articles saved
11:35:29  INFO     [ES] +136 new articles saved
11:35:29  INFO     [BE] 'artificial intelligence' → 100 entries, 59 kept so far
11:35:29  INFO     [SE] 'artificial intelligence' → 100 entries, 9 kept so far
11:35:30  INFO     [AT] 'artificial intelligence' → 100 entries, 49 kept so far
11:35:30  INFO     [DK] 'artificial intelligence' → 100 entries, 22 kept so far
11:35:30  INFO     [NL] 'AI regulation' → 77 entries, 74 kept so far
11:35:31  INFO     [BE] 'AI regulation' → 100 entries, 117 kept so far
11:35:31  INFO     [SE] 'AI regulation' → 76 entries, 27 kept so far
11:35:31  INFO     [AT] 'AI regulation' → 100 entries, 108 kept so far
11:35:31  INFO     [DK] 'AI regulation' → 30 entries, 27 kept so far
11:35:32  INFO     [NL] 'machine learning' → 100 entries, 127 kept so far
11:35:33  INFO     [SE] 'machine learning' → 77 entries, 46 kept so far
11:35:33  INFO     [BE] 'machine learning' → 100 entries, 170 kept so far
11:35:33  INFO     [DK] 'machine learning' → 75 entries, 47 kept so far
11:35:33  INFO     [AT] 'machine learning' → 100 entries, 162 kept so far
11:35:33  INFO     [NL] 'EU AI Act' → 94 entries, 150 kept so far
11:35:34  INFO     [SE] 'EU AI Act' → 71 entries, 48 kept so far
11:35:34  INFO     [BE] 'EU AI Act' → 93 entries, 229 kept so far
11:35:34  INFO     [DK] 'EU AI Act' → 74 entries, 65 kept so far
11:35:34  INFO     [AT] 'EU AI Act' → 100 entries, 245 kept so far
11:35:35  INFO     [NL] 'generative AI' → 100 entries, 181 kept so far
11:35:35  INFO     [SE] 'generative AI' → 71 entries, 57 kept so far
11:35:36  INFO     [DK] 'generative AI' → 91 entries, 93 kept so far
11:35:36  INFO     [BE] 'generative AI' → 100 entries, 257 kept so far
11:35:36  INFO     [AT] 'generative AI' → 100 entries, 266 kept so far
11:35:36  INFO     [NL] +88 new articles saved
11:35:36  INFO     [SE] +23 new articles saved
11:35:37  INFO     [FI] 'artificial intelligence' → 100 entries, 65 kept so far
11:35:37  INFO     [DK] +31 new articles saved
11:35:37  INFO     [BE] +21 new articles saved
11:35:37  INFO     [PT] 'artificial intelligence' → 100 entries, 63 kept so far
11:35:37  INFO     [AT] +61 new articles saved
11:35:37  INFO     [CZ] 'artificial intelligence' → 100 entries, 13 kept so far
11:35:38  INFO     [RO] 'artificial intelligence' → 100 entries, 43 kept so far
11:35:38  INFO     [HU] 'artificial intelligence' → 100 entries, 14 kept so far
11:35:38  INFO     [FI] 'AI regulation' → 43 entries, 74 kept so far
11:35:39  INFO     [PT] 'AI regulation' → 100 entries, 122 kept so far
11:35:39  INFO     [CZ] 'AI regulation' → 76 entries, 39 kept so far
11:35:39  INFO     [RO] 'AI regulation' → 31 entries, 50 kept so far
11:35:39  INFO     [HU] 'AI regulation' → 78 entries, 19 kept so far
11:35:40  INFO     [FI] 'machine learning' → 87 entries, 116 kept so far
11:35:40  INFO     [CZ] 'machine learning' → 80 entries, 56 kept so far
11:35:40  INFO     [PT] 'machine learning' → 100 entries, 194 kept so far
11:35:41  INFO     [RO] 'machine learning' → 99 entries, 100 kept so far
11:35:41  INFO     [HU] 'machine learning' → 74 entries, 48 kept so far
11:35:41  INFO     [FI] 'EU AI Act' → 63 entries, 151 kept so far
11:35:42  INFO     [CZ] 'EU AI Act' → 72 entries, 67 kept so far
11:35:42  INFO     [PT] 'EU AI Act' → 53 entries, 204 kept so far
11:35:42  INFO     [RO] 'EU AI Act' → 77 entries, 119 kept so far
11:35:42  INFO     [HU] 'EU AI Act' → 77 entries, 69 kept so far
11:35:43  INFO     [FI] 'generative AI' → 59 entries, 187 kept so far
11:35:43  INFO     [CZ] 'generative AI' → 75 entries, 82 kept so far
11:35:43  INFO     [PT] 'generative AI' → 100 entries, 230 kept so far
11:35:43  INFO     [RO] 'generative AI' → 79 entries, 138 kept so far
11:35:44  INFO     [FI] +89 new articles saved
11:35:44  INFO     [HU] 'generative AI' → 75 entries, 90 kept so far
11:35:44  INFO     [GR] 'artificial intelligence' → 100 entries, 42 kept so far
11:35:44  INFO     [CZ] +53 new articles saved
11:35:44  INFO     [PT] +146 new articles saved
11:35:44  INFO     [RO] +77 new articles saved
11:35:45  INFO     [SK] 'artificial intelligence' → 100 entries, 25 kept so far
11:35:45  INFO     [HU] +49 new articles saved
11:35:45  INFO     [HR] 'artificial intelligence' → 100 entries, 51 kept so far
11:35:45  INFO     [IE] 'artificial intelligence' → 100 entries, 62 kept so far
11:35:45  INFO     [BG] 'artificial intelligence' → 80 entries, 37 kept so far
11:35:46  INFO     [GR] 'AI regulation' → 61 entries, 96 kept so far
11:35:46  INFO     [SK] 'AI regulation' → 25 entries, 26 kept so far
11:35:46  INFO     [HR] 'AI regulation' → 100 entries, 96 kept so far
11:35:46  INFO     [BG] 'AI regulation' → 8 entries, 37 kept so far
11:35:47  INFO     [IE] 'AI regulation' → 100 entries, 100 kept so far
11:35:47  INFO     [GR] 'machine learning' → 100 entries, 132 kept so far
11:35:47  INFO     [SK] 'machine learning' → 55 entries, 41 kept so far
11:35:48  INFO     [BG] 'machine learning' → 55 entries, 45 kept so far
11:35:48  INFO     [HR] 'machine learning' → 100 entries, 170 kept so far
11:35:48  INFO     [IE] 'machine learning' → 100 entries, 177 kept so far
11:35:49  INFO     [GR] 'EU AI Act' → 56 entries, 151 kept so far
11:35:49  INFO     [SK] 'EU AI Act' → 64 entries, 52 kept so far
11:35:49  INFO     [BG] 'EU AI Act' → 16 entries, 48 kept so far
11:35:50  INFO     [HR] 'EU AI Act' → 100 entries, 255 kept so far
11:35:50  INFO     [IE] 'EU AI Act' → 100 entries, 252 kept so far
11:35:50  INFO     [GR] 'generative AI' → 100 entries, 191 kept so far
11:35:50  INFO     [SK] 'generative AI' → 45 entries, 61 kept so far
11:35:51  INFO     [BG] 'generative AI' → 25 entries, 52 kept so far
11:35:51  INFO     [HR] 'generative AI' → 100 entries, 321 kept so far
11:35:51  INFO     [GR] +127 new articles saved
11:35:51  INFO     [SK] +31 new articles saved
11:35:52  INFO     [IE] 'generative AI' → 100 entries, 312 kept so far
11:35:52  INFO     [BG] +26 new articles saved
11:35:52  INFO     [LT] 'artificial intelligence' → 92 entries, 29 kept so far
11:35:52  INFO     [SI] 'artificial intelligence' → 96 entries, 46 kept so far
11:35:52  INFO     [LV] 'artificial intelligence' → 67 entries, 24 kept so far
11:35:52  INFO     [HR] +273 new articles saved
11:35:53  INFO     [IE] +117 new articles saved
11:35:53  INFO     [EE] 'artificial intelligence' → 100 entries, 43 kept so far
11:35:53  INFO     [CY] 'artificial intelligence' → 100 entries, 42 kept so far
11:35:53  INFO     [LT] 'AI regulation' → 13 entries, 29 kept so far
11:35:53  INFO     [SI] 'AI regulation' → 12 entries, 46 kept so far
11:35:53  INFO     [LV] 'AI regulation' → 5 entries, 24 kept so far
11:35:54  INFO     [EE] 'AI regulation' → 7 entries, 43 kept so far
11:35:54  INFO     [CY] 'AI regulation' → 61 entries, 96 kept so far
11:35:54  INFO     [LT] 'machine learning' → 31 entries, 33 kept so far
11:35:54  INFO     [SI] 'machine learning' → 20 entries, 48 kept so far
11:35:54  INFO     [LV] 'machine learning' → 12 entries, 25 kept so far
11:35:55  INFO     [EE] 'machine learning' → 22 entries, 45 kept so far
11:35:56  INFO     [LV] 'EU AI Act' → 5 entries, 25 kept so far
11:35:56  INFO     [LT] 'EU AI Act' → 21 entries, 34 kept so far
11:35:56  INFO     [SI] 'EU AI Act' → 25 entries, 51 kept so far
11:35:56  INFO     [CY] 'machine learning' → 100 entries, 132 kept so far
11:35:57  INFO     [EE] 'EU AI Act' → 15 entries, 47 kept so far
11:35:57  INFO     [LV] 'generative AI' → 10 entries, 27 kept so far
11:35:57  INFO     [LT] 'generative AI' → 18 entries, 40 kept so far
11:35:57  INFO     [SI] 'generative AI' → 12 entries, 53 kept so far
11:35:57  INFO     [CY] 'EU AI Act' → 56 entries, 151 kept so far
11:35:58  INFO     [LV] +12 new articles saved
11:35:58  INFO     [LT] +13 new articles saved
11:35:58  INFO     [SI] +19 new articles saved
11:35:58  INFO     [MT] 'artificial intelligence' → 100 entries, 51 kept so far
11:35:58  INFO     [EE] 'generative AI' → 9 entries, 49 kept so far
11:35:58  INFO     [LU] 'artificial intelligence' → 100 entries, 56 kept so far
11:35:59  INFO     [CY] 'generative AI' → 100 entries, 191 kept so far
11:35:59  INFO     [EE] +24 new articles saved
11:35:59  INFO     [MT] 'AI regulation' → 100 entries, 96 kept so far
11:36:00  INFO     [LU] 'AI regulation' → 100 entries, 116 kept so far
11:36:00  INFO     [CY] +0 new articles saved
11:36:00  INFO     [MT] 'machine learning' → 100 entries, 170 kept so far
11:36:01  INFO     [LU] 'machine learning' → 100 entries, 172 kept so far
11:36:01  INFO     [MT] 'EU AI Act' → 100 entries, 255 kept so far
11:36:03  INFO     [MT] 'generative AI' → 100 entries, 321 kept so far
11:36:03  INFO     [LU] 'EU AI Act' → 88 entries, 226 kept so far
11:36:04  INFO     [MT] +0 new articles saved
11:36:04  INFO     [LU] 'generative AI' → 100 entries, 253 kept so far
11:36:05  INFO     [LU] +0 new articles saved
11:36:05  INFO     Scrape complete. 2047 new articles this run.
