16:07:20  INFO     Starting scrape: 27 countries, 5 queries each
/home/runner/work/EU_AI_News/EU_AI_News/eu_ai_news_scraper.py:230: DeprecationWarning: datetime.datetime.utcnow() is deprecated and scheduled for removal in a future version. Use timezone-aware objects to represent datetimes in UTC: datetime.datetime.now(datetime.UTC).
  "scraped_at":   datetime.utcnow().isoformat(),
16:07:21  INFO     [DE] 'artificial intelligence' → 100 entries, 44 kept so far
16:07:21  INFO     [FR] 'artificial intelligence' → 100 entries, 53 kept so far
16:07:21  INFO     [IT] 'artificial intelligence' → 100 entries, 18 kept so far
16:07:21  INFO     [ES] 'artificial intelligence' → 100 entries, 54 kept so far
16:07:21  INFO     [PL] 'artificial intelligence' → 100 entries, 7 kept so far
16:07:23  INFO     [DE] 'AI regulation' → 96 entries, 119 kept so far
16:07:23  INFO     [FR] 'AI regulation' → 84 entries, 130 kept so far
16:07:23  INFO     [IT] 'AI regulation' → 100 entries, 106 kept so far
16:07:23  INFO     [ES] 'AI regulation' → 77 entries, 92 kept so far
16:07:23  INFO     [PL] 'AI regulation' → 77 entries, 65 kept so far
16:07:24  INFO     [DE] 'machine learning' → 100 entries, 167 kept so far
16:07:24  INFO     [FR] 'machine learning' → 100 entries, 179 kept so far
16:07:25  INFO     [PL] 'machine learning' → 100 entries, 112 kept so far
16:07:25  INFO     [ES] 'machine learning' → 100 entries, 164 kept so far
16:07:25  INFO     [IT] 'machine learning' → 100 entries, 185 kept so far
16:07:26  INFO     [FR] 'EU AI Act' → 76 entries, 215 kept so far
16:07:26  INFO     [DE] 'EU AI Act' → 100 entries, 237 kept so far
16:07:26  INFO     [PL] 'EU AI Act' → 76 entries, 129 kept so far
16:07:26  INFO     [IT] 'EU AI Act' → 100 entries, 222 kept so far
16:07:26  INFO     [ES] 'EU AI Act' → 79 entries, 191 kept so far
16:07:27  INFO     [FR] 'generative AI' → 100 entries, 243 kept so far
16:07:28  INFO     [DE] 'generative AI' → 100 entries, 265 kept so far
16:07:28  INFO     [PL] 'generative AI' → 100 entries, 161 kept so far
16:07:28  INFO     [IT] 'generative AI' → 100 entries, 265 kept so far
16:07:28  INFO     [ES] 'generative AI' → 100 entries, 235 kept so far
16:07:28  INFO     [FR] +143 new articles saved
16:07:29  INFO     [DE] +186 new articles saved
16:07:29  INFO     [PL] +87 new articles saved
16:07:29  INFO     [IT] +171 new articles saved
16:07:29  INFO     [NL] 'artificial intelligence' → 100 entries, 11 kept so far
16:07:29  INFO     [SE] 'artificial intelligence' → 100 entries, 15 kept so far
16:07:29  INFO     [BE] 'artificial intelligence' → 100 entries, 51 kept so far
16:07:29  INFO     [ES] +134 new articles saved
16:07:30  INFO     [AT] 'artificial intelligence' → 100 entries, 41 kept so far
16:07:30  INFO     [DK] 'artificial intelligence' → 100 entries, 13 kept so far
16:07:31  INFO     [NL] 'AI regulation' → 75 entries, 55 kept so far
16:07:31  INFO     [SE] 'AI regulation' → 75 entries, 24 kept so far
16:07:31  INFO     [BE] 'AI regulation' → 84 entries, 128 kept so far
16:07:31  INFO     [AT] 'AI regulation' → 100 entries, 116 kept so far
16:07:32  INFO     [DK] 'AI regulation' → 38 entries, 19 kept so far
16:07:32  INFO     [NL] 'machine learning' → 100 entries, 104 kept so far
16:07:33  INFO     [BE] 'machine learning' → 100 entries, 177 kept so far
16:07:33  INFO     [SE] 'machine learning' → 82 entries, 47 kept so far
16:07:33  INFO     [AT] 'machine learning' → 100 entries, 163 kept so far
16:07:33  INFO     [DK] 'machine learning' → 84 entries, 43 kept so far
16:07:34  INFO     [NL] 'EU AI Act' → 100 entries, 134 kept so far
16:07:34  INFO     [BE] 'EU AI Act' → 77 entries, 213 kept so far
16:07:34  INFO     [SE] 'EU AI Act' → 71 entries, 54 kept so far
16:07:35  INFO     [AT] 'EU AI Act' → 100 entries, 245 kept so far
16:07:35  INFO     [DK] 'EU AI Act' → 72 entries, 58 kept so far
16:07:35  INFO     [NL] 'generative AI' → 100 entries, 167 kept so far
16:07:36  INFO     [SE] 'generative AI' → 71 entries, 66 kept so far
16:07:36  INFO     [BE] 'generative AI' → 100 entries, 238 kept so far
16:07:36  INFO     [AT] 'generative AI' → 100 entries, 267 kept so far
16:07:36  INFO     [NL] +84 new articles saved
16:07:37  INFO     [DK] 'generative AI' → 92 entries, 88 kept so far
16:07:37  INFO     [SE] +36 new articles saved
16:07:37  INFO     [BE] +27 new articles saved
16:07:37  INFO     [FI] 'artificial intelligence' → 100 entries, 51 kept so far
16:07:37  INFO     [PT] 'artificial intelligence' → 100 entries, 59 kept so far
16:07:37  INFO     [CZ] 'artificial intelligence' → 100 entries, 15 kept so far
16:07:37  INFO     [AT] +56 new articles saved
16:07:38  INFO     [DK] +39 new articles saved
16:07:38  INFO     [RO] 'artificial intelligence' → 100 entries, 44 kept so far
16:07:38  INFO     [HU] 'artificial intelligence' → 100 entries, 25 kept so far
16:07:39  INFO     [FI] 'AI regulation' → 62 entries, 63 kept so far
16:07:39  INFO     [PT] 'AI regulation' → 77 entries, 92 kept so far
16:07:39  INFO     [CZ] 'AI regulation' → 75 entries, 36 kept so far
16:07:40  INFO     [RO] 'AI regulation' → 77 entries, 53 kept so far
16:07:40  INFO     [HU] 'AI regulation' → 76 entries, 28 kept so far
16:07:40  INFO     [FI] 'machine learning' → 88 entries, 108 kept so far
16:07:41  INFO     [CZ] 'machine learning' → 71 entries, 55 kept so far
16:07:41  INFO     [PT] 'machine learning' → 100 entries, 168 kept so far
16:07:41  INFO     [HU] 'machine learning' → 74 entries, 51 kept so far
16:07:41  INFO     [RO] 'machine learning' → 99 entries, 107 kept so far
16:07:42  INFO     [FI] 'EU AI Act' → 75 entries, 149 kept so far
16:07:42  INFO     [CZ] 'EU AI Act' → 71 entries, 67 kept so far
16:07:42  INFO     [PT] 'EU AI Act' → 64 entries, 180 kept so far
16:07:43  INFO     [HU] 'EU AI Act' → 75 entries, 71 kept so far
16:07:43  INFO     [RO] 'EU AI Act' → 73 entries, 126 kept so far
16:07:43  INFO     [FI] 'generative AI' → 62 entries, 188 kept so far
16:07:44  INFO     [CZ] 'generative AI' → 73 entries, 85 kept so far
16:07:44  INFO     [PT] 'generative AI' → 100 entries, 209 kept so far
16:07:44  INFO     [FI] +99 new articles saved
16:07:44  INFO     [HU] 'generative AI' → 69 entries, 89 kept so far
16:07:44  INFO     [RO] 'generative AI' → 96 entries, 151 kept so far
16:07:45  INFO     [CZ] +56 new articles saved
16:07:45  INFO     [GR] 'artificial intelligence' → 100 entries, 40 kept so far
16:07:45  INFO     [PT] +135 new articles saved
16:07:45  INFO     [SK] 'artificial intelligence' → 100 entries, 24 kept so far
16:07:45  INFO     [HU] +58 new articles saved
16:07:45  INFO     [RO] +91 new articles saved
16:07:46  INFO     [IE] 'artificial intelligence' → 100 entries, 63 kept so far
16:07:46  INFO     [HR] 'artificial intelligence' → 102 entries, 59 kept so far
16:07:46  INFO     [BG] 'artificial intelligence' → 87 entries, 34 kept so far
16:07:46  INFO     [GR] 'AI regulation' → 66 entries, 85 kept so far
16:07:47  INFO     [SK] 'AI regulation' → 24 entries, 26 kept so far
16:07:47  INFO     [IE] 'AI regulation' → 100 entries, 108 kept so far
16:07:47  INFO     [BG] 'AI regulation' → 19 entries, 36 kept so far
16:07:47  INFO     [HR] 'AI regulation' → 100 entries, 99 kept so far
16:07:48  INFO     [SK] 'machine learning' → 56 entries, 41 kept so far
16:07:49  INFO     [GR] 'machine learning' → 100 entries, 126 kept so far
16:07:49  INFO     [BG] 'machine learning' → 59 entries, 44 kept so far
16:07:49  INFO     [HR] 'machine learning' → 100 entries, 172 kept so far
16:07:49  INFO     [IE] 'machine learning' → 100 entries, 178 kept so far
16:07:50  INFO     [SK] 'EU AI Act' → 69 entries, 48 kept so far
16:07:50  INFO     [GR] 'EU AI Act' → 57 entries, 144 kept so far
16:07:50  INFO     [BG] 'EU AI Act' → 21 entries, 47 kept so far
16:07:51  INFO     [HR] 'EU AI Act' → 100 entries, 254 kept so far
16:07:51  INFO     [IE] 'EU AI Act' → 100 entries, 248 kept so far
16:07:51  INFO     [SK] 'generative AI' → 42 entries, 57 kept so far
16:07:52  INFO     [BG] 'generative AI' → 36 entries, 55 kept so far
16:07:52  INFO     [GR] 'generative AI' → 100 entries, 189 kept so far
16:07:52  INFO     [SK] +27 new articles saved
16:07:52  INFO     [HR] 'generative AI' → 100 entries, 323 kept so far
16:07:52  INFO     [IE] 'generative AI' → 100 entries, 311 kept so far
16:07:53  INFO     [LT] 'artificial intelligence' → 74 entries, 25 kept so far
16:07:53  INFO     [BG] +35 new articles saved
16:07:53  INFO     [GR] +125 new articles saved
16:07:53  INFO     [HR] +288 new articles saved
16:07:53  INFO     [LV] 'artificial intelligence' → 69 entries, 19 kept so far
16:07:54  INFO     [SI] 'artificial intelligence' → 98 entries, 47 kept so far
16:07:54  INFO     [IE] +112 new articles saved
16:07:54  INFO     [EE] 'artificial intelligence' → 96 entries, 53 kept so far
16:07:54  INFO     [LT] 'AI regulation' → 8 entries, 25 kept so far
16:07:54  INFO     [CY] 'artificial intelligence' → 100 entries, 40 kept so far
16:07:55  INFO     [LV] 'AI regulation' → 6 entries, 19 kept so far
16:07:55  INFO     [SI] 'AI regulation' → 2 entries, 47 kept so far
16:07:55  INFO     [EE] 'AI regulation' → 5 entries, 54 kept so far
16:07:55  INFO     [LT] 'machine learning' → 26 entries, 28 kept so far
16:07:55  INFO     [CY] 'AI regulation' → 66 entries, 85 kept so far
16:07:56  INFO     [LV] 'machine learning' → 13 entries, 22 kept so far
16:07:56  INFO     [SI] 'machine learning' → 19 entries, 48 kept so far
16:07:56  INFO     [LT] 'EU AI Act' → 17 entries, 28 kept so far
16:07:57  INFO     [EE] 'machine learning' → 13 entries, 55 kept so far
16:07:57  INFO     [CY] 'machine learning' → 100 entries, 126 kept so far
16:07:57  INFO     [LV] 'EU AI Act' → 8 entries, 22 kept so far
16:07:58  INFO     [SI] 'EU AI Act' → 27 entries, 52 kept so far
16:07:58  INFO     [LT] 'generative AI' → 17 entries, 33 kept so far
16:07:58  INFO     [EE] 'EU AI Act' → 9 entries, 56 kept so far
16:07:58  INFO     [CY] 'EU AI Act' → 57 entries, 144 kept so far
16:07:58  INFO     [LV] 'generative AI' → 10 entries, 23 kept so far
16:07:59  INFO     [LT] +12 new articles saved
16:07:59  INFO     [SI] 'generative AI' → 16 entries, 53 kept so far
16:07:59  INFO     [EE] 'generative AI' → 10 entries, 58 kept so far
16:07:59  INFO     [LU] 'artificial intelligence' → 100 entries, 53 kept so far
16:07:59  INFO     [LV] +10 new articles saved
16:08:00  INFO     [MT] 'artificial intelligence' → 102 entries, 59 kept so far
16:08:00  INFO     [CY] 'generative AI' → 100 entries, 189 kept so far
16:08:00  INFO     [SI] +21 new articles saved
16:08:00  INFO     [EE] +30 new articles saved
16:08:01  INFO     [MT] 'AI regulation' → 100 entries, 99 kept so far
16:08:01  INFO     [LU] 'AI regulation' → 84 entries, 130 kept so far
16:08:01  INFO     [CY] +0 new articles saved
16:08:02  INFO     [MT] 'machine learning' → 100 entries, 172 kept so far
16:08:02  INFO     [LU] 'machine learning' → 100 entries, 179 kept so far
16:08:03  INFO     [MT] 'EU AI Act' → 100 entries, 254 kept so far
16:08:04  INFO     [LU] 'EU AI Act' → 76 entries, 215 kept so far
16:08:04  INFO     [MT] 'generative AI' → 100 entries, 323 kept so far
16:08:05  INFO     [LU] 'generative AI' → 100 entries, 243 kept so far
16:08:05  INFO     [MT] +0 new articles saved
16:08:06  INFO     [LU] +0 new articles saved
16:08:06  INFO     Scrape complete. 2062 new articles this run.
