12:01:35  INFO     Starting scrape: 27 countries, 5 queries each
12:01:36  INFO     [FR] 'artificial intelligence' → 100 entries, 51 kept so far
/home/runner/work/EU_AI_News/EU_AI_News/eu_ai_news_scraper.py:230: DeprecationWarning: datetime.datetime.utcnow() is deprecated and scheduled for removal in a future version. Use timezone-aware objects to represent datetimes in UTC: datetime.datetime.now(datetime.UTC).
  "scraped_at":   datetime.utcnow().isoformat(),
12:01:36  INFO     [DE] 'artificial intelligence' → 100 entries, 48 kept so far
12:01:36  INFO     [PL] 'artificial intelligence' → 100 entries, 12 kept so far
12:01:36  INFO     [IT] 'artificial intelligence' → 100 entries, 34 kept so far
12:01:36  INFO     [ES] 'artificial intelligence' → 100 entries, 61 kept so far
12:01:37  INFO     [DE] 'AI regulation' → 100 entries, 125 kept so far
12:01:38  INFO     [FR] 'AI regulation' → 100 entries, 137 kept so far
12:01:38  INFO     [PL] 'AI regulation' → 89 entries, 84 kept so far
12:01:38  INFO     [IT] 'AI regulation' → 100 entries, 125 kept so far
12:01:38  INFO     [ES] 'AI regulation' → 82 entries, 120 kept so far
12:01:39  INFO     [DE] 'machine learning' → 100 entries, 180 kept so far
12:01:39  INFO     [PL] 'machine learning' → 100 entries, 131 kept so far
12:01:39  INFO     [FR] 'machine learning' → 100 entries, 197 kept so far
12:01:39  INFO     [IT] 'machine learning' → 100 entries, 199 kept so far
12:01:39  INFO     [ES] 'machine learning' → 100 entries, 200 kept so far
12:01:41  INFO     [DE] 'EU AI Act' → 100 entries, 242 kept so far
12:01:41  INFO     [PL] 'EU AI Act' → 78 entries, 159 kept so far
12:01:41  INFO     [FR] 'EU AI Act' → 86 entries, 243 kept so far
12:01:41  INFO     [IT] 'EU AI Act' → 100 entries, 268 kept so far
12:01:41  INFO     [ES] 'EU AI Act' → 78 entries, 224 kept so far
12:01:42  INFO     [DE] 'generative AI' → 100 entries, 266 kept so far
12:01:42  INFO     [PL] 'generative AI' → 100 entries, 192 kept so far
12:01:42  INFO     [IT] 'generative AI' → 100 entries, 312 kept so far
12:01:42  INFO     [FR] 'generative AI' → 100 entries, 270 kept so far
12:01:43  INFO     [ES] 'generative AI' → 100 entries, 271 kept so far
12:01:43  INFO     [DE] +202 new articles saved
12:01:43  INFO     [PL] +115 new articles saved
12:01:43  INFO     [IT] +227 new articles saved
12:01:44  INFO     [FR] +145 new articles saved
12:01:44  INFO     [NL] 'artificial intelligence' → 100 entries, 15 kept so far
12:01:44  INFO     [BE] 'artificial intelligence' → 100 entries, 62 kept so far
12:01:44  INFO     [SE] 'artificial intelligence' → 100 entries, 10 kept so far
12:01:44  INFO     [AT] 'artificial intelligence' → 100 entries, 45 kept so far
12:01:44  INFO     [ES] +165 new articles saved
12:01:45  INFO     [DK] 'artificial intelligence' → 100 entries, 14 kept so far
12:01:45  INFO     [NL] 'AI regulation' → 75 entries, 67 kept so far
12:01:45  INFO     [BE] 'AI regulation' → 100 entries, 147 kept so far
12:01:45  INFO     [SE] 'AI regulation' → 79 entries, 26 kept so far
12:01:46  INFO     [AT] 'AI regulation' → 100 entries, 124 kept so far
12:01:46  INFO     [DK] 'AI regulation' → 50 entries, 26 kept so far
12:01:47  INFO     [NL] 'machine learning' → 100 entries, 117 kept so far
12:01:47  INFO     [BE] 'machine learning' → 100 entries, 204 kept so far
12:01:47  INFO     [SE] 'machine learning' → 76 entries, 46 kept so far
12:01:47  INFO     [AT] 'machine learning' → 100 entries, 177 kept so far
12:01:48  INFO     [DK] 'machine learning' → 80 entries, 44 kept so far
12:01:48  INFO     [NL] 'EU AI Act' → 100 entries, 141 kept so far
12:01:48  INFO     [SE] 'EU AI Act' → 71 entries, 50 kept so far
12:01:49  INFO     [BE] 'EU AI Act' → 93 entries, 248 kept so far
12:01:49  INFO     [AT] 'EU AI Act' → 100 entries, 260 kept so far
12:01:49  INFO     [DK] 'EU AI Act' → 70 entries, 55 kept so far
12:01:50  INFO     [NL] 'generative AI' → 100 entries, 169 kept so far
12:01:50  INFO     [SE] 'generative AI' → 74 entries, 56 kept so far
12:01:50  INFO     [BE] 'generative AI' → 54 entries, 278 kept so far
12:01:50  INFO     [AT] 'generative AI' → 100 entries, 285 kept so far
12:01:51  INFO     [DK] 'generative AI' → 93 entries, 84 kept so far
12:01:51  INFO     [NL] +90 new articles saved
12:01:51  INFO     [SE] +25 new articles saved
12:01:51  INFO     [BE] +45 new articles saved
12:01:51  INFO     [FI] 'artificial intelligence' → 100 entries, 59 kept so far
12:01:51  INFO     [AT] +59 new articles saved
12:01:52  INFO     [PT] 'artificial intelligence' → 100 entries, 58 kept so far
12:01:52  INFO     [CZ] 'artificial intelligence' → 100 entries, 13 kept so far
12:01:52  INFO     [DK] +31 new articles saved
12:01:52  INFO     [RO] 'artificial intelligence' → 100 entries, 43 kept so far
12:01:52  INFO     [HU] 'artificial intelligence' → 100 entries, 20 kept so far
12:01:53  INFO     [FI] 'AI regulation' → 56 entries, 75 kept so far
12:01:53  INFO     [CZ] 'AI regulation' → 74 entries, 44 kept so far
12:01:53  INFO     [PT] 'AI regulation' → 100 entries, 123 kept so far
12:01:53  INFO     [RO] 'AI regulation' → 78 entries, 52 kept so far
12:01:54  INFO     [HU] 'AI regulation' → 79 entries, 26 kept so far
12:01:54  INFO     [FI] 'machine learning' → 92 entries, 121 kept so far
12:01:55  INFO     [CZ] 'machine learning' → 71 entries, 63 kept so far
12:01:55  INFO     [PT] 'machine learning' → 100 entries, 203 kept so far
12:01:55  INFO     [RO] 'machine learning' → 100 entries, 105 kept so far
12:01:55  INFO     [HU] 'machine learning' → 65 entries, 51 kept so far
12:01:56  INFO     [FI] 'EU AI Act' → 60 entries, 154 kept so far
12:01:56  INFO     [CZ] 'EU AI Act' → 73 entries, 75 kept so far
12:01:56  INFO     [PT] 'EU AI Act' → 60 entries, 213 kept so far
12:01:56  INFO     [RO] 'EU AI Act' → 77 entries, 130 kept so far
12:01:57  INFO     [HU] 'EU AI Act' → 79 entries, 73 kept so far
12:01:57  INFO     [FI] 'generative AI' → 65 entries, 193 kept so far
12:01:58  INFO     [CZ] 'generative AI' → 79 entries, 92 kept so far
12:01:58  INFO     [PT] 'generative AI' → 100 entries, 241 kept so far
12:01:58  INFO     [RO] 'generative AI' → 89 entries, 156 kept so far
12:01:58  INFO     [HU] 'generative AI' → 71 entries, 95 kept so far
12:01:58  INFO     [FI] +103 new articles saved
12:01:59  INFO     [CZ] +63 new articles saved
12:01:59  INFO     [GR] 'artificial intelligence' → 100 entries, 43 kept so far
12:01:59  INFO     [SK] 'artificial intelligence' → 100 entries, 24 kept so far
12:01:59  INFO     [PT] +158 new articles saved
12:01:59  INFO     [RO] +90 new articles saved
12:01:59  INFO     [HU] +56 new articles saved
12:02:00  INFO     [HR] 'artificial intelligence' → 100 entries, 54 kept so far
12:02:00  INFO     [IE] 'artificial intelligence' → 100 entries, 47 kept so far
12:02:00  INFO     [BG] 'artificial intelligence' → 81 entries, 34 kept so far
12:02:00  INFO     [GR] 'AI regulation' → 61 entries, 100 kept so far
12:02:00  INFO     [SK] 'AI regulation' → 22 entries, 25 kept so far
12:02:01  INFO     [HR] 'AI regulation' → 100 entries, 98 kept so far
12:02:01  INFO     [BG] 'AI regulation' → 16 entries, 35 kept so far
12:02:01  INFO     [IE] 'AI regulation' → 100 entries, 96 kept so far
12:02:02  INFO     [SK] 'machine learning' → 57 entries, 36 kept so far
12:02:02  INFO     [GR] 'machine learning' → 100 entries, 141 kept so far
12:02:02  INFO     [HR] 'machine learning' → 100 entries, 169 kept so far
12:02:03  INFO     [BG] 'machine learning' → 57 entries, 46 kept so far
12:02:03  INFO     [IE] 'machine learning' → 100 entries, 171 kept so far
12:02:03  INFO     [SK] 'EU AI Act' → 55 entries, 45 kept so far
12:02:04  INFO     [GR] 'EU AI Act' → 65 entries, 162 kept so far
12:02:04  INFO     [BG] 'EU AI Act' → 13 entries, 50 kept so far
12:02:04  INFO     [HR] 'EU AI Act' → 100 entries, 247 kept so far
12:02:05  INFO     [SK] 'generative AI' → 40 entries, 54 kept so far
12:02:05  INFO     [IE] 'EU AI Act' → 100 entries, 241 kept so far
12:02:05  INFO     [BG] 'generative AI' → 31 entries, 57 kept so far
12:02:05  INFO     [GR] 'generative AI' → 100 entries, 207 kept so far
12:02:06  INFO     [HR] 'generative AI' → 100 entries, 317 kept so far
12:02:06  INFO     [SK] +24 new articles saved
12:02:06  INFO     [LT] 'artificial intelligence' → 83 entries, 31 kept so far
12:02:06  INFO     [BG] +34 new articles saved
12:02:06  INFO     [IE] 'generative AI' → 100 entries, 312 kept so far
12:02:06  INFO     [GR] +136 new articles saved
12:02:07  INFO     [HR] +287 new articles saved
12:02:07  INFO     [SI] 'artificial intelligence' → 96 entries, 53 kept so far
12:02:07  INFO     [LV] 'artificial intelligence' → 64 entries, 21 kept so far
12:02:07  INFO     [EE] 'artificial intelligence' → 95 entries, 48 kept so far
12:02:07  INFO     [IE] +134 new articles saved
12:02:07  INFO     [LT] 'AI regulation' → 13 entries, 31 kept so far
12:02:08  INFO     [CY] 'artificial intelligence' → 100 entries, 43 kept so far
12:02:08  INFO     [LV] 'AI regulation' → 7 entries, 21 kept so far
12:02:08  INFO     [SI] 'AI regulation' → 9 entries, 53 kept so far
12:02:08  INFO     [EE] 'AI regulation' → 6 entries, 48 kept so far
12:02:09  INFO     [LT] 'machine learning' → 29 entries, 34 kept so far
12:02:09  INFO     [CY] 'AI regulation' → 61 entries, 100 kept so far
12:02:09  INFO     [LV] 'machine learning' → 13 entries, 23 kept so far
12:02:10  INFO     [EE] 'machine learning' → 16 entries, 50 kept so far
12:02:10  INFO     [SI] 'machine learning' → 19 entries, 55 kept so far
12:02:10  INFO     [LT] 'EU AI Act' → 17 entries, 34 kept so far
12:02:11  INFO     [LV] 'EU AI Act' → 6 entries, 23 kept so far
12:02:11  INFO     [CY] 'machine learning' → 100 entries, 141 kept so far
12:02:11  INFO     [EE] 'EU AI Act' → 10 entries, 51 kept so far
12:02:11  INFO     [SI] 'EU AI Act' → 30 entries, 59 kept so far
12:02:11  INFO     [LT] 'generative AI' → 18 entries, 40 kept so far
12:02:12  INFO     [LV] 'generative AI' → 9 entries, 24 kept so far
12:02:12  INFO     [CY] 'EU AI Act' → 65 entries, 162 kept so far
12:02:12  INFO     [LT] +17 new articles saved
12:02:12  INFO     [SI] 'generative AI' → 12 entries, 61 kept so far
12:02:12  INFO     [EE] 'generative AI' → 10 entries, 54 kept so far
12:02:13  INFO     [LU] 'artificial intelligence' → 100 entries, 51 kept so far
12:02:13  INFO     [LV] +12 new articles saved
12:02:13  INFO     [MT] 'artificial intelligence' → 100 entries, 54 kept so far
12:02:13  INFO     [SI] +28 new articles saved
12:02:13  INFO     [EE] +30 new articles saved
12:02:14  INFO     [CY] 'generative AI' → 100 entries, 205 kept so far
12:02:14  INFO     [MT] 'AI regulation' → 100 entries, 98 kept so far
12:02:14  INFO     [LU] 'AI regulation' → 100 entries, 137 kept so far
12:02:15  INFO     [CY] +1 new articles saved
12:02:15  INFO     [MT] 'machine learning' → 100 entries, 169 kept so far
12:02:16  INFO     [LU] 'machine learning' → 100 entries, 196 kept so far
12:02:16  INFO     [MT] 'EU AI Act' → 100 entries, 247 kept so far
12:02:17  INFO     [LU] 'EU AI Act' → 86 entries, 242 kept so far
12:02:18  INFO     [MT] 'generative AI' → 100 entries, 317 kept so far
12:02:19  INFO     [MT] +0 new articles saved
12:02:19  INFO     [LU] 'generative AI' → 100 entries, 269 kept so far
12:02:20  INFO     [LU] +0 new articles saved
12:02:20  INFO     Scrape complete. 2277 new articles this run.
