01:37:37  INFO     Starting scrape: 27 countries, 5 queries each
/home/runner/work/EU_AI_News/EU_AI_News/eu_ai_news_scraper.py:230: DeprecationWarning: datetime.datetime.utcnow() is deprecated and scheduled for removal in a future version. Use timezone-aware objects to represent datetimes in UTC: datetime.datetime.now(datetime.UTC).
  "scraped_at":   datetime.utcnow().isoformat(),
01:37:38  INFO     [DE] 'artificial intelligence' → 100 entries, 51 kept so far
01:37:38  INFO     [FR] 'artificial intelligence' → 100 entries, 56 kept so far
01:37:38  INFO     [PL] 'artificial intelligence' → 100 entries, 14 kept so far
01:37:38  INFO     [ES] 'artificial intelligence' → 100 entries, 62 kept so far
01:37:38  INFO     [IT] 'artificial intelligence' → 100 entries, 43 kept so far
01:37:40  INFO     [DE] 'AI regulation' → 100 entries, 106 kept so far
01:37:40  INFO     [FR] 'AI regulation' → 100 entries, 118 kept so far
01:37:40  INFO     [ES] 'AI regulation' → 70 entries, 83 kept so far
01:37:40  INFO     [PL] 'AI regulation' → 100 entries, 93 kept so far
01:37:40  INFO     [IT] 'AI regulation' → 100 entries, 115 kept so far
01:37:41  INFO     [DE] 'machine learning' → 100 entries, 153 kept so far
01:37:41  INFO     [FR] 'machine learning' → 100 entries, 173 kept so far
01:37:41  INFO     [IT] 'machine learning' → 100 entries, 182 kept so far
01:37:41  INFO     [PL] 'machine learning' → 100 entries, 135 kept so far
01:37:41  INFO     [ES] 'machine learning' → 100 entries, 161 kept so far
01:37:43  INFO     [FR] 'EU AI Act' → 88 entries, 228 kept so far
01:37:43  INFO     [DE] 'EU AI Act' → 100 entries, 234 kept so far
01:37:43  INFO     [PL] 'EU AI Act' → 78 entries, 163 kept so far
01:37:43  INFO     [IT] 'EU AI Act' → 100 entries, 252 kept so far
01:37:43  INFO     [ES] 'EU AI Act' → 78 entries, 201 kept so far
01:37:44  INFO     [FR] 'generative AI' → 100 entries, 258 kept so far
01:37:44  INFO     [DE] 'generative AI' → 100 entries, 261 kept so far
01:37:44  INFO     [PL] 'generative AI' → 100 entries, 198 kept so far
01:37:45  INFO     [IT] 'generative AI' → 100 entries, 291 kept so far
01:37:45  INFO     [ES] 'generative AI' → 100 entries, 240 kept so far
01:37:45  INFO     [FR] +134 new articles saved
01:37:45  INFO     [DE] +191 new articles saved
01:37:45  INFO     [PL] +125 new articles saved
01:37:46  INFO     [IT] +153 new articles saved
01:37:46  INFO     [ES] +128 new articles saved
01:37:46  INFO     [NL] 'artificial intelligence' → 100 entries, 11 kept so far
01:37:46  INFO     [BE] 'artificial intelligence' → 100 entries, 60 kept so far
01:37:46  INFO     [SE] 'artificial intelligence' → 100 entries, 16 kept so far
01:37:46  INFO     [AT] 'artificial intelligence' → 100 entries, 55 kept so far
01:37:46  INFO     [DK] 'artificial intelligence' → 100 entries, 16 kept so far
01:37:47  INFO     [NL] 'AI regulation' → 76 entries, 62 kept so far
01:37:48  INFO     [SE] 'AI regulation' → 66 entries, 31 kept so far
01:37:48  INFO     [BE] 'AI regulation' → 100 entries, 118 kept so far
01:37:48  INFO     [DK] 'AI regulation' → 32 entries, 21 kept so far
01:37:48  INFO     [AT] 'AI regulation' → 100 entries, 116 kept so far
01:37:49  INFO     [NL] 'machine learning' → 100 entries, 118 kept so far
01:37:49  INFO     [SE] 'machine learning' → 77 entries, 52 kept so far
01:37:49  INFO     [BE] 'machine learning' → 100 entries, 174 kept so far
01:37:49  INFO     [DK] 'machine learning' → 86 entries, 44 kept so far
01:37:50  INFO     [AT] 'machine learning' → 100 entries, 168 kept so far
01:37:51  INFO     [SE] 'EU AI Act' → 60 entries, 55 kept so far
01:37:51  INFO     [NL] 'EU AI Act' → 100 entries, 143 kept so far
01:37:51  INFO     [BE] 'EU AI Act' → 92 entries, 231 kept so far
01:37:51  INFO     [DK] 'EU AI Act' → 77 entries, 65 kept so far
01:37:51  INFO     [AT] 'EU AI Act' → 100 entries, 249 kept so far
01:37:52  INFO     [NL] 'generative AI' → 100 entries, 169 kept so far
01:37:52  INFO     [SE] 'generative AI' → 76 entries, 65 kept so far
01:37:53  INFO     [BE] 'generative AI' → 100 entries, 258 kept so far
01:37:53  INFO     [DK] 'generative AI' → 100 entries, 98 kept so far
01:37:53  INFO     [AT] 'generative AI' → 100 entries, 277 kept so far
01:37:53  INFO     [NL] +77 new articles saved
01:37:53  INFO     [SE] +26 new articles saved
01:37:54  INFO     [BE] +20 new articles saved
01:37:54  INFO     [DK] +38 new articles saved
01:37:54  INFO     [FI] 'artificial intelligence' → 100 entries, 65 kept so far
01:37:54  INFO     [AT] +57 new articles saved
01:37:54  INFO     [PT] 'artificial intelligence' → 100 entries, 61 kept so far
01:37:54  INFO     [CZ] 'artificial intelligence' → 100 entries, 22 kept so far
01:37:54  INFO     [RO] 'artificial intelligence' → 100 entries, 43 kept so far
01:37:55  INFO     [HU] 'artificial intelligence' → 100 entries, 21 kept so far
01:37:55  INFO     [FI] 'AI regulation' → 47 entries, 75 kept so far
01:37:56  INFO     [CZ] 'AI regulation' → 77 entries, 51 kept so far
01:37:56  INFO     [RO] 'AI regulation' → 30 entries, 50 kept so far
01:37:56  INFO     [PT] 'AI regulation' → 100 entries, 121 kept so far
01:37:56  INFO     [HU] 'AI regulation' → 79 entries, 23 kept so far
01:37:57  INFO     [FI] 'machine learning' → 86 entries, 115 kept so far
01:37:57  INFO     [RO] 'machine learning' → 100 entries, 105 kept so far
01:37:57  INFO     [CZ] 'machine learning' → 85 entries, 70 kept so far
01:37:57  INFO     [PT] 'machine learning' → 100 entries, 196 kept so far
01:37:58  INFO     [HU] 'machine learning' → 67 entries, 50 kept so far
01:37:59  INFO     [FI] 'EU AI Act' → 62 entries, 148 kept so far
01:37:59  INFO     [RO] 'EU AI Act' → 78 entries, 130 kept so far
01:37:59  INFO     [CZ] 'EU AI Act' → 72 entries, 83 kept so far
01:37:59  INFO     [HU] 'EU AI Act' → 77 entries, 73 kept so far
01:37:59  INFO     [PT] 'EU AI Act' → 60 entries, 210 kept so far
01:38:00  INFO     [FI] 'generative AI' → 56 entries, 180 kept so far
01:38:00  INFO     [RO] 'generative AI' → 88 entries, 159 kept so far
01:38:00  INFO     [CZ] 'generative AI' → 93 entries, 105 kept so far
01:38:01  INFO     [HU] 'generative AI' → 75 entries, 96 kept so far
01:38:01  INFO     [PT] 'generative AI' → 100 entries, 243 kept so far
01:38:01  INFO     [FI] +84 new articles saved
01:38:01  INFO     [RO] +90 new articles saved
01:38:01  INFO     [CZ] +68 new articles saved
01:38:02  INFO     [HU] +53 new articles saved
01:38:02  INFO     [GR] 'artificial intelligence' → 100 entries, 44 kept so far
01:38:02  INFO     [SK] 'artificial intelligence' → 100 entries, 24 kept so far
01:38:02  INFO     [PT] +152 new articles saved
01:38:02  INFO     [IE] 'artificial intelligence' → 100 entries, 68 kept so far
01:38:02  INFO     [HR] 'artificial intelligence' → 100 entries, 67 kept so far
01:38:02  INFO     [BG] 'artificial intelligence' → 80 entries, 37 kept so far
01:38:03  INFO     [SK] 'AI regulation' → 15 entries, 25 kept so far
01:38:03  INFO     [GR] 'AI regulation' → 63 entries, 103 kept so far
01:38:04  INFO     [HR] 'AI regulation' → 100 entries, 111 kept so far
01:38:04  INFO     [BG] 'AI regulation' → 17 entries, 38 kept so far
01:38:04  INFO     [IE] 'AI regulation' → 100 entries, 116 kept so far
01:38:05  INFO     [SK] 'machine learning' → 55 entries, 39 kept so far
01:38:05  INFO     [GR] 'machine learning' → 92 entries, 143 kept so far
01:38:05  INFO     [HR] 'machine learning' → 100 entries, 192 kept so far
01:38:05  INFO     [BG] 'machine learning' → 51 entries, 43 kept so far
01:38:05  INFO     [IE] 'machine learning' → 100 entries, 195 kept so far
01:38:06  INFO     [SK] 'EU AI Act' → 62 entries, 53 kept so far
01:38:06  INFO     [GR] 'EU AI Act' → 62 entries, 160 kept so far
01:38:07  INFO     [BG] 'EU AI Act' → 18 entries, 49 kept so far
01:38:07  INFO     [HR] 'EU AI Act' → 100 entries, 271 kept so far
01:38:07  INFO     [IE] 'EU AI Act' → 100 entries, 266 kept so far
01:38:08  INFO     [SK] 'generative AI' → 43 entries, 62 kept so far
01:38:08  INFO     [GR] 'generative AI' → 100 entries, 201 kept so far
01:38:08  INFO     [BG] 'generative AI' → 28 entries, 54 kept so far
01:38:09  INFO     [HR] 'generative AI' → 100 entries, 328 kept so far
01:38:09  INFO     [SK] +29 new articles saved
01:38:09  INFO     [IE] 'generative AI' → 100 entries, 325 kept so far
01:38:09  INFO     [GR] +126 new articles saved
01:38:09  INFO     [LT] 'artificial intelligence' → 86 entries, 30 kept so far
01:38:09  INFO     [BG] +30 new articles saved
01:38:09  INFO     [SI] 'artificial intelligence' → 100 entries, 52 kept so far
01:38:10  INFO     [HR] +281 new articles saved
01:38:10  INFO     [IE] +108 new articles saved
01:38:10  INFO     [LV] 'artificial intelligence' → 62 entries, 23 kept so far
01:38:10  INFO     [EE] 'artificial intelligence' → 100 entries, 48 kept so far
01:38:10  INFO     [LT] 'AI regulation' → 15 entries, 31 kept so far
01:38:10  INFO     [CY] 'artificial intelligence' → 100 entries, 44 kept so far
01:38:11  INFO     [SI] 'AI regulation' → 8 entries, 53 kept so far
01:38:11  INFO     [LV] 'AI regulation' → 7 entries, 23 kept so far
01:38:12  INFO     [EE] 'AI regulation' → 6 entries, 48 kept so far
01:38:12  INFO     [LT] 'machine learning' → 28 entries, 33 kept so far
01:38:12  INFO     [CY] 'AI regulation' → 63 entries, 103 kept so far
01:38:12  INFO     [SI] 'machine learning' → 20 entries, 54 kept so far
01:38:13  INFO     [LV] 'machine learning' → 9 entries, 24 kept so far
01:38:13  INFO     [EE] 'machine learning' → 16 entries, 53 kept so far
01:38:13  INFO     [LT] 'EU AI Act' → 22 entries, 36 kept so far
01:38:14  INFO     [CY] 'machine learning' → 92 entries, 143 kept so far
01:38:14  INFO     [SI] 'EU AI Act' → 25 entries, 57 kept so far
01:38:14  INFO     [LV] 'EU AI Act' → 6 entries, 24 kept so far
01:38:14  INFO     [EE] 'EU AI Act' → 11 entries, 54 kept so far
01:38:14  INFO     [LT] 'generative AI' → 23 entries, 44 kept so far
01:38:15  INFO     [SI] 'generative AI' → 12 entries, 58 kept so far
01:38:15  INFO     [CY] 'EU AI Act' → 62 entries, 160 kept so far
01:38:15  INFO     [LV] 'generative AI' → 8 entries, 26 kept so far
01:38:15  INFO     [LT] +14 new articles saved
01:38:16  INFO     [EE] 'generative AI' → 10 entries, 56 kept so far
01:38:16  INFO     [SI] +18 new articles saved
01:38:16  INFO     [LU] 'artificial intelligence' → 100 entries, 56 kept so far
01:38:16  INFO     [MT] 'artificial intelligence' → 100 entries, 67 kept so far
01:38:16  INFO     [LV] +12 new articles saved
01:38:17  INFO     [CY] 'generative AI' → 100 entries, 201 kept so far
01:38:17  INFO     [EE] +30 new articles saved
01:38:17  INFO     [MT] 'AI regulation' → 100 entries, 111 kept so far
01:38:18  INFO     [LU] 'AI regulation' → 100 entries, 118 kept so far
01:38:18  INFO     [CY] +0 new articles saved
01:38:18  INFO     [MT] 'machine learning' → 100 entries, 192 kept so far
01:38:19  INFO     [LU] 'machine learning' → 100 entries, 173 kept so far
01:38:20  INFO     [MT] 'EU AI Act' → 100 entries, 271 kept so far
01:38:21  INFO     [LU] 'EU AI Act' → 88 entries, 228 kept so far
01:38:21  INFO     [MT] 'generative AI' → 100 entries, 328 kept so far
01:38:22  INFO     [MT] +0 new articles saved
01:38:22  INFO     [LU] 'generative AI' → 100 entries, 258 kept so far
01:38:23  INFO     [LU] +0 new articles saved
01:38:23  INFO     Scrape complete. 2044 new articles this run.
