16:02:04  INFO     Starting scrape: 27 countries, 5 queries each
/home/runner/work/EU_AI_News/EU_AI_News/eu_ai_news_scraper.py:230: DeprecationWarning: datetime.datetime.utcnow() is deprecated and scheduled for removal in a future version. Use timezone-aware objects to represent datetimes in UTC: datetime.datetime.now(datetime.UTC).
  "scraped_at":   datetime.utcnow().isoformat(),
16:02:05  INFO     [FR] 'artificial intelligence' → 102 entries, 51 kept so far
16:02:05  INFO     [PL] 'artificial intelligence' → 100 entries, 12 kept so far
16:02:05  INFO     [DE] 'artificial intelligence' → 100 entries, 34 kept so far
16:02:05  INFO     [ES] 'artificial intelligence' → 100 entries, 39 kept so far
16:02:05  INFO     [IT] 'artificial intelligence' → 100 entries, 36 kept so far
16:02:07  INFO     [ES] 'AI regulation' → 0 entries, 39 kept so far
16:02:07  INFO     [PL] 'AI regulation' → 80 entries, 80 kept so far
16:02:07  INFO     [FR] 'AI regulation' → 100 entries, 138 kept so far
16:02:07  INFO     [DE] 'AI regulation' → 100 entries, 108 kept so far
16:02:07  INFO     [IT] 'AI regulation' → 100 entries, 127 kept so far
16:02:08  INFO     [ES] 'machine learning' → 100 entries, 114 kept so far
16:02:08  INFO     [PL] 'machine learning' → 100 entries, 118 kept so far
16:02:08  INFO     [FR] 'machine learning' → 100 entries, 231 kept so far
16:02:09  INFO     [DE] 'machine learning' → 100 entries, 160 kept so far
16:02:09  INFO     [IT] 'machine learning' → 100 entries, 194 kept so far
16:02:10  INFO     [ES] 'EU AI Act' → 77 entries, 147 kept so far
16:02:10  INFO     [PL] 'EU AI Act' → 76 entries, 138 kept so far
16:02:10  INFO     [FR] 'EU AI Act' → 78 entries, 259 kept so far
16:02:10  INFO     [DE] 'EU AI Act' → 100 entries, 212 kept so far
16:02:11  INFO     [IT] 'EU AI Act' → 100 entries, 254 kept so far
16:02:11  INFO     [ES] 'generative AI' → 100 entries, 194 kept so far
16:02:11  INFO     [PL] 'generative AI' → 100 entries, 164 kept so far
16:02:12  INFO     [FR] 'generative AI' → 100 entries, 287 kept so far
16:02:12  INFO     [DE] 'generative AI' → 100 entries, 233 kept so far
16:02:12  INFO     [IT] 'generative AI' → 100 entries, 293 kept so far
16:02:12  INFO     [ES] +127 new articles saved
16:02:12  INFO     [PL] +107 new articles saved
16:02:13  INFO     [FR] +202 new articles saved
16:02:13  INFO     [DE] +172 new articles saved
16:02:13  INFO     [NL] 'artificial intelligence' → 100 entries, 15 kept so far
16:02:13  INFO     [BE] 'artificial intelligence' → 100 entries, 59 kept so far
16:02:13  INFO     [SE] 'artificial intelligence' → 100 entries, 4 kept so far
16:02:13  INFO     [IT] +210 new articles saved
16:02:13  INFO     [AT] 'artificial intelligence' → 100 entries, 39 kept so far
16:02:14  INFO     [DK] 'artificial intelligence' → 100 entries, 16 kept so far
16:02:15  INFO     [NL] 'AI regulation' → 75 entries, 60 kept so far
16:02:15  INFO     [BE] 'AI regulation' → 100 entries, 147 kept so far
16:02:15  INFO     [SE] 'AI regulation' → 78 entries, 14 kept so far
16:02:15  INFO     [AT] 'AI regulation' → 100 entries, 115 kept so far
16:02:15  INFO     [DK] 'AI regulation' → 31 entries, 20 kept so far
16:02:16  INFO     [NL] 'machine learning' → 100 entries, 119 kept so far
16:02:16  INFO     [BE] 'machine learning' → 100 entries, 198 kept so far
16:02:17  INFO     [SE] 'machine learning' → 72 entries, 32 kept so far
16:02:17  INFO     [AT] 'machine learning' → 100 entries, 166 kept so far
16:02:17  INFO     [DK] 'machine learning' → 79 entries, 34 kept so far
16:02:18  INFO     [NL] 'EU AI Act' → 78 entries, 134 kept so far
16:02:18  INFO     [BE] 'EU AI Act' → 79 entries, 225 kept so far
16:02:18  INFO     [SE] 'EU AI Act' → 75 entries, 38 kept so far
16:02:18  INFO     [AT] 'EU AI Act' → 100 entries, 241 kept so far
16:02:19  INFO     [DK] 'EU AI Act' → 78 entries, 48 kept so far
16:02:19  INFO     [NL] 'generative AI' → 100 entries, 151 kept so far
16:02:19  INFO     [BE] 'generative AI' → 100 entries, 247 kept so far
16:02:19  INFO     [SE] 'generative AI' → 72 entries, 46 kept so far
16:02:20  INFO     [AT] 'generative AI' → 100 entries, 276 kept so far
16:02:20  INFO     [DK] 'generative AI' → 80 entries, 69 kept so far
16:02:20  INFO     [NL] +87 new articles saved
16:02:20  INFO     [BE] +33 new articles saved
16:02:20  INFO     [SE] +24 new articles saved
16:02:21  INFO     [FI] 'artificial intelligence' → 100 entries, 72 kept so far
16:02:21  INFO     [AT] +75 new articles saved
16:02:21  INFO     [CZ] 'artificial intelligence' → 100 entries, 18 kept so far
16:02:21  INFO     [PT] 'artificial intelligence' → 100 entries, 50 kept so far
16:02:21  INFO     [DK] +28 new articles saved
16:02:21  INFO     [RO] 'artificial intelligence' → 100 entries, 36 kept so far
16:02:22  INFO     [HU] 'artificial intelligence' → 100 entries, 18 kept so far
16:02:22  INFO     [FI] 'AI regulation' → 39 entries, 82 kept so far
16:02:23  INFO     [CZ] 'AI regulation' → 74 entries, 42 kept so far
16:02:23  INFO     [PT] 'AI regulation' → 91 entries, 101 kept so far
16:02:23  INFO     [RO] 'AI regulation' → 78 entries, 47 kept so far
16:02:23  INFO     [HU] 'AI regulation' → 79 entries, 22 kept so far
16:02:24  INFO     [FI] 'machine learning' → 80 entries, 122 kept so far
16:02:24  INFO     [CZ] 'machine learning' → 69 entries, 58 kept so far
16:02:25  INFO     [PT] 'machine learning' → 100 entries, 177 kept so far
16:02:25  INFO     [RO] 'machine learning' → 87 entries, 82 kept so far
16:02:25  INFO     [HU] 'machine learning' → 61 entries, 43 kept so far
16:02:25  INFO     [FI] 'EU AI Act' → 63 entries, 150 kept so far
16:02:26  INFO     [CZ] 'EU AI Act' → 70 entries, 65 kept so far
16:02:26  INFO     [PT] 'EU AI Act' → 57 entries, 186 kept so far
16:02:26  INFO     [RO] 'EU AI Act' → 64 entries, 101 kept so far
16:02:26  INFO     [HU] 'EU AI Act' → 77 entries, 64 kept so far
16:02:27  INFO     [FI] 'generative AI' → 40 entries, 174 kept so far
16:02:27  INFO     [CZ] 'generative AI' → 74 entries, 82 kept so far
16:02:28  INFO     [RO] 'generative AI' → 76 entries, 122 kept so far
16:02:28  INFO     [HU] 'generative AI' → 45 entries, 76 kept so far
16:02:28  INFO     [FI] +99 new articles saved
16:02:28  INFO     [PT] 'generative AI' → 100 entries, 212 kept so far
16:02:28  INFO     [CZ] +58 new articles saved
16:02:28  INFO     [GR] 'artificial intelligence' → 100 entries, 40 kept so far
16:02:29  INFO     [SK] 'artificial intelligence' → 100 entries, 35 kept so far
16:02:29  INFO     [RO] +74 new articles saved
16:02:29  INFO     [HU] +50 new articles saved
16:02:29  INFO     [PT] +142 new articles saved
16:02:29  INFO     [HR] 'artificial intelligence' → 102 entries, 56 kept so far
16:02:29  INFO     [IE] 'artificial intelligence' → 100 entries, 52 kept so far
16:02:29  INFO     [BG] 'artificial intelligence' → 72 entries, 31 kept so far
16:02:30  INFO     [GR] 'AI regulation' → 60 entries, 94 kept so far
16:02:30  INFO     [SK] 'AI regulation' → 18 entries, 37 kept so far
16:02:31  INFO     [BG] 'AI regulation' → 9 entries, 32 kept so far
16:02:31  INFO     [HR] 'AI regulation' → 100 entries, 99 kept so far
16:02:31  INFO     [IE] 'AI regulation' → 100 entries, 98 kept so far
16:02:31  INFO     [SK] 'machine learning' → 51 entries, 49 kept so far
16:02:32  INFO     [GR] 'machine learning' → 99 entries, 130 kept so far
16:02:32  INFO     [BG] 'machine learning' → 41 entries, 37 kept so far
16:02:32  INFO     [HR] 'machine learning' → 100 entries, 164 kept so far
16:02:33  INFO     [IE] 'machine learning' → 100 entries, 165 kept so far
16:02:33  INFO     [SK] 'EU AI Act' → 39 entries, 56 kept so far
16:02:33  INFO     [GR] 'EU AI Act' → 66 entries, 148 kept so far
16:02:34  INFO     [BG] 'EU AI Act' → 9 entries, 40 kept so far
16:02:34  INFO     [HR] 'EU AI Act' → 100 entries, 244 kept so far
16:02:34  INFO     [SK] 'generative AI' → 30 entries, 61 kept so far
16:02:35  INFO     [IE] 'EU AI Act' → 100 entries, 231 kept so far
16:02:35  INFO     [GR] 'generative AI' → 100 entries, 193 kept so far
16:02:35  INFO     [BG] 'generative AI' → 21 entries, 43 kept so far
16:02:35  INFO     [SK] +39 new articles saved
16:02:36  INFO     [LT] 'artificial intelligence' → 79 entries, 25 kept so far
16:02:36  INFO     [HR] 'generative AI' → 100 entries, 308 kept so far
16:02:36  INFO     [GR] +136 new articles saved
16:02:36  INFO     [BG] +26 new articles saved
16:02:36  INFO     [IE] 'generative AI' → 100 entries, 300 kept so far
16:02:36  INFO     [SI] 'artificial intelligence' → 77 entries, 36 kept so far
16:02:36  INFO     [LV] 'artificial intelligence' → 57 entries, 14 kept so far
16:02:37  INFO     [HR] +290 new articles saved
16:02:37  INFO     [LT] 'AI regulation' → 7 entries, 25 kept so far
16:02:37  INFO     [IE] +86 new articles saved
16:02:37  INFO     [EE] 'artificial intelligence' → 93 entries, 37 kept so far
16:02:38  INFO     [SI] 'AI regulation' → 5 entries, 36 kept so far
16:02:38  INFO     [CY] 'artificial intelligence' → 100 entries, 40 kept so far
16:02:38  INFO     [LV] 'AI regulation' → 4 entries, 15 kept so far
16:02:38  INFO     [LT] 'machine learning' → 21 entries, 28 kept so far
16:02:39  INFO     [EE] 'AI regulation' → 5 entries, 37 kept so far
16:02:39  INFO     [SI] 'machine learning' → 13 entries, 38 kept so far
16:02:39  INFO     [LV] 'machine learning' → 11 entries, 16 kept so far
16:02:39  INFO     [CY] 'AI regulation' → 60 entries, 94 kept so far
16:02:40  INFO     [LT] 'EU AI Act' → 13 entries, 29 kept so far
16:02:40  INFO     [EE] 'machine learning' → 16 entries, 38 kept so far
16:02:40  INFO     [LV] 'EU AI Act' → 4 entries, 16 kept so far
16:02:40  INFO     [SI] 'EU AI Act' → 34 entries, 46 kept so far
16:02:41  INFO     [CY] 'machine learning' → 99 entries, 130 kept so far
16:02:41  INFO     [LT] 'generative AI' → 11 entries, 32 kept so far
16:02:41  INFO     [LV] 'generative AI' → 5 entries, 16 kept so far
16:02:41  INFO     [EE] 'EU AI Act' → 8 entries, 39 kept so far
16:02:42  INFO     [SI] 'generative AI' → 9 entries, 48 kept so far
16:02:42  INFO     [LT] +12 new articles saved
16:02:42  INFO     [CY] 'EU AI Act' → 66 entries, 148 kept so far
16:02:42  INFO     [LU] 'artificial intelligence' → 102 entries, 51 kept so far
16:02:42  INFO     [LV] +10 new articles saved
16:02:43  INFO     [MT] 'artificial intelligence' → 102 entries, 56 kept so far
16:02:43  INFO     [SI] +24 new articles saved
16:02:43  INFO     [EE] 'generative AI' → 10 entries, 41 kept so far
16:02:44  INFO     [MT] 'AI regulation' → 100 entries, 99 kept so far
16:02:44  INFO     [CY] 'generative AI' → 81 entries, 192 kept so far
16:02:44  INFO     [EE] +20 new articles saved
16:02:44  INFO     [LU] 'AI regulation' → 100 entries, 138 kept so far
16:02:45  INFO     [CY] +10 new articles saved
16:02:45  INFO     [MT] 'machine learning' → 100 entries, 164 kept so far
16:02:46  INFO     [LU] 'machine learning' → 100 entries, 188 kept so far
16:02:46  INFO     [MT] 'EU AI Act' → 100 entries, 244 kept so far
16:02:47  INFO     [MT] 'generative AI' → 100 entries, 308 kept so far
16:02:47  INFO     [LU] 'EU AI Act' → 78 entries, 216 kept so far
16:02:48  INFO     [MT] +0 new articles saved
16:02:49  INFO     [LU] 'generative AI' → 100 entries, 243 kept so far
16:02:50  INFO     [LU] +2 new articles saved
16:02:50  INFO     Scrape complete. 2143 new articles this run.
