01:54:06  INFO     Starting scrape: 27 countries, 5 queries each
/home/runner/work/EU_AI_News/EU_AI_News/eu_ai_news_scraper.py:230: DeprecationWarning: datetime.datetime.utcnow() is deprecated and scheduled for removal in a future version. Use timezone-aware objects to represent datetimes in UTC: datetime.datetime.now(datetime.UTC).
  "scraped_at":   datetime.utcnow().isoformat(),
01:54:06  INFO     [DE] 'artificial intelligence' → 100 entries, 52 kept so far
01:54:07  INFO     [FR] 'artificial intelligence' → 100 entries, 49 kept so far
01:54:07  INFO     [PL] 'artificial intelligence' → 100 entries, 28 kept so far
01:54:07  INFO     [IT] 'artificial intelligence' → 100 entries, 35 kept so far
01:54:07  INFO     [ES] 'artificial intelligence' → 100 entries, 58 kept so far
01:54:08  INFO     [DE] 'AI regulation' → 99 entries, 132 kept so far
01:54:08  INFO     [FR] 'AI regulation' → 100 entries, 130 kept so far
01:54:08  INFO     [PL] 'AI regulation' → 100 entries, 91 kept so far
01:54:08  INFO     [IT] 'AI regulation' → 100 entries, 118 kept so far
01:54:08  INFO     [ES] 'AI regulation' → 78 entries, 91 kept so far
01:54:10  INFO     [DE] 'machine learning' → 100 entries, 185 kept so far
01:54:10  INFO     [FR] 'machine learning' → 100 entries, 188 kept so far
01:54:10  INFO     [IT] 'machine learning' → 100 entries, 184 kept so far
01:54:10  INFO     [PL] 'machine learning' → 100 entries, 128 kept so far
01:54:10  INFO     [ES] 'machine learning' → 100 entries, 161 kept so far
01:54:11  INFO     [DE] 'EU AI Act' → 100 entries, 257 kept so far
01:54:11  INFO     [FR] 'EU AI Act' → 95 entries, 242 kept so far
01:54:12  INFO     [PL] 'EU AI Act' → 77 entries, 152 kept so far
01:54:12  INFO     [IT] 'EU AI Act' → 100 entries, 262 kept so far
01:54:12  INFO     [ES] 'EU AI Act' → 77 entries, 192 kept so far
01:54:13  INFO     [DE] 'generative AI' → 100 entries, 281 kept so far
01:54:13  INFO     [FR] 'generative AI' → 100 entries, 272 kept so far
01:54:13  INFO     [PL] 'generative AI' → 100 entries, 186 kept so far
01:54:13  INFO     [IT] 'generative AI' → 100 entries, 301 kept so far
01:54:13  INFO     [ES] 'generative AI' → 100 entries, 233 kept so far
01:54:14  INFO     [DE] +173 new articles saved
01:54:14  INFO     [FR] +154 new articles saved
01:54:14  INFO     [PL] +110 new articles saved
01:54:14  INFO     [IT] +186 new articles saved
01:54:14  INFO     [NL] 'artificial intelligence' → 100 entries, 15 kept so far
01:54:14  INFO     [ES] +110 new articles saved
01:54:15  INFO     [BE] 'artificial intelligence' → 100 entries, 61 kept so far
01:54:15  INFO     [SE] 'artificial intelligence' → 100 entries, 8 kept so far
01:54:15  INFO     [AT] 'artificial intelligence' → 100 entries, 54 kept so far
01:54:15  INFO     [DK] 'artificial intelligence' → 100 entries, 15 kept so far
01:54:16  INFO     [NL] 'AI regulation' → 76 entries, 58 kept so far
01:54:16  INFO     [BE] 'AI regulation' → 100 entries, 147 kept so far
01:54:16  INFO     [SE] 'AI regulation' → 72 entries, 18 kept so far
01:54:17  INFO     [AT] 'AI regulation' → 100 entries, 133 kept so far
01:54:17  INFO     [DK] 'AI regulation' → 36 entries, 21 kept so far
01:54:18  INFO     [NL] 'machine learning' → 100 entries, 111 kept so far
01:54:18  INFO     [SE] 'machine learning' → 75 entries, 43 kept so far
01:54:18  INFO     [BE] 'machine learning' → 100 entries, 207 kept so far
01:54:18  INFO     [AT] 'machine learning' → 100 entries, 182 kept so far
01:54:18  INFO     [DK] 'machine learning' → 81 entries, 44 kept so far
01:54:19  INFO     [NL] 'EU AI Act' → 100 entries, 139 kept so far
01:54:19  INFO     [SE] 'EU AI Act' → 52 entries, 50 kept so far
01:54:20  INFO     [BE] 'EU AI Act' → 99 entries, 256 kept so far
01:54:20  INFO     [AT] 'EU AI Act' → 100 entries, 261 kept so far
01:54:20  INFO     [DK] 'EU AI Act' → 70 entries, 58 kept so far
01:54:21  INFO     [NL] 'generative AI' → 100 entries, 166 kept so far
01:54:21  INFO     [SE] 'generative AI' → 74 entries, 56 kept so far
01:54:21  INFO     [AT] 'generative AI' → 100 entries, 283 kept so far
01:54:21  INFO     [BE] 'generative AI' → 100 entries, 280 kept so far
01:54:22  INFO     [DK] 'generative AI' → 100 entries, 91 kept so far
01:54:22  INFO     [NL] +64 new articles saved
01:54:22  INFO     [SE] +15 new articles saved
01:54:22  INFO     [FI] 'artificial intelligence' → 100 entries, 66 kept so far
01:54:22  INFO     [AT] +34 new articles saved
01:54:22  INFO     [BE] +31 new articles saved
01:54:23  INFO     [DK] +28 new articles saved
01:54:23  INFO     [PT] 'artificial intelligence' → 100 entries, 63 kept so far
01:54:23  INFO     [CZ] 'artificial intelligence' → 100 entries, 16 kept so far
01:54:23  INFO     [RO] 'artificial intelligence' → 100 entries, 43 kept so far
01:54:23  INFO     [HU] 'artificial intelligence' → 100 entries, 16 kept so far
01:54:24  INFO     [FI] 'AI regulation' → 49 entries, 79 kept so far
01:54:24  INFO     [PT] 'AI regulation' → 61 entries, 98 kept so far
01:54:25  INFO     [CZ] 'AI regulation' → 76 entries, 35 kept so far
01:54:25  INFO     [RO] 'AI regulation' → 79 entries, 57 kept so far
01:54:25  INFO     [HU] 'AI regulation' → 79 entries, 20 kept so far
01:54:25  INFO     [FI] 'machine learning' → 100 entries, 111 kept so far
01:54:26  INFO     [PT] 'machine learning' → 100 entries, 177 kept so far
01:54:26  INFO     [CZ] 'machine learning' → 82 entries, 49 kept so far
01:54:26  INFO     [HU] 'machine learning' → 70 entries, 45 kept so far
01:54:26  INFO     [RO] 'machine learning' → 100 entries, 110 kept so far
01:54:27  INFO     [FI] 'EU AI Act' → 65 entries, 142 kept so far
01:54:28  INFO     [CZ] 'EU AI Act' → 75 entries, 57 kept so far
01:54:28  INFO     [PT] 'EU AI Act' → 58 entries, 190 kept so far
01:54:28  INFO     [HU] 'EU AI Act' → 76 entries, 73 kept so far
01:54:28  INFO     [RO] 'EU AI Act' → 78 entries, 137 kept so far
01:54:29  INFO     [FI] 'generative AI' → 56 entries, 176 kept so far
01:54:29  INFO     [CZ] 'generative AI' → 90 entries, 80 kept so far
01:54:29  INFO     [HU] 'generative AI' → 74 entries, 98 kept so far
01:54:29  INFO     [PT] 'generative AI' → 100 entries, 219 kept so far
01:54:29  INFO     [RO] 'generative AI' → 86 entries, 165 kept so far
01:54:30  INFO     [FI] +84 new articles saved
01:54:30  INFO     [GR] 'artificial intelligence' → 100 entries, 48 kept so far
01:54:30  INFO     [CZ] +46 new articles saved
01:54:30  INFO     [HU] +53 new articles saved
01:54:30  INFO     [PT] +121 new articles saved
01:54:30  INFO     [RO] +91 new articles saved
01:54:31  INFO     [SK] 'artificial intelligence' → 100 entries, 22 kept so far
01:54:31  INFO     [HR] 'artificial intelligence' → 101 entries, 60 kept so far
01:54:31  INFO     [BG] 'artificial intelligence' → 83 entries, 40 kept so far
01:54:31  INFO     [IE] 'artificial intelligence' → 100 entries, 51 kept so far
01:54:32  INFO     [GR] 'AI regulation' → 63 entries, 101 kept so far
01:54:32  INFO     [SK] 'AI regulation' → 20 entries, 25 kept so far
01:54:32  INFO     [BG] 'AI regulation' → 8 entries, 41 kept so far
01:54:33  INFO     [IE] 'AI regulation' → 100 entries, 84 kept so far
01:54:33  INFO     [HR] 'AI regulation' → 100 entries, 94 kept so far
01:54:33  INFO     [GR] 'machine learning' → 98 entries, 131 kept so far
01:54:34  INFO     [SK] 'machine learning' → 57 entries, 36 kept so far
01:54:34  INFO     [BG] 'machine learning' → 57 entries, 48 kept so far
01:54:34  INFO     [HR] 'machine learning' → 100 entries, 150 kept so far
01:54:35  INFO     [IE] 'machine learning' → 100 entries, 150 kept so far
01:54:35  INFO     [GR] 'EU AI Act' → 58 entries, 150 kept so far
01:54:35  INFO     [SK] 'EU AI Act' → 66 entries, 51 kept so far
01:54:35  INFO     [BG] 'EU AI Act' → 19 entries, 52 kept so far
01:54:36  INFO     [HR] 'EU AI Act' → 100 entries, 226 kept so far
01:54:36  INFO     [GR] 'generative AI' → 100 entries, 193 kept so far
01:54:36  INFO     [IE] 'EU AI Act' → 100 entries, 222 kept so far
01:54:36  INFO     [BG] 'generative AI' → 29 entries, 56 kept so far
01:54:36  INFO     [SK] 'generative AI' → 39 entries, 58 kept so far
01:54:37  INFO     [GR] +117 new articles saved
01:54:37  INFO     [BG] +31 new articles saved
01:54:38  INFO     [SK] +28 new articles saved
01:54:38  INFO     [HR] 'generative AI' → 100 entries, 275 kept so far
01:54:38  INFO     [LT] 'artificial intelligence' → 76 entries, 28 kept so far
01:54:38  INFO     [LV] 'artificial intelligence' → 66 entries, 19 kept so far
01:54:38  INFO     [SI] 'artificial intelligence' → 98 entries, 47 kept so far
01:54:38  INFO     [IE] 'generative AI' → 100 entries, 275 kept so far
01:54:39  INFO     [HR] +257 new articles saved
01:54:39  INFO     [LT] 'AI regulation' → 6 entries, 28 kept so far
01:54:39  INFO     [IE] +71 new articles saved
01:54:39  INFO     [LV] 'AI regulation' → 8 entries, 19 kept so far
01:54:39  INFO     [EE] 'artificial intelligence' → 100 entries, 46 kept so far
01:54:39  INFO     [SI] 'AI regulation' → 6 entries, 47 kept so far
01:54:40  INFO     [CY] 'artificial intelligence' → 100 entries, 48 kept so far
01:54:40  INFO     [LT] 'machine learning' → 29 entries, 32 kept so far
01:54:41  INFO     [LV] 'machine learning' → 10 entries, 21 kept so far
01:54:41  INFO     [SI] 'machine learning' → 22 entries, 50 kept so far
01:54:41  INFO     [EE] 'AI regulation' → 5 entries, 46 kept so far
01:54:41  INFO     [CY] 'AI regulation' → 63 entries, 101 kept so far
01:54:42  INFO     [LT] 'EU AI Act' → 23 entries, 33 kept so far
01:54:42  INFO     [LV] 'EU AI Act' → 9 entries, 21 kept so far
01:54:42  INFO     [SI] 'EU AI Act' → 33 entries, 56 kept so far
01:54:42  INFO     [EE] 'machine learning' → 20 entries, 52 kept so far
01:54:43  INFO     [CY] 'machine learning' → 98 entries, 131 kept so far
01:54:43  INFO     [LV] 'generative AI' → 9 entries, 24 kept so far
01:54:43  INFO     [LT] 'generative AI' → 22 entries, 41 kept so far
01:54:43  INFO     [SI] 'generative AI' → 13 entries, 57 kept so far
01:54:44  INFO     [EE] 'EU AI Act' → 17 entries, 55 kept so far
01:54:44  INFO     [LV] +9 new articles saved
01:54:44  INFO     [LT] +12 new articles saved
01:54:44  INFO     [CY] 'EU AI Act' → 58 entries, 150 kept so far
01:54:44  INFO     [MT] 'artificial intelligence' → 101 entries, 60 kept so far
01:54:44  INFO     [SI] +21 new articles saved
01:54:45  INFO     [LU] 'artificial intelligence' → 100 entries, 49 kept so far
01:54:45  INFO     [EE] 'generative AI' → 10 entries, 56 kept so far
01:54:46  INFO     [MT] 'AI regulation' → 100 entries, 94 kept so far
01:54:46  INFO     [CY] 'generative AI' → 100 entries, 193 kept so far
01:54:46  INFO     [EE] +25 new articles saved
01:54:46  INFO     [LU] 'AI regulation' → 100 entries, 130 kept so far
01:54:47  INFO     [MT] 'machine learning' → 100 entries, 150 kept so far
01:54:47  INFO     [CY] +0 new articles saved
01:54:48  INFO     [LU] 'machine learning' → 100 entries, 188 kept so far
01:54:48  INFO     [MT] 'EU AI Act' → 100 entries, 226 kept so far
01:54:49  INFO     [MT] 'generative AI' → 100 entries, 275 kept so far
01:54:49  INFO     [LU] 'EU AI Act' → 94 entries, 241 kept so far
01:54:50  INFO     [MT] +0 new articles saved
01:54:51  INFO     [LU] 'generative AI' → 100 entries, 271 kept so far
01:54:52  INFO     [LU] +0 new articles saved
01:54:52  INFO     Scrape complete. 1871 new articles this run.
