19:13:57  INFO     Starting scrape: 27 countries, 5 queries each
/home/runner/work/EU_AI_News/EU_AI_News/eu_ai_news_scraper.py:230: DeprecationWarning: datetime.datetime.utcnow() is deprecated and scheduled for removal in a future version. Use timezone-aware objects to represent datetimes in UTC: datetime.datetime.now(datetime.UTC).
  "scraped_at":   datetime.utcnow().isoformat(),
19:13:58  INFO     [FR] 'artificial intelligence' → 100 entries, 55 kept so far
19:13:58  INFO     [DE] 'artificial intelligence' → 100 entries, 52 kept so far
19:13:58  INFO     [PL] 'artificial intelligence' → 100 entries, 15 kept so far
19:13:58  INFO     [IT] 'artificial intelligence' → 100 entries, 38 kept so far
19:13:58  INFO     [ES] 'artificial intelligence' → 100 entries, 59 kept so far
19:13:59  INFO     [FR] 'AI regulation' → 100 entries, 131 kept so far
19:13:59  INFO     [DE] 'AI regulation' → 95 entries, 125 kept so far
19:13:59  INFO     [PL] 'AI regulation' → 100 entries, 82 kept so far
19:14:00  INFO     [IT] 'AI regulation' → 100 entries, 118 kept so far
19:14:00  INFO     [ES] 'AI regulation' → 78 entries, 93 kept so far
19:14:01  INFO     [FR] 'machine learning' → 100 entries, 188 kept so far
19:14:01  INFO     [DE] 'machine learning' → 100 entries, 167 kept so far
19:14:01  INFO     [IT] 'machine learning' → 100 entries, 191 kept so far
19:14:01  INFO     [PL] 'machine learning' → 100 entries, 119 kept so far
19:14:01  INFO     [ES] 'machine learning' → 100 entries, 170 kept so far
19:14:02  INFO     [FR] 'EU AI Act' → 74 entries, 228 kept so far
19:14:02  INFO     [DE] 'EU AI Act' → 100 entries, 251 kept so far
19:14:03  INFO     [PL] 'EU AI Act' → 77 entries, 135 kept so far
19:14:03  INFO     [IT] 'EU AI Act' → 100 entries, 261 kept so far
19:14:03  INFO     [ES] 'EU AI Act' → 78 entries, 193 kept so far
19:14:04  INFO     [FR] 'generative AI' → 100 entries, 256 kept so far
19:14:04  INFO     [DE] 'generative AI' → 100 entries, 270 kept so far
19:14:04  INFO     [PL] 'generative AI' → 100 entries, 169 kept so far
19:14:04  INFO     [IT] 'generative AI' → 100 entries, 300 kept so far
19:14:04  INFO     [ES] 'generative AI' → 100 entries, 230 kept so far
19:14:05  INFO     [FR] +119 new articles saved
19:14:05  INFO     [DE] +162 new articles saved
19:14:05  INFO     [PL] +73 new articles saved
19:14:05  INFO     [IT] +143 new articles saved
19:14:05  INFO     [NL] 'artificial intelligence' → 100 entries, 10 kept so far
19:14:05  INFO     [ES] +99 new articles saved
19:14:06  INFO     [SE] 'artificial intelligence' → 100 entries, 9 kept so far
19:14:06  INFO     [BE] 'artificial intelligence' → 100 entries, 68 kept so far
19:14:06  INFO     [AT] 'artificial intelligence' → 100 entries, 49 kept so far
19:14:06  INFO     [DK] 'artificial intelligence' → 100 entries, 11 kept so far
19:14:07  INFO     [NL] 'AI regulation' → 79 entries, 47 kept so far
19:14:07  INFO     [SE] 'AI regulation' → 78 entries, 25 kept so far
19:14:07  INFO     [BE] 'AI regulation' → 100 entries, 154 kept so far
19:14:07  INFO     [AT] 'AI regulation' → 96 entries, 121 kept so far
19:14:07  INFO     [DK] 'AI regulation' → 32 entries, 17 kept so far
19:14:08  INFO     [NL] 'machine learning' → 100 entries, 104 kept so far
19:14:09  INFO     [SE] 'machine learning' → 72 entries, 47 kept so far
19:14:09  INFO     [BE] 'machine learning' → 100 entries, 210 kept so far
19:14:09  INFO     [DK] 'machine learning' → 83 entries, 41 kept so far
19:14:09  INFO     [AT] 'machine learning' → 100 entries, 167 kept so far
19:14:10  INFO     [NL] 'EU AI Act' → 100 entries, 132 kept so far
19:14:10  INFO     [SE] 'EU AI Act' → 78 entries, 54 kept so far
19:14:10  INFO     [BE] 'EU AI Act' → 78 entries, 240 kept so far
19:14:10  INFO     [DK] 'EU AI Act' → 76 entries, 58 kept so far
19:14:11  INFO     [AT] 'EU AI Act' → 100 entries, 256 kept so far
19:14:11  INFO     [NL] 'generative AI' → 100 entries, 160 kept so far
19:14:11  INFO     [SE] 'generative AI' → 74 entries, 66 kept so far
19:14:12  INFO     [BE] 'generative AI' → 100 entries, 264 kept so far
19:14:12  INFO     [DK] 'generative AI' → 100 entries, 90 kept so far
19:14:12  INFO     [AT] 'generative AI' → 100 entries, 275 kept so far
19:14:12  INFO     [NL] +52 new articles saved
19:14:12  INFO     [SE] +24 new articles saved
19:14:13  INFO     [BE] +25 new articles saved
19:14:13  INFO     [FI] 'artificial intelligence' → 100 entries, 51 kept so far
19:14:13  INFO     [DK] +25 new articles saved
19:14:13  INFO     [AT] +29 new articles saved
19:14:13  INFO     [PT] 'artificial intelligence' → 100 entries, 63 kept so far
19:14:13  INFO     [CZ] 'artificial intelligence' → 100 entries, 16 kept so far
19:14:14  INFO     [RO] 'artificial intelligence' → 100 entries, 39 kept so far
19:14:14  INFO     [HU] 'artificial intelligence' → 100 entries, 16 kept so far
19:14:14  INFO     [FI] 'AI regulation' → 51 entries, 65 kept so far
19:14:15  INFO     [PT] 'AI regulation' → 79 entries, 91 kept so far
19:14:15  INFO     [CZ] 'AI regulation' → 79 entries, 31 kept so far
19:14:15  INFO     [RO] 'AI regulation' → 75 entries, 50 kept so far
19:14:15  INFO     [HU] 'AI regulation' → 79 entries, 20 kept so far
19:14:16  INFO     [FI] 'machine learning' → 88 entries, 103 kept so far
19:14:16  INFO     [CZ] 'machine learning' → 80 entries, 51 kept so far
19:14:17  INFO     [PT] 'machine learning' → 100 entries, 163 kept so far
19:14:17  INFO     [RO] 'machine learning' → 100 entries, 103 kept so far
19:14:17  INFO     [HU] 'machine learning' → 70 entries, 44 kept so far
19:14:18  INFO     [FI] 'EU AI Act' → 75 entries, 142 kept so far
19:14:18  INFO     [CZ] 'EU AI Act' → 77 entries, 62 kept so far
19:14:18  INFO     [PT] 'EU AI Act' → 45 entries, 170 kept so far
19:14:18  INFO     [RO] 'EU AI Act' → 79 entries, 112 kept so far
19:14:18  INFO     [HU] 'EU AI Act' → 78 entries, 63 kept so far
19:14:19  INFO     [FI] 'generative AI' → 59 entries, 176 kept so far
19:14:19  INFO     [CZ] 'generative AI' → 81 entries, 80 kept so far
19:14:20  INFO     [PT] 'generative AI' → 100 entries, 201 kept so far
19:14:20  INFO     [RO] 'generative AI' → 78 entries, 131 kept so far
19:14:20  INFO     [HU] 'generative AI' → 73 entries, 87 kept so far
19:14:20  INFO     [FI] +80 new articles saved
19:14:20  INFO     [CZ] +43 new articles saved
19:14:21  INFO     [GR] 'artificial intelligence' → 100 entries, 48 kept so far
19:14:21  INFO     [PT] +83 new articles saved
19:14:21  INFO     [RO] +55 new articles saved
19:14:21  INFO     [HR] 'artificial intelligence' → 102 entries, 66 kept so far
19:14:21  INFO     [HU] +39 new articles saved
19:14:21  INFO     [SK] 'artificial intelligence' → 100 entries, 24 kept so far
19:14:21  INFO     [BG] 'artificial intelligence' → 68 entries, 33 kept so far
19:14:21  INFO     [IE] 'artificial intelligence' → 100 entries, 67 kept so far
19:14:22  INFO     [GR] 'AI regulation' → 59 entries, 98 kept so far
19:14:22  INFO     [SK] 'AI regulation' → 20 entries, 28 kept so far
19:14:22  INFO     [HR] 'AI regulation' → 100 entries, 106 kept so far
19:14:23  INFO     [BG] 'AI regulation' → 7 entries, 34 kept so far
19:14:23  INFO     [IE] 'AI regulation' → 100 entries, 112 kept so far
19:14:24  INFO     [SK] 'machine learning' → 69 entries, 44 kept so far
19:14:24  INFO     [GR] 'machine learning' → 85 entries, 131 kept so far
19:14:24  INFO     [BG] 'machine learning' → 56 entries, 44 kept so far
19:14:24  INFO     [HR] 'machine learning' → 100 entries, 182 kept so far
19:14:25  INFO     [IE] 'machine learning' → 100 entries, 190 kept so far
19:14:25  INFO     [SK] 'EU AI Act' → 63 entries, 59 kept so far
19:14:25  INFO     [GR] 'EU AI Act' → 59 entries, 148 kept so far
19:14:25  INFO     [BG] 'EU AI Act' → 7 entries, 46 kept so far
19:14:26  INFO     [HR] 'EU AI Act' → 100 entries, 265 kept so far
19:14:26  INFO     [SK] 'generative AI' → 48 entries, 69 kept so far
19:14:26  INFO     [BG] 'generative AI' → 28 entries, 52 kept so far
19:14:27  INFO     [GR] 'generative AI' → 100 entries, 188 kept so far
19:14:27  INFO     [IE] 'EU AI Act' → 100 entries, 265 kept so far
19:14:27  INFO     [HR] 'generative AI' → 100 entries, 335 kept so far
19:14:27  INFO     [SK] +30 new articles saved
19:14:28  INFO     [BG] +28 new articles saved
19:14:28  INFO     [GR] +108 new articles saved
19:14:28  INFO     [SI] 'artificial intelligence' → 100 entries, 47 kept so far
19:14:28  INFO     [LT] 'artificial intelligence' → 88 entries, 32 kept so far
19:14:28  INFO     [LV] 'artificial intelligence' → 77 entries, 27 kept so far
19:14:28  INFO     [HR] +263 new articles saved
19:14:28  INFO     [IE] 'generative AI' → 100 entries, 333 kept so far
19:14:29  INFO     [EE] 'artificial intelligence' → 100 entries, 47 kept so far
19:14:29  INFO     [SI] 'AI regulation' → 4 entries, 47 kept so far
19:14:29  INFO     [LT] 'AI regulation' → 9 entries, 32 kept so far
19:14:29  INFO     [IE] +94 new articles saved
19:14:29  INFO     [LV] 'AI regulation' → 7 entries, 27 kept so far
19:14:30  INFO     [CY] 'artificial intelligence' → 100 entries, 48 kept so far
19:14:30  INFO     [EE] 'AI regulation' → 7 entries, 48 kept so far
19:14:31  INFO     [SI] 'machine learning' → 24 entries, 50 kept so far
19:14:31  INFO     [LT] 'machine learning' → 32 entries, 36 kept so far
19:14:31  INFO     [LV] 'machine learning' → 11 entries, 29 kept so far
19:14:31  INFO     [CY] 'AI regulation' → 59 entries, 98 kept so far
19:14:31  INFO     [EE] 'machine learning' → 13 entries, 52 kept so far
19:14:32  INFO     [SI] 'EU AI Act' → 29 entries, 56 kept so far
19:14:32  INFO     [LV] 'EU AI Act' → 9 entries, 29 kept so far
19:14:32  INFO     [LT] 'EU AI Act' → 18 entries, 37 kept so far
19:14:33  INFO     [CY] 'machine learning' → 85 entries, 131 kept so far
19:14:33  INFO     [EE] 'EU AI Act' → 18 entries, 54 kept so far
19:14:33  INFO     [SI] 'generative AI' → 14 entries, 61 kept so far
19:14:33  INFO     [LV] 'generative AI' → 8 entries, 31 kept so far
19:14:33  INFO     [LT] 'generative AI' → 26 entries, 45 kept so far
19:14:34  INFO     [CY] 'EU AI Act' → 59 entries, 148 kept so far
19:14:34  INFO     [SI] +21 new articles saved
19:14:34  INFO     [EE] 'generative AI' → 10 entries, 56 kept so far
19:14:34  INFO     [LV] +14 new articles saved
19:14:34  INFO     [LT] +13 new articles saved
19:14:34  INFO     [MT] 'artificial intelligence' → 102 entries, 66 kept so far
19:14:35  INFO     [LU] 'artificial intelligence' → 100 entries, 55 kept so far
19:14:35  INFO     [EE] +22 new articles saved
19:14:35  INFO     [MT] 'AI regulation' → 100 entries, 106 kept so far
19:14:36  INFO     [CY] 'generative AI' → 100 entries, 188 kept so far
19:14:36  INFO     [LU] 'AI regulation' → 100 entries, 131 kept so far
19:14:37  INFO     [CY] +0 new articles saved
19:14:37  INFO     [MT] 'machine learning' → 100 entries, 182 kept so far
19:14:37  INFO     [LU] 'machine learning' → 100 entries, 188 kept so far
19:14:38  INFO     [MT] 'EU AI Act' → 100 entries, 265 kept so far
19:14:39  INFO     [LU] 'EU AI Act' → 74 entries, 228 kept so far
19:14:39  INFO     [MT] 'generative AI' → 100 entries, 335 kept so far
19:14:40  INFO     [MT] +0 new articles saved
19:14:40  INFO     [LU] 'generative AI' → 100 entries, 256 kept so far
19:14:41  INFO     [LU] +0 new articles saved
19:14:41  INFO     Scrape complete. 1644 new articles this run.
