16:05:04  INFO     Starting scrape: 27 countries, 5 queries each
/home/runner/work/EU_AI_News/EU_AI_News/eu_ai_news_scraper.py:230: DeprecationWarning: datetime.datetime.utcnow() is deprecated and scheduled for removal in a future version. Use timezone-aware objects to represent datetimes in UTC: datetime.datetime.now(datetime.UTC).
  "scraped_at":   datetime.utcnow().isoformat(),
16:05:04  INFO     [DE] 'artificial intelligence' → 100 entries, 42 kept so far
16:05:05  INFO     [FR] 'artificial intelligence' → 102 entries, 59 kept so far
16:05:05  INFO     [IT] 'artificial intelligence' → 100 entries, 31 kept so far
16:05:05  INFO     [PL] 'artificial intelligence' → 100 entries, 17 kept so far
16:05:05  INFO     [ES] 'artificial intelligence' → 100 entries, 55 kept so far
16:05:06  INFO     [DE] 'AI regulation' → 100 entries, 119 kept so far
16:05:06  INFO     [FR] 'AI regulation' → 100 entries, 146 kept so far
16:05:06  INFO     [IT] 'AI regulation' → 100 entries, 122 kept so far
16:05:06  INFO     [PL] 'AI regulation' → 77 entries, 76 kept so far
16:05:06  INFO     [ES] 'AI regulation' → 77 entries, 94 kept so far
16:05:08  INFO     [DE] 'machine learning' → 100 entries, 168 kept so far
16:05:08  INFO     [FR] 'machine learning' → 100 entries, 202 kept so far
16:05:08  INFO     [IT] 'machine learning' → 100 entries, 197 kept so far
16:05:08  INFO     [ES] 'machine learning' → 100 entries, 166 kept so far
16:05:09  INFO     [PL] 'machine learning' → 100 entries, 128 kept so far
16:05:09  INFO     [DE] 'EU AI Act' → 100 entries, 240 kept so far
16:05:09  INFO     [FR] 'EU AI Act' → 90 entries, 243 kept so far
16:05:10  INFO     [IT] 'EU AI Act' → 100 entries, 244 kept so far
16:05:10  INFO     [ES] 'EU AI Act' → 78 entries, 196 kept so far
16:05:10  INFO     [PL] 'EU AI Act' → 78 entries, 143 kept so far
16:05:11  INFO     [DE] 'generative AI' → 100 entries, 268 kept so far
16:05:11  INFO     [FR] 'generative AI' → 100 entries, 274 kept so far
16:05:11  INFO     [IT] 'generative AI' → 100 entries, 285 kept so far
16:05:11  INFO     [ES] 'generative AI' → 100 entries, 243 kept so far
16:05:12  INFO     [PL] 'generative AI' → 100 entries, 179 kept so far
16:05:12  INFO     [DE] +191 new articles saved
16:05:12  INFO     [FR] +171 new articles saved
16:05:12  INFO     [IT] +199 new articles saved
16:05:12  INFO     [NL] 'artificial intelligence' → 100 entries, 11 kept so far
16:05:13  INFO     [SE] 'artificial intelligence' → 100 entries, 14 kept so far
16:05:13  INFO     [BE] 'artificial intelligence' → 100 entries, 64 kept so far
16:05:13  INFO     [AT] 'artificial intelligence' → 100 entries, 46 kept so far
16:05:13  INFO     [ES] +150 new articles saved
16:05:13  INFO     [PL] +105 new articles saved
16:05:13  INFO     [DK] 'artificial intelligence' → 100 entries, 18 kept so far
16:05:14  INFO     [NL] 'AI regulation' → 77 entries, 57 kept so far
16:05:14  INFO     [SE] 'AI regulation' → 75 entries, 28 kept so far
16:05:15  INFO     [BE] 'AI regulation' → 100 entries, 151 kept so far
16:05:15  INFO     [AT] 'AI regulation' → 100 entries, 120 kept so far
16:05:15  INFO     [NL] 'machine learning' → 100 entries, 112 kept so far
16:05:16  INFO     [SE] 'machine learning' → 83 entries, 52 kept so far
16:05:16  INFO     [BE] 'machine learning' → 100 entries, 204 kept so far
16:05:16  INFO     [AT] 'machine learning' → 100 entries, 172 kept so far
16:05:17  INFO     [NL] 'EU AI Act' → 100 entries, 142 kept so far
16:05:17  INFO     [SE] 'EU AI Act' → 65 entries, 60 kept so far
16:05:18  INFO     [AT] 'EU AI Act' → 100 entries, 247 kept so far
16:05:19  INFO     [DK] 'AI regulation' → 0 entries, 18 kept so far
16:05:19  INFO     [NL] 'generative AI' → 100 entries, 174 kept so far
16:05:19  INFO     [SE] 'generative AI' → 71 entries, 69 kept so far
16:05:19  INFO     [BE] 'EU AI Act' → 99 entries, 248 kept so far
16:05:20  INFO     [AT] 'generative AI' → 100 entries, 281 kept so far
16:05:20  INFO     [NL] +83 new articles saved
16:05:20  INFO     [SE] +38 new articles saved
16:05:20  INFO     [DK] 'machine learning' → 82 entries, 40 kept so far
16:05:20  INFO     [FI] 'artificial intelligence' → 100 entries, 65 kept so far
16:05:20  INFO     [PT] 'artificial intelligence' → 100 entries, 60 kept so far
16:05:21  INFO     [AT] +55 new articles saved
16:05:21  INFO     [BE] 'generative AI' → 100 entries, 274 kept so far
16:05:21  INFO     [CZ] 'artificial intelligence' → 101 entries, 18 kept so far
16:05:22  INFO     [DK] 'EU AI Act' → 75 entries, 61 kept so far
16:05:22  INFO     [FI] 'AI regulation' → 59 entries, 77 kept so far
16:05:22  INFO     [BE] +29 new articles saved
16:05:22  INFO     [PT] 'AI regulation' → 78 entries, 98 kept so far
16:05:23  INFO     [RO] 'artificial intelligence' → 100 entries, 39 kept so far
16:05:23  INFO     [CZ] 'AI regulation' → 76 entries, 41 kept so far
16:05:23  INFO     [DK] 'generative AI' → 100 entries, 95 kept so far
16:05:23  INFO     [FI] 'machine learning' → 82 entries, 122 kept so far
16:05:24  INFO     [PT] 'machine learning' → 100 entries, 176 kept so far
16:05:24  INFO     [CZ] 'machine learning' → 80 entries, 63 kept so far
16:05:24  INFO     [RO] 'AI regulation' → 77 entries, 50 kept so far
16:05:24  INFO     [DK] +48 new articles saved
16:05:25  INFO     [HU] 'artificial intelligence' → 100 entries, 22 kept so far
16:05:25  INFO     [FI] 'EU AI Act' → 69 entries, 162 kept so far
16:05:25  INFO     [PT] 'EU AI Act' → 62 entries, 189 kept so far
16:05:26  INFO     [CZ] 'EU AI Act' → 73 entries, 76 kept so far
16:05:26  INFO     [RO] 'machine learning' → 100 entries, 106 kept so far
16:05:26  INFO     [HU] 'AI regulation' → 78 entries, 26 kept so far
16:05:26  INFO     [FI] 'generative AI' → 69 entries, 205 kept so far
16:05:27  INFO     [PT] 'generative AI' → 100 entries, 220 kept so far
16:05:27  INFO     [CZ] 'generative AI' → 77 entries, 94 kept so far
16:05:27  INFO     [RO] 'EU AI Act' → 70 entries, 129 kept so far
16:05:27  INFO     [FI] +114 new articles saved
16:05:28  INFO     [HU] 'machine learning' → 66 entries, 51 kept so far
16:05:28  INFO     [GR] 'artificial intelligence' → 100 entries, 39 kept so far
16:05:28  INFO     [PT] +139 new articles saved
16:05:28  INFO     [CZ] +62 new articles saved
16:05:29  INFO     [SK] 'artificial intelligence' → 100 entries, 24 kept so far
16:05:29  INFO     [RO] 'generative AI' → 91 entries, 152 kept so far
16:05:29  INFO     [IE] 'artificial intelligence' → 100 entries, 59 kept so far
16:05:29  INFO     [HU] 'EU AI Act' → 78 entries, 74 kept so far
16:05:30  INFO     [GR] 'AI regulation' → 66 entries, 89 kept so far
16:05:30  INFO     [RO] +96 new articles saved
16:05:30  INFO     [SK] 'AI regulation' → 30 entries, 27 kept so far
16:05:30  INFO     [HR] 'artificial intelligence' → 102 entries, 60 kept so far
16:05:31  INFO     [IE] 'AI regulation' → 100 entries, 110 kept so far
16:05:31  INFO     [HU] 'generative AI' → 69 entries, 94 kept so far
16:05:31  INFO     [GR] 'machine learning' → 100 entries, 128 kept so far
16:05:31  INFO     [SK] 'machine learning' → 59 entries, 41 kept so far
16:05:32  INFO     [HU] +58 new articles saved
16:05:32  INFO     [HR] 'AI regulation' → 100 entries, 105 kept so far
16:05:32  INFO     [IE] 'machine learning' → 100 entries, 186 kept so far
16:05:32  INFO     [BG] 'artificial intelligence' → 100 entries, 42 kept so far
16:05:33  INFO     [GR] 'EU AI Act' → 60 entries, 143 kept so far
16:05:33  INFO     [SK] 'EU AI Act' → 60 entries, 51 kept so far
16:05:34  INFO     [HR] 'machine learning' → 100 entries, 180 kept so far
16:05:34  INFO     [BG] 'AI regulation' → 23 entries, 44 kept so far
16:05:34  INFO     [IE] 'EU AI Act' → 100 entries, 261 kept so far
16:05:34  INFO     [SK] 'generative AI' → 50 entries, 66 kept so far
16:05:34  INFO     [GR] 'generative AI' → 100 entries, 192 kept so far
16:05:35  INFO     [HR] 'EU AI Act' → 100 entries, 261 kept so far
16:05:35  INFO     [BG] 'machine learning' → 54 entries, 55 kept so far
16:05:35  INFO     [SK] +36 new articles saved
16:05:35  INFO     [GR] +135 new articles saved
16:05:36  INFO     [LT] 'artificial intelligence' → 84 entries, 26 kept so far
16:05:36  INFO     [SI] 'artificial intelligence' → 100 entries, 41 kept so far
16:05:36  INFO     [IE] 'generative AI' → 100 entries, 331 kept so far
16:05:37  INFO     [BG] 'EU AI Act' → 21 entries, 57 kept so far
16:05:37  INFO     [HR] 'generative AI' → 100 entries, 328 kept so far
16:05:37  INFO     [LT] 'AI regulation' → 8 entries, 26 kept so far
16:05:37  INFO     [SI] 'AI regulation' → 5 entries, 41 kept so far
16:05:37  INFO     [IE] +301 new articles saved
16:05:38  INFO     [LV] 'artificial intelligence' → 67 entries, 22 kept so far
16:05:38  INFO     [HR] +117 new articles saved
16:05:38  INFO     [BG] 'generative AI' → 38 entries, 62 kept so far
16:05:38  INFO     [EE] 'artificial intelligence' → 93 entries, 45 kept so far
16:05:38  INFO     [LT] 'machine learning' → 36 entries, 29 kept so far
16:05:38  INFO     [SI] 'machine learning' → 22 entries, 44 kept so far
16:05:39  INFO     [BG] +39 new articles saved
16:05:39  INFO     [LV] 'AI regulation' → 5 entries, 22 kept so far
16:05:39  INFO     [CY] 'artificial intelligence' → 100 entries, 39 kept so far
16:05:40  INFO     [LT] 'EU AI Act' → 19 entries, 30 kept so far
16:05:40  INFO     [SI] 'EU AI Act' → 26 entries, 50 kept so far
16:05:40  INFO     [EE] 'AI regulation' → 3 entries, 45 kept so far
16:05:40  INFO     [LV] 'machine learning' → 11 entries, 26 kept so far
16:05:41  INFO     [CY] 'AI regulation' → 66 entries, 89 kept so far
16:05:41  INFO     [LT] 'generative AI' → 16 entries, 36 kept so far
16:05:41  INFO     [SI] 'generative AI' → 17 entries, 52 kept so far
16:05:41  INFO     [EE] 'machine learning' → 23 entries, 46 kept so far
16:05:42  INFO     [LV] 'EU AI Act' → 7 entries, 27 kept so far
16:05:42  INFO     [LT] +13 new articles saved
16:05:42  INFO     [SI] +21 new articles saved
16:05:42  INFO     [MT] 'artificial intelligence' → 102 entries, 60 kept so far
16:05:42  INFO     [CY] 'machine learning' → 100 entries, 128 kept so far
16:05:43  INFO     [LU] 'artificial intelligence' → 102 entries, 59 kept so far
16:05:43  INFO     [EE] 'EU AI Act' → 8 entries, 46 kept so far
16:05:43  INFO     [LV] 'generative AI' → 10 entries, 28 kept so far
16:05:43  INFO     [MT] 'AI regulation' → 100 entries, 105 kept so far
16:05:44  INFO     [CY] 'EU AI Act' → 60 entries, 143 kept so far
16:05:44  INFO     [LV] +13 new articles saved
16:05:44  INFO     [EE] 'generative AI' → 10 entries, 48 kept so far
16:05:44  INFO     [LU] 'AI regulation' → 100 entries, 146 kept so far
16:05:45  INFO     [MT] 'machine learning' → 100 entries, 180 kept so far
16:05:45  INFO     [EE] +27 new articles saved
16:05:45  INFO     [CY] 'generative AI' → 100 entries, 192 kept so far
16:05:46  INFO     [LU] 'machine learning' → 100 entries, 202 kept so far
16:05:46  INFO     [MT] 'EU AI Act' → 100 entries, 261 kept so far
16:05:46  INFO     [CY] +0 new articles saved
16:05:47  INFO     [MT] 'generative AI' → 100 entries, 328 kept so far
16:05:47  INFO     [LU] 'EU AI Act' → 90 entries, 243 kept so far
16:05:48  INFO     [MT] +0 new articles saved
16:05:49  INFO     [LU] 'generative AI' → 100 entries, 274 kept so far
16:05:50  INFO     [LU] +0 new articles saved
16:05:50  INFO     Scrape complete. 2240 new articles this run.
