11:15:11  INFO     Starting scrape: 27 countries, 5 queries each
/home/runner/work/EU_AI_News/EU_AI_News/eu_ai_news_scraper.py:230: DeprecationWarning: datetime.datetime.utcnow() is deprecated and scheduled for removal in a future version. Use timezone-aware objects to represent datetimes in UTC: datetime.datetime.now(datetime.UTC).
  "scraped_at":   datetime.utcnow().isoformat(),
11:15:12  INFO     [IT] 'artificial intelligence' → 102 entries, 41 kept so far
11:15:12  INFO     [DE] 'artificial intelligence' → 100 entries, 41 kept so far
11:15:12  INFO     [FR] 'artificial intelligence' → 102 entries, 54 kept so far
11:15:12  INFO     [ES] 'artificial intelligence' → 100 entries, 56 kept so far
11:15:12  INFO     [PL] 'artificial intelligence' → 100 entries, 9 kept so far
11:15:13  INFO     [IT] 'AI regulation' → 100 entries, 130 kept so far
11:15:13  INFO     [DE] 'AI regulation' → 100 entries, 121 kept so far
11:15:13  INFO     [FR] 'AI regulation' → 98 entries, 142 kept so far
11:15:14  INFO     [PL] 'AI regulation' → 78 entries, 69 kept so far
11:15:14  INFO     [ES] 'AI regulation' → 77 entries, 93 kept so far
11:15:15  INFO     [FR] 'machine learning' → 100 entries, 197 kept so far
11:15:15  INFO     [DE] 'machine learning' → 100 entries, 175 kept so far
11:15:15  INFO     [IT] 'machine learning' → 100 entries, 207 kept so far
11:15:15  INFO     [PL] 'machine learning' → 100 entries, 124 kept so far
11:15:15  INFO     [ES] 'machine learning' → 100 entries, 169 kept so far
11:15:17  INFO     [FR] 'EU AI Act' → 94 entries, 238 kept so far
11:15:17  INFO     [DE] 'EU AI Act' → 100 entries, 244 kept so far
11:15:17  INFO     [IT] 'EU AI Act' → 100 entries, 251 kept so far
11:15:17  INFO     [PL] 'EU AI Act' → 77 entries, 140 kept so far
11:15:17  INFO     [ES] 'EU AI Act' → 78 entries, 198 kept so far
11:15:18  INFO     [FR] 'generative AI' → 100 entries, 270 kept so far
11:15:18  INFO     [DE] 'generative AI' → 100 entries, 265 kept so far
11:15:18  INFO     [PL] 'generative AI' → 100 entries, 173 kept so far
11:15:19  INFO     [IT] 'generative AI' → 100 entries, 297 kept so far
11:15:19  INFO     [ES] 'generative AI' → 100 entries, 249 kept so far
11:15:19  INFO     [FR] +156 new articles saved
11:15:19  INFO     [DE] +176 new articles saved
11:15:19  INFO     [PL] +96 new articles saved
11:15:20  INFO     [IT] +198 new articles saved
11:15:20  INFO     [NL] 'artificial intelligence' → 100 entries, 10 kept so far
11:15:20  INFO     [ES] +162 new articles saved
11:15:20  INFO     [BE] 'artificial intelligence' → 100 entries, 47 kept so far
11:15:20  INFO     [SE] 'artificial intelligence' → 100 entries, 13 kept so far
11:15:20  INFO     [AT] 'artificial intelligence' → 100 entries, 32 kept so far
11:15:20  INFO     [DK] 'artificial intelligence' → 100 entries, 14 kept so far
11:15:22  INFO     [NL] 'AI regulation' → 77 entries, 59 kept so far
11:15:22  INFO     [SE] 'AI regulation' → 73 entries, 24 kept so far
11:15:22  INFO     [BE] 'AI regulation' → 92 entries, 129 kept so far
11:15:22  INFO     [AT] 'AI regulation' → 100 entries, 109 kept so far
11:15:22  INFO     [DK] 'AI regulation' → 51 entries, 22 kept so far
11:15:23  INFO     [NL] 'machine learning' → 100 entries, 107 kept so far
11:15:23  INFO     [SE] 'machine learning' → 82 entries, 49 kept so far
11:15:24  INFO     [AT] 'machine learning' → 100 entries, 165 kept so far
11:15:24  INFO     [BE] 'machine learning' → 100 entries, 180 kept so far
11:15:24  INFO     [DK] 'machine learning' → 81 entries, 46 kept so far
11:15:25  INFO     [SE] 'EU AI Act' → 65 entries, 58 kept so far
11:15:25  INFO     [NL] 'EU AI Act' → 100 entries, 137 kept so far
11:15:25  INFO     [DK] 'EU AI Act' → 73 entries, 61 kept so far
11:15:25  INFO     [AT] 'EU AI Act' → 100 entries, 240 kept so far
11:15:25  INFO     [BE] 'EU AI Act' → 100 entries, 223 kept so far
11:15:26  INFO     [SE] 'generative AI' → 73 entries, 69 kept so far
11:15:26  INFO     [NL] 'generative AI' → 100 entries, 167 kept so far
11:15:27  INFO     [DK] 'generative AI' → 100 entries, 95 kept so far
11:15:27  INFO     [BE] 'generative AI' → 100 entries, 249 kept so far
11:15:27  INFO     [AT] 'generative AI' → 100 entries, 263 kept so far
11:15:27  INFO     [SE] +36 new articles saved
11:15:27  INFO     [NL] +75 new articles saved
11:15:28  INFO     [DK] +43 new articles saved
11:15:28  INFO     [FI] 'artificial intelligence' → 100 entries, 57 kept so far
11:15:28  INFO     [BE] +17 new articles saved
11:15:28  INFO     [AT] +51 new articles saved
11:15:28  INFO     [PT] 'artificial intelligence' → 100 entries, 62 kept so far
11:15:28  INFO     [CZ] 'artificial intelligence' → 100 entries, 14 kept so far
11:15:29  INFO     [RO] 'artificial intelligence' → 100 entries, 48 kept so far
11:15:29  INFO     [HU] 'artificial intelligence' → 100 entries, 24 kept so far
11:15:30  INFO     [FI] 'AI regulation' → 62 entries, 70 kept so far
11:15:30  INFO     [PT] 'AI regulation' → 77 entries, 97 kept so far
11:15:30  INFO     [CZ] 'AI regulation' → 77 entries, 39 kept so far
11:15:30  INFO     [RO] 'AI regulation' → 77 entries, 55 kept so far
11:15:30  INFO     [HU] 'AI regulation' → 79 entries, 27 kept so far
11:15:31  INFO     [FI] 'machine learning' → 82 entries, 112 kept so far
11:15:32  INFO     [CZ] 'machine learning' → 82 entries, 58 kept so far
11:15:32  INFO     [PT] 'machine learning' → 100 entries, 174 kept so far
11:15:32  INFO     [HU] 'machine learning' → 65 entries, 51 kept so far
11:15:32  INFO     [RO] 'machine learning' → 100 entries, 110 kept so far
11:15:33  INFO     [FI] 'EU AI Act' → 66 entries, 150 kept so far
11:15:33  INFO     [CZ] 'EU AI Act' → 75 entries, 73 kept so far
11:15:33  INFO     [PT] 'EU AI Act' → 58 entries, 187 kept so far
11:15:34  INFO     [HU] 'EU AI Act' → 77 entries, 69 kept so far
11:15:34  INFO     [RO] 'EU AI Act' → 70 entries, 137 kept so far
11:15:35  INFO     [FI] 'generative AI' → 63 entries, 188 kept so far
11:15:35  INFO     [CZ] 'generative AI' → 73 entries, 92 kept so far
11:15:35  INFO     [HU] 'generative AI' → 68 entries, 90 kept so far
11:15:35  INFO     [PT] 'generative AI' → 100 entries, 220 kept so far
11:15:35  INFO     [RO] 'generative AI' → 99 entries, 162 kept so far
11:15:36  INFO     [FI] +100 new articles saved
11:15:36  INFO     [CZ] +58 new articles saved
11:15:36  INFO     [HU] +56 new articles saved
11:15:36  INFO     [GR] 'artificial intelligence' → 100 entries, 41 kept so far
11:15:36  INFO     [PT] +146 new articles saved
11:15:36  INFO     [RO] +105 new articles saved
11:15:36  INFO     [SK] 'artificial intelligence' → 100 entries, 25 kept so far
11:15:37  INFO     [IE] 'artificial intelligence' → 100 entries, 59 kept so far
11:15:37  INFO     [BG] 'artificial intelligence' → 86 entries, 34 kept so far
11:15:37  INFO     [HR] 'artificial intelligence' → 102 entries, 64 kept so far
11:15:38  INFO     [GR] 'AI regulation' → 69 entries, 90 kept so far
11:15:38  INFO     [SK] 'AI regulation' → 31 entries, 28 kept so far
11:15:38  INFO     [BG] 'AI regulation' → 16 entries, 35 kept so far
11:15:39  INFO     [IE] 'AI regulation' → 100 entries, 112 kept so far
11:15:39  INFO     [HR] 'AI regulation' → 100 entries, 113 kept so far
11:15:39  INFO     [GR] 'machine learning' → 100 entries, 129 kept so far
11:15:40  INFO     [SK] 'machine learning' → 58 entries, 42 kept so far
11:15:40  INFO     [BG] 'machine learning' → 59 entries, 42 kept so far
11:15:40  INFO     [HR] 'machine learning' → 100 entries, 173 kept so far
11:15:40  INFO     [IE] 'machine learning' → 100 entries, 172 kept so far
11:15:41  INFO     [GR] 'EU AI Act' → 57 entries, 144 kept so far
11:15:41  INFO     [SK] 'EU AI Act' → 67 entries, 50 kept so far
11:15:41  INFO     [BG] 'EU AI Act' → 21 entries, 44 kept so far
11:15:42  INFO     [HR] 'EU AI Act' → 100 entries, 254 kept so far
11:15:42  INFO     [IE] 'EU AI Act' → 100 entries, 244 kept so far
11:15:43  INFO     [SK] 'generative AI' → 62 entries, 66 kept so far
11:15:43  INFO     [GR] 'generative AI' → 100 entries, 189 kept so far
11:15:43  INFO     [BG] 'generative AI' → 38 entries, 52 kept so far
11:15:43  INFO     [HR] 'generative AI' → 100 entries, 325 kept so far
11:15:44  INFO     [SK] +37 new articles saved
11:15:44  INFO     [IE] 'generative AI' → 100 entries, 308 kept so far
11:15:44  INFO     [GR] +127 new articles saved
11:15:44  INFO     [BG] +30 new articles saved
11:15:44  INFO     [HR] +294 new articles saved
11:15:44  INFO     [LT] 'artificial intelligence' → 82 entries, 27 kept so far
11:15:44  INFO     [LV] 'artificial intelligence' → 61 entries, 21 kept so far
11:15:44  INFO     [SI] 'artificial intelligence' → 100 entries, 50 kept so far
11:15:45  INFO     [EE] 'artificial intelligence' → 100 entries, 51 kept so far
11:15:45  INFO     [IE] +104 new articles saved
11:15:45  INFO     [CY] 'artificial intelligence' → 100 entries, 41 kept so far
11:15:46  INFO     [LV] 'AI regulation' → 5 entries, 21 kept so far
11:15:46  INFO     [LT] 'AI regulation' → 8 entries, 27 kept so far
11:15:46  INFO     [SI] 'AI regulation' → 2 entries, 50 kept so far
11:15:46  INFO     [EE] 'AI regulation' → 5 entries, 51 kept so far
11:15:47  INFO     [CY] 'AI regulation' → 69 entries, 90 kept so far
11:15:47  INFO     [LV] 'machine learning' → 15 entries, 24 kept so far
11:15:47  INFO     [LT] 'machine learning' → 30 entries, 31 kept so far
11:15:47  INFO     [SI] 'machine learning' → 22 entries, 51 kept so far
11:15:47  INFO     [EE] 'machine learning' → 29 entries, 53 kept so far
11:15:48  INFO     [CY] 'machine learning' → 100 entries, 129 kept so far
11:15:48  INFO     [LV] 'EU AI Act' → 9 entries, 25 kept so far
11:15:48  INFO     [LT] 'EU AI Act' → 19 entries, 32 kept so far
11:15:48  INFO     [SI] 'EU AI Act' → 29 entries, 56 kept so far
11:15:49  INFO     [EE] 'EU AI Act' → 9 entries, 53 kept so far
11:15:50  INFO     [LV] 'generative AI' → 10 entries, 26 kept so far
11:15:50  INFO     [CY] 'EU AI Act' → 56 entries, 143 kept so far
11:15:50  INFO     [LT] 'generative AI' → 16 entries, 38 kept so far
11:15:50  INFO     [SI] 'generative AI' → 16 entries, 57 kept so far
11:15:50  INFO     [EE] 'generative AI' → 11 entries, 55 kept so far
11:15:51  INFO     [LV] +11 new articles saved
11:15:51  INFO     [LT] +16 new articles saved
11:15:51  INFO     [SI] +24 new articles saved
11:15:51  INFO     [MT] 'artificial intelligence' → 102 entries, 64 kept so far
11:15:51  INFO     [CY] 'generative AI' → 100 entries, 189 kept so far
11:15:51  INFO     [LU] 'artificial intelligence' → 101 entries, 54 kept so far
11:15:51  INFO     [EE] +28 new articles saved
11:15:52  INFO     [MT] 'AI regulation' → 100 entries, 113 kept so far
11:15:52  INFO     [CY] +2 new articles saved
11:15:53  INFO     [LU] 'AI regulation' → 98 entries, 142 kept so far
11:15:53  INFO     [MT] 'machine learning' → 100 entries, 173 kept so far
11:15:54  INFO     [LU] 'machine learning' → 100 entries, 197 kept so far
11:15:54  INFO     [MT] 'EU AI Act' → 100 entries, 254 kept so far
11:15:56  INFO     [MT] 'generative AI' → 100 entries, 325 kept so far
11:15:56  INFO     [LU] 'EU AI Act' → 95 entries, 239 kept so far
11:15:57  INFO     [MT] +0 new articles saved
11:15:58  INFO     [LU] 'generative AI' → 100 entries, 270 kept so far
11:15:59  INFO     [LU] +1 new articles saved
11:15:59  INFO     Scrape complete. 2149 new articles this run.
