08:29:13  INFO     Starting scrape: 27 countries, 5 queries each
/home/runner/work/EU_AI_News/EU_AI_News/eu_ai_news_scraper.py:230: DeprecationWarning: datetime.datetime.utcnow() is deprecated and scheduled for removal in a future version. Use timezone-aware objects to represent datetimes in UTC: datetime.datetime.now(datetime.UTC).
  "scraped_at":   datetime.utcnow().isoformat(),
08:29:14  INFO     [DE] 'artificial intelligence' → 100 entries, 49 kept so far
08:29:14  INFO     [FR] 'artificial intelligence' → 100 entries, 43 kept so far
08:29:14  INFO     [PL] 'artificial intelligence' → 100 entries, 20 kept so far
08:29:14  INFO     [ES] 'artificial intelligence' → 100 entries, 63 kept so far
08:29:14  INFO     [IT] 'artificial intelligence' → 100 entries, 45 kept so far
08:29:15  INFO     [DE] 'AI regulation' → 54 entries, 84 kept so far
08:29:15  INFO     [PL] 'AI regulation' → 100 entries, 82 kept so far
08:29:15  INFO     [FR] 'AI regulation' → 100 entries, 117 kept so far
08:29:16  INFO     [ES] 'AI regulation' → 73 entries, 84 kept so far
08:29:16  INFO     [IT] 'AI regulation' → 100 entries, 105 kept so far
08:29:17  INFO     [DE] 'machine learning' → 100 entries, 131 kept so far
08:29:17  INFO     [FR] 'machine learning' → 100 entries, 171 kept so far
08:29:17  INFO     [PL] 'machine learning' → 100 entries, 122 kept so far
08:29:17  INFO     [IT] 'machine learning' → 100 entries, 182 kept so far
08:29:17  INFO     [ES] 'machine learning' → 100 entries, 155 kept so far
08:29:18  INFO     [DE] 'EU AI Act' → 100 entries, 206 kept so far
08:29:18  INFO     [FR] 'EU AI Act' → 85 entries, 213 kept so far
08:29:19  INFO     [PL] 'EU AI Act' → 78 entries, 138 kept so far
08:29:19  INFO     [IT] 'EU AI Act' → 100 entries, 249 kept so far
08:29:19  INFO     [ES] 'EU AI Act' → 76 entries, 191 kept so far
08:29:20  INFO     [DE] 'generative AI' → 100 entries, 229 kept so far
08:29:20  INFO     [FR] 'generative AI' → 100 entries, 246 kept so far
08:29:20  INFO     [PL] 'generative AI' → 100 entries, 170 kept so far
08:29:20  INFO     [IT] 'generative AI' → 100 entries, 286 kept so far
08:29:20  INFO     [ES] 'generative AI' → 100 entries, 229 kept so far
08:29:21  INFO     [DE] +150 new articles saved
08:29:21  INFO     [FR] +103 new articles saved
08:29:21  INFO     [PL] +90 new articles saved
08:29:21  INFO     [IT] +150 new articles saved
08:29:21  INFO     [NL] 'artificial intelligence' → 100 entries, 20 kept so far
08:29:21  INFO     [ES] +111 new articles saved
08:29:21  INFO     [BE] 'artificial intelligence' → 100 entries, 57 kept so far
08:29:22  INFO     [SE] 'artificial intelligence' → 100 entries, 7 kept so far
08:29:22  INFO     [AT] 'artificial intelligence' → 100 entries, 46 kept so far
08:29:22  INFO     [DK] 'artificial intelligence' → 100 entries, 11 kept so far
08:29:23  INFO     [NL] 'AI regulation' → 75 entries, 61 kept so far
08:29:23  INFO     [BE] 'AI regulation' → 100 entries, 132 kept so far
08:29:23  INFO     [SE] 'AI regulation' → 74 entries, 22 kept so far
08:29:23  INFO     [AT] 'AI regulation' → 59 entries, 85 kept so far
08:29:23  INFO     [DK] 'AI regulation' → 29 entries, 14 kept so far
08:29:24  INFO     [NL] 'machine learning' → 100 entries, 119 kept so far
08:29:24  INFO     [SE] 'machine learning' → 73 entries, 46 kept so far
08:29:25  INFO     [BE] 'machine learning' → 100 entries, 186 kept so far
08:29:25  INFO     [DK] 'machine learning' → 83 entries, 37 kept so far
08:29:25  INFO     [AT] 'machine learning' → 100 entries, 133 kept so far
08:29:26  INFO     [NL] 'EU AI Act' → 100 entries, 145 kept so far
08:29:26  INFO     [SE] 'EU AI Act' → 75 entries, 52 kept so far
08:29:26  INFO     [BE] 'EU AI Act' → 88 entries, 228 kept so far
08:29:26  INFO     [DK] 'EU AI Act' → 74 entries, 53 kept so far
08:29:26  INFO     [AT] 'EU AI Act' → 100 entries, 211 kept so far
08:29:27  INFO     [SE] 'generative AI' → 72 entries, 62 kept so far
08:29:27  INFO     [NL] 'generative AI' → 100 entries, 171 kept so far
08:29:28  INFO     [BE] 'generative AI' → 100 entries, 255 kept so far
08:29:28  INFO     [DK] 'generative AI' → 100 entries, 90 kept so far
08:29:28  INFO     [AT] 'generative AI' → 100 entries, 232 kept so far
08:29:28  INFO     [SE] +18 new articles saved
08:29:28  INFO     [NL] +71 new articles saved
08:29:29  INFO     [BE] +24 new articles saved
08:29:29  INFO     [DK] +27 new articles saved
08:29:29  INFO     [FI] 'artificial intelligence' → 100 entries, 57 kept so far
08:29:29  INFO     [AT] +40 new articles saved
08:29:29  INFO     [PT] 'artificial intelligence' → 100 entries, 68 kept so far
08:29:29  INFO     [CZ] 'artificial intelligence' → 100 entries, 20 kept so far
08:29:29  INFO     [RO] 'artificial intelligence' → 100 entries, 43 kept so far
08:29:29  INFO     [HU] 'artificial intelligence' → 100 entries, 27 kept so far
08:29:30  INFO     [FI] 'AI regulation' → 43 entries, 67 kept so far
08:29:31  INFO     [PT] 'AI regulation' → 75 entries, 99 kept so far
08:29:31  INFO     [RO] 'AI regulation' → 22 entries, 49 kept so far
08:29:31  INFO     [CZ] 'AI regulation' → 77 entries, 38 kept so far
08:29:31  INFO     [HU] 'AI regulation' → 79 entries, 29 kept so far
08:29:32  INFO     [PT] 'machine learning' → 100 entries, 172 kept so far
08:29:32  INFO     [FI] 'machine learning' → 89 entries, 107 kept so far
08:29:32  INFO     [RO] 'machine learning' → 100 entries, 102 kept so far
08:29:32  INFO     [CZ] 'machine learning' → 73 entries, 54 kept so far
08:29:32  INFO     [HU] 'machine learning' → 77 entries, 53 kept so far
08:29:34  INFO     [PT] 'EU AI Act' → 50 entries, 180 kept so far
08:29:34  INFO     [FI] 'EU AI Act' → 67 entries, 142 kept so far
08:29:34  INFO     [RO] 'EU AI Act' → 78 entries, 120 kept so far
08:29:34  INFO     [CZ] 'EU AI Act' → 71 entries, 64 kept so far
08:29:34  INFO     [HU] 'EU AI Act' → 74 entries, 74 kept so far
08:29:35  INFO     [PT] 'generative AI' → 100 entries, 208 kept so far
08:29:35  INFO     [FI] 'generative AI' → 65 entries, 180 kept so far
08:29:35  INFO     [RO] 'generative AI' → 83 entries, 137 kept so far
08:29:35  INFO     [CZ] 'generative AI' → 81 entries, 79 kept so far
08:29:35  INFO     [HU] 'generative AI' → 71 entries, 98 kept so far
08:29:36  INFO     [PT] +97 new articles saved
08:29:36  INFO     [FI] +89 new articles saved
08:29:36  INFO     [RO] +65 new articles saved
08:29:36  INFO     [CZ] +48 new articles saved
08:29:36  INFO     [HU] +53 new articles saved
08:29:36  INFO     [HR] 'artificial intelligence' → 100 entries, 56 kept so far
08:29:37  INFO     [SK] 'artificial intelligence' → 100 entries, 21 kept so far
08:29:37  INFO     [GR] 'artificial intelligence' → 100 entries, 46 kept so far
08:29:37  INFO     [BG] 'artificial intelligence' → 80 entries, 35 kept so far
08:29:37  INFO     [IE] 'artificial intelligence' → 100 entries, 61 kept so far
08:29:38  INFO     [HR] 'AI regulation' → 100 entries, 95 kept so far
08:29:38  INFO     [SK] 'AI regulation' → 14 entries, 24 kept so far
08:29:38  INFO     [BG] 'AI regulation' → 7 entries, 36 kept so far
08:29:38  INFO     [GR] 'AI regulation' → 62 entries, 96 kept so far
08:29:39  INFO     [IE] 'AI regulation' → 100 entries, 107 kept so far
08:29:39  INFO     [HR] 'machine learning' → 100 entries, 172 kept so far
08:29:39  INFO     [SK] 'machine learning' → 60 entries, 39 kept so far
08:29:39  INFO     [BG] 'machine learning' → 57 entries, 44 kept so far
08:29:40  INFO     [GR] 'machine learning' → 95 entries, 131 kept so far
08:29:40  INFO     [IE] 'machine learning' → 100 entries, 183 kept so far
08:29:41  INFO     [BG] 'EU AI Act' → 16 entries, 48 kept so far
08:29:41  INFO     [HR] 'EU AI Act' → 100 entries, 247 kept so far
08:29:41  INFO     [SK] 'EU AI Act' → 70 entries, 53 kept so far
08:29:41  INFO     [GR] 'EU AI Act' → 60 entries, 150 kept so far
08:29:42  INFO     [IE] 'EU AI Act' → 100 entries, 240 kept so far
08:29:42  INFO     [BG] 'generative AI' → 33 entries, 54 kept so far
08:29:42  INFO     [SK] 'generative AI' → 49 entries, 61 kept so far
08:29:42  INFO     [HR] 'generative AI' → 100 entries, 312 kept so far
08:29:43  INFO     [GR] 'generative AI' → 100 entries, 195 kept so far
08:29:43  INFO     [BG] +28 new articles saved
08:29:43  INFO     [SK] +30 new articles saved
08:29:43  INFO     [HR] +256 new articles saved
08:29:43  INFO     [IE] 'generative AI' → 100 entries, 308 kept so far
08:29:44  INFO     [LT] 'artificial intelligence' → 84 entries, 30 kept so far
08:29:44  INFO     [SI] 'artificial intelligence' → 100 entries, 48 kept so far
08:29:44  INFO     [LV] 'artificial intelligence' → 72 entries, 20 kept so far
08:29:44  INFO     [GR] +119 new articles saved
08:29:44  INFO     [EE] 'artificial intelligence' → 100 entries, 46 kept so far
08:29:44  INFO     [IE] +101 new articles saved
08:29:45  INFO     [LT] 'AI regulation' → 14 entries, 31 kept so far
08:29:45  INFO     [SI] 'AI regulation' → 1 entries, 48 kept so far
08:29:45  INFO     [LV] 'AI regulation' → 6 entries, 20 kept so far
08:29:45  INFO     [CY] 'artificial intelligence' → 100 entries, 46 kept so far
08:29:46  INFO     [EE] 'AI regulation' → 11 entries, 47 kept so far
08:29:46  INFO     [LT] 'machine learning' → 29 entries, 33 kept so far
08:29:46  INFO     [LV] 'machine learning' → 10 entries, 22 kept so far
08:29:46  INFO     [SI] 'machine learning' → 21 entries, 50 kept so far
08:29:46  INFO     [CY] 'AI regulation' → 62 entries, 96 kept so far
08:29:47  INFO     [EE] 'machine learning' → 12 entries, 49 kept so far
08:29:47  INFO     [LV] 'EU AI Act' → 8 entries, 22 kept so far
08:29:47  INFO     [LT] 'EU AI Act' → 22 entries, 34 kept so far
08:29:47  INFO     [SI] 'EU AI Act' → 31 entries, 57 kept so far
08:29:48  INFO     [CY] 'machine learning' → 95 entries, 131 kept so far
08:29:48  INFO     [EE] 'EU AI Act' → 19 entries, 52 kept so far
08:29:49  INFO     [LV] 'generative AI' → 8 entries, 23 kept so far
08:29:49  INFO     [LT] 'generative AI' → 24 entries, 42 kept so far
08:29:49  INFO     [SI] 'generative AI' → 12 entries, 59 kept so far
08:29:49  INFO     [CY] 'EU AI Act' → 60 entries, 150 kept so far
08:29:50  INFO     [EE] 'generative AI' → 13 entries, 56 kept so far
08:29:50  INFO     [LV] +10 new articles saved
08:29:50  INFO     [LT] +13 new articles saved
08:29:50  INFO     [MT] 'artificial intelligence' → 100 entries, 56 kept so far
08:29:50  INFO     [SI] +21 new articles saved
08:29:50  INFO     [LU] 'artificial intelligence' → 100 entries, 43 kept so far
08:29:51  INFO     [CY] 'generative AI' → 100 entries, 195 kept so far
08:29:51  INFO     [EE] +20 new articles saved
08:29:51  INFO     [MT] 'AI regulation' → 100 entries, 95 kept so far
08:29:51  INFO     [LU] 'AI regulation' → 100 entries, 117 kept so far
08:29:52  INFO     [CY] +0 new articles saved
08:29:52  INFO     [MT] 'machine learning' → 100 entries, 172 kept so far
08:29:53  INFO     [LU] 'machine learning' → 100 entries, 171 kept so far
08:29:53  INFO     [MT] 'EU AI Act' → 100 entries, 247 kept so far
08:29:54  INFO     [MT] 'generative AI' → 100 entries, 312 kept so far
08:29:54  INFO     [LU] 'EU AI Act' → 85 entries, 213 kept so far
08:29:55  INFO     [MT] +0 new articles saved
08:29:56  INFO     [LU] 'generative AI' → 100 entries, 246 kept so far
08:29:57  INFO     [LU] +0 new articles saved
08:29:57  INFO     Scrape complete. 1734 new articles this run.
