12:12:13  INFO     Starting scrape: 27 countries, 5 queries each
12:12:14  INFO     [PL] 'artificial intelligence' → 100 entries, 19 kept so far
/home/runner/work/EU_AI_News/EU_AI_News/eu_ai_news_scraper.py:230: DeprecationWarning: datetime.datetime.utcnow() is deprecated and scheduled for removal in a future version. Use timezone-aware objects to represent datetimes in UTC: datetime.datetime.now(datetime.UTC).
  "scraped_at":   datetime.utcnow().isoformat(),
12:12:14  INFO     [DE] 'artificial intelligence' → 100 entries, 40 kept so far
12:12:14  INFO     [IT] 'artificial intelligence' → 102 entries, 33 kept so far
12:12:14  INFO     [ES] 'artificial intelligence' → 100 entries, 56 kept so far
12:12:14  INFO     [FR] 'artificial intelligence' → 100 entries, 49 kept so far
12:12:16  INFO     [DE] 'AI regulation' → 100 entries, 119 kept so far
12:12:16  INFO     [PL] 'AI regulation' → 78 entries, 80 kept so far
12:12:16  INFO     [ES] 'AI regulation' → 78 entries, 97 kept so far
12:12:16  INFO     [IT] 'AI regulation' → 100 entries, 124 kept so far
12:12:16  INFO     [FR] 'AI regulation' → 100 entries, 138 kept so far
12:12:17  INFO     [DE] 'machine learning' → 100 entries, 174 kept so far
12:12:17  INFO     [PL] 'machine learning' → 100 entries, 132 kept so far
12:12:18  INFO     [FR] 'machine learning' → 100 entries, 190 kept so far
12:12:18  INFO     [IT] 'machine learning' → 100 entries, 202 kept so far
12:12:18  INFO     [ES] 'machine learning' → 100 entries, 175 kept so far
12:12:19  INFO     [DE] 'EU AI Act' → 100 entries, 248 kept so far
12:12:19  INFO     [PL] 'EU AI Act' → 79 entries, 149 kept so far
12:12:19  INFO     [FR] 'EU AI Act' → 98 entries, 236 kept so far
12:12:19  INFO     [IT] 'EU AI Act' → 100 entries, 267 kept so far
12:12:20  INFO     [ES] 'EU AI Act' → 78 entries, 204 kept so far
12:12:21  INFO     [DE] 'generative AI' → 100 entries, 279 kept so far
12:12:21  INFO     [PL] 'generative AI' → 100 entries, 182 kept so far
12:12:21  INFO     [FR] 'generative AI' → 100 entries, 263 kept so far
12:12:21  INFO     [IT] 'generative AI' → 100 entries, 307 kept so far
12:12:21  INFO     [ES] 'generative AI' → 100 entries, 254 kept so far
12:12:22  INFO     [DE] +202 new articles saved
12:12:22  INFO     [PL] +105 new articles saved
12:12:22  INFO     [FR] +158 new articles saved
12:12:22  INFO     [NL] 'artificial intelligence' → 100 entries, 14 kept so far
12:12:22  INFO     [IT] +198 new articles saved
12:12:22  INFO     [ES] +172 new articles saved
12:12:22  INFO     [BE] 'artificial intelligence' → 100 entries, 54 kept so far
12:12:23  INFO     [SE] 'artificial intelligence' → 100 entries, 9 kept so far
12:12:23  INFO     [AT] 'artificial intelligence' → 100 entries, 38 kept so far
12:12:23  INFO     [DK] 'artificial intelligence' → 100 entries, 19 kept so far
12:12:24  INFO     [NL] 'AI regulation' → 77 entries, 62 kept so far
12:12:24  INFO     [SE] 'AI regulation' → 70 entries, 23 kept so far
12:12:24  INFO     [BE] 'AI regulation' → 100 entries, 143 kept so far
12:12:25  INFO     [AT] 'AI regulation' → 100 entries, 113 kept so far
12:12:25  INFO     [DK] 'AI regulation' → 52 entries, 27 kept so far
12:12:25  INFO     [NL] 'machine learning' → 100 entries, 112 kept so far
12:12:26  INFO     [SE] 'machine learning' → 84 entries, 45 kept so far
12:12:26  INFO     [BE] 'machine learning' → 100 entries, 195 kept so far
12:12:26  INFO     [DK] 'machine learning' → 79 entries, 48 kept so far
12:12:26  INFO     [AT] 'machine learning' → 100 entries, 164 kept so far
12:12:27  INFO     [NL] 'EU AI Act' → 100 entries, 145 kept so far
12:12:27  INFO     [SE] 'EU AI Act' → 58 entries, 52 kept so far
12:12:28  INFO     [DK] 'EU AI Act' → 76 entries, 68 kept so far
12:12:28  INFO     [BE] 'EU AI Act' → 100 entries, 239 kept so far
12:12:28  INFO     [AT] 'EU AI Act' → 100 entries, 242 kept so far
12:12:28  INFO     [NL] 'generative AI' → 100 entries, 178 kept so far
12:12:29  INFO     [SE] 'generative AI' → 71 entries, 63 kept so far
12:12:29  INFO     [DK] 'generative AI' → 100 entries, 101 kept so far
12:12:30  INFO     [AT] 'generative AI' → 100 entries, 277 kept so far
12:12:30  INFO     [BE] 'generative AI' → 100 entries, 262 kept so far
12:12:30  INFO     [NL] +91 new articles saved
12:12:30  INFO     [SE] +32 new articles saved
12:12:30  INFO     [FI] 'artificial intelligence' → 100 entries, 61 kept so far
12:12:30  INFO     [DK] +52 new articles saved
12:12:31  INFO     [PT] 'artificial intelligence' → 100 entries, 58 kept so far
12:12:31  INFO     [AT] +37 new articles saved
12:12:31  INFO     [BE] +29 new articles saved
12:12:31  INFO     [CZ] 'artificial intelligence' → 100 entries, 13 kept so far
12:12:31  INFO     [HU] 'artificial intelligence' → 100 entries, 21 kept so far
12:12:31  INFO     [RO] 'artificial intelligence' → 100 entries, 36 kept so far
12:12:32  INFO     [FI] 'AI regulation' → 61 entries, 72 kept so far
12:12:32  INFO     [PT] 'AI regulation' → 77 entries, 96 kept so far
12:12:33  INFO     [CZ] 'AI regulation' → 76 entries, 33 kept so far
12:12:33  INFO     [HU] 'AI regulation' → 78 entries, 25 kept so far
12:12:33  INFO     [RO] 'AI regulation' → 78 entries, 46 kept so far
12:12:33  INFO     [FI] 'machine learning' → 83 entries, 116 kept so far
12:12:34  INFO     [PT] 'machine learning' → 100 entries, 173 kept so far
12:12:34  INFO     [CZ] 'machine learning' → 82 entries, 54 kept so far
12:12:34  INFO     [HU] 'machine learning' → 68 entries, 46 kept so far
12:12:35  INFO     [RO] 'machine learning' → 100 entries, 102 kept so far
12:12:35  INFO     [FI] 'EU AI Act' → 66 entries, 154 kept so far
12:12:36  INFO     [PT] 'EU AI Act' → 66 entries, 186 kept so far
12:12:36  INFO     [CZ] 'EU AI Act' → 74 entries, 69 kept so far
12:12:36  INFO     [HU] 'EU AI Act' → 79 entries, 70 kept so far
12:12:36  INFO     [RO] 'EU AI Act' → 78 entries, 131 kept so far
12:12:37  INFO     [FI] 'generative AI' → 71 entries, 195 kept so far
12:12:37  INFO     [PT] 'generative AI' → 100 entries, 216 kept so far
12:12:37  INFO     [CZ] 'generative AI' → 74 entries, 87 kept so far
12:12:38  INFO     [HU] 'generative AI' → 69 entries, 91 kept so far
12:12:38  INFO     [FI] +107 new articles saved
12:12:38  INFO     [RO] 'generative AI' → 90 entries, 156 kept so far
12:12:38  INFO     [GR] 'artificial intelligence' → 100 entries, 42 kept so far
12:12:38  INFO     [PT] +136 new articles saved
12:12:38  INFO     [CZ] +54 new articles saved
12:12:39  INFO     [HU] +55 new articles saved
12:12:39  INFO     [SK] 'artificial intelligence' → 100 entries, 24 kept so far
12:12:39  INFO     [RO] +101 new articles saved
12:12:39  INFO     [IE] 'artificial intelligence' → 100 entries, 48 kept so far
12:12:39  INFO     [HR] 'artificial intelligence' → 102 entries, 46 kept so far
12:12:40  INFO     [BG] 'artificial intelligence' → 93 entries, 37 kept so far
12:12:40  INFO     [SK] 'AI regulation' → 26 entries, 28 kept so far
12:12:41  INFO     [HR] 'AI regulation' → 102 entries, 94 kept so far
12:12:41  INFO     [IE] 'AI regulation' → 100 entries, 90 kept so far
12:12:41  INFO     [BG] 'AI regulation' → 17 entries, 37 kept so far
12:12:41  INFO     [GR] 'AI regulation' → 69 entries, 95 kept so far
12:12:42  INFO     [SK] 'machine learning' → 59 entries, 46 kept so far
12:12:43  INFO     [HR] 'machine learning' → 100 entries, 162 kept so far
12:12:43  INFO     [BG] 'machine learning' → 52 entries, 48 kept so far
12:12:43  INFO     [IE] 'machine learning' → 100 entries, 163 kept so far
12:12:43  INFO     [GR] 'machine learning' → 100 entries, 137 kept so far
12:12:43  INFO     [SK] 'EU AI Act' → 63 entries, 55 kept so far
12:12:44  INFO     [BG] 'EU AI Act' → 19 entries, 50 kept so far
12:12:44  INFO     [HR] 'EU AI Act' → 100 entries, 250 kept so far
12:12:44  INFO     [IE] 'EU AI Act' → 100 entries, 245 kept so far
12:12:45  INFO     [GR] 'EU AI Act' → 66 entries, 154 kept so far
12:12:45  INFO     [SK] 'generative AI' → 52 entries, 66 kept so far
12:12:45  INFO     [BG] 'generative AI' → 35 entries, 57 kept so far
12:12:46  INFO     [HR] 'generative AI' → 100 entries, 317 kept so far
12:12:46  INFO     [SK] +41 new articles saved
12:12:46  INFO     [GR] 'generative AI' → 100 entries, 199 kept so far
12:12:46  INFO     [IE] 'generative AI' → 100 entries, 302 kept so far
12:12:46  INFO     [BG] +36 new articles saved
12:12:46  INFO     [LT] 'artificial intelligence' → 82 entries, 25 kept so far
12:12:47  INFO     [HR] +295 new articles saved
12:12:47  INFO     [SI] 'artificial intelligence' → 100 entries, 39 kept so far
12:12:47  INFO     [LV] 'artificial intelligence' → 73 entries, 24 kept so far
12:12:47  INFO     [GR] +134 new articles saved
12:12:47  INFO     [IE] +102 new articles saved
12:12:48  INFO     [EE] 'artificial intelligence' → 100 entries, 44 kept so far
12:12:48  INFO     [LT] 'AI regulation' → 5 entries, 25 kept so far
12:12:48  INFO     [CY] 'artificial intelligence' → 100 entries, 42 kept so far
12:12:48  INFO     [SI] 'AI regulation' → 4 entries, 39 kept so far
12:12:48  INFO     [LV] 'AI regulation' → 2 entries, 24 kept so far
12:12:49  INFO     [EE] 'AI regulation' → 5 entries, 44 kept so far
12:12:49  INFO     [LT] 'machine learning' → 31 entries, 28 kept so far
12:12:49  INFO     [CY] 'AI regulation' → 69 entries, 95 kept so far
12:12:50  INFO     [SI] 'machine learning' → 21 entries, 41 kept so far
12:12:50  INFO     [LV] 'machine learning' → 12 entries, 28 kept so far
12:12:51  INFO     [LT] 'EU AI Act' → 20 entries, 30 kept so far
12:12:51  INFO     [EE] 'machine learning' → 21 entries, 45 kept so far
12:12:51  INFO     [CY] 'machine learning' → 100 entries, 136 kept so far
12:12:51  INFO     [SI] 'EU AI Act' → 23 entries, 48 kept so far
12:12:51  INFO     [LV] 'EU AI Act' → 8 entries, 29 kept so far
12:12:52  INFO     [LT] 'generative AI' → 16 entries, 36 kept so far
12:12:52  INFO     [EE] 'EU AI Act' → 11 entries, 47 kept so far
12:12:52  INFO     [SI] 'generative AI' → 13 entries, 50 kept so far
12:12:52  INFO     [LV] 'generative AI' → 10 entries, 30 kept so far
12:12:53  INFO     [CY] 'EU AI Act' → 66 entries, 152 kept so far
12:12:53  INFO     [LT] +15 new articles saved
12:12:53  INFO     [SI] +25 new articles saved
12:12:53  INFO     [LV] +14 new articles saved
12:12:54  INFO     [LU] 'artificial intelligence' → 100 entries, 48 kept so far
12:12:54  INFO     [EE] 'generative AI' → 13 entries, 50 kept so far
12:12:54  INFO     [MT] 'artificial intelligence' → 102 entries, 46 kept so far
12:12:54  INFO     [CY] 'generative AI' → 100 entries, 197 kept so far
12:12:55  INFO     [EE] +28 new articles saved
12:12:55  INFO     [MT] 'AI regulation' → 102 entries, 94 kept so far
12:12:55  INFO     [LU] 'AI regulation' → 100 entries, 137 kept so far
12:12:55  INFO     [CY] +2 new articles saved
12:12:56  INFO     [MT] 'machine learning' → 100 entries, 162 kept so far
12:12:57  INFO     [LU] 'machine learning' → 100 entries, 189 kept so far
12:12:57  INFO     [MT] 'EU AI Act' → 100 entries, 250 kept so far
12:12:58  INFO     [LU] 'EU AI Act' → 98 entries, 235 kept so far
12:12:58  INFO     [MT] 'generative AI' → 100 entries, 317 kept so far
12:12:59  INFO     [MT] +0 new articles saved
12:13:00  INFO     [LU] 'generative AI' → 100 entries, 262 kept so far
12:13:01  INFO     [LU] +0 new articles saved
12:13:01  INFO     Scrape complete. 2221 new articles this run.
