15:44:37  INFO     Starting scrape: 27 countries, 5 queries each
/home/runner/work/EU_AI_News/EU_AI_News/eu_ai_news_scraper.py:230: DeprecationWarning: datetime.datetime.utcnow() is deprecated and scheduled for removal in a future version. Use timezone-aware objects to represent datetimes in UTC: datetime.datetime.now(datetime.UTC).
  "scraped_at":   datetime.utcnow().isoformat(),
15:44:38  INFO     [DE] 'artificial intelligence' → 100 entries, 44 kept so far
15:44:38  INFO     [FR] 'artificial intelligence' → 101 entries, 60 kept so far
15:44:38  INFO     [PL] 'artificial intelligence' → 100 entries, 7 kept so far
15:44:38  INFO     [IT] 'artificial intelligence' → 102 entries, 28 kept so far
15:44:38  INFO     [ES] 'artificial intelligence' → 100 entries, 57 kept so far
15:44:39  INFO     [DE] 'AI regulation' → 100 entries, 125 kept so far
15:44:39  INFO     [PL] 'AI regulation' → 78 entries, 67 kept so far
15:44:40  INFO     [FR] 'AI regulation' → 99 entries, 149 kept so far
15:44:40  INFO     [IT] 'AI regulation' → 100 entries, 112 kept so far
15:44:40  INFO     [ES] 'AI regulation' → 78 entries, 95 kept so far
15:44:41  INFO     [DE] 'machine learning' → 100 entries, 178 kept so far
15:44:41  INFO     [FR] 'machine learning' → 100 entries, 203 kept so far
15:44:41  INFO     [PL] 'machine learning' → 100 entries, 118 kept so far
15:44:41  INFO     [ES] 'machine learning' → 100 entries, 171 kept so far
15:44:41  INFO     [IT] 'machine learning' → 100 entries, 192 kept so far
15:44:43  INFO     [FR] 'EU AI Act' → 86 entries, 239 kept so far
15:44:43  INFO     [DE] 'EU AI Act' → 100 entries, 247 kept so far
15:44:43  INFO     [PL] 'EU AI Act' → 77 entries, 135 kept so far
15:44:43  INFO     [ES] 'EU AI Act' → 79 entries, 197 kept so far
15:44:43  INFO     [IT] 'EU AI Act' → 100 entries, 230 kept so far
15:44:44  INFO     [DE] 'generative AI' → 100 entries, 268 kept so far
15:44:44  INFO     [FR] 'generative AI' → 100 entries, 268 kept so far
15:44:44  INFO     [PL] 'generative AI' → 100 entries, 168 kept so far
15:44:44  INFO     [ES] 'generative AI' → 100 entries, 244 kept so far
15:44:44  INFO     [IT] 'generative AI' → 100 entries, 272 kept so far
15:44:45  INFO     [DE] +183 new articles saved
15:44:45  INFO     [FR] +155 new articles saved
15:44:45  INFO     [PL] +88 new articles saved
15:44:45  INFO     [ES] +142 new articles saved
15:44:45  INFO     [IT] +175 new articles saved
15:44:46  INFO     [NL] 'artificial intelligence' → 100 entries, 18 kept so far
15:44:46  INFO     [BE] 'artificial intelligence' → 100 entries, 53 kept so far
15:44:46  INFO     [SE] 'artificial intelligence' → 100 entries, 13 kept so far
15:44:46  INFO     [AT] 'artificial intelligence' → 100 entries, 41 kept so far
15:44:46  INFO     [DK] 'artificial intelligence' → 100 entries, 15 kept so far
15:44:47  INFO     [NL] 'AI regulation' → 75 entries, 63 kept so far
15:44:47  INFO     [SE] 'AI regulation' → 73 entries, 22 kept so far
15:44:47  INFO     [BE] 'AI regulation' → 94 entries, 137 kept so far
15:44:47  INFO     [AT] 'AI regulation' → 100 entries, 118 kept so far
15:44:48  INFO     [DK] 'AI regulation' → 46 entries, 21 kept so far
15:44:49  INFO     [NL] 'machine learning' → 100 entries, 113 kept so far
15:44:49  INFO     [BE] 'machine learning' → 100 entries, 190 kept so far
15:44:49  INFO     [SE] 'machine learning' → 79 entries, 45 kept so far
15:44:49  INFO     [AT] 'machine learning' → 100 entries, 172 kept so far
15:44:49  INFO     [DK] 'machine learning' → 82 entries, 44 kept so far
15:44:50  INFO     [NL] 'EU AI Act' → 100 entries, 145 kept so far
15:44:50  INFO     [BE] 'EU AI Act' → 89 entries, 228 kept so far
15:44:50  INFO     [SE] 'EU AI Act' → 72 entries, 53 kept so far
15:44:51  INFO     [AT] 'EU AI Act' → 100 entries, 247 kept so far
15:44:51  INFO     [DK] 'EU AI Act' → 73 entries, 57 kept so far
15:44:52  INFO     [NL] 'generative AI' → 100 entries, 178 kept so far
15:44:52  INFO     [SE] 'generative AI' → 72 entries, 65 kept so far
15:44:52  INFO     [BE] 'generative AI' → 100 entries, 254 kept so far
15:44:52  INFO     [DK] 'generative AI' → 96 entries, 88 kept so far
15:44:52  INFO     [AT] 'generative AI' → 100 entries, 271 kept so far
15:44:53  INFO     [NL] +84 new articles saved
15:44:53  INFO     [SE] +34 new articles saved
15:44:53  INFO     [FI] 'artificial intelligence' → 100 entries, 56 kept so far
15:44:53  INFO     [BE] +24 new articles saved
15:44:53  INFO     [DK] +38 new articles saved
15:44:53  INFO     [AT] +57 new articles saved
15:44:54  INFO     [PT] 'artificial intelligence' → 100 entries, 63 kept so far
15:44:54  INFO     [CZ] 'artificial intelligence' → 100 entries, 13 kept so far
15:44:54  INFO     [RO] 'artificial intelligence' → 100 entries, 47 kept so far
15:44:54  INFO     [HU] 'artificial intelligence' → 100 entries, 25 kept so far
15:44:55  INFO     [FI] 'AI regulation' → 55 entries, 68 kept so far
15:44:55  INFO     [CZ] 'AI regulation' → 74 entries, 35 kept so far
15:44:55  INFO     [PT] 'AI regulation' → 77 entries, 98 kept so far
15:44:55  INFO     [HU] 'AI regulation' → 77 entries, 28 kept so far
15:44:56  INFO     [RO] 'AI regulation' → 77 entries, 55 kept so far
15:44:57  INFO     [FI] 'machine learning' → 85 entries, 111 kept so far
15:44:57  INFO     [CZ] 'machine learning' → 74 entries, 53 kept so far
15:44:57  INFO     [PT] 'machine learning' → 100 entries, 174 kept so far
15:44:57  INFO     [RO] 'machine learning' → 100 entries, 110 kept so far
15:44:57  INFO     [HU] 'machine learning' → 67 entries, 50 kept so far
15:44:58  INFO     [FI] 'EU AI Act' → 67 entries, 150 kept so far
15:44:58  INFO     [CZ] 'EU AI Act' → 71 entries, 64 kept so far
15:44:59  INFO     [HU] 'EU AI Act' → 76 entries, 70 kept so far
15:44:59  INFO     [PT] 'EU AI Act' → 62 entries, 186 kept so far
15:44:59  INFO     [RO] 'EU AI Act' → 75 entries, 133 kept so far
15:44:59  INFO     [FI] 'generative AI' → 64 entries, 189 kept so far
15:45:00  INFO     [CZ] 'generative AI' → 71 entries, 85 kept so far
15:45:00  INFO     [HU] 'generative AI' → 72 entries, 92 kept so far
15:45:00  INFO     [PT] 'generative AI' → 100 entries, 217 kept so far
15:45:00  INFO     [RO] 'generative AI' → 91 entries, 159 kept so far
15:45:00  INFO     [FI] +98 new articles saved
15:45:01  INFO     [CZ] +56 new articles saved
15:45:01  INFO     [HU] +61 new articles saved
15:45:01  INFO     [SK] 'artificial intelligence' → 100 entries, 25 kept so far
15:45:01  INFO     [GR] 'artificial intelligence' → 100 entries, 36 kept so far
15:45:01  INFO     [PT] +146 new articles saved
15:45:01  INFO     [RO] +100 new articles saved
15:45:01  INFO     [HR] 'artificial intelligence' → 106 entries, 64 kept so far
15:45:02  INFO     [IE] 'artificial intelligence' → 100 entries, 65 kept so far
15:45:02  INFO     [BG] 'artificial intelligence' → 89 entries, 34 kept so far
15:45:03  INFO     [SK] 'AI regulation' → 25 entries, 28 kept so far
15:45:03  INFO     [GR] 'AI regulation' → 66 entries, 84 kept so far
15:45:03  INFO     [HR] 'AI regulation' → 100 entries, 108 kept so far
15:45:03  INFO     [BG] 'AI regulation' → 21 entries, 36 kept so far
15:45:03  INFO     [IE] 'AI regulation' → 100 entries, 113 kept so far
15:45:04  INFO     [SK] 'machine learning' → 58 entries, 43 kept so far
15:45:04  INFO     [GR] 'machine learning' → 100 entries, 125 kept so far
15:45:04  INFO     [HR] 'machine learning' → 100 entries, 190 kept so far
15:45:05  INFO     [BG] 'machine learning' → 60 entries, 45 kept so far
15:45:05  INFO     [IE] 'machine learning' → 100 entries, 196 kept so far
15:45:05  INFO     [SK] 'EU AI Act' → 64 entries, 49 kept so far
15:45:06  INFO     [GR] 'EU AI Act' → 56 entries, 143 kept so far
15:45:06  INFO     [HR] 'EU AI Act' → 100 entries, 268 kept so far
15:45:06  INFO     [BG] 'EU AI Act' → 21 entries, 47 kept so far
15:45:07  INFO     [SK] 'generative AI' → 47 entries, 59 kept so far
15:45:07  INFO     [IE] 'EU AI Act' → 100 entries, 266 kept so far
15:45:07  INFO     [GR] 'generative AI' → 100 entries, 186 kept so far
15:45:07  INFO     [BG] 'generative AI' → 36 entries, 54 kept so far
15:45:08  INFO     [HR] 'generative AI' → 100 entries, 336 kept so far
15:45:08  INFO     [SK] +29 new articles saved
15:45:08  INFO     [LT] 'artificial intelligence' → 79 entries, 27 kept so far
15:45:08  INFO     [GR] +122 new articles saved
15:45:08  INFO     [BG] +33 new articles saved
15:45:08  INFO     [IE] 'generative AI' → 100 entries, 331 kept so far
15:45:09  INFO     [HR] +307 new articles saved
15:45:09  INFO     [SI] 'artificial intelligence' → 99 entries, 50 kept so far
15:45:09  INFO     [LV] 'artificial intelligence' → 60 entries, 19 kept so far
15:45:09  INFO     [EE] 'artificial intelligence' → 98 entries, 53 kept so far
15:45:10  INFO     [LT] 'AI regulation' → 7 entries, 27 kept so far
15:45:10  INFO     [IE] +109 new articles saved
15:45:10  INFO     [CY] 'artificial intelligence' → 100 entries, 36 kept so far
15:45:10  INFO     [SI] 'AI regulation' → 2 entries, 50 kept so far
15:45:10  INFO     [LV] 'AI regulation' → 5 entries, 19 kept so far
15:45:11  INFO     [EE] 'AI regulation' → 6 entries, 54 kept so far
15:45:11  INFO     [LT] 'machine learning' → 30 entries, 30 kept so far
15:45:11  INFO     [CY] 'AI regulation' → 66 entries, 84 kept so far
15:45:11  INFO     [LV] 'machine learning' → 13 entries, 23 kept so far
15:45:11  INFO     [SI] 'machine learning' → 21 entries, 51 kept so far
15:45:12  INFO     [EE] 'machine learning' → 30 entries, 56 kept so far
15:45:12  INFO     [LT] 'EU AI Act' → 19 entries, 30 kept so far
15:45:13  INFO     [LV] 'EU AI Act' → 8 entries, 23 kept so far
15:45:13  INFO     [CY] 'machine learning' → 100 entries, 125 kept so far
15:45:13  INFO     [SI] 'EU AI Act' → 28 entries, 56 kept so far
15:45:13  INFO     [EE] 'EU AI Act' → 8 entries, 56 kept so far
15:45:13  INFO     [LT] 'generative AI' → 18 entries, 36 kept so far
15:45:14  INFO     [LV] 'generative AI' → 11 entries, 24 kept so far
15:45:14  INFO     [SI] 'generative AI' → 18 entries, 57 kept so far
15:45:14  INFO     [CY] 'EU AI Act' → 56 entries, 143 kept so far
15:45:14  INFO     [LT] +14 new articles saved
15:45:15  INFO     [EE] 'generative AI' → 11 entries, 58 kept so far
15:45:15  INFO     [LV] +9 new articles saved
15:45:15  INFO     [LU] 'artificial intelligence' → 101 entries, 60 kept so far
15:45:15  INFO     [MT] 'artificial intelligence' → 106 entries, 64 kept so far
15:45:15  INFO     [SI] +24 new articles saved
15:45:15  INFO     [CY] 'generative AI' → 100 entries, 186 kept so far
15:45:16  INFO     [EE] +29 new articles saved
15:45:16  INFO     [MT] 'AI regulation' → 100 entries, 108 kept so far
15:45:16  INFO     [LU] 'AI regulation' → 99 entries, 149 kept so far
15:45:16  INFO     [CY] +0 new articles saved
15:45:17  INFO     [MT] 'machine learning' → 100 entries, 190 kept so far
15:45:18  INFO     [LU] 'machine learning' → 100 entries, 203 kept so far
15:45:18  INFO     [MT] 'EU AI Act' → 100 entries, 268 kept so far
15:45:19  INFO     [LU] 'EU AI Act' → 86 entries, 239 kept so far
15:45:19  INFO     [MT] 'generative AI' → 100 entries, 336 kept so far
15:45:20  INFO     [MT] +0 new articles saved
15:45:21  INFO     [LU] 'generative AI' → 100 entries, 268 kept so far
15:45:22  INFO     [LU] +0 new articles saved
15:45:22  INFO     Scrape complete. 2117 new articles this run.
