03:46:05  INFO     Starting scrape: 27 countries, 5 queries each
/home/runner/work/EU_AI_News/EU_AI_News/eu_ai_news_scraper.py:230: DeprecationWarning: datetime.datetime.utcnow() is deprecated and scheduled for removal in a future version. Use timezone-aware objects to represent datetimes in UTC: datetime.datetime.now(datetime.UTC).
  "scraped_at":   datetime.utcnow().isoformat(),
03:46:05  INFO     [DE] 'artificial intelligence' → 100 entries, 37 kept so far
03:46:05  INFO     [FR] 'artificial intelligence' → 100 entries, 54 kept so far
03:46:05  INFO     [PL] 'artificial intelligence' → 100 entries, 9 kept so far
03:46:05  INFO     [IT] 'artificial intelligence' → 100 entries, 43 kept so far
03:46:05  INFO     [ES] 'artificial intelligence' → 100 entries, 43 kept so far
03:46:07  INFO     [DE] 'AI regulation' → 100 entries, 112 kept so far
03:46:07  INFO     [FR] 'AI regulation' → 100 entries, 142 kept so far
03:46:07  INFO     [PL] 'AI regulation' → 81 entries, 75 kept so far
03:46:07  INFO     [IT] 'AI regulation' → 100 entries, 127 kept so far
03:46:07  INFO     [ES] 'AI regulation' → 82 entries, 93 kept so far
03:46:08  INFO     [DE] 'machine learning' → 100 entries, 161 kept so far
03:46:08  INFO     [FR] 'machine learning' → 100 entries, 199 kept so far
03:46:08  INFO     [PL] 'machine learning' → 58 entries, 103 kept so far
03:46:09  INFO     [IT] 'machine learning' → 100 entries, 199 kept so far
03:46:09  INFO     [ES] 'machine learning' → 100 entries, 167 kept so far
03:46:10  INFO     [DE] 'EU AI Act' → 100 entries, 207 kept so far
03:46:10  INFO     [PL] 'EU AI Act' → 77 entries, 120 kept so far
03:46:10  INFO     [FR] 'EU AI Act' → 78 entries, 226 kept so far
03:46:10  INFO     [IT] 'EU AI Act' → 100 entries, 268 kept so far
03:46:11  INFO     [ES] 'EU AI Act' → 78 entries, 189 kept so far
03:46:11  INFO     [DE] 'generative AI' → 100 entries, 226 kept so far
03:46:11  INFO     [PL] 'generative AI' → 100 entries, 147 kept so far
03:46:12  INFO     [FR] 'generative AI' → 100 entries, 251 kept so far
03:46:12  INFO     [IT] 'generative AI' → 100 entries, 314 kept so far
03:46:12  INFO     [ES] 'generative AI' → 100 entries, 228 kept so far
03:46:12  INFO     [DE] +169 new articles saved
03:46:13  INFO     [PL] +106 new articles saved
03:46:13  INFO     [FR] +149 new articles saved
03:46:13  INFO     [IT] +225 new articles saved
03:46:13  INFO     [NL] 'artificial intelligence' → 100 entries, 13 kept so far
03:46:13  INFO     [BE] 'artificial intelligence' → 100 entries, 65 kept so far
03:46:13  INFO     [SE] 'artificial intelligence' → 100 entries, 6 kept so far
03:46:13  INFO     [AT] 'artificial intelligence' → 100 entries, 41 kept so far
03:46:13  INFO     [ES] +153 new articles saved
03:46:14  INFO     [DK] 'artificial intelligence' → 100 entries, 17 kept so far
03:46:15  INFO     [NL] 'AI regulation' → 78 entries, 62 kept so far
03:46:15  INFO     [SE] 'AI regulation' → 79 entries, 21 kept so far
03:46:15  INFO     [BE] 'AI regulation' → 100 entries, 154 kept so far
03:46:15  INFO     [AT] 'AI regulation' → 100 entries, 117 kept so far
03:46:16  INFO     [DK] 'AI regulation' → 35 entries, 26 kept so far
03:46:16  INFO     [NL] 'machine learning' → 100 entries, 114 kept so far
03:46:16  INFO     [SE] 'machine learning' → 68 entries, 38 kept so far
03:46:16  INFO     [BE] 'machine learning' → 100 entries, 211 kept so far
03:46:17  INFO     [AT] 'machine learning' → 100 entries, 166 kept so far
03:46:17  INFO     [DK] 'machine learning' → 77 entries, 47 kept so far
03:46:18  INFO     [NL] 'EU AI Act' → 79 entries, 129 kept so far
03:46:18  INFO     [SE] 'EU AI Act' → 69 entries, 42 kept so far
03:46:18  INFO     [BE] 'EU AI Act' → 78 entries, 237 kept so far
03:46:18  INFO     [AT] 'EU AI Act' → 100 entries, 233 kept so far
03:46:19  INFO     [DK] 'EU AI Act' → 66 entries, 60 kept so far
03:46:19  INFO     [NL] 'generative AI' → 100 entries, 149 kept so far
03:46:19  INFO     [SE] 'generative AI' → 74 entries, 50 kept so far
03:46:20  INFO     [BE] 'generative AI' → 100 entries, 257 kept so far
03:46:20  INFO     [AT] 'generative AI' → 98 entries, 303 kept so far
03:46:20  INFO     [NL] +89 new articles saved
03:46:20  INFO     [DK] 'generative AI' → 73 entries, 75 kept so far
03:46:20  INFO     [SE] +27 new articles saved
03:46:21  INFO     [BE] +35 new articles saved
03:46:21  INFO     [FI] 'artificial intelligence' → 100 entries, 71 kept so far
03:46:21  INFO     [AT] +101 new articles saved
03:46:21  INFO     [PT] 'artificial intelligence' → 100 entries, 55 kept so far
03:46:21  INFO     [DK] +33 new articles saved
03:46:21  INFO     [CZ] 'artificial intelligence' → 100 entries, 17 kept so far
03:46:22  INFO     [RO] 'artificial intelligence' → 100 entries, 41 kept so far
03:46:22  INFO     [HU] 'artificial intelligence' → 100 entries, 19 kept so far
03:46:22  INFO     [FI] 'AI regulation' → 43 entries, 80 kept so far
03:46:23  INFO     [PT] 'AI regulation' → 92 entries, 109 kept so far
03:46:23  INFO     [RO] 'AI regulation' → 78 entries, 49 kept so far
03:46:23  INFO     [CZ] 'AI regulation' → 76 entries, 35 kept so far
03:46:23  INFO     [HU] 'AI regulation' → 78 entries, 22 kept so far
03:46:24  INFO     [FI] 'machine learning' → 73 entries, 110 kept so far
03:46:24  INFO     [PT] 'machine learning' → 100 entries, 180 kept so far
03:46:25  INFO     [RO] 'machine learning' → 93 entries, 88 kept so far
03:46:25  INFO     [CZ] 'machine learning' → 70 entries, 52 kept so far
03:46:25  INFO     [HU] 'machine learning' → 65 entries, 42 kept so far
03:46:25  INFO     [FI] 'EU AI Act' → 53 entries, 141 kept so far
03:46:26  INFO     [PT] 'EU AI Act' → 44 entries, 187 kept so far
03:46:26  INFO     [RO] 'EU AI Act' → 62 entries, 105 kept so far
03:46:26  INFO     [CZ] 'EU AI Act' → 75 entries, 62 kept so far
03:46:27  INFO     [HU] 'EU AI Act' → 80 entries, 63 kept so far
03:46:27  INFO     [FI] 'generative AI' → 43 entries, 167 kept so far
03:46:27  INFO     [RO] 'generative AI' → 75 entries, 127 kept so far
03:46:28  INFO     [PT] 'generative AI' → 100 entries, 210 kept so far
03:46:28  INFO     [FI] +92 new articles saved
03:46:28  INFO     [CZ] 'generative AI' → 62 entries, 74 kept so far
03:46:28  INFO     [HU] 'generative AI' → 50 entries, 81 kept so far
03:46:28  INFO     [GR] 'artificial intelligence' → 100 entries, 45 kept so far
03:46:28  INFO     [RO] +76 new articles saved
03:46:29  INFO     [PT] +148 new articles saved
03:46:29  INFO     [CZ] +49 new articles saved
03:46:29  INFO     [HU] +47 new articles saved
03:46:29  INFO     [SK] 'artificial intelligence' → 100 entries, 34 kept so far
03:46:29  INFO     [IE] 'artificial intelligence' → 100 entries, 50 kept so far
03:46:29  INFO     [HR] 'artificial intelligence' → 100 entries, 47 kept so far
03:46:29  INFO     [BG] 'artificial intelligence' → 69 entries, 31 kept so far
03:46:30  INFO     [GR] 'AI regulation' → 64 entries, 101 kept so far
03:46:30  INFO     [SK] 'AI regulation' → 17 entries, 34 kept so far
03:46:31  INFO     [BG] 'AI regulation' → 11 entries, 33 kept so far
03:46:31  INFO     [IE] 'AI regulation' → 100 entries, 97 kept so far
03:46:31  INFO     [HR] 'AI regulation' → 100 entries, 94 kept so far
03:46:32  INFO     [GR] 'machine learning' → 89 entries, 137 kept so far
03:46:32  INFO     [SK] 'machine learning' → 50 entries, 43 kept so far
03:46:32  INFO     [BG] 'machine learning' → 42 entries, 40 kept so far
03:46:33  INFO     [IE] 'machine learning' → 100 entries, 166 kept so far
03:46:33  INFO     [HR] 'machine learning' → 100 entries, 160 kept so far
03:46:33  INFO     [GR] 'EU AI Act' → 65 entries, 160 kept so far
03:46:33  INFO     [SK] 'EU AI Act' → 49 entries, 51 kept so far
03:46:33  INFO     [BG] 'EU AI Act' → 12 entries, 41 kept so far
03:46:34  INFO     [HR] 'EU AI Act' → 100 entries, 241 kept so far
03:46:34  INFO     [IE] 'EU AI Act' → 100 entries, 238 kept so far
03:46:35  INFO     [SK] 'generative AI' → 31 entries, 59 kept so far
03:46:35  INFO     [GR] 'generative AI' → 100 entries, 202 kept so far
03:46:35  INFO     [BG] 'generative AI' → 28 entries, 46 kept so far
03:46:36  INFO     [HR] 'generative AI' → 100 entries, 310 kept so far
03:46:36  INFO     [SK] +31 new articles saved
03:46:36  INFO     [GR] +143 new articles saved
03:46:36  INFO     [BG] +24 new articles saved
03:46:36  INFO     [IE] 'generative AI' → 100 entries, 308 kept so far
03:46:36  INFO     [LV] 'artificial intelligence' → 63 entries, 17 kept so far
03:46:36  INFO     [SI] 'artificial intelligence' → 74 entries, 30 kept so far
03:46:36  INFO     [LT] 'artificial intelligence' → 78 entries, 26 kept so far
03:46:37  INFO     [HR] +270 new articles saved
03:46:37  INFO     [IE] +103 new articles saved
03:46:37  INFO     [EE] 'artificial intelligence' → 90 entries, 45 kept so far
03:46:37  INFO     [LV] 'AI regulation' → 7 entries, 18 kept so far
03:46:38  INFO     [CY] 'artificial intelligence' → 100 entries, 45 kept so far
03:46:38  INFO     [SI] 'AI regulation' → 7 entries, 30 kept so far
03:46:38  INFO     [LT] 'AI regulation' → 10 entries, 27 kept so far
03:46:39  INFO     [EE] 'AI regulation' → 7 entries, 45 kept so far
03:46:39  INFO     [LV] 'machine learning' → 12 entries, 18 kept so far
03:46:39  INFO     [SI] 'machine learning' → 15 entries, 31 kept so far
03:46:39  INFO     [CY] 'AI regulation' → 64 entries, 101 kept so far
03:46:39  INFO     [LT] 'machine learning' → 21 entries, 28 kept so far
03:46:40  INFO     [EE] 'machine learning' → 19 entries, 45 kept so far
03:46:40  INFO     [LV] 'EU AI Act' → 4 entries, 18 kept so far
03:46:40  INFO     [LT] 'EU AI Act' → 11 entries, 29 kept so far
03:46:40  INFO     [SI] 'EU AI Act' → 25 entries, 38 kept so far
03:46:40  INFO     [CY] 'machine learning' → 89 entries, 137 kept so far
03:46:41  INFO     [LV] 'generative AI' → 6 entries, 19 kept so far
03:46:41  INFO     [EE] 'EU AI Act' → 10 entries, 47 kept so far
03:46:41  INFO     [SI] 'generative AI' → 10 entries, 40 kept so far
03:46:42  INFO     [LT] 'generative AI' → 12 entries, 34 kept so far
03:46:42  INFO     [CY] 'EU AI Act' → 65 entries, 160 kept so far
03:46:42  INFO     [LV] +8 new articles saved
03:46:42  INFO     [EE] 'generative AI' → 9 entries, 50 kept so far
03:46:42  INFO     [SI] +21 new articles saved
03:46:43  INFO     [LT] +15 new articles saved
03:46:43  INFO     [LU] 'artificial intelligence' → 100 entries, 54 kept so far
03:46:43  INFO     [MT] 'artificial intelligence' → 100 entries, 47 kept so far
03:46:43  INFO     [CY] 'generative AI' → 100 entries, 202 kept so far
03:46:43  INFO     [EE] +27 new articles saved
03:46:44  INFO     [MT] 'AI regulation' → 100 entries, 94 kept so far
03:46:44  INFO     [LU] 'AI regulation' → 100 entries, 142 kept so far
03:46:44  INFO     [CY] +1 new articles saved
03:46:45  INFO     [MT] 'machine learning' → 100 entries, 160 kept so far
03:46:46  INFO     [LU] 'machine learning' → 100 entries, 199 kept so far
03:46:46  INFO     [MT] 'EU AI Act' → 100 entries, 241 kept so far
03:46:47  INFO     [LU] 'EU AI Act' → 78 entries, 226 kept so far
03:46:47  INFO     [MT] 'generative AI' → 100 entries, 310 kept so far
03:46:49  INFO     [LU] 'generative AI' → 100 entries, 251 kept so far
03:46:49  INFO     [MT] +0 new articles saved
03:46:50  INFO     [LU] +0 new articles saved
03:46:50  INFO     Scrape complete. 2142 new articles this run.
