09:58:39  INFO     Starting scrape: 27 countries, 5 queries each
/home/runner/work/EU_AI_News/EU_AI_News/eu_ai_news_scraper.py:230: DeprecationWarning: datetime.datetime.utcnow() is deprecated and scheduled for removal in a future version. Use timezone-aware objects to represent datetimes in UTC: datetime.datetime.now(datetime.UTC).
  "scraped_at":   datetime.utcnow().isoformat(),
09:58:40  INFO     [FR] 'artificial intelligence' → 100 entries, 47 kept so far
09:58:40  INFO     [IT] 'artificial intelligence' → 100 entries, 47 kept so far
09:58:40  INFO     [DE] 'artificial intelligence' → 100 entries, 50 kept so far
09:58:40  INFO     [PL] 'artificial intelligence' → 100 entries, 14 kept so far
09:58:40  INFO     [ES] 'artificial intelligence' → 100 entries, 65 kept so far
09:58:42  INFO     [FR] 'AI regulation' → 100 entries, 105 kept so far
09:58:42  INFO     [DE] 'AI regulation' → 52 entries, 81 kept so far
09:58:42  INFO     [IT] 'AI regulation' → 100 entries, 107 kept so far
09:58:42  INFO     [PL] 'AI regulation' → 100 entries, 82 kept so far
09:58:42  INFO     [ES] 'AI regulation' → 71 entries, 83 kept so far
09:58:43  INFO     [DE] 'machine learning' → 100 entries, 124 kept so far
09:58:43  INFO     [FR] 'machine learning' → 100 entries, 158 kept so far
09:58:43  INFO     [PL] 'machine learning' → 100 entries, 115 kept so far
09:58:43  INFO     [IT] 'machine learning' → 100 entries, 177 kept so far
09:58:44  INFO     [ES] 'machine learning' → 100 entries, 159 kept so far
09:58:45  INFO     [DE] 'EU AI Act' → 100 entries, 211 kept so far
09:58:45  INFO     [FR] 'EU AI Act' → 76 entries, 205 kept so far
09:58:45  INFO     [PL] 'EU AI Act' → 78 entries, 130 kept so far
09:58:45  INFO     [IT] 'EU AI Act' → 100 entries, 249 kept so far
09:58:45  INFO     [ES] 'EU AI Act' → 78 entries, 195 kept so far
09:58:46  INFO     [DE] 'generative AI' → 100 entries, 235 kept so far
09:58:46  INFO     [FR] 'generative AI' → 100 entries, 236 kept so far
09:58:46  INFO     [PL] 'generative AI' → 100 entries, 163 kept so far
09:58:47  INFO     [IT] 'generative AI' → 100 entries, 288 kept so far
09:58:47  INFO     [ES] 'generative AI' → 100 entries, 235 kept so far
09:58:47  INFO     [DE] +159 new articles saved
09:58:47  INFO     [FR] +114 new articles saved
09:58:47  INFO     [PL] +71 new articles saved
09:58:48  INFO     [IT] +133 new articles saved
09:58:48  INFO     [NL] 'artificial intelligence' → 100 entries, 10 kept so far
09:58:48  INFO     [ES] +105 new articles saved
09:58:48  INFO     [SE] 'artificial intelligence' → 100 entries, 7 kept so far
09:58:48  INFO     [BE] 'artificial intelligence' → 100 entries, 64 kept so far
09:58:48  INFO     [AT] 'artificial intelligence' → 100 entries, 45 kept so far
09:58:49  INFO     [DK] 'artificial intelligence' → 100 entries, 10 kept so far
09:58:49  INFO     [NL] 'AI regulation' → 79 entries, 47 kept so far
09:58:50  INFO     [SE] 'AI regulation' → 77 entries, 20 kept so far
09:58:50  INFO     [BE] 'AI regulation' → 100 entries, 135 kept so far
09:58:50  INFO     [AT] 'AI regulation' → 56 entries, 80 kept so far
09:58:50  INFO     [DK] 'AI regulation' → 34 entries, 12 kept so far
09:58:51  INFO     [NL] 'machine learning' → 100 entries, 106 kept so far
09:58:51  INFO     [SE] 'machine learning' → 72 entries, 39 kept so far
09:58:51  INFO     [BE] 'machine learning' → 100 entries, 187 kept so far
09:58:51  INFO     [AT] 'machine learning' → 100 entries, 128 kept so far
09:58:52  INFO     [DK] 'machine learning' → 85 entries, 38 kept so far
09:58:53  INFO     [NL] 'EU AI Act' → 100 entries, 133 kept so far
09:58:53  INFO     [SE] 'EU AI Act' → 77 entries, 47 kept so far
09:58:53  INFO     [BE] 'EU AI Act' → 80 entries, 222 kept so far
09:58:53  INFO     [AT] 'EU AI Act' → 100 entries, 217 kept so far
09:58:53  INFO     [DK] 'EU AI Act' → 75 entries, 57 kept so far
09:58:54  INFO     [NL] 'generative AI' → 100 entries, 161 kept so far
09:58:54  INFO     [SE] 'generative AI' → 74 entries, 59 kept so far
09:58:55  INFO     [AT] 'generative AI' → 100 entries, 240 kept so far
09:58:55  INFO     [BE] 'generative AI' → 100 entries, 247 kept so far
09:58:55  INFO     [DK] 'generative AI' → 100 entries, 90 kept so far
09:58:55  INFO     [NL] +54 new articles saved
09:58:55  INFO     [SE] +20 new articles saved
09:58:56  INFO     [FI] 'artificial intelligence' → 100 entries, 46 kept so far
09:58:56  INFO     [AT] +36 new articles saved
09:58:56  INFO     [PT] 'artificial intelligence' → 100 entries, 62 kept so far
09:58:56  INFO     [BE] +24 new articles saved
09:58:56  INFO     [DK] +26 new articles saved
09:58:56  INFO     [CZ] 'artificial intelligence' → 100 entries, 18 kept so far
09:58:56  INFO     [HU] 'artificial intelligence' → 100 entries, 18 kept so far
09:58:56  INFO     [RO] 'artificial intelligence' → 100 entries, 43 kept so far
09:58:57  INFO     [FI] 'AI regulation' → 46 entries, 58 kept so far
09:58:57  INFO     [PT] 'AI regulation' → 77 entries, 94 kept so far
09:58:58  INFO     [CZ] 'AI regulation' → 79 entries, 34 kept so far
09:58:58  INFO     [RO] 'AI regulation' → 27 entries, 47 kept so far
09:58:58  INFO     [HU] 'AI regulation' → 79 entries, 19 kept so far
09:58:59  INFO     [FI] 'machine learning' → 87 entries, 100 kept so far
09:58:59  INFO     [PT] 'machine learning' → 100 entries, 170 kept so far
09:58:59  INFO     [CZ] 'machine learning' → 67 entries, 51 kept so far
09:58:59  INFO     [RO] 'machine learning' → 100 entries, 96 kept so far
09:58:59  INFO     [HU] 'machine learning' → 69 entries, 43 kept so far
09:59:00  INFO     [FI] 'EU AI Act' → 78 entries, 138 kept so far
09:59:01  INFO     [PT] 'EU AI Act' → 48 entries, 178 kept so far
09:59:01  INFO     [CZ] 'EU AI Act' → 76 entries, 62 kept so far
09:59:01  INFO     [HU] 'EU AI Act' → 78 entries, 62 kept so far
09:59:01  INFO     [RO] 'EU AI Act' → 77 entries, 105 kept so far
09:59:02  INFO     [FI] 'generative AI' → 63 entries, 172 kept so far
09:59:02  INFO     [PT] 'generative AI' → 100 entries, 211 kept so far
09:59:02  INFO     [CZ] 'generative AI' → 80 entries, 82 kept so far
09:59:02  INFO     [HU] 'generative AI' → 73 entries, 86 kept so far
09:59:02  INFO     [RO] 'generative AI' → 81 entries, 124 kept so far
09:59:03  INFO     [FI] +72 new articles saved
09:59:03  INFO     [PT] +92 new articles saved
09:59:03  INFO     [GR] 'artificial intelligence' → 100 entries, 45 kept so far
09:59:03  INFO     [CZ] +44 new articles saved
09:59:03  INFO     [HU] +40 new articles saved
09:59:03  INFO     [RO] +56 new articles saved
09:59:04  INFO     [SK] 'artificial intelligence' → 100 entries, 24 kept so far
09:59:04  INFO     [HR] 'artificial intelligence' → 100 entries, 58 kept so far
09:59:04  INFO     [BG] 'artificial intelligence' → 59 entries, 30 kept so far
09:59:04  INFO     [IE] 'artificial intelligence' → 100 entries, 64 kept so far
09:59:05  INFO     [GR] 'AI regulation' → 61 entries, 94 kept so far
09:59:05  INFO     [SK] 'AI regulation' → 15 entries, 26 kept so far
09:59:05  INFO     [BG] 'AI regulation' → 5 entries, 32 kept so far
09:59:05  INFO     [HR] 'AI regulation' → 100 entries, 106 kept so far
09:59:06  INFO     [IE] 'AI regulation' → 100 entries, 113 kept so far
09:59:06  INFO     [GR] 'machine learning' → 87 entries, 128 kept so far
09:59:07  INFO     [SK] 'machine learning' → 64 entries, 39 kept so far
09:59:07  INFO     [BG] 'machine learning' → 57 entries, 43 kept so far
09:59:07  INFO     [HR] 'machine learning' → 100 entries, 188 kept so far
09:59:07  INFO     [IE] 'machine learning' → 100 entries, 194 kept so far
09:59:08  INFO     [GR] 'EU AI Act' → 56 entries, 144 kept so far
09:59:08  INFO     [BG] 'EU AI Act' → 8 entries, 46 kept so far
09:59:08  INFO     [SK] 'EU AI Act' → 61 entries, 55 kept so far
09:59:08  INFO     [HR] 'EU AI Act' → 100 entries, 271 kept so far
09:59:09  INFO     [IE] 'EU AI Act' → 100 entries, 268 kept so far
09:59:09  INFO     [GR] 'generative AI' → 100 entries, 179 kept so far
09:59:09  INFO     [BG] 'generative AI' → 27 entries, 52 kept so far
09:59:09  INFO     [SK] 'generative AI' → 47 entries, 64 kept so far
09:59:10  INFO     [HR] 'generative AI' → 100 entries, 338 kept so far
09:59:10  INFO     [GR] +99 new articles saved
09:59:10  INFO     [BG] +25 new articles saved
09:59:11  INFO     [SK] +29 new articles saved
09:59:11  INFO     [IE] 'generative AI' → 100 entries, 333 kept so far
09:59:11  INFO     [LV] 'artificial intelligence' → 79 entries, 28 kept so far
09:59:11  INFO     [LT] 'artificial intelligence' → 84 entries, 31 kept so far
09:59:11  INFO     [SI] 'artificial intelligence' → 100 entries, 44 kept so far
09:59:11  INFO     [HR] +237 new articles saved
09:59:12  INFO     [EE] 'artificial intelligence' → 100 entries, 46 kept so far
09:59:12  INFO     [IE] +107 new articles saved
09:59:12  INFO     [LV] 'AI regulation' → 5 entries, 28 kept so far
09:59:12  INFO     [CY] 'artificial intelligence' → 100 entries, 43 kept so far
09:59:12  INFO     [LT] 'AI regulation' → 14 entries, 33 kept so far
09:59:12  INFO     [SI] 'AI regulation' → 3 entries, 44 kept so far
09:59:13  INFO     [EE] 'AI regulation' → 9 entries, 47 kept so far
09:59:13  INFO     [LV] 'machine learning' → 10 entries, 29 kept so far
09:59:14  INFO     [LT] 'machine learning' → 31 entries, 37 kept so far
09:59:14  INFO     [SI] 'machine learning' → 23 entries, 47 kept so far
09:59:14  INFO     [CY] 'AI regulation' → 59 entries, 90 kept so far
09:59:14  INFO     [EE] 'machine learning' → 11 entries, 50 kept so far
09:59:15  INFO     [LV] 'EU AI Act' → 9 entries, 29 kept so far
09:59:15  INFO     [LT] 'EU AI Act' → 23 entries, 38 kept so far
09:59:15  INFO     [SI] 'EU AI Act' → 20 entries, 50 kept so far
09:59:15  INFO     [CY] 'machine learning' → 87 entries, 124 kept so far
09:59:16  INFO     [EE] 'EU AI Act' → 19 entries, 52 kept so far
09:59:16  INFO     [LV] 'generative AI' → 8 entries, 31 kept so far
09:59:16  INFO     [LT] 'generative AI' → 24 entries, 45 kept so far
09:59:16  INFO     [SI] 'generative AI' → 14 entries, 56 kept so far
09:59:17  INFO     [CY] 'EU AI Act' → 56 entries, 140 kept so far
09:59:17  INFO     [EE] 'generative AI' → 11 entries, 55 kept so far
09:59:17  INFO     [LV] +14 new articles saved
09:59:17  INFO     [LT] +13 new articles saved
09:59:17  INFO     [SI] +18 new articles saved
09:59:17  INFO     [MT] 'artificial intelligence' → 100 entries, 58 kept so far
09:59:18  INFO     [LU] 'artificial intelligence' → 100 entries, 47 kept so far
09:59:18  INFO     [EE] +21 new articles saved
09:59:18  INFO     [CY] 'generative AI' → 100 entries, 175 kept so far
09:59:19  INFO     [MT] 'AI regulation' → 100 entries, 106 kept so far
09:59:19  INFO     [LU] 'AI regulation' → 100 entries, 104 kept so far
09:59:19  INFO     [CY] +0 new articles saved
09:59:20  INFO     [MT] 'machine learning' → 100 entries, 188 kept so far
09:59:21  INFO     [LU] 'machine learning' → 100 entries, 158 kept so far
09:59:21  INFO     [MT] 'EU AI Act' → 100 entries, 271 kept so far
09:59:22  INFO     [MT] 'generative AI' → 100 entries, 338 kept so far
09:59:22  INFO     [LU] 'EU AI Act' → 76 entries, 205 kept so far
09:59:23  INFO     [MT] +0 new articles saved
09:59:24  INFO     [LU] 'generative AI' → 100 entries, 236 kept so far
09:59:25  INFO     [LU] +0 new articles saved
09:59:25  INFO     Scrape complete. 1609 new articles this run.
