20:07:35  INFO     Starting scrape: 27 countries, 5 queries each
/home/runner/work/EU_AI_News/EU_AI_News/eu_ai_news_scraper.py:230: DeprecationWarning: datetime.datetime.utcnow() is deprecated and scheduled for removal in a future version. Use timezone-aware objects to represent datetimes in UTC: datetime.datetime.now(datetime.UTC).
  "scraped_at":   datetime.utcnow().isoformat(),
20:07:36  INFO     [DE] 'artificial intelligence' → 100 entries, 41 kept so far
20:07:36  INFO     [FR] 'artificial intelligence' → 100 entries, 51 kept so far
20:07:36  INFO     [IT] 'artificial intelligence' → 100 entries, 42 kept so far
20:07:36  INFO     [PL] 'artificial intelligence' → 100 entries, 10 kept so far
20:07:36  INFO     [ES] 'artificial intelligence' → 100 entries, 59 kept so far
20:07:38  INFO     [DE] 'AI regulation' → 100 entries, 91 kept so far
20:07:38  INFO     [PL] 'AI regulation' → 80 entries, 77 kept so far
20:07:38  INFO     [ES] 'AI regulation' → 69 entries, 79 kept so far
20:07:38  INFO     [IT] 'AI regulation' → 95 entries, 111 kept so far
20:07:38  INFO     [FR] 'AI regulation' → 100 entries, 134 kept so far
20:07:39  INFO     [DE] 'machine learning' → 100 entries, 138 kept so far
20:07:39  INFO     [PL] 'machine learning' → 100 entries, 119 kept so far
20:07:39  INFO     [FR] 'machine learning' → 100 entries, 186 kept so far
20:07:40  INFO     [IT] 'machine learning' → 100 entries, 182 kept so far
20:07:40  INFO     [ES] 'machine learning' → 100 entries, 157 kept so far
20:07:41  INFO     [DE] 'EU AI Act' → 100 entries, 216 kept so far
20:07:41  INFO     [PL] 'EU AI Act' → 75 entries, 144 kept so far
20:07:41  INFO     [FR] 'EU AI Act' → 77 entries, 223 kept so far
20:07:41  INFO     [IT] 'EU AI Act' → 100 entries, 255 kept so far
20:07:41  INFO     [ES] 'EU AI Act' → 78 entries, 198 kept so far
20:07:42  INFO     [DE] 'generative AI' → 100 entries, 238 kept so far
20:07:42  INFO     [PL] 'generative AI' → 100 entries, 174 kept so far
20:07:43  INFO     [FR] 'generative AI' → 100 entries, 255 kept so far
20:07:43  INFO     [IT] 'generative AI' → 100 entries, 299 kept so far
20:07:43  INFO     [ES] 'generative AI' → 100 entries, 241 kept so far
20:07:43  INFO     [DE] +168 new articles saved
20:07:43  INFO     [PL] +106 new articles saved
20:07:44  INFO     [FR] +140 new articles saved
20:07:44  INFO     [NL] 'artificial intelligence' → 100 entries, 15 kept so far
20:07:44  INFO     [IT] +200 new articles saved
20:07:44  INFO     [ES] +139 new articles saved
20:07:44  INFO     [BE] 'artificial intelligence' → 100 entries, 64 kept so far
20:07:44  INFO     [SE] 'artificial intelligence' → 100 entries, 7 kept so far
20:07:44  INFO     [AT] 'artificial intelligence' → 100 entries, 42 kept so far
20:07:45  INFO     [DK] 'artificial intelligence' → 100 entries, 17 kept so far
20:07:45  INFO     [NL] 'AI regulation' → 76 entries, 72 kept so far
20:07:46  INFO     [SE] 'AI regulation' → 60 entries, 15 kept so far
20:07:46  INFO     [BE] 'AI regulation' → 100 entries, 145 kept so far
20:07:46  INFO     [AT] 'AI regulation' → 100 entries, 91 kept so far
20:07:46  INFO     [DK] 'AI regulation' → 30 entries, 20 kept so far
20:07:47  INFO     [NL] 'machine learning' → 100 entries, 153 kept so far
20:07:47  INFO     [SE] 'machine learning' → 75 entries, 35 kept so far
20:07:48  INFO     [AT] 'machine learning' → 100 entries, 140 kept so far
20:07:48  INFO     [BE] 'machine learning' → 100 entries, 193 kept so far
20:07:48  INFO     [DK] 'machine learning' → 79 entries, 36 kept so far
20:07:49  INFO     [NL] 'EU AI Act' → 92 entries, 176 kept so far
20:07:49  INFO     [SE] 'EU AI Act' → 70 entries, 44 kept so far
20:07:49  INFO     [AT] 'EU AI Act' → 100 entries, 229 kept so far
20:07:49  INFO     [BE] 'EU AI Act' → 82 entries, 233 kept so far
20:07:49  INFO     [DK] 'EU AI Act' → 78 entries, 54 kept so far
20:07:50  INFO     [NL] 'generative AI' → 100 entries, 202 kept so far
20:07:50  INFO     [SE] 'generative AI' → 72 entries, 51 kept so far
20:07:51  INFO     [AT] 'generative AI' → 100 entries, 251 kept so far
20:07:51  INFO     [DK] 'generative AI' → 89 entries, 78 kept so far
20:07:51  INFO     [BE] 'generative AI' → 100 entries, 261 kept so far
20:07:51  INFO     [NL] +121 new articles saved
20:07:51  INFO     [SE] +23 new articles saved
20:07:52  INFO     [FI] 'artificial intelligence' → 100 entries, 64 kept so far
20:07:52  INFO     [PT] 'artificial intelligence' → 100 entries, 57 kept so far
20:07:52  INFO     [AT] +66 new articles saved
20:07:52  INFO     [DK] +23 new articles saved
20:07:52  INFO     [BE] +28 new articles saved
20:07:52  INFO     [CZ] 'artificial intelligence' → 100 entries, 18 kept so far
20:07:53  INFO     [RO] 'artificial intelligence' → 100 entries, 40 kept so far
20:07:53  INFO     [HU] 'artificial intelligence' → 100 entries, 15 kept so far
20:07:53  INFO     [FI] 'AI regulation' → 41 entries, 74 kept so far
20:07:54  INFO     [PT] 'AI regulation' → 100 entries, 111 kept so far
20:07:54  INFO     [CZ] 'AI regulation' → 62 entries, 45 kept so far
20:07:54  INFO     [RO] 'AI regulation' → 25 entries, 46 kept so far
20:07:54  INFO     [HU] 'AI regulation' → 79 entries, 19 kept so far
20:07:55  INFO     [FI] 'machine learning' → 91 entries, 118 kept so far
20:07:55  INFO     [PT] 'machine learning' → 100 entries, 189 kept so far
20:07:55  INFO     [CZ] 'machine learning' → 71 entries, 62 kept so far
20:07:56  INFO     [RO] 'machine learning' → 100 entries, 100 kept so far
20:07:56  INFO     [HU] 'machine learning' → 69 entries, 44 kept so far
20:07:56  INFO     [FI] 'EU AI Act' → 66 entries, 152 kept so far
20:07:57  INFO     [CZ] 'EU AI Act' → 68 entries, 71 kept so far
20:07:57  INFO     [PT] 'EU AI Act' → 59 entries, 198 kept so far
20:07:57  INFO     [RO] 'EU AI Act' → 72 entries, 125 kept so far
20:07:57  INFO     [HU] 'EU AI Act' → 77 entries, 69 kept so far
20:07:58  INFO     [FI] 'generative AI' → 54 entries, 186 kept so far
20:07:58  INFO     [CZ] 'generative AI' → 76 entries, 87 kept so far
20:07:58  INFO     [PT] 'generative AI' → 100 entries, 227 kept so far
20:07:59  INFO     [RO] 'generative AI' → 85 entries, 147 kept so far
20:07:59  INFO     [FI] +96 new articles saved
20:07:59  INFO     [HU] 'generative AI' → 65 entries, 87 kept so far
20:07:59  INFO     [GR] 'artificial intelligence' → 100 entries, 42 kept so far
20:07:59  INFO     [CZ] +62 new articles saved
20:08:00  INFO     [PT] +146 new articles saved
20:08:00  INFO     [RO] +88 new articles saved
20:08:00  INFO     [HU] +52 new articles saved
20:08:00  INFO     [SK] 'artificial intelligence' → 100 entries, 26 kept so far
20:08:00  INFO     [HR] 'artificial intelligence' → 100 entries, 53 kept so far
20:08:00  INFO     [IE] 'artificial intelligence' → 100 entries, 55 kept so far
20:08:00  INFO     [BG] 'artificial intelligence' → 81 entries, 34 kept so far
20:08:01  INFO     [GR] 'AI regulation' → 63 entries, 100 kept so far
20:08:01  INFO     [SK] 'AI regulation' → 17 entries, 27 kept so far
20:08:02  INFO     [BG] 'AI regulation' → 8 entries, 36 kept so far
20:08:02  INFO     [HR] 'AI regulation' → 100 entries, 101 kept so far
20:08:02  INFO     [IE] 'AI regulation' → 100 entries, 102 kept so far
20:08:03  INFO     [GR] 'machine learning' → 98 entries, 140 kept so far
20:08:03  INFO     [SK] 'machine learning' → 57 entries, 41 kept so far
20:08:03  INFO     [BG] 'machine learning' → 54 entries, 44 kept so far
20:08:03  INFO     [HR] 'machine learning' → 100 entries, 178 kept so far
20:08:04  INFO     [IE] 'machine learning' → 100 entries, 179 kept so far
20:08:04  INFO     [GR] 'EU AI Act' → 62 entries, 159 kept so far
20:08:04  INFO     [SK] 'EU AI Act' → 58 entries, 51 kept so far
20:08:05  INFO     [BG] 'EU AI Act' → 12 entries, 46 kept so far
20:08:05  INFO     [HR] 'EU AI Act' → 100 entries, 258 kept so far
20:08:06  INFO     [IE] 'EU AI Act' → 100 entries, 245 kept so far
20:08:06  INFO     [SK] 'generative AI' → 39 entries, 60 kept so far
20:08:06  INFO     [GR] 'generative AI' → 100 entries, 205 kept so far
20:08:06  INFO     [BG] 'generative AI' → 27 entries, 52 kept so far
20:08:07  INFO     [HR] 'generative AI' → 99 entries, 323 kept so far
20:08:07  INFO     [SK] +31 new articles saved
20:08:07  INFO     [GR] +141 new articles saved
20:08:07  INFO     [BG] +29 new articles saved
20:08:07  INFO     [LT] 'artificial intelligence' → 78 entries, 27 kept so far
20:08:07  INFO     [IE] 'generative AI' → 100 entries, 318 kept so far
20:08:08  INFO     [LV] 'artificial intelligence' → 62 entries, 18 kept so far
20:08:08  INFO     [SI] 'artificial intelligence' → 84 entries, 40 kept so far
20:08:08  INFO     [HR] +298 new articles saved
20:08:08  INFO     [EE] 'artificial intelligence' → 95 entries, 47 kept so far
20:08:08  INFO     [IE] +104 new articles saved
20:08:09  INFO     [LT] 'AI regulation' → 7 entries, 27 kept so far
20:08:09  INFO     [LV] 'AI regulation' → 3 entries, 18 kept so far
20:08:09  INFO     [SI] 'AI regulation' → 8 entries, 40 kept so far
20:08:09  INFO     [CY] 'artificial intelligence' → 100 entries, 42 kept so far
20:08:10  INFO     [EE] 'AI regulation' → 6 entries, 47 kept so far
20:08:10  INFO     [LT] 'machine learning' → 25 entries, 30 kept so far
20:08:10  INFO     [LV] 'machine learning' → 12 entries, 20 kept so far
20:08:10  INFO     [SI] 'machine learning' → 17 entries, 42 kept so far
20:08:10  INFO     [CY] 'AI regulation' → 63 entries, 100 kept so far
20:08:11  INFO     [EE] 'machine learning' → 18 entries, 49 kept so far
20:08:11  INFO     [LT] 'EU AI Act' → 18 entries, 31 kept so far
20:08:11  INFO     [LV] 'EU AI Act' → 6 entries, 20 kept so far
20:08:12  INFO     [SI] 'EU AI Act' → 34 entries, 49 kept so far
20:08:12  INFO     [CY] 'machine learning' → 98 entries, 140 kept so far
20:08:12  INFO     [EE] 'EU AI Act' → 11 entries, 51 kept so far
20:08:13  INFO     [LV] 'generative AI' → 9 entries, 21 kept so far
20:08:13  INFO     [LT] 'generative AI' → 17 entries, 36 kept so far
20:08:13  INFO     [SI] 'generative AI' → 12 entries, 52 kept so far
20:08:13  INFO     [CY] 'EU AI Act' → 63 entries, 159 kept so far
20:08:14  INFO     [LV] +11 new articles saved
20:08:14  INFO     [LT] +13 new articles saved
20:08:14  INFO     [EE] 'generative AI' → 10 entries, 54 kept so far
20:08:14  INFO     [MT] 'artificial intelligence' → 100 entries, 53 kept so far
20:08:14  INFO     [SI] +23 new articles saved
20:08:14  INFO     [LU] 'artificial intelligence' → 100 entries, 51 kept so far
20:08:15  INFO     [EE] +28 new articles saved
20:08:15  INFO     [CY] 'generative AI' → 100 entries, 209 kept so far
20:08:15  INFO     [MT] 'AI regulation' → 100 entries, 101 kept so far
20:08:16  INFO     [LU] 'AI regulation' → 100 entries, 134 kept so far
20:08:16  INFO     [CY] +5 new articles saved
20:08:16  INFO     [MT] 'machine learning' → 100 entries, 178 kept so far
20:08:17  INFO     [MT] 'EU AI Act' → 100 entries, 258 kept so far
20:08:17  INFO     [LU] 'machine learning' → 100 entries, 186 kept so far
20:08:18  INFO     [MT] 'generative AI' → 99 entries, 323 kept so far
20:08:19  INFO     [LU] 'EU AI Act' → 77 entries, 224 kept so far
20:08:19  INFO     [MT] +0 new articles saved
20:08:21  INFO     [LU] 'generative AI' → 100 entries, 256 kept so far
20:08:22  INFO     [LU] +1 new articles saved
20:08:22  INFO     Scrape complete. 2142 new articles this run.
