20:43:44  INFO     Starting scrape: 27 countries, 5 queries each
/home/runner/work/EU_AI_News/EU_AI_News/eu_ai_news_scraper.py:230: DeprecationWarning: datetime.datetime.utcnow() is deprecated and scheduled for removal in a future version. Use timezone-aware objects to represent datetimes in UTC: datetime.datetime.now(datetime.UTC).
  "scraped_at":   datetime.utcnow().isoformat(),
20:43:45  INFO     [DE] 'artificial intelligence' → 100 entries, 47 kept so far
20:43:45  INFO     [FR] 'artificial intelligence' → 102 entries, 51 kept so far
20:43:45  INFO     [IT] 'artificial intelligence' → 102 entries, 29 kept so far
20:43:45  INFO     [ES] 'artificial intelligence' → 100 entries, 51 kept so far
20:43:45  INFO     [PL] 'artificial intelligence' → 100 entries, 21 kept so far
20:43:46  INFO     [FR] 'AI regulation' → 96 entries, 138 kept so far
20:43:46  INFO     [DE] 'AI regulation' → 100 entries, 125 kept so far
20:43:46  INFO     [ES] 'AI regulation' → 78 entries, 94 kept so far
20:43:46  INFO     [IT] 'AI regulation' → 100 entries, 120 kept so far
20:43:47  INFO     [PL] 'AI regulation' → 78 entries, 79 kept so far
20:43:48  INFO     [IT] 'machine learning' → 100 entries, 189 kept so far
20:43:48  INFO     [PL] 'machine learning' → 100 entries, 129 kept so far
20:43:48  INFO     [ES] 'machine learning' → 100 entries, 168 kept so far
20:43:48  INFO     [FR] 'machine learning' → 100 entries, 189 kept so far
20:43:48  INFO     [DE] 'machine learning' → 100 entries, 175 kept so far
20:43:50  INFO     [PL] 'EU AI Act' → 76 entries, 150 kept so far
20:43:50  INFO     [IT] 'EU AI Act' → 100 entries, 236 kept so far
20:43:50  INFO     [FR] 'EU AI Act' → 91 entries, 226 kept so far
20:43:50  INFO     [ES] 'EU AI Act' → 79 entries, 194 kept so far
20:43:50  INFO     [DE] 'EU AI Act' → 100 entries, 252 kept so far
20:43:51  INFO     [PL] 'generative AI' → 100 entries, 180 kept so far
20:43:51  INFO     [IT] 'generative AI' → 100 entries, 278 kept so far
20:43:52  INFO     [DE] 'generative AI' → 100 entries, 274 kept so far
20:43:52  INFO     [FR] 'generative AI' → 100 entries, 254 kept so far
20:43:52  INFO     [ES] 'generative AI' → 100 entries, 239 kept so far
20:43:52  INFO     [PL] +100 new articles saved
20:43:52  INFO     [IT] +194 new articles saved
20:43:53  INFO     [DE] +188 new articles saved
20:43:53  INFO     [NL] 'artificial intelligence' → 100 entries, 18 kept so far
20:43:53  INFO     [FR] +143 new articles saved
20:43:53  INFO     [ES] +129 new articles saved
20:43:53  INFO     [BE] 'artificial intelligence' → 100 entries, 49 kept so far
20:43:53  INFO     [SE] 'artificial intelligence' → 100 entries, 8 kept so far
20:43:53  INFO     [AT] 'artificial intelligence' → 100 entries, 42 kept so far
20:43:53  INFO     [DK] 'artificial intelligence' → 100 entries, 14 kept so far
20:43:54  INFO     [NL] 'AI regulation' → 78 entries, 65 kept so far
20:43:55  INFO     [BE] 'AI regulation' → 97 entries, 135 kept so far
20:43:55  INFO     [SE] 'AI regulation' → 77 entries, 19 kept so far
20:43:55  INFO     [DK] 'AI regulation' → 40 entries, 21 kept so far
20:43:55  INFO     [AT] 'AI regulation' → 100 entries, 118 kept so far
20:43:56  INFO     [NL] 'machine learning' → 100 entries, 112 kept so far
20:43:56  INFO     [BE] 'machine learning' → 100 entries, 189 kept so far
20:43:56  INFO     [SE] 'machine learning' → 80 entries, 41 kept so far
20:43:56  INFO     [DK] 'machine learning' → 87 entries, 38 kept so far
20:43:57  INFO     [AT] 'machine learning' → 100 entries, 170 kept so far
20:43:58  INFO     [NL] 'EU AI Act' → 100 entries, 143 kept so far
20:43:58  INFO     [BE] 'EU AI Act' → 95 entries, 230 kept so far
20:43:58  INFO     [SE] 'EU AI Act' → 62 entries, 49 kept so far
20:43:58  INFO     [DK] 'EU AI Act' → 74 entries, 56 kept so far
20:43:58  INFO     [AT] 'EU AI Act' → 100 entries, 254 kept so far
20:43:59  INFO     [NL] 'generative AI' → 100 entries, 175 kept so far
20:43:59  INFO     [SE] 'generative AI' → 72 entries, 57 kept so far
20:43:59  INFO     [BE] 'generative AI' → 100 entries, 254 kept so far
20:44:00  INFO     [DK] 'generative AI' → 100 entries, 86 kept so far
20:44:00  INFO     [AT] 'generative AI' → 100 entries, 278 kept so far
20:44:00  INFO     [NL] +87 new articles saved
20:44:00  INFO     [SE] +26 new articles saved
20:44:00  INFO     [BE] +18 new articles saved
20:44:01  INFO     [FI] 'artificial intelligence' → 100 entries, 56 kept so far
20:44:01  INFO     [DK] +34 new articles saved
20:44:01  INFO     [AT] +68 new articles saved
20:44:01  INFO     [PT] 'artificial intelligence' → 100 entries, 58 kept so far
20:44:01  INFO     [RO] 'artificial intelligence' → 100 entries, 35 kept so far
20:44:01  INFO     [CZ] 'artificial intelligence' → 100 entries, 16 kept so far
20:44:02  INFO     [HU] 'artificial intelligence' → 100 entries, 23 kept so far
20:44:02  INFO     [FI] 'AI regulation' → 54 entries, 70 kept so far
20:44:03  INFO     [RO] 'AI regulation' → 79 entries, 46 kept so far
20:44:03  INFO     [CZ] 'AI regulation' → 77 entries, 41 kept so far
20:44:03  INFO     [PT] 'AI regulation' → 79 entries, 93 kept so far
20:44:03  INFO     [HU] 'AI regulation' → 78 entries, 28 kept so far
20:44:04  INFO     [FI] 'machine learning' → 92 entries, 119 kept so far
20:44:04  INFO     [RO] 'machine learning' → 100 entries, 107 kept so far
20:44:04  INFO     [CZ] 'machine learning' → 81 entries, 62 kept so far
20:44:05  INFO     [HU] 'machine learning' → 77 entries, 53 kept so far
20:44:05  INFO     [PT] 'machine learning' → 100 entries, 168 kept so far
20:44:05  INFO     [FI] 'EU AI Act' → 64 entries, 161 kept so far
20:44:06  INFO     [RO] 'EU AI Act' → 78 entries, 135 kept so far
20:44:06  INFO     [CZ] 'EU AI Act' → 73 entries, 74 kept so far
20:44:06  INFO     [HU] 'EU AI Act' → 79 entries, 77 kept so far
20:44:06  INFO     [PT] 'EU AI Act' → 59 entries, 181 kept so far
20:44:07  INFO     [FI] 'generative AI' → 66 entries, 201 kept so far
20:44:07  INFO     [CZ] 'generative AI' → 78 entries, 96 kept so far
20:44:07  INFO     [RO] 'generative AI' → 89 entries, 162 kept so far
20:44:07  INFO     [HU] 'generative AI' → 78 entries, 98 kept so far
20:44:08  INFO     [PT] 'generative AI' → 100 entries, 208 kept so far
20:44:08  INFO     [FI] +113 new articles saved
20:44:08  INFO     [CZ] +63 new articles saved
20:44:08  INFO     [RO] +96 new articles saved
20:44:09  INFO     [GR] 'artificial intelligence' → 100 entries, 45 kept so far
20:44:09  INFO     [HU] +59 new articles saved
20:44:09  INFO     [SK] 'artificial intelligence' → 100 entries, 22 kept so far
20:44:09  INFO     [PT] +131 new articles saved
20:44:09  INFO     [HR] 'artificial intelligence' → 100 entries, 43 kept so far
20:44:09  INFO     [IE] 'artificial intelligence' → 100 entries, 48 kept so far
20:44:09  INFO     [BG] 'artificial intelligence' → 86 entries, 37 kept so far
20:44:10  INFO     [GR] 'AI regulation' → 67 entries, 93 kept so far
20:44:10  INFO     [SK] 'AI regulation' → 18 entries, 25 kept so far
20:44:11  INFO     [HR] 'AI regulation' → 100 entries, 74 kept so far
20:44:11  INFO     [IE] 'AI regulation' → 100 entries, 81 kept so far
20:44:11  INFO     [BG] 'AI regulation' → 12 entries, 38 kept so far
20:44:12  INFO     [GR] 'machine learning' → 100 entries, 132 kept so far
20:44:12  INFO     [SK] 'machine learning' → 56 entries, 38 kept so far
20:44:12  INFO     [HR] 'machine learning' → 100 entries, 149 kept so far
20:44:12  INFO     [BG] 'machine learning' → 59 entries, 46 kept so far
20:44:13  INFO     [IE] 'machine learning' → 100 entries, 155 kept so far
20:44:13  INFO     [GR] 'EU AI Act' → 54 entries, 149 kept so far
20:44:13  INFO     [SK] 'EU AI Act' → 64 entries, 47 kept so far
20:44:14  INFO     [BG] 'EU AI Act' → 17 entries, 49 kept so far
20:44:14  INFO     [HR] 'EU AI Act' → 100 entries, 229 kept so far
20:44:14  INFO     [IE] 'EU AI Act' → 100 entries, 224 kept so far
20:44:15  INFO     [SK] 'generative AI' → 46 entries, 57 kept so far
20:44:15  INFO     [GR] 'generative AI' → 100 entries, 198 kept so far
20:44:15  INFO     [BG] 'generative AI' → 29 entries, 55 kept so far
20:44:15  INFO     [HR] 'generative AI' → 100 entries, 295 kept so far
20:44:16  INFO     [SK] +28 new articles saved
20:44:16  INFO     [GR] +127 new articles saved
20:44:16  INFO     [IE] 'generative AI' → 100 entries, 291 kept so far
20:44:16  INFO     [BG] +31 new articles saved
20:44:16  INFO     [LT] 'artificial intelligence' → 81 entries, 29 kept so far
20:44:16  INFO     [SI] 'artificial intelligence' → 100 entries, 55 kept so far
20:44:16  INFO     [LV] 'artificial intelligence' → 64 entries, 18 kept so far
20:44:16  INFO     [HR] +260 new articles saved
20:44:17  INFO     [IE] +110 new articles saved
20:44:17  INFO     [EE] 'artificial intelligence' → 100 entries, 51 kept so far
20:44:17  INFO     [CY] 'artificial intelligence' → 100 entries, 45 kept so far
20:44:17  INFO     [LT] 'AI regulation' → 8 entries, 29 kept so far
20:44:17  INFO     [SI] 'AI regulation' → 3 entries, 55 kept so far
20:44:18  INFO     [LV] 'AI regulation' → 7 entries, 18 kept so far
20:44:18  INFO     [EE] 'AI regulation' → 5 entries, 52 kept so far
20:44:19  INFO     [LT] 'machine learning' → 25 entries, 33 kept so far
20:44:19  INFO     [CY] 'AI regulation' → 67 entries, 93 kept so far
20:44:19  INFO     [SI] 'machine learning' → 19 entries, 56 kept so far
20:44:19  INFO     [LV] 'machine learning' → 12 entries, 21 kept so far
20:44:20  INFO     [EE] 'machine learning' → 16 entries, 54 kept so far
20:44:20  INFO     [LT] 'EU AI Act' → 17 entries, 34 kept so far
20:44:20  INFO     [LV] 'EU AI Act' → 6 entries, 21 kept so far
20:44:20  INFO     [SI] 'EU AI Act' → 21 entries, 61 kept so far
20:44:20  INFO     [CY] 'machine learning' → 100 entries, 134 kept so far
20:44:21  INFO     [EE] 'EU AI Act' → 10 entries, 55 kept so far
20:44:21  INFO     [LT] 'generative AI' → 18 entries, 40 kept so far
20:44:21  INFO     [LV] 'generative AI' → 9 entries, 22 kept so far
20:44:22  INFO     [SI] 'generative AI' → 13 entries, 63 kept so far
20:44:22  INFO     [CY] 'EU AI Act' → 54 entries, 151 kept so far
20:44:22  INFO     [LT] +15 new articles saved
20:44:22  INFO     [LV] +8 new articles saved
20:44:22  INFO     [EE] 'generative AI' → 11 entries, 58 kept so far
20:44:23  INFO     [MT] 'artificial intelligence' → 100 entries, 43 kept so far
20:44:23  INFO     [SI] +29 new articles saved
20:44:23  INFO     [LU] 'artificial intelligence' → 102 entries, 51 kept so far
20:44:23  INFO     [CY] 'generative AI' → 100 entries, 199 kept so far
20:44:23  INFO     [EE] +32 new articles saved
20:44:24  INFO     [MT] 'AI regulation' → 100 entries, 74 kept so far
20:44:24  INFO     [LU] 'AI regulation' → 96 entries, 138 kept so far
20:44:24  INFO     [CY] +6 new articles saved
20:44:25  INFO     [MT] 'machine learning' → 100 entries, 149 kept so far
20:44:26  INFO     [LU] 'machine learning' → 100 entries, 189 kept so far
20:44:26  INFO     [MT] 'EU AI Act' → 100 entries, 229 kept so far
20:44:27  INFO     [MT] 'generative AI' → 100 entries, 295 kept so far
20:44:28  INFO     [LU] 'EU AI Act' → 92 entries, 227 kept so far
20:44:28  INFO     [MT] +0 new articles saved
20:44:29  INFO     [LU] 'generative AI' → 100 entries, 255 kept so far
20:44:30  INFO     [LU] +2 new articles saved
20:44:30  INFO     Scrape complete. 2097 new articles this run.
