21:18:14  INFO     Starting scrape: 27 countries, 5 queries each
/home/runner/work/EU_AI_News/EU_AI_News/eu_ai_news_scraper.py:230: DeprecationWarning: datetime.datetime.utcnow() is deprecated and scheduled for removal in a future version. Use timezone-aware objects to represent datetimes in UTC: datetime.datetime.now(datetime.UTC).
  "scraped_at":   datetime.utcnow().isoformat(),
21:18:15  INFO     [FR] 'artificial intelligence' → 102 entries, 57 kept so far
21:18:15  INFO     [PL] 'artificial intelligence' → 100 entries, 16 kept so far
21:18:15  INFO     [ES] 'artificial intelligence' → 100 entries, 58 kept so far
21:18:15  INFO     [IT] 'artificial intelligence' → 100 entries, 29 kept so far
21:18:15  INFO     [DE] 'artificial intelligence' → 102 entries, 49 kept so far
21:18:17  INFO     [FR] 'AI regulation' → 100 entries, 145 kept so far
21:18:17  INFO     [PL] 'AI regulation' → 77 entries, 74 kept so far
21:18:17  INFO     [ES] 'AI regulation' → 77 entries, 97 kept so far
21:18:17  INFO     [DE] 'AI regulation' → 100 entries, 125 kept so far
21:18:17  INFO     [IT] 'AI regulation' → 100 entries, 119 kept so far
21:18:18  INFO     [FR] 'machine learning' → 100 entries, 199 kept so far
21:18:18  INFO     [PL] 'machine learning' → 100 entries, 125 kept so far
21:18:18  INFO     [ES] 'machine learning' → 100 entries, 170 kept so far
21:18:18  INFO     [DE] 'machine learning' → 100 entries, 175 kept so far
21:18:19  INFO     [IT] 'machine learning' → 100 entries, 194 kept so far
21:18:20  INFO     [PL] 'EU AI Act' → 77 entries, 139 kept so far
21:18:20  INFO     [FR] 'EU AI Act' → 91 entries, 236 kept so far
21:18:20  INFO     [DE] 'EU AI Act' → 100 entries, 244 kept so far
21:18:20  INFO     [ES] 'EU AI Act' → 78 entries, 199 kept so far
21:18:20  INFO     [IT] 'EU AI Act' → 100 entries, 240 kept so far
21:18:21  INFO     [PL] 'generative AI' → 100 entries, 172 kept so far
21:18:21  INFO     [FR] 'generative AI' → 100 entries, 267 kept so far
21:18:22  INFO     [DE] 'generative AI' → 100 entries, 264 kept so far
21:18:22  INFO     [ES] 'generative AI' → 100 entries, 246 kept so far
21:18:22  INFO     [IT] 'generative AI' → 100 entries, 286 kept so far
21:18:22  INFO     [PL] +98 new articles saved
21:18:22  INFO     [FR] +163 new articles saved
21:18:23  INFO     [DE] +186 new articles saved
21:18:23  INFO     [ES] +148 new articles saved
21:18:23  INFO     [IT] +198 new articles saved
21:18:23  INFO     [NL] 'artificial intelligence' → 100 entries, 11 kept so far
21:18:23  INFO     [BE] 'artificial intelligence' → 100 entries, 52 kept so far
21:18:23  INFO     [SE] 'artificial intelligence' → 100 entries, 16 kept so far
21:18:23  INFO     [AT] 'artificial intelligence' → 100 entries, 43 kept so far
21:18:24  INFO     [DK] 'artificial intelligence' → 100 entries, 19 kept so far
21:18:25  INFO     [NL] 'AI regulation' → 77 entries, 57 kept so far
21:18:25  INFO     [BE] 'AI regulation' → 98 entries, 138 kept so far
21:18:25  INFO     [SE] 'AI regulation' → 75 entries, 30 kept so far
21:18:25  INFO     [AT] 'AI regulation' → 100 entries, 116 kept so far
21:18:25  INFO     [DK] 'AI regulation' → 48 entries, 27 kept so far
21:18:26  INFO     [NL] 'machine learning' → 100 entries, 111 kept so far
21:18:26  INFO     [SE] 'machine learning' → 83 entries, 53 kept so far
21:18:26  INFO     [BE] 'machine learning' → 100 entries, 190 kept so far
21:18:27  INFO     [DK] 'machine learning' → 79 entries, 50 kept so far
21:18:27  INFO     [AT] 'machine learning' → 100 entries, 169 kept so far
21:18:28  INFO     [NL] 'EU AI Act' → 100 entries, 141 kept so far
21:18:28  INFO     [SE] 'EU AI Act' → 64 entries, 60 kept so far
21:18:28  INFO     [BE] 'EU AI Act' → 96 entries, 230 kept so far
21:18:28  INFO     [DK] 'EU AI Act' → 73 entries, 67 kept so far
21:18:28  INFO     [AT] 'EU AI Act' → 100 entries, 244 kept so far
21:18:29  INFO     [NL] 'generative AI' → 100 entries, 174 kept so far
21:18:30  INFO     [SE] 'generative AI' → 72 entries, 69 kept so far
21:18:30  INFO     [DK] 'generative AI' → 100 entries, 101 kept so far
21:18:30  INFO     [BE] 'generative AI' → 100 entries, 260 kept so far
21:18:30  INFO     [AT] 'generative AI' → 100 entries, 265 kept so far
21:18:30  INFO     [NL] +82 new articles saved
21:18:31  INFO     [SE] +38 new articles saved
21:18:31  INFO     [DK] +55 new articles saved
21:18:31  INFO     [BE] +34 new articles saved
21:18:31  INFO     [FI] 'artificial intelligence' → 100 entries, 62 kept so far
21:18:31  INFO     [AT] +45 new articles saved
21:18:31  INFO     [PT] 'artificial intelligence' → 100 entries, 57 kept so far
21:18:31  INFO     [CZ] 'artificial intelligence' → 100 entries, 19 kept so far
21:18:32  INFO     [RO] 'artificial intelligence' → 100 entries, 38 kept so far
21:18:32  INFO     [HU] 'artificial intelligence' → 100 entries, 22 kept so far
21:18:33  INFO     [FI] 'AI regulation' → 56 entries, 74 kept so far
21:18:33  INFO     [PT] 'AI regulation' → 79 entries, 92 kept so far
21:18:33  INFO     [CZ] 'AI regulation' → 76 entries, 41 kept so far
21:18:33  INFO     [RO] 'AI regulation' → 77 entries, 47 kept so far
21:18:33  INFO     [HU] 'AI regulation' → 78 entries, 26 kept so far
21:18:34  INFO     [FI] 'machine learning' → 81 entries, 118 kept so far
21:18:35  INFO     [CZ] 'machine learning' → 81 entries, 64 kept so far
21:18:35  INFO     [PT] 'machine learning' → 100 entries, 170 kept so far
21:18:35  INFO     [HU] 'machine learning' → 61 entries, 50 kept so far
21:18:35  INFO     [RO] 'machine learning' → 100 entries, 101 kept so far
21:18:36  INFO     [FI] 'EU AI Act' → 69 entries, 157 kept so far
21:18:36  INFO     [CZ] 'EU AI Act' → 72 entries, 79 kept so far
21:18:36  INFO     [HU] 'EU AI Act' → 78 entries, 70 kept so far
21:18:36  INFO     [PT] 'EU AI Act' → 64 entries, 184 kept so far
21:18:36  INFO     [RO] 'EU AI Act' → 76 entries, 130 kept so far
21:18:37  INFO     [FI] 'generative AI' → 69 entries, 201 kept so far
21:18:38  INFO     [CZ] 'generative AI' → 74 entries, 99 kept so far
21:18:38  INFO     [HU] 'generative AI' → 70 entries, 89 kept so far
21:18:38  INFO     [RO] 'generative AI' → 93 entries, 154 kept so far
21:18:38  INFO     [PT] 'generative AI' → 100 entries, 215 kept so far
21:18:38  INFO     [FI] +109 new articles saved
21:18:39  INFO     [CZ] +65 new articles saved
21:18:39  INFO     [HU] +52 new articles saved
21:18:39  INFO     [GR] 'artificial intelligence' → 100 entries, 42 kept so far
21:18:39  INFO     [RO] +99 new articles saved
21:18:39  INFO     [PT] +138 new articles saved
21:18:39  INFO     [SK] 'artificial intelligence' → 100 entries, 24 kept so far
21:18:39  INFO     [HR] 'artificial intelligence' → 104 entries, 55 kept so far
21:18:39  INFO     [IE] 'artificial intelligence' → 100 entries, 52 kept so far
21:18:40  INFO     [BG] 'artificial intelligence' → 97 entries, 43 kept so far
21:18:41  INFO     [GR] 'AI regulation' → 70 entries, 97 kept so far
21:18:41  INFO     [SK] 'AI regulation' → 29 entries, 26 kept so far
21:18:41  INFO     [BG] 'AI regulation' → 22 entries, 45 kept so far
21:18:41  INFO     [HR] 'AI regulation' → 100 entries, 98 kept so far
21:18:41  INFO     [IE] 'AI regulation' → 100 entries, 102 kept so far
21:18:42  INFO     [GR] 'machine learning' → 100 entries, 136 kept so far
21:18:42  INFO     [SK] 'machine learning' → 58 entries, 39 kept so far
21:18:42  INFO     [BG] 'machine learning' → 53 entries, 56 kept so far
21:18:43  INFO     [HR] 'machine learning' → 100 entries, 169 kept so far
21:18:43  INFO     [IE] 'machine learning' → 100 entries, 164 kept so far
21:18:44  INFO     [GR] 'EU AI Act' → 60 entries, 151 kept so far
21:18:44  INFO     [SK] 'EU AI Act' → 65 entries, 50 kept so far
21:18:44  INFO     [BG] 'EU AI Act' → 21 entries, 58 kept so far
21:18:44  INFO     [HR] 'EU AI Act' → 100 entries, 245 kept so far
21:18:45  INFO     [IE] 'EU AI Act' → 100 entries, 233 kept so far
21:18:45  INFO     [GR] 'generative AI' → 100 entries, 197 kept so far
21:18:45  INFO     [SK] 'generative AI' → 49 entries, 62 kept so far
21:18:45  INFO     [BG] 'generative AI' → 36 entries, 64 kept so far
21:18:46  INFO     [HR] 'generative AI' → 100 entries, 301 kept so far
21:18:46  INFO     [GR] +138 new articles saved
21:18:46  INFO     [SK] +32 new articles saved
21:18:46  INFO     [BG] +41 new articles saved
21:18:47  INFO     [IE] 'generative AI' → 100 entries, 290 kept so far
21:18:47  INFO     [LT] 'artificial intelligence' → 82 entries, 25 kept so far
21:18:47  INFO     [LV] 'artificial intelligence' → 63 entries, 20 kept so far
21:18:47  INFO     [SI] 'artificial intelligence' → 100 entries, 44 kept so far
21:18:47  INFO     [HR] +284 new articles saved
21:18:47  INFO     [EE] 'artificial intelligence' → 97 entries, 48 kept so far
21:18:48  INFO     [IE] +98 new articles saved
21:18:48  INFO     [LV] 'AI regulation' → 6 entries, 20 kept so far
21:18:48  INFO     [LT] 'AI regulation' → 7 entries, 25 kept so far
21:18:48  INFO     [SI] 'AI regulation' → 4 entries, 44 kept so far
21:18:48  INFO     [CY] 'artificial intelligence' → 100 entries, 43 kept so far
21:18:49  INFO     [EE] 'AI regulation' → 5 entries, 48 kept so far
21:18:49  INFO     [LV] 'machine learning' → 11 entries, 24 kept so far
21:18:50  INFO     [LT] 'machine learning' → 36 entries, 28 kept so far
21:18:50  INFO     [SI] 'machine learning' → 22 entries, 46 kept so far
21:18:50  INFO     [CY] 'AI regulation' → 70 entries, 98 kept so far
21:18:50  INFO     [EE] 'machine learning' → 25 entries, 50 kept so far
21:18:51  INFO     [LV] 'EU AI Act' → 9 entries, 26 kept so far
21:18:51  INFO     [LT] 'EU AI Act' → 22 entries, 29 kept so far
21:18:51  INFO     [SI] 'EU AI Act' → 25 entries, 51 kept so far
21:18:51  INFO     [CY] 'machine learning' → 100 entries, 137 kept so far
21:18:52  INFO     [EE] 'EU AI Act' → 8 entries, 50 kept so far
21:18:52  INFO     [LV] 'generative AI' → 9 entries, 27 kept so far
21:18:52  INFO     [LT] 'generative AI' → 15 entries, 35 kept so far
21:18:52  INFO     [SI] 'generative AI' → 17 entries, 53 kept so far
21:18:53  INFO     [CY] 'EU AI Act' → 60 entries, 152 kept so far
21:18:53  INFO     [EE] 'generative AI' → 10 entries, 52 kept so far
21:18:53  INFO     [LV] +12 new articles saved
21:18:53  INFO     [LT] +13 new articles saved
21:18:53  INFO     [MT] 'artificial intelligence' → 104 entries, 55 kept so far
21:18:53  INFO     [SI] +22 new articles saved
21:18:54  INFO     [LU] 'artificial intelligence' → 102 entries, 57 kept so far
21:18:54  INFO     [EE] +27 new articles saved
21:18:54  INFO     [CY] 'generative AI' → 100 entries, 198 kept so far
21:18:54  INFO     [MT] 'AI regulation' → 100 entries, 98 kept so far
21:18:55  INFO     [LU] 'AI regulation' → 100 entries, 145 kept so far
21:18:55  INFO     [CY] +4 new articles saved
21:18:56  INFO     [MT] 'machine learning' → 100 entries, 169 kept so far
21:18:57  INFO     [MT] 'EU AI Act' → 100 entries, 245 kept so far
21:18:57  INFO     [LU] 'machine learning' → 100 entries, 199 kept so far
21:18:58  INFO     [MT] 'generative AI' → 100 entries, 301 kept so far
21:18:58  INFO     [LU] 'EU AI Act' → 89 entries, 237 kept so far
21:18:59  INFO     [MT] +0 new articles saved
21:19:00  INFO     [LU] 'generative AI' → 100 entries, 268 kept so far
21:19:01  INFO     [LU] +1 new articles saved
21:19:01  INFO     Scrape complete. 2182 new articles this run.
