03:46:26  INFO     Starting scrape: 27 countries, 5 queries each
/home/runner/work/EU_AI_News/EU_AI_News/eu_ai_news_scraper.py:230: DeprecationWarning: datetime.datetime.utcnow() is deprecated and scheduled for removal in a future version. Use timezone-aware objects to represent datetimes in UTC: datetime.datetime.now(datetime.UTC).
  "scraped_at":   datetime.utcnow().isoformat(),
03:46:26  INFO     [DE] 'artificial intelligence' → 100 entries, 50 kept so far
03:46:26  INFO     [FR] 'artificial intelligence' → 100 entries, 56 kept so far
03:46:26  INFO     [IT] 'artificial intelligence' → 100 entries, 36 kept so far
03:46:26  INFO     [ES] 'artificial intelligence' → 100 entries, 56 kept so far
03:46:26  INFO     [PL] 'artificial intelligence' → 100 entries, 13 kept so far
03:46:28  INFO     [DE] 'AI regulation' → 100 entries, 127 kept so far
03:46:28  INFO     [FR] 'AI regulation' → 100 entries, 138 kept so far
03:46:28  INFO     [IT] 'AI regulation' → 100 entries, 119 kept so far
03:46:28  INFO     [ES] 'AI regulation' → 81 entries, 112 kept so far
03:46:28  INFO     [PL] 'AI regulation' → 100 entries, 90 kept so far
03:46:29  INFO     [DE] 'machine learning' → 100 entries, 177 kept so far
03:46:29  INFO     [FR] 'machine learning' → 100 entries, 194 kept so far
03:46:30  INFO     [IT] 'machine learning' → 100 entries, 191 kept so far
03:46:30  INFO     [ES] 'machine learning' → 100 entries, 189 kept so far
03:46:30  INFO     [PL] 'machine learning' → 100 entries, 133 kept so far
03:46:31  INFO     [DE] 'EU AI Act' → 100 entries, 230 kept so far
03:46:31  INFO     [FR] 'EU AI Act' → 83 entries, 245 kept so far
03:46:31  INFO     [IT] 'EU AI Act' → 100 entries, 268 kept so far
03:46:31  INFO     [PL] 'EU AI Act' → 78 entries, 159 kept so far
03:46:31  INFO     [ES] 'EU AI Act' → 78 entries, 216 kept so far
03:46:32  INFO     [DE] 'generative AI' → 100 entries, 254 kept so far
03:46:32  INFO     [FR] 'generative AI' → 100 entries, 268 kept so far
03:46:33  INFO     [PL] 'generative AI' → 100 entries, 189 kept so far
03:46:33  INFO     [IT] 'generative AI' → 100 entries, 307 kept so far
03:46:33  INFO     [ES] 'generative AI' → 100 entries, 259 kept so far
03:46:33  INFO     [DE] +187 new articles saved
03:46:33  INFO     [FR] +155 new articles saved
03:46:34  INFO     [PL] +128 new articles saved
03:46:34  INFO     [NL] 'artificial intelligence' → 100 entries, 16 kept so far
03:46:34  INFO     [IT] +208 new articles saved
03:46:34  INFO     [BE] 'artificial intelligence' → 100 entries, 62 kept so far
03:46:34  INFO     [ES] +156 new articles saved
03:46:34  INFO     [SE] 'artificial intelligence' → 100 entries, 8 kept so far
03:46:35  INFO     [AT] 'artificial intelligence' → 100 entries, 51 kept so far
03:46:35  INFO     [DK] 'artificial intelligence' → 100 entries, 21 kept so far
03:46:35  INFO     [NL] 'AI regulation' → 77 entries, 69 kept so far
03:46:36  INFO     [BE] 'AI regulation' → 100 entries, 143 kept so far
03:46:36  INFO     [SE] 'AI regulation' → 78 entries, 22 kept so far
03:46:36  INFO     [AT] 'AI regulation' → 100 entries, 130 kept so far
03:46:36  INFO     [DK] 'AI regulation' → 40 entries, 33 kept so far
03:46:37  INFO     [NL] 'machine learning' → 100 entries, 123 kept so far
03:46:37  INFO     [BE] 'machine learning' → 100 entries, 201 kept so far
03:46:37  INFO     [SE] 'machine learning' → 74 entries, 42 kept so far
03:46:38  INFO     [AT] 'machine learning' → 100 entries, 181 kept so far
03:46:38  INFO     [DK] 'machine learning' → 81 entries, 56 kept so far
03:46:39  INFO     [SE] 'EU AI Act' → 74 entries, 45 kept so far
03:46:39  INFO     [NL] 'EU AI Act' → 93 entries, 146 kept so far
03:46:39  INFO     [BE] 'EU AI Act' → 90 entries, 252 kept so far
03:46:39  INFO     [DK] 'EU AI Act' → 38 entries, 68 kept so far
03:46:39  INFO     [AT] 'EU AI Act' → 100 entries, 259 kept so far
03:46:40  INFO     [SE] 'generative AI' → 77 entries, 54 kept so far
03:46:40  INFO     [NL] 'generative AI' → 100 entries, 172 kept so far
03:46:41  INFO     [BE] 'generative AI' → 100 entries, 273 kept so far
03:46:41  INFO     [DK] 'generative AI' → 89 entries, 92 kept so far
03:46:41  INFO     [AT] 'generative AI' → 100 entries, 284 kept so far
03:46:41  INFO     [SE] +23 new articles saved
03:46:41  INFO     [NL] +90 new articles saved
03:46:42  INFO     [BE] +27 new articles saved
03:46:42  INFO     [FI] 'artificial intelligence' → 100 entries, 67 kept so far
03:46:42  INFO     [DK] +33 new articles saved
03:46:42  INFO     [CZ] 'artificial intelligence' → 100 entries, 15 kept so far
03:46:42  INFO     [PT] 'artificial intelligence' → 100 entries, 61 kept so far
03:46:42  INFO     [AT] +60 new articles saved
03:46:42  INFO     [RO] 'artificial intelligence' → 100 entries, 45 kept so far
03:46:43  INFO     [HU] 'artificial intelligence' → 100 entries, 13 kept so far
03:46:43  INFO     [FI] 'AI regulation' → 52 entries, 80 kept so far
03:46:44  INFO     [CZ] 'AI regulation' → 75 entries, 40 kept so far
03:46:44  INFO     [PT] 'AI regulation' → 95 entries, 122 kept so far
03:46:44  INFO     [RO] 'AI regulation' → 79 entries, 56 kept so far
03:46:44  INFO     [HU] 'AI regulation' → 79 entries, 19 kept so far
03:46:45  INFO     [FI] 'machine learning' → 86 entries, 124 kept so far
03:46:45  INFO     [CZ] 'machine learning' → 76 entries, 59 kept so far
03:46:45  INFO     [RO] 'machine learning' → 100 entries, 105 kept so far
03:46:46  INFO     [PT] 'machine learning' → 100 entries, 194 kept so far
03:46:46  INFO     [HU] 'machine learning' → 71 entries, 42 kept so far
03:46:46  INFO     [FI] 'EU AI Act' → 65 entries, 159 kept so far
03:46:47  INFO     [CZ] 'EU AI Act' → 75 entries, 72 kept so far
03:46:47  INFO     [RO] 'EU AI Act' → 77 entries, 122 kept so far
03:46:47  INFO     [HU] 'EU AI Act' → 79 entries, 67 kept so far
03:46:47  INFO     [PT] 'EU AI Act' → 63 entries, 207 kept so far
03:46:48  INFO     [FI] 'generative AI' → 60 entries, 198 kept so far
03:46:48  INFO     [CZ] 'generative AI' → 77 entries, 87 kept so far
03:46:49  INFO     [RO] 'generative AI' → 76 entries, 142 kept so far
03:46:49  INFO     [HU] 'generative AI' → 71 entries, 87 kept so far
03:46:49  INFO     [PT] 'generative AI' → 100 entries, 236 kept so far
03:46:49  INFO     [FI] +106 new articles saved
03:46:49  INFO     [CZ] +55 new articles saved
03:46:50  INFO     [GR] 'artificial intelligence' → 100 entries, 42 kept so far
03:46:50  INFO     [RO] +81 new articles saved
03:46:50  INFO     [HU] +48 new articles saved
03:46:50  INFO     [SK] 'artificial intelligence' → 100 entries, 23 kept so far
03:46:50  INFO     [PT] +148 new articles saved
03:46:50  INFO     [IE] 'artificial intelligence' → 100 entries, 60 kept so far
03:46:50  INFO     [HR] 'artificial intelligence' → 100 entries, 59 kept so far
03:46:51  INFO     [BG] 'artificial intelligence' → 75 entries, 31 kept so far
03:46:51  INFO     [GR] 'AI regulation' → 62 entries, 97 kept so far
03:46:51  INFO     [SK] 'AI regulation' → 24 entries, 25 kept so far
03:46:52  INFO     [HR] 'AI regulation' → 100 entries, 103 kept so far
03:46:52  INFO     [IE] 'AI regulation' → 100 entries, 97 kept so far
03:46:52  INFO     [BG] 'AI regulation' → 13 entries, 33 kept so far
03:46:53  INFO     [GR] 'machine learning' → 100 entries, 142 kept so far
03:46:53  INFO     [SK] 'machine learning' → 55 entries, 37 kept so far
03:46:53  INFO     [BG] 'machine learning' → 55 entries, 40 kept so far
03:46:53  INFO     [HR] 'machine learning' → 100 entries, 172 kept so far
03:46:53  INFO     [IE] 'machine learning' → 100 entries, 161 kept so far
03:46:54  INFO     [SK] 'EU AI Act' → 56 entries, 46 kept so far
03:46:54  INFO     [GR] 'EU AI Act' → 60 entries, 165 kept so far
03:46:55  INFO     [BG] 'EU AI Act' → 11 entries, 42 kept so far
03:46:55  INFO     [HR] 'EU AI Act' → 100 entries, 255 kept so far
03:46:55  INFO     [IE] 'EU AI Act' → 100 entries, 233 kept so far
03:46:55  INFO     [SK] 'generative AI' → 44 entries, 56 kept so far
03:46:56  INFO     [GR] 'generative AI' → 100 entries, 201 kept so far
03:46:56  INFO     [BG] 'generative AI' → 30 entries, 47 kept so far
03:46:56  INFO     [HR] 'generative AI' → 100 entries, 316 kept so far
03:46:56  INFO     [SK] +24 new articles saved
03:46:57  INFO     [GR] +138 new articles saved
03:46:57  INFO     [IE] 'generative AI' → 100 entries, 292 kept so far
03:46:57  INFO     [BG] +22 new articles saved
03:46:57  INFO     [LT] 'artificial intelligence' → 82 entries, 29 kept so far
03:46:57  INFO     [SI] 'artificial intelligence' → 88 entries, 46 kept so far
03:46:57  INFO     [LV] 'artificial intelligence' → 66 entries, 22 kept so far
03:46:57  INFO     [HR] +270 new articles saved
03:46:58  INFO     [EE] 'artificial intelligence' → 100 entries, 53 kept so far
03:46:58  INFO     [IE] +99 new articles saved
03:46:58  INFO     [CY] 'artificial intelligence' → 100 entries, 67 kept so far
03:46:58  INFO     [LT] 'AI regulation' → 17 entries, 30 kept so far
03:46:59  INFO     [SI] 'AI regulation' → 11 entries, 46 kept so far
03:46:59  INFO     [LV] 'AI regulation' → 7 entries, 23 kept so far
03:46:59  INFO     [EE] 'AI regulation' → 5 entries, 53 kept so far
03:47:00  INFO     [LT] 'machine learning' → 30 entries, 33 kept so far
03:47:00  INFO     [CY] 'AI regulation' → 62 entries, 122 kept so far
03:47:00  INFO     [SI] 'machine learning' → 21 entries, 47 kept so far
03:47:00  INFO     [LV] 'machine learning' → 12 entries, 23 kept so far
03:47:00  INFO     [EE] 'machine learning' → 24 entries, 55 kept so far
03:47:01  INFO     [LT] 'EU AI Act' → 18 entries, 34 kept so far
03:47:01  INFO     [LV] 'EU AI Act' → 5 entries, 23 kept so far
03:47:01  INFO     [CY] 'machine learning' → 100 entries, 168 kept so far
03:47:01  INFO     [SI] 'EU AI Act' → 31 entries, 54 kept so far
03:47:02  INFO     [EE] 'EU AI Act' → 9 entries, 56 kept so far
03:47:02  INFO     [LT] 'generative AI' → 17 entries, 40 kept so far
03:47:02  INFO     [LV] 'generative AI' → 8 entries, 25 kept so far
03:47:03  INFO     [SI] 'generative AI' → 11 entries, 56 kept so far
03:47:03  INFO     [CY] 'EU AI Act' → 60 entries, 191 kept so far
03:47:03  INFO     [EE] 'generative AI' → 10 entries, 59 kept so far
03:47:03  INFO     [LT] +15 new articles saved
03:47:03  INFO     [LV] +11 new articles saved
03:47:04  INFO     [MT] 'artificial intelligence' → 100 entries, 59 kept so far
03:47:04  INFO     [SI] +24 new articles saved
03:47:04  INFO     [LU] 'artificial intelligence' → 100 entries, 56 kept so far
03:47:04  INFO     [EE] +30 new articles saved
03:47:04  INFO     [CY] 'generative AI' → 100 entries, 228 kept so far
03:47:05  INFO     [MT] 'AI regulation' → 100 entries, 103 kept so far
03:47:05  INFO     [CY] +36 new articles saved
03:47:05  INFO     [LU] 'AI regulation' → 100 entries, 138 kept so far
03:47:06  INFO     [MT] 'machine learning' → 100 entries, 172 kept so far
03:47:07  INFO     [LU] 'machine learning' → 100 entries, 194 kept so far
03:47:07  INFO     [MT] 'EU AI Act' → 100 entries, 255 kept so far
03:47:08  INFO     [MT] 'generative AI' → 100 entries, 316 kept so far
03:47:08  INFO     [LU] 'EU AI Act' → 83 entries, 244 kept so far
03:47:09  INFO     [MT] +0 new articles saved
03:47:10  INFO     [LU] 'generative AI' → 100 entries, 267 kept so far
03:47:11  INFO     [LU] +0 new articles saved
03:47:11  INFO     Scrape complete. 2174 new articles this run.
