13:37:57  INFO     Starting scrape: 27 countries, 5 queries each
13:37:57  INFO     [FR] 'artificial intelligence' → 100 entries, 59 kept so far
/home/runner/work/EU_AI_News/EU_AI_News/eu_ai_news_scraper.py:230: DeprecationWarning: datetime.datetime.utcnow() is deprecated and scheduled for removal in a future version. Use timezone-aware objects to represent datetimes in UTC: datetime.datetime.now(datetime.UTC).
  "scraped_at":   datetime.utcnow().isoformat(),
13:37:57  INFO     [DE] 'artificial intelligence' → 100 entries, 55 kept so far
13:37:58  INFO     [ES] 'artificial intelligence' → 100 entries, 64 kept so far
13:37:58  INFO     [IT] 'artificial intelligence' → 100 entries, 49 kept so far
13:37:58  INFO     [PL] 'artificial intelligence' → 100 entries, 13 kept so far
13:37:59  INFO     [DE] 'AI regulation' → 54 entries, 85 kept so far
13:37:59  INFO     [FR] 'AI regulation' → 100 entries, 118 kept so far
13:37:59  INFO     [ES] 'AI regulation' → 72 entries, 81 kept so far
13:37:59  INFO     [IT] 'AI regulation' → 100 entries, 113 kept so far
13:37:59  INFO     [PL] 'AI regulation' → 100 entries, 82 kept so far
13:38:00  INFO     [FR] 'machine learning' → 100 entries, 175 kept so far
13:38:01  INFO     [DE] 'machine learning' → 100 entries, 129 kept so far
13:38:01  INFO     [IT] 'machine learning' → 100 entries, 185 kept so far
13:38:01  INFO     [ES] 'machine learning' → 100 entries, 158 kept so far
13:38:01  INFO     [PL] 'machine learning' → 100 entries, 118 kept so far
13:38:02  INFO     [FR] 'EU AI Act' → 77 entries, 221 kept so far
13:38:02  INFO     [DE] 'EU AI Act' → 100 entries, 214 kept so far
13:38:02  INFO     [IT] 'EU AI Act' → 100 entries, 257 kept so far
13:38:02  INFO     [PL] 'EU AI Act' → 77 entries, 134 kept so far
13:38:02  INFO     [ES] 'EU AI Act' → 78 entries, 193 kept so far
13:38:04  INFO     [FR] 'generative AI' → 100 entries, 252 kept so far
13:38:04  INFO     [DE] 'generative AI' → 100 entries, 235 kept so far
13:38:04  INFO     [IT] 'generative AI' → 100 entries, 297 kept so far
13:38:04  INFO     [PL] 'generative AI' → 100 entries, 167 kept so far
13:38:04  INFO     [ES] 'generative AI' → 100 entries, 231 kept so far
13:38:05  INFO     [FR] +118 new articles saved
13:38:05  INFO     [DE] +151 new articles saved
13:38:05  INFO     [IT] +140 new articles saved
13:38:05  INFO     [PL] +73 new articles saved
13:38:05  INFO     [NL] 'artificial intelligence' → 100 entries, 10 kept so far
13:38:05  INFO     [ES] +103 new articles saved
13:38:05  INFO     [BE] 'artificial intelligence' → 100 entries, 61 kept so far
13:38:05  INFO     [SE] 'artificial intelligence' → 100 entries, 10 kept so far
13:38:06  INFO     [AT] 'artificial intelligence' → 100 entries, 48 kept so far
13:38:06  INFO     [DK] 'artificial intelligence' → 100 entries, 12 kept so far
13:38:07  INFO     [NL] 'AI regulation' → 78 entries, 50 kept so far
13:38:07  INFO     [BE] 'AI regulation' → 100 entries, 133 kept so far
13:38:07  INFO     [SE] 'AI regulation' → 77 entries, 24 kept so far
13:38:07  INFO     [AT] 'AI regulation' → 58 entries, 83 kept so far
13:38:07  INFO     [DK] 'AI regulation' → 29 entries, 14 kept so far
13:38:08  INFO     [NL] 'machine learning' → 100 entries, 106 kept so far
13:38:08  INFO     [SE] 'machine learning' → 73 entries, 45 kept so far
13:38:08  INFO     [BE] 'machine learning' → 100 entries, 190 kept so far
13:38:09  INFO     [AT] 'machine learning' → 100 entries, 130 kept so far
13:38:09  INFO     [DK] 'machine learning' → 83 entries, 38 kept so far
13:38:10  INFO     [NL] 'EU AI Act' → 100 entries, 133 kept so far
13:38:10  INFO     [SE] 'EU AI Act' → 77 entries, 53 kept so far
13:38:10  INFO     [BE] 'EU AI Act' → 81 entries, 225 kept so far
13:38:10  INFO     [DK] 'EU AI Act' → 76 entries, 57 kept so far
13:38:10  INFO     [AT] 'EU AI Act' → 100 entries, 218 kept so far
13:38:11  INFO     [NL] 'generative AI' → 100 entries, 159 kept so far
13:38:11  INFO     [SE] 'generative AI' → 74 entries, 66 kept so far
13:38:12  INFO     [BE] 'generative AI' → 100 entries, 251 kept so far
13:38:12  INFO     [AT] 'generative AI' → 100 entries, 239 kept so far
13:38:12  INFO     [DK] 'generative AI' → 100 entries, 89 kept so far
13:38:12  INFO     [NL] +54 new articles saved
13:38:12  INFO     [SE] +24 new articles saved
13:38:13  INFO     [BE] +21 new articles saved
13:38:13  INFO     [AT] +39 new articles saved
13:38:13  INFO     [DK] +24 new articles saved
13:38:13  INFO     [FI] 'artificial intelligence' → 100 entries, 49 kept so far
13:38:13  INFO     [CZ] 'artificial intelligence' → 100 entries, 19 kept so far
13:38:13  INFO     [PT] 'artificial intelligence' → 100 entries, 62 kept so far
13:38:13  INFO     [HU] 'artificial intelligence' → 100 entries, 16 kept so far
13:38:13  INFO     [RO] 'artificial intelligence' → 100 entries, 44 kept so far
13:38:15  INFO     [FI] 'AI regulation' → 46 entries, 60 kept so far
13:38:15  INFO     [CZ] 'AI regulation' → 78 entries, 35 kept so far
13:38:15  INFO     [RO] 'AI regulation' → 27 entries, 48 kept so far
13:38:15  INFO     [PT] 'AI regulation' → 78 entries, 95 kept so far
13:38:15  INFO     [HU] 'AI regulation' → 79 entries, 18 kept so far
13:38:16  INFO     [CZ] 'machine learning' → 76 entries, 54 kept so far
13:38:16  INFO     [FI] 'machine learning' → 90 entries, 101 kept so far
13:38:16  INFO     [RO] 'machine learning' → 100 entries, 96 kept so far
13:38:17  INFO     [PT] 'machine learning' → 100 entries, 170 kept so far
13:38:17  INFO     [HU] 'machine learning' → 68 entries, 41 kept so far
13:38:18  INFO     [CZ] 'EU AI Act' → 76 entries, 63 kept so far
13:38:18  INFO     [FI] 'EU AI Act' → 75 entries, 140 kept so far
13:38:18  INFO     [RO] 'EU AI Act' → 79 entries, 104 kept so far
13:38:18  INFO     [HU] 'EU AI Act' → 78 entries, 60 kept so far
13:38:18  INFO     [PT] 'EU AI Act' → 45 entries, 177 kept so far
13:38:19  INFO     [CZ] 'generative AI' → 79 entries, 81 kept so far
13:38:19  INFO     [FI] 'generative AI' → 61 entries, 175 kept so far
13:38:19  INFO     [RO] 'generative AI' → 77 entries, 121 kept so far
13:38:19  INFO     [HU] 'generative AI' → 73 entries, 84 kept so far
13:38:20  INFO     [PT] 'generative AI' → 100 entries, 209 kept so far
13:38:20  INFO     [CZ] +42 new articles saved
13:38:20  INFO     [FI] +74 new articles saved
13:38:20  INFO     [RO] +52 new articles saved
13:38:20  INFO     [HU] +38 new articles saved
13:38:21  INFO     [GR] 'artificial intelligence' → 100 entries, 46 kept so far
13:38:21  INFO     [PT] +91 new articles saved
13:38:21  INFO     [HR] 'artificial intelligence' → 104 entries, 68 kept so far
13:38:21  INFO     [IE] 'artificial intelligence' → 100 entries, 69 kept so far
13:38:21  INFO     [SK] 'artificial intelligence' → 100 entries, 26 kept so far
13:38:21  INFO     [BG] 'artificial intelligence' → 61 entries, 32 kept so far
13:38:22  INFO     [GR] 'AI regulation' → 59 entries, 95 kept so far
13:38:22  INFO     [SK] 'AI regulation' → 18 entries, 29 kept so far
13:38:23  INFO     [HR] 'AI regulation' → 100 entries, 114 kept so far
13:38:23  INFO     [BG] 'AI regulation' → 5 entries, 34 kept so far
13:38:23  INFO     [IE] 'AI regulation' → 100 entries, 118 kept so far
13:38:24  INFO     [SK] 'machine learning' → 67 entries, 43 kept so far
13:38:24  INFO     [GR] 'machine learning' → 88 entries, 130 kept so far
13:38:24  INFO     [BG] 'machine learning' → 56 entries, 44 kept so far
13:38:24  INFO     [HR] 'machine learning' → 100 entries, 196 kept so far
13:38:25  INFO     [IE] 'machine learning' → 100 entries, 201 kept so far
13:38:25  INFO     [BG] 'EU AI Act' → 8 entries, 47 kept so far
13:38:25  INFO     [SK] 'EU AI Act' → 62 entries, 59 kept so far
13:38:25  INFO     [GR] 'EU AI Act' → 57 entries, 145 kept so far
13:38:26  INFO     [HR] 'EU AI Act' → 100 entries, 282 kept so far
13:38:26  INFO     [IE] 'EU AI Act' → 100 entries, 276 kept so far
13:38:27  INFO     [BG] 'generative AI' → 29 entries, 53 kept so far
13:38:27  INFO     [SK] 'generative AI' → 48 entries, 69 kept so far
13:38:27  INFO     [GR] 'generative AI' → 100 entries, 181 kept so far
13:38:27  INFO     [HR] 'generative AI' → 100 entries, 357 kept so far
13:38:28  INFO     [BG] +28 new articles saved
13:38:28  INFO     [SK] +30 new articles saved
13:38:28  INFO     [IE] 'generative AI' → 100 entries, 351 kept so far
13:38:28  INFO     [GR] +102 new articles saved
13:38:28  INFO     [LT] 'artificial intelligence' → 85 entries, 32 kept so far
13:38:28  INFO     [SI] 'artificial intelligence' → 100 entries, 45 kept so far
13:38:29  INFO     [LV] 'artificial intelligence' → 77 entries, 26 kept so far
13:38:29  INFO     [HR] +257 new articles saved
13:38:29  INFO     [IE] +103 new articles saved
13:38:29  INFO     [EE] 'artificial intelligence' → 100 entries, 47 kept so far
13:38:29  INFO     [LT] 'AI regulation' → 14 entries, 34 kept so far
13:38:29  INFO     [CY] 'artificial intelligence' → 100 entries, 46 kept so far
13:38:30  INFO     [SI] 'AI regulation' → 3 entries, 45 kept so far
13:38:30  INFO     [LV] 'AI regulation' → 5 entries, 26 kept so far
13:38:31  INFO     [EE] 'AI regulation' → 9 entries, 48 kept so far
13:38:31  INFO     [LT] 'machine learning' → 31 entries, 37 kept so far
13:38:31  INFO     [SI] 'machine learning' → 24 entries, 48 kept so far
13:38:31  INFO     [CY] 'AI regulation' → 60 entries, 96 kept so far
13:38:31  INFO     [LV] 'machine learning' → 11 entries, 28 kept so far
13:38:32  INFO     [EE] 'machine learning' → 10 entries, 51 kept so far
13:38:32  INFO     [LT] 'EU AI Act' → 21 entries, 38 kept so far
13:38:32  INFO     [SI] 'EU AI Act' → 22 entries, 52 kept so far
13:38:32  INFO     [LV] 'EU AI Act' → 10 entries, 28 kept so far
13:38:32  INFO     [CY] 'machine learning' → 88 entries, 131 kept so far
13:38:33  INFO     [EE] 'EU AI Act' → 17 entries, 53 kept so far
13:38:33  INFO     [LT] 'generative AI' → 24 entries, 46 kept so far
13:38:33  INFO     [SI] 'generative AI' → 14 entries, 57 kept so far
13:38:34  INFO     [LV] 'generative AI' → 8 entries, 30 kept so far
13:38:34  INFO     [CY] 'EU AI Act' → 57 entries, 146 kept so far
13:38:34  INFO     [LT] +14 new articles saved
13:38:35  INFO     [EE] 'generative AI' → 11 entries, 56 kept so far
13:38:35  INFO     [SI] +18 new articles saved
13:38:35  INFO     [MT] 'artificial intelligence' → 104 entries, 68 kept so far
13:38:35  INFO     [LV] +14 new articles saved
13:38:35  INFO     [LU] 'artificial intelligence' → 100 entries, 59 kept so far
13:38:35  INFO     [CY] 'generative AI' → 100 entries, 182 kept so far
13:38:36  INFO     [EE] +20 new articles saved
13:38:36  INFO     [MT] 'AI regulation' → 100 entries, 114 kept so far
13:38:36  INFO     [CY] +1 new articles saved
13:38:36  INFO     [LU] 'AI regulation' → 100 entries, 118 kept so far
13:38:37  INFO     [MT] 'machine learning' → 100 entries, 196 kept so far
13:38:38  INFO     [LU] 'machine learning' → 100 entries, 175 kept so far
13:38:38  INFO     [MT] 'EU AI Act' → 100 entries, 282 kept so far
13:38:39  INFO     [LU] 'EU AI Act' → 77 entries, 221 kept so far
13:38:39  INFO     [MT] 'generative AI' → 100 entries, 357 kept so far
13:38:40  INFO     [MT] +0 new articles saved
13:38:41  INFO     [LU] 'generative AI' → 100 entries, 252 kept so far
13:38:42  INFO     [LU] +0 new articles saved
13:38:42  INFO     Scrape complete. 1631 new articles this run.
