03:33:51  INFO     Starting scrape: 27 countries, 5 queries each
/home/runner/work/EU_AI_News/EU_AI_News/eu_ai_news_scraper.py:230: DeprecationWarning: datetime.datetime.utcnow() is deprecated and scheduled for removal in a future version. Use timezone-aware objects to represent datetimes in UTC: datetime.datetime.now(datetime.UTC).
  "scraped_at":   datetime.utcnow().isoformat(),
03:33:52  INFO     [IT] 'artificial intelligence' → 100 entries, 50 kept so far
03:33:52  INFO     [PL] 'artificial intelligence' → 100 entries, 13 kept so far
03:33:52  INFO     [FR] 'artificial intelligence' → 100 entries, 60 kept so far
03:33:52  INFO     [ES] 'artificial intelligence' → 100 entries, 64 kept so far
03:33:52  INFO     [DE] 'artificial intelligence' → 100 entries, 50 kept so far
03:33:53  INFO     [IT] 'AI regulation' → 100 entries, 112 kept so far
03:33:54  INFO     [PL] 'AI regulation' → 100 entries, 82 kept so far
03:33:54  INFO     [DE] 'AI regulation' → 54 entries, 82 kept so far
03:33:54  INFO     [FR] 'AI regulation' → 100 entries, 119 kept so far
03:33:54  INFO     [ES] 'AI regulation' → 70 entries, 81 kept so far
03:33:55  INFO     [PL] 'machine learning' → 100 entries, 117 kept so far
03:33:55  INFO     [IT] 'machine learning' → 100 entries, 183 kept so far
03:33:55  INFO     [ES] 'machine learning' → 100 entries, 159 kept so far
03:33:55  INFO     [FR] 'machine learning' → 100 entries, 173 kept so far
03:33:55  INFO     [DE] 'machine learning' → 100 entries, 125 kept so far
03:33:57  INFO     [PL] 'EU AI Act' → 78 entries, 131 kept so far
03:33:57  INFO     [IT] 'EU AI Act' → 100 entries, 255 kept so far
03:33:57  INFO     [ES] 'EU AI Act' → 77 entries, 192 kept so far
03:33:57  INFO     [FR] 'EU AI Act' → 79 entries, 220 kept so far
03:33:57  INFO     [DE] 'EU AI Act' → 100 entries, 208 kept so far
03:33:58  INFO     [PL] 'generative AI' → 100 entries, 163 kept so far
03:33:58  INFO     [IT] 'generative AI' → 100 entries, 293 kept so far
03:33:59  INFO     [ES] 'generative AI' → 100 entries, 233 kept so far
03:33:59  INFO     [FR] 'generative AI' → 100 entries, 252 kept so far
03:33:59  INFO     [DE] 'generative AI' → 100 entries, 232 kept so far
03:33:59  INFO     [PL] +73 new articles saved
03:34:00  INFO     [IT] +135 new articles saved
03:34:00  INFO     [ES] +103 new articles saved
03:34:00  INFO     [FR] +120 new articles saved
03:34:00  INFO     [DE] +146 new articles saved
03:34:00  INFO     [NL] 'artificial intelligence' → 100 entries, 9 kept so far
03:34:00  INFO     [BE] 'artificial intelligence' → 100 entries, 73 kept so far
03:34:00  INFO     [SE] 'artificial intelligence' → 100 entries, 9 kept so far
03:34:00  INFO     [AT] 'artificial intelligence' → 100 entries, 46 kept so far
03:34:00  INFO     [DK] 'artificial intelligence' → 100 entries, 12 kept so far
03:34:01  INFO     [NL] 'AI regulation' → 79 entries, 48 kept so far
03:34:02  INFO     [SE] 'AI regulation' → 77 entries, 22 kept so far
03:34:02  INFO     [BE] 'AI regulation' → 100 entries, 143 kept so far
03:34:02  INFO     [AT] 'AI regulation' → 58 entries, 82 kept so far
03:34:02  INFO     [DK] 'AI regulation' → 31 entries, 14 kept so far
03:34:03  INFO     [NL] 'machine learning' → 100 entries, 108 kept so far
03:34:03  INFO     [SE] 'machine learning' → 72 entries, 42 kept so far
03:34:03  INFO     [BE] 'machine learning' → 100 entries, 197 kept so far
03:34:04  INFO     [DK] 'machine learning' → 83 entries, 40 kept so far
03:34:04  INFO     [AT] 'machine learning' → 100 entries, 129 kept so far
03:34:05  INFO     [NL] 'EU AI Act' → 98 entries, 134 kept so far
03:34:05  INFO     [SE] 'EU AI Act' → 76 entries, 50 kept so far
03:34:05  INFO     [BE] 'EU AI Act' → 80 entries, 231 kept so far
03:34:05  INFO     [AT] 'EU AI Act' → 100 entries, 218 kept so far
03:34:05  INFO     [DK] 'EU AI Act' → 75 entries, 59 kept so far
03:34:06  INFO     [SE] 'generative AI' → 74 entries, 62 kept so far
03:34:06  INFO     [NL] 'generative AI' → 100 entries, 161 kept so far
03:34:07  INFO     [BE] 'generative AI' → 100 entries, 257 kept so far
03:34:07  INFO     [AT] 'generative AI' → 100 entries, 241 kept so far
03:34:07  INFO     [DK] 'generative AI' → 100 entries, 92 kept so far
03:34:07  INFO     [SE] +23 new articles saved
03:34:08  INFO     [NL] +53 new articles saved
03:34:08  INFO     [FI] 'artificial intelligence' → 100 entries, 52 kept so far
03:34:08  INFO     [PT] 'artificial intelligence' → 100 entries, 64 kept so far
03:34:08  INFO     [BE] +26 new articles saved
03:34:08  INFO     [AT] +44 new articles saved
03:34:08  INFO     [CZ] 'artificial intelligence' → 100 entries, 20 kept so far
03:34:08  INFO     [DK] +25 new articles saved
03:34:08  INFO     [RO] 'artificial intelligence' → 100 entries, 42 kept so far
03:34:09  INFO     [HU] 'artificial intelligence' → 100 entries, 17 kept so far
03:34:09  INFO     [FI] 'AI regulation' → 46 entries, 63 kept so far
03:34:10  INFO     [PT] 'AI regulation' → 78 entries, 97 kept so far
03:34:10  INFO     [RO] 'AI regulation' → 28 entries, 46 kept so far
03:34:10  INFO     [CZ] 'AI regulation' → 78 entries, 35 kept so far
03:34:10  INFO     [HU] 'AI regulation' → 79 entries, 19 kept so far
03:34:11  INFO     [FI] 'machine learning' → 88 entries, 104 kept so far
03:34:11  INFO     [PT] 'machine learning' → 100 entries, 173 kept so far
03:34:12  INFO     [RO] 'machine learning' → 100 entries, 96 kept so far
03:34:12  INFO     [CZ] 'machine learning' → 69 entries, 52 kept so far
03:34:12  INFO     [HU] 'machine learning' → 68 entries, 43 kept so far
03:34:13  INFO     [FI] 'EU AI Act' → 71 entries, 140 kept so far
03:34:13  INFO     [PT] 'EU AI Act' → 47 entries, 181 kept so far
03:34:13  INFO     [RO] 'EU AI Act' → 79 entries, 105 kept so far
03:34:13  INFO     [CZ] 'EU AI Act' → 76 entries, 63 kept so far
03:34:13  INFO     [HU] 'EU AI Act' → 78 entries, 63 kept so far
03:34:14  INFO     [FI] 'generative AI' → 61 entries, 174 kept so far
03:34:15  INFO     [PT] 'generative AI' → 100 entries, 214 kept so far
03:34:15  INFO     [RO] 'generative AI' → 76 entries, 123 kept so far
03:34:15  INFO     [CZ] 'generative AI' → 82 entries, 80 kept so far
03:34:15  INFO     [HU] 'generative AI' → 73 entries, 87 kept so far
03:34:15  INFO     [FI] +75 new articles saved
03:34:16  INFO     [PT] +92 new articles saved
03:34:16  INFO     [GR] 'artificial intelligence' → 100 entries, 44 kept so far
03:34:16  INFO     [RO] +55 new articles saved
03:34:16  INFO     [CZ] +45 new articles saved
03:34:16  INFO     [HU] +40 new articles saved
03:34:16  INFO     [SK] 'artificial intelligence' → 100 entries, 27 kept so far
03:34:16  INFO     [HR] 'artificial intelligence' → 100 entries, 63 kept so far
03:34:17  INFO     [BG] 'artificial intelligence' → 60 entries, 31 kept so far
03:34:17  INFO     [IE] 'artificial intelligence' → 100 entries, 65 kept so far
03:34:17  INFO     [GR] 'AI regulation' → 62 entries, 96 kept so far
03:34:18  INFO     [SK] 'AI regulation' → 18 entries, 29 kept so far
03:34:18  INFO     [BG] 'AI regulation' → 5 entries, 33 kept so far
03:34:18  INFO     [HR] 'AI regulation' → 100 entries, 111 kept so far
03:34:18  INFO     [IE] 'AI regulation' → 100 entries, 117 kept so far
03:34:19  INFO     [GR] 'machine learning' → 88 entries, 129 kept so far
03:34:19  INFO     [BG] 'machine learning' → 57 entries, 43 kept so far
03:34:19  INFO     [SK] 'machine learning' → 66 entries, 43 kept so far
03:34:20  INFO     [HR] 'machine learning' → 100 entries, 195 kept so far
03:34:20  INFO     [IE] 'machine learning' → 100 entries, 202 kept so far
03:34:20  INFO     [GR] 'EU AI Act' → 58 entries, 146 kept so far
03:34:21  INFO     [BG] 'EU AI Act' → 6 entries, 45 kept so far
03:34:21  INFO     [SK] 'EU AI Act' → 60 entries, 58 kept so far
03:34:21  INFO     [HR] 'EU AI Act' → 100 entries, 277 kept so far
03:34:22  INFO     [BG] 'generative AI' → 27 entries, 51 kept so far
03:34:22  INFO     [GR] 'generative AI' → 100 entries, 183 kept so far
03:34:22  INFO     [IE] 'EU AI Act' → 100 entries, 275 kept so far
03:34:22  INFO     [SK] 'generative AI' → 46 entries, 67 kept so far
03:34:23  INFO     [HR] 'generative AI' → 100 entries, 349 kept so far
03:34:23  INFO     [BG] +27 new articles saved
03:34:23  INFO     [GR] +103 new articles saved
03:34:23  INFO     [SK] +31 new articles saved
03:34:24  INFO     [LT] 'artificial intelligence' → 85 entries, 32 kept so far
03:34:24  INFO     [SI] 'artificial intelligence' → 100 entries, 46 kept so far
03:34:24  INFO     [IE] 'generative AI' → 100 entries, 346 kept so far
03:34:24  INFO     [LV] 'artificial intelligence' → 76 entries, 27 kept so far
03:34:24  INFO     [HR] +256 new articles saved
03:34:25  INFO     [EE] 'artificial intelligence' → 100 entries, 46 kept so far
03:34:25  INFO     [IE] +99 new articles saved
03:34:25  INFO     [LT] 'AI regulation' → 14 entries, 34 kept so far
03:34:25  INFO     [SI] 'AI regulation' → 3 entries, 46 kept so far
03:34:25  INFO     [LV] 'AI regulation' → 5 entries, 27 kept so far
03:34:25  INFO     [CY] 'artificial intelligence' → 100 entries, 45 kept so far
03:34:26  INFO     [EE] 'AI regulation' → 9 entries, 48 kept so far
03:34:26  INFO     [LT] 'machine learning' → 30 entries, 37 kept so far
03:34:26  INFO     [SI] 'machine learning' → 24 entries, 49 kept so far
03:34:26  INFO     [LV] 'machine learning' → 11 entries, 28 kept so far
03:34:27  INFO     [CY] 'AI regulation' → 62 entries, 97 kept so far
03:34:27  INFO     [EE] 'machine learning' → 10 entries, 50 kept so far
03:34:28  INFO     [LT] 'EU AI Act' → 25 entries, 38 kept so far
03:34:28  INFO     [LV] 'EU AI Act' → 10 entries, 28 kept so far
03:34:28  INFO     [SI] 'EU AI Act' → 21 entries, 52 kept so far
03:34:28  INFO     [CY] 'machine learning' → 88 entries, 130 kept so far
03:34:29  INFO     [EE] 'EU AI Act' → 18 entries, 52 kept so far
03:34:29  INFO     [LT] 'generative AI' → 25 entries, 45 kept so far
03:34:29  INFO     [LV] 'generative AI' → 8 entries, 30 kept so far
03:34:29  INFO     [SI] 'generative AI' → 13 entries, 57 kept so far
03:34:30  INFO     [LT] +13 new articles saved
03:34:30  INFO     [LV] +13 new articles saved
03:34:30  INFO     [CY] 'EU AI Act' → 57 entries, 146 kept so far
03:34:30  INFO     [MT] 'artificial intelligence' → 100 entries, 63 kept so far
03:34:30  INFO     [EE] 'generative AI' → 11 entries, 55 kept so far
03:34:30  INFO     [SI] +20 new articles saved
03:34:31  INFO     [LU] 'artificial intelligence' → 100 entries, 60 kept so far
03:34:31  INFO     [EE] +22 new articles saved
03:34:31  INFO     [MT] 'AI regulation' → 100 entries, 111 kept so far
03:34:32  INFO     [CY] 'generative AI' → 100 entries, 183 kept so far
03:34:32  INFO     [LU] 'AI regulation' → 100 entries, 119 kept so far
03:34:33  INFO     [MT] 'machine learning' → 100 entries, 195 kept so far
03:34:33  INFO     [CY] +1 new articles saved
03:34:34  INFO     [LU] 'machine learning' → 100 entries, 173 kept so far
03:34:34  INFO     [MT] 'EU AI Act' → 100 entries, 277 kept so far
03:34:35  INFO     [MT] 'generative AI' → 100 entries, 349 kept so far
03:34:36  INFO     [LU] 'EU AI Act' → 79 entries, 220 kept so far
03:34:36  INFO     [MT] +0 new articles saved
03:34:37  INFO     [LU] 'generative AI' → 100 entries, 252 kept so far
03:34:38  INFO     [LU] +0 new articles saved
03:34:38  INFO     Scrape complete. 1640 new articles this run.
