07:02:06  INFO     Starting scrape: 27 countries, 5 queries each
/home/runner/work/EU_AI_News/EU_AI_News/eu_ai_news_scraper.py:230: DeprecationWarning: datetime.datetime.utcnow() is deprecated and scheduled for removal in a future version. Use timezone-aware objects to represent datetimes in UTC: datetime.datetime.now(datetime.UTC).
  "scraped_at":   datetime.utcnow().isoformat(),
07:02:07  INFO     [IT] 'artificial intelligence' → 100 entries, 44 kept so far
07:02:07  INFO     [DE] 'artificial intelligence' → 100 entries, 54 kept so far
07:02:07  INFO     [FR] 'artificial intelligence' → 100 entries, 53 kept so far
07:02:07  INFO     [ES] 'artificial intelligence' → 100 entries, 54 kept so far
07:02:07  INFO     [PL] 'artificial intelligence' → 100 entries, 24 kept so far
07:02:08  INFO     [DE] 'AI regulation' → 55 entries, 88 kept so far
07:02:08  INFO     [IT] 'AI regulation' → 100 entries, 107 kept so far
07:02:09  INFO     [ES] 'AI regulation' → 71 entries, 72 kept so far
07:02:09  INFO     [FR] 'AI regulation' → 100 entries, 112 kept so far
07:02:09  INFO     [PL] 'AI regulation' → 100 entries, 89 kept so far
07:02:10  INFO     [DE] 'machine learning' → 100 entries, 138 kept so far
07:02:10  INFO     [IT] 'machine learning' → 100 entries, 173 kept so far
07:02:10  INFO     [FR] 'machine learning' → 100 entries, 170 kept so far
07:02:10  INFO     [ES] 'machine learning' → 100 entries, 147 kept so far
07:02:10  INFO     [PL] 'machine learning' → 100 entries, 125 kept so far
07:02:11  INFO     [DE] 'EU AI Act' → 100 entries, 218 kept so far
07:02:12  INFO     [IT] 'EU AI Act' → 100 entries, 244 kept so far
07:02:12  INFO     [FR] 'EU AI Act' → 88 entries, 221 kept so far
07:02:12  INFO     [ES] 'EU AI Act' → 79 entries, 188 kept so far
07:02:12  INFO     [PL] 'EU AI Act' → 78 entries, 150 kept so far
07:02:13  INFO     [DE] 'generative AI' → 100 entries, 245 kept so far
07:02:13  INFO     [IT] 'generative AI' → 100 entries, 282 kept so far
07:02:13  INFO     [FR] 'generative AI' → 100 entries, 256 kept so far
07:02:13  INFO     [PL] 'generative AI' → 100 entries, 184 kept so far
07:02:13  INFO     [ES] 'generative AI' → 100 entries, 229 kept so far
07:02:14  INFO     [DE] +166 new articles saved
07:02:14  INFO     [IT] +154 new articles saved
07:02:14  INFO     [FR] +133 new articles saved
07:02:14  INFO     [NL] 'artificial intelligence' → 100 entries, 15 kept so far
07:02:14  INFO     [PL] +109 new articles saved
07:02:14  INFO     [ES] +108 new articles saved
07:02:15  INFO     [SE] 'artificial intelligence' → 100 entries, 8 kept so far
07:02:15  INFO     [BE] 'artificial intelligence' → 100 entries, 54 kept so far
07:02:15  INFO     [AT] 'artificial intelligence' → 100 entries, 54 kept so far
07:02:15  INFO     [DK] 'artificial intelligence' → 100 entries, 10 kept so far
07:02:16  INFO     [NL] 'AI regulation' → 76 entries, 60 kept so far
07:02:16  INFO     [SE] 'AI regulation' → 64 entries, 20 kept so far
07:02:16  INFO     [BE] 'AI regulation' → 100 entries, 127 kept so far
07:02:16  INFO     [DK] 'AI regulation' → 25 entries, 11 kept so far
07:02:16  INFO     [AT] 'AI regulation' → 61 entries, 91 kept so far
07:02:17  INFO     [NL] 'machine learning' → 100 entries, 111 kept so far
07:02:18  INFO     [SE] 'machine learning' → 73 entries, 45 kept so far
07:02:18  INFO     [BE] 'machine learning' → 100 entries, 188 kept so far
07:02:18  INFO     [DK] 'machine learning' → 81 entries, 35 kept so far
07:02:18  INFO     [AT] 'machine learning' → 100 entries, 140 kept so far
07:02:19  INFO     [NL] 'EU AI Act' → 100 entries, 138 kept so far
07:02:19  INFO     [SE] 'EU AI Act' → 58 entries, 52 kept so far
07:02:20  INFO     [BE] 'EU AI Act' → 95 entries, 229 kept so far
07:02:20  INFO     [DK] 'EU AI Act' → 72 entries, 52 kept so far
07:02:20  INFO     [AT] 'EU AI Act' → 100 entries, 220 kept so far
07:02:20  INFO     [NL] 'generative AI' → 100 entries, 164 kept so far
07:02:21  INFO     [SE] 'generative AI' → 74 entries, 58 kept so far
07:02:21  INFO     [DK] 'generative AI' → 100 entries, 86 kept so far
07:02:21  INFO     [BE] 'generative AI' → 100 entries, 259 kept so far
07:02:21  INFO     [AT] 'generative AI' → 100 entries, 243 kept so far
07:02:22  INFO     [NL] +62 new articles saved
07:02:22  INFO     [SE] +18 new articles saved
07:02:22  INFO     [FI] 'artificial intelligence' → 100 entries, 67 kept so far
07:02:22  INFO     [DK] +27 new articles saved
07:02:22  INFO     [PT] 'artificial intelligence' → 100 entries, 60 kept so far
07:02:22  INFO     [BE] +25 new articles saved
07:02:22  INFO     [AT] +35 new articles saved
07:02:23  INFO     [CZ] 'artificial intelligence' → 100 entries, 18 kept so far
07:02:23  INFO     [RO] 'artificial intelligence' → 100 entries, 41 kept so far
07:02:23  INFO     [HU] 'artificial intelligence' → 100 entries, 15 kept so far
07:02:23  INFO     [FI] 'AI regulation' → 46 entries, 78 kept so far
07:02:24  INFO     [PT] 'AI regulation' → 61 entries, 98 kept so far
07:02:24  INFO     [RO] 'AI regulation' → 23 entries, 47 kept so far
07:02:24  INFO     [CZ] 'AI regulation' → 77 entries, 38 kept so far
07:02:24  INFO     [HU] 'AI regulation' → 79 entries, 17 kept so far
07:02:25  INFO     [FI] 'machine learning' → 100 entries, 111 kept so far
07:02:26  INFO     [PT] 'machine learning' → 100 entries, 175 kept so far
07:02:26  INFO     [RO] 'machine learning' → 100 entries, 99 kept so far
07:02:26  INFO     [CZ] 'machine learning' → 81 entries, 52 kept so far
07:02:26  INFO     [HU] 'machine learning' → 71 entries, 42 kept so far
07:02:26  INFO     [FI] 'EU AI Act' → 60 entries, 141 kept so far
07:02:27  INFO     [PT] 'EU AI Act' → 58 entries, 186 kept so far
07:02:27  INFO     [RO] 'EU AI Act' → 77 entries, 124 kept so far
07:02:27  INFO     [CZ] 'EU AI Act' → 74 entries, 61 kept so far
07:02:27  INFO     [HU] 'EU AI Act' → 77 entries, 69 kept so far
07:02:28  INFO     [FI] 'generative AI' → 54 entries, 173 kept so far
07:02:29  INFO     [RO] 'generative AI' → 85 entries, 154 kept so far
07:02:29  INFO     [PT] 'generative AI' → 100 entries, 213 kept so far
07:02:29  INFO     [CZ] 'generative AI' → 91 entries, 83 kept so far
07:02:29  INFO     [FI] +80 new articles saved
07:02:29  INFO     [HU] 'generative AI' → 74 entries, 93 kept so far
07:02:29  INFO     [GR] 'artificial intelligence' → 100 entries, 44 kept so far
07:02:30  INFO     [RO] +85 new articles saved
07:02:30  INFO     [PT] +116 new articles saved
07:02:30  INFO     [CZ] +47 new articles saved
07:02:30  INFO     [HU] +50 new articles saved
07:02:30  INFO     [SK] 'artificial intelligence' → 100 entries, 22 kept so far
07:02:30  INFO     [HR] 'artificial intelligence' → 101 entries, 72 kept so far
07:02:30  INFO     [BG] 'artificial intelligence' → 84 entries, 37 kept so far
07:02:31  INFO     [IE] 'artificial intelligence' → 100 entries, 69 kept so far
07:02:31  INFO     [GR] 'AI regulation' → 66 entries, 98 kept so far
07:02:32  INFO     [SK] 'AI regulation' → 13 entries, 23 kept so far
07:02:32  INFO     [HR] 'AI regulation' → 100 entries, 109 kept so far
07:02:32  INFO     [BG] 'AI regulation' → 5 entries, 38 kept so far
07:02:32  INFO     [IE] 'AI regulation' → 100 entries, 112 kept so far
07:02:32  INFO     [GR] 'machine learning' → 96 entries, 129 kept so far
07:02:33  INFO     [SK] 'machine learning' → 57 entries, 34 kept so far
07:02:33  INFO     [BG] 'machine learning' → 57 entries, 45 kept so far
07:02:33  INFO     [HR] 'machine learning' → 100 entries, 182 kept so far
07:02:34  INFO     [IE] 'machine learning' → 100 entries, 180 kept so far
07:02:34  INFO     [GR] 'EU AI Act' → 59 entries, 148 kept so far
07:02:34  INFO     [BG] 'EU AI Act' → 16 entries, 49 kept so far
07:02:35  INFO     [SK] 'EU AI Act' → 64 entries, 50 kept so far
07:02:35  INFO     [HR] 'EU AI Act' → 100 entries, 260 kept so far
07:02:36  INFO     [GR] 'generative AI' → 100 entries, 190 kept so far
07:02:36  INFO     [IE] 'EU AI Act' → 100 entries, 254 kept so far
07:02:36  INFO     [BG] 'generative AI' → 29 entries, 53 kept so far
07:02:36  INFO     [SK] 'generative AI' → 41 entries, 57 kept so far
07:02:36  INFO     [HR] 'generative AI' → 100 entries, 315 kept so far
07:02:37  INFO     [GR] +113 new articles saved
07:02:37  INFO     [BG] +28 new articles saved
07:02:37  INFO     [SK] +28 new articles saved
07:02:37  INFO     [LT] 'artificial intelligence' → 73 entries, 27 kept so far
07:02:37  INFO     [IE] 'generative AI' → 100 entries, 317 kept so far
07:02:37  INFO     [SI] 'artificial intelligence' → 100 entries, 46 kept so far
07:02:37  INFO     [LV] 'artificial intelligence' → 65 entries, 20 kept so far
07:02:37  INFO     [HR] +278 new articles saved
07:02:38  INFO     [EE] 'artificial intelligence' → 100 entries, 42 kept so far
07:02:38  INFO     [IE] +90 new articles saved
07:02:38  INFO     [LT] 'AI regulation' → 16 entries, 28 kept so far
07:02:39  INFO     [LV] 'AI regulation' → 6 entries, 20 kept so far
07:02:39  INFO     [SI] 'AI regulation' → 4 entries, 46 kept so far
07:02:39  INFO     [CY] 'artificial intelligence' → 100 entries, 44 kept so far
07:02:39  INFO     [EE] 'AI regulation' → 10 entries, 42 kept so far
07:02:40  INFO     [LT] 'machine learning' → 27 entries, 32 kept so far
07:02:40  INFO     [LV] 'machine learning' → 10 entries, 21 kept so far
07:02:40  INFO     [SI] 'machine learning' → 23 entries, 49 kept so far
07:02:40  INFO     [CY] 'AI regulation' → 66 entries, 98 kept so far
07:02:40  INFO     [EE] 'machine learning' → 20 entries, 48 kept so far
07:02:41  INFO     [LV] 'EU AI Act' → 7 entries, 21 kept so far
07:02:41  INFO     [LT] 'EU AI Act' → 23 entries, 34 kept so far
07:02:41  INFO     [SI] 'EU AI Act' → 28 entries, 54 kept so far
07:02:42  INFO     [CY] 'machine learning' → 96 entries, 129 kept so far
07:02:42  INFO     [EE] 'EU AI Act' → 14 entries, 49 kept so far
07:02:42  INFO     [LV] 'generative AI' → 9 entries, 24 kept so far
07:02:42  INFO     [LT] 'generative AI' → 22 entries, 42 kept so far
07:02:43  INFO     [SI] 'generative AI' → 13 entries, 55 kept so far
07:02:43  INFO     [CY] 'EU AI Act' → 59 entries, 148 kept so far
07:02:43  INFO     [EE] 'generative AI' → 11 entries, 51 kept so far
07:02:43  INFO     [LV] +8 new articles saved
07:02:43  INFO     [LT] +13 new articles saved
07:02:44  INFO     [MT] 'artificial intelligence' → 101 entries, 72 kept so far
07:02:44  INFO     [SI] +18 new articles saved
07:02:44  INFO     [LU] 'artificial intelligence' → 100 entries, 53 kept so far
07:02:44  INFO     [EE] +21 new articles saved
07:02:44  INFO     [CY] 'generative AI' → 100 entries, 190 kept so far
07:02:45  INFO     [MT] 'AI regulation' → 100 entries, 109 kept so far
07:02:45  INFO     [LU] 'AI regulation' → 100 entries, 112 kept so far
07:02:45  INFO     [CY] +0 new articles saved
07:02:46  INFO     [MT] 'machine learning' → 100 entries, 182 kept so far
07:02:47  INFO     [LU] 'machine learning' → 100 entries, 170 kept so far
07:02:47  INFO     [MT] 'EU AI Act' → 100 entries, 260 kept so far
07:02:48  INFO     [MT] 'generative AI' → 100 entries, 315 kept so far
07:02:48  INFO     [LU] 'EU AI Act' → 88 entries, 221 kept so far
07:02:49  INFO     [MT] +0 new articles saved
07:02:50  INFO     [LU] 'generative AI' → 100 entries, 256 kept so far
07:02:51  INFO     [LU] +0 new articles saved
07:02:51  INFO     Scrape complete. 1812 new articles this run.
