10:55:16  INFO     Starting scrape: 27 countries, 5 queries each
/home/runner/work/EU_AI_News/EU_AI_News/eu_ai_news_scraper.py:230: DeprecationWarning: datetime.datetime.utcnow() is deprecated and scheduled for removal in a future version. Use timezone-aware objects to represent datetimes in UTC: datetime.datetime.now(datetime.UTC).
  "scraped_at":   datetime.utcnow().isoformat(),
10:55:17  INFO     [IT] 'artificial intelligence' → 102 entries, 27 kept so far
10:55:17  INFO     [FR] 'artificial intelligence' → 99 entries, 44 kept so far
10:55:17  INFO     [PL] 'artificial intelligence' → 100 entries, 19 kept so far
10:55:17  INFO     [DE] 'artificial intelligence' → 100 entries, 45 kept so far
10:55:17  INFO     [ES] 'artificial intelligence' → 100 entries, 49 kept so far
10:55:18  INFO     [IT] 'AI regulation' → 100 entries, 116 kept so far
10:55:18  INFO     [PL] 'AI regulation' → 79 entries, 79 kept so far
10:55:18  INFO     [FR] 'AI regulation' → 97 entries, 130 kept so far
10:55:19  INFO     [ES] 'AI regulation' → 78 entries, 92 kept so far
10:55:19  INFO     [DE] 'AI regulation' → 100 entries, 123 kept so far
10:55:20  INFO     [PL] 'machine learning' → 100 entries, 128 kept so far
10:55:20  INFO     [FR] 'machine learning' → 100 entries, 187 kept so far
10:55:20  INFO     [IT] 'machine learning' → 100 entries, 186 kept so far
10:55:20  INFO     [ES] 'machine learning' → 100 entries, 166 kept so far
10:55:21  INFO     [DE] 'machine learning' → 100 entries, 174 kept so far
10:55:22  INFO     [PL] 'EU AI Act' → 78 entries, 149 kept so far
10:55:22  INFO     [FR] 'EU AI Act' → 93 entries, 226 kept so far
10:55:22  INFO     [IT] 'EU AI Act' → 100 entries, 236 kept so far
10:55:22  INFO     [ES] 'EU AI Act' → 78 entries, 192 kept so far
10:55:22  INFO     [DE] 'EU AI Act' → 100 entries, 250 kept so far
10:55:23  INFO     [PL] 'generative AI' → 100 entries, 180 kept so far
10:55:23  INFO     [FR] 'generative AI' → 100 entries, 255 kept so far
10:55:23  INFO     [IT] 'generative AI' → 100 entries, 276 kept so far
10:55:24  INFO     [ES] 'generative AI' → 100 entries, 236 kept so far
10:55:24  INFO     [DE] 'generative AI' → 100 entries, 272 kept so far
10:55:24  INFO     [PL] +100 new articles saved
10:55:24  INFO     [FR] +146 new articles saved
10:55:24  INFO     [IT] +194 new articles saved
10:55:25  INFO     [ES] +128 new articles saved
10:55:25  INFO     [NL] 'artificial intelligence' → 100 entries, 20 kept so far
10:55:25  INFO     [SE] 'artificial intelligence' → 100 entries, 6 kept so far
10:55:25  INFO     [BE] 'artificial intelligence' → 100 entries, 55 kept so far
10:55:25  INFO     [DE] +187 new articles saved
10:55:25  INFO     [AT] 'artificial intelligence' → 100 entries, 45 kept so far
10:55:26  INFO     [DK] 'artificial intelligence' → 100 entries, 14 kept so far
10:55:26  INFO     [NL] 'AI regulation' → 78 entries, 66 kept so far
10:55:26  INFO     [SE] 'AI regulation' → 77 entries, 16 kept so far
10:55:27  INFO     [BE] 'AI regulation' → 95 entries, 139 kept so far
10:55:27  INFO     [AT] 'AI regulation' → 100 entries, 120 kept so far
10:55:27  INFO     [DK] 'AI regulation' → 39 entries, 21 kept so far
10:55:28  INFO     [NL] 'machine learning' → 100 entries, 117 kept so far
10:55:28  INFO     [SE] 'machine learning' → 81 entries, 37 kept so far
10:55:28  INFO     [BE] 'machine learning' → 100 entries, 196 kept so far
10:55:28  INFO     [AT] 'machine learning' → 100 entries, 170 kept so far
10:55:29  INFO     [DK] 'machine learning' → 88 entries, 39 kept so far
10:55:29  INFO     [NL] 'EU AI Act' → 100 entries, 148 kept so far
10:55:29  INFO     [SE] 'EU AI Act' → 71 entries, 47 kept so far
10:55:30  INFO     [BE] 'EU AI Act' → 97 entries, 239 kept so far
10:55:30  INFO     [AT] 'EU AI Act' → 100 entries, 254 kept so far
10:55:30  INFO     [DK] 'EU AI Act' → 74 entries, 57 kept so far
10:55:31  INFO     [NL] 'generative AI' → 100 entries, 180 kept so far
10:55:31  INFO     [SE] 'generative AI' → 72 entries, 55 kept so far
10:55:31  INFO     [BE] 'generative AI' → 100 entries, 263 kept so far
10:55:32  INFO     [AT] 'generative AI' → 100 entries, 279 kept so far
10:55:32  INFO     [NL] +90 new articles saved
10:55:32  INFO     [DK] 'generative AI' → 99 entries, 88 kept so far
10:55:32  INFO     [SE] +23 new articles saved
10:55:32  INFO     [BE] +28 new articles saved
10:55:33  INFO     [FI] 'artificial intelligence' → 100 entries, 60 kept so far
10:55:33  INFO     [AT] +59 new articles saved
10:55:33  INFO     [PT] 'artificial intelligence' → 100 entries, 59 kept so far
10:55:33  INFO     [CZ] 'artificial intelligence' → 100 entries, 22 kept so far
10:55:33  INFO     [RO] 'artificial intelligence' → 100 entries, 36 kept so far
10:55:33  INFO     [DK] +32 new articles saved
10:55:34  INFO     [HU] 'artificial intelligence' → 100 entries, 20 kept so far
10:55:34  INFO     [FI] 'AI regulation' → 49 entries, 72 kept so far
10:55:34  INFO     [PT] 'AI regulation' → 79 entries, 93 kept so far
10:55:35  INFO     [CZ] 'AI regulation' → 77 entries, 46 kept so far
10:55:35  INFO     [RO] 'AI regulation' → 79 entries, 46 kept so far
10:55:35  INFO     [HU] 'AI regulation' → 78 entries, 25 kept so far
10:55:36  INFO     [FI] 'machine learning' → 91 entries, 121 kept so far
10:55:36  INFO     [CZ] 'machine learning' → 82 entries, 66 kept so far
10:55:36  INFO     [PT] 'machine learning' → 100 entries, 173 kept so far
10:55:36  INFO     [RO] 'machine learning' → 100 entries, 107 kept so far
10:55:37  INFO     [HU] 'machine learning' → 72 entries, 53 kept so far
10:55:37  INFO     [FI] 'EU AI Act' → 65 entries, 162 kept so far
10:55:38  INFO     [CZ] 'EU AI Act' → 74 entries, 80 kept so far
10:55:38  INFO     [PT] 'EU AI Act' → 61 entries, 186 kept so far
10:55:38  INFO     [RO] 'EU AI Act' → 78 entries, 135 kept so far
10:55:38  INFO     [HU] 'EU AI Act' → 79 entries, 78 kept so far
10:55:39  INFO     [FI] 'generative AI' → 68 entries, 203 kept so far
10:55:39  INFO     [CZ] 'generative AI' → 77 entries, 100 kept so far
10:55:39  INFO     [RO] 'generative AI' → 90 entries, 164 kept so far
10:55:40  INFO     [PT] 'generative AI' → 100 entries, 214 kept so far
10:55:40  INFO     [HU] 'generative AI' → 77 entries, 100 kept so far
10:55:40  INFO     [FI] +107 new articles saved
10:55:40  INFO     [CZ] +68 new articles saved
10:55:40  INFO     [RO] +97 new articles saved
10:55:41  INFO     [GR] 'artificial intelligence' → 100 entries, 35 kept so far
10:55:41  INFO     [SK] 'artificial intelligence' → 100 entries, 22 kept so far
10:55:41  INFO     [PT] +131 new articles saved
10:55:41  INFO     [HU] +62 new articles saved
10:55:41  INFO     [HR] 'artificial intelligence' → 102 entries, 49 kept so far
10:55:41  INFO     [BG] 'artificial intelligence' → 85 entries, 36 kept so far
10:55:41  INFO     [IE] 'artificial intelligence' → 104 entries, 52 kept so far
10:55:42  INFO     [SK] 'AI regulation' → 18 entries, 25 kept so far
10:55:42  INFO     [GR] 'AI regulation' → 67 entries, 83 kept so far
10:55:43  INFO     [BG] 'AI regulation' → 12 entries, 37 kept so far
10:55:43  INFO     [HR] 'AI regulation' → 101 entries, 80 kept so far
10:55:43  INFO     [IE] 'AI regulation' → 100 entries, 82 kept so far
10:55:44  INFO     [SK] 'machine learning' → 56 entries, 40 kept so far
10:55:44  INFO     [GR] 'machine learning' → 100 entries, 123 kept so far
10:55:44  INFO     [BG] 'machine learning' → 60 entries, 44 kept so far
10:55:44  INFO     [HR] 'machine learning' → 100 entries, 146 kept so far
10:55:45  INFO     [IE] 'machine learning' → 100 entries, 152 kept so far
10:55:45  INFO     [SK] 'EU AI Act' → 59 entries, 49 kept so far
10:55:45  INFO     [GR] 'EU AI Act' → 56 entries, 141 kept so far
10:55:45  INFO     [BG] 'EU AI Act' → 17 entries, 47 kept so far
10:55:46  INFO     [HR] 'EU AI Act' → 100 entries, 226 kept so far
10:55:46  INFO     [SK] 'generative AI' → 45 entries, 57 kept so far
10:55:47  INFO     [IE] 'EU AI Act' → 100 entries, 222 kept so far
10:55:47  INFO     [GR] 'generative AI' → 100 entries, 189 kept so far
10:55:47  INFO     [BG] 'generative AI' → 30 entries, 53 kept so far
10:55:47  INFO     [HR] 'generative AI' → 100 entries, 294 kept so far
10:55:47  INFO     [SK] +28 new articles saved
10:55:48  INFO     [GR] +121 new articles saved
10:55:48  INFO     [BG] +29 new articles saved
10:55:48  INFO     [LT] 'artificial intelligence' → 84 entries, 31 kept so far
10:55:48  INFO     [LV] 'artificial intelligence' → 64 entries, 18 kept so far
10:55:48  INFO     [SI] 'artificial intelligence' → 100 entries, 56 kept so far
10:55:48  INFO     [IE] 'generative AI' → 100 entries, 289 kept so far
10:55:48  INFO     [HR] +261 new articles saved
10:55:49  INFO     [EE] 'artificial intelligence' → 100 entries, 52 kept so far
10:55:49  INFO     [IE] +99 new articles saved
10:55:49  INFO     [LT] 'AI regulation' → 8 entries, 31 kept so far
10:55:49  INFO     [LV] 'AI regulation' → 7 entries, 18 kept so far
10:55:50  INFO     [SI] 'AI regulation' → 3 entries, 56 kept so far
10:55:50  INFO     [CY] 'artificial intelligence' → 100 entries, 35 kept so far
10:55:50  INFO     [EE] 'AI regulation' → 6 entries, 53 kept so far
10:55:51  INFO     [LT] 'machine learning' → 22 entries, 34 kept so far
10:55:51  INFO     [LV] 'machine learning' → 12 entries, 20 kept so far
10:55:51  INFO     [SI] 'machine learning' → 19 entries, 57 kept so far
10:55:51  INFO     [CY] 'AI regulation' → 67 entries, 83 kept so far
10:55:52  INFO     [EE] 'machine learning' → 14 entries, 56 kept so far
10:55:52  INFO     [LT] 'EU AI Act' → 17 entries, 35 kept so far
10:55:52  INFO     [LV] 'EU AI Act' → 6 entries, 20 kept so far
10:55:52  INFO     [SI] 'EU AI Act' → 22 entries, 61 kept so far
10:55:53  INFO     [CY] 'machine learning' → 100 entries, 123 kept so far
10:55:53  INFO     [EE] 'EU AI Act' → 10 entries, 57 kept so far
10:55:53  INFO     [LT] 'generative AI' → 18 entries, 42 kept so far
10:55:53  INFO     [LV] 'generative AI' → 9 entries, 21 kept so far
10:55:54  INFO     [SI] 'generative AI' → 13 entries, 63 kept so far
10:55:54  INFO     [CY] 'EU AI Act' → 56 entries, 141 kept so far
10:55:54  INFO     [LT] +17 new articles saved
10:55:54  INFO     [LV] +7 new articles saved
10:55:55  INFO     [MT] 'artificial intelligence' → 102 entries, 49 kept so far
10:55:55  INFO     [EE] 'generative AI' → 11 entries, 60 kept so far
10:55:55  INFO     [SI] +30 new articles saved
10:55:55  INFO     [LU] 'artificial intelligence' → 99 entries, 44 kept so far
10:55:56  INFO     [EE] +32 new articles saved
10:55:56  INFO     [MT] 'AI regulation' → 101 entries, 80 kept so far
10:55:56  INFO     [CY] 'generative AI' → 100 entries, 189 kept so far
10:55:56  INFO     [LU] 'AI regulation' → 97 entries, 130 kept so far
10:55:57  INFO     [CY] +0 new articles saved
10:55:57  INFO     [MT] 'machine learning' → 100 entries, 146 kept so far
10:55:58  INFO     [LU] 'machine learning' → 100 entries, 187 kept so far
10:55:58  INFO     [MT] 'EU AI Act' → 100 entries, 226 kept so far
10:55:59  INFO     [LU] 'EU AI Act' → 93 entries, 226 kept so far
10:55:59  INFO     [MT] 'generative AI' → 100 entries, 294 kept so far
10:56:00  INFO     [MT] +0 new articles saved
10:56:01  INFO     [LU] 'generative AI' → 100 entries, 255 kept so far
10:56:02  INFO     [LU] +0 new articles saved
10:56:02  INFO     Scrape complete. 2076 new articles this run.
