13:19:54  INFO     Starting scrape: 27 countries, 5 queries each
/home/runner/work/EU_AI_News/EU_AI_News/eu_ai_news_scraper.py:230: DeprecationWarning: datetime.datetime.utcnow() is deprecated and scheduled for removal in a future version. Use timezone-aware objects to represent datetimes in UTC: datetime.datetime.now(datetime.UTC).
  "scraped_at":   datetime.utcnow().isoformat(),
13:19:55  INFO     [DE] 'artificial intelligence' → 100 entries, 50 kept so far
13:19:55  INFO     [FR] 'artificial intelligence' → 100 entries, 55 kept so far
13:19:55  INFO     [IT] 'artificial intelligence' → 100 entries, 42 kept so far
13:19:55  INFO     [ES] 'artificial intelligence' → 100 entries, 63 kept so far
13:19:55  INFO     [PL] 'artificial intelligence' → 100 entries, 13 kept so far
13:19:57  INFO     [DE] 'AI regulation' → 72 entries, 106 kept so far
13:19:57  INFO     [FR] 'AI regulation' → 100 entries, 137 kept so far
13:19:57  INFO     [IT] 'AI regulation' → 100 entries, 132 kept so far
13:19:57  INFO     [ES] 'AI regulation' → 78 entries, 117 kept so far
13:19:57  INFO     [PL] 'AI regulation' → 100 entries, 90 kept so far
13:19:58  INFO     [DE] 'machine learning' → 100 entries, 160 kept so far
13:19:58  INFO     [FR] 'machine learning' → 100 entries, 191 kept so far
13:19:59  INFO     [IT] 'machine learning' → 100 entries, 200 kept so far
13:19:59  INFO     [PL] 'machine learning' → 100 entries, 130 kept so far
13:19:59  INFO     [ES] 'machine learning' → 100 entries, 194 kept so far
13:20:00  INFO     [DE] 'EU AI Act' → 100 entries, 233 kept so far
13:20:00  INFO     [FR] 'EU AI Act' → 87 entries, 246 kept so far
13:20:00  INFO     [IT] 'EU AI Act' → 100 entries, 285 kept so far
13:20:00  INFO     [PL] 'EU AI Act' → 77 entries, 154 kept so far
13:20:00  INFO     [ES] 'EU AI Act' → 79 entries, 221 kept so far
13:20:01  INFO     [DE] 'generative AI' → 100 entries, 256 kept so far
13:20:02  INFO     [FR] 'generative AI' → 100 entries, 276 kept so far
13:20:02  INFO     [PL] 'generative AI' → 100 entries, 190 kept so far
13:20:02  INFO     [IT] 'generative AI' → 100 entries, 322 kept so far
13:20:02  INFO     [ES] 'generative AI' → 100 entries, 258 kept so far
13:20:03  INFO     [DE] +181 new articles saved
13:20:03  INFO     [FR] +158 new articles saved
13:20:03  INFO     [NL] 'artificial intelligence' → 100 entries, 12 kept so far
13:20:03  INFO     [BE] 'artificial intelligence' → 100 entries, 60 kept so far
13:20:03  INFO     [PL] +127 new articles saved
13:20:03  INFO     [SE] 'artificial intelligence' → 100 entries, 10 kept so far
13:20:03  INFO     [IT] +197 new articles saved
13:20:03  INFO     [ES] +139 new articles saved
13:20:03  INFO     [AT] 'artificial intelligence' → 100 entries, 45 kept so far
13:20:04  INFO     [DK] 'artificial intelligence' → 100 entries, 21 kept so far
13:20:04  INFO     [NL] 'AI regulation' → 78 entries, 62 kept so far
13:20:05  INFO     [BE] 'AI regulation' → 100 entries, 142 kept so far
13:20:05  INFO     [SE] 'AI regulation' → 79 entries, 26 kept so far
13:20:05  INFO     [AT] 'AI regulation' → 79 entries, 104 kept so far
13:20:05  INFO     [DK] 'AI regulation' → 49 entries, 34 kept so far
13:20:06  INFO     [NL] 'machine learning' → 100 entries, 117 kept so far
13:20:07  INFO     [DK] 'machine learning' → 87 entries, 57 kept so far
13:20:07  INFO     [SE] 'machine learning' → 75 entries, 50 kept so far
13:20:07  INFO     [BE] 'machine learning' → 100 entries, 196 kept so far
13:20:07  INFO     [AT] 'machine learning' → 100 entries, 155 kept so far
13:20:08  INFO     [NL] 'EU AI Act' → 100 entries, 140 kept so far
13:20:08  INFO     [DK] 'EU AI Act' → 75 entries, 74 kept so far
13:20:08  INFO     [SE] 'EU AI Act' → 72 entries, 53 kept so far
13:20:08  INFO     [AT] 'EU AI Act' → 100 entries, 231 kept so far
13:20:09  INFO     [BE] 'EU AI Act' → 91 entries, 249 kept so far
13:20:09  INFO     [NL] 'generative AI' → 100 entries, 168 kept so far
13:20:10  INFO     [DK] 'generative AI' → 100 entries, 107 kept so far
13:20:10  INFO     [SE] 'generative AI' → 73 entries, 59 kept so far
13:20:10  INFO     [AT] 'generative AI' → 100 entries, 255 kept so far
13:20:10  INFO     [NL] +71 new articles saved
13:20:10  INFO     [BE] 'generative AI' → 100 entries, 275 kept so far
13:20:11  INFO     [DK] +41 new articles saved
13:20:11  INFO     [SE] +19 new articles saved
13:20:11  INFO     [FI] 'artificial intelligence' → 100 entries, 70 kept so far
13:20:11  INFO     [AT] +30 new articles saved
13:20:11  INFO     [BE] +26 new articles saved
13:20:11  INFO     [CZ] 'artificial intelligence' → 100 entries, 23 kept so far
13:20:12  INFO     [PT] 'artificial intelligence' → 100 entries, 66 kept so far
13:20:12  INFO     [RO] 'artificial intelligence' → 100 entries, 42 kept so far
13:20:12  INFO     [HU] 'artificial intelligence' → 100 entries, 14 kept so far
13:20:12  INFO     [FI] 'AI regulation' → 56 entries, 85 kept so far
13:20:13  INFO     [CZ] 'AI regulation' → 78 entries, 56 kept so far
13:20:13  INFO     [RO] 'AI regulation' → 78 entries, 53 kept so far
13:20:13  INFO     [PT] 'AI regulation' → 96 entries, 130 kept so far
13:20:14  INFO     [HU] 'AI regulation' → 78 entries, 19 kept so far
13:20:14  INFO     [FI] 'machine learning' → 85 entries, 119 kept so far
13:20:15  INFO     [CZ] 'machine learning' → 84 entries, 77 kept so far
13:20:15  INFO     [RO] 'machine learning' → 100 entries, 107 kept so far
13:20:15  INFO     [PT] 'machine learning' → 100 entries, 210 kept so far
13:20:15  INFO     [HU] 'machine learning' → 72 entries, 48 kept so far
13:20:16  INFO     [FI] 'EU AI Act' → 67 entries, 153 kept so far
13:20:16  INFO     [CZ] 'EU AI Act' → 78 entries, 87 kept so far
13:20:16  INFO     [RO] 'EU AI Act' → 78 entries, 132 kept so far
13:20:17  INFO     [PT] 'EU AI Act' → 64 entries, 225 kept so far
13:20:17  INFO     [HU] 'EU AI Act' → 77 entries, 72 kept so far
13:20:17  INFO     [FI] 'generative AI' → 55 entries, 185 kept so far
13:20:18  INFO     [CZ] 'generative AI' → 91 entries, 109 kept so far
13:20:18  INFO     [RO] 'generative AI' → 88 entries, 161 kept so far
13:20:18  INFO     [FI] +91 new articles saved
13:20:18  INFO     [HU] 'generative AI' → 74 entries, 97 kept so far
13:20:18  INFO     [PT] 'generative AI' → 100 entries, 257 kept so far
13:20:19  INFO     [GR] 'artificial intelligence' → 100 entries, 46 kept so far
13:20:19  INFO     [CZ] +71 new articles saved
13:20:19  INFO     [RO] +93 new articles saved
13:20:19  INFO     [SK] 'artificial intelligence' → 100 entries, 26 kept so far
13:20:19  INFO     [HU] +52 new articles saved
13:20:19  INFO     [PT] +163 new articles saved
13:20:20  INFO     [HR] 'artificial intelligence' → 100 entries, 48 kept so far
13:20:20  INFO     [IE] 'artificial intelligence' → 100 entries, 55 kept so far
13:20:20  INFO     [BG] 'artificial intelligence' → 99 entries, 47 kept so far
13:20:20  INFO     [GR] 'AI regulation' → 62 entries, 102 kept so far
13:20:21  INFO     [SK] 'AI regulation' → 17 entries, 29 kept so far
13:20:21  INFO     [HR] 'AI regulation' → 100 entries, 90 kept so far
13:20:21  INFO     [BG] 'AI regulation' → 22 entries, 49 kept so far
13:20:21  INFO     [IE] 'AI regulation' → 100 entries, 103 kept so far
13:20:22  INFO     [GR] 'machine learning' → 96 entries, 139 kept so far
13:20:22  INFO     [SK] 'machine learning' → 57 entries, 44 kept so far
13:20:23  INFO     [BG] 'machine learning' → 51 entries, 55 kept so far
13:20:23  INFO     [HR] 'machine learning' → 100 entries, 165 kept so far
13:20:23  INFO     [IE] 'machine learning' → 100 entries, 176 kept so far
13:20:23  INFO     [GR] 'EU AI Act' → 63 entries, 159 kept so far
13:20:24  INFO     [SK] 'EU AI Act' → 61 entries, 57 kept so far
13:20:24  INFO     [BG] 'EU AI Act' → 16 entries, 60 kept so far
13:20:24  INFO     [HR] 'EU AI Act' → 100 entries, 247 kept so far
13:20:25  INFO     [GR] 'generative AI' → 100 entries, 204 kept so far
13:20:25  INFO     [IE] 'EU AI Act' → 100 entries, 250 kept so far
13:20:25  INFO     [SK] 'generative AI' → 43 entries, 64 kept so far
13:20:25  INFO     [BG] 'generative AI' → 29 entries, 63 kept so far
13:20:26  INFO     [HR] 'generative AI' → 100 entries, 314 kept so far
13:20:26  INFO     [GR] +126 new articles saved
13:20:26  INFO     [SK] +30 new articles saved
13:20:26  INFO     [BG] +37 new articles saved
13:20:26  INFO     [LT] 'artificial intelligence' → 80 entries, 30 kept so far
13:20:27  INFO     [SI] 'artificial intelligence' → 100 entries, 48 kept so far
13:20:27  INFO     [IE] 'generative AI' → 100 entries, 305 kept so far
13:20:27  INFO     [LV] 'artificial intelligence' → 63 entries, 25 kept so far
13:20:27  INFO     [HR] +276 new articles saved
13:20:27  INFO     [EE] 'artificial intelligence' → 100 entries, 46 kept so far
13:20:28  INFO     [IE] +89 new articles saved
13:20:28  INFO     [LT] 'AI regulation' → 19 entries, 31 kept so far
13:20:28  INFO     [SI] 'AI regulation' → 9 entries, 48 kept so far
13:20:28  INFO     [CY] 'artificial intelligence' → 100 entries, 46 kept so far
13:20:28  INFO     [LV] 'AI regulation' → 10 entries, 25 kept so far
13:20:29  INFO     [EE] 'AI regulation' → 10 entries, 46 kept so far
13:20:29  INFO     [LT] 'machine learning' → 29 entries, 34 kept so far
13:20:29  INFO     [SI] 'machine learning' → 23 entries, 50 kept so far
13:20:30  INFO     [LV] 'machine learning' → 9 entries, 26 kept so far
13:20:30  INFO     [CY] 'AI regulation' → 63 entries, 103 kept so far
13:20:30  INFO     [EE] 'machine learning' → 17 entries, 50 kept so far
13:20:31  INFO     [LT] 'EU AI Act' → 24 entries, 38 kept so far
13:20:31  INFO     [SI] 'EU AI Act' → 30 entries, 54 kept so far
13:20:31  INFO     [LV] 'EU AI Act' → 5 entries, 26 kept so far
13:20:31  INFO     [CY] 'machine learning' → 96 entries, 140 kept so far
13:20:32  INFO     [EE] 'EU AI Act' → 16 entries, 51 kept so far
13:20:32  INFO     [LT] 'generative AI' → 22 entries, 45 kept so far
13:20:32  INFO     [SI] 'generative AI' → 13 entries, 55 kept so far
13:20:32  INFO     [LV] 'generative AI' → 8 entries, 28 kept so far
13:20:33  INFO     [CY] 'EU AI Act' → 63 entries, 160 kept so far
13:20:33  INFO     [EE] 'generative AI' → 9 entries, 53 kept so far
13:20:33  INFO     [LT] +16 new articles saved
13:20:33  INFO     [SI] +16 new articles saved
13:20:33  INFO     [MT] 'artificial intelligence' → 100 entries, 48 kept so far
13:20:33  INFO     [LV] +13 new articles saved
13:20:33  INFO     [LU] 'artificial intelligence' → 100 entries, 55 kept so far
13:20:34  INFO     [EE] +19 new articles saved
13:20:34  INFO     [CY] 'generative AI' → 100 entries, 204 kept so far
13:20:34  INFO     [MT] 'AI regulation' → 100 entries, 90 kept so far
13:20:35  INFO     [LU] 'AI regulation' → 100 entries, 137 kept so far
13:20:35  INFO     [CY] +3 new articles saved
13:20:35  INFO     [MT] 'machine learning' → 100 entries, 165 kept so far
13:20:36  INFO     [LU] 'machine learning' → 100 entries, 190 kept so far
13:20:37  INFO     [MT] 'EU AI Act' → 100 entries, 247 kept so far
13:20:38  INFO     [MT] 'generative AI' → 100 entries, 314 kept so far
13:20:38  INFO     [LU] 'EU AI Act' → 85 entries, 244 kept so far
13:20:39  INFO     [MT] +0 new articles saved
13:20:39  INFO     [LU] 'generative AI' → 100 entries, 275 kept so far
13:20:40  INFO     [LU] +1 new articles saved
13:20:40  INFO     Scrape complete. 2085 new articles this run.
