04:11:35  INFO     Starting scrape: 27 countries, 5 queries each
/home/runner/work/EU_AI_News/EU_AI_News/eu_ai_news_scraper.py:230: DeprecationWarning: datetime.datetime.utcnow() is deprecated and scheduled for removal in a future version. Use timezone-aware objects to represent datetimes in UTC: datetime.datetime.now(datetime.UTC).
  "scraped_at":   datetime.utcnow().isoformat(),
04:11:36  INFO     [DE] 'artificial intelligence' → 100 entries, 40 kept so far
04:11:36  INFO     [ES] 'artificial intelligence' → 100 entries, 47 kept so far
04:11:36  INFO     [FR] 'artificial intelligence' → 92 entries, 45 kept so far
04:11:36  INFO     [IT] 'artificial intelligence' → 101 entries, 24 kept so far
04:11:36  INFO     [PL] 'artificial intelligence' → 100 entries, 11 kept so far
04:11:37  INFO     [DE] 'AI regulation' → 100 entries, 119 kept so far
04:11:37  INFO     [ES] 'AI regulation' → 78 entries, 86 kept so far
04:11:37  INFO     [PL] 'AI regulation' → 79 entries, 71 kept so far
04:11:37  INFO     [FR] 'AI regulation' → 100 entries, 136 kept so far
04:11:38  INFO     [IT] 'AI regulation' → 100 entries, 115 kept so far
04:11:39  INFO     [DE] 'machine learning' → 100 entries, 171 kept so far
04:11:39  INFO     [FR] 'machine learning' → 100 entries, 184 kept so far
04:11:39  INFO     [PL] 'machine learning' → 100 entries, 117 kept so far
04:11:39  INFO     [ES] 'machine learning' → 100 entries, 155 kept so far
04:11:39  INFO     [IT] 'machine learning' → 100 entries, 187 kept so far
04:11:40  INFO     [DE] 'EU AI Act' → 100 entries, 245 kept so far
04:11:41  INFO     [FR] 'EU AI Act' → 85 entries, 221 kept so far
04:11:41  INFO     [PL] 'EU AI Act' → 77 entries, 134 kept so far
04:11:41  INFO     [IT] 'EU AI Act' → 100 entries, 235 kept so far
04:11:41  INFO     [ES] 'EU AI Act' → 78 entries, 180 kept so far
04:11:42  INFO     [DE] 'generative AI' → 100 entries, 268 kept so far
04:11:42  INFO     [FR] 'generative AI' → 100 entries, 250 kept so far
04:11:42  INFO     [PL] 'generative AI' → 100 entries, 163 kept so far
04:11:42  INFO     [IT] 'generative AI' → 100 entries, 280 kept so far
04:11:42  INFO     [ES] 'generative AI' → 100 entries, 228 kept so far
04:11:43  INFO     [DE] +189 new articles saved
04:11:43  INFO     [FR] +141 new articles saved
04:11:43  INFO     [PL] +87 new articles saved
04:11:43  INFO     [IT] +184 new articles saved
04:11:43  INFO     [ES] +124 new articles saved
04:11:44  INFO     [NL] 'artificial intelligence' → 102 entries, 15 kept so far
04:11:44  INFO     [SE] 'artificial intelligence' → 100 entries, 10 kept so far
04:11:44  INFO     [BE] 'artificial intelligence' → 100 entries, 62 kept so far
04:11:44  INFO     [AT] 'artificial intelligence' → 100 entries, 38 kept so far
04:11:44  INFO     [DK] 'artificial intelligence' → 100 entries, 15 kept so far
04:11:45  INFO     [NL] 'AI regulation' → 78 entries, 61 kept so far
04:11:45  INFO     [SE] 'AI regulation' → 77 entries, 20 kept so far
04:11:45  INFO     [AT] 'AI regulation' → 100 entries, 113 kept so far
04:11:46  INFO     [BE] 'AI regulation' → 100 entries, 153 kept so far
04:11:46  INFO     [DK] 'AI regulation' → 37 entries, 20 kept so far
04:11:47  INFO     [NL] 'machine learning' → 100 entries, 105 kept so far
04:11:47  INFO     [SE] 'machine learning' → 83 entries, 49 kept so far
04:11:47  INFO     [AT] 'machine learning' → 100 entries, 164 kept so far
04:11:47  INFO     [DK] 'machine learning' → 77 entries, 40 kept so far
04:11:47  INFO     [BE] 'machine learning' → 100 entries, 203 kept so far
04:11:48  INFO     [NL] 'EU AI Act' → 100 entries, 132 kept so far
04:11:48  INFO     [SE] 'EU AI Act' → 73 entries, 58 kept so far
04:11:48  INFO     [AT] 'EU AI Act' → 100 entries, 247 kept so far
04:11:49  INFO     [DK] 'EU AI Act' → 75 entries, 56 kept so far
04:11:49  INFO     [BE] 'EU AI Act' → 86 entries, 239 kept so far
04:11:50  INFO     [SE] 'generative AI' → 71 entries, 68 kept so far
04:11:50  INFO     [NL] 'generative AI' → 100 entries, 164 kept so far
04:11:50  INFO     [AT] 'generative AI' → 100 entries, 272 kept so far
04:11:50  INFO     [DK] 'generative AI' → 97 entries, 87 kept so far
04:11:50  INFO     [BE] 'generative AI' → 100 entries, 266 kept so far
04:11:51  INFO     [SE] +33 new articles saved
04:11:51  INFO     [NL] +77 new articles saved
04:11:51  INFO     [AT] +54 new articles saved
04:11:51  INFO     [FI] 'artificial intelligence' → 100 entries, 66 kept so far
04:11:51  INFO     [DK] +29 new articles saved
04:11:51  INFO     [PT] 'artificial intelligence' → 100 entries, 66 kept so far
04:11:51  INFO     [BE] +33 new articles saved
04:11:52  INFO     [CZ] 'artificial intelligence' → 100 entries, 19 kept so far
04:11:52  INFO     [RO] 'artificial intelligence' → 100 entries, 43 kept so far
04:11:52  INFO     [HU] 'artificial intelligence' → 100 entries, 17 kept so far
04:11:53  INFO     [FI] 'AI regulation' → 61 entries, 77 kept so far
04:11:53  INFO     [PT] 'AI regulation' → 79 entries, 104 kept so far
04:11:53  INFO     [CZ] 'AI regulation' → 78 entries, 42 kept so far
04:11:53  INFO     [RO] 'AI regulation' → 77 entries, 55 kept so far
04:11:53  INFO     [HU] 'AI regulation' → 79 entries, 21 kept so far
04:11:54  INFO     [FI] 'machine learning' → 87 entries, 122 kept so far
04:11:55  INFO     [PT] 'machine learning' → 100 entries, 182 kept so far
04:11:55  INFO     [CZ] 'machine learning' → 74 entries, 62 kept so far
04:11:55  INFO     [RO] 'machine learning' → 100 entries, 108 kept so far
04:11:55  INFO     [HU] 'machine learning' → 75 entries, 44 kept so far
04:11:56  INFO     [FI] 'EU AI Act' → 70 entries, 167 kept so far
04:11:56  INFO     [CZ] 'EU AI Act' → 75 entries, 79 kept so far
04:11:56  INFO     [PT] 'EU AI Act' → 60 entries, 197 kept so far
04:11:56  INFO     [RO] 'EU AI Act' → 77 entries, 137 kept so far
04:11:57  INFO     [HU] 'EU AI Act' → 78 entries, 71 kept so far
04:11:57  INFO     [FI] 'generative AI' → 64 entries, 204 kept so far
04:11:58  INFO     [CZ] 'generative AI' → 78 entries, 100 kept so far
04:11:58  INFO     [PT] 'generative AI' → 100 entries, 232 kept so far
04:11:58  INFO     [RO] 'generative AI' → 97 entries, 161 kept so far
04:11:58  INFO     [HU] 'generative AI' → 75 entries, 94 kept so far
04:11:58  INFO     [FI] +106 new articles saved
04:11:59  INFO     [CZ] +67 new articles saved
04:11:59  INFO     [GR] 'artificial intelligence' → 100 entries, 39 kept so far
04:11:59  INFO     [PT] +145 new articles saved
04:11:59  INFO     [RO] +94 new articles saved
04:11:59  INFO     [HU] +57 new articles saved
04:11:59  INFO     [SK] 'artificial intelligence' → 100 entries, 23 kept so far
04:11:59  INFO     [HR] 'artificial intelligence' → 102 entries, 52 kept so far
04:11:59  INFO     [BG] 'artificial intelligence' → 78 entries, 34 kept so far
04:11:59  INFO     [IE] 'artificial intelligence' → 100 entries, 47 kept so far
04:12:00  INFO     [GR] 'AI regulation' → 68 entries, 88 kept so far
04:12:01  INFO     [SK] 'AI regulation' → 21 entries, 24 kept so far
04:12:01  INFO     [BG] 'AI regulation' → 18 entries, 35 kept so far
04:12:01  INFO     [HR] 'AI regulation' → 100 entries, 102 kept so far
04:12:01  INFO     [IE] 'AI regulation' → 100 entries, 97 kept so far
04:12:02  INFO     [GR] 'machine learning' → 100 entries, 130 kept so far
04:12:02  INFO     [SK] 'machine learning' → 58 entries, 37 kept so far
04:12:02  INFO     [BG] 'machine learning' → 59 entries, 45 kept so far
04:12:02  INFO     [HR] 'machine learning' → 100 entries, 177 kept so far
04:12:03  INFO     [IE] 'machine learning' → 100 entries, 172 kept so far
04:12:03  INFO     [GR] 'EU AI Act' → 58 entries, 150 kept so far
04:12:04  INFO     [SK] 'EU AI Act' → 77 entries, 49 kept so far
04:12:04  INFO     [BG] 'EU AI Act' → 18 entries, 48 kept so far
04:12:04  INFO     [HR] 'EU AI Act' → 100 entries, 264 kept so far
04:12:04  INFO     [IE] 'EU AI Act' → 100 entries, 247 kept so far
04:12:05  INFO     [GR] 'generative AI' → 100 entries, 191 kept so far
04:12:05  INFO     [SK] 'generative AI' → 47 entries, 59 kept so far
04:12:05  INFO     [BG] 'generative AI' → 32 entries, 54 kept so far
04:12:06  INFO     [HR] 'generative AI' → 100 entries, 331 kept so far
04:12:06  INFO     [GR] +127 new articles saved
04:12:06  INFO     [SK] +27 new articles saved
04:12:06  INFO     [BG] +30 new articles saved
04:12:06  INFO     [IE] 'generative AI' → 100 entries, 313 kept so far
04:12:06  INFO     [LT] 'artificial intelligence' → 74 entries, 24 kept so far
04:12:06  INFO     [LV] 'artificial intelligence' → 67 entries, 20 kept so far
04:12:06  INFO     [SI] 'artificial intelligence' → 100 entries, 53 kept so far
04:12:07  INFO     [HR] +286 new articles saved
04:12:07  INFO     [IE] +100 new articles saved
04:12:07  INFO     [EE] 'artificial intelligence' → 90 entries, 49 kept so far
04:12:08  INFO     [LT] 'AI regulation' → 5 entries, 24 kept so far
04:12:08  INFO     [LV] 'AI regulation' → 7 entries, 20 kept so far
04:12:08  INFO     [CY] 'artificial intelligence' → 100 entries, 40 kept so far
04:12:08  INFO     [SI] 'AI regulation' → 3 entries, 53 kept so far
04:12:09  INFO     [EE] 'AI regulation' → 5 entries, 50 kept so far
04:12:09  INFO     [LV] 'machine learning' → 12 entries, 24 kept so far
04:12:09  INFO     [LT] 'machine learning' → 30 entries, 28 kept so far
04:12:09  INFO     [SI] 'machine learning' → 21 entries, 53 kept so far
04:12:09  INFO     [CY] 'AI regulation' → 68 entries, 89 kept so far
04:12:10  INFO     [EE] 'machine learning' → 16 entries, 52 kept so far
04:12:10  INFO     [LT] 'EU AI Act' → 18 entries, 28 kept so far
04:12:10  INFO     [LV] 'EU AI Act' → 6 entries, 24 kept so far
04:12:10  INFO     [SI] 'EU AI Act' → 25 entries, 57 kept so far
04:12:11  INFO     [CY] 'machine learning' → 99 entries, 132 kept so far
04:12:11  INFO     [EE] 'EU AI Act' → 9 entries, 53 kept so far
04:12:11  INFO     [LT] 'generative AI' → 18 entries, 34 kept so far
04:12:11  INFO     [LV] 'generative AI' → 10 entries, 25 kept so far
04:12:12  INFO     [SI] 'generative AI' → 14 entries, 58 kept so far
04:12:12  INFO     [CY] 'EU AI Act' → 58 entries, 152 kept so far
04:12:12  INFO     [LT] +10 new articles saved
04:12:12  INFO     [LV] +11 new articles saved
04:12:13  INFO     [EE] 'generative AI' → 10 entries, 56 kept so far
04:12:13  INFO     [MT] 'artificial intelligence' → 102 entries, 52 kept so far
04:12:13  INFO     [SI] +23 new articles saved
04:12:13  INFO     [LU] 'artificial intelligence' → 92 entries, 45 kept so far
04:12:14  INFO     [CY] 'generative AI' → 100 entries, 195 kept so far
04:12:14  INFO     [EE] +27 new articles saved
04:12:14  INFO     [MT] 'AI regulation' → 100 entries, 102 kept so far
04:12:14  INFO     [LU] 'AI regulation' → 100 entries, 136 kept so far
04:12:15  INFO     [CY] +3 new articles saved
04:12:15  INFO     [MT] 'machine learning' → 100 entries, 177 kept so far
04:12:16  INFO     [LU] 'machine learning' → 100 entries, 184 kept so far
04:12:16  INFO     [MT] 'EU AI Act' → 100 entries, 264 kept so far
04:12:17  INFO     [MT] 'generative AI' → 100 entries, 331 kept so far
04:12:17  INFO     [LU] 'EU AI Act' → 85 entries, 221 kept so far
04:12:18  INFO     [MT] +0 new articles saved
04:12:19  INFO     [LU] 'generative AI' → 100 entries, 250 kept so far
04:12:20  INFO     [LU] +0 new articles saved
04:12:20  INFO     Scrape complete. 2064 new articles this run.
