03:52:02  INFO     Starting scrape: 27 countries, 5 queries each
/home/runner/work/EU_AI_News/EU_AI_News/eu_ai_news_scraper.py:230: DeprecationWarning: datetime.datetime.utcnow() is deprecated and scheduled for removal in a future version. Use timezone-aware objects to represent datetimes in UTC: datetime.datetime.now(datetime.UTC).
  "scraped_at":   datetime.utcnow().isoformat(),
03:52:03  INFO     [DE] 'artificial intelligence' → 100 entries, 45 kept so far
03:52:03  INFO     [FR] 'artificial intelligence' → 100 entries, 45 kept so far
03:52:03  INFO     [PL] 'artificial intelligence' → 100 entries, 15 kept so far
03:52:03  INFO     [IT] 'artificial intelligence' → 100 entries, 47 kept so far
03:52:03  INFO     [ES] 'artificial intelligence' → 100 entries, 62 kept so far
03:52:04  INFO     [DE] 'AI regulation' → 100 entries, 124 kept so far
03:52:05  INFO     [FR] 'AI regulation' → 100 entries, 131 kept so far
03:52:05  INFO     [PL] 'AI regulation' → 91 entries, 90 kept so far
03:52:05  INFO     [IT] 'AI regulation' → 100 entries, 138 kept so far
03:52:05  INFO     [ES] 'AI regulation' → 82 entries, 121 kept so far
03:52:06  INFO     [DE] 'machine learning' → 100 entries, 177 kept so far
03:52:06  INFO     [FR] 'machine learning' → 100 entries, 196 kept so far
03:52:06  INFO     [PL] 'machine learning' → 100 entries, 139 kept so far
03:52:07  INFO     [ES] 'machine learning' → 100 entries, 199 kept so far
03:52:07  INFO     [IT] 'machine learning' → 100 entries, 210 kept so far
03:52:08  INFO     [DE] 'EU AI Act' → 100 entries, 239 kept so far
03:52:08  INFO     [FR] 'EU AI Act' → 87 entries, 243 kept so far
03:52:08  INFO     [PL] 'EU AI Act' → 78 entries, 168 kept so far
03:52:08  INFO     [IT] 'EU AI Act' → 100 entries, 275 kept so far
03:52:08  INFO     [ES] 'EU AI Act' → 78 entries, 223 kept so far
03:52:09  INFO     [DE] 'generative AI' → 100 entries, 263 kept so far
03:52:09  INFO     [FR] 'generative AI' → 100 entries, 269 kept so far
03:52:09  INFO     [PL] 'generative AI' → 100 entries, 202 kept so far
03:52:10  INFO     [IT] 'generative AI' → 100 entries, 323 kept so far
03:52:10  INFO     [ES] 'generative AI' → 100 entries, 269 kept so far
03:52:10  INFO     [DE] +202 new articles saved
03:52:10  INFO     [FR] +156 new articles saved
03:52:10  INFO     [PL] +127 new articles saved
03:52:11  INFO     [NL] 'artificial intelligence' → 100 entries, 14 kept so far
03:52:11  INFO     [IT] +240 new articles saved
03:52:11  INFO     [BE] 'artificial intelligence' → 100 entries, 54 kept so far
03:52:11  INFO     [ES] +158 new articles saved
03:52:11  INFO     [SE] 'artificial intelligence' → 100 entries, 9 kept so far
03:52:11  INFO     [AT] 'artificial intelligence' → 100 entries, 46 kept so far
03:52:11  INFO     [DK] 'artificial intelligence' → 100 entries, 13 kept so far
03:52:12  INFO     [NL] 'AI regulation' → 77 entries, 68 kept so far
03:52:13  INFO     [BE] 'AI regulation' → 100 entries, 140 kept so far
03:52:13  INFO     [SE] 'AI regulation' → 79 entries, 27 kept so far
03:52:13  INFO     [AT] 'AI regulation' → 100 entries, 125 kept so far
03:52:13  INFO     [DK] 'AI regulation' → 49 entries, 27 kept so far
03:52:14  INFO     [NL] 'machine learning' → 100 entries, 120 kept so far
03:52:14  INFO     [SE] 'machine learning' → 77 entries, 47 kept so far
03:52:14  INFO     [BE] 'machine learning' → 100 entries, 207 kept so far
03:52:14  INFO     [AT] 'machine learning' → 100 entries, 177 kept so far
03:52:14  INFO     [DK] 'machine learning' → 86 entries, 46 kept so far
03:52:15  INFO     [NL] 'EU AI Act' → 100 entries, 144 kept so far
03:52:16  INFO     [SE] 'EU AI Act' → 73 entries, 52 kept so far
03:52:16  INFO     [BE] 'EU AI Act' → 94 entries, 257 kept so far
03:52:16  INFO     [DK] 'EU AI Act' → 75 entries, 60 kept so far
03:52:16  INFO     [AT] 'EU AI Act' → 100 entries, 256 kept so far
03:52:17  INFO     [NL] 'generative AI' → 100 entries, 172 kept so far
03:52:17  INFO     [SE] 'generative AI' → 78 entries, 58 kept so far
03:52:17  INFO     [BE] 'generative AI' → 100 entries, 280 kept so far
03:52:18  INFO     [DK] 'generative AI' → 100 entries, 95 kept so far
03:52:18  INFO     [AT] 'generative AI' → 100 entries, 324 kept so far
03:52:18  INFO     [NL] +95 new articles saved
03:52:18  INFO     [SE] +27 new articles saved
03:52:18  INFO     [FI] 'artificial intelligence' → 100 entries, 56 kept so far
03:52:18  INFO     [BE] +30 new articles saved
03:52:19  INFO     [PT] 'artificial intelligence' → 100 entries, 61 kept so far
03:52:19  INFO     [DK] +38 new articles saved
03:52:19  INFO     [AT] +109 new articles saved
03:52:19  INFO     [CZ] 'artificial intelligence' → 100 entries, 12 kept so far
03:52:19  INFO     [RO] 'artificial intelligence' → 100 entries, 42 kept so far
03:52:19  INFO     [HU] 'artificial intelligence' → 100 entries, 16 kept so far
03:52:20  INFO     [FI] 'AI regulation' → 14 entries, 59 kept so far
03:52:20  INFO     [PT] 'AI regulation' → 98 entries, 125 kept so far
03:52:20  INFO     [CZ] 'AI regulation' → 74 entries, 45 kept so far
03:52:21  INFO     [RO] 'AI regulation' → 77 entries, 50 kept so far
03:52:21  INFO     [HU] 'AI regulation' → 79 entries, 22 kept so far
03:52:21  INFO     [FI] 'machine learning' → 90 entries, 108 kept so far
03:52:22  INFO     [PT] 'machine learning' → 100 entries, 209 kept so far
03:52:22  INFO     [CZ] 'machine learning' → 74 entries, 65 kept so far
03:52:22  INFO     [RO] 'machine learning' → 100 entries, 102 kept so far
03:52:22  INFO     [HU] 'machine learning' → 67 entries, 47 kept so far
03:52:23  INFO     [FI] 'EU AI Act' → 57 entries, 144 kept so far
03:52:23  INFO     [CZ] 'EU AI Act' → 74 entries, 78 kept so far
03:52:23  INFO     [PT] 'EU AI Act' → 58 entries, 219 kept so far
03:52:24  INFO     [RO] 'EU AI Act' → 78 entries, 128 kept so far
03:52:24  INFO     [HU] 'EU AI Act' → 79 entries, 71 kept so far
03:52:24  INFO     [FI] 'generative AI' → 67 entries, 183 kept so far
03:52:25  INFO     [CZ] 'generative AI' → 75 entries, 99 kept so far
03:52:25  INFO     [PT] 'generative AI' → 100 entries, 247 kept so far
03:52:25  INFO     [FI] +94 new articles saved
03:52:25  INFO     [RO] 'generative AI' → 90 entries, 155 kept so far
03:52:25  INFO     [HU] 'generative AI' → 72 entries, 93 kept so far
03:52:26  INFO     [GR] 'artificial intelligence' → 100 entries, 40 kept so far
03:52:26  INFO     [CZ] +67 new articles saved
03:52:26  INFO     [PT] +166 new articles saved
03:52:26  INFO     [SK] 'artificial intelligence' → 100 entries, 23 kept so far
03:52:26  INFO     [RO] +91 new articles saved
03:52:26  INFO     [HU] +54 new articles saved
03:52:27  INFO     [IE] 'artificial intelligence' → 100 entries, 47 kept so far
03:52:27  INFO     [HR] 'artificial intelligence' → 100 entries, 43 kept so far
03:52:27  INFO     [BG] 'artificial intelligence' → 84 entries, 34 kept so far
03:52:27  INFO     [GR] 'AI regulation' → 60 entries, 92 kept so far
03:52:28  INFO     [SK] 'AI regulation' → 23 entries, 25 kept so far
03:52:28  INFO     [HR] 'AI regulation' → 100 entries, 95 kept so far
03:52:28  INFO     [BG] 'AI regulation' → 16 entries, 35 kept so far
03:52:28  INFO     [IE] 'AI regulation' → 100 entries, 96 kept so far
03:52:29  INFO     [GR] 'machine learning' → 100 entries, 135 kept so far
03:52:29  INFO     [SK] 'machine learning' → 58 entries, 35 kept so far
03:52:30  INFO     [BG] 'machine learning' → 57 entries, 46 kept so far
03:52:30  INFO     [HR] 'machine learning' → 100 entries, 170 kept so far
03:52:30  INFO     [IE] 'machine learning' → 100 entries, 178 kept so far
03:52:30  INFO     [GR] 'EU AI Act' → 56 entries, 152 kept so far
03:52:31  INFO     [SK] 'EU AI Act' → 55 entries, 44 kept so far
03:52:31  INFO     [BG] 'EU AI Act' → 12 entries, 48 kept so far
03:52:31  INFO     [HR] 'EU AI Act' → 100 entries, 251 kept so far
03:52:32  INFO     [IE] 'EU AI Act' → 100 entries, 247 kept so far
03:52:32  INFO     [SK] 'generative AI' → 40 entries, 52 kept so far
03:52:32  INFO     [GR] 'generative AI' → 100 entries, 197 kept so far
03:52:32  INFO     [BG] 'generative AI' → 31 entries, 53 kept so far
03:52:33  INFO     [SK] +23 new articles saved
03:52:33  INFO     [HR] 'generative AI' → 100 entries, 314 kept so far
03:52:33  INFO     [GR] +131 new articles saved
03:52:33  INFO     [IE] 'generative AI' → 100 entries, 308 kept so far
03:52:33  INFO     [BG] +30 new articles saved
03:52:33  INFO     [LT] 'artificial intelligence' → 83 entries, 33 kept so far
03:52:34  INFO     [SI] 'artificial intelligence' → 100 entries, 54 kept so far
03:52:34  INFO     [LV] 'artificial intelligence' → 65 entries, 23 kept so far
03:52:34  INFO     [HR] +273 new articles saved
03:52:34  INFO     [IE] +98 new articles saved
03:52:35  INFO     [EE] 'artificial intelligence' → 100 entries, 50 kept so far
03:52:35  INFO     [LT] 'AI regulation' → 13 entries, 33 kept so far
03:52:35  INFO     [SI] 'AI regulation' → 8 entries, 54 kept so far
03:52:35  INFO     [CY] 'artificial intelligence' → 100 entries, 40 kept so far
03:52:35  INFO     [LV] 'AI regulation' → 5 entries, 23 kept so far
03:52:36  INFO     [EE] 'AI regulation' → 7 entries, 50 kept so far
03:52:36  INFO     [LT] 'machine learning' → 30 entries, 36 kept so far
03:52:36  INFO     [SI] 'machine learning' → 20 entries, 55 kept so far
03:52:36  INFO     [CY] 'AI regulation' → 60 entries, 92 kept so far
03:52:36  INFO     [LV] 'machine learning' → 14 entries, 26 kept so far
03:52:37  INFO     [EE] 'machine learning' → 18 entries, 53 kept so far
03:52:37  INFO     [LT] 'EU AI Act' → 18 entries, 37 kept so far
03:52:38  INFO     [SI] 'EU AI Act' → 31 entries, 60 kept so far
03:52:38  INFO     [LV] 'EU AI Act' → 6 entries, 26 kept so far
03:52:38  INFO     [CY] 'machine learning' → 100 entries, 135 kept so far
03:52:39  INFO     [EE] 'EU AI Act' → 10 entries, 54 kept so far
03:52:39  INFO     [LT] 'generative AI' → 19 entries, 42 kept so far
03:52:39  INFO     [SI] 'generative AI' → 12 entries, 61 kept so far
03:52:39  INFO     [LV] 'generative AI' → 9 entries, 27 kept so far
03:52:39  INFO     [CY] 'EU AI Act' → 56 entries, 152 kept so far
03:52:40  INFO     [LT] +18 new articles saved
03:52:40  INFO     [EE] 'generative AI' → 10 entries, 57 kept so far
03:52:40  INFO     [SI] +26 new articles saved
03:52:40  INFO     [LV] +13 new articles saved
03:52:40  INFO     [MT] 'artificial intelligence' → 100 entries, 43 kept so far
03:52:40  INFO     [LU] 'artificial intelligence' → 100 entries, 45 kept so far
03:52:41  INFO     [CY] 'generative AI' → 100 entries, 197 kept so far
03:52:41  INFO     [EE] +32 new articles saved
03:52:41  INFO     [MT] 'AI regulation' → 100 entries, 95 kept so far
03:52:42  INFO     [CY] +0 new articles saved
03:52:42  INFO     [LU] 'AI regulation' → 100 entries, 131 kept so far
03:52:42  INFO     [MT] 'machine learning' → 100 entries, 170 kept so far
03:52:43  INFO     [MT] 'EU AI Act' → 100 entries, 251 kept so far
03:52:44  INFO     [LU] 'machine learning' → 100 entries, 192 kept so far
03:52:45  INFO     [MT] 'generative AI' → 100 entries, 314 kept so far
03:52:45  INFO     [LU] 'EU AI Act' → 87 entries, 239 kept so far
03:52:46  INFO     [MT] +0 new articles saved
03:52:47  INFO     [LU] 'generative AI' → 100 entries, 264 kept so far
03:52:48  INFO     [LU] +0 new articles saved
03:52:48  INFO     Scrape complete. 2298 new articles this run.
