07:02:31  INFO     Starting scrape: 27 countries, 5 queries each
/home/runner/work/EU_AI_News/EU_AI_News/eu_ai_news_scraper.py:230: DeprecationWarning: datetime.datetime.utcnow() is deprecated and scheduled for removal in a future version. Use timezone-aware objects to represent datetimes in UTC: datetime.datetime.now(datetime.UTC).
  "scraped_at":   datetime.utcnow().isoformat(),
07:02:31  INFO     [DE] 'artificial intelligence' → 100 entries, 51 kept so far
07:02:31  INFO     [FR] 'artificial intelligence' → 100 entries, 58 kept so far
07:02:32  INFO     [PL] 'artificial intelligence' → 100 entries, 14 kept so far
07:02:32  INFO     [ES] 'artificial intelligence' → 100 entries, 66 kept so far
07:02:32  INFO     [IT] 'artificial intelligence' → 100 entries, 39 kept so far
07:02:33  INFO     [DE] 'AI regulation' → 100 entries, 105 kept so far
07:02:33  INFO     [FR] 'AI regulation' → 100 entries, 124 kept so far
07:02:33  INFO     [ES] 'AI regulation' → 66 entries, 88 kept so far
07:02:33  INFO     [PL] 'AI regulation' → 100 entries, 92 kept so far
07:02:33  INFO     [IT] 'AI regulation' → 90 entries, 103 kept so far
07:02:34  INFO     [DE] 'machine learning' → 100 entries, 156 kept so far
07:02:35  INFO     [FR] 'machine learning' → 100 entries, 177 kept so far
07:02:35  INFO     [IT] 'machine learning' → 100 entries, 171 kept so far
07:02:35  INFO     [ES] 'machine learning' → 100 entries, 163 kept so far
07:02:35  INFO     [PL] 'machine learning' → 100 entries, 134 kept so far
07:02:36  INFO     [DE] 'EU AI Act' → 100 entries, 239 kept so far
07:02:36  INFO     [FR] 'EU AI Act' → 91 entries, 234 kept so far
07:02:37  INFO     [IT] 'EU AI Act' → 100 entries, 244 kept so far
07:02:37  INFO     [ES] 'EU AI Act' → 79 entries, 205 kept so far
07:02:37  INFO     [PL] 'EU AI Act' → 78 entries, 161 kept so far
07:02:38  INFO     [DE] 'generative AI' → 100 entries, 271 kept so far
07:02:38  INFO     [FR] 'generative AI' → 100 entries, 266 kept so far
07:02:38  INFO     [IT] 'generative AI' → 100 entries, 281 kept so far
07:02:38  INFO     [ES] 'generative AI' → 100 entries, 244 kept so far
07:02:38  INFO     [PL] 'generative AI' → 100 entries, 193 kept so far
07:02:39  INFO     [DE] +193 new articles saved
07:02:39  INFO     [FR] +137 new articles saved
07:02:39  INFO     [NL] 'artificial intelligence' → 100 entries, 16 kept so far
07:02:39  INFO     [IT] +154 new articles saved
07:02:39  INFO     [ES] +134 new articles saved
07:02:40  INFO     [BE] 'artificial intelligence' → 100 entries, 64 kept so far
07:02:40  INFO     [PL] +121 new articles saved
07:02:40  INFO     [SE] 'artificial intelligence' → 100 entries, 14 kept so far
07:02:40  INFO     [AT] 'artificial intelligence' → 100 entries, 54 kept so far
07:02:40  INFO     [DK] 'artificial intelligence' → 100 entries, 18 kept so far
07:02:41  INFO     [NL] 'AI regulation' → 78 entries, 68 kept so far
07:02:41  INFO     [BE] 'AI regulation' → 100 entries, 127 kept so far
07:02:41  INFO     [SE] 'AI regulation' → 64 entries, 29 kept so far
07:02:42  INFO     [AT] 'AI regulation' → 100 entries, 112 kept so far
07:02:42  INFO     [DK] 'AI regulation' → 33 entries, 23 kept so far
07:02:42  INFO     [NL] 'machine learning' → 100 entries, 123 kept so far
07:02:43  INFO     [BE] 'machine learning' → 100 entries, 180 kept so far
07:02:43  INFO     [SE] 'machine learning' → 76 entries, 49 kept so far
07:02:43  INFO     [DK] 'machine learning' → 87 entries, 46 kept so far
07:02:44  INFO     [AT] 'machine learning' → 100 entries, 165 kept so far
07:02:44  INFO     [NL] 'EU AI Act' → 100 entries, 149 kept so far
07:02:44  INFO     [BE] 'EU AI Act' → 93 entries, 236 kept so far
07:02:44  INFO     [SE] 'EU AI Act' → 56 entries, 52 kept so far
07:02:45  INFO     [DK] 'EU AI Act' → 77 entries, 67 kept so far
07:02:45  INFO     [AT] 'EU AI Act' → 100 entries, 247 kept so far
07:02:46  INFO     [NL] 'generative AI' → 100 entries, 175 kept so far
07:02:46  INFO     [SE] 'generative AI' → 75 entries, 62 kept so far
07:02:46  INFO     [BE] 'generative AI' → 100 entries, 266 kept so far
07:02:47  INFO     [DK] 'generative AI' → 98 entries, 101 kept so far
07:02:47  INFO     [NL] +81 new articles saved
07:02:47  INFO     [AT] 'generative AI' → 100 entries, 276 kept so far
07:02:47  INFO     [SE] +24 new articles saved
07:02:47  INFO     [BE] +22 new articles saved
07:02:47  INFO     [FI] 'artificial intelligence' → 100 entries, 62 kept so far
07:02:48  INFO     [PT] 'artificial intelligence' → 100 entries, 65 kept so far
07:02:48  INFO     [DK] +41 new articles saved
07:02:48  INFO     [CZ] 'artificial intelligence' → 100 entries, 19 kept so far
07:02:48  INFO     [AT] +64 new articles saved
07:02:48  INFO     [RO] 'artificial intelligence' → 100 entries, 42 kept so far
07:02:48  INFO     [HU] 'artificial intelligence' → 100 entries, 15 kept so far
07:02:49  INFO     [FI] 'AI regulation' → 43 entries, 73 kept so far
07:02:49  INFO     [PT] 'AI regulation' → 96 entries, 122 kept so far
07:02:49  INFO     [CZ] 'AI regulation' → 78 entries, 50 kept so far
07:02:50  INFO     [RO] 'AI regulation' → 28 entries, 48 kept so far
07:02:50  INFO     [HU] 'AI regulation' → 79 entries, 17 kept so far
07:02:51  INFO     [FI] 'machine learning' → 87 entries, 112 kept so far
07:02:51  INFO     [CZ] 'machine learning' → 83 entries, 67 kept so far
07:02:51  INFO     [PT] 'machine learning' → 100 entries, 198 kept so far
07:02:51  INFO     [RO] 'machine learning' → 100 entries, 104 kept so far
07:02:51  INFO     [HU] 'machine learning' → 68 entries, 43 kept so far
07:02:52  INFO     [FI] 'EU AI Act' → 61 entries, 146 kept so far
07:02:53  INFO     [CZ] 'EU AI Act' → 75 entries, 78 kept so far
07:02:53  INFO     [PT] 'EU AI Act' → 64 entries, 212 kept so far
07:02:53  INFO     [RO] 'EU AI Act' → 78 entries, 128 kept so far
07:02:53  INFO     [HU] 'EU AI Act' → 78 entries, 66 kept so far
07:02:54  INFO     [FI] 'generative AI' → 56 entries, 179 kept so far
07:02:54  INFO     [CZ] 'generative AI' → 83 entries, 96 kept so far
07:02:54  INFO     [PT] 'generative AI' → 100 entries, 244 kept so far
07:02:55  INFO     [RO] 'generative AI' → 90 entries, 156 kept so far
07:02:55  INFO     [HU] 'generative AI' → 75 entries, 88 kept so far
07:02:55  INFO     [FI] +87 new articles saved
07:02:55  INFO     [CZ] +61 new articles saved
07:02:55  INFO     [GR] 'artificial intelligence' → 100 entries, 45 kept so far
07:02:55  INFO     [PT] +152 new articles saved
07:02:56  INFO     [RO] +88 new articles saved
07:02:56  INFO     [SK] 'artificial intelligence' → 100 entries, 24 kept so far
07:02:56  INFO     [HU] +47 new articles saved
07:02:56  INFO     [HR] 'artificial intelligence' → 100 entries, 49 kept so far
07:02:56  INFO     [IE] 'artificial intelligence' → 100 entries, 60 kept so far
07:02:56  INFO     [BG] 'artificial intelligence' → 79 entries, 34 kept so far
07:02:57  INFO     [GR] 'AI regulation' → 61 entries, 102 kept so far
07:02:57  INFO     [SK] 'AI regulation' → 12 entries, 25 kept so far
07:02:57  INFO     [HR] 'AI regulation' → 100 entries, 99 kept so far
07:02:58  INFO     [BG] 'AI regulation' → 18 entries, 35 kept so far
07:02:58  INFO     [IE] 'AI regulation' → 100 entries, 107 kept so far
07:02:58  INFO     [GR] 'machine learning' → 89 entries, 139 kept so far
07:02:58  INFO     [SK] 'machine learning' → 57 entries, 40 kept so far
07:02:59  INFO     [HR] 'machine learning' → 100 entries, 179 kept so far
07:02:59  INFO     [BG] 'machine learning' → 51 entries, 42 kept so far
07:03:00  INFO     [IE] 'machine learning' → 100 entries, 187 kept so far
07:03:00  INFO     [GR] 'EU AI Act' → 60 entries, 156 kept so far
07:03:00  INFO     [SK] 'EU AI Act' → 62 entries, 53 kept so far
07:03:01  INFO     [BG] 'EU AI Act' → 16 entries, 48 kept so far
07:03:01  INFO     [HR] 'EU AI Act' → 100 entries, 257 kept so far
07:03:01  INFO     [SK] 'generative AI' → 44 entries, 62 kept so far
07:03:02  INFO     [GR] 'generative AI' → 100 entries, 197 kept so far
07:03:02  INFO     [IE] 'EU AI Act' → 100 entries, 259 kept so far
07:03:02  INFO     [BG] 'generative AI' → 26 entries, 52 kept so far
07:03:02  INFO     [HR] 'generative AI' → 100 entries, 326 kept so far
07:03:02  INFO     [SK] +26 new articles saved
07:03:03  INFO     [GR] +126 new articles saved
07:03:03  INFO     [LT] 'artificial intelligence' → 87 entries, 30 kept so far
07:03:03  INFO     [BG] +28 new articles saved
07:03:03  INFO     [SI] 'artificial intelligence' → 100 entries, 51 kept so far
07:03:03  INFO     [LV] 'artificial intelligence' → 63 entries, 23 kept so far
07:03:03  INFO     [HR] +273 new articles saved
07:03:04  INFO     [IE] 'generative AI' → 100 entries, 322 kept so far
07:03:04  INFO     [EE] 'artificial intelligence' → 100 entries, 47 kept so far
07:03:04  INFO     [LT] 'AI regulation' → 15 entries, 31 kept so far
07:03:04  INFO     [SI] 'AI regulation' → 7 entries, 51 kept so far
07:03:05  INFO     [LV] 'AI regulation' → 6 entries, 23 kept so far
07:03:05  INFO     [IE] +107 new articles saved
07:03:05  INFO     [CY] 'artificial intelligence' → 100 entries, 45 kept so far
07:03:05  INFO     [EE] 'AI regulation' → 9 entries, 47 kept so far
07:03:06  INFO     [LT] 'machine learning' → 29 entries, 33 kept so far
07:03:06  INFO     [LV] 'machine learning' → 9 entries, 24 kept so far
07:03:06  INFO     [SI] 'machine learning' → 21 entries, 53 kept so far
07:03:07  INFO     [CY] 'AI regulation' → 61 entries, 102 kept so far
07:03:07  INFO     [EE] 'machine learning' → 17 entries, 52 kept so far
07:03:07  INFO     [LT] 'EU AI Act' → 27 entries, 37 kept so far
07:03:07  INFO     [LV] 'EU AI Act' → 6 entries, 24 kept so far
07:03:07  INFO     [SI] 'EU AI Act' → 24 entries, 56 kept so far
07:03:08  INFO     [CY] 'machine learning' → 89 entries, 139 kept so far
07:03:08  INFO     [LT] 'generative AI' → 21 entries, 44 kept so far
07:03:08  INFO     [EE] 'EU AI Act' → 13 entries, 53 kept so far
07:03:08  INFO     [LV] 'generative AI' → 8 entries, 26 kept so far
07:03:09  INFO     [SI] 'generative AI' → 12 entries, 57 kept so far
07:03:09  INFO     [LT] +17 new articles saved
07:03:09  INFO     [LV] +12 new articles saved
07:03:10  INFO     [EE] 'generative AI' → 10 entries, 54 kept so far
07:03:10  INFO     [SI] +20 new articles saved
07:03:10  INFO     [MT] 'artificial intelligence' → 100 entries, 49 kept so far
07:03:10  INFO     [CY] 'EU AI Act' → 60 entries, 156 kept so far
07:03:10  INFO     [LU] 'artificial intelligence' → 100 entries, 58 kept so far
07:03:11  INFO     [EE] +26 new articles saved
07:03:11  INFO     [CY] 'generative AI' → 100 entries, 197 kept so far
07:03:11  INFO     [MT] 'AI regulation' → 100 entries, 99 kept so far
07:03:12  INFO     [LU] 'AI regulation' → 100 entries, 124 kept so far
07:03:12  INFO     [CY] +0 new articles saved
07:03:13  INFO     [MT] 'machine learning' → 100 entries, 179 kept so far
07:03:13  INFO     [LU] 'machine learning' → 100 entries, 177 kept so far
07:03:14  INFO     [MT] 'EU AI Act' → 100 entries, 257 kept so far
07:03:15  INFO     [LU] 'EU AI Act' → 91 entries, 234 kept so far
07:03:15  INFO     [MT] 'generative AI' → 100 entries, 326 kept so far
07:03:16  INFO     [LU] 'generative AI' → 100 entries, 267 kept so far
07:03:16  INFO     [MT] +0 new articles saved
07:03:17  INFO     [LU] +1 new articles saved
07:03:17  INFO     Scrape complete. 2042 new articles this run.
