03:24:06  INFO     Starting scrape: 27 countries, 5 queries each
/home/runner/work/EU_AI_News/EU_AI_News/eu_ai_news_scraper.py:230: DeprecationWarning: datetime.datetime.utcnow() is deprecated and scheduled for removal in a future version. Use timezone-aware objects to represent datetimes in UTC: datetime.datetime.now(datetime.UTC).
  "scraped_at":   datetime.utcnow().isoformat(),
03:24:06  INFO     [IT] 'artificial intelligence' → 100 entries, 35 kept so far
03:24:06  INFO     [PL] 'artificial intelligence' → 100 entries, 11 kept so far
03:24:07  INFO     [FR] 'artificial intelligence' → 102 entries, 43 kept so far
03:24:07  INFO     [ES] 'artificial intelligence' → 100 entries, 59 kept so far
03:24:07  INFO     [DE] 'artificial intelligence' → 100 entries, 46 kept so far
03:24:08  INFO     [IT] 'AI regulation' → 100 entries, 113 kept so far
03:24:08  INFO     [PL] 'AI regulation' → 100 entries, 79 kept so far
03:24:08  INFO     [FR] 'AI regulation' → 100 entries, 130 kept so far
03:24:08  INFO     [ES] 'AI regulation' → 77 entries, 94 kept so far
03:24:08  INFO     [DE] 'AI regulation' → 96 entries, 125 kept so far
03:24:10  INFO     [IT] 'machine learning' → 100 entries, 188 kept so far
03:24:10  INFO     [FR] 'machine learning' → 100 entries, 186 kept so far
03:24:10  INFO     [PL] 'machine learning' → 100 entries, 117 kept so far
03:24:10  INFO     [DE] 'machine learning' → 100 entries, 165 kept so far
03:24:10  INFO     [ES] 'machine learning' → 100 entries, 169 kept so far
03:24:12  INFO     [IT] 'EU AI Act' → 100 entries, 265 kept so far
03:24:12  INFO     [PL] 'EU AI Act' → 77 entries, 132 kept so far
03:24:12  INFO     [FR] 'EU AI Act' → 86 entries, 223 kept so far
03:24:12  INFO     [DE] 'EU AI Act' → 100 entries, 246 kept so far
03:24:12  INFO     [ES] 'EU AI Act' → 77 entries, 198 kept so far
03:24:13  INFO     [PL] 'generative AI' → 100 entries, 167 kept so far
03:24:13  INFO     [IT] 'generative AI' → 100 entries, 300 kept so far
03:24:13  INFO     [FR] 'generative AI' → 100 entries, 255 kept so far
03:24:14  INFO     [DE] 'generative AI' → 100 entries, 266 kept so far
03:24:14  INFO     [ES] 'generative AI' → 100 entries, 232 kept so far
03:24:14  INFO     [PL] +80 new articles saved
03:24:14  INFO     [IT] +163 new articles saved
03:24:14  INFO     [FR] +103 new articles saved
03:24:15  INFO     [DE] +159 new articles saved
03:24:15  INFO     [ES] +111 new articles saved
03:24:15  INFO     [NL] 'artificial intelligence' → 100 entries, 17 kept so far
03:24:15  INFO     [BE] 'artificial intelligence' → 100 entries, 57 kept so far
03:24:15  INFO     [SE] 'artificial intelligence' → 100 entries, 10 kept so far
03:24:15  INFO     [AT] 'artificial intelligence' → 100 entries, 51 kept so far
03:24:16  INFO     [DK] 'artificial intelligence' → 100 entries, 10 kept so far
03:24:16  INFO     [NL] 'AI regulation' → 79 entries, 57 kept so far
03:24:17  INFO     [BE] 'AI regulation' → 100 entries, 144 kept so far
03:24:17  INFO     [SE] 'AI regulation' → 72 entries, 25 kept so far
03:24:17  INFO     [AT] 'AI regulation' → 97 entries, 128 kept so far
03:24:18  INFO     [DK] 'AI regulation' → 35 entries, 17 kept so far
03:24:18  INFO     [NL] 'machine learning' → 100 entries, 116 kept so far
03:24:18  INFO     [BE] 'machine learning' → 100 entries, 199 kept so far
03:24:18  INFO     [SE] 'machine learning' → 74 entries, 47 kept so far
03:24:19  INFO     [AT] 'machine learning' → 100 entries, 173 kept so far
03:24:19  INFO     [DK] 'machine learning' → 84 entries, 40 kept so far
03:24:20  INFO     [NL] 'EU AI Act' → 99 entries, 141 kept so far
03:24:20  INFO     [SE] 'EU AI Act' → 76 entries, 55 kept so far
03:24:20  INFO     [BE] 'EU AI Act' → 92 entries, 238 kept so far
03:24:20  INFO     [AT] 'EU AI Act' → 100 entries, 252 kept so far
03:24:21  INFO     [DK] 'EU AI Act' → 76 entries, 56 kept so far
03:24:21  INFO     [NL] 'generative AI' → 100 entries, 168 kept so far
03:24:21  INFO     [SE] 'generative AI' → 71 entries, 66 kept so far
03:24:22  INFO     [BE] 'generative AI' → 100 entries, 262 kept so far
03:24:22  INFO     [AT] 'generative AI' → 100 entries, 271 kept so far
03:24:22  INFO     [NL] +64 new articles saved
03:24:22  INFO     [SE] +23 new articles saved
03:24:23  INFO     [BE] +26 new articles saved
03:24:23  INFO     [DK] 'generative AI' → 100 entries, 92 kept so far
03:24:23  INFO     [FI] 'artificial intelligence' → 100 entries, 47 kept so far
03:24:23  INFO     [AT] +33 new articles saved
03:24:23  INFO     [CZ] 'artificial intelligence' → 100 entries, 23 kept so far
03:24:23  INFO     [PT] 'artificial intelligence' → 100 entries, 62 kept so far
03:24:24  INFO     [RO] 'artificial intelligence' → 100 entries, 37 kept so far
03:24:24  INFO     [DK] +28 new articles saved
03:24:25  INFO     [HU] 'artificial intelligence' → 100 entries, 23 kept so far
03:24:25  INFO     [FI] 'AI regulation' → 51 entries, 63 kept so far
03:24:25  INFO     [CZ] 'AI regulation' → 76 entries, 42 kept so far
03:24:25  INFO     [RO] 'AI regulation' → 74 entries, 45 kept so far
03:24:25  INFO     [PT] 'AI regulation' → 75 entries, 91 kept so far
03:24:26  INFO     [HU] 'AI regulation' → 78 entries, 27 kept so far
03:24:26  INFO     [FI] 'machine learning' → 92 entries, 106 kept so far
03:24:27  INFO     [CZ] 'machine learning' → 70 entries, 60 kept so far
03:24:27  INFO     [RO] 'machine learning' → 100 entries, 102 kept so far
03:24:27  INFO     [PT] 'machine learning' → 100 entries, 168 kept so far
03:24:28  INFO     [HU] 'machine learning' → 76 entries, 53 kept so far
03:24:28  INFO     [FI] 'EU AI Act' → 62 entries, 139 kept so far
03:24:28  INFO     [CZ] 'EU AI Act' → 70 entries, 71 kept so far
03:24:29  INFO     [RO] 'EU AI Act' → 77 entries, 116 kept so far
03:24:29  INFO     [PT] 'EU AI Act' → 48 entries, 176 kept so far
03:24:29  INFO     [HU] 'EU AI Act' → 76 entries, 74 kept so far
03:24:30  INFO     [CZ] 'generative AI' → 80 entries, 88 kept so far
03:24:30  INFO     [FI] 'generative AI' → 63 entries, 175 kept so far
03:24:30  INFO     [RO] 'generative AI' → 86 entries, 133 kept so far
03:24:31  INFO     [PT] 'generative AI' → 100 entries, 201 kept so far
03:24:31  INFO     [CZ] +54 new articles saved
03:24:31  INFO     [HU] 'generative AI' → 75 entries, 98 kept so far
03:24:31  INFO     [FI] +87 new articles saved
03:24:31  INFO     [RO] +61 new articles saved
03:24:31  INFO     [GR] 'artificial intelligence' → 100 entries, 46 kept so far
03:24:31  INFO     [SK] 'artificial intelligence' → 100 entries, 20 kept so far
03:24:32  INFO     [PT] +88 new articles saved
03:24:32  INFO     [HU] +50 new articles saved
03:24:32  INFO     [IE] 'artificial intelligence' → 100 entries, 66 kept so far
03:24:32  INFO     [HR] 'artificial intelligence' → 102 entries, 56 kept so far
03:24:32  INFO     [BG] 'artificial intelligence' → 69 entries, 28 kept so far
03:24:33  INFO     [GR] 'AI regulation' → 62 entries, 96 kept so far
03:24:33  INFO     [SK] 'AI regulation' → 22 entries, 24 kept so far
03:24:34  INFO     [BG] 'AI regulation' → 12 entries, 29 kept so far
03:24:34  INFO     [IE] 'AI regulation' → 100 entries, 102 kept so far
03:24:34  INFO     [HR] 'AI regulation' → 100 entries, 92 kept so far
03:24:35  INFO     [SK] 'machine learning' → 66 entries, 41 kept so far
03:24:35  INFO     [GR] 'machine learning' → 95 entries, 135 kept so far
03:24:35  INFO     [BG] 'machine learning' → 60 entries, 39 kept so far
03:24:36  INFO     [HR] 'machine learning' → 100 entries, 157 kept so far
03:24:36  INFO     [IE] 'machine learning' → 100 entries, 164 kept so far
03:24:36  INFO     [SK] 'EU AI Act' → 62 entries, 54 kept so far
03:24:36  INFO     [GR] 'EU AI Act' → 61 entries, 155 kept so far
03:24:37  INFO     [BG] 'EU AI Act' → 13 entries, 42 kept so far
03:24:37  INFO     [HR] 'EU AI Act' → 100 entries, 234 kept so far
03:24:38  INFO     [SK] 'generative AI' → 49 entries, 61 kept so far
03:24:38  INFO     [IE] 'EU AI Act' → 100 entries, 232 kept so far
03:24:38  INFO     [GR] 'generative AI' → 100 entries, 197 kept so far
03:24:38  INFO     [BG] 'generative AI' → 31 entries, 47 kept so far
03:24:39  INFO     [SK] +27 new articles saved
03:24:39  INFO     [HR] 'generative AI' → 100 entries, 306 kept so far
03:24:39  INFO     [GR] +117 new articles saved
03:24:39  INFO     [LT] 'artificial intelligence' → 83 entries, 32 kept so far
03:24:39  INFO     [BG] +24 new articles saved
03:24:40  INFO     [IE] 'generative AI' → 100 entries, 296 kept so far
03:24:40  INFO     [SI] 'artificial intelligence' → 100 entries, 48 kept so far
03:24:40  INFO     [LV] 'artificial intelligence' → 74 entries, 22 kept so far
03:24:40  INFO     [HR] +267 new articles saved
03:24:40  INFO     [LT] 'AI regulation' → 10 entries, 32 kept so far
03:24:41  INFO     [IE] +74 new articles saved
03:24:41  INFO     [EE] 'artificial intelligence' → 100 entries, 47 kept so far
03:24:41  INFO     [SI] 'AI regulation' → 4 entries, 48 kept so far
03:24:41  INFO     [LV] 'AI regulation' → 10 entries, 22 kept so far
03:24:41  INFO     [CY] 'artificial intelligence' → 100 entries, 45 kept so far
03:24:42  INFO     [LT] 'machine learning' → 28 entries, 35 kept so far
03:24:42  INFO     [EE] 'AI regulation' → 10 entries, 48 kept so far
03:24:42  INFO     [SI] 'machine learning' → 22 entries, 50 kept so far
03:24:43  INFO     [LV] 'machine learning' → 10 entries, 24 kept so far
03:24:43  INFO     [CY] 'AI regulation' → 62 entries, 95 kept so far
03:24:43  INFO     [LT] 'EU AI Act' → 22 entries, 36 kept so far
03:24:44  INFO     [SI] 'EU AI Act' → 26 entries, 54 kept so far
03:24:44  INFO     [LV] 'EU AI Act' → 8 entries, 24 kept so far
03:24:44  INFO     [EE] 'machine learning' → 13 entries, 52 kept so far
03:24:45  INFO     [CY] 'machine learning' → 93 entries, 133 kept so far
03:24:45  INFO     [LT] 'generative AI' → 25 entries, 44 kept so far
03:24:45  INFO     [SI] 'generative AI' → 13 entries, 57 kept so far
03:24:45  INFO     [LV] 'generative AI' → 6 entries, 25 kept so far
03:24:46  INFO     [EE] 'EU AI Act' → 18 entries, 55 kept so far
03:24:46  INFO     [LT] +12 new articles saved
03:24:46  INFO     [SI] +19 new articles saved
03:24:46  INFO     [LV] +11 new articles saved
03:24:46  INFO     [CY] 'EU AI Act' → 60 entries, 154 kept so far
03:24:46  INFO     [LU] 'artificial intelligence' → 102 entries, 41 kept so far
03:24:47  INFO     [MT] 'artificial intelligence' → 102 entries, 56 kept so far
03:24:47  INFO     [EE] 'generative AI' → 13 entries, 59 kept so far
03:24:48  INFO     [MT] 'AI regulation' → 100 entries, 92 kept so far
03:24:48  INFO     [CY] 'generative AI' → 100 entries, 193 kept so far
03:24:48  INFO     [EE] +22 new articles saved
03:24:48  INFO     [LU] 'AI regulation' → 100 entries, 128 kept so far
03:24:49  INFO     [CY] +2 new articles saved
03:24:49  INFO     [MT] 'machine learning' → 100 entries, 157 kept so far
03:24:50  INFO     [LU] 'machine learning' → 100 entries, 183 kept so far
03:24:51  INFO     [MT] 'EU AI Act' → 100 entries, 234 kept so far
03:24:52  INFO     [LU] 'EU AI Act' → 86 entries, 220 kept so far
03:24:52  INFO     [MT] 'generative AI' → 100 entries, 306 kept so far
03:24:53  INFO     [MT] +0 new articles saved
03:24:53  INFO     [LU] 'generative AI' → 100 entries, 252 kept so far
03:24:54  INFO     [LU] +0 new articles saved
03:24:54  INFO     Scrape complete. 1705 new articles this run.
