03:52:20  INFO     Starting scrape: 27 countries, 5 queries each
/home/runner/work/EU_AI_News/EU_AI_News/eu_ai_news_scraper.py:230: DeprecationWarning: datetime.datetime.utcnow() is deprecated and scheduled for removal in a future version. Use timezone-aware objects to represent datetimes in UTC: datetime.datetime.now(datetime.UTC).
  "scraped_at":   datetime.utcnow().isoformat(),
03:52:20  INFO     [PL] 'artificial intelligence' → 100 entries, 18 kept so far
03:52:21  INFO     [FR] 'artificial intelligence' → 102 entries, 46 kept so far
03:52:21  INFO     [DE] 'artificial intelligence' → 100 entries, 45 kept so far
03:52:21  INFO     [IT] 'artificial intelligence' → 102 entries, 25 kept so far
03:52:21  INFO     [ES] 'artificial intelligence' → 100 entries, 53 kept so far
03:52:22  INFO     [PL] 'AI regulation' → 79 entries, 78 kept so far
03:52:22  INFO     [FR] 'AI regulation' → 98 entries, 131 kept so far
03:52:22  INFO     [DE] 'AI regulation' → 100 entries, 124 kept so far
03:52:22  INFO     [ES] 'AI regulation' → 78 entries, 97 kept so far
03:52:22  INFO     [IT] 'AI regulation' → 100 entries, 117 kept so far
03:52:24  INFO     [PL] 'machine learning' → 100 entries, 127 kept so far
03:52:24  INFO     [FR] 'machine learning' → 100 entries, 183 kept so far
03:52:24  INFO     [DE] 'machine learning' → 100 entries, 176 kept so far
03:52:24  INFO     [IT] 'machine learning' → 100 entries, 187 kept so far
03:52:24  INFO     [ES] 'machine learning' → 100 entries, 171 kept so far
03:52:25  INFO     [PL] 'EU AI Act' → 77 entries, 149 kept so far
03:52:25  INFO     [FR] 'EU AI Act' → 92 entries, 221 kept so far
03:52:25  INFO     [DE] 'EU AI Act' → 100 entries, 256 kept so far
03:52:26  INFO     [IT] 'EU AI Act' → 100 entries, 235 kept so far
03:52:26  INFO     [ES] 'EU AI Act' → 79 entries, 199 kept so far
03:52:26  INFO     [PL] 'generative AI' → 100 entries, 179 kept so far
03:52:27  INFO     [FR] 'generative AI' → 100 entries, 251 kept so far
03:52:27  INFO     [DE] 'generative AI' → 100 entries, 278 kept so far
03:52:27  INFO     [IT] 'generative AI' → 100 entries, 272 kept so far
03:52:27  INFO     [ES] 'generative AI' → 100 entries, 240 kept so far
03:52:27  INFO     [PL] +99 new articles saved
03:52:28  INFO     [FR] +140 new articles saved
03:52:28  INFO     [DE] +197 new articles saved
03:52:28  INFO     [NL] 'artificial intelligence' → 100 entries, 16 kept so far
03:52:28  INFO     [IT] +184 new articles saved
03:52:28  INFO     [ES] +128 new articles saved
03:52:28  INFO     [BE] 'artificial intelligence' → 100 entries, 46 kept so far
03:52:28  INFO     [SE] 'artificial intelligence' → 100 entries, 9 kept so far
03:52:29  INFO     [AT] 'artificial intelligence' → 100 entries, 41 kept so far
03:52:29  INFO     [DK] 'artificial intelligence' → 100 entries, 16 kept so far
03:52:30  INFO     [NL] 'AI regulation' → 78 entries, 64 kept so far
03:52:30  INFO     [BE] 'AI regulation' → 96 entries, 130 kept so far
03:52:30  INFO     [SE] 'AI regulation' → 77 entries, 20 kept so far
03:52:30  INFO     [DK] 'AI regulation' → 37 entries, 23 kept so far
03:52:30  INFO     [AT] 'AI regulation' → 100 entries, 116 kept so far
03:52:31  INFO     [NL] 'machine learning' → 100 entries, 113 kept so far
03:52:31  INFO     [SE] 'machine learning' → 80 entries, 41 kept so far
03:52:31  INFO     [BE] 'machine learning' → 100 entries, 183 kept so far
03:52:32  INFO     [DK] 'machine learning' → 88 entries, 42 kept so far
03:52:32  INFO     [AT] 'machine learning' → 100 entries, 166 kept so far
03:52:33  INFO     [NL] 'EU AI Act' → 100 entries, 145 kept so far
03:52:33  INFO     [SE] 'EU AI Act' → 73 entries, 50 kept so far
03:52:33  INFO     [BE] 'EU AI Act' → 96 entries, 225 kept so far
03:52:33  INFO     [DK] 'EU AI Act' → 75 entries, 59 kept so far
03:52:33  INFO     [AT] 'EU AI Act' → 100 entries, 252 kept so far
03:52:34  INFO     [NL] 'generative AI' → 100 entries, 177 kept so far
03:52:34  INFO     [SE] 'generative AI' → 79 entries, 59 kept so far
03:52:35  INFO     [BE] 'generative AI' → 100 entries, 249 kept so far
03:52:35  INFO     [DK] 'generative AI' → 100 entries, 91 kept so far
03:52:35  INFO     [AT] 'generative AI' → 100 entries, 277 kept so far
03:52:35  INFO     [NL] +88 new articles saved
03:52:35  INFO     [SE] +27 new articles saved
03:52:36  INFO     [FI] 'artificial intelligence' → 100 entries, 56 kept so far
03:52:36  INFO     [BE] +14 new articles saved
03:52:36  INFO     [DK] +34 new articles saved
03:52:36  INFO     [PT] 'artificial intelligence' → 100 entries, 56 kept so far
03:52:36  INFO     [AT] +60 new articles saved
03:52:36  INFO     [CZ] 'artificial intelligence' → 100 entries, 16 kept so far
03:52:36  INFO     [RO] 'artificial intelligence' → 100 entries, 42 kept so far
03:52:37  INFO     [HU] 'artificial intelligence' → 100 entries, 20 kept so far
03:52:37  INFO     [FI] 'AI regulation' → 47 entries, 67 kept so far
03:52:38  INFO     [PT] 'AI regulation' → 79 entries, 90 kept so far
03:52:38  INFO     [CZ] 'AI regulation' → 77 entries, 39 kept so far
03:52:38  INFO     [RO] 'AI regulation' → 79 entries, 55 kept so far
03:52:38  INFO     [HU] 'AI regulation' → 78 entries, 25 kept so far
03:52:39  INFO     [FI] 'machine learning' → 90 entries, 116 kept so far
03:52:39  INFO     [CZ] 'machine learning' → 82 entries, 62 kept so far
03:52:39  INFO     [RO] 'machine learning' → 100 entries, 113 kept so far
03:52:39  INFO     [HU] 'machine learning' → 69 entries, 51 kept so far
03:52:40  INFO     [PT] 'machine learning' → 100 entries, 171 kept so far
03:52:40  INFO     [FI] 'EU AI Act' → 65 entries, 157 kept so far
03:52:41  INFO     [CZ] 'EU AI Act' → 75 entries, 79 kept so far
03:52:41  INFO     [RO] 'EU AI Act' → 78 entries, 139 kept so far
03:52:41  INFO     [HU] 'EU AI Act' → 79 entries, 76 kept so far
03:52:41  INFO     [PT] 'EU AI Act' → 64 entries, 184 kept so far
03:52:41  INFO     [FI] 'generative AI' → 67 entries, 199 kept so far
03:52:42  INFO     [CZ] 'generative AI' → 77 entries, 100 kept so far
03:52:42  INFO     [HU] 'generative AI' → 79 entries, 99 kept so far
03:52:42  INFO     [RO] 'generative AI' → 91 entries, 168 kept so far
03:52:43  INFO     [FI] +111 new articles saved
03:52:43  INFO     [PT] 'generative AI' → 100 entries, 212 kept so far
03:52:43  INFO     [CZ] +67 new articles saved
03:52:43  INFO     [GR] 'artificial intelligence' → 100 entries, 42 kept so far
03:52:43  INFO     [SK] 'artificial intelligence' → 100 entries, 22 kept so far
03:52:44  INFO     [HU] +61 new articles saved
03:52:44  INFO     [RO] +101 new articles saved
03:52:44  INFO     [PT] +129 new articles saved
03:52:44  INFO     [HR] 'artificial intelligence' → 102 entries, 49 kept so far
03:52:44  INFO     [IE] 'artificial intelligence' → 100 entries, 50 kept so far
03:52:44  INFO     [BG] 'artificial intelligence' → 84 entries, 35 kept so far
03:52:45  INFO     [GR] 'AI regulation' → 67 entries, 90 kept so far
03:52:45  INFO     [SK] 'AI regulation' → 18 entries, 25 kept so far
03:52:46  INFO     [HR] 'AI regulation' → 102 entries, 80 kept so far
03:52:46  INFO     [IE] 'AI regulation' → 100 entries, 81 kept so far
03:52:46  INFO     [BG] 'AI regulation' → 12 entries, 36 kept so far
03:52:46  INFO     [GR] 'machine learning' → 100 entries, 130 kept so far
03:52:46  INFO     [SK] 'machine learning' → 56 entries, 38 kept so far
03:52:47  INFO     [HR] 'machine learning' → 100 entries, 137 kept so far
03:52:47  INFO     [BG] 'machine learning' → 61 entries, 44 kept so far
03:52:47  INFO     [IE] 'machine learning' → 100 entries, 140 kept so far
03:52:48  INFO     [GR] 'EU AI Act' → 55 entries, 147 kept so far
03:52:48  INFO     [SK] 'EU AI Act' → 60 entries, 47 kept so far
03:52:48  INFO     [BG] 'EU AI Act' → 16 entries, 47 kept so far
03:52:49  INFO     [HR] 'EU AI Act' → 100 entries, 220 kept so far
03:52:49  INFO     [GR] 'generative AI' → 100 entries, 195 kept so far
03:52:49  INFO     [IE] 'EU AI Act' → 100 entries, 210 kept so far
03:52:49  INFO     [SK] 'generative AI' → 43 entries, 55 kept so far
03:52:50  INFO     [BG] 'generative AI' → 32 entries, 52 kept so far
03:52:50  INFO     [GR] +123 new articles saved
03:52:50  INFO     [SK] +25 new articles saved
03:52:50  INFO     [HR] 'generative AI' → 100 entries, 285 kept so far
03:52:50  INFO     [LT] 'artificial intelligence' → 85 entries, 30 kept so far
03:52:50  INFO     [SI] 'artificial intelligence' → 100 entries, 57 kept so far
03:52:51  INFO     [IE] 'generative AI' → 100 entries, 272 kept so far
03:52:51  INFO     [BG] +28 new articles saved
03:52:51  INFO     [HR] +248 new articles saved
03:52:51  INFO     [LV] 'artificial intelligence' → 64 entries, 18 kept so far
03:52:52  INFO     [IE] +97 new articles saved
03:52:52  INFO     [EE] 'artificial intelligence' → 100 entries, 52 kept so far
03:52:52  INFO     [LT] 'AI regulation' → 9 entries, 30 kept so far
03:52:52  INFO     [SI] 'AI regulation' → 3 entries, 57 kept so far
03:52:52  INFO     [CY] 'artificial intelligence' → 100 entries, 44 kept so far
03:52:53  INFO     [LV] 'AI regulation' → 7 entries, 18 kept so far
03:52:53  INFO     [LT] 'machine learning' → 23 entries, 33 kept so far
03:52:53  INFO     [SI] 'machine learning' → 19 entries, 58 kept so far
03:52:53  INFO     [EE] 'AI regulation' → 6 entries, 53 kept so far
03:52:54  INFO     [CY] 'AI regulation' → 68 entries, 92 kept so far
03:52:54  INFO     [LV] 'machine learning' → 12 entries, 21 kept so far
03:52:54  INFO     [LT] 'EU AI Act' → 17 entries, 34 kept so far
03:52:54  INFO     [EE] 'machine learning' → 15 entries, 55 kept so far
03:52:54  INFO     [SI] 'EU AI Act' → 24 entries, 63 kept so far
03:52:55  INFO     [LV] 'EU AI Act' → 6 entries, 21 kept so far
03:52:55  INFO     [CY] 'machine learning' → 100 entries, 134 kept so far
03:52:56  INFO     [LT] 'generative AI' → 18 entries, 41 kept so far
03:52:56  INFO     [SI] 'generative AI' → 13 entries, 65 kept so far
03:52:56  INFO     [EE] 'EU AI Act' → 10 entries, 56 kept so far
03:52:56  INFO     [LV] 'generative AI' → 9 entries, 23 kept so far
03:52:57  INFO     [CY] 'EU AI Act' → 55 entries, 151 kept so far
03:52:57  INFO     [LT] +16 new articles saved
03:52:57  INFO     [SI] +31 new articles saved
03:52:57  INFO     [MT] 'artificial intelligence' → 102 entries, 49 kept so far
03:52:57  INFO     [LU] 'artificial intelligence' → 102 entries, 46 kept so far
03:52:57  INFO     [EE] 'generative AI' → 11 entries, 59 kept so far
03:52:57  INFO     [LV] +9 new articles saved
03:52:58  INFO     [MT] 'AI regulation' → 102 entries, 80 kept so far
03:52:58  INFO     [CY] 'generative AI' → 100 entries, 199 kept so far
03:52:58  INFO     [EE] +32 new articles saved
03:52:59  INFO     [LU] 'AI regulation' → 97 entries, 131 kept so far
03:52:59  INFO     [MT] 'machine learning' → 100 entries, 137 kept so far
03:52:59  INFO     [CY] +13 new articles saved
03:53:00  INFO     [LU] 'machine learning' → 100 entries, 181 kept so far
03:53:00  INFO     [MT] 'EU AI Act' → 100 entries, 220 kept so far
03:53:01  INFO     [MT] 'generative AI' → 100 entries, 285 kept so far
03:53:02  INFO     [LU] 'EU AI Act' → 92 entries, 219 kept so far
03:53:02  INFO     [MT] +0 new articles saved
03:53:03  INFO     [LU] 'generative AI' → 100 entries, 249 kept so far
03:53:04  INFO     [LU] +0 new articles saved
03:53:04  INFO     Scrape complete. 2062 new articles this run.
