16:37:14  INFO     Starting scrape: 27 countries, 5 queries each
/home/runner/work/EU_AI_News/EU_AI_News/eu_ai_news_scraper.py:230: DeprecationWarning: datetime.datetime.utcnow() is deprecated and scheduled for removal in a future version. Use timezone-aware objects to represent datetimes in UTC: datetime.datetime.now(datetime.UTC).
  "scraped_at":   datetime.utcnow().isoformat(),
16:37:14  INFO     [FR] 'artificial intelligence' → 99 entries, 42 kept so far
16:37:15  INFO     [DE] 'artificial intelligence' → 100 entries, 37 kept so far
16:37:15  INFO     [PL] 'artificial intelligence' → 100 entries, 13 kept so far
16:37:15  INFO     [IT] 'artificial intelligence' → 100 entries, 32 kept so far
16:37:15  INFO     [ES] 'artificial intelligence' → 100 entries, 46 kept so far
16:37:16  INFO     [FR] 'AI regulation' → 100 entries, 132 kept so far
16:37:16  INFO     [PL] 'AI regulation' → 79 entries, 74 kept so far
16:37:16  INFO     [DE] 'AI regulation' → 100 entries, 115 kept so far
16:37:16  INFO     [IT] 'AI regulation' → 100 entries, 121 kept so far
16:37:16  INFO     [ES] 'AI regulation' → 78 entries, 83 kept so far
16:37:18  INFO     [FR] 'machine learning' → 100 entries, 181 kept so far
16:37:18  INFO     [DE] 'machine learning' → 100 entries, 167 kept so far
16:37:18  INFO     [PL] 'machine learning' → 100 entries, 121 kept so far
16:37:18  INFO     [IT] 'machine learning' → 100 entries, 195 kept so far
16:37:18  INFO     [ES] 'machine learning' → 100 entries, 154 kept so far
16:37:19  INFO     [FR] 'EU AI Act' → 78 entries, 214 kept so far
16:37:20  INFO     [DE] 'EU AI Act' → 100 entries, 237 kept so far
16:37:20  INFO     [PL] 'EU AI Act' → 77 entries, 140 kept so far
16:37:20  INFO     [ES] 'EU AI Act' → 78 entries, 180 kept so far
16:37:20  INFO     [IT] 'EU AI Act' → 100 entries, 248 kept so far
16:37:21  INFO     [DE] 'generative AI' → 100 entries, 265 kept so far
16:37:21  INFO     [FR] 'generative AI' → 100 entries, 242 kept so far
16:37:21  INFO     [PL] 'generative AI' → 100 entries, 167 kept so far
16:37:22  INFO     [IT] 'generative AI' → 100 entries, 292 kept so far
16:37:22  INFO     [ES] 'generative AI' → 100 entries, 229 kept so far
16:37:22  INFO     [DE] +179 new articles saved
16:37:22  INFO     [FR] +138 new articles saved
16:37:23  INFO     [PL] +91 new articles saved
16:37:23  INFO     [IT] +196 new articles saved
16:37:23  INFO     [ES] +124 new articles saved
16:37:23  INFO     [NL] 'artificial intelligence' → 99 entries, 14 kept so far
16:37:23  INFO     [BE] 'artificial intelligence' → 100 entries, 55 kept so far
16:37:23  INFO     [SE] 'artificial intelligence' → 100 entries, 14 kept so far
16:37:24  INFO     [AT] 'artificial intelligence' → 100 entries, 33 kept so far
16:37:24  INFO     [DK] 'artificial intelligence' → 100 entries, 15 kept so far
16:37:25  INFO     [NL] 'AI regulation' → 78 entries, 60 kept so far
16:37:25  INFO     [AT] 'AI regulation' → 100 entries, 110 kept so far
16:37:26  INFO     [BE] 'AI regulation' → 99 entries, 144 kept so far
16:37:26  INFO     [SE] 'AI regulation' → 77 entries, 23 kept so far
16:37:26  INFO     [DK] 'AI regulation' → 35 entries, 20 kept so far
16:37:26  INFO     [NL] 'machine learning' → 100 entries, 106 kept so far
16:37:27  INFO     [AT] 'machine learning' → 100 entries, 163 kept so far
16:37:27  INFO     [SE] 'machine learning' → 83 entries, 51 kept so far
16:37:27  INFO     [BE] 'machine learning' → 100 entries, 194 kept so far
16:37:28  INFO     [DK] 'machine learning' → 78 entries, 40 kept so far
16:37:28  INFO     [NL] 'EU AI Act' → 100 entries, 137 kept so far
16:37:29  INFO     [AT] 'EU AI Act' → 100 entries, 244 kept so far
16:37:29  INFO     [SE] 'EU AI Act' → 70 entries, 59 kept so far
16:37:29  INFO     [BE] 'EU AI Act' → 83 entries, 229 kept so far
16:37:29  INFO     [DK] 'EU AI Act' → 76 entries, 55 kept so far
16:37:30  INFO     [NL] 'generative AI' → 100 entries, 167 kept so far
16:37:31  INFO     [SE] 'generative AI' → 72 entries, 69 kept so far
16:37:31  INFO     [AT] 'generative AI' → 100 entries, 280 kept so far
16:37:31  INFO     [BE] 'generative AI' → 100 entries, 254 kept so far
16:37:31  INFO     [NL] +82 new articles saved
16:37:31  INFO     [DK] 'generative AI' → 99 entries, 87 kept so far
16:37:32  INFO     [SE] +35 new articles saved
16:37:32  INFO     [AT] +74 new articles saved
16:37:32  INFO     [FI] 'artificial intelligence' → 100 entries, 64 kept so far
16:37:32  INFO     [BE] +27 new articles saved
16:37:32  INFO     [DK] +31 new articles saved
16:37:32  INFO     [CZ] 'artificial intelligence' → 100 entries, 15 kept so far
16:37:32  INFO     [PT] 'artificial intelligence' → 100 entries, 65 kept so far
16:37:35  INFO     [RO] 'artificial intelligence' → 100 entries, 45 kept so far
16:37:35  INFO     [HU] 'artificial intelligence' → 100 entries, 19 kept so far
16:37:35  INFO     [FI] 'AI regulation' → 63 entries, 75 kept so far
16:37:36  INFO     [PT] 'AI regulation' → 79 entries, 104 kept so far
16:37:36  INFO     [CZ] 'AI regulation' → 78 entries, 38 kept so far
16:37:36  INFO     [RO] 'AI regulation' → 75 entries, 56 kept so far
16:37:36  INFO     [HU] 'AI regulation' → 79 entries, 23 kept so far
16:37:37  INFO     [FI] 'machine learning' → 86 entries, 118 kept so far
16:37:37  INFO     [CZ] 'machine learning' → 77 entries, 59 kept so far
16:37:38  INFO     [RO] 'machine learning' → 100 entries, 110 kept so far
16:37:38  INFO     [HU] 'machine learning' → 74 entries, 45 kept so far
16:37:39  INFO     [PT] 'machine learning' → 100 entries, 183 kept so far
16:37:39  INFO     [FI] 'EU AI Act' → 67 entries, 160 kept so far
16:37:39  INFO     [CZ] 'EU AI Act' → 75 entries, 74 kept so far
16:37:40  INFO     [RO] 'EU AI Act' → 78 entries, 137 kept so far
16:37:40  INFO     [HU] 'EU AI Act' → 79 entries, 71 kept so far
16:37:41  INFO     [PT] 'EU AI Act' → 63 entries, 199 kept so far
16:37:41  INFO     [CZ] 'generative AI' → 75 entries, 94 kept so far
16:37:41  INFO     [FI] 'generative AI' → 63 entries, 198 kept so far
16:37:41  INFO     [HU] 'generative AI' → 72 entries, 91 kept so far
16:37:41  INFO     [RO] 'generative AI' → 97 entries, 162 kept so far
16:37:42  INFO     [CZ] +62 new articles saved
16:37:42  INFO     [FI] +104 new articles saved
16:37:42  INFO     [PT] 'generative AI' → 100 entries, 228 kept so far
16:37:42  INFO     [HU] +57 new articles saved
16:37:42  INFO     [RO] +96 new articles saved
16:37:42  INFO     [SK] 'artificial intelligence' → 100 entries, 24 kept so far
16:37:43  INFO     [GR] 'artificial intelligence' → 100 entries, 43 kept so far
16:37:43  INFO     [HR] 'artificial intelligence' → 102 entries, 58 kept so far
16:37:43  INFO     [IE] 'artificial intelligence' → 100 entries, 53 kept so far
16:37:43  INFO     [PT] +142 new articles saved
16:37:44  INFO     [BG] 'artificial intelligence' → 77 entries, 34 kept so far
16:37:44  INFO     [SK] 'AI regulation' → 22 entries, 25 kept so far
16:37:44  INFO     [GR] 'AI regulation' → 67 entries, 93 kept so far
16:37:45  INFO     [HR] 'AI regulation' → 100 entries, 116 kept so far
16:37:45  INFO     [IE] 'AI regulation' → 100 entries, 109 kept so far
16:37:45  INFO     [BG] 'AI regulation' → 19 entries, 37 kept so far
16:37:46  INFO     [SK] 'machine learning' → 58 entries, 39 kept so far
16:37:46  INFO     [GR] 'machine learning' → 100 entries, 134 kept so far
16:37:46  INFO     [HR] 'machine learning' → 100 entries, 193 kept so far
16:37:47  INFO     [BG] 'machine learning' → 59 entries, 47 kept so far
16:37:47  INFO     [IE] 'machine learning' → 100 entries, 182 kept so far
16:37:47  INFO     [SK] 'EU AI Act' → 75 entries, 50 kept so far
16:37:48  INFO     [GR] 'EU AI Act' → 58 entries, 152 kept so far
16:37:48  INFO     [HR] 'EU AI Act' → 100 entries, 277 kept so far
16:37:48  INFO     [BG] 'EU AI Act' → 20 entries, 50 kept so far
16:37:49  INFO     [SK] 'generative AI' → 44 entries, 59 kept so far
16:37:49  INFO     [IE] 'EU AI Act' → 100 entries, 257 kept so far
16:37:50  INFO     [GR] 'generative AI' → 100 entries, 194 kept so far
16:37:50  INFO     [SK] +27 new articles saved
16:37:50  INFO     [BG] 'generative AI' → 31 entries, 57 kept so far
16:37:50  INFO     [HR] 'generative AI' → 100 entries, 351 kept so far
16:37:50  INFO     [LT] 'artificial intelligence' → 74 entries, 25 kept so far
16:37:51  INFO     [GR] +127 new articles saved
16:37:51  INFO     [BG] +33 new articles saved
16:37:51  INFO     [IE] 'generative AI' → 100 entries, 328 kept so far
16:37:51  INFO     [HR] +306 new articles saved
16:37:51  INFO     [SI] 'artificial intelligence' → 100 entries, 50 kept so far
16:37:51  INFO     [LV] 'artificial intelligence' → 68 entries, 20 kept so far
16:37:52  INFO     [EE] 'artificial intelligence' → 94 entries, 50 kept so far
16:37:52  INFO     [LT] 'AI regulation' → 6 entries, 25 kept so far
16:37:52  INFO     [IE] +111 new articles saved
16:37:53  INFO     [SI] 'AI regulation' → 3 entries, 50 kept so far
16:37:53  INFO     [LV] 'AI regulation' → 7 entries, 20 kept so far
16:37:53  INFO     [CY] 'artificial intelligence' → 100 entries, 43 kept so far
16:37:53  INFO     [LT] 'machine learning' → 28 entries, 29 kept so far
16:37:53  INFO     [EE] 'AI regulation' → 6 entries, 51 kept so far
16:37:54  INFO     [SI] 'machine learning' → 20 entries, 50 kept so far
16:37:54  INFO     [LV] 'machine learning' → 12 entries, 23 kept so far
16:37:55  INFO     [CY] 'AI regulation' → 67 entries, 91 kept so far
16:37:55  INFO     [LT] 'EU AI Act' → 18 entries, 29 kept so far
16:37:55  INFO     [EE] 'machine learning' → 16 entries, 53 kept so far
16:37:55  INFO     [LV] 'EU AI Act' → 8 entries, 23 kept so far
16:37:56  INFO     [SI] 'EU AI Act' → 24 entries, 54 kept so far
16:37:56  INFO     [LT] 'generative AI' → 17 entries, 35 kept so far
16:37:56  INFO     [EE] 'EU AI Act' → 11 entries, 55 kept so far
16:37:56  INFO     [CY] 'machine learning' → 100 entries, 132 kept so far
16:37:57  INFO     [LV] 'generative AI' → 9 entries, 24 kept so far
16:37:57  INFO     [SI] 'generative AI' → 15 entries, 55 kept so far
16:37:57  INFO     [LT] +11 new articles saved
16:37:58  INFO     [LV] +11 new articles saved
16:37:58  INFO     [EE] 'generative AI' → 10 entries, 58 kept so far
16:37:58  INFO     [LU] 'artificial intelligence' → 101 entries, 43 kept so far
16:37:58  INFO     [CY] 'EU AI Act' → 58 entries, 150 kept so far
16:37:58  INFO     [SI] +21 new articles saved
16:37:58  INFO     [MT] 'artificial intelligence' → 102 entries, 58 kept so far
16:37:59  INFO     [EE] +31 new articles saved
16:37:59  INFO     [MT] 'AI regulation' → 100 entries, 116 kept so far
16:38:00  INFO     [CY] 'generative AI' → 100 entries, 192 kept so far
16:38:00  INFO     [LU] 'AI regulation' → 100 entries, 133 kept so far
16:38:01  INFO     [MT] 'machine learning' → 100 entries, 193 kept so far
16:38:01  INFO     [CY] +2 new articles saved
16:38:02  INFO     [MT] 'EU AI Act' → 100 entries, 277 kept so far
16:38:02  INFO     [LU] 'machine learning' → 100 entries, 182 kept so far
16:38:03  INFO     [MT] 'generative AI' → 100 entries, 351 kept so far
16:38:04  INFO     [LU] 'EU AI Act' → 79 entries, 216 kept so far
16:38:04  INFO     [MT] +0 new articles saved
16:38:06  INFO     [LU] 'generative AI' → 100 entries, 244 kept so far
16:38:07  INFO     [LU] +0 new articles saved
16:38:07  INFO     Scrape complete. 2118 new articles this run.
