12:52:31  INFO     Starting scrape: 27 countries, 5 queries each
/home/runner/work/EU_AI_News/EU_AI_News/eu_ai_news_scraper.py:230: DeprecationWarning: datetime.datetime.utcnow() is deprecated and scheduled for removal in a future version. Use timezone-aware objects to represent datetimes in UTC: datetime.datetime.now(datetime.UTC).
  "scraped_at":   datetime.utcnow().isoformat(),
12:52:32  INFO     [IT] 'artificial intelligence' → 100 entries, 42 kept so far
12:52:32  INFO     [FR] 'artificial intelligence' → 100 entries, 60 kept so far
12:52:32  INFO     [DE] 'artificial intelligence' → 104 entries, 54 kept so far
12:52:32  INFO     [PL] 'artificial intelligence' → 100 entries, 18 kept so far
12:52:32  INFO     [ES] 'artificial intelligence' → 100 entries, 60 kept so far
12:52:33  INFO     [FR] 'AI regulation' → 100 entries, 150 kept so far
12:52:33  INFO     [IT] 'AI regulation' → 100 entries, 130 kept so far
12:52:33  INFO     [DE] 'AI regulation' → 100 entries, 134 kept so far
12:52:34  INFO     [PL] 'AI regulation' → 78 entries, 80 kept so far
12:52:34  INFO     [ES] 'AI regulation' → 78 entries, 104 kept so far
12:52:35  INFO     [FR] 'machine learning' → 100 entries, 211 kept so far
12:52:35  INFO     [IT] 'machine learning' → 100 entries, 208 kept so far
12:52:35  INFO     [DE] 'machine learning' → 100 entries, 186 kept so far
12:52:35  INFO     [PL] 'machine learning' → 100 entries, 125 kept so far
12:52:35  INFO     [ES] 'machine learning' → 100 entries, 176 kept so far
12:52:37  INFO     [FR] 'EU AI Act' → 100 entries, 258 kept so far
12:52:37  INFO     [IT] 'EU AI Act' → 100 entries, 271 kept so far
12:52:37  INFO     [DE] 'EU AI Act' → 100 entries, 260 kept so far
12:52:37  INFO     [PL] 'EU AI Act' → 78 entries, 142 kept so far
12:52:37  INFO     [ES] 'EU AI Act' → 77 entries, 204 kept so far
12:52:38  INFO     [FR] 'generative AI' → 100 entries, 283 kept so far
12:52:38  INFO     [IT] 'generative AI' → 100 entries, 315 kept so far
12:52:39  INFO     [PL] 'generative AI' → 100 entries, 173 kept so far
12:52:39  INFO     [DE] 'generative AI' → 100 entries, 283 kept so far
12:52:39  INFO     [ES] 'generative AI' → 100 entries, 246 kept so far
12:52:39  INFO     [FR] +184 new articles saved
12:52:40  INFO     [IT] +215 new articles saved
12:52:40  INFO     [PL] +101 new articles saved
12:52:40  INFO     [DE] +212 new articles saved
12:52:40  INFO     [NL] 'artificial intelligence' → 100 entries, 13 kept so far
12:52:40  INFO     [ES] +168 new articles saved
12:52:40  INFO     [BE] 'artificial intelligence' → 100 entries, 69 kept so far
12:52:40  INFO     [SE] 'artificial intelligence' → 100 entries, 9 kept so far
12:52:40  INFO     [AT] 'artificial intelligence' → 100 entries, 51 kept so far
12:52:41  INFO     [DK] 'artificial intelligence' → 100 entries, 23 kept so far
12:52:41  INFO     [NL] 'AI regulation' → 79 entries, 61 kept so far
12:52:42  INFO     [BE] 'AI regulation' → 100 entries, 158 kept so far
12:52:42  INFO     [SE] 'AI regulation' → 78 entries, 25 kept so far
12:52:42  INFO     [AT] 'AI regulation' → 100 entries, 129 kept so far
12:52:42  INFO     [DK] 'AI regulation' → 47 entries, 29 kept so far
12:52:43  INFO     [NL] 'machine learning' → 100 entries, 109 kept so far
12:52:44  INFO     [SE] 'machine learning' → 86 entries, 45 kept so far
12:52:44  INFO     [BE] 'machine learning' → 100 entries, 219 kept so far
12:52:44  INFO     [AT] 'machine learning' → 100 entries, 186 kept so far
12:52:44  INFO     [DK] 'machine learning' → 82 entries, 49 kept so far
12:52:45  INFO     [NL] 'EU AI Act' → 100 entries, 142 kept so far
12:52:45  INFO     [SE] 'EU AI Act' → 64 entries, 54 kept so far
12:52:46  INFO     [BE] 'EU AI Act' → 100 entries, 265 kept so far
12:52:46  INFO     [DK] 'EU AI Act' → 75 entries, 63 kept so far
12:52:46  INFO     [AT] 'EU AI Act' → 100 entries, 261 kept so far
12:52:46  INFO     [NL] 'generative AI' → 100 entries, 174 kept so far
12:52:47  INFO     [SE] 'generative AI' → 80 entries, 69 kept so far
12:52:47  INFO     [BE] 'generative AI' → 100 entries, 291 kept so far
12:52:47  INFO     [AT] 'generative AI' → 100 entries, 286 kept so far
12:52:47  INFO     [DK] 'generative AI' → 90 entries, 90 kept so far
12:52:48  INFO     [NL] +96 new articles saved
12:52:48  INFO     [SE] +40 new articles saved
12:52:48  INFO     [FI] 'artificial intelligence' → 100 entries, 59 kept so far
12:52:48  INFO     [BE] +32 new articles saved
12:52:48  INFO     [AT] +41 new articles saved
12:52:48  INFO     [DK] +49 new articles saved
12:52:49  INFO     [PT] 'artificial intelligence' → 100 entries, 55 kept so far
12:52:49  INFO     [CZ] 'artificial intelligence' → 100 entries, 19 kept so far
12:52:49  INFO     [HU] 'artificial intelligence' → 100 entries, 19 kept so far
12:52:49  INFO     [RO] 'artificial intelligence' → 100 entries, 36 kept so far
12:52:50  INFO     [FI] 'AI regulation' → 60 entries, 74 kept so far
12:52:51  INFO     [PT] 'AI regulation' → 77 entries, 91 kept so far
12:52:51  INFO     [CZ] 'AI regulation' → 77 entries, 41 kept so far
12:52:51  INFO     [HU] 'AI regulation' → 78 entries, 22 kept so far
12:52:51  INFO     [RO] 'AI regulation' → 78 entries, 46 kept so far
12:52:52  INFO     [FI] 'machine learning' → 98 entries, 120 kept so far
12:52:52  INFO     [PT] 'machine learning' → 100 entries, 164 kept so far
12:52:52  INFO     [CZ] 'machine learning' → 76 entries, 62 kept so far
12:52:52  INFO     [HU] 'machine learning' → 75 entries, 44 kept so far
12:52:53  INFO     [RO] 'machine learning' → 100 entries, 105 kept so far
12:52:54  INFO     [FI] 'EU AI Act' → 64 entries, 156 kept so far
12:52:54  INFO     [CZ] 'EU AI Act' → 75 entries, 80 kept so far
12:52:54  INFO     [PT] 'EU AI Act' → 78 entries, 180 kept so far
12:52:54  INFO     [HU] 'EU AI Act' → 79 entries, 68 kept so far
12:52:54  INFO     [RO] 'EU AI Act' → 76 entries, 129 kept so far
12:52:55  INFO     [FI] 'generative AI' → 72 entries, 198 kept so far
12:52:56  INFO     [CZ] 'generative AI' → 76 entries, 101 kept so far
12:52:56  INFO     [HU] 'generative AI' → 70 entries, 92 kept so far
12:52:56  INFO     [RO] 'generative AI' → 100 entries, 153 kept so far
12:52:56  INFO     [PT] 'generative AI' → 100 entries, 218 kept so far
12:52:56  INFO     [FI] +116 new articles saved
12:52:57  INFO     [CZ] +71 new articles saved
12:52:57  INFO     [HU] +55 new articles saved
12:52:57  INFO     [GR] 'artificial intelligence' → 100 entries, 45 kept so far
12:52:57  INFO     [RO] +102 new articles saved
12:52:57  INFO     [PT] +151 new articles saved
12:52:57  INFO     [SK] 'artificial intelligence' → 100 entries, 23 kept so far
12:52:57  INFO     [IE] 'artificial intelligence' → 100 entries, 68 kept so far
12:52:57  INFO     [BG] 'artificial intelligence' → 100 entries, 45 kept so far
12:52:58  INFO     [HR] 'artificial intelligence' → 102 entries, 70 kept so far
12:52:58  INFO     [GR] 'AI regulation' → 72 entries, 96 kept so far
12:52:59  INFO     [SK] 'AI regulation' → 51 entries, 29 kept so far
12:52:59  INFO     [BG] 'AI regulation' → 11 entries, 45 kept so far
12:52:59  INFO     [IE] 'AI regulation' → 100 entries, 115 kept so far
12:53:00  INFO     [HR] 'AI regulation' → 100 entries, 112 kept so far
12:53:00  INFO     [GR] 'machine learning' → 100 entries, 135 kept so far
12:53:00  INFO     [SK] 'machine learning' → 58 entries, 42 kept so far
12:53:01  INFO     [BG] 'machine learning' → 57 entries, 52 kept so far
12:53:01  INFO     [IE] 'machine learning' → 100 entries, 179 kept so far
12:53:01  INFO     [HR] 'machine learning' → 100 entries, 169 kept so far
12:53:02  INFO     [GR] 'EU AI Act' → 63 entries, 153 kept so far
12:53:02  INFO     [BG] 'EU AI Act' → 20 entries, 58 kept so far
12:53:02  INFO     [SK] 'EU AI Act' → 62 entries, 53 kept so far
12:53:03  INFO     [HR] 'EU AI Act' → 100 entries, 256 kept so far
12:53:03  INFO     [IE] 'EU AI Act' → 100 entries, 260 kept so far
12:53:03  INFO     [GR] 'generative AI' → 100 entries, 202 kept so far
12:53:03  INFO     [BG] 'generative AI' → 34 entries, 64 kept so far
12:53:04  INFO     [SK] 'generative AI' → 45 entries, 62 kept so far
12:53:04  INFO     [GR] +142 new articles saved
12:53:04  INFO     [BG] +42 new articles saved
12:53:05  INFO     [SK] +36 new articles saved
12:53:05  INFO     [HR] 'generative AI' → 100 entries, 319 kept so far
12:53:05  INFO     [LT] 'artificial intelligence' → 85 entries, 27 kept so far
12:53:05  INFO     [SI] 'artificial intelligence' → 100 entries, 43 kept so far
12:53:05  INFO     [IE] 'generative AI' → 100 entries, 319 kept so far
12:53:05  INFO     [LV] 'artificial intelligence' → 63 entries, 23 kept so far
12:53:06  INFO     [HR] +307 new articles saved
12:53:06  INFO     [IE] +112 new articles saved
12:53:06  INFO     [LT] 'AI regulation' → 11 entries, 27 kept so far
12:53:07  INFO     [SI] 'AI regulation' → 6 entries, 43 kept so far
12:53:07  INFO     [LV] 'AI regulation' → 4 entries, 23 kept so far
12:53:07  INFO     [EE] 'artificial intelligence' → 89 entries, 39 kept so far
12:53:07  INFO     [CY] 'artificial intelligence' → 100 entries, 45 kept so far
12:53:08  INFO     [LT] 'machine learning' → 37 entries, 32 kept so far
12:53:08  INFO     [SI] 'machine learning' → 22 entries, 45 kept so far
12:53:08  INFO     [EE] 'AI regulation' → 8 entries, 39 kept so far
12:53:09  INFO     [CY] 'AI regulation' → 71 entries, 95 kept so far
12:53:09  INFO     [LV] 'machine learning' → 15 entries, 26 kept so far
12:53:09  INFO     [LT] 'EU AI Act' → 21 entries, 33 kept so far
12:53:09  INFO     [SI] 'EU AI Act' → 25 entries, 50 kept so far
12:53:10  INFO     [EE] 'machine learning' → 15 entries, 40 kept so far
12:53:10  INFO     [LV] 'EU AI Act' → 8 entries, 26 kept so far
12:53:10  INFO     [CY] 'machine learning' → 100 entries, 134 kept so far
12:53:11  INFO     [LT] 'generative AI' → 17 entries, 39 kept so far
12:53:11  INFO     [SI] 'generative AI' → 13 entries, 51 kept so far
12:53:11  INFO     [EE] 'EU AI Act' → 14 entries, 42 kept so far
12:53:11  INFO     [LV] 'generative AI' → 9 entries, 27 kept so far
12:53:12  INFO     [LT] +18 new articles saved
12:53:12  INFO     [SI] +24 new articles saved
12:53:12  INFO     [MT] 'artificial intelligence' → 102 entries, 70 kept so far
12:53:12  INFO     [CY] 'EU AI Act' → 63 entries, 152 kept so far
12:53:12  INFO     [LU] 'artificial intelligence' → 100 entries, 60 kept so far
12:53:12  INFO     [LV] +14 new articles saved
12:53:13  INFO     [EE] 'generative AI' → 12 entries, 43 kept so far
12:53:13  INFO     [MT] 'AI regulation' → 100 entries, 112 kept so far
12:53:13  INFO     [CY] 'generative AI' → 100 entries, 201 kept so far
12:53:14  INFO     [EE] +25 new articles saved
12:53:14  INFO     [LU] 'AI regulation' → 100 entries, 150 kept so far
12:53:14  INFO     [MT] 'machine learning' → 100 entries, 169 kept so far
12:53:14  INFO     [CY] +0 new articles saved
12:53:16  INFO     [MT] 'EU AI Act' → 100 entries, 256 kept so far
12:53:16  INFO     [LU] 'machine learning' → 100 entries, 211 kept so far
12:53:17  INFO     [MT] 'generative AI' → 100 entries, 319 kept so far
12:53:17  INFO     [LU] 'EU AI Act' → 100 entries, 258 kept so far
12:53:18  INFO     [MT] +0 new articles saved
12:53:19  INFO     [LU] 'generative AI' → 100 entries, 284 kept so far
12:53:20  INFO     [LU] +0 new articles saved
12:53:20  INFO     Scrape complete. 2353 new articles this run.
