23:04:11  INFO     Starting scrape: 27 countries, 5 queries each
/home/runner/work/EU_AI_News/EU_AI_News/eu_ai_news_scraper.py:230: DeprecationWarning: datetime.datetime.utcnow() is deprecated and scheduled for removal in a future version. Use timezone-aware objects to represent datetimes in UTC: datetime.datetime.now(datetime.UTC).
  "scraped_at":   datetime.utcnow().isoformat(),
23:04:12  INFO     [FR] 'artificial intelligence' → 102 entries, 60 kept so far
23:04:12  INFO     [DE] 'artificial intelligence' → 100 entries, 48 kept so far
23:04:12  INFO     [PL] 'artificial intelligence' → 100 entries, 14 kept so far
23:04:12  INFO     [ES] 'artificial intelligence' → 100 entries, 61 kept so far
23:04:12  INFO     [IT] 'artificial intelligence' → 100 entries, 39 kept so far
23:04:14  INFO     [PL] 'AI regulation' → 78 entries, 75 kept so far
23:04:14  INFO     [DE] 'AI regulation' → 100 entries, 125 kept so far
23:04:14  INFO     [FR] 'AI regulation' → 100 entries, 148 kept so far
23:04:14  INFO     [IT] 'AI regulation' → 100 entries, 131 kept so far
23:04:14  INFO     [ES] 'AI regulation' → 78 entries, 101 kept so far
23:04:16  INFO     [PL] 'machine learning' → 100 entries, 127 kept so far
23:04:16  INFO     [DE] 'machine learning' → 100 entries, 173 kept so far
23:04:16  INFO     [FR] 'machine learning' → 100 entries, 205 kept so far
23:04:16  INFO     [IT] 'machine learning' → 100 entries, 211 kept so far
23:04:16  INFO     [ES] 'machine learning' → 100 entries, 179 kept so far
23:04:17  INFO     [PL] 'EU AI Act' → 78 entries, 146 kept so far
23:04:17  INFO     [DE] 'EU AI Act' → 100 entries, 245 kept so far
23:04:17  INFO     [FR] 'EU AI Act' → 92 entries, 244 kept so far
23:04:18  INFO     [IT] 'EU AI Act' → 100 entries, 256 kept so far
23:04:18  INFO     [ES] 'EU AI Act' → 78 entries, 207 kept so far
23:04:19  INFO     [PL] 'generative AI' → 100 entries, 182 kept so far
23:04:19  INFO     [DE] 'generative AI' → 100 entries, 273 kept so far
23:04:19  INFO     [IT] 'generative AI' → 100 entries, 298 kept so far
23:04:19  INFO     [FR] 'generative AI' → 100 entries, 272 kept so far
23:04:20  INFO     [ES] 'generative AI' → 100 entries, 256 kept so far
23:04:20  INFO     [PL] +107 new articles saved
23:04:20  INFO     [DE] +193 new articles saved
23:04:20  INFO     [IT] +205 new articles saved
23:04:20  INFO     [FR] +166 new articles saved
23:04:20  INFO     [NL] 'artificial intelligence' → 102 entries, 12 kept so far
23:04:21  INFO     [ES] +167 new articles saved
23:04:21  INFO     [BE] 'artificial intelligence' → 100 entries, 59 kept so far
23:04:21  INFO     [SE] 'artificial intelligence' → 100 entries, 13 kept so far
23:04:21  INFO     [AT] 'artificial intelligence' → 100 entries, 43 kept so far
23:04:21  INFO     [DK] 'artificial intelligence' → 100 entries, 18 kept so far
23:04:22  INFO     [NL] 'AI regulation' → 77 entries, 60 kept so far
23:04:22  INFO     [SE] 'AI regulation' → 73 entries, 27 kept so far
23:04:22  INFO     [BE] 'AI regulation' → 98 entries, 145 kept so far
23:04:23  INFO     [AT] 'AI regulation' → 100 entries, 117 kept so far
23:04:23  INFO     [DK] 'AI regulation' → 49 entries, 24 kept so far
23:04:24  INFO     [NL] 'machine learning' → 100 entries, 110 kept so far
23:04:24  INFO     [SE] 'machine learning' → 80 entries, 50 kept so far
23:04:24  INFO     [BE] 'machine learning' → 100 entries, 199 kept so far
23:04:24  INFO     [AT] 'machine learning' → 100 entries, 166 kept so far
23:04:24  INFO     [DK] 'machine learning' → 82 entries, 45 kept so far
23:04:25  INFO     [NL] 'EU AI Act' → 100 entries, 141 kept so far
23:04:25  INFO     [SE] 'EU AI Act' → 62 entries, 56 kept so far
23:04:26  INFO     [BE] 'EU AI Act' → 99 entries, 243 kept so far
23:04:26  INFO     [AT] 'EU AI Act' → 100 entries, 243 kept so far
23:04:26  INFO     [DK] 'EU AI Act' → 75 entries, 65 kept so far
23:04:27  INFO     [NL] 'generative AI' → 100 entries, 172 kept so far
23:04:27  INFO     [SE] 'generative AI' → 72 entries, 66 kept so far
23:04:28  INFO     [BE] 'generative AI' → 100 entries, 268 kept so far
23:04:28  INFO     [AT] 'generative AI' → 100 entries, 275 kept so far
23:04:28  INFO     [DK] 'generative AI' → 100 entries, 99 kept so far
23:04:28  INFO     [NL] +83 new articles saved
23:04:28  INFO     [SE] +37 new articles saved
23:04:28  INFO     [FI] 'artificial intelligence' → 100 entries, 65 kept so far
23:04:29  INFO     [BE] +30 new articles saved
23:04:29  INFO     [PT] 'artificial intelligence' → 100 entries, 58 kept so far
23:04:29  INFO     [AT] +43 new articles saved
23:04:29  INFO     [DK] +51 new articles saved
23:04:29  INFO     [CZ] 'artificial intelligence' → 100 entries, 17 kept so far
23:04:29  INFO     [RO] 'artificial intelligence' → 100 entries, 40 kept so far
23:04:29  INFO     [HU] 'artificial intelligence' → 100 entries, 24 kept so far
23:04:30  INFO     [FI] 'AI regulation' → 60 entries, 77 kept so far
23:04:30  INFO     [PT] 'AI regulation' → 77 entries, 98 kept so far
23:04:31  INFO     [CZ] 'AI regulation' → 76 entries, 37 kept so far
23:04:31  INFO     [RO] 'AI regulation' → 78 entries, 51 kept so far
23:04:31  INFO     [HU] 'AI regulation' → 77 entries, 28 kept so far
23:04:32  INFO     [FI] 'machine learning' → 84 entries, 123 kept so far
23:04:32  INFO     [CZ] 'machine learning' → 80 entries, 60 kept so far
23:04:32  INFO     [PT] 'machine learning' → 100 entries, 177 kept so far
23:04:32  INFO     [HU] 'machine learning' → 65 entries, 47 kept so far
23:04:33  INFO     [RO] 'machine learning' → 100 entries, 107 kept so far
23:04:33  INFO     [FI] 'EU AI Act' → 76 entries, 166 kept so far
23:04:34  INFO     [CZ] 'EU AI Act' → 74 entries, 75 kept so far
23:04:34  INFO     [HU] 'EU AI Act' → 79 entries, 69 kept so far
23:04:34  INFO     [PT] 'EU AI Act' → 68 entries, 190 kept so far
23:04:34  INFO     [RO] 'EU AI Act' → 78 entries, 134 kept so far
23:04:35  INFO     [FI] 'generative AI' → 70 entries, 208 kept so far
23:04:35  INFO     [CZ] 'generative AI' → 77 entries, 93 kept so far
23:04:36  INFO     [HU] 'generative AI' → 67 entries, 91 kept so far
23:04:36  INFO     [RO] 'generative AI' → 90 entries, 158 kept so far
23:04:36  INFO     [PT] 'generative AI' → 100 entries, 225 kept so far
23:04:36  INFO     [FI] +116 new articles saved
23:04:36  INFO     [CZ] +60 new articles saved
23:04:37  INFO     [GR] 'artificial intelligence' → 100 entries, 42 kept so far
23:04:37  INFO     [HU] +57 new articles saved
23:04:37  INFO     [RO] +100 new articles saved
23:04:37  INFO     [PT] +146 new articles saved
23:04:37  INFO     [SK] 'artificial intelligence' → 100 entries, 22 kept so far
23:04:37  INFO     [IE] 'artificial intelligence' → 100 entries, 66 kept so far
23:04:37  INFO     [BG] 'artificial intelligence' → 82 entries, 34 kept so far
23:04:37  INFO     [HR] 'artificial intelligence' → 103 entries, 59 kept so far
23:04:38  INFO     [GR] 'AI regulation' → 70 entries, 97 kept so far
23:04:38  INFO     [SK] 'AI regulation' → 24 entries, 25 kept so far
23:04:39  INFO     [BG] 'AI regulation' → 22 entries, 36 kept so far
23:04:39  INFO     [IE] 'AI regulation' → 100 entries, 114 kept so far
23:04:39  INFO     [HR] 'AI regulation' → 100 entries, 108 kept so far
23:04:40  INFO     [GR] 'machine learning' → 100 entries, 138 kept so far
23:04:40  INFO     [SK] 'machine learning' → 59 entries, 42 kept so far
23:04:40  INFO     [BG] 'machine learning' → 53 entries, 47 kept so far
23:04:41  INFO     [HR] 'machine learning' → 100 entries, 187 kept so far
23:04:41  INFO     [IE] 'machine learning' → 100 entries, 191 kept so far
23:04:41  INFO     [SK] 'EU AI Act' → 68 entries, 51 kept so far
23:04:41  INFO     [GR] 'EU AI Act' → 64 entries, 153 kept so far
23:04:42  INFO     [BG] 'EU AI Act' → 19 entries, 49 kept so far
23:04:42  INFO     [HR] 'EU AI Act' → 100 entries, 274 kept so far
23:04:43  INFO     [IE] 'EU AI Act' → 100 entries, 269 kept so far
23:04:43  INFO     [SK] 'generative AI' → 50 entries, 66 kept so far
23:04:43  INFO     [BG] 'generative AI' → 35 entries, 56 kept so far
23:04:43  INFO     [GR] 'generative AI' → 100 entries, 200 kept so far
23:04:44  INFO     [SK] +37 new articles saved
23:04:44  INFO     [HR] 'generative AI' → 100 entries, 342 kept so far
23:04:44  INFO     [BG] +34 new articles saved
23:04:44  INFO     [GR] +136 new articles saved
23:04:44  INFO     [IE] 'generative AI' → 100 entries, 335 kept so far
23:04:44  INFO     [LT] 'artificial intelligence' → 79 entries, 23 kept so far
23:04:45  INFO     [LV] 'artificial intelligence' → 72 entries, 24 kept so far
23:04:45  INFO     [SI] 'artificial intelligence' → 100 entries, 41 kept so far
23:04:45  INFO     [HR] +304 new articles saved
23:04:45  INFO     [IE] +117 new articles saved
23:04:46  INFO     [EE] 'artificial intelligence' → 96 entries, 44 kept so far
23:04:46  INFO     [LT] 'AI regulation' → 7 entries, 23 kept so far
23:04:46  INFO     [LV] 'AI regulation' → 3 entries, 24 kept so far
23:04:46  INFO     [CY] 'artificial intelligence' → 100 entries, 42 kept so far
23:04:46  INFO     [SI] 'AI regulation' → 5 entries, 41 kept so far
23:04:47  INFO     [LT] 'machine learning' → 30 entries, 26 kept so far
23:04:47  INFO     [LV] 'machine learning' → 11 entries, 29 kept so far
23:04:47  INFO     [EE] 'AI regulation' → 5 entries, 44 kept so far
23:04:47  INFO     [SI] 'machine learning' → 20 entries, 42 kept so far
23:04:48  INFO     [CY] 'AI regulation' → 70 entries, 97 kept so far
23:04:49  INFO     [LT] 'EU AI Act' → 19 entries, 28 kept so far
23:04:49  INFO     [LV] 'EU AI Act' → 7 entries, 30 kept so far
23:04:49  INFO     [EE] 'machine learning' → 23 entries, 45 kept so far
23:04:49  INFO     [SI] 'EU AI Act' → 23 entries, 48 kept so far
23:04:49  INFO     [CY] 'machine learning' → 100 entries, 138 kept so far
23:04:50  INFO     [LT] 'generative AI' → 16 entries, 34 kept so far
23:04:50  INFO     [LV] 'generative AI' → 10 entries, 31 kept so far
23:04:50  INFO     [SI] 'generative AI' → 14 entries, 50 kept so far
23:04:50  INFO     [EE] 'EU AI Act' → 8 entries, 45 kept so far
23:04:51  INFO     [CY] 'EU AI Act' → 64 entries, 153 kept so far
23:04:51  INFO     [LT] +12 new articles saved
23:04:51  INFO     [LV] +15 new articles saved
23:04:51  INFO     [MT] 'artificial intelligence' → 103 entries, 59 kept so far
23:04:51  INFO     [SI] +20 new articles saved
23:04:51  INFO     [LU] 'artificial intelligence' → 102 entries, 60 kept so far
23:04:52  INFO     [EE] 'generative AI' → 11 entries, 48 kept so far
23:04:52  INFO     [CY] 'generative AI' → 100 entries, 200 kept so far
23:04:52  INFO     [MT] 'AI regulation' → 100 entries, 108 kept so far
23:04:53  INFO     [EE] +28 new articles saved
23:04:53  INFO     [LU] 'AI regulation' → 100 entries, 148 kept so far
23:04:53  INFO     [CY] +0 new articles saved
23:04:54  INFO     [MT] 'machine learning' → 100 entries, 187 kept so far
23:04:55  INFO     [LU] 'machine learning' → 100 entries, 205 kept so far
23:04:55  INFO     [MT] 'EU AI Act' → 100 entries, 274 kept so far
23:04:56  INFO     [MT] 'generative AI' → 100 entries, 342 kept so far
23:04:56  INFO     [LU] 'EU AI Act' → 92 entries, 244 kept so far
23:04:57  INFO     [MT] +0 new articles saved
23:04:58  INFO     [LU] 'generative AI' → 100 entries, 272 kept so far
23:04:59  INFO     [LU] +0 new articles saved
23:04:59  INFO     Scrape complete. 2264 new articles this run.
