08:44:25  INFO     Starting scrape: 27 countries, 5 queries each
/home/runner/work/EU_AI_News/EU_AI_News/eu_ai_news_scraper.py:230: DeprecationWarning: datetime.datetime.utcnow() is deprecated and scheduled for removal in a future version. Use timezone-aware objects to represent datetimes in UTC: datetime.datetime.now(datetime.UTC).
  "scraped_at":   datetime.utcnow().isoformat(),
08:44:26  INFO     [DE] 'artificial intelligence' → 100 entries, 52 kept so far
08:44:26  INFO     [FR] 'artificial intelligence' → 98 entries, 47 kept so far
08:44:26  INFO     [PL] 'artificial intelligence' → 100 entries, 28 kept so far
08:44:26  INFO     [IT] 'artificial intelligence' → 100 entries, 40 kept so far
08:44:26  INFO     [ES] 'artificial intelligence' → 100 entries, 62 kept so far
08:44:27  INFO     [DE] 'AI regulation' → 95 entries, 127 kept so far
08:44:28  INFO     [FR] 'AI regulation' → 100 entries, 126 kept so far
08:44:28  INFO     [PL] 'AI regulation' → 100 entries, 88 kept so far
08:44:28  INFO     [IT] 'AI regulation' → 100 entries, 122 kept so far
08:44:28  INFO     [ES] 'AI regulation' → 78 entries, 99 kept so far
08:44:29  INFO     [FR] 'machine learning' → 100 entries, 182 kept so far
08:44:29  INFO     [DE] 'machine learning' → 100 entries, 177 kept so far
08:44:29  INFO     [PL] 'machine learning' → 100 entries, 128 kept so far
08:44:29  INFO     [IT] 'machine learning' → 100 entries, 201 kept so far
08:44:29  INFO     [ES] 'machine learning' → 100 entries, 173 kept so far
08:44:31  INFO     [FR] 'EU AI Act' → 88 entries, 231 kept so far
08:44:31  INFO     [DE] 'EU AI Act' → 100 entries, 246 kept so far
08:44:31  INFO     [PL] 'EU AI Act' → 73 entries, 145 kept so far
08:44:31  INFO     [IT] 'EU AI Act' → 100 entries, 276 kept so far
08:44:31  INFO     [ES] 'EU AI Act' → 76 entries, 202 kept so far
08:44:32  INFO     [FR] 'generative AI' → 100 entries, 261 kept so far
08:44:32  INFO     [DE] 'generative AI' → 100 entries, 267 kept so far
08:44:32  INFO     [PL] 'generative AI' → 100 entries, 181 kept so far
08:44:33  INFO     [IT] 'generative AI' → 100 entries, 314 kept so far
08:44:33  INFO     [ES] 'generative AI' → 100 entries, 244 kept so far
08:44:33  INFO     [FR] +140 new articles saved
08:44:33  INFO     [DE] +150 new articles saved
08:44:33  INFO     [PL] +100 new articles saved
08:44:34  INFO     [IT] +192 new articles saved
08:44:34  INFO     [NL] 'artificial intelligence' → 100 entries, 15 kept so far
08:44:34  INFO     [ES] +120 new articles saved
08:44:34  INFO     [BE] 'artificial intelligence' → 100 entries, 63 kept so far
08:44:34  INFO     [SE] 'artificial intelligence' → 100 entries, 8 kept so far
08:44:34  INFO     [AT] 'artificial intelligence' → 100 entries, 50 kept so far
08:44:34  INFO     [DK] 'artificial intelligence' → 100 entries, 11 kept so far
08:44:35  INFO     [NL] 'AI regulation' → 74 entries, 52 kept so far
08:44:36  INFO     [SE] 'AI regulation' → 74 entries, 21 kept so far
08:44:36  INFO     [BE] 'AI regulation' → 100 entries, 146 kept so far
08:44:36  INFO     [AT] 'AI regulation' → 98 entries, 127 kept so far
08:44:36  INFO     [DK] 'AI regulation' → 35 entries, 18 kept so far
08:44:37  INFO     [NL] 'machine learning' → 100 entries, 106 kept so far
08:44:37  INFO     [SE] 'machine learning' → 77 entries, 47 kept so far
08:44:37  INFO     [BE] 'machine learning' → 100 entries, 202 kept so far
08:44:37  INFO     [DK] 'machine learning' → 84 entries, 41 kept so far
08:44:38  INFO     [AT] 'machine learning' → 100 entries, 177 kept so far
08:44:39  INFO     [NL] 'EU AI Act' → 100 entries, 133 kept so far
08:44:39  INFO     [SE] 'EU AI Act' → 65 entries, 55 kept so far
08:44:39  INFO     [BE] 'EU AI Act' → 92 entries, 246 kept so far
08:44:39  INFO     [DK] 'EU AI Act' → 72 entries, 55 kept so far
08:44:39  INFO     [AT] 'EU AI Act' → 100 entries, 250 kept so far
08:44:40  INFO     [NL] 'generative AI' → 100 entries, 159 kept so far
08:44:40  INFO     [SE] 'generative AI' → 76 entries, 64 kept so far
08:44:41  INFO     [BE] 'generative AI' → 100 entries, 275 kept so far
08:44:41  INFO     [DK] 'generative AI' → 100 entries, 88 kept so far
08:44:41  INFO     [AT] 'generative AI' → 100 entries, 269 kept so far
08:44:41  INFO     [NL] +60 new articles saved
08:44:41  INFO     [SE] +19 new articles saved
08:44:42  INFO     [BE] +34 new articles saved
08:44:42  INFO     [FI] 'artificial intelligence' → 100 entries, 55 kept so far
08:44:42  INFO     [DK] +27 new articles saved
08:44:42  INFO     [AT] +41 new articles saved
08:44:42  INFO     [PT] 'artificial intelligence' → 100 entries, 65 kept so far
08:44:42  INFO     [CZ] 'artificial intelligence' → 100 entries, 23 kept so far
08:44:42  INFO     [RO] 'artificial intelligence' → 100 entries, 42 kept so far
08:44:42  INFO     [HU] 'artificial intelligence' → 100 entries, 23 kept so far
08:44:43  INFO     [FI] 'AI regulation' → 50 entries, 69 kept so far
08:44:44  INFO     [PT] 'AI regulation' → 77 entries, 99 kept so far
08:44:44  INFO     [CZ] 'AI regulation' → 76 entries, 43 kept so far
08:44:44  INFO     [RO] 'AI regulation' → 80 entries, 55 kept so far
08:44:44  INFO     [HU] 'AI regulation' → 79 entries, 28 kept so far
08:44:45  INFO     [FI] 'machine learning' → 92 entries, 107 kept so far
08:44:45  INFO     [PT] 'machine learning' → 100 entries, 176 kept so far
08:44:45  INFO     [CZ] 'machine learning' → 83 entries, 63 kept so far
08:44:45  INFO     [RO] 'machine learning' → 100 entries, 106 kept so far
08:44:45  INFO     [HU] 'machine learning' → 75 entries, 53 kept so far
08:44:46  INFO     [FI] 'EU AI Act' → 78 entries, 150 kept so far
08:44:47  INFO     [PT] 'EU AI Act' → 56 entries, 185 kept so far
08:44:47  INFO     [CZ] 'EU AI Act' → 73 entries, 70 kept so far
08:44:47  INFO     [RO] 'EU AI Act' → 77 entries, 135 kept so far
08:44:47  INFO     [HU] 'EU AI Act' → 75 entries, 76 kept so far
08:44:48  INFO     [FI] 'generative AI' → 61 entries, 188 kept so far
08:44:48  INFO     [CZ] 'generative AI' → 85 entries, 87 kept so far
08:44:48  INFO     [PT] 'generative AI' → 100 entries, 213 kept so far
08:44:48  INFO     [HU] 'generative AI' → 71 entries, 99 kept so far
08:44:48  INFO     [RO] 'generative AI' → 86 entries, 162 kept so far
08:44:49  INFO     [FI] +105 new articles saved
08:44:49  INFO     [CZ] +52 new articles saved
08:44:49  INFO     [GR] 'artificial intelligence' → 100 entries, 46 kept so far
08:44:49  INFO     [PT] +104 new articles saved
08:44:49  INFO     [HU] +52 new articles saved
08:44:49  INFO     [RO] +88 new articles saved
08:44:50  INFO     [HR] 'artificial intelligence' → 100 entries, 50 kept so far
08:44:50  INFO     [SK] 'artificial intelligence' → 100 entries, 21 kept so far
08:44:50  INFO     [BG] 'artificial intelligence' → 91 entries, 38 kept so far
08:44:50  INFO     [IE] 'artificial intelligence' → 100 entries, 50 kept so far
08:44:51  INFO     [GR] 'AI regulation' → 62 entries, 100 kept so far
08:44:51  INFO     [HR] 'AI regulation' → 100 entries, 92 kept so far
08:44:51  INFO     [SK] 'AI regulation' → 23 entries, 25 kept so far
08:44:51  INFO     [BG] 'AI regulation' → 11 entries, 39 kept so far
08:44:52  INFO     [IE] 'AI regulation' → 100 entries, 90 kept so far
08:44:52  INFO     [GR] 'machine learning' → 97 entries, 134 kept so far
08:44:53  INFO     [HR] 'machine learning' → 100 entries, 161 kept so far
08:44:53  INFO     [SK] 'machine learning' → 58 entries, 40 kept so far
08:44:53  INFO     [BG] 'machine learning' → 58 entries, 45 kept so far
08:44:53  INFO     [IE] 'machine learning' → 100 entries, 159 kept so far
08:44:54  INFO     [GR] 'EU AI Act' → 56 entries, 152 kept so far
08:44:54  INFO     [HR] 'EU AI Act' → 95 entries, 230 kept so far
08:44:54  INFO     [BG] 'EU AI Act' → 17 entries, 49 kept so far
08:44:54  INFO     [SK] 'EU AI Act' → 67 entries, 53 kept so far
08:44:55  INFO     [IE] 'EU AI Act' → 100 entries, 223 kept so far
08:44:56  INFO     [GR] 'generative AI' → 100 entries, 197 kept so far
08:44:56  INFO     [BG] 'generative AI' → 40 entries, 55 kept so far
08:44:56  INFO     [HR] 'generative AI' → 100 entries, 280 kept so far
08:44:56  INFO     [SK] 'generative AI' → 48 entries, 61 kept so far
08:44:57  INFO     [GR] +124 new articles saved
08:44:57  INFO     [BG] +31 new articles saved
08:44:57  INFO     [HR] +242 new articles saved
08:44:57  INFO     [SK] +24 new articles saved
08:44:57  INFO     [IE] 'generative AI' → 100 entries, 275 kept so far
08:44:57  INFO     [LT] 'artificial intelligence' → 84 entries, 30 kept so far
08:44:57  INFO     [LV] 'artificial intelligence' → 71 entries, 23 kept so far
08:44:57  INFO     [SI] 'artificial intelligence' → 100 entries, 50 kept so far
08:44:57  INFO     [EE] 'artificial intelligence' → 100 entries, 42 kept so far
08:44:58  INFO     [IE] +80 new articles saved
08:44:58  INFO     [CY] 'artificial intelligence' → 100 entries, 46 kept so far
08:44:58  INFO     [LV] 'AI regulation' → 10 entries, 23 kept so far
08:44:58  INFO     [LT] 'AI regulation' → 6 entries, 30 kept so far
08:44:59  INFO     [SI] 'AI regulation' → 6 entries, 50 kept so far
08:44:59  INFO     [EE] 'AI regulation' → 8 entries, 44 kept so far
08:45:00  INFO     [CY] 'AI regulation' → 62 entries, 100 kept so far
08:45:00  INFO     [LT] 'machine learning' → 29 entries, 33 kept so far
08:45:00  INFO     [LV] 'machine learning' → 10 entries, 25 kept so far
08:45:00  INFO     [SI] 'machine learning' → 22 entries, 53 kept so far
08:45:00  INFO     [EE] 'machine learning' → 16 entries, 47 kept so far
08:45:01  INFO     [LV] 'EU AI Act' → 7 entries, 25 kept so far
08:45:01  INFO     [LT] 'EU AI Act' → 21 entries, 34 kept so far
08:45:01  INFO     [CY] 'machine learning' → 97 entries, 134 kept so far
08:45:01  INFO     [SI] 'EU AI Act' → 39 entries, 60 kept so far
08:45:01  INFO     [EE] 'EU AI Act' → 16 entries, 48 kept so far
08:45:02  INFO     [LV] 'generative AI' → 9 entries, 28 kept so far
08:45:03  INFO     [LT] 'generative AI' → 24 entries, 42 kept so far
08:45:03  INFO     [SI] 'generative AI' → 13 entries, 61 kept so far
08:45:03  INFO     [CY] 'EU AI Act' → 56 entries, 152 kept so far
08:45:03  INFO     [EE] 'generative AI' → 13 entries, 52 kept so far
08:45:03  INFO     [LV] +12 new articles saved
08:45:04  INFO     [LT] +13 new articles saved
08:45:04  INFO     [MT] 'artificial intelligence' → 100 entries, 50 kept so far
08:45:04  INFO     [SI] +22 new articles saved
08:45:04  INFO     [EE] +20 new articles saved
08:45:04  INFO     [LU] 'artificial intelligence' → 98 entries, 46 kept so far
08:45:04  INFO     [CY] 'generative AI' → 100 entries, 197 kept so far
08:45:05  INFO     [MT] 'AI regulation' → 100 entries, 92 kept so far
08:45:05  INFO     [CY] +0 new articles saved
08:45:06  INFO     [LU] 'AI regulation' → 100 entries, 125 kept so far
08:45:06  INFO     [MT] 'machine learning' → 100 entries, 161 kept so far
08:45:07  INFO     [LU] 'machine learning' → 100 entries, 180 kept so far
08:45:07  INFO     [MT] 'EU AI Act' → 95 entries, 230 kept so far
08:45:08  INFO     [MT] 'generative AI' → 100 entries, 280 kept so far
08:45:09  INFO     [LU] 'EU AI Act' → 88 entries, 230 kept so far
08:45:09  INFO     [MT] +0 new articles saved
08:45:10  INFO     [LU] 'generative AI' → 100 entries, 260 kept so far
08:45:11  INFO     [LU] +0 new articles saved
08:45:11  INFO     Scrape complete. 1852 new articles this run.
