07:40:07  INFO     Starting scrape: 27 countries, 5 queries each
/home/runner/work/EU_AI_News/EU_AI_News/eu_ai_news_scraper.py:230: DeprecationWarning: datetime.datetime.utcnow() is deprecated and scheduled for removal in a future version. Use timezone-aware objects to represent datetimes in UTC: datetime.datetime.now(datetime.UTC).
  "scraped_at":   datetime.utcnow().isoformat(),
07:40:08  INFO     [FR] 'artificial intelligence' → 100 entries, 46 kept so far
07:40:08  INFO     [PL] 'artificial intelligence' → 100 entries, 16 kept so far
07:40:08  INFO     [DE] 'artificial intelligence' → 100 entries, 50 kept so far
07:40:08  INFO     [IT] 'artificial intelligence' → 100 entries, 40 kept so far
07:40:08  INFO     [ES] 'artificial intelligence' → 100 entries, 66 kept so far
07:40:10  INFO     [FR] 'AI regulation' → 100 entries, 127 kept so far
07:40:10  INFO     [DE] 'AI regulation' → 72 entries, 105 kept so far
07:40:10  INFO     [PL] 'AI regulation' → 100 entries, 92 kept so far
07:40:10  INFO     [ES] 'AI regulation' → 78 entries, 119 kept so far
07:40:10  INFO     [IT] 'AI regulation' → 100 entries, 131 kept so far
07:40:11  INFO     [FR] 'machine learning' → 100 entries, 179 kept so far
07:40:11  INFO     [PL] 'machine learning' → 100 entries, 131 kept so far
07:40:12  INFO     [DE] 'machine learning' → 100 entries, 158 kept so far
07:40:12  INFO     [IT] 'machine learning' → 100 entries, 199 kept so far
07:40:12  INFO     [ES] 'machine learning' → 100 entries, 196 kept so far
07:40:13  INFO     [FR] 'EU AI Act' → 85 entries, 230 kept so far
07:40:13  INFO     [PL] 'EU AI Act' → 77 entries, 155 kept so far
07:40:13  INFO     [DE] 'EU AI Act' → 100 entries, 231 kept so far
07:40:13  INFO     [ES] 'EU AI Act' → 78 entries, 222 kept so far
07:40:13  INFO     [IT] 'EU AI Act' → 100 entries, 285 kept so far
07:40:15  INFO     [FR] 'generative AI' → 100 entries, 263 kept so far
07:40:15  INFO     [DE] 'generative AI' → 100 entries, 253 kept so far
07:40:15  INFO     [PL] 'generative AI' → 100 entries, 191 kept so far
07:40:15  INFO     [IT] 'generative AI' → 100 entries, 323 kept so far
07:40:15  INFO     [ES] 'generative AI' → 100 entries, 259 kept so far
07:40:16  INFO     [FR] +148 new articles saved
07:40:16  INFO     [DE] +179 new articles saved
07:40:16  INFO     [PL] +128 new articles saved
07:40:16  INFO     [IT] +196 new articles saved
07:40:16  INFO     [ES] +142 new articles saved
07:40:16  INFO     [NL] 'artificial intelligence' → 100 entries, 11 kept so far
07:40:16  INFO     [SE] 'artificial intelligence' → 100 entries, 9 kept so far
07:40:17  INFO     [BE] 'artificial intelligence' → 100 entries, 58 kept so far
07:40:17  INFO     [DK] 'artificial intelligence' → 100 entries, 21 kept so far
07:40:17  INFO     [AT] 'artificial intelligence' → 100 entries, 53 kept so far
07:40:18  INFO     [NL] 'AI regulation' → 78 entries, 62 kept so far
07:40:18  INFO     [SE] 'AI regulation' → 78 entries, 25 kept so far
07:40:18  INFO     [BE] 'AI regulation' → 100 entries, 137 kept so far
07:40:18  INFO     [DK] 'AI regulation' → 47 entries, 33 kept so far
07:40:18  INFO     [AT] 'AI regulation' → 79 entries, 112 kept so far
07:40:19  INFO     [NL] 'machine learning' → 100 entries, 114 kept so far
07:40:20  INFO     [SE] 'machine learning' → 74 entries, 49 kept so far
07:40:20  INFO     [BE] 'machine learning' → 100 entries, 191 kept so far
07:40:20  INFO     [DK] 'machine learning' → 87 entries, 55 kept so far
07:40:20  INFO     [AT] 'machine learning' → 100 entries, 163 kept so far
07:40:21  INFO     [SE] 'EU AI Act' → 72 entries, 53 kept so far
07:40:21  INFO     [NL] 'EU AI Act' → 100 entries, 139 kept so far
07:40:21  INFO     [BE] 'EU AI Act' → 91 entries, 245 kept so far
07:40:21  INFO     [DK] 'EU AI Act' → 75 entries, 72 kept so far
07:40:22  INFO     [AT] 'EU AI Act' → 100 entries, 239 kept so far
07:40:23  INFO     [SE] 'generative AI' → 74 entries, 60 kept so far
07:40:23  INFO     [NL] 'generative AI' → 100 entries, 166 kept so far
07:40:23  INFO     [BE] 'generative AI' → 100 entries, 272 kept so far
07:40:23  INFO     [AT] 'generative AI' → 100 entries, 262 kept so far
07:40:23  INFO     [DK] 'generative AI' → 100 entries, 107 kept so far
07:40:24  INFO     [SE] +19 new articles saved
07:40:24  INFO     [NL] +70 new articles saved
07:40:24  INFO     [BE] +30 new articles saved
07:40:24  INFO     [FI] 'artificial intelligence' → 100 entries, 69 kept so far
07:40:24  INFO     [AT] +31 new articles saved
07:40:24  INFO     [DK] +40 new articles saved
07:40:24  INFO     [PT] 'artificial intelligence' → 100 entries, 66 kept so far
07:40:25  INFO     [CZ] 'artificial intelligence' → 100 entries, 21 kept so far
07:40:25  INFO     [HU] 'artificial intelligence' → 100 entries, 13 kept so far
07:40:25  INFO     [RO] 'artificial intelligence' → 100 entries, 42 kept so far
07:40:26  INFO     [FI] 'AI regulation' → 54 entries, 83 kept so far
07:40:26  INFO     [PT] 'AI regulation' → 92 entries, 126 kept so far
07:40:26  INFO     [CZ] 'AI regulation' → 77 entries, 53 kept so far
07:40:26  INFO     [RO] 'AI regulation' → 78 entries, 52 kept so far
07:40:26  INFO     [HU] 'AI regulation' → 78 entries, 18 kept so far
07:40:27  INFO     [FI] 'machine learning' → 86 entries, 117 kept so far
07:40:28  INFO     [PT] 'machine learning' → 100 entries, 204 kept so far
07:40:28  INFO     [CZ] 'machine learning' → 84 entries, 74 kept so far
07:40:28  INFO     [HU] 'machine learning' → 70 entries, 45 kept so far
07:40:28  INFO     [RO] 'machine learning' → 100 entries, 106 kept so far
07:40:29  INFO     [FI] 'EU AI Act' → 67 entries, 151 kept so far
07:40:30  INFO     [CZ] 'EU AI Act' → 77 entries, 84 kept so far
07:40:30  INFO     [PT] 'EU AI Act' → 60 entries, 217 kept so far
07:40:30  INFO     [RO] 'EU AI Act' → 78 entries, 132 kept so far
07:40:30  INFO     [HU] 'EU AI Act' → 77 entries, 69 kept so far
07:40:31  INFO     [FI] 'generative AI' → 56 entries, 183 kept so far
07:40:31  INFO     [CZ] 'generative AI' → 91 entries, 106 kept so far
07:40:31  INFO     [HU] 'generative AI' → 73 entries, 94 kept so far
07:40:31  INFO     [RO] 'generative AI' → 88 entries, 158 kept so far
07:40:31  INFO     [PT] 'generative AI' → 100 entries, 249 kept so far
07:40:32  INFO     [FI] +86 new articles saved
07:40:32  INFO     [CZ] +69 new articles saved
07:40:32  INFO     [HU] +50 new articles saved
07:40:32  INFO     [GR] 'artificial intelligence' → 100 entries, 47 kept so far
07:40:32  INFO     [RO] +91 new articles saved
07:40:32  INFO     [PT] +156 new articles saved
07:40:33  INFO     [SK] 'artificial intelligence' → 100 entries, 26 kept so far
07:40:33  INFO     [HR] 'artificial intelligence' → 102 entries, 57 kept so far
07:40:33  INFO     [BG] 'artificial intelligence' → 100 entries, 47 kept so far
07:40:33  INFO     [IE] 'artificial intelligence' → 100 entries, 56 kept so far
07:40:34  INFO     [GR] 'AI regulation' → 63 entries, 104 kept so far
07:40:34  INFO     [SK] 'AI regulation' → 17 entries, 29 kept so far
07:40:34  INFO     [BG] 'AI regulation' → 22 entries, 49 kept so far
07:40:35  INFO     [HR] 'AI regulation' → 100 entries, 97 kept so far
07:40:35  INFO     [IE] 'AI regulation' → 100 entries, 98 kept so far
07:40:36  INFO     [SK] 'machine learning' → 57 entries, 44 kept so far
07:40:36  INFO     [GR] 'machine learning' → 96 entries, 141 kept so far
07:40:36  INFO     [BG] 'machine learning' → 52 entries, 56 kept so far
07:40:36  INFO     [HR] 'machine learning' → 100 entries, 170 kept so far
07:40:36  INFO     [IE] 'machine learning' → 100 entries, 169 kept so far
07:40:37  INFO     [SK] 'EU AI Act' → 62 entries, 56 kept so far
07:40:37  INFO     [BG] 'EU AI Act' → 16 entries, 62 kept so far
07:40:37  INFO     [GR] 'EU AI Act' → 63 entries, 160 kept so far
07:40:38  INFO     [HR] 'EU AI Act' → 101 entries, 254 kept so far
07:40:38  INFO     [IE] 'EU AI Act' → 100 entries, 241 kept so far
07:40:38  INFO     [BG] 'generative AI' → 29 entries, 65 kept so far
07:40:39  INFO     [SK] 'generative AI' → 43 entries, 63 kept so far
07:40:39  INFO     [GR] 'generative AI' → 100 entries, 204 kept so far
07:40:39  INFO     [HR] 'generative AI' → 100 entries, 298 kept so far
07:40:39  INFO     [BG] +39 new articles saved
07:40:40  INFO     [SK] +29 new articles saved
07:40:40  INFO     [GR] +127 new articles saved
07:40:40  INFO     [LT] 'artificial intelligence' → 81 entries, 30 kept so far
07:40:40  INFO     [SI] 'artificial intelligence' → 100 entries, 48 kept so far
07:40:40  INFO     [IE] 'generative AI' → 100 entries, 284 kept so far
07:40:40  INFO     [LV] 'artificial intelligence' → 63 entries, 23 kept so far
07:40:40  INFO     [HR] +262 new articles saved
07:40:41  INFO     [EE] 'artificial intelligence' → 100 entries, 46 kept so far
07:40:41  INFO     [IE] +80 new articles saved
07:40:41  INFO     [LT] 'AI regulation' → 18 entries, 31 kept so far
07:40:41  INFO     [SI] 'AI regulation' → 9 entries, 48 kept so far
07:40:42  INFO     [LV] 'AI regulation' → 9 entries, 23 kept so far
07:40:42  INFO     [CY] 'artificial intelligence' → 100 entries, 47 kept so far
07:40:43  INFO     [EE] 'AI regulation' → 10 entries, 46 kept so far
07:40:43  INFO     [LT] 'machine learning' → 29 entries, 35 kept so far
07:40:43  INFO     [SI] 'machine learning' → 23 entries, 50 kept so far
07:40:43  INFO     [LV] 'machine learning' → 9 entries, 24 kept so far
07:40:43  INFO     [CY] 'AI regulation' → 63 entries, 104 kept so far
07:40:44  INFO     [LT] 'EU AI Act' → 25 entries, 39 kept so far
07:40:44  INFO     [EE] 'machine learning' → 17 entries, 50 kept so far
07:40:44  INFO     [LV] 'EU AI Act' → 5 entries, 24 kept so far
07:40:44  INFO     [SI] 'EU AI Act' → 29 entries, 54 kept so far
07:40:45  INFO     [CY] 'machine learning' → 95 entries, 141 kept so far
07:40:45  INFO     [LV] 'generative AI' → 8 entries, 26 kept so far
07:40:45  INFO     [LT] 'generative AI' → 21 entries, 46 kept so far
07:40:46  INFO     [SI] 'generative AI' → 13 entries, 55 kept so far
07:40:46  INFO     [EE] 'EU AI Act' → 16 entries, 51 kept so far
07:40:46  INFO     [LV] +11 new articles saved
07:40:46  INFO     [LT] +18 new articles saved
07:40:47  INFO     [SI] +16 new articles saved
07:40:47  INFO     [CY] 'EU AI Act' → 63 entries, 160 kept so far
07:40:47  INFO     [MT] 'artificial intelligence' → 102 entries, 57 kept so far
07:40:47  INFO     [EE] 'generative AI' → 10 entries, 53 kept so far
07:40:47  INFO     [LU] 'artificial intelligence' → 100 entries, 46 kept so far
07:40:48  INFO     [EE] +19 new articles saved
07:40:48  INFO     [MT] 'AI regulation' → 100 entries, 97 kept so far
07:40:48  INFO     [CY] 'generative AI' → 100 entries, 204 kept so far
07:40:49  INFO     [LU] 'AI regulation' → 100 entries, 127 kept so far
07:40:49  INFO     [CY] +2 new articles saved
07:40:49  INFO     [MT] 'machine learning' → 100 entries, 170 kept so far
07:40:50  INFO     [LU] 'machine learning' → 100 entries, 179 kept so far
07:40:51  INFO     [MT] 'EU AI Act' → 101 entries, 254 kept so far
07:40:52  INFO     [MT] 'generative AI' → 100 entries, 298 kept so far
07:40:52  INFO     [LU] 'EU AI Act' → 85 entries, 230 kept so far
07:40:53  INFO     [MT] +0 new articles saved
07:40:54  INFO     [LU] 'generative AI' → 100 entries, 263 kept so far
07:40:55  INFO     [LU] +2 new articles saved
07:40:55  INFO     Scrape complete. 2040 new articles this run.
