03:56:20  INFO     Starting scrape: 27 countries, 5 queries each
/home/runner/work/EU_AI_News/EU_AI_News/eu_ai_news_scraper.py:230: DeprecationWarning: datetime.datetime.utcnow() is deprecated and scheduled for removal in a future version. Use timezone-aware objects to represent datetimes in UTC: datetime.datetime.now(datetime.UTC).
  "scraped_at":   datetime.utcnow().isoformat(),
03:56:21  INFO     [PL] 'artificial intelligence' → 100 entries, 8 kept so far
03:56:21  INFO     [ES] 'artificial intelligence' → 100 entries, 53 kept so far
03:56:21  INFO     [IT] 'artificial intelligence' → 100 entries, 16 kept so far
03:56:21  INFO     [FR] 'artificial intelligence' → 101 entries, 54 kept so far
03:56:21  INFO     [DE] 'artificial intelligence' → 100 entries, 46 kept so far
03:56:23  INFO     [PL] 'AI regulation' → 78 entries, 68 kept so far
03:56:23  INFO     [ES] 'AI regulation' → 77 entries, 92 kept so far
03:56:23  INFO     [DE] 'AI regulation' → 100 entries, 127 kept so far
03:56:23  INFO     [FR] 'AI regulation' → 99 entries, 144 kept so far
03:56:23  INFO     [IT] 'AI regulation' → 100 entries, 106 kept so far
03:56:24  INFO     [PL] 'machine learning' → 100 entries, 116 kept so far
03:56:25  INFO     [DE] 'machine learning' → 100 entries, 176 kept so far
03:56:25  INFO     [ES] 'machine learning' → 100 entries, 166 kept so far
03:56:25  INFO     [FR] 'machine learning' → 100 entries, 195 kept so far
03:56:25  INFO     [IT] 'machine learning' → 100 entries, 187 kept so far
03:56:26  INFO     [PL] 'EU AI Act' → 75 entries, 135 kept so far
03:56:26  INFO     [FR] 'EU AI Act' → 84 entries, 232 kept so far
03:56:26  INFO     [DE] 'EU AI Act' → 100 entries, 247 kept so far
03:56:27  INFO     [ES] 'EU AI Act' → 79 entries, 195 kept so far
03:56:27  INFO     [IT] 'EU AI Act' → 100 entries, 227 kept so far
03:56:27  INFO     [PL] 'generative AI' → 100 entries, 164 kept so far
03:56:28  INFO     [FR] 'generative AI' → 100 entries, 259 kept so far
03:56:28  INFO     [DE] 'generative AI' → 100 entries, 267 kept so far
03:56:28  INFO     [ES] 'generative AI' → 100 entries, 243 kept so far
03:56:28  INFO     [IT] 'generative AI' → 100 entries, 273 kept so far
03:56:28  INFO     [PL] +87 new articles saved
03:56:29  INFO     [NL] 'artificial intelligence' → 100 entries, 16 kept so far
03:56:29  INFO     [FR] +152 new articles saved
03:56:29  INFO     [DE] +182 new articles saved
03:56:29  INFO     [ES] +132 new articles saved
03:56:29  INFO     [IT] +174 new articles saved
03:56:30  INFO     [SE] 'artificial intelligence' → 100 entries, 10 kept so far
03:56:30  INFO     [BE] 'artificial intelligence' → 100 entries, 52 kept so far
03:56:30  INFO     [AT] 'artificial intelligence' → 100 entries, 38 kept so far
03:56:30  INFO     [DK] 'artificial intelligence' → 100 entries, 15 kept so far
03:56:31  INFO     [NL] 'AI regulation' → 78 entries, 62 kept so far
03:56:31  INFO     [SE] 'AI regulation' → 74 entries, 19 kept so far
03:56:31  INFO     [BE] 'AI regulation' → 99 entries, 142 kept so far
03:56:31  INFO     [DK] 'AI regulation' → 36 entries, 20 kept so far
03:56:32  INFO     [AT] 'AI regulation' → 100 entries, 116 kept so far
03:56:32  INFO     [NL] 'machine learning' → 100 entries, 107 kept so far
03:56:33  INFO     [SE] 'machine learning' → 82 entries, 48 kept so far
03:56:33  INFO     [DK] 'machine learning' → 85 entries, 44 kept so far
03:56:33  INFO     [BE] 'machine learning' → 100 entries, 195 kept so far
03:56:33  INFO     [AT] 'machine learning' → 100 entries, 163 kept so far
03:56:34  INFO     [NL] 'EU AI Act' → 100 entries, 138 kept so far
03:56:34  INFO     [SE] 'EU AI Act' → 73 entries, 56 kept so far
03:56:35  INFO     [DK] 'EU AI Act' → 70 entries, 58 kept so far
03:56:35  INFO     [BE] 'EU AI Act' → 84 entries, 230 kept so far
03:56:35  INFO     [AT] 'EU AI Act' → 100 entries, 243 kept so far
03:56:36  INFO     [NL] 'generative AI' → 100 entries, 170 kept so far
03:56:36  INFO     [SE] 'generative AI' → 71 entries, 67 kept so far
03:56:36  INFO     [DK] 'generative AI' → 93 entries, 90 kept so far
03:56:36  INFO     [BE] 'generative AI' → 100 entries, 252 kept so far
03:56:37  INFO     [AT] 'generative AI' → 100 entries, 266 kept so far
03:56:37  INFO     [NL] +83 new articles saved
03:56:37  INFO     [SE] +34 new articles saved
03:56:37  INFO     [FI] 'artificial intelligence' → 100 entries, 61 kept so far
03:56:37  INFO     [DK] +39 new articles saved
03:56:37  INFO     [BE] +33 new articles saved
03:56:38  INFO     [AT] +58 new articles saved
03:56:38  INFO     [PT] 'artificial intelligence' → 100 entries, 66 kept so far
03:56:38  INFO     [CZ] 'artificial intelligence' → 100 entries, 14 kept so far
03:56:38  INFO     [RO] 'artificial intelligence' → 100 entries, 41 kept so far
03:56:38  INFO     [HU] 'artificial intelligence' → 100 entries, 25 kept so far
03:56:39  INFO     [FI] 'AI regulation' → 66 entries, 75 kept so far
03:56:39  INFO     [PT] 'AI regulation' → 79 entries, 103 kept so far
03:56:40  INFO     [CZ] 'AI regulation' → 77 entries, 38 kept so far
03:56:40  INFO     [RO] 'AI regulation' → 78 entries, 51 kept so far
03:56:40  INFO     [HU] 'AI regulation' → 78 entries, 29 kept so far
03:56:40  INFO     [FI] 'machine learning' → 89 entries, 122 kept so far
03:56:41  INFO     [PT] 'machine learning' → 100 entries, 179 kept so far
03:56:41  INFO     [CZ] 'machine learning' → 77 entries, 59 kept so far
03:56:41  INFO     [RO] 'machine learning' → 100 entries, 108 kept so far
03:56:41  INFO     [HU] 'machine learning' → 74 entries, 53 kept so far
03:56:42  INFO     [FI] 'EU AI Act' → 74 entries, 165 kept so far
03:56:43  INFO     [CZ] 'EU AI Act' → 71 entries, 72 kept so far
03:56:43  INFO     [PT] 'EU AI Act' → 64 entries, 192 kept so far
03:56:43  INFO     [HU] 'EU AI Act' → 74 entries, 74 kept so far
03:56:43  INFO     [RO] 'EU AI Act' → 77 entries, 131 kept so far
03:56:43  INFO     [FI] 'generative AI' → 68 entries, 208 kept so far
03:56:44  INFO     [HU] 'generative AI' → 71 entries, 95 kept so far
03:56:45  INFO     [PT] 'generative AI' → 100 entries, 220 kept so far
03:56:45  INFO     [RO] 'generative AI' → 100 entries, 154 kept so far
03:56:45  INFO     [FI] +113 new articles saved
03:56:45  INFO     [GR] 'artificial intelligence' → 100 entries, 39 kept so far
03:56:45  INFO     [CZ] 'generative AI' → 77 entries, 92 kept so far
03:56:45  INFO     [HU] +63 new articles saved
03:56:46  INFO     [PT] +144 new articles saved
03:56:46  INFO     [RO] +93 new articles saved
03:56:46  INFO     [SK] 'artificial intelligence' → 100 entries, 25 kept so far
03:56:46  INFO     [HR] 'artificial intelligence' → 106 entries, 62 kept so far
03:56:46  INFO     [IE] 'artificial intelligence' → 100 entries, 56 kept so far
03:56:46  INFO     [CZ] +60 new articles saved
03:56:47  INFO     [GR] 'AI regulation' → 67 entries, 86 kept so far
03:56:47  INFO     [BG] 'artificial intelligence' → 86 entries, 33 kept so far
03:56:48  INFO     [SK] 'AI regulation' → 26 entries, 26 kept so far
03:56:48  INFO     [HR] 'AI regulation' → 101 entries, 100 kept so far
03:56:48  INFO     [IE] 'AI regulation' → 100 entries, 98 kept so far
03:56:48  INFO     [GR] 'machine learning' → 100 entries, 131 kept so far
03:56:48  INFO     [BG] 'AI regulation' → 22 entries, 36 kept so far
03:56:49  INFO     [SK] 'machine learning' → 59 entries, 39 kept so far
03:56:49  INFO     [HR] 'machine learning' → 100 entries, 155 kept so far
03:56:50  INFO     [IE] 'machine learning' → 100 entries, 159 kept so far
03:56:50  INFO     [GR] 'EU AI Act' → 55 entries, 148 kept so far
03:56:50  INFO     [BG] 'machine learning' → 59 entries, 44 kept so far
03:56:51  INFO     [SK] 'EU AI Act' → 69 entries, 45 kept so far
03:56:51  INFO     [HR] 'EU AI Act' → 100 entries, 237 kept so far
03:56:51  INFO     [BG] 'EU AI Act' → 20 entries, 47 kept so far
03:56:51  INFO     [GR] 'generative AI' → 100 entries, 194 kept so far
03:56:52  INFO     [IE] 'EU AI Act' → 100 entries, 226 kept so far
03:56:52  INFO     [SK] 'generative AI' → 45 entries, 53 kept so far
03:56:52  INFO     [HR] 'generative AI' → 100 entries, 305 kept so far
03:56:52  INFO     [GR] +130 new articles saved
03:56:53  INFO     [BG] 'generative AI' → 36 entries, 54 kept so far
03:56:53  INFO     [LT] 'artificial intelligence' → 80 entries, 26 kept so far
03:56:53  INFO     [SK] +26 new articles saved
03:56:53  INFO     [IE] 'generative AI' → 100 entries, 286 kept so far
03:56:53  INFO     [HR] +280 new articles saved
03:56:54  INFO     [SI] 'artificial intelligence' → 100 entries, 53 kept so far
03:56:54  INFO     [BG] +32 new articles saved
03:56:54  INFO     [LV] 'artificial intelligence' → 66 entries, 20 kept so far
03:56:54  INFO     [IE] +102 new articles saved
03:56:54  INFO     [EE] 'artificial intelligence' → 96 entries, 50 kept so far
03:56:54  INFO     [LT] 'AI regulation' → 8 entries, 26 kept so far
03:56:55  INFO     [CY] 'artificial intelligence' → 100 entries, 39 kept so far
03:56:55  INFO     [SI] 'AI regulation' → 2 entries, 53 kept so far
03:56:55  INFO     [LV] 'AI regulation' → 6 entries, 20 kept so far
03:56:56  INFO     [LT] 'machine learning' → 34 entries, 30 kept so far
03:56:56  INFO     [EE] 'AI regulation' → 6 entries, 51 kept so far
03:56:56  INFO     [CY] 'AI regulation' → 66 entries, 88 kept so far
03:56:56  INFO     [SI] 'machine learning' → 20 entries, 53 kept so far
03:56:56  INFO     [LV] 'machine learning' → 12 entries, 24 kept so far
03:56:57  INFO     [LT] 'EU AI Act' → 18 entries, 30 kept so far
03:56:57  INFO     [EE] 'machine learning' → 17 entries, 53 kept so far
03:56:58  INFO     [LV] 'EU AI Act' → 7 entries, 24 kept so far
03:56:58  INFO     [CY] 'machine learning' → 100 entries, 131 kept so far
03:56:58  INFO     [SI] 'EU AI Act' → 26 entries, 57 kept so far
03:56:58  INFO     [LT] 'generative AI' → 18 entries, 36 kept so far
03:56:59  INFO     [EE] 'EU AI Act' → 9 entries, 54 kept so far
03:56:59  INFO     [LV] 'generative AI' → 10 entries, 25 kept so far
03:56:59  INFO     [SI] 'generative AI' → 15 entries, 58 kept so far
03:56:59  INFO     [CY] 'EU AI Act' → 55 entries, 148 kept so far
03:56:59  INFO     [LT] +13 new articles saved
03:57:00  INFO     [EE] 'generative AI' → 11 entries, 57 kept so far
03:57:00  INFO     [LU] 'artificial intelligence' → 101 entries, 54 kept so far
03:57:00  INFO     [LV] +11 new articles saved
03:57:00  INFO     [SI] +23 new articles saved
03:57:00  INFO     [MT] 'artificial intelligence' → 106 entries, 62 kept so far
03:57:01  INFO     [CY] 'generative AI' → 100 entries, 193 kept so far
03:57:01  INFO     [EE] +31 new articles saved
03:57:01  INFO     [MT] 'AI regulation' → 101 entries, 100 kept so far
03:57:02  INFO     [LU] 'AI regulation' → 99 entries, 144 kept so far
03:57:02  INFO     [CY] +5 new articles saved
03:57:03  INFO     [MT] 'machine learning' → 100 entries, 155 kept so far
03:57:03  INFO     [LU] 'machine learning' → 100 entries, 195 kept so far
03:57:04  INFO     [MT] 'EU AI Act' → 100 entries, 237 kept so far
03:57:05  INFO     [LU] 'EU AI Act' → 84 entries, 232 kept so far
03:57:05  INFO     [MT] 'generative AI' → 100 entries, 305 kept so far
03:57:06  INFO     [MT] +0 new articles saved
03:57:06  INFO     [LU] 'generative AI' → 100 entries, 259 kept so far
03:57:07  INFO     [LU] +0 new articles saved
03:57:07  INFO     Scrape complete. 2100 new articles this run.
