06:55:38  INFO     Starting scrape: 27 countries, 5 queries each
/home/runner/work/EU_AI_News/EU_AI_News/eu_ai_news_scraper.py:230: DeprecationWarning: datetime.datetime.utcnow() is deprecated and scheduled for removal in a future version. Use timezone-aware objects to represent datetimes in UTC: datetime.datetime.now(datetime.UTC).
  "scraped_at":   datetime.utcnow().isoformat(),
06:55:38  INFO     [DE] 'artificial intelligence' → 100 entries, 55 kept so far
06:55:38  INFO     [FR] 'artificial intelligence' → 101 entries, 49 kept so far
06:55:38  INFO     [IT] 'artificial intelligence' → 100 entries, 49 kept so far
06:55:38  INFO     [PL] 'artificial intelligence' → 100 entries, 15 kept so far
06:55:39  INFO     [ES] 'artificial intelligence' → 100 entries, 64 kept so far
06:55:40  INFO     [DE] 'AI regulation' → 100 entries, 107 kept so far
06:55:40  INFO     [FR] 'AI regulation' → 100 entries, 108 kept so far
06:55:40  INFO     [IT] 'AI regulation' → 100 entries, 125 kept so far
06:55:40  INFO     [PL] 'AI regulation' → 100 entries, 89 kept so far
06:55:40  INFO     [ES] 'AI regulation' → 74 entries, 88 kept so far
06:55:41  INFO     [DE] 'machine learning' → 100 entries, 160 kept so far
06:55:41  INFO     [FR] 'machine learning' → 100 entries, 163 kept so far
06:55:41  INFO     [IT] 'machine learning' → 100 entries, 201 kept so far
06:55:42  INFO     [PL] 'machine learning' → 100 entries, 130 kept so far
06:55:42  INFO     [ES] 'machine learning' → 100 entries, 160 kept so far
06:55:43  INFO     [DE] 'EU AI Act' → 100 entries, 241 kept so far
06:55:43  INFO     [FR] 'EU AI Act' → 86 entries, 217 kept so far
06:55:43  INFO     [IT] 'EU AI Act' → 100 entries, 274 kept so far
06:55:43  INFO     [PL] 'EU AI Act' → 78 entries, 158 kept so far
06:55:43  INFO     [ES] 'EU AI Act' → 78 entries, 202 kept so far
06:55:44  INFO     [DE] 'generative AI' → 90 entries, 307 kept so far
06:55:44  INFO     [FR] 'generative AI' → 100 entries, 248 kept so far
06:55:45  INFO     [IT] 'generative AI' → 100 entries, 312 kept so far
06:55:45  INFO     [PL] 'generative AI' → 100 entries, 189 kept so far
06:55:45  INFO     [ES] 'generative AI' → 100 entries, 244 kept so far
06:55:45  INFO     [DE] +240 new articles saved
06:55:45  INFO     [FR] +134 new articles saved
06:55:46  INFO     [IT] +182 new articles saved
06:55:46  INFO     [PL] +127 new articles saved
06:55:46  INFO     [BE] 'artificial intelligence' → 100 entries, 55 kept so far
06:55:46  INFO     [NL] 'artificial intelligence' → 100 entries, 14 kept so far
06:55:46  INFO     [ES] +138 new articles saved
06:55:46  INFO     [SE] 'artificial intelligence' → 100 entries, 7 kept so far
06:55:46  INFO     [AT] 'artificial intelligence' → 100 entries, 50 kept so far
06:55:47  INFO     [DK] 'artificial intelligence' → 100 entries, 22 kept so far
06:55:47  INFO     [NL] 'AI regulation' → 78 entries, 73 kept so far
06:55:47  INFO     [BE] 'AI regulation' → 100 entries, 111 kept so far
06:55:48  INFO     [SE] 'AI regulation' → 70 entries, 23 kept so far
06:55:48  INFO     [AT] 'AI regulation' → 100 entries, 110 kept so far
06:55:48  INFO     [DK] 'AI regulation' → 33 entries, 27 kept so far
06:55:49  INFO     [NL] 'machine learning' → 100 entries, 132 kept so far
06:55:49  INFO     [BE] 'machine learning' → 100 entries, 167 kept so far
06:55:49  INFO     [SE] 'machine learning' → 73 entries, 41 kept so far
06:55:49  INFO     [AT] 'machine learning' → 100 entries, 166 kept so far
06:55:50  INFO     [DK] 'machine learning' → 76 entries, 44 kept so far
06:55:50  INFO     [NL] 'EU AI Act' → 99 entries, 157 kept so far
06:55:50  INFO     [SE] 'EU AI Act' → 67 entries, 44 kept so far
06:55:51  INFO     [BE] 'EU AI Act' → 90 entries, 221 kept so far
06:55:51  INFO     [AT] 'EU AI Act' → 100 entries, 252 kept so far
06:55:51  INFO     [DK] 'EU AI Act' → 77 entries, 63 kept so far
06:55:52  INFO     [SE] 'generative AI' → 75 entries, 54 kept so far
06:55:52  INFO     [NL] 'generative AI' → 100 entries, 186 kept so far
06:55:52  INFO     [BE] 'generative AI' → 100 entries, 248 kept so far
06:55:53  INFO     [AT] 'generative AI' → 100 entries, 275 kept so far
06:55:53  INFO     [DK] 'generative AI' → 90 entries, 89 kept so far
06:55:53  INFO     [SE] +20 new articles saved
06:55:53  INFO     [NL] +92 new articles saved
06:55:53  INFO     [BE] +16 new articles saved
06:55:53  INFO     [FI] 'artificial intelligence' → 100 entries, 63 kept so far
06:55:54  INFO     [PT] 'artificial intelligence' → 100 entries, 59 kept so far
06:55:54  INFO     [AT] +82 new articles saved
06:55:54  INFO     [DK] +36 new articles saved
06:55:54  INFO     [CZ] 'artificial intelligence' → 100 entries, 20 kept so far
06:55:54  INFO     [RO] 'artificial intelligence' → 100 entries, 41 kept so far
06:55:54  INFO     [HU] 'artificial intelligence' → 100 entries, 15 kept so far
06:55:55  INFO     [FI] 'AI regulation' → 47 entries, 77 kept so far
06:55:55  INFO     [PT] 'AI regulation' → 100 entries, 117 kept so far
06:55:55  INFO     [RO] 'AI regulation' → 24 entries, 47 kept so far
06:55:55  INFO     [CZ] 'AI regulation' → 78 entries, 50 kept so far
06:55:56  INFO     [HU] 'AI regulation' → 77 entries, 20 kept so far
06:55:56  INFO     [FI] 'machine learning' → 83 entries, 113 kept so far
06:55:57  INFO     [PT] 'machine learning' → 100 entries, 190 kept so far
06:55:57  INFO     [RO] 'machine learning' → 100 entries, 100 kept so far
06:55:57  INFO     [CZ] 'machine learning' → 81 entries, 70 kept so far
06:55:58  INFO     [HU] 'machine learning' → 75 entries, 47 kept so far
06:55:58  INFO     [FI] 'EU AI Act' → 67 entries, 146 kept so far
06:55:58  INFO     [PT] 'EU AI Act' → 52 entries, 198 kept so far
06:55:59  INFO     [CZ] 'EU AI Act' → 77 entries, 82 kept so far
06:55:59  INFO     [RO] 'EU AI Act' → 76 entries, 121 kept so far
06:55:59  INFO     [HU] 'EU AI Act' → 74 entries, 67 kept so far
06:56:00  INFO     [FI] 'generative AI' → 51 entries, 176 kept so far
06:56:00  INFO     [PT] 'generative AI' → 100 entries, 226 kept so far
06:56:00  INFO     [CZ] 'generative AI' → 81 entries, 101 kept so far
06:56:00  INFO     [RO] 'generative AI' → 86 entries, 142 kept so far
06:56:00  INFO     [HU] 'generative AI' → 75 entries, 91 kept so far
06:56:01  INFO     [FI] +83 new articles saved
06:56:01  INFO     [PT] +152 new articles saved
06:56:01  INFO     [CZ] +68 new articles saved
06:56:01  INFO     [RO] +75 new articles saved
06:56:01  INFO     [GR] 'artificial intelligence' → 100 entries, 46 kept so far
06:56:01  INFO     [SK] 'artificial intelligence' → 100 entries, 22 kept so far
06:56:02  INFO     [HU] +48 new articles saved
06:56:02  INFO     [HR] 'artificial intelligence' → 100 entries, 67 kept so far
06:56:02  INFO     [IE] 'artificial intelligence' → 100 entries, 60 kept so far
06:56:02  INFO     [BG] 'artificial intelligence' → 74 entries, 35 kept so far
06:56:03  INFO     [SK] 'AI regulation' → 24 entries, 24 kept so far
06:56:03  INFO     [GR] 'AI regulation' → 61 entries, 101 kept so far
06:56:03  INFO     [HR] 'AI regulation' → 100 entries, 117 kept so far
06:56:03  INFO     [BG] 'AI regulation' → 7 entries, 36 kept so far
06:56:03  INFO     [IE] 'AI regulation' → 100 entries, 112 kept so far
06:56:04  INFO     [SK] 'machine learning' → 58 entries, 37 kept so far
06:56:04  INFO     [GR] 'machine learning' → 94 entries, 136 kept so far
06:56:05  INFO     [HR] 'machine learning' → 100 entries, 176 kept so far
06:56:05  INFO     [BG] 'machine learning' → 54 entries, 46 kept so far
06:56:05  INFO     [IE] 'machine learning' → 100 entries, 171 kept so far
06:56:06  INFO     [SK] 'EU AI Act' → 60 entries, 49 kept so far
06:56:06  INFO     [GR] 'EU AI Act' → 62 entries, 158 kept so far
06:56:06  INFO     [BG] 'EU AI Act' → 15 entries, 48 kept so far
06:56:06  INFO     [HR] 'EU AI Act' → 100 entries, 258 kept so far
06:56:07  INFO     [IE] 'EU AI Act' → 100 entries, 242 kept so far
06:56:07  INFO     [SK] 'generative AI' → 42 entries, 57 kept so far
06:56:07  INFO     [BG] 'generative AI' → 24 entries, 52 kept so far
06:56:07  INFO     [GR] 'generative AI' → 100 entries, 203 kept so far
06:56:08  INFO     [HR] 'generative AI' → 100 entries, 311 kept so far
06:56:08  INFO     [SK] +29 new articles saved
06:56:08  INFO     [BG] +26 new articles saved
06:56:08  INFO     [GR] +131 new articles saved
06:56:09  INFO     [IE] 'generative AI' → 100 entries, 298 kept so far
06:56:09  INFO     [LT] 'artificial intelligence' → 87 entries, 23 kept so far
06:56:09  INFO     [LV] 'artificial intelligence' → 60 entries, 17 kept so far
06:56:09  INFO     [SI] 'artificial intelligence' → 98 entries, 47 kept so far
06:56:09  INFO     [HR] +273 new articles saved
06:56:09  INFO     [EE] 'artificial intelligence' → 100 entries, 45 kept so far
06:56:10  INFO     [IE] +102 new articles saved
06:56:10  INFO     [LV] 'AI regulation' → 5 entries, 17 kept so far
06:56:10  INFO     [LT] 'AI regulation' → 15 entries, 24 kept so far
06:56:10  INFO     [SI] 'AI regulation' → 11 entries, 47 kept so far
06:56:10  INFO     [CY] 'artificial intelligence' → 100 entries, 46 kept so far
06:56:11  INFO     [EE] 'AI regulation' → 11 entries, 45 kept so far
06:56:11  INFO     [LV] 'machine learning' → 9 entries, 18 kept so far
06:56:11  INFO     [SI] 'machine learning' → 20 entries, 50 kept so far
06:56:11  INFO     [LT] 'machine learning' → 30 entries, 28 kept so far
06:56:12  INFO     [CY] 'AI regulation' → 61 entries, 101 kept so far
06:56:12  INFO     [EE] 'machine learning' → 22 entries, 47 kept so far
06:56:12  INFO     [LV] 'EU AI Act' → 4 entries, 18 kept so far
06:56:13  INFO     [SI] 'EU AI Act' → 20 entries, 53 kept so far
06:56:13  INFO     [CY] 'machine learning' → 42 entries, 124 kept so far
06:56:13  INFO     [EE] 'EU AI Act' → 15 entries, 48 kept so far
06:56:14  INFO     [LV] 'generative AI' → 8 entries, 20 kept so far
06:56:14  INFO     [LT] 'EU AI Act' → 20 entries, 29 kept so far
06:56:14  INFO     [SI] 'generative AI' → 12 entries, 55 kept so far
06:56:14  INFO     [CY] 'EU AI Act' → 62 entries, 147 kept so far
06:56:15  INFO     [LV] +10 new articles saved
06:56:15  INFO     [EE] 'generative AI' → 11 entries, 51 kept so far
06:56:15  INFO     [LT] 'generative AI' → 22 entries, 37 kept so far
06:56:15  INFO     [SI] +21 new articles saved
06:56:15  INFO     [LU] 'artificial intelligence' → 101 entries, 49 kept so far
06:56:15  INFO     [MT] 'artificial intelligence' → 100 entries, 67 kept so far
06:56:16  INFO     [EE] +26 new articles saved
06:56:16  INFO     [CY] 'generative AI' → 100 entries, 192 kept so far
06:56:16  INFO     [LT] +13 new articles saved
06:56:16  INFO     [MT] 'AI regulation' → 100 entries, 117 kept so far
06:56:17  INFO     [LU] 'AI regulation' → 100 entries, 108 kept so far
06:56:17  INFO     [CY] +3 new articles saved
06:56:17  INFO     [MT] 'machine learning' → 100 entries, 176 kept so far
06:56:18  INFO     [LU] 'machine learning' → 100 entries, 163 kept so far
06:56:19  INFO     [MT] 'EU AI Act' → 100 entries, 258 kept so far
06:56:20  INFO     [LU] 'EU AI Act' → 86 entries, 217 kept so far
06:56:20  INFO     [MT] 'generative AI' → 100 entries, 311 kept so far
06:56:21  INFO     [MT] +0 new articles saved
06:56:21  INFO     [LU] 'generative AI' → 100 entries, 248 kept so far
06:56:22  INFO     [LU] +0 new articles saved
06:56:22  INFO     Scrape complete. 2127 new articles this run.
