21:58:13  INFO     Starting scrape: 27 countries, 5 queries each
21:58:14  INFO     [DE] 'artificial intelligence' → 100 entries, 50 kept so far
21:58:14  INFO     [ES] 'artificial intelligence' → 100 entries, 65 kept so far
21:58:14  INFO     [PL] 'artificial intelligence' → 100 entries, 14 kept so far
21:58:14  INFO     [FR] 'artificial intelligence' → 100 entries, 37 kept so far
/home/runner/work/EU_AI_News/EU_AI_News/eu_ai_news_scraper.py:230: DeprecationWarning: datetime.datetime.utcnow() is deprecated and scheduled for removal in a future version. Use timezone-aware objects to represent datetimes in UTC: datetime.datetime.now(datetime.UTC).
  "scraped_at":   datetime.utcnow().isoformat(),
21:58:14  INFO     [IT] 'artificial intelligence' → 100 entries, 44 kept so far
21:58:15  INFO     [DE] 'AI regulation' → 100 entries, 127 kept so far
21:58:16  INFO     [PL] 'AI regulation' → 100 entries, 92 kept so far
21:58:16  INFO     [ES] 'AI regulation' → 82 entries, 121 kept so far
21:58:16  INFO     [FR] 'AI regulation' → 100 entries, 119 kept so far
21:58:16  INFO     [IT] 'AI regulation' → 100 entries, 131 kept so far
21:58:17  INFO     [DE] 'machine learning' → 100 entries, 180 kept so far
21:58:17  INFO     [PL] 'machine learning' → 100 entries, 136 kept so far
21:58:17  INFO     [ES] 'machine learning' → 100 entries, 200 kept so far
21:58:17  INFO     [FR] 'machine learning' → 100 entries, 181 kept so far
21:58:17  INFO     [IT] 'machine learning' → 100 entries, 206 kept so far
21:58:19  INFO     [DE] 'EU AI Act' → 100 entries, 228 kept so far
21:58:19  INFO     [PL] 'EU AI Act' → 78 entries, 153 kept so far
21:58:19  INFO     [ES] 'EU AI Act' → 77 entries, 222 kept so far
21:58:19  INFO     [FR] 'EU AI Act' → 88 entries, 237 kept so far
21:58:19  INFO     [IT] 'EU AI Act' → 100 entries, 285 kept so far
21:58:20  INFO     [DE] 'generative AI' → 100 entries, 249 kept so far
21:58:20  INFO     [PL] 'generative AI' → 100 entries, 181 kept so far
21:58:21  INFO     [ES] 'generative AI' → 100 entries, 265 kept so far
21:58:21  INFO     [FR] 'generative AI' → 100 entries, 265 kept so far
21:58:21  INFO     [IT] 'generative AI' → 100 entries, 327 kept so far
21:58:22  INFO     [DE] +185 new articles saved
21:58:22  INFO     [PL] +109 new articles saved
21:58:22  INFO     [ES] +158 new articles saved
21:58:22  INFO     [FR] +159 new articles saved
21:58:22  INFO     [IT] +219 new articles saved
21:58:22  INFO     [NL] 'artificial intelligence' → 100 entries, 12 kept so far
21:58:22  INFO     [BE] 'artificial intelligence' → 100 entries, 46 kept so far
21:58:22  INFO     [SE] 'artificial intelligence' → 100 entries, 7 kept so far
21:58:22  INFO     [AT] 'artificial intelligence' → 100 entries, 49 kept so far
21:58:23  INFO     [DK] 'artificial intelligence' → 100 entries, 24 kept so far
21:58:24  INFO     [NL] 'AI regulation' → 78 entries, 65 kept so far
21:58:24  INFO     [BE] 'AI regulation' → 100 entries, 125 kept so far
21:58:24  INFO     [SE] 'AI regulation' → 77 entries, 23 kept so far
21:58:24  INFO     [AT] 'AI regulation' → 100 entries, 125 kept so far
21:58:24  INFO     [DK] 'AI regulation' → 44 entries, 36 kept so far
21:58:25  INFO     [SE] 'machine learning' → 27 entries, 34 kept so far
21:58:25  INFO     [NL] 'machine learning' → 100 entries, 119 kept so far
21:58:26  INFO     [BE] 'machine learning' → 100 entries, 188 kept so far
21:58:26  INFO     [AT] 'machine learning' → 100 entries, 178 kept so far
21:58:26  INFO     [DK] 'machine learning' → 78 entries, 54 kept so far
21:58:27  INFO     [SE] 'EU AI Act' → 74 entries, 37 kept so far
21:58:27  INFO     [NL] 'EU AI Act' → 97 entries, 147 kept so far
21:58:27  INFO     [BE] 'EU AI Act' → 94 entries, 242 kept so far
21:58:27  INFO     [AT] 'EU AI Act' → 100 entries, 250 kept so far
21:58:28  INFO     [DK] 'EU AI Act' → 77 entries, 71 kept so far
21:58:28  INFO     [SE] 'generative AI' → 72 entries, 48 kept so far
21:58:29  INFO     [NL] 'generative AI' → 100 entries, 175 kept so far
21:58:29  INFO     [BE] 'generative AI' → 100 entries, 269 kept so far
21:58:29  INFO     [AT] 'generative AI' → 100 entries, 271 kept so far
21:58:29  INFO     [DK] 'generative AI' → 88 entries, 97 kept so far
21:58:30  INFO     [SE] +18 new articles saved
21:58:30  INFO     [NL] +83 new articles saved
21:58:30  INFO     [BE] +29 new articles saved
21:58:30  INFO     [AT] +62 new articles saved
21:58:30  INFO     [FI] 'artificial intelligence' → 100 entries, 63 kept so far
21:58:30  INFO     [DK] +38 new articles saved
21:58:30  INFO     [PT] 'artificial intelligence' → 100 entries, 63 kept so far
21:58:31  INFO     [RO] 'artificial intelligence' → 100 entries, 44 kept so far
21:58:31  INFO     [CZ] 'artificial intelligence' → 100 entries, 17 kept so far
21:58:31  INFO     [HU] 'artificial intelligence' → 100 entries, 14 kept so far
21:58:32  INFO     [FI] 'AI regulation' → 55 entries, 79 kept so far
21:58:32  INFO     [PT] 'AI regulation' → 97 entries, 123 kept so far
21:58:32  INFO     [RO] 'AI regulation' → 75 entries, 52 kept so far
21:58:32  INFO     [CZ] 'AI regulation' → 76 entries, 45 kept so far
21:58:33  INFO     [HU] 'AI regulation' → 77 entries, 20 kept so far
21:58:34  INFO     [FI] 'machine learning' → 85 entries, 113 kept so far
21:58:34  INFO     [RO] 'machine learning' → 100 entries, 100 kept so far
21:58:34  INFO     [CZ] 'machine learning' → 78 entries, 64 kept so far
21:58:34  INFO     [PT] 'machine learning' → 100 entries, 194 kept so far
21:58:34  INFO     [HU] 'machine learning' → 75 entries, 49 kept so far
21:58:35  INFO     [FI] 'EU AI Act' → 65 entries, 146 kept so far
21:58:35  INFO     [CZ] 'EU AI Act' → 72 entries, 78 kept so far
21:58:35  INFO     [RO] 'EU AI Act' → 76 entries, 121 kept so far
21:58:36  INFO     [PT] 'EU AI Act' → 57 entries, 206 kept so far
21:58:36  INFO     [HU] 'EU AI Act' → 77 entries, 67 kept so far
21:58:37  INFO     [FI] 'generative AI' → 57 entries, 182 kept so far
21:58:37  INFO     [CZ] 'generative AI' → 74 entries, 95 kept so far
21:58:37  INFO     [RO] 'generative AI' → 81 entries, 140 kept so far
21:58:37  INFO     [HU] 'generative AI' → 75 entries, 91 kept so far
21:58:37  INFO     [PT] 'generative AI' → 100 entries, 236 kept so far
21:58:38  INFO     [FI] +88 new articles saved
21:58:38  INFO     [CZ] +62 new articles saved
21:58:38  INFO     [RO] +74 new articles saved
21:58:38  INFO     [GR] 'artificial intelligence' → 100 entries, 36 kept so far
21:58:39  INFO     [HU] +48 new articles saved
21:58:39  INFO     [PT] +157 new articles saved
21:58:39  INFO     [IE] 'artificial intelligence' → 100 entries, 55 kept so far
21:58:39  INFO     [BG] 'artificial intelligence' → 79 entries, 36 kept so far
21:58:39  INFO     [HR] 'artificial intelligence' → 100 entries, 48 kept so far
21:58:40  INFO     [GR] 'AI regulation' → 62 entries, 90 kept so far
21:58:40  INFO     [BG] 'AI regulation' → 12 entries, 36 kept so far
21:58:41  INFO     [GR] 'machine learning' → 100 entries, 125 kept so far
21:58:42  INFO     [SK] 'artificial intelligence' → 100 entries, 24 kept so far
21:58:42  INFO     [HR] 'AI regulation' → 100 entries, 75 kept so far
21:58:42  INFO     [IE] 'AI regulation' → 100 entries, 80 kept so far
21:58:42  INFO     [BG] 'machine learning' → 51 entries, 44 kept so far
21:58:43  INFO     [GR] 'EU AI Act' → 57 entries, 143 kept so far
21:58:43  INFO     [SK] 'AI regulation' → 24 entries, 27 kept so far
21:58:43  INFO     [BG] 'EU AI Act' → 16 entries, 47 kept so far
21:58:43  INFO     [HR] 'machine learning' → 100 entries, 135 kept so far
21:58:44  INFO     [IE] 'machine learning' → 100 entries, 139 kept so far
21:58:45  INFO     [SK] 'machine learning' → 56 entries, 39 kept so far
21:58:45  INFO     [BG] 'generative AI' → 25 entries, 51 kept so far
21:58:45  INFO     [GR] 'generative AI' → 100 entries, 186 kept so far
21:58:45  INFO     [HR] 'EU AI Act' → 100 entries, 218 kept so far
21:58:46  INFO     [IE] 'EU AI Act' → 100 entries, 213 kept so far
21:58:46  INFO     [BG] +26 new articles saved
21:58:46  INFO     [GR] +127 new articles saved
21:58:46  INFO     [SK] 'EU AI Act' → 65 entries, 51 kept so far
21:58:46  INFO     [SI] 'artificial intelligence' → 94 entries, 48 kept so far
21:58:46  INFO     [LT] 'artificial intelligence' → 86 entries, 28 kept so far
21:58:47  INFO     [HR] 'generative AI' → 100 entries, 269 kept so far
21:58:47  INFO     [IE] 'generative AI' → 100 entries, 262 kept so far
21:58:48  INFO     [SK] 'generative AI' → 43 entries, 58 kept so far
21:58:48  INFO     [SI] 'AI regulation' → 13 entries, 48 kept so far
21:58:48  INFO     [LT] 'AI regulation' → 16 entries, 29 kept so far
21:58:48  INFO     [HR] +240 new articles saved
21:58:48  INFO     [LV] 'artificial intelligence' → 65 entries, 21 kept so far
21:58:48  INFO     [IE] +93 new articles saved
21:58:49  INFO     [SK] +27 new articles saved
21:58:49  INFO     [EE] 'artificial intelligence' → 100 entries, 46 kept so far
21:58:49  INFO     [SI] 'machine learning' → 21 entries, 50 kept so far
21:58:49  INFO     [LT] 'machine learning' → 31 entries, 33 kept so far
21:58:49  INFO     [CY] 'artificial intelligence' → 100 entries, 36 kept so far
21:58:50  INFO     [LV] 'AI regulation' → 7 entries, 21 kept so far
21:58:50  INFO     [EE] 'AI regulation' → 6 entries, 46 kept so far
21:58:50  INFO     [SI] 'EU AI Act' → 24 entries, 54 kept so far
21:58:50  INFO     [LT] 'EU AI Act' → 19 entries, 33 kept so far
21:58:51  INFO     [CY] 'AI regulation' → 62 entries, 90 kept so far
21:58:51  INFO     [LV] 'machine learning' → 9 entries, 22 kept so far
21:58:52  INFO     [LT] 'generative AI' → 22 entries, 41 kept so far
21:58:52  INFO     [SI] 'generative AI' → 12 entries, 56 kept so far
21:58:52  INFO     [EE] 'machine learning' → 19 entries, 48 kept so far
21:58:52  INFO     [LV] 'EU AI Act' → 6 entries, 22 kept so far
21:58:53  INFO     [CY] 'machine learning' → 100 entries, 127 kept so far
21:58:53  INFO     [LT] +17 new articles saved
21:58:53  INFO     [SI] +22 new articles saved
21:58:53  INFO     [EE] 'EU AI Act' → 17 entries, 50 kept so far
21:58:53  INFO     [MT] 'artificial intelligence' → 100 entries, 50 kept so far
21:58:53  INFO     [LU] 'artificial intelligence' → 100 entries, 37 kept so far
21:58:54  INFO     [LV] 'generative AI' → 8 entries, 24 kept so far
21:58:54  INFO     [CY] 'EU AI Act' → 58 entries, 146 kept so far
21:58:55  INFO     [LV] +12 new articles saved
21:58:55  INFO     [EE] 'generative AI' → 10 entries, 52 kept so far
21:58:55  INFO     [MT] 'AI regulation' → 100 entries, 77 kept so far
21:58:55  INFO     [LU] 'AI regulation' → 100 entries, 119 kept so far
21:58:56  INFO     [EE] +25 new articles saved
21:58:56  INFO     [CY] 'generative AI' → 100 entries, 191 kept so far
21:58:57  INFO     [MT] 'machine learning' → 100 entries, 137 kept so far
21:58:57  INFO     [LU] 'machine learning' → 100 entries, 181 kept so far
21:58:57  INFO     [CY] +5 new articles saved
21:58:58  INFO     [MT] 'EU AI Act' → 100 entries, 220 kept so far
21:58:58  INFO     [LU] 'EU AI Act' → 85 entries, 231 kept so far
21:59:00  INFO     [MT] 'generative AI' → 100 entries, 270 kept so far
21:59:00  INFO     [LU] 'generative AI' → 100 entries, 259 kept so far
21:59:01  INFO     [MT] +1 new articles saved
21:59:01  INFO     [LU] +1 new articles saved
21:59:01  INFO     Scrape complete. 2085 new articles this run.
