10:55:20  INFO     Starting scrape: 27 countries, 5 queries each
/home/runner/work/EU_AI_News/EU_AI_News/eu_ai_news_scraper.py:230: DeprecationWarning: datetime.datetime.utcnow() is deprecated and scheduled for removal in a future version. Use timezone-aware objects to represent datetimes in UTC: datetime.datetime.now(datetime.UTC).
  "scraped_at":   datetime.utcnow().isoformat(),
10:55:20  INFO     [DE] 'artificial intelligence' → 100 entries, 30 kept so far
10:55:20  INFO     [FR] 'artificial intelligence' → 100 entries, 51 kept so far
10:55:20  INFO     [PL] 'artificial intelligence' → 100 entries, 11 kept so far
10:55:21  INFO     [ES] 'artificial intelligence' → 100 entries, 49 kept so far
10:55:21  INFO     [IT] 'artificial intelligence' → 100 entries, 34 kept so far
10:55:22  INFO     [DE] 'AI regulation' → 99 entries, 103 kept so far
10:55:22  INFO     [PL] 'AI regulation' → 78 entries, 71 kept so far
10:55:22  INFO     [FR] 'AI regulation' → 100 entries, 140 kept so far
10:55:22  INFO     [ES] 'AI regulation' → 80 entries, 96 kept so far
10:55:22  INFO     [IT] 'AI regulation' → 100 entries, 125 kept so far
10:55:24  INFO     [DE] 'machine learning' → 100 entries, 157 kept so far
10:55:24  INFO     [PL] 'machine learning' → 100 entries, 109 kept so far
10:55:24  INFO     [FR] 'machine learning' → 100 entries, 192 kept so far
10:55:24  INFO     [IT] 'machine learning' → 100 entries, 191 kept so far
10:55:24  INFO     [ES] 'machine learning' → 100 entries, 173 kept so far
10:55:25  INFO     [DE] 'EU AI Act' → 100 entries, 209 kept so far
10:55:25  INFO     [PL] 'EU AI Act' → 76 entries, 125 kept so far
10:55:25  INFO     [FR] 'EU AI Act' → 73 entries, 208 kept so far
10:55:26  INFO     [IT] 'EU AI Act' → 100 entries, 248 kept so far
10:55:26  INFO     [ES] 'EU AI Act' → 77 entries, 189 kept so far
10:55:27  INFO     [DE] 'generative AI' → 100 entries, 229 kept so far
10:55:27  INFO     [PL] 'generative AI' → 100 entries, 150 kept so far
10:55:27  INFO     [FR] 'generative AI' → 100 entries, 235 kept so far
10:55:27  INFO     [IT] 'generative AI' → 100 entries, 289 kept so far
10:55:27  INFO     [ES] 'generative AI' → 100 entries, 224 kept so far
10:55:28  INFO     [DE] +178 new articles saved
10:55:28  INFO     [PL] +107 new articles saved
10:55:28  INFO     [FR] +148 new articles saved
10:55:28  INFO     [IT] +216 new articles saved
10:55:28  INFO     [NL] 'artificial intelligence' → 100 entries, 19 kept so far
10:55:28  INFO     [ES] +153 new articles saved
10:55:28  INFO     [BE] 'artificial intelligence' → 100 entries, 60 kept so far
10:55:29  INFO     [SE] 'artificial intelligence' → 100 entries, 8 kept so far
10:55:29  INFO     [AT] 'artificial intelligence' → 100 entries, 35 kept so far
10:55:29  INFO     [DK] 'artificial intelligence' → 100 entries, 14 kept so far
10:55:30  INFO     [NL] 'AI regulation' → 78 entries, 64 kept so far
10:55:30  INFO     [SE] 'AI regulation' → 79 entries, 17 kept so far
10:55:30  INFO     [BE] 'AI regulation' → 100 entries, 149 kept so far
10:55:31  INFO     [AT] 'AI regulation' → 100 entries, 109 kept so far
10:55:31  INFO     [DK] 'AI regulation' → 33 entries, 21 kept so far
10:55:31  INFO     [NL] 'machine learning' → 100 entries, 117 kept so far
10:55:32  INFO     [SE] 'machine learning' → 67 entries, 33 kept so far
10:55:32  INFO     [BE] 'machine learning' → 100 entries, 200 kept so far
10:55:32  INFO     [DK] 'machine learning' → 80 entries, 36 kept so far
10:55:32  INFO     [AT] 'machine learning' → 100 entries, 156 kept so far
10:55:33  INFO     [NL] 'EU AI Act' → 79 entries, 131 kept so far
10:55:33  INFO     [SE] 'EU AI Act' → 74 entries, 39 kept so far
10:55:33  INFO     [BE] 'EU AI Act' → 78 entries, 222 kept so far
10:55:34  INFO     [DK] 'EU AI Act' → 34 entries, 45 kept so far
10:55:34  INFO     [AT] 'EU AI Act' → 100 entries, 229 kept so far
10:55:35  INFO     [NL] 'generative AI' → 100 entries, 150 kept so far
10:55:35  INFO     [SE] 'generative AI' → 69 entries, 48 kept so far
10:55:35  INFO     [BE] 'generative AI' → 100 entries, 241 kept so far
10:55:35  INFO     [AT] 'generative AI' → 100 entries, 258 kept so far
10:55:36  INFO     [NL] +93 new articles saved
10:55:36  INFO     [SE] +28 new articles saved
10:55:36  INFO     [BE] +34 new articles saved
10:55:36  INFO     [FI] 'artificial intelligence' → 100 entries, 71 kept so far
10:55:37  INFO     [PT] 'artificial intelligence' → 100 entries, 46 kept so far
10:55:37  INFO     [AT] +66 new articles saved
10:55:37  INFO     [CZ] 'artificial intelligence' → 100 entries, 20 kept so far
10:55:37  INFO     [DK] 'generative AI' → 0 entries, 45 kept so far
10:55:37  INFO     [RO] 'artificial intelligence' → 100 entries, 39 kept so far
10:55:38  INFO     [FI] 'AI regulation' → 41 entries, 78 kept so far
10:55:38  INFO     [DK] +22 new articles saved
10:55:38  INFO     [PT] 'AI regulation' → 89 entries, 100 kept so far
10:55:38  INFO     [CZ] 'AI regulation' → 73 entries, 44 kept so far
10:55:39  INFO     [RO] 'AI regulation' → 78 entries, 51 kept so far
10:55:39  INFO     [HU] 'artificial intelligence' → 100 entries, 20 kept so far
10:55:40  INFO     [FI] 'machine learning' → 70 entries, 112 kept so far
10:55:40  INFO     [CZ] 'machine learning' → 62 entries, 56 kept so far
10:55:40  INFO     [PT] 'machine learning' → 100 entries, 172 kept so far
10:55:40  INFO     [RO] 'machine learning' → 86 entries, 83 kept so far
10:55:40  INFO     [HU] 'AI regulation' → 77 entries, 24 kept so far
10:55:41  INFO     [FI] 'EU AI Act' → 45 entries, 138 kept so far
10:55:41  INFO     [CZ] 'EU AI Act' → 68 entries, 65 kept so far
10:55:42  INFO     [PT] 'EU AI Act' → 46 entries, 179 kept so far
10:55:42  INFO     [RO] 'EU AI Act' → 54 entries, 100 kept so far
10:55:42  INFO     [HU] 'machine learning' → 63 entries, 46 kept so far
10:55:43  INFO     [FI] 'generative AI' → 36 entries, 161 kept so far
10:55:43  INFO     [CZ] 'generative AI' → 57 entries, 78 kept so far
10:55:43  INFO     [PT] 'generative AI' → 100 entries, 208 kept so far
10:55:44  INFO     [RO] 'generative AI' → 76 entries, 123 kept so far
10:55:44  INFO     [HU] 'EU AI Act' → 77 entries, 65 kept so far
10:55:44  INFO     [FI] +96 new articles saved
10:55:44  INFO     [CZ] +58 new articles saved
10:55:44  INFO     [PT] +144 new articles saved
10:55:45  INFO     [GR] 'artificial intelligence' → 100 entries, 45 kept so far
10:55:45  INFO     [SK] 'artificial intelligence' → 100 entries, 33 kept so far
10:55:45  INFO     [RO] +75 new articles saved
10:55:45  INFO     [HU] 'generative AI' → 42 entries, 77 kept so far
10:55:45  INFO     [HR] 'artificial intelligence' → 102 entries, 53 kept so far
10:55:45  INFO     [IE] 'artificial intelligence' → 100 entries, 57 kept so far
10:55:46  INFO     [SK] 'AI regulation' → 18 entries, 36 kept so far
10:55:46  INFO     [GR] 'AI regulation' → 61 entries, 100 kept so far
10:55:46  INFO     [HU] +47 new articles saved
10:55:47  INFO     [BG] 'artificial intelligence' → 66 entries, 30 kept so far
10:55:47  INFO     [HR] 'AI regulation' → 92 entries, 95 kept so far
10:55:47  INFO     [IE] 'AI regulation' → 100 entries, 105 kept so far
10:55:47  INFO     [SK] 'machine learning' → 45 entries, 47 kept so far
10:55:48  INFO     [GR] 'machine learning' → 92 entries, 135 kept so far
10:55:48  INFO     [BG] 'AI regulation' → 8 entries, 32 kept so far
10:55:49  INFO     [HR] 'machine learning' → 100 entries, 160 kept so far
10:55:49  INFO     [IE] 'machine learning' → 100 entries, 169 kept so far
10:55:49  INFO     [SK] 'EU AI Act' → 36 entries, 50 kept so far
10:55:49  INFO     [GR] 'EU AI Act' → 69 entries, 155 kept so far
10:55:49  INFO     [BG] 'machine learning' → 34 entries, 35 kept so far
10:55:50  INFO     [SK] 'generative AI' → 25 entries, 55 kept so far
10:55:50  INFO     [HR] 'EU AI Act' → 100 entries, 237 kept so far
10:55:51  INFO     [IE] 'EU AI Act' → 100 entries, 236 kept so far
10:55:51  INFO     [BG] 'EU AI Act' → 8 entries, 37 kept so far
10:55:51  INFO     [GR] 'generative AI' → 100 entries, 197 kept so far
10:55:51  INFO     [SK] +33 new articles saved
10:55:52  INFO     [LT] 'artificial intelligence' → 75 entries, 23 kept so far
10:55:52  INFO     [GR] +140 new articles saved
10:55:52  INFO     [HR] 'generative AI' → 100 entries, 298 kept so far
10:55:52  INFO     [BG] 'generative AI' → 21 entries, 40 kept so far
10:55:52  INFO     [SI] 'artificial intelligence' → 73 entries, 32 kept so far
10:55:52  INFO     [IE] 'generative AI' → 100 entries, 300 kept so far
10:55:53  INFO     [HR] +277 new articles saved
10:55:53  INFO     [LT] 'AI regulation' → 8 entries, 23 kept so far
10:55:53  INFO     [BG] +25 new articles saved
10:55:53  INFO     [IE] +89 new articles saved
10:55:53  INFO     [LV] 'artificial intelligence' → 55 entries, 14 kept so far
10:55:54  INFO     [SI] 'AI regulation' → 3 entries, 32 kept so far
10:55:54  INFO     [EE] 'artificial intelligence' → 81 entries, 33 kept so far
10:55:54  INFO     [CY] 'artificial intelligence' → 100 entries, 45 kept so far
10:55:54  INFO     [LT] 'machine learning' → 19 entries, 25 kept so far
10:55:55  INFO     [LV] 'AI regulation' → 5 entries, 15 kept so far
10:55:55  INFO     [SI] 'machine learning' → 12 entries, 34 kept so far
10:55:55  INFO     [EE] 'AI regulation' → 6 entries, 33 kept so far
10:55:56  INFO     [CY] 'AI regulation' → 61 entries, 99 kept so far
10:55:56  INFO     [LT] 'EU AI Act' → 14 entries, 26 kept so far
10:55:56  INFO     [LV] 'machine learning' → 11 entries, 17 kept so far
10:55:56  INFO     [SI] 'EU AI Act' → 26 entries, 42 kept so far
10:55:56  INFO     [EE] 'machine learning' → 14 entries, 34 kept so far
10:55:57  INFO     [LT] 'generative AI' → 12 entries, 29 kept so far
10:55:57  INFO     [CY] 'machine learning' → 92 entries, 134 kept so far
10:55:57  INFO     [LV] 'EU AI Act' → 6 entries, 17 kept so far
10:55:58  INFO     [SI] 'generative AI' → 10 entries, 45 kept so far
10:55:58  INFO     [EE] 'EU AI Act' → 8 entries, 35 kept so far
10:55:58  INFO     [LT] +11 new articles saved
10:55:59  INFO     [LU] 'artificial intelligence' → 100 entries, 51 kept so far
10:55:59  INFO     [LV] 'generative AI' → 6 entries, 18 kept so far
10:55:59  INFO     [SI] +24 new articles saved
10:55:59  INFO     [CY] 'EU AI Act' → 64 entries, 152 kept so far
10:55:59  INFO     [MT] 'artificial intelligence' → 102 entries, 53 kept so far
10:55:59  INFO     [EE] 'generative AI' → 10 entries, 38 kept so far
10:56:00  INFO     [LV] +11 new articles saved
10:56:00  INFO     [MT] 'AI regulation' → 92 entries, 95 kept so far
10:56:00  INFO     [LU] 'AI regulation' → 86 entries, 126 kept so far
10:56:00  INFO     [EE] +16 new articles saved
10:56:00  INFO     [CY] 'generative AI' → 100 entries, 195 kept so far
10:56:01  INFO     [MT] 'machine learning' → 100 entries, 160 kept so far
10:56:01  INFO     [CY] +10 new articles saved
10:56:02  INFO     [LU] 'machine learning' → 100 entries, 178 kept so far
10:56:03  INFO     [MT] 'EU AI Act' → 100 entries, 237 kept so far
10:56:04  INFO     [LU] 'EU AI Act' → 74 entries, 206 kept so far
10:56:04  INFO     [MT] 'generative AI' → 100 entries, 298 kept so far
10:56:05  INFO     [MT] +0 new articles saved
10:56:05  INFO     [LU] 'generative AI' → 100 entries, 230 kept so far
10:56:06  INFO     [LU] +6 new articles saved
10:56:06  INFO     Scrape complete. 2107 new articles this run.
