20:48:04  INFO     Starting scrape: 27 countries, 5 queries each
/home/runner/work/EU_AI_News/EU_AI_News/eu_ai_news_scraper.py:230: DeprecationWarning: datetime.datetime.utcnow() is deprecated and scheduled for removal in a future version. Use timezone-aware objects to represent datetimes in UTC: datetime.datetime.now(datetime.UTC).
  "scraped_at":   datetime.utcnow().isoformat(),
20:48:04  INFO     [DE] 'artificial intelligence' → 100 entries, 41 kept so far
20:48:04  INFO     [IT] 'artificial intelligence' → 100 entries, 41 kept so far
20:48:04  INFO     [ES] 'artificial intelligence' → 100 entries, 50 kept so far
20:48:05  INFO     [PL] 'artificial intelligence' → 100 entries, 15 kept so far
20:48:05  INFO     [FR] 'artificial intelligence' → 100 entries, 54 kept so far
20:48:06  INFO     [DE] 'AI regulation' → 100 entries, 117 kept so far
20:48:06  INFO     [IT] 'AI regulation' → 100 entries, 126 kept so far
20:48:06  INFO     [ES] 'AI regulation' → 82 entries, 105 kept so far
20:48:06  INFO     [PL] 'AI regulation' → 100 entries, 92 kept so far
20:48:06  INFO     [FR] 'AI regulation' → 100 entries, 135 kept so far
20:48:08  INFO     [DE] 'machine learning' → 100 entries, 164 kept so far
20:48:08  INFO     [IT] 'machine learning' → 100 entries, 196 kept so far
20:48:08  INFO     [FR] 'machine learning' → 100 entries, 184 kept so far
20:48:08  INFO     [PL] 'machine learning' → 100 entries, 134 kept so far
20:48:08  INFO     [ES] 'machine learning' → 100 entries, 178 kept so far
20:48:09  INFO     [DE] 'EU AI Act' → 100 entries, 212 kept so far
20:48:10  INFO     [PL] 'EU AI Act' → 78 entries, 150 kept so far
20:48:10  INFO     [FR] 'EU AI Act' → 77 entries, 222 kept so far
20:48:10  INFO     [ES] 'EU AI Act' → 78 entries, 199 kept so far
20:48:11  INFO     [DE] 'generative AI' → 100 entries, 234 kept so far
20:48:11  INFO     [FR] 'generative AI' → 100 entries, 244 kept so far
20:48:11  INFO     [IT] 'EU AI Act' → 98 entries, 270 kept so far
20:48:11  INFO     [PL] 'generative AI' → 100 entries, 177 kept so far
20:48:11  INFO     [ES] 'generative AI' → 100 entries, 239 kept so far
20:48:12  INFO     [DE] +173 new articles saved
20:48:12  INFO     [FR] +146 new articles saved
20:48:12  INFO     [NL] 'artificial intelligence' → 100 entries, 11 kept so far
20:48:12  INFO     [PL] +128 new articles saved
20:48:12  INFO     [ES] +148 new articles saved
20:48:13  INFO     [BE] 'artificial intelligence' → 100 entries, 54 kept so far
20:48:13  INFO     [SE] 'artificial intelligence' → 100 entries, 6 kept so far
20:48:13  INFO     [AT] 'artificial intelligence' → 100 entries, 44 kept so far
20:48:13  INFO     [IT] 'generative AI' → 100 entries, 313 kept so far
20:48:14  INFO     [NL] 'AI regulation' → 78 entries, 64 kept so far
20:48:14  INFO     [IT] +213 new articles saved
20:48:15  INFO     [SE] 'AI regulation' → 78 entries, 21 kept so far
20:48:15  INFO     [AT] 'AI regulation' → 100 entries, 120 kept so far
20:48:15  INFO     [DK] 'artificial intelligence' → 100 entries, 14 kept so far
20:48:16  INFO     [NL] 'machine learning' → 100 entries, 116 kept so far
20:48:16  INFO     [SE] 'machine learning' → 72 entries, 42 kept so far
20:48:16  INFO     [DK] 'AI regulation' → 34 entries, 23 kept so far
20:48:17  INFO     [AT] 'machine learning' → 100 entries, 171 kept so far
20:48:17  INFO     [BE] 'AI regulation' → 100 entries, 132 kept so far
20:48:17  INFO     [NL] 'EU AI Act' → 79 entries, 131 kept so far
20:48:18  INFO     [SE] 'EU AI Act' → 75 entries, 46 kept so far
20:48:18  INFO     [AT] 'EU AI Act' → 100 entries, 240 kept so far
20:48:18  INFO     [DK] 'machine learning' → 74 entries, 45 kept so far
20:48:18  INFO     [BE] 'machine learning' → 100 entries, 184 kept so far
20:48:19  INFO     [NL] 'generative AI' → 100 entries, 153 kept so far
20:48:19  INFO     [SE] 'generative AI' → 73 entries, 54 kept so far
20:48:20  INFO     [AT] 'generative AI' → 100 entries, 262 kept so far
20:48:20  INFO     [DK] 'EU AI Act' → 69 entries, 56 kept so far
20:48:20  INFO     [NL] +88 new articles saved
20:48:20  INFO     [BE] 'EU AI Act' → 79 entries, 224 kept so far
20:48:20  INFO     [SE] +25 new articles saved
20:48:20  INFO     [FI] 'artificial intelligence' → 100 entries, 70 kept so far
20:48:21  INFO     [AT] +59 new articles saved
20:48:21  INFO     [PT] 'artificial intelligence' → 100 entries, 54 kept so far
20:48:21  INFO     [DK] 'generative AI' → 76 entries, 75 kept so far
20:48:21  INFO     [CZ] 'artificial intelligence' → 100 entries, 19 kept so far
20:48:22  INFO     [BE] 'generative AI' → 100 entries, 244 kept so far
20:48:22  INFO     [FI] 'AI regulation' → 45 entries, 80 kept so far
20:48:22  INFO     [DK] +28 new articles saved
20:48:23  INFO     [PT] 'AI regulation' → 94 entries, 111 kept so far
20:48:23  INFO     [CZ] 'AI regulation' → 39 entries, 43 kept so far
20:48:23  INFO     [BE] +27 new articles saved
20:48:23  INFO     [HU] 'artificial intelligence' → 100 entries, 16 kept so far
20:48:24  INFO     [CZ] 'machine learning' → 74 entries, 60 kept so far
20:48:24  INFO     [PT] 'machine learning' → 100 entries, 176 kept so far
20:48:25  INFO     [HU] 'AI regulation' → 79 entries, 20 kept so far
20:48:26  INFO     [CZ] 'EU AI Act' → 75 entries, 68 kept so far
20:48:26  INFO     [PT] 'EU AI Act' → 50 entries, 183 kept so far
20:48:26  INFO     [RO] 'artificial intelligence' → 0 entries, 0 kept so far
20:48:27  INFO     [HU] 'machine learning' → 65 entries, 42 kept so far
20:48:27  INFO     [FI] 'machine learning' → 0 entries, 80 kept so far
20:48:27  INFO     [CZ] 'generative AI' → 73 entries, 80 kept so far
20:48:28  INFO     [PT] 'generative AI' → 100 entries, 208 kept so far
20:48:28  INFO     [RO] 'AI regulation' → 78 entries, 6 kept so far
20:48:28  INFO     [CZ] +52 new articles saved
20:48:29  INFO     [PT] +139 new articles saved
20:48:29  INFO     [HU] 'EU AI Act' → 78 entries, 65 kept so far
20:48:29  INFO     [GR] 'artificial intelligence' → 100 entries, 48 kept so far
20:48:29  INFO     [SK] 'artificial intelligence' → 100 entries, 28 kept so far
20:48:30  INFO     [RO] 'machine learning' → 95 entries, 50 kept so far
20:48:30  INFO     [HU] 'generative AI' → 58 entries, 84 kept so far
20:48:31  INFO     [GR] 'AI regulation' → 64 entries, 105 kept so far
20:48:31  INFO     [HU] +50 new articles saved
20:48:31  INFO     [RO] 'EU AI Act' → 78 entries, 69 kept so far
20:48:32  INFO     [FI] 'EU AI Act' → 59 entries, 110 kept so far
20:48:32  INFO     [IE] 'artificial intelligence' → 100 entries, 63 kept so far
20:48:32  INFO     [GR] 'machine learning' → 96 entries, 145 kept so far
20:48:33  INFO     [RO] 'generative AI' → 23 entries, 79 kept so far
20:48:34  INFO     [IE] 'AI regulation' → 100 entries, 117 kept so far
20:48:34  INFO     [RO] +40 new articles saved
20:48:34  INFO     [GR] 'EU AI Act' → 61 entries, 165 kept so far
20:48:34  INFO     [FI] 'generative AI' → 50 entries, 144 kept so far
20:48:34  INFO     [HR] 'artificial intelligence' → 100 entries, 53 kept so far
20:48:34  INFO     [SK] 'AI regulation' → 0 entries, 28 kept so far
20:48:35  INFO     [FI] +79 new articles saved
20:48:35  INFO     [IE] 'machine learning' → 100 entries, 185 kept so far
20:48:36  INFO     [GR] 'generative AI' → 100 entries, 206 kept so far
20:48:36  INFO     [BG] 'artificial intelligence' → 72 entries, 29 kept so far
20:48:36  INFO     [SK] 'machine learning' → 52 entries, 38 kept so far
20:48:36  INFO     [HR] 'AI regulation' → 100 entries, 109 kept so far
20:48:37  INFO     [GR] +147 new articles saved
20:48:37  INFO     [BG] 'AI regulation' → 10 entries, 31 kept so far
20:48:37  INFO     [LT] 'artificial intelligence' → 74 entries, 27 kept so far
20:48:37  INFO     [IE] 'EU AI Act' → 100 entries, 258 kept so far
20:48:37  INFO     [SK] 'EU AI Act' → 54 entries, 47 kept so far
20:48:37  INFO     [HR] 'machine learning' → 100 entries, 172 kept so far
20:48:39  INFO     [LT] 'AI regulation' → 11 entries, 28 kept so far
20:48:39  INFO     [SK] 'generative AI' → 38 entries, 57 kept so far
20:48:39  INFO     [IE] 'generative AI' → 100 entries, 326 kept so far
20:48:39  INFO     [HR] 'EU AI Act' → 100 entries, 252 kept so far
20:48:40  INFO     [SK] +28 new articles saved
20:48:40  INFO     [LT] 'machine learning' → 25 entries, 30 kept so far
20:48:40  INFO     [IE] +284 new articles saved
20:48:40  INFO     [SI] 'artificial intelligence' → 79 entries, 35 kept so far
20:48:40  INFO     [LV] 'artificial intelligence' → 67 entries, 20 kept so far
20:48:41  INFO     [HR] 'generative AI' → 100 entries, 322 kept so far
20:48:42  INFO     [HR] +114 new articles saved
20:48:42  INFO     [SI] 'AI regulation' → 8 entries, 35 kept so far
20:48:42  INFO     [LT] 'EU AI Act' → 15 entries, 31 kept so far
20:48:42  INFO     [LV] 'AI regulation' → 7 entries, 21 kept so far
20:48:42  INFO     [BG] 'machine learning' → 0 entries, 31 kept so far
20:48:42  INFO     [EE] 'artificial intelligence' → 90 entries, 43 kept so far
20:48:43  INFO     [LT] 'generative AI' → 14 entries, 37 kept so far
20:48:43  INFO     [LV] 'machine learning' → 11 entries, 21 kept so far
20:48:43  INFO     [SI] 'machine learning' → 19 entries, 37 kept so far
20:48:44  INFO     [EE] 'AI regulation' → 4 entries, 43 kept so far
20:48:44  INFO     [LT] +15 new articles saved
20:48:44  INFO     [LV] 'EU AI Act' → 5 entries, 21 kept so far
20:48:44  INFO     [BG] 'EU AI Act' → 12 entries, 33 kept so far
20:48:44  INFO     [CY] 'artificial intelligence' → 100 entries, 48 kept so far
20:48:45  INFO     [SI] 'EU AI Act' → 31 entries, 43 kept so far
20:48:45  INFO     [EE] 'machine learning' → 19 entries, 43 kept so far
20:48:46  INFO     [BG] 'generative AI' → 27 entries, 39 kept so far
20:48:46  INFO     [LV] 'generative AI' → 9 entries, 23 kept so far
20:48:46  INFO     [CY] 'AI regulation' → 64 entries, 105 kept so far
20:48:46  INFO     [SI] 'generative AI' → 10 entries, 45 kept so far
20:48:46  INFO     [EE] 'EU AI Act' → 9 entries, 44 kept so far
20:48:47  INFO     [BG] +21 new articles saved
20:48:47  INFO     [LV] +11 new articles saved
20:48:47  INFO     [MT] 'artificial intelligence' → 100 entries, 53 kept so far
20:48:47  INFO     [SI] +21 new articles saved
20:48:47  INFO     [LU] 'artificial intelligence' → 100 entries, 44 kept so far
20:48:48  INFO     [CY] 'machine learning' → 96 entries, 145 kept so far
20:48:48  INFO     [MT] 'AI regulation' → 100 entries, 109 kept so far
20:48:49  INFO     [LU] 'AI regulation' → 100 entries, 125 kept so far
20:48:49  INFO     [MT] 'machine learning' → 100 entries, 172 kept so far
20:48:49  INFO     [CY] 'EU AI Act' → 58 entries, 167 kept so far
20:48:50  INFO     [MT] 'EU AI Act' → 100 entries, 252 kept so far
20:48:51  INFO     [LU] 'machine learning' → 100 entries, 172 kept so far
20:48:51  INFO     [CY] 'generative AI' → 100 entries, 208 kept so far
20:48:51  INFO     [MT] 'generative AI' → 100 entries, 322 kept so far
20:48:52  INFO     [EE] 'generative AI' → 0 entries, 44 kept so far
20:48:52  INFO     [CY] +1 new articles saved
20:48:52  INFO     [LU] 'EU AI Act' → 77 entries, 210 kept so far
20:48:52  INFO     [MT] +0 new articles saved
20:48:53  INFO     [EE] +23 new articles saved
20:48:54  INFO     [LU] 'generative AI' → 100 entries, 232 kept so far
20:48:55  INFO     [LU] +6 new articles saved
20:48:55  INFO     Scrape complete. 2066 new articles this run.
