19:02:36  INFO     Starting scrape: 27 countries, 5 queries each
/home/runner/work/EU_AI_News/EU_AI_News/eu_ai_news_scraper.py:230: DeprecationWarning: datetime.datetime.utcnow() is deprecated and scheduled for removal in a future version. Use timezone-aware objects to represent datetimes in UTC: datetime.datetime.now(datetime.UTC).
  "scraped_at":   datetime.utcnow().isoformat(),
19:02:36  INFO     [DE] 'artificial intelligence' → 100 entries, 52 kept so far
19:02:37  INFO     [PL] 'artificial intelligence' → 100 entries, 22 kept so far
19:02:37  INFO     [IT] 'artificial intelligence' → 100 entries, 47 kept so far
19:02:37  INFO     [FR] 'artificial intelligence' → 100 entries, 43 kept so far
19:02:37  INFO     [ES] 'artificial intelligence' → 100 entries, 57 kept so far
19:02:38  INFO     [DE] 'AI regulation' → 72 entries, 109 kept so far
19:02:39  INFO     [PL] 'AI regulation' → 100 entries, 97 kept so far
19:02:39  INFO     [FR] 'AI regulation' → 100 entries, 122 kept so far
19:02:39  INFO     [IT] 'AI regulation' → 100 entries, 137 kept so far
19:02:39  INFO     [ES] 'AI regulation' → 79 entries, 115 kept so far
19:02:39  INFO     [DE] 'machine learning' → 100 entries, 162 kept so far
19:02:41  INFO     [PL] 'machine learning' → 100 entries, 135 kept so far
19:02:41  INFO     [IT] 'machine learning' → 100 entries, 206 kept so far
19:02:41  INFO     [FR] 'machine learning' → 100 entries, 178 kept so far
19:02:41  INFO     [ES] 'machine learning' → 100 entries, 191 kept so far
19:02:41  INFO     [DE] 'EU AI Act' → 100 entries, 230 kept so far
19:02:43  INFO     [PL] 'EU AI Act' → 76 entries, 164 kept so far
19:02:43  INFO     [IT] 'EU AI Act' → 100 entries, 292 kept so far
19:02:43  INFO     [FR] 'EU AI Act' → 88 entries, 230 kept so far
19:02:43  INFO     [DE] 'generative AI' → 100 entries, 252 kept so far
19:02:43  INFO     [ES] 'EU AI Act' → 79 entries, 215 kept so far
19:02:44  INFO     [DE] +174 new articles saved
19:02:45  INFO     [PL] 'generative AI' → 100 entries, 200 kept so far
19:02:45  INFO     [IT] 'generative AI' → 100 entries, 333 kept so far
19:02:45  INFO     [FR] 'generative AI' → 100 entries, 260 kept so far
19:02:45  INFO     [NL] 'artificial intelligence' → 100 entries, 14 kept so far
19:02:45  INFO     [ES] 'generative AI' → 100 entries, 254 kept so far
19:02:46  INFO     [PL] +131 new articles saved
19:02:46  INFO     [IT] +202 new articles saved
19:02:46  INFO     [FR] +144 new articles saved
19:02:47  INFO     [ES] +129 new articles saved
19:02:47  INFO     [SE] 'artificial intelligence' → 100 entries, 9 kept so far
19:02:47  INFO     [BE] 'artificial intelligence' → 100 entries, 48 kept so far
19:02:47  INFO     [AT] 'artificial intelligence' → 100 entries, 50 kept so far
19:02:47  INFO     [DK] 'artificial intelligence' → 100 entries, 14 kept so far
19:02:48  INFO     [NL] 'AI regulation' → 78 entries, 67 kept so far
19:02:49  INFO     [SE] 'AI regulation' → 78 entries, 23 kept so far
19:02:49  INFO     [BE] 'AI regulation' → 100 entries, 126 kept so far
19:02:49  INFO     [AT] 'AI regulation' → 76 entries, 109 kept so far
19:02:49  INFO     [DK] 'AI regulation' → 43 entries, 26 kept so far
19:02:50  INFO     [NL] 'machine learning' → 100 entries, 120 kept so far
19:02:51  INFO     [DK] 'machine learning' → 79 entries, 49 kept so far
19:02:51  INFO     [SE] 'machine learning' → 74 entries, 46 kept so far
19:02:51  INFO     [BE] 'machine learning' → 100 entries, 183 kept so far
19:02:51  INFO     [AT] 'machine learning' → 100 entries, 157 kept so far
19:02:52  INFO     [NL] 'EU AI Act' → 100 entries, 145 kept so far
19:02:52  INFO     [DK] 'EU AI Act' → 74 entries, 63 kept so far
19:02:53  INFO     [BE] 'EU AI Act' → 88 entries, 231 kept so far
19:02:53  INFO     [AT] 'EU AI Act' → 100 entries, 233 kept so far
19:02:53  INFO     [SE] 'EU AI Act' → 71 entries, 49 kept so far
19:02:53  INFO     [NL] 'generative AI' → 100 entries, 171 kept so far
19:02:54  INFO     [NL] +73 new articles saved
19:02:54  INFO     [DK] 'generative AI' → 100 entries, 97 kept so far
19:02:55  INFO     [AT] 'generative AI' → 100 entries, 253 kept so far
19:02:55  INFO     [SE] 'generative AI' → 70 entries, 56 kept so far
19:02:55  INFO     [BE] 'generative AI' → 100 entries, 254 kept so far
19:02:55  INFO     [FI] 'artificial intelligence' → 100 entries, 66 kept so far
19:02:55  INFO     [DK] +36 new articles saved
19:02:56  INFO     [AT] +36 new articles saved
19:02:56  INFO     [SE] +21 new articles saved
19:02:56  INFO     [BE] +23 new articles saved
19:02:56  INFO     [CZ] 'artificial intelligence' → 100 entries, 18 kept so far
19:02:57  INFO     [PT] 'artificial intelligence' → 100 entries, 64 kept so far
19:02:57  INFO     [HU] 'artificial intelligence' → 100 entries, 15 kept so far
19:02:57  INFO     [RO] 'artificial intelligence' → 100 entries, 41 kept so far
19:02:57  INFO     [FI] 'AI regulation' → 55 entries, 79 kept so far
19:02:58  INFO     [RO] 'AI regulation' → 77 entries, 54 kept so far
19:02:59  INFO     [CZ] 'AI regulation' → 78 entries, 49 kept so far
19:02:59  INFO     [HU] 'AI regulation' → 79 entries, 20 kept so far
19:02:59  INFO     [PT] 'AI regulation' → 85 entries, 118 kept so far
19:02:59  INFO     [FI] 'machine learning' → 96 entries, 115 kept so far
19:03:00  INFO     [RO] 'machine learning' → 100 entries, 106 kept so far
19:03:01  INFO     [CZ] 'machine learning' → 83 entries, 67 kept so far
19:03:01  INFO     [HU] 'machine learning' → 71 entries, 47 kept so far
19:03:01  INFO     [PT] 'machine learning' → 100 entries, 197 kept so far
19:03:01  INFO     [FI] 'EU AI Act' → 58 entries, 146 kept so far
19:03:02  INFO     [RO] 'EU AI Act' → 77 entries, 134 kept so far
19:03:02  INFO     [CZ] 'EU AI Act' → 75 entries, 76 kept so far
19:03:02  INFO     [PT] 'EU AI Act' → 59 entries, 209 kept so far
19:03:03  INFO     [HU] 'EU AI Act' → 78 entries, 70 kept so far
19:03:03  INFO     [RO] 'generative AI' → 82 entries, 163 kept so far
19:03:03  INFO     [FI] 'generative AI' → 54 entries, 179 kept so far
19:03:04  INFO     [PT] 'generative AI' → 100 entries, 237 kept so far
19:03:04  INFO     [CZ] 'generative AI' → 93 entries, 100 kept so far
19:03:04  INFO     [HU] 'generative AI' → 75 entries, 95 kept so far
19:03:04  INFO     [RO] +92 new articles saved
19:03:04  INFO     [FI] +86 new articles saved
19:03:05  INFO     [GR] 'artificial intelligence' → 100 entries, 48 kept so far
19:03:05  INFO     [PT] +143 new articles saved
19:03:05  INFO     [CZ] +61 new articles saved
19:03:05  INFO     [SK] 'artificial intelligence' → 100 entries, 24 kept so far
19:03:05  INFO     [HU] +50 new articles saved
19:03:06  INFO     [HR] 'artificial intelligence' → 102 entries, 51 kept so far
19:03:06  INFO     [BG] 'artificial intelligence' → 84 entries, 40 kept so far
19:03:06  INFO     [IE] 'artificial intelligence' → 100 entries, 50 kept so far
19:03:06  INFO     [GR] 'AI regulation' → 60 entries, 101 kept so far
19:03:07  INFO     [SK] 'AI regulation' → 20 entries, 27 kept so far
19:03:08  INFO     [HR] 'AI regulation' → 100 entries, 94 kept so far
19:03:08  INFO     [BG] 'AI regulation' → 14 entries, 41 kept so far
19:03:08  INFO     [GR] 'machine learning' → 96 entries, 136 kept so far
19:03:09  INFO     [IE] 'AI regulation' → 100 entries, 94 kept so far
19:03:09  INFO     [SK] 'machine learning' → 57 entries, 38 kept so far
19:03:09  INFO     [HR] 'machine learning' → 100 entries, 169 kept so far
19:03:09  INFO     [BG] 'machine learning' → 53 entries, 48 kept so far
19:03:10  INFO     [GR] 'EU AI Act' → 62 entries, 156 kept so far
19:03:11  INFO     [SK] 'EU AI Act' → 63 entries, 52 kept so far
19:03:11  INFO     [IE] 'machine learning' → 100 entries, 168 kept so far
19:03:11  INFO     [BG] 'EU AI Act' → 15 entries, 52 kept so far
19:03:11  INFO     [HR] 'EU AI Act' → 100 entries, 251 kept so far
19:03:12  INFO     [GR] 'generative AI' → 100 entries, 196 kept so far
19:03:12  INFO     [BG] 'generative AI' → 26 entries, 55 kept so far
19:03:12  INFO     [SK] 'generative AI' → 42 entries, 59 kept so far
19:03:13  INFO     [HR] 'generative AI' → 100 entries, 309 kept so far
19:03:13  INFO     [GR] +122 new articles saved
19:03:13  INFO     [IE] 'EU AI Act' → 100 entries, 242 kept so far
19:03:13  INFO     [BG] +30 new articles saved
19:03:13  INFO     [SK] +27 new articles saved
19:03:14  INFO     [HR] +250 new articles saved
19:03:14  INFO     [SI] 'artificial intelligence' → 100 entries, 49 kept so far
19:03:14  INFO     [LT] 'artificial intelligence' → 78 entries, 29 kept so far
19:03:14  INFO     [LV] 'artificial intelligence' → 62 entries, 21 kept so far
19:03:15  INFO     [EE] 'artificial intelligence' → 100 entries, 45 kept so far
19:03:15  INFO     [SI] 'AI regulation' → 9 entries, 49 kept so far
19:03:15  INFO     [LT] 'AI regulation' → 18 entries, 30 kept so far
19:03:15  INFO     [LV] 'AI regulation' → 9 entries, 21 kept so far
19:03:15  INFO     [IE] 'generative AI' → 100 entries, 295 kept so far
19:03:16  INFO     [EE] 'AI regulation' → 10 entries, 45 kept so far
19:03:16  INFO     [SI] 'machine learning' → 23 entries, 52 kept so far
19:03:16  INFO     [LT] 'machine learning' → 28 entries, 34 kept so far
19:03:16  INFO     [LV] 'machine learning' → 10 entries, 22 kept so far
19:03:16  INFO     [IE] +90 new articles saved
19:03:17  INFO     [CY] 'artificial intelligence' → 100 entries, 48 kept so far
19:03:17  INFO     [EE] 'machine learning' → 18 entries, 50 kept so far
19:03:18  INFO     [SI] 'EU AI Act' → 28 entries, 56 kept so far
19:03:18  INFO     [LV] 'EU AI Act' → 5 entries, 22 kept so far
19:03:18  INFO     [LT] 'EU AI Act' → 23 entries, 36 kept so far
19:03:18  INFO     [CY] 'AI regulation' → 60 entries, 101 kept so far
19:03:19  INFO     [EE] 'EU AI Act' → 15 entries, 51 kept so far
19:03:19  INFO     [SI] 'generative AI' → 13 entries, 57 kept so far
19:03:19  INFO     [LV] 'generative AI' → 8 entries, 24 kept so far
19:03:20  INFO     [LT] 'generative AI' → 21 entries, 44 kept so far
19:03:20  INFO     [CY] 'machine learning' → 96 entries, 136 kept so far
19:03:20  INFO     [SI] +16 new articles saved
19:03:20  INFO     [LV] +10 new articles saved
19:03:20  INFO     [EE] 'generative AI' → 10 entries, 53 kept so far
19:03:20  INFO     [MT] 'artificial intelligence' → 102 entries, 51 kept so far
19:03:21  INFO     [LU] 'artificial intelligence' → 100 entries, 43 kept so far
19:03:21  INFO     [LT] +17 new articles saved
19:03:21  INFO     [EE] +19 new articles saved
19:03:21  INFO     [MT] 'AI regulation' → 100 entries, 94 kept so far
19:03:21  INFO     [CY] 'EU AI Act' → 63 entries, 157 kept so far
19:03:22  INFO     [LU] 'AI regulation' → 100 entries, 122 kept so far
19:03:22  INFO     [MT] 'machine learning' → 100 entries, 169 kept so far
19:03:23  INFO     [CY] 'generative AI' → 100 entries, 197 kept so far
19:03:24  INFO     [MT] 'EU AI Act' → 100 entries, 251 kept so far
19:03:24  INFO     [LU] 'machine learning' → 100 entries, 178 kept so far
19:03:24  INFO     [CY] +1 new articles saved
19:03:25  INFO     [MT] 'generative AI' → 100 entries, 309 kept so far
19:03:25  INFO     [LU] 'EU AI Act' → 87 entries, 229 kept so far
19:03:26  INFO     [MT] +0 new articles saved
19:03:27  INFO     [LU] 'generative AI' → 100 entries, 259 kept so far
19:03:28  INFO     [LU] +0 new articles saved
19:03:28  INFO     Scrape complete. 1983 new articles this run.
