21:07:19  INFO     Starting scrape: 27 countries, 5 queries each
/home/runner/work/EU_AI_News/EU_AI_News/eu_ai_news_scraper.py:230: DeprecationWarning: datetime.datetime.utcnow() is deprecated and scheduled for removal in a future version. Use timezone-aware objects to represent datetimes in UTC: datetime.datetime.now(datetime.UTC).
  "scraped_at":   datetime.utcnow().isoformat(),
21:07:20  INFO     [DE] 'artificial intelligence' → 100 entries, 40 kept so far
21:07:20  INFO     [PL] 'artificial intelligence' → 100 entries, 11 kept so far
21:07:20  INFO     [IT] 'artificial intelligence' → 102 entries, 18 kept so far
21:07:20  INFO     [FR] 'artificial intelligence' → 100 entries, 49 kept so far
21:07:20  INFO     [ES] 'artificial intelligence' → 100 entries, 51 kept so far
21:07:22  INFO     [PL] 'AI regulation' → 76 entries, 69 kept so far
21:07:22  INFO     [DE] 'AI regulation' → 93 entries, 111 kept so far
21:07:22  INFO     [FR] 'AI regulation' → 82 entries, 125 kept so far
21:07:22  INFO     [ES] 'AI regulation' → 77 entries, 86 kept so far
21:07:22  INFO     [IT] 'AI regulation' → 100 entries, 105 kept so far
21:07:23  INFO     [PL] 'machine learning' → 100 entries, 116 kept so far
21:07:24  INFO     [DE] 'machine learning' → 100 entries, 157 kept so far
21:07:24  INFO     [FR] 'machine learning' → 100 entries, 174 kept so far
21:07:24  INFO     [IT] 'machine learning' → 100 entries, 179 kept so far
21:07:24  INFO     [ES] 'machine learning' → 100 entries, 158 kept so far
21:07:25  INFO     [PL] 'EU AI Act' → 75 entries, 134 kept so far
21:07:25  INFO     [FR] 'EU AI Act' → 76 entries, 212 kept so far
21:07:25  INFO     [DE] 'EU AI Act' → 100 entries, 230 kept so far
21:07:25  INFO     [IT] 'EU AI Act' → 100 entries, 219 kept so far
21:07:26  INFO     [ES] 'EU AI Act' → 79 entries, 184 kept so far
21:07:27  INFO     [PL] 'generative AI' → 100 entries, 165 kept so far
21:07:27  INFO     [DE] 'generative AI' → 100 entries, 251 kept so far
21:07:27  INFO     [FR] 'generative AI' → 100 entries, 242 kept so far
21:07:27  INFO     [IT] 'generative AI' → 100 entries, 265 kept so far
21:07:27  INFO     [ES] 'generative AI' → 100 entries, 228 kept so far
21:07:28  INFO     [PL] +91 new articles saved
21:07:28  INFO     [DE] +174 new articles saved
21:07:28  INFO     [NL] 'artificial intelligence' → 100 entries, 11 kept so far
21:07:28  INFO     [FR] +145 new articles saved
21:07:28  INFO     [IT] +173 new articles saved
21:07:28  INFO     [ES] +129 new articles saved
21:07:29  INFO     [BE] 'artificial intelligence' → 100 entries, 47 kept so far
21:07:29  INFO     [SE] 'artificial intelligence' → 100 entries, 10 kept so far
21:07:29  INFO     [AT] 'artificial intelligence' → 100 entries, 36 kept so far
21:07:29  INFO     [DK] 'artificial intelligence' → 100 entries, 13 kept so far
21:07:30  INFO     [NL] 'AI regulation' → 76 entries, 54 kept so far
21:07:30  INFO     [BE] 'AI regulation' → 80 entries, 121 kept so far
21:07:30  INFO     [SE] 'AI regulation' → 74 entries, 18 kept so far
21:07:31  INFO     [AT] 'AI regulation' → 99 entries, 109 kept so far
21:07:31  INFO     [DK] 'AI regulation' → 38 entries, 19 kept so far
21:07:31  INFO     [NL] 'machine learning' → 100 entries, 101 kept so far
21:07:32  INFO     [BE] 'machine learning' → 100 entries, 170 kept so far
21:07:32  INFO     [SE] 'machine learning' → 82 entries, 41 kept so far
21:07:32  INFO     [AT] 'machine learning' → 100 entries, 158 kept so far
21:07:32  INFO     [DK] 'machine learning' → 83 entries, 40 kept so far
21:07:33  INFO     [NL] 'EU AI Act' → 100 entries, 131 kept so far
21:07:33  INFO     [SE] 'EU AI Act' → 72 entries, 49 kept so far
21:07:33  INFO     [BE] 'EU AI Act' → 76 entries, 206 kept so far
21:07:34  INFO     [AT] 'EU AI Act' → 100 entries, 240 kept so far
21:07:34  INFO     [DK] 'EU AI Act' → 73 entries, 56 kept so far
21:07:35  INFO     [NL] 'generative AI' → 100 entries, 163 kept so far
21:07:35  INFO     [SE] 'generative AI' → 69 entries, 60 kept so far
21:07:35  INFO     [BE] 'generative AI' → 100 entries, 234 kept so far
21:07:35  INFO     [AT] 'generative AI' → 100 entries, 262 kept so far
21:07:36  INFO     [DK] 'generative AI' → 91 entries, 86 kept so far
21:07:36  INFO     [NL] +84 new articles saved
21:07:36  INFO     [SE] +29 new articles saved
21:07:36  INFO     [BE] +27 new articles saved
21:07:36  INFO     [FI] 'artificial intelligence' → 100 entries, 54 kept so far
21:07:36  INFO     [AT] +60 new articles saved
21:07:37  INFO     [DK] +34 new articles saved
21:07:37  INFO     [PT] 'artificial intelligence' → 100 entries, 63 kept so far
21:07:37  INFO     [CZ] 'artificial intelligence' → 100 entries, 15 kept so far
21:07:37  INFO     [RO] 'artificial intelligence' → 100 entries, 45 kept so far
21:07:37  INFO     [HU] 'artificial intelligence' → 100 entries, 26 kept so far
21:07:38  INFO     [FI] 'AI regulation' → 57 entries, 65 kept so far
21:07:39  INFO     [CZ] 'AI regulation' → 75 entries, 36 kept so far
21:07:39  INFO     [PT] 'AI regulation' → 76 entries, 97 kept so far
21:07:39  INFO     [RO] 'AI regulation' → 73 entries, 55 kept so far
21:07:39  INFO     [HU] 'AI regulation' → 76 entries, 28 kept so far
21:07:40  INFO     [FI] 'machine learning' → 91 entries, 110 kept so far
21:07:40  INFO     [CZ] 'machine learning' → 71 entries, 55 kept so far
21:07:40  INFO     [RO] 'machine learning' → 98 entries, 109 kept so far
21:07:40  INFO     [PT] 'machine learning' → 100 entries, 173 kept so far
21:07:40  INFO     [HU] 'machine learning' → 76 entries, 51 kept so far
21:07:41  INFO     [FI] 'EU AI Act' → 76 entries, 152 kept so far
21:07:42  INFO     [CZ] 'EU AI Act' → 70 entries, 68 kept so far
21:07:42  INFO     [RO] 'EU AI Act' → 73 entries, 128 kept so far
21:07:42  INFO     [HU] 'EU AI Act' → 77 entries, 70 kept so far
21:07:42  INFO     [PT] 'EU AI Act' → 61 entries, 185 kept so far
21:07:43  INFO     [FI] 'generative AI' → 62 entries, 191 kept so far
21:07:43  INFO     [CZ] 'generative AI' → 71 entries, 86 kept so far
21:07:43  INFO     [RO] 'generative AI' → 97 entries, 153 kept so far
21:07:44  INFO     [HU] 'generative AI' → 70 entries, 91 kept so far
21:07:44  INFO     [PT] 'generative AI' → 100 entries, 215 kept so far
21:07:44  INFO     [FI] +99 new articles saved
21:07:44  INFO     [CZ] +58 new articles saved
21:07:44  INFO     [RO] +92 new articles saved
21:07:45  INFO     [HU] +58 new articles saved
21:07:45  INFO     [SK] 'artificial intelligence' → 100 entries, 22 kept so far
21:07:45  INFO     [GR] 'artificial intelligence' → 100 entries, 42 kept so far
21:07:45  INFO     [PT] +139 new articles saved
21:07:45  INFO     [IE] 'artificial intelligence' → 100 entries, 74 kept so far
21:07:45  INFO     [HR] 'artificial intelligence' → 104 entries, 71 kept so far
21:07:46  INFO     [BG] 'artificial intelligence' → 84 entries, 34 kept so far
21:07:46  INFO     [SK] 'AI regulation' → 23 entries, 24 kept so far
21:07:46  INFO     [GR] 'AI regulation' → 68 entries, 89 kept so far
21:07:47  INFO     [HR] 'AI regulation' → 99 entries, 118 kept so far
21:07:47  INFO     [BG] 'AI regulation' → 17 entries, 36 kept so far
21:07:47  INFO     [IE] 'AI regulation' → 100 entries, 123 kept so far
21:07:48  INFO     [SK] 'machine learning' → 57 entries, 40 kept so far
21:07:48  INFO     [GR] 'machine learning' → 100 entries, 131 kept so far
21:07:49  INFO     [BG] 'machine learning' → 59 entries, 44 kept so far
21:07:49  INFO     [HR] 'machine learning' → 100 entries, 185 kept so far
21:07:49  INFO     [SK] 'EU AI Act' → 73 entries, 49 kept so far
21:07:49  INFO     [IE] 'machine learning' → 100 entries, 183 kept so far
21:07:50  INFO     [GR] 'EU AI Act' → 57 entries, 148 kept so far
21:07:50  INFO     [BG] 'EU AI Act' → 19 entries, 47 kept so far
21:07:50  INFO     [HR] 'EU AI Act' → 100 entries, 267 kept so far
21:07:51  INFO     [SK] 'generative AI' → 40 entries, 58 kept so far
21:07:51  INFO     [GR] 'generative AI' → 100 entries, 189 kept so far
21:07:51  INFO     [IE] 'EU AI Act' → 100 entries, 253 kept so far
21:07:51  INFO     [BG] 'generative AI' → 31 entries, 55 kept so far
21:07:52  INFO     [SK] +27 new articles saved
21:07:52  INFO     [LT] 'artificial intelligence' → 78 entries, 26 kept so far
21:07:52  INFO     [HR] 'generative AI' → 100 entries, 339 kept so far
21:07:52  INFO     [GR] +131 new articles saved
21:07:52  INFO     [BG] +34 new articles saved
21:07:53  INFO     [SI] 'artificial intelligence' → 98 entries, 48 kept so far
21:07:53  INFO     [IE] 'generative AI' → 100 entries, 319 kept so far
21:07:53  INFO     [LV] 'artificial intelligence' → 70 entries, 18 kept so far
21:07:54  INFO     [LT] 'AI regulation' → 8 entries, 26 kept so far
21:07:54  INFO     [HR] +309 new articles saved
21:07:54  INFO     [EE] 'artificial intelligence' → 97 entries, 54 kept so far
21:07:54  INFO     [IE] +113 new articles saved
21:07:54  INFO     [SI] 'AI regulation' → 2 entries, 48 kept so far
21:07:54  INFO     [LV] 'AI regulation' → 6 entries, 18 kept so far
21:07:55  INFO     [CY] 'artificial intelligence' → 100 entries, 42 kept so far
21:07:55  INFO     [LT] 'machine learning' → 26 entries, 29 kept so far
21:07:55  INFO     [EE] 'AI regulation' → 7 entries, 55 kept so far
21:07:56  INFO     [SI] 'machine learning' → 20 entries, 49 kept so far
21:07:56  INFO     [LV] 'machine learning' → 12 entries, 21 kept so far
21:07:56  INFO     [CY] 'AI regulation' → 68 entries, 89 kept so far
21:07:57  INFO     [LT] 'EU AI Act' → 19 entries, 29 kept so far
21:07:57  INFO     [EE] 'machine learning' → 13 entries, 56 kept so far
21:07:57  INFO     [LV] 'EU AI Act' → 8 entries, 21 kept so far
21:07:57  INFO     [SI] 'EU AI Act' → 29 entries, 53 kept so far
21:07:58  INFO     [LT] 'generative AI' → 16 entries, 33 kept so far
21:07:58  INFO     [CY] 'machine learning' → 100 entries, 131 kept so far
21:07:58  INFO     [LV] 'generative AI' → 10 entries, 22 kept so far
21:07:58  INFO     [SI] 'generative AI' → 16 entries, 54 kept so far
21:07:58  INFO     [EE] 'EU AI Act' → 9 entries, 57 kept so far
21:07:59  INFO     [LT] +13 new articles saved
21:07:59  INFO     [LV] +10 new articles saved
21:07:59  INFO     [SI] +21 new articles saved
21:08:00  INFO     [MT] 'artificial intelligence' → 104 entries, 71 kept so far
21:08:00  INFO     [CY] 'EU AI Act' → 57 entries, 148 kept so far
21:08:00  INFO     [LU] 'artificial intelligence' → 100 entries, 49 kept so far
21:08:00  INFO     [EE] 'generative AI' → 10 entries, 60 kept so far
21:08:01  INFO     [MT] 'AI regulation' → 99 entries, 118 kept so far
21:08:01  INFO     [EE] +32 new articles saved
21:08:01  INFO     [CY] 'generative AI' → 100 entries, 189 kept so far
21:08:01  INFO     [LU] 'AI regulation' → 83 entries, 126 kept so far
21:08:02  INFO     [MT] 'machine learning' → 100 entries, 185 kept so far
21:08:02  INFO     [CY] +0 new articles saved
21:08:03  INFO     [LU] 'machine learning' → 100 entries, 175 kept so far
21:08:03  INFO     [MT] 'EU AI Act' → 100 entries, 267 kept so far
21:08:05  INFO     [MT] 'generative AI' → 100 entries, 339 kept so far
21:08:05  INFO     [LU] 'EU AI Act' → 76 entries, 213 kept so far
21:08:06  INFO     [MT] +0 new articles saved
21:08:06  INFO     [LU] 'generative AI' → 100 entries, 243 kept so far
21:08:08  INFO     [LU] +2 new articles saved
21:08:08  INFO     Scrape complete. 2084 new articles this run.
