16:07:17  INFO     Starting scrape: 27 countries, 5 queries each
16:07:18  INFO     [ES] 'artificial intelligence' → 0 entries, 0 kept so far
16:07:18  INFO     [FR] 'artificial intelligence' → 0 entries, 0 kept so far
/home/runner/work/EU_AI_News/EU_AI_News/eu_ai_news_scraper.py:230: DeprecationWarning: datetime.datetime.utcnow() is deprecated and scheduled for removal in a future version. Use timezone-aware objects to represent datetimes in UTC: datetime.datetime.now(datetime.UTC).
  "scraped_at":   datetime.utcnow().isoformat(),
16:07:19  INFO     [DE] 'artificial intelligence' → 100 entries, 36 kept so far
16:07:19  INFO     [PL] 'artificial intelligence' → 100 entries, 13 kept so far
16:07:19  INFO     [IT] 'artificial intelligence' → 100 entries, 29 kept so far
16:07:20  INFO     [ES] 'AI regulation' → 82 entries, 47 kept so far
16:07:20  INFO     [FR] 'AI regulation' → 93 entries, 80 kept so far
16:07:20  INFO     [DE] 'AI regulation' → 0 entries, 36 kept so far
16:07:20  INFO     [PL] 'AI regulation' → 0 entries, 13 kept so far
16:07:21  INFO     [ES] 'machine learning' → 0 entries, 47 kept so far
16:07:21  INFO     [FR] 'machine learning' → 0 entries, 80 kept so far
16:07:21  INFO     [IT] 'AI regulation' → 100 entries, 111 kept so far
16:07:21  INFO     [DE] 'machine learning' → 0 entries, 36 kept so far
16:07:21  INFO     [PL] 'machine learning' → 0 entries, 13 kept so far
16:07:23  INFO     [PL] 'EU AI Act' → 0 entries, 13 kept so far
16:07:23  INFO     [FR] 'EU AI Act' → 77 entries, 99 kept so far
16:07:23  INFO     [ES] 'EU AI Act' → 79 entries, 64 kept so far
16:07:23  INFO     [IT] 'machine learning' → 100 entries, 178 kept so far
16:07:23  INFO     [DE] 'EU AI Act' → 0 entries, 36 kept so far
16:07:24  INFO     [FR] 'generative AI' → 0 entries, 99 kept so far
16:07:24  INFO     [IT] 'EU AI Act' → 0 entries, 178 kept so far
16:07:24  INFO     [DE] 'generative AI' → 0 entries, 36 kept so far
16:07:24  INFO     [PL] 'generative AI' → 100 entries, 40 kept so far
16:07:25  INFO     [FR] +62 new articles saved
16:07:25  INFO     [NL] 'artificial intelligence' → 0 entries, 0 kept so far
16:07:25  INFO     [ES] 'generative AI' → 100 entries, 97 kept so far
16:07:25  INFO     [DE] +27 new articles saved
16:07:26  INFO     [PL] +29 new articles saved
16:07:26  INFO     [IT] 'generative AI' → 100 entries, 218 kept so far
16:07:26  INFO     [BE] 'artificial intelligence' → 100 entries, 50 kept so far
16:07:26  INFO     [AT] 'artificial intelligence' → 0 entries, 0 kept so far
16:07:26  INFO     [ES] +69 new articles saved
16:07:27  INFO     [SE] 'artificial intelligence' → 100 entries, 6 kept so far
16:07:27  INFO     [NL] 'AI regulation' → 79 entries, 47 kept so far
16:07:27  INFO     [IT] +153 new articles saved
16:07:28  INFO     [SE] 'AI regulation' → 0 entries, 6 kept so far
16:07:28  INFO     [DK] 'artificial intelligence' → 100 entries, 19 kept so far
16:07:28  INFO     [BE] 'AI regulation' → 100 entries, 138 kept so far
16:07:28  INFO     [AT] 'AI regulation' → 100 entries, 81 kept so far
16:07:29  INFO     [NL] 'machine learning' → 100 entries, 97 kept so far
16:07:29  INFO     [SE] 'machine learning' → 65 entries, 23 kept so far
16:07:30  INFO     [BE] 'machine learning' → 0 entries, 138 kept so far
16:07:30  INFO     [DK] 'AI regulation' → 0 entries, 19 kept so far
16:07:30  INFO     [AT] 'machine learning' → 0 entries, 81 kept so far
16:07:30  INFO     [NL] 'EU AI Act' → 80 entries, 111 kept so far
16:07:31  INFO     [SE] 'EU AI Act' → 0 entries, 23 kept so far
16:07:31  INFO     [BE] 'EU AI Act' → 0 entries, 138 kept so far
16:07:31  INFO     [DK] 'machine learning' → 0 entries, 19 kept so far
16:07:31  INFO     [AT] 'EU AI Act' → 0 entries, 81 kept so far
16:07:32  INFO     [SE] 'generative AI' → 0 entries, 23 kept so far
16:07:32  INFO     [NL] 'generative AI' → 100 entries, 130 kept so far
16:07:32  INFO     [DK] 'EU AI Act' → 0 entries, 19 kept so far
16:07:33  INFO     [AT] 'generative AI' → 0 entries, 81 kept so far
16:07:33  INFO     [BE] 'generative AI' → 0 entries, 138 kept so far
16:07:33  INFO     [FI] 'artificial intelligence' → 0 entries, 0 kept so far
16:07:33  INFO     [SE] +12 new articles saved
16:07:33  INFO     [NL] +82 new articles saved
16:07:33  INFO     [DK] 'generative AI' → 0 entries, 19 kept so far
16:07:34  INFO     [PT] 'artificial intelligence' → 100 entries, 47 kept so far
16:07:34  INFO     [AT] +57 new articles saved
16:07:34  INFO     [BE] +53 new articles saved
16:07:34  INFO     [RO] 'artificial intelligence' → 0 entries, 0 kept so far
16:07:34  INFO     [DK] +12 new articles saved
16:07:35  INFO     [FI] 'AI regulation' → 38 entries, 12 kept so far
16:07:35  INFO     [CZ] 'artificial intelligence' → 100 entries, 16 kept so far
16:07:35  INFO     [HU] 'artificial intelligence' → 100 entries, 18 kept so far
16:07:35  INFO     [RO] 'AI regulation' → 0 entries, 0 kept so far
16:07:36  INFO     [PT] 'AI regulation' → 0 entries, 47 kept so far
16:07:36  INFO     [FI] 'machine learning' → 0 entries, 12 kept so far
16:07:36  INFO     [RO] 'machine learning' → 0 entries, 0 kept so far
16:07:36  INFO     [CZ] 'AI regulation' → 77 entries, 39 kept so far
16:07:36  INFO     [HU] 'AI regulation' → 0 entries, 18 kept so far
16:07:37  INFO     [PT] 'machine learning' → 100 entries, 112 kept so far
16:07:38  INFO     [FI] 'EU AI Act' → 0 entries, 12 kept so far
16:07:38  INFO     [CZ] 'machine learning' → 0 entries, 39 kept so far
16:07:38  INFO     [HU] 'machine learning' → 0 entries, 18 kept so far
16:07:38  INFO     [RO] 'EU AI Act' → 56 entries, 16 kept so far
16:07:39  INFO     [PT] 'EU AI Act' → 0 entries, 112 kept so far
16:07:39  INFO     [RO] 'generative AI' → 0 entries, 16 kept so far
16:07:40  INFO     [FI] 'generative AI' → 37 entries, 39 kept so far
16:07:40  INFO     [HU] 'EU AI Act' → 79 entries, 40 kept so far
16:07:40  INFO     [RO] +14 new articles saved
16:07:40  INFO     [CZ] 'EU AI Act' → 76 entries, 46 kept so far
16:07:40  INFO     [PT] 'generative AI' → 0 entries, 112 kept so far
16:07:41  INFO     [FI] +19 new articles saved
16:07:41  INFO     [SK] 'artificial intelligence' → 0 entries, 0 kept so far
16:07:41  INFO     [GR] 'artificial intelligence' → 100 entries, 42 kept so far
16:07:41  INFO     [HU] 'generative AI' → 0 entries, 40 kept so far
16:07:41  INFO     [PT] +85 new articles saved
16:07:42  INFO     [HU] +30 new articles saved
16:07:43  INFO     [CZ] 'generative AI' → 55 entries, 56 kept so far
16:07:43  INFO     [IE] 'artificial intelligence' → 0 entries, 0 kept so far
16:07:43  INFO     [SK] 'AI regulation' → 0 entries, 0 kept so far
16:07:43  INFO     [GR] 'AI regulation' → 62 entries, 92 kept so far
16:07:44  INFO     [CZ] +41 new articles saved
16:07:44  INFO     [BG] 'artificial intelligence' → 0 entries, 0 kept so far
16:07:44  INFO     [HR] 'artificial intelligence' → 102 entries, 58 kept so far
16:07:45  INFO     [SK] 'machine learning' → 0 entries, 0 kept so far
16:07:45  INFO     [IE] 'AI regulation' → 0 entries, 0 kept so far
16:07:46  INFO     [GR] 'machine learning' → 0 entries, 92 kept so far
16:07:46  INFO     [HR] 'AI regulation' → 0 entries, 58 kept so far
16:07:46  INFO     [BG] 'AI regulation' → 0 entries, 0 kept so far
16:07:47  INFO     [SK] 'EU AI Act' → 0 entries, 0 kept so far
16:07:47  INFO     [IE] 'machine learning' → 0 entries, 0 kept so far
16:07:48  INFO     [BG] 'machine learning' → 0 entries, 0 kept so far
16:07:48  INFO     [HR] 'machine learning' → 100 entries, 142 kept so far
16:07:48  INFO     [GR] 'EU AI Act' → 68 entries, 115 kept so far
16:07:48  INFO     [SK] 'generative AI' → 0 entries, 0 kept so far
16:07:49  INFO     [BG] 'EU AI Act' → 0 entries, 0 kept so far
16:07:49  INFO     [SK] +0 new articles saved
16:07:49  INFO     [GR] 'generative AI' → 0 entries, 115 kept so far
16:07:50  INFO     [LT] 'artificial intelligence' → 0 entries, 0 kept so far
16:07:50  INFO     [GR] +83 new articles saved
16:07:51  INFO     [BG] 'generative AI' → 18 entries, 7 kept so far
16:07:51  INFO     [HR] 'EU AI Act' → 100 entries, 230 kept so far
16:07:52  INFO     [BG] +5 new articles saved
16:07:52  INFO     [LV] 'artificial intelligence' → 0 entries, 0 kept so far
16:07:52  INFO     [IE] 'EU AI Act' → 100 entries, 81 kept so far
16:07:52  INFO     [SI] 'artificial intelligence' → 67 entries, 30 kept so far
16:07:52  INFO     [LT] 'AI regulation' → 0 entries, 0 kept so far
16:07:53  INFO     [SI] 'AI regulation' → 0 entries, 30 kept so far
16:07:53  INFO     [LT] 'machine learning' → 0 entries, 0 kept so far
16:07:54  INFO     [IE] 'generative AI' → 0 entries, 81 kept so far
16:07:54  INFO     [HR] 'generative AI' → 100 entries, 300 kept so far
16:07:54  INFO     [LV] 'AI regulation' → 6 entries, 2 kept so far
16:07:55  INFO     [IE] +71 new articles saved
16:07:55  INFO     [SI] 'machine learning' → 0 entries, 30 kept so far
16:07:55  INFO     [LT] 'EU AI Act' → 0 entries, 0 kept so far
16:07:55  INFO     [CY] 'artificial intelligence' → 0 entries, 0 kept so far
16:07:55  INFO     [HR] +215 new articles saved
16:07:56  INFO     [LT] 'generative AI' → 0 entries, 0 kept so far
16:07:56  INFO     [EE] 'artificial intelligence' → 0 entries, 0 kept so far
16:07:57  INFO     [SI] 'EU AI Act' → 25 entries, 37 kept so far
16:07:57  INFO     [LV] 'machine learning' → 8 entries, 2 kept so far
16:07:57  INFO     [LT] +0 new articles saved
16:07:57  INFO     [CY] 'AI regulation' → 0 entries, 0 kept so far
16:07:58  INFO     [LV] 'EU AI Act' → 0 entries, 2 kept so far
16:07:58  INFO     [LU] 'artificial intelligence' → 0 entries, 0 kept so far
16:07:58  INFO     [SI] 'generative AI' → 9 entries, 39 kept so far
16:07:58  INFO     [EE] 'AI regulation' → 5 entries, 0 kept so far
16:07:59  INFO     [LV] 'generative AI' → 0 entries, 2 kept so far
16:07:59  INFO     [LU] 'AI regulation' → 0 entries, 0 kept so far
16:08:00  INFO     [SI] +20 new articles saved
16:08:00  INFO     [MT] 'artificial intelligence' → 102 entries, 58 kept so far
16:08:00  INFO     [CY] 'machine learning' → 84 entries, 34 kept so far
16:08:00  INFO     [LV] +2 new articles saved
16:08:01  INFO     [LU] 'machine learning' → 0 entries, 0 kept so far
16:08:01  INFO     [EE] 'machine learning' → 15 entries, 2 kept so far
16:08:01  INFO     [MT] 'AI regulation' → 0 entries, 58 kept so far
16:08:01  INFO     [CY] 'EU AI Act' → 0 entries, 34 kept so far
16:08:03  INFO     [MT] 'machine learning' → 100 entries, 142 kept so far
16:08:03  INFO     [CY] 'generative AI' → 0 entries, 34 kept so far
16:08:05  INFO     [CY] +18 new articles saved
16:08:05  INFO     [MT] 'EU AI Act' → 100 entries, 230 kept so far
16:08:05  INFO     [EE] 'EU AI Act' → 8 entries, 3 kept so far
16:08:06  INFO     [LU] 'EU AI Act' → 0 entries, 0 kept so far
16:08:07  INFO     [MT] 'generative AI' → 100 entries, 300 kept so far
16:08:08  INFO     [MT] +0 new articles saved
16:08:08  INFO     [EE] 'generative AI' → 9 entries, 6 kept so far
16:08:09  INFO     [EE] +1 new articles saved
16:08:09  INFO     [LU] 'generative AI' → 0 entries, 0 kept so far
16:08:10  INFO     [LU] +0 new articles saved
16:08:10  INFO     Scrape complete. 1160 new articles this run.
