16:35:28  INFO     Starting scrape: 27 countries, 5 queries each
/home/runner/work/EU_AI_News/EU_AI_News/eu_ai_news_scraper.py:230: DeprecationWarning: datetime.datetime.utcnow() is deprecated and scheduled for removal in a future version. Use timezone-aware objects to represent datetimes in UTC: datetime.datetime.now(datetime.UTC).
  "scraped_at":   datetime.utcnow().isoformat(),
16:35:29  INFO     [IT] 'artificial intelligence' → 102 entries, 21 kept so far
16:35:29  INFO     [DE] 'artificial intelligence' → 100 entries, 36 kept so far
16:35:29  INFO     [FR] 'artificial intelligence' → 100 entries, 48 kept so far
16:35:29  INFO     [PL] 'artificial intelligence' → 100 entries, 11 kept so far
16:35:29  INFO     [ES] 'artificial intelligence' → 100 entries, 50 kept so far
16:35:31  INFO     [DE] 'AI regulation' → 96 entries, 109 kept so far
16:35:31  INFO     [IT] 'AI regulation' → 100 entries, 108 kept so far
16:35:31  INFO     [FR] 'AI regulation' → 84 entries, 126 kept so far
16:35:31  INFO     [PL] 'AI regulation' → 76 entries, 70 kept so far
16:35:31  INFO     [ES] 'AI regulation' → 77 entries, 85 kept so far
16:35:32  INFO     [FR] 'machine learning' → 100 entries, 176 kept so far
16:35:32  INFO     [IT] 'machine learning' → 100 entries, 182 kept so far
16:35:32  INFO     [PL] 'machine learning' → 100 entries, 117 kept so far
16:35:33  INFO     [DE] 'machine learning' → 100 entries, 156 kept so far
16:35:33  INFO     [ES] 'machine learning' → 100 entries, 158 kept so far
16:35:34  INFO     [FR] 'EU AI Act' → 79 entries, 212 kept so far
16:35:34  INFO     [DE] 'EU AI Act' → 100 entries, 229 kept so far
16:35:34  INFO     [PL] 'EU AI Act' → 76 entries, 135 kept so far
16:35:34  INFO     [IT] 'EU AI Act' → 100 entries, 224 kept so far
16:35:34  INFO     [ES] 'EU AI Act' → 79 entries, 184 kept so far
16:35:35  INFO     [FR] 'generative AI' → 100 entries, 241 kept so far
16:35:36  INFO     [DE] 'generative AI' → 100 entries, 251 kept so far
16:35:36  INFO     [PL] 'generative AI' → 100 entries, 166 kept so far
16:35:36  INFO     [IT] 'generative AI' → 100 entries, 271 kept so far
16:35:36  INFO     [ES] 'generative AI' → 100 entries, 231 kept so far
16:35:36  INFO     [FR] +143 new articles saved
16:35:37  INFO     [DE] +175 new articles saved
16:35:37  INFO     [PL] +92 new articles saved
16:35:37  INFO     [IT] +177 new articles saved
16:35:37  INFO     [NL] 'artificial intelligence' → 100 entries, 15 kept so far
16:35:37  INFO     [ES] +132 new articles saved
16:35:37  INFO     [SE] 'artificial intelligence' → 100 entries, 9 kept so far
16:35:37  INFO     [BE] 'artificial intelligence' → 100 entries, 47 kept so far
16:35:37  INFO     [AT] 'artificial intelligence' → 100 entries, 38 kept so far
16:35:38  INFO     [DK] 'artificial intelligence' → 100 entries, 14 kept so far
16:35:39  INFO     [NL] 'AI regulation' → 76 entries, 57 kept so far
16:35:39  INFO     [SE] 'AI regulation' → 73 entries, 17 kept so far
16:35:39  INFO     [BE] 'AI regulation' → 82 entries, 123 kept so far
16:35:39  INFO     [AT] 'AI regulation' → 100 entries, 113 kept so far
16:35:39  INFO     [DK] 'AI regulation' → 38 entries, 20 kept so far
16:35:40  INFO     [NL] 'machine learning' → 100 entries, 106 kept so far
16:35:40  INFO     [SE] 'machine learning' → 80 entries, 41 kept so far
16:35:41  INFO     [BE] 'machine learning' → 100 entries, 172 kept so far
16:35:41  INFO     [AT] 'machine learning' → 100 entries, 162 kept so far
16:35:41  INFO     [DK] 'machine learning' → 80 entries, 41 kept so far
16:35:42  INFO     [NL] 'EU AI Act' → 100 entries, 137 kept so far
16:35:42  INFO     [SE] 'EU AI Act' → 70 entries, 48 kept so far
16:35:42  INFO     [BE] 'EU AI Act' → 80 entries, 208 kept so far
16:35:43  INFO     [AT] 'EU AI Act' → 100 entries, 245 kept so far
16:35:43  INFO     [DK] 'EU AI Act' → 73 entries, 57 kept so far
16:35:43  INFO     [NL] 'generative AI' → 100 entries, 168 kept so far
16:35:43  INFO     [SE] 'generative AI' → 69 entries, 59 kept so far
16:35:44  INFO     [BE] 'generative AI' → 100 entries, 236 kept so far
16:35:44  INFO     [AT] 'generative AI' → 100 entries, 268 kept so far
16:35:44  INFO     [DK] 'generative AI' → 92 entries, 87 kept so far
16:35:44  INFO     [NL] +85 new articles saved
16:35:44  INFO     [SE] +28 new articles saved
16:35:45  INFO     [BE] +24 new articles saved
16:35:45  INFO     [FI] 'artificial intelligence' → 100 entries, 52 kept so far
16:35:45  INFO     [PT] 'artificial intelligence' → 100 entries, 64 kept so far
16:35:45  INFO     [AT] +59 new articles saved
16:35:45  INFO     [DK] +34 new articles saved
16:35:46  INFO     [CZ] 'artificial intelligence' → 100 entries, 13 kept so far
16:35:46  INFO     [RO] 'artificial intelligence' → 100 entries, 43 kept so far
16:35:46  INFO     [HU] 'artificial intelligence' → 100 entries, 25 kept so far
16:35:46  INFO     [FI] 'AI regulation' → 59 entries, 65 kept so far
16:35:47  INFO     [PT] 'AI regulation' → 76 entries, 98 kept so far
16:35:47  INFO     [CZ] 'AI regulation' → 76 entries, 34 kept so far
16:35:47  INFO     [RO] 'AI regulation' → 73 entries, 53 kept so far
16:35:47  INFO     [HU] 'AI regulation' → 77 entries, 27 kept so far
16:35:48  INFO     [FI] 'machine learning' → 91 entries, 111 kept so far
16:35:48  INFO     [PT] 'machine learning' → 100 entries, 174 kept so far
16:35:49  INFO     [CZ] 'machine learning' → 73 entries, 54 kept so far
16:35:49  INFO     [RO] 'machine learning' → 100 entries, 108 kept so far
16:35:49  INFO     [HU] 'machine learning' → 76 entries, 51 kept so far
16:35:50  INFO     [FI] 'EU AI Act' → 76 entries, 154 kept so far
16:35:50  INFO     [PT] 'EU AI Act' → 56 entries, 186 kept so far
16:35:50  INFO     [CZ] 'EU AI Act' → 71 entries, 67 kept so far
16:35:50  INFO     [RO] 'EU AI Act' → 73 entries, 129 kept so far
16:35:51  INFO     [FI] 'generative AI' → 62 entries, 193 kept so far
16:35:51  INFO     [HU] 'EU AI Act' → 76 entries, 70 kept so far
16:35:52  INFO     [PT] 'generative AI' → 100 entries, 214 kept so far
16:35:52  INFO     [CZ] 'generative AI' → 71 entries, 86 kept so far
16:35:52  INFO     [RO] 'generative AI' → 97 entries, 154 kept so far
16:35:52  INFO     [FI] +106 new articles saved
16:35:53  INFO     [PT] +138 new articles saved
16:35:53  INFO     [CZ] +58 new articles saved
16:35:53  INFO     [HU] 'generative AI' → 71 entries, 90 kept so far
16:35:53  INFO     [GR] 'artificial intelligence' → 100 entries, 41 kept so far
16:35:53  INFO     [RO] +93 new articles saved
16:35:53  INFO     [SK] 'artificial intelligence' → 100 entries, 22 kept so far
16:35:54  INFO     [IE] 'artificial intelligence' → 100 entries, 76 kept so far
16:35:54  INFO     [HR] 'artificial intelligence' → 105 entries, 77 kept so far
16:35:54  INFO     [HU] +59 new articles saved
16:35:55  INFO     [BG] 'artificial intelligence' → 87 entries, 34 kept so far
16:35:55  INFO     [GR] 'AI regulation' → 68 entries, 88 kept so far
16:35:55  INFO     [SK] 'AI regulation' → 23 entries, 24 kept so far
16:35:55  INFO     [IE] 'AI regulation' → 100 entries, 129 kept so far
16:35:55  INFO     [HR] 'AI regulation' → 100 entries, 130 kept so far
16:35:56  INFO     [BG] 'AI regulation' → 17 entries, 36 kept so far
16:35:56  INFO     [GR] 'machine learning' → 100 entries, 130 kept so far
16:35:56  INFO     [SK] 'machine learning' → 57 entries, 39 kept so far
16:35:57  INFO     [HR] 'machine learning' → 100 entries, 196 kept so far
16:35:57  INFO     [IE] 'machine learning' → 100 entries, 192 kept so far
16:35:57  INFO     [BG] 'machine learning' → 59 entries, 44 kept so far
16:35:58  INFO     [GR] 'EU AI Act' → 56 entries, 148 kept so far
16:35:58  INFO     [SK] 'EU AI Act' → 74 entries, 48 kept so far
16:35:58  INFO     [HR] 'EU AI Act' → 100 entries, 278 kept so far
16:35:59  INFO     [IE] 'EU AI Act' → 100 entries, 262 kept so far
16:35:59  INFO     [BG] 'EU AI Act' → 17 entries, 47 kept so far
16:35:59  INFO     [GR] 'generative AI' → 100 entries, 190 kept so far
16:35:59  INFO     [SK] 'generative AI' → 42 entries, 57 kept so far
16:36:00  INFO     [HR] 'generative AI' → 100 entries, 351 kept so far
16:36:00  INFO     [BG] 'generative AI' → 31 entries, 55 kept so far
16:36:00  INFO     [GR] +131 new articles saved
16:36:00  INFO     [SK] +27 new articles saved
16:36:00  INFO     [IE] 'generative AI' → 100 entries, 328 kept so far
16:36:01  INFO     [LT] 'artificial intelligence' → 78 entries, 25 kept so far
16:36:01  INFO     [HR] +320 new articles saved
16:36:01  INFO     [SI] 'artificial intelligence' → 100 entries, 49 kept so far
16:36:01  INFO     [BG] +34 new articles saved
16:36:01  INFO     [LV] 'artificial intelligence' → 71 entries, 20 kept so far
16:36:01  INFO     [IE] +103 new articles saved
16:36:02  INFO     [CY] 'artificial intelligence' → 100 entries, 41 kept so far
16:36:02  INFO     [EE] 'artificial intelligence' → 98 entries, 53 kept so far
16:36:02  INFO     [LT] 'AI regulation' → 7 entries, 25 kept so far
16:36:02  INFO     [SI] 'AI regulation' → 2 entries, 49 kept so far
16:36:03  INFO     [LV] 'AI regulation' → 6 entries, 20 kept so far
16:36:03  INFO     [EE] 'AI regulation' → 6 entries, 54 kept so far
16:36:03  INFO     [CY] 'AI regulation' → 68 entries, 88 kept so far
16:36:04  INFO     [LT] 'machine learning' → 26 entries, 28 kept so far
16:36:04  INFO     [SI] 'machine learning' → 20 entries, 50 kept so far
16:36:04  INFO     [LV] 'machine learning' → 12 entries, 23 kept so far
16:36:05  INFO     [EE] 'machine learning' → 12 entries, 55 kept so far
16:36:05  INFO     [CY] 'machine learning' → 100 entries, 130 kept so far
16:36:05  INFO     [LT] 'EU AI Act' → 18 entries, 28 kept so far
16:36:05  INFO     [SI] 'EU AI Act' → 29 entries, 54 kept so far
16:36:05  INFO     [LV] 'EU AI Act' → 8 entries, 23 kept so far
16:36:06  INFO     [EE] 'EU AI Act' → 9 entries, 56 kept so far
16:36:06  INFO     [CY] 'EU AI Act' → 56 entries, 148 kept so far
16:36:06  INFO     [LT] 'generative AI' → 16 entries, 32 kept so far
16:36:06  INFO     [SI] 'generative AI' → 16 entries, 55 kept so far
16:36:07  INFO     [LV] 'generative AI' → 10 entries, 24 kept so far
16:36:07  INFO     [LT] +13 new articles saved
16:36:07  INFO     [EE] 'generative AI' → 9 entries, 59 kept so far
16:36:07  INFO     [SI] +22 new articles saved
16:36:08  INFO     [MT] 'artificial intelligence' → 105 entries, 77 kept so far
16:36:08  INFO     [LV] +11 new articles saved
16:36:08  INFO     [CY] 'generative AI' → 100 entries, 190 kept so far
16:36:08  INFO     [LU] 'artificial intelligence' → 100 entries, 48 kept so far
16:36:09  INFO     [EE] +31 new articles saved
16:36:09  INFO     [MT] 'AI regulation' → 100 entries, 130 kept so far
16:36:09  INFO     [CY] +0 new articles saved
16:36:09  INFO     [LU] 'AI regulation' → 84 entries, 126 kept so far
16:36:10  INFO     [MT] 'machine learning' → 100 entries, 196 kept so far
16:36:11  INFO     [LU] 'machine learning' → 100 entries, 176 kept so far
16:36:11  INFO     [MT] 'EU AI Act' → 100 entries, 278 kept so far
16:36:12  INFO     [MT] 'generative AI' → 100 entries, 351 kept so far
16:36:12  INFO     [LU] 'EU AI Act' → 79 entries, 212 kept so far
16:36:13  INFO     [MT] +0 new articles saved
16:36:14  INFO     [LU] 'generative AI' → 100 entries, 241 kept so far
16:36:15  INFO     [LU] +0 new articles saved
16:36:15  INFO     Scrape complete. 2095 new articles this run.
