05:21:36  INFO     Starting scrape: 27 countries, 5 queries each
/home/runner/work/EU_AI_News/EU_AI_News/eu_ai_news_scraper.py:230: DeprecationWarning: datetime.datetime.utcnow() is deprecated and scheduled for removal in a future version. Use timezone-aware objects to represent datetimes in UTC: datetime.datetime.now(datetime.UTC).
  "scraped_at":   datetime.utcnow().isoformat(),
05:21:36  INFO     [DE] 'artificial intelligence' → 100 entries, 52 kept so far
05:21:36  INFO     [FR] 'artificial intelligence' → 102 entries, 57 kept so far
05:21:36  INFO     [PL] 'artificial intelligence' → 100 entries, 16 kept so far
05:21:36  INFO     [ES] 'artificial intelligence' → 100 entries, 60 kept so far
05:21:36  INFO     [IT] 'artificial intelligence' → 100 entries, 37 kept so far
05:21:38  INFO     [DE] 'AI regulation' → 100 entries, 134 kept so far
05:21:38  INFO     [FR] 'AI regulation' → 100 entries, 148 kept so far
05:21:38  INFO     [PL] 'AI regulation' → 78 entries, 78 kept so far
05:21:38  INFO     [ES] 'AI regulation' → 78 entries, 106 kept so far
05:21:38  INFO     [IT] 'AI regulation' → 100 entries, 126 kept so far
05:21:39  INFO     [DE] 'machine learning' → 100 entries, 185 kept so far
05:21:39  INFO     [FR] 'machine learning' → 100 entries, 206 kept so far
05:21:40  INFO     [PL] 'machine learning' → 100 entries, 124 kept so far
05:21:40  INFO     [ES] 'machine learning' → 100 entries, 180 kept so far
05:21:40  INFO     [IT] 'machine learning' → 100 entries, 205 kept so far
05:21:41  INFO     [DE] 'EU AI Act' → 100 entries, 260 kept so far
05:21:41  INFO     [FR] 'EU AI Act' → 100 entries, 253 kept so far
05:21:41  INFO     [PL] 'EU AI Act' → 78 entries, 139 kept so far
05:21:41  INFO     [ES] 'EU AI Act' → 78 entries, 209 kept so far
05:21:41  INFO     [IT] 'EU AI Act' → 100 entries, 265 kept so far
05:21:42  INFO     [DE] 'generative AI' → 100 entries, 285 kept so far
05:21:43  INFO     [PL] 'generative AI' → 100 entries, 173 kept so far
05:21:43  INFO     [FR] 'generative AI' → 100 entries, 282 kept so far
05:21:43  INFO     [IT] 'generative AI' → 100 entries, 309 kept so far
05:21:43  INFO     [ES] 'generative AI' → 100 entries, 254 kept so far
05:21:43  INFO     [DE] +205 new articles saved
05:21:44  INFO     [PL] +100 new articles saved
05:21:44  INFO     [FR] +179 new articles saved
05:21:44  INFO     [NL] 'artificial intelligence' → 100 entries, 14 kept so far
05:21:44  INFO     [IT] +218 new articles saved
05:21:44  INFO     [ES] +184 new articles saved
05:21:44  INFO     [SE] 'artificial intelligence' → 100 entries, 8 kept so far
05:21:44  INFO     [BE] 'artificial intelligence' → 100 entries, 59 kept so far
05:21:45  INFO     [DK] 'artificial intelligence' → 100 entries, 21 kept so far
05:21:45  INFO     [AT] 'artificial intelligence' → 100 entries, 47 kept so far
05:21:46  INFO     [NL] 'AI regulation' → 79 entries, 61 kept so far
05:21:46  INFO     [SE] 'AI regulation' → 77 entries, 23 kept so far
05:21:46  INFO     [BE] 'AI regulation' → 100 entries, 151 kept so far
05:21:46  INFO     [DK] 'AI regulation' → 48 entries, 29 kept so far
05:21:46  INFO     [AT] 'AI regulation' → 100 entries, 125 kept so far
05:21:47  INFO     [SE] 'machine learning' → 85 entries, 44 kept so far
05:21:47  INFO     [NL] 'machine learning' → 100 entries, 106 kept so far
05:21:48  INFO     [DK] 'machine learning' → 79 entries, 48 kept so far
05:21:48  INFO     [BE] 'machine learning' → 100 entries, 210 kept so far
05:21:48  INFO     [AT] 'machine learning' → 100 entries, 179 kept so far
05:21:49  INFO     [SE] 'EU AI Act' → 65 entries, 52 kept so far
05:21:49  INFO     [NL] 'EU AI Act' → 100 entries, 139 kept so far
05:21:49  INFO     [BE] 'EU AI Act' → 100 entries, 257 kept so far
05:21:50  INFO     [DK] 'EU AI Act' → 74 entries, 62 kept so far
05:21:50  INFO     [AT] 'EU AI Act' → 100 entries, 258 kept so far
05:21:50  INFO     [SE] 'generative AI' → 77 entries, 66 kept so far
05:21:51  INFO     [NL] 'generative AI' → 100 entries, 171 kept so far
05:21:51  INFO     [BE] 'generative AI' → 100 entries, 283 kept so far
05:21:51  INFO     [DK] 'generative AI' → 88 entries, 90 kept so far
05:21:51  INFO     [AT] 'generative AI' → 100 entries, 286 kept so far
05:21:51  INFO     [SE] +37 new articles saved
05:21:52  INFO     [NL] +94 new articles saved
05:21:52  INFO     [FI] 'artificial intelligence' → 100 entries, 57 kept so far
05:21:52  INFO     [BE] +26 new articles saved
05:21:52  INFO     [DK] +48 new articles saved
05:21:52  INFO     [PT] 'artificial intelligence' → 100 entries, 56 kept so far
05:21:52  INFO     [AT] +41 new articles saved
05:21:52  INFO     [CZ] 'artificial intelligence' → 100 entries, 22 kept so far
05:21:53  INFO     [RO] 'artificial intelligence' → 100 entries, 37 kept so far
05:21:53  INFO     [HU] 'artificial intelligence' → 100 entries, 15 kept so far
05:21:53  INFO     [FI] 'AI regulation' → 58 entries, 74 kept so far
05:21:54  INFO     [PT] 'AI regulation' → 78 entries, 93 kept so far
05:21:54  INFO     [CZ] 'AI regulation' → 78 entries, 44 kept so far
05:21:54  INFO     [RO] 'AI regulation' → 77 entries, 50 kept so far
05:21:54  INFO     [HU] 'AI regulation' → 78 entries, 18 kept so far
05:21:55  INFO     [FI] 'machine learning' → 99 entries, 118 kept so far
05:21:55  INFO     [CZ] 'machine learning' → 78 entries, 64 kept so far
05:21:56  INFO     [PT] 'machine learning' → 100 entries, 170 kept so far
05:21:56  INFO     [HU] 'machine learning' → 77 entries, 39 kept so far
05:21:56  INFO     [RO] 'machine learning' → 100 entries, 110 kept so far
05:21:56  INFO     [FI] 'EU AI Act' → 63 entries, 153 kept so far
05:21:57  INFO     [CZ] 'EU AI Act' → 76 entries, 80 kept so far
05:21:57  INFO     [PT] 'EU AI Act' → 78 entries, 187 kept so far
05:21:57  INFO     [HU] 'EU AI Act' → 79 entries, 64 kept so far
05:21:57  INFO     [RO] 'EU AI Act' → 76 entries, 135 kept so far
05:21:58  INFO     [FI] 'generative AI' → 70 entries, 194 kept so far
05:21:58  INFO     [CZ] 'generative AI' → 74 entries, 98 kept so far
05:21:59  INFO     [PT] 'generative AI' → 100 entries, 218 kept so far
05:21:59  INFO     [HU] 'generative AI' → 70 entries, 85 kept so far
05:21:59  INFO     [FI] +116 new articles saved
05:21:59  INFO     [RO] 'generative AI' → 96 entries, 158 kept so far
05:21:59  INFO     [CZ] +68 new articles saved
05:22:00  INFO     [PT] +143 new articles saved
05:22:00  INFO     [HU] +53 new articles saved
05:22:00  INFO     [GR] 'artificial intelligence' → 100 entries, 38 kept so far
05:22:00  INFO     [SK] 'artificial intelligence' → 100 entries, 24 kept so far
05:22:00  INFO     [RO] +101 new articles saved
05:22:00  INFO     [HR] 'artificial intelligence' → 102 entries, 60 kept so far
05:22:01  INFO     [IE] 'artificial intelligence' → 100 entries, 56 kept so far
05:22:01  INFO     [BG] 'artificial intelligence' → 95 entries, 40 kept so far
05:22:02  INFO     [GR] 'AI regulation' → 72 entries, 89 kept so far
05:22:02  INFO     [SK] 'AI regulation' → 48 entries, 30 kept so far
05:22:02  INFO     [BG] 'AI regulation' → 11 entries, 40 kept so far
05:22:02  INFO     [HR] 'AI regulation' → 100 entries, 102 kept so far
05:22:02  INFO     [IE] 'AI regulation' → 100 entries, 102 kept so far
05:22:03  INFO     [GR] 'machine learning' → 100 entries, 130 kept so far
05:22:03  INFO     [SK] 'machine learning' → 59 entries, 43 kept so far
05:22:03  INFO     [BG] 'machine learning' → 58 entries, 49 kept so far
05:22:04  INFO     [HR] 'machine learning' → 100 entries, 155 kept so far
05:22:04  INFO     [IE] 'machine learning' → 100 entries, 167 kept so far
05:22:05  INFO     [GR] 'EU AI Act' → 60 entries, 150 kept so far
05:22:05  INFO     [SK] 'EU AI Act' → 64 entries, 55 kept so far
05:22:05  INFO     [BG] 'EU AI Act' → 18 entries, 54 kept so far
05:22:05  INFO     [HR] 'EU AI Act' → 100 entries, 242 kept so far
05:22:06  INFO     [IE] 'EU AI Act' → 100 entries, 246 kept so far
05:22:06  INFO     [SK] 'generative AI' → 51 entries, 66 kept so far
05:22:06  INFO     [GR] 'generative AI' → 100 entries, 197 kept so far
05:22:06  INFO     [BG] 'generative AI' → 31 entries, 59 kept so far
05:22:07  INFO     [HR] 'generative AI' → 100 entries, 304 kept so far
05:22:07  INFO     [SK] +39 new articles saved
05:22:07  INFO     [GR] +138 new articles saved
05:22:07  INFO     [BG] +36 new articles saved
05:22:07  INFO     [IE] 'generative AI' → 100 entries, 305 kept so far
05:22:08  INFO     [LT] 'artificial intelligence' → 86 entries, 29 kept so far
05:22:08  INFO     [LV] 'artificial intelligence' → 63 entries, 24 kept so far
05:22:08  INFO     [SI] 'artificial intelligence' → 100 entries, 45 kept so far
05:22:08  INFO     [HR] +290 new articles saved
05:22:08  INFO     [IE] +122 new articles saved
05:22:09  INFO     [EE] 'artificial intelligence' → 91 entries, 42 kept so far
05:22:09  INFO     [CY] 'artificial intelligence' → 100 entries, 38 kept so far
05:22:09  INFO     [LV] 'AI regulation' → 3 entries, 24 kept so far
05:22:09  INFO     [LT] 'AI regulation' → 12 entries, 29 kept so far
05:22:09  INFO     [SI] 'AI regulation' → 6 entries, 45 kept so far
05:22:10  INFO     [EE] 'AI regulation' → 10 entries, 42 kept so far
05:22:10  INFO     [LV] 'machine learning' → 15 entries, 27 kept so far
05:22:10  INFO     [CY] 'AI regulation' → 72 entries, 89 kept so far
05:22:10  INFO     [LT] 'machine learning' → 36 entries, 34 kept so far
05:22:10  INFO     [SI] 'machine learning' → 22 entries, 47 kept so far
05:22:11  INFO     [EE] 'machine learning' → 16 entries, 43 kept so far
05:22:11  INFO     [LV] 'EU AI Act' → 7 entries, 27 kept so far
05:22:12  INFO     [LT] 'EU AI Act' → 19 entries, 35 kept so far
05:22:12  INFO     [CY] 'machine learning' → 100 entries, 130 kept so far
05:22:12  INFO     [SI] 'EU AI Act' → 22 entries, 51 kept so far
05:22:13  INFO     [EE] 'EU AI Act' → 15 entries, 45 kept so far
05:22:13  INFO     [LV] 'generative AI' → 9 entries, 28 kept so far
05:22:13  INFO     [LT] 'generative AI' → 17 entries, 41 kept so far
05:22:13  INFO     [SI] 'generative AI' → 13 entries, 52 kept so far
05:22:13  INFO     [CY] 'EU AI Act' → 60 entries, 150 kept so far
05:22:14  INFO     [LV] +14 new articles saved
05:22:14  INFO     [LT] +19 new articles saved
05:22:14  INFO     [EE] 'generative AI' → 12 entries, 46 kept so far
05:22:14  INFO     [MT] 'artificial intelligence' → 102 entries, 60 kept so far
05:22:14  INFO     [SI] +22 new articles saved
05:22:14  INFO     [LU] 'artificial intelligence' → 102 entries, 57 kept so far
05:22:15  INFO     [CY] 'generative AI' → 100 entries, 197 kept so far
05:22:15  INFO     [EE] +27 new articles saved
05:22:15  INFO     [MT] 'AI regulation' → 100 entries, 102 kept so far
05:22:16  INFO     [CY] +0 new articles saved
05:22:16  INFO     [LU] 'AI regulation' → 100 entries, 148 kept so far
05:22:16  INFO     [MT] 'machine learning' → 100 entries, 155 kept so far
05:22:17  INFO     [LU] 'machine learning' → 100 entries, 206 kept so far
05:22:18  INFO     [MT] 'EU AI Act' → 100 entries, 242 kept so far
05:22:19  INFO     [LU] 'EU AI Act' → 100 entries, 253 kept so far
05:22:19  INFO     [MT] 'generative AI' → 100 entries, 304 kept so far
05:22:20  INFO     [MT] +0 new articles saved
05:22:20  INFO     [LU] 'generative AI' → 100 entries, 282 kept so far
05:22:21  INFO     [LU] +0 new articles saved
05:22:21  INFO     Scrape complete. 2320 new articles this run.
