04:14:20  INFO     Starting scrape: 27 countries, 5 queries each
/home/runner/work/EU_AI_News/EU_AI_News/eu_ai_news_scraper.py:230: DeprecationWarning: datetime.datetime.utcnow() is deprecated and scheduled for removal in a future version. Use timezone-aware objects to represent datetimes in UTC: datetime.datetime.now(datetime.UTC).
  "scraped_at":   datetime.utcnow().isoformat(),
04:14:21  INFO     [PL] 'artificial intelligence' → 100 entries, 13 kept so far
04:14:21  INFO     [DE] 'artificial intelligence' → 102 entries, 41 kept so far
04:14:21  INFO     [FR] 'artificial intelligence' → 99 entries, 48 kept so far
04:14:21  INFO     [ES] 'artificial intelligence' → 100 entries, 59 kept so far
04:14:21  INFO     [IT] 'artificial intelligence' → 100 entries, 32 kept so far
04:14:23  INFO     [PL] 'AI regulation' → 77 entries, 72 kept so far
04:14:23  INFO     [DE] 'AI regulation' → 100 entries, 118 kept so far
04:14:23  INFO     [FR] 'AI regulation' → 100 entries, 136 kept so far
04:14:23  INFO     [ES] 'AI regulation' → 77 entries, 98 kept so far
04:14:23  INFO     [IT] 'AI regulation' → 100 entries, 124 kept so far
04:14:25  INFO     [PL] 'machine learning' → 100 entries, 123 kept so far
04:14:25  INFO     [DE] 'machine learning' → 100 entries, 167 kept so far
04:14:25  INFO     [FR] 'machine learning' → 100 entries, 190 kept so far
04:14:25  INFO     [IT] 'machine learning' → 100 entries, 196 kept so far
04:14:25  INFO     [ES] 'machine learning' → 100 entries, 171 kept so far
04:14:26  INFO     [PL] 'EU AI Act' → 77 entries, 138 kept so far
04:14:26  INFO     [DE] 'EU AI Act' → 100 entries, 240 kept so far
04:14:26  INFO     [FR] 'EU AI Act' → 90 entries, 226 kept so far
04:14:27  INFO     [IT] 'EU AI Act' → 100 entries, 240 kept so far
04:14:27  INFO     [ES] 'EU AI Act' → 78 entries, 200 kept so far
04:14:28  INFO     [PL] 'generative AI' → 100 entries, 171 kept so far
04:14:28  INFO     [DE] 'generative AI' → 100 entries, 266 kept so far
04:14:28  INFO     [FR] 'generative AI' → 100 entries, 257 kept so far
04:14:28  INFO     [IT] 'generative AI' → 100 entries, 286 kept so far
04:14:28  INFO     [ES] 'generative AI' → 100 entries, 245 kept so far
04:14:29  INFO     [PL] +97 new articles saved
04:14:29  INFO     [DE] +189 new articles saved
04:14:29  INFO     [FR] +151 new articles saved
04:14:29  INFO     [IT] +198 new articles saved
04:14:29  INFO     [NL] 'artificial intelligence' → 100 entries, 10 kept so far
04:14:29  INFO     [ES] +144 new articles saved
04:14:30  INFO     [BE] 'artificial intelligence' → 100 entries, 54 kept so far
04:14:30  INFO     [SE] 'artificial intelligence' → 100 entries, 13 kept so far
04:14:30  INFO     [AT] 'artificial intelligence' → 100 entries, 34 kept so far
04:14:30  INFO     [DK] 'artificial intelligence' → 100 entries, 15 kept so far
04:14:31  INFO     [NL] 'AI regulation' → 77 entries, 57 kept so far
04:14:31  INFO     [SE] 'AI regulation' → 75 entries, 28 kept so far
04:14:31  INFO     [BE] 'AI regulation' → 97 entries, 140 kept so far
04:14:32  INFO     [DK] 'AI regulation' → 48 entries, 23 kept so far
04:14:32  INFO     [AT] 'AI regulation' → 100 entries, 107 kept so far
04:14:32  INFO     [NL] 'machine learning' → 100 entries, 110 kept so far
04:14:33  INFO     [SE] 'machine learning' → 82 entries, 52 kept so far
04:14:33  INFO     [BE] 'machine learning' → 100 entries, 192 kept so far
04:14:33  INFO     [AT] 'machine learning' → 100 entries, 158 kept so far
04:14:33  INFO     [DK] 'machine learning' → 81 entries, 46 kept so far
04:14:34  INFO     [NL] 'EU AI Act' → 100 entries, 142 kept so far
04:14:34  INFO     [SE] 'EU AI Act' → 71 entries, 61 kept so far
04:14:34  INFO     [BE] 'EU AI Act' → 96 entries, 231 kept so far
04:14:35  INFO     [DK] 'EU AI Act' → 73 entries, 62 kept so far
04:14:35  INFO     [AT] 'EU AI Act' → 100 entries, 236 kept so far
04:14:36  INFO     [NL] 'generative AI' → 100 entries, 173 kept so far
04:14:36  INFO     [SE] 'generative AI' → 74 entries, 71 kept so far
04:14:36  INFO     [BE] 'generative AI' → 100 entries, 259 kept so far
04:14:36  INFO     [DK] 'generative AI' → 100 entries, 98 kept so far
04:14:37  INFO     [AT] 'generative AI' → 100 entries, 257 kept so far
04:14:37  INFO     [NL] +82 new articles saved
04:14:37  INFO     [SE] +40 new articles saved
04:14:37  INFO     [BE] +28 new articles saved
04:14:37  INFO     [FI] 'artificial intelligence' → 100 entries, 63 kept so far
04:14:38  INFO     [PT] 'artificial intelligence' → 100 entries, 51 kept so far
04:14:38  INFO     [DK] +50 new articles saved
04:14:38  INFO     [AT] +44 new articles saved
04:14:38  INFO     [CZ] 'artificial intelligence' → 100 entries, 15 kept so far
04:14:38  INFO     [RO] 'artificial intelligence' → 100 entries, 39 kept so far
04:14:38  INFO     [HU] 'artificial intelligence' → 100 entries, 18 kept so far
04:14:39  INFO     [FI] 'AI regulation' → 55 entries, 74 kept so far
04:14:39  INFO     [PT] 'AI regulation' → 76 entries, 86 kept so far
04:14:39  INFO     [CZ] 'AI regulation' → 76 entries, 38 kept so far
04:14:40  INFO     [HU] 'AI regulation' → 78 entries, 22 kept so far
04:14:40  INFO     [RO] 'AI regulation' → 77 entries, 48 kept so far
04:14:41  INFO     [FI] 'machine learning' → 82 entries, 116 kept so far
04:14:41  INFO     [CZ] 'machine learning' → 82 entries, 58 kept so far
04:14:41  INFO     [PT] 'machine learning' → 100 entries, 165 kept so far
04:14:41  INFO     [HU] 'machine learning' → 62 entries, 45 kept so far
04:14:41  INFO     [RO] 'machine learning' → 100 entries, 103 kept so far
04:14:42  INFO     [FI] 'EU AI Act' → 70 entries, 157 kept so far
04:14:42  INFO     [CZ] 'EU AI Act' → 73 entries, 73 kept so far
04:14:43  INFO     [HU] 'EU AI Act' → 77 entries, 65 kept so far
04:14:43  INFO     [RO] 'EU AI Act' → 75 entries, 132 kept so far
04:14:43  INFO     [PT] 'EU AI Act' → 73 entries, 181 kept so far
04:14:44  INFO     [FI] 'generative AI' → 68 entries, 199 kept so far
04:14:44  INFO     [CZ] 'generative AI' → 73 entries, 91 kept so far
04:14:44  INFO     [HU] 'generative AI' → 70 entries, 86 kept so far
04:14:44  INFO     [RO] 'generative AI' → 95 entries, 156 kept so far
04:14:45  INFO     [PT] 'generative AI' → 100 entries, 217 kept so far
04:14:45  INFO     [GR] 'artificial intelligence' → 100 entries, 40 kept so far
04:14:45  INFO     [FI] +110 new articles saved
04:14:45  INFO     [SK] 'artificial intelligence' → 100 entries, 25 kept so far
04:14:46  INFO     [CZ] +57 new articles saved
04:14:46  INFO     [IE] 'artificial intelligence' → 100 entries, 56 kept so far
04:14:46  INFO     [HR] 'artificial intelligence' → 105 entries, 60 kept so far
04:14:46  INFO     [HU] +47 new articles saved
04:14:46  INFO     [BG] 'artificial intelligence' → 98 entries, 43 kept so far
04:14:46  INFO     [RO] +101 new articles saved
04:14:46  INFO     [PT] +141 new articles saved
04:14:47  INFO     [GR] 'AI regulation' → 70 entries, 93 kept so far
04:14:47  INFO     [SK] 'AI regulation' → 31 entries, 27 kept so far
04:14:48  INFO     [IE] 'AI regulation' → 100 entries, 102 kept so far
04:14:48  INFO     [BG] 'AI regulation' → 19 entries, 45 kept so far
04:14:48  INFO     [HR] 'AI regulation' → 100 entries, 110 kept so far
04:14:48  INFO     [SK] 'machine learning' → 57 entries, 39 kept so far
04:14:48  INFO     [GR] 'machine learning' → 100 entries, 131 kept so far
04:14:49  INFO     [BG] 'machine learning' → 55 entries, 56 kept so far
04:14:49  INFO     [HR] 'machine learning' → 100 entries, 168 kept so far
04:14:49  INFO     [IE] 'machine learning' → 100 entries, 169 kept so far
04:14:50  INFO     [SK] 'EU AI Act' → 65 entries, 50 kept so far
04:14:50  INFO     [GR] 'EU AI Act' → 61 entries, 145 kept so far
04:14:51  INFO     [BG] 'EU AI Act' → 23 entries, 58 kept so far
04:14:51  INFO     [HR] 'EU AI Act' → 100 entries, 245 kept so far
04:14:51  INFO     [IE] 'EU AI Act' → 100 entries, 239 kept so far
04:14:51  INFO     [SK] 'generative AI' → 51 entries, 63 kept so far
04:14:52  INFO     [GR] 'generative AI' → 100 entries, 191 kept so far
04:14:52  INFO     [BG] 'generative AI' → 37 entries, 64 kept so far
04:14:52  INFO     [SK] +31 new articles saved
04:14:53  INFO     [HR] 'generative AI' → 100 entries, 310 kept so far
04:14:53  INFO     [GR] +132 new articles saved
04:14:53  INFO     [LT] 'artificial intelligence' → 78 entries, 26 kept so far
04:14:53  INFO     [IE] 'generative AI' → 100 entries, 305 kept so far
04:14:53  INFO     [BG] +40 new articles saved
04:14:53  INFO     [SI] 'artificial intelligence' → 100 entries, 45 kept so far
04:14:53  INFO     [LV] 'artificial intelligence' → 61 entries, 20 kept so far
04:14:54  INFO     [HR] +288 new articles saved
04:14:54  INFO     [IE] +117 new articles saved
04:14:54  INFO     [LT] 'AI regulation' → 8 entries, 26 kept so far
04:14:54  INFO     [EE] 'artificial intelligence' → 100 entries, 49 kept so far
04:14:54  INFO     [CY] 'artificial intelligence' → 100 entries, 40 kept so far
04:14:55  INFO     [LV] 'AI regulation' → 6 entries, 20 kept so far
04:14:55  INFO     [SI] 'AI regulation' → 3 entries, 45 kept so far
04:14:55  INFO     [LT] 'machine learning' → 34 entries, 29 kept so far
04:14:56  INFO     [EE] 'AI regulation' → 4 entries, 49 kept so far
04:14:56  INFO     [LV] 'machine learning' → 14 entries, 24 kept so far
04:14:56  INFO     [SI] 'machine learning' → 23 entries, 47 kept so far
04:14:56  INFO     [CY] 'AI regulation' → 70 entries, 93 kept so far
04:14:57  INFO     [LT] 'EU AI Act' → 20 entries, 30 kept so far
04:14:57  INFO     [EE] 'machine learning' → 28 entries, 51 kept so far
04:14:57  INFO     [LV] 'EU AI Act' → 9 entries, 25 kept so far
04:14:57  INFO     [SI] 'EU AI Act' → 26 entries, 52 kept so far
04:14:58  INFO     [CY] 'machine learning' → 100 entries, 131 kept so far
04:14:58  INFO     [LT] 'generative AI' → 15 entries, 36 kept so far
04:14:59  INFO     [EE] 'EU AI Act' → 9 entries, 51 kept so far
04:14:59  INFO     [LV] 'generative AI' → 8 entries, 26 kept so far
04:14:59  INFO     [SI] 'generative AI' → 17 entries, 54 kept so far
04:14:59  INFO     [LT] +13 new articles saved
04:14:59  INFO     [CY] 'EU AI Act' → 61 entries, 145 kept so far
04:15:00  INFO     [LV] +10 new articles saved
04:15:00  INFO     [SI] +23 new articles saved
04:15:00  INFO     [LU] 'artificial intelligence' → 99 entries, 47 kept so far
04:15:00  INFO     [MT] 'artificial intelligence' → 105 entries, 60 kept so far
04:15:00  INFO     [EE] 'generative AI' → 11 entries, 53 kept so far
04:15:01  INFO     [CY] 'generative AI' → 100 entries, 191 kept so far
04:15:01  INFO     [EE] +28 new articles saved
04:15:01  INFO     [MT] 'AI regulation' → 100 entries, 110 kept so far
04:15:02  INFO     [LU] 'AI regulation' → 100 entries, 136 kept so far
04:15:02  INFO     [CY] +0 new articles saved
04:15:02  INFO     [MT] 'machine learning' → 100 entries, 168 kept so far
04:15:03  INFO     [LU] 'machine learning' → 100 entries, 190 kept so far
04:15:04  INFO     [MT] 'EU AI Act' → 100 entries, 245 kept so far
04:15:05  INFO     [LU] 'EU AI Act' → 90 entries, 226 kept so far
04:15:05  INFO     [MT] 'generative AI' → 100 entries, 310 kept so far
04:15:06  INFO     [MT] +0 new articles saved
04:15:06  INFO     [LU] 'generative AI' → 100 entries, 257 kept so far
04:15:07  INFO     [LU] +0 new articles saved
04:15:07  INFO     Scrape complete. 2161 new articles this run.
