01:39:38  INFO     Starting scrape: 27 countries, 5 queries each
/home/runner/work/EU_AI_News/EU_AI_News/eu_ai_news_scraper.py:230: DeprecationWarning: datetime.datetime.utcnow() is deprecated and scheduled for removal in a future version. Use timezone-aware objects to represent datetimes in UTC: datetime.datetime.now(datetime.UTC).
  "scraped_at":   datetime.utcnow().isoformat(),
01:39:38  INFO     [PL] 'artificial intelligence' → 100 entries, 17 kept so far
01:39:39  INFO     [ES] 'artificial intelligence' → 100 entries, 61 kept so far
01:39:39  INFO     [IT] 'artificial intelligence' → 100 entries, 41 kept so far
01:39:39  INFO     [DE] 'artificial intelligence' → 100 entries, 55 kept so far
01:39:39  INFO     [FR] 'artificial intelligence' → 100 entries, 54 kept so far
01:39:40  INFO     [ES] 'AI regulation' → 74 entries, 86 kept so far
01:39:40  INFO     [PL] 'AI regulation' → 100 entries, 89 kept so far
01:39:40  INFO     [DE] 'AI regulation' → 100 entries, 104 kept so far
01:39:40  INFO     [IT] 'AI regulation' → 100 entries, 113 kept so far
01:39:40  INFO     [FR] 'AI regulation' → 100 entries, 116 kept so far
01:39:42  INFO     [ES] 'machine learning' → 100 entries, 178 kept so far
01:39:42  INFO     [PL] 'machine learning' → 100 entries, 133 kept so far
01:39:42  INFO     [IT] 'machine learning' → 100 entries, 183 kept so far
01:39:42  INFO     [DE] 'machine learning' → 100 entries, 153 kept so far
01:39:42  INFO     [FR] 'machine learning' → 100 entries, 169 kept so far
01:39:43  INFO     [PL] 'EU AI Act' → 77 entries, 162 kept so far
01:39:43  INFO     [ES] 'EU AI Act' → 78 entries, 224 kept so far
01:39:44  INFO     [FR] 'EU AI Act' → 85 entries, 223 kept so far
01:39:44  INFO     [DE] 'EU AI Act' → 100 entries, 236 kept so far
01:39:44  INFO     [IT] 'EU AI Act' → 100 entries, 260 kept so far
01:39:45  INFO     [PL] 'generative AI' → 100 entries, 195 kept so far
01:39:45  INFO     [ES] 'generative AI' → 100 entries, 267 kept so far
01:39:45  INFO     [DE] 'generative AI' → 100 entries, 259 kept so far
01:39:45  INFO     [FR] 'generative AI' → 100 entries, 249 kept so far
01:39:46  INFO     [PL] +124 new articles saved
01:39:46  INFO     [ES] +169 new articles saved
01:39:46  INFO     [NL] 'artificial intelligence' → 100 entries, 16 kept so far
01:39:46  INFO     [IT] 'generative AI' → 100 entries, 301 kept so far
01:39:46  INFO     [DE] +195 new articles saved
01:39:46  INFO     [FR] +136 new articles saved
01:39:47  INFO     [BE] 'artificial intelligence' → 100 entries, 65 kept so far
01:39:47  INFO     [AT] 'artificial intelligence' → 100 entries, 57 kept so far
01:39:47  INFO     [SE] 'artificial intelligence' → 100 entries, 15 kept so far
01:39:47  INFO     [IT] +169 new articles saved
01:39:48  INFO     [NL] 'AI regulation' → 76 entries, 71 kept so far
01:39:48  INFO     [DK] 'artificial intelligence' → 100 entries, 24 kept so far
01:39:48  INFO     [BE] 'AI regulation' → 100 entries, 124 kept so far
01:39:49  INFO     [AT] 'AI regulation' → 100 entries, 116 kept so far
01:39:49  INFO     [SE] 'AI regulation' → 76 entries, 31 kept so far
01:39:50  INFO     [NL] 'machine learning' → 100 entries, 125 kept so far
01:39:50  INFO     [DK] 'AI regulation' → 32 entries, 29 kept so far
01:39:50  INFO     [BE] 'machine learning' → 100 entries, 179 kept so far
01:39:50  INFO     [AT] 'machine learning' → 47 entries, 152 kept so far
01:39:50  INFO     [SE] 'machine learning' → 74 entries, 49 kept so far
01:39:51  INFO     [NL] 'EU AI Act' → 100 entries, 150 kept so far
01:39:51  INFO     [DK] 'machine learning' → 74 entries, 44 kept so far
01:39:52  INFO     [BE] 'EU AI Act' → 90 entries, 235 kept so far
01:39:52  INFO     [AT] 'EU AI Act' → 100 entries, 235 kept so far
01:39:52  INFO     [SE] 'EU AI Act' → 72 entries, 52 kept so far
01:39:53  INFO     [NL] 'generative AI' → 100 entries, 178 kept so far
01:39:53  INFO     [DK] 'EU AI Act' → 74 entries, 61 kept so far
01:39:54  INFO     [SE] 'generative AI' → 73 entries, 59 kept so far
01:39:54  INFO     [AT] 'generative AI' → 100 entries, 258 kept so far
01:39:54  INFO     [NL] +86 new articles saved
01:39:54  INFO     [BE] 'generative AI' → 100 entries, 263 kept so far
01:39:54  INFO     [FI] 'artificial intelligence' → 100 entries, 65 kept so far
01:39:55  INFO     [DK] 'generative AI' → 93 entries, 90 kept so far
01:39:55  INFO     [SE] +27 new articles saved
01:39:55  INFO     [AT] +82 new articles saved
01:39:55  INFO     [BE] +22 new articles saved
01:39:55  INFO     [CZ] 'artificial intelligence' → 100 entries, 18 kept so far
01:39:55  INFO     [PT] 'artificial intelligence' → 100 entries, 58 kept so far
01:39:55  INFO     [RO] 'artificial intelligence' → 100 entries, 48 kept so far
01:39:56  INFO     [DK] +36 new articles saved
01:39:56  INFO     [HU] 'artificial intelligence' → 100 entries, 15 kept so far
01:39:56  INFO     [FI] 'AI regulation' → 52 entries, 80 kept so far
01:39:57  INFO     [CZ] 'AI regulation' → 78 entries, 49 kept so far
01:39:57  INFO     [RO] 'AI regulation' → 18 entries, 53 kept so far
01:39:57  INFO     [PT] 'AI regulation' → 99 entries, 118 kept so far
01:39:58  INFO     [HU] 'AI regulation' → 79 entries, 19 kept so far
01:39:58  INFO     [FI] 'machine learning' → 85 entries, 119 kept so far
01:39:58  INFO     [CZ] 'machine learning' → 81 entries, 67 kept so far
01:39:59  INFO     [RO] 'machine learning' → 100 entries, 102 kept so far
01:39:59  INFO     [PT] 'machine learning' → 100 entries, 193 kept so far
01:39:59  INFO     [HU] 'machine learning' → 71 entries, 45 kept so far
01:39:59  INFO     [FI] 'EU AI Act' → 70 entries, 158 kept so far
01:40:00  INFO     [CZ] 'EU AI Act' → 76 entries, 78 kept so far
01:40:00  INFO     [RO] 'EU AI Act' → 79 entries, 126 kept so far
01:40:01  INFO     [HU] 'EU AI Act' → 78 entries, 67 kept so far
01:40:01  INFO     [PT] 'EU AI Act' → 56 entries, 202 kept so far
01:40:01  INFO     [CZ] 'generative AI' → 23 entries, 86 kept so far
01:40:02  INFO     [RO] 'generative AI' → 84 entries, 148 kept so far
01:40:02  INFO     [FI] 'generative AI' → 54 entries, 190 kept so far
01:40:02  INFO     [HU] 'generative AI' → 73 entries, 90 kept so far
01:40:02  INFO     [CZ] +58 new articles saved
01:40:02  INFO     [PT] 'generative AI' → 100 entries, 229 kept so far
01:40:03  INFO     [RO] +79 new articles saved
01:40:03  INFO     [FI] +93 new articles saved
01:40:03  INFO     [GR] 'artificial intelligence' → 100 entries, 41 kept so far
01:40:03  INFO     [SK] 'artificial intelligence' → 100 entries, 20 kept so far
01:40:03  INFO     [HU] +46 new articles saved
01:40:03  INFO     [IE] 'artificial intelligence' → 100 entries, 55 kept so far
01:40:03  INFO     [PT] +150 new articles saved
01:40:04  INFO     [HR] 'artificial intelligence' → 100 entries, 70 kept so far
01:40:04  INFO     [BG] 'artificial intelligence' → 76 entries, 34 kept so far
01:40:04  INFO     [GR] 'AI regulation' → 64 entries, 99 kept so far
01:40:05  INFO     [SK] 'AI regulation' → 19 entries, 21 kept so far
01:40:05  INFO     [IE] 'AI regulation' → 100 entries, 106 kept so far
01:40:05  INFO     [BG] 'AI regulation' → 12 entries, 35 kept so far
01:40:06  INFO     [HR] 'AI regulation' → 100 entries, 118 kept so far
01:40:06  INFO     [GR] 'machine learning' → 86 entries, 134 kept so far
01:40:06  INFO     [SK] 'machine learning' → 57 entries, 32 kept so far
01:40:07  INFO     [IE] 'machine learning' → 100 entries, 185 kept so far
01:40:07  INFO     [BG] 'machine learning' → 53 entries, 44 kept so far
01:40:07  INFO     [HR] 'machine learning' → 100 entries, 192 kept so far
01:40:07  INFO     [GR] 'EU AI Act' → 65 entries, 154 kept so far
01:40:08  INFO     [SK] 'EU AI Act' → 54 entries, 43 kept so far
01:40:08  INFO     [BG] 'EU AI Act' → 19 entries, 48 kept so far
01:40:09  INFO     [IE] 'EU AI Act' → 100 entries, 253 kept so far
01:40:09  INFO     [GR] 'generative AI' → 100 entries, 193 kept so far
01:40:09  INFO     [SK] 'generative AI' → 44 entries, 55 kept so far
01:40:09  INFO     [HR] 'EU AI Act' → 100 entries, 273 kept so far
01:40:10  INFO     [BG] 'generative AI' → 25 entries, 52 kept so far
01:40:10  INFO     [GR] +129 new articles saved
01:40:10  INFO     [SK] +25 new articles saved
01:40:10  INFO     [IE] 'generative AI' → 100 entries, 310 kept so far
01:40:11  INFO     [LT] 'artificial intelligence' → 86 entries, 27 kept so far
01:40:11  INFO     [SI] 'artificial intelligence' → 100 entries, 49 kept so far
01:40:11  INFO     [BG] +27 new articles saved
01:40:11  INFO     [HR] 'generative AI' → 100 entries, 322 kept so far
01:40:11  INFO     [LV] 'artificial intelligence' → 61 entries, 18 kept so far
01:40:11  INFO     [IE] +263 new articles saved
01:40:12  INFO     [LT] 'AI regulation' → 15 entries, 28 kept so far
01:40:12  INFO     [HR] +114 new articles saved
01:40:12  INFO     [SI] 'AI regulation' → 9 entries, 49 kept so far
01:40:12  INFO     [EE] 'artificial intelligence' → 100 entries, 50 kept so far
01:40:12  INFO     [LV] 'AI regulation' → 9 entries, 18 kept so far
01:40:13  INFO     [CY] 'artificial intelligence' → 100 entries, 41 kept so far
01:40:13  INFO     [LT] 'machine learning' → 33 entries, 32 kept so far
01:40:13  INFO     [SI] 'machine learning' → 21 entries, 53 kept so far
01:40:14  INFO     [EE] 'AI regulation' → 10 entries, 50 kept so far
01:40:14  INFO     [LV] 'machine learning' → 9 entries, 19 kept so far
01:40:14  INFO     [CY] 'AI regulation' → 64 entries, 99 kept so far
01:40:15  INFO     [LT] 'EU AI Act' → 24 entries, 33 kept so far
01:40:15  INFO     [SI] 'EU AI Act' → 22 entries, 57 kept so far
01:40:15  INFO     [LV] 'EU AI Act' → 4 entries, 19 kept so far
01:40:15  INFO     [EE] 'machine learning' → 19 entries, 51 kept so far
01:40:16  INFO     [CY] 'machine learning' → 86 entries, 134 kept so far
01:40:16  INFO     [LT] 'generative AI' → 21 entries, 41 kept so far
01:40:16  INFO     [SI] 'generative AI' → 13 entries, 60 kept so far
01:40:16  INFO     [LV] 'generative AI' → 7 entries, 21 kept so far
01:40:16  INFO     [EE] 'EU AI Act' → 14 entries, 52 kept so far
01:40:17  INFO     [LT] +12 new articles saved
01:40:17  INFO     [SI] +26 new articles saved
01:40:17  INFO     [LV] +9 new articles saved
01:40:17  INFO     [CY] 'EU AI Act' → 64 entries, 153 kept so far
01:40:17  INFO     [MT] 'artificial intelligence' → 100 entries, 70 kept so far
01:40:18  INFO     [LU] 'artificial intelligence' → 100 entries, 54 kept so far
01:40:18  INFO     [EE] 'generative AI' → 11 entries, 54 kept so far
01:40:19  INFO     [MT] 'AI regulation' → 100 entries, 118 kept so far
01:40:19  INFO     [EE] +32 new articles saved
01:40:19  INFO     [CY] 'generative AI' → 100 entries, 192 kept so far
01:40:19  INFO     [LU] 'AI regulation' → 100 entries, 116 kept so far
01:40:20  INFO     [MT] 'machine learning' → 100 entries, 192 kept so far
01:40:20  INFO     [CY] +0 new articles saved
01:40:21  INFO     [LU] 'machine learning' → 100 entries, 169 kept so far
01:40:21  INFO     [MT] 'EU AI Act' → 100 entries, 273 kept so far
01:40:22  INFO     [LU] 'EU AI Act' → 85 entries, 223 kept so far
01:40:23  INFO     [MT] 'generative AI' → 100 entries, 322 kept so far
01:40:24  INFO     [MT] +0 new articles saved
01:40:24  INFO     [LU] 'generative AI' → 100 entries, 249 kept so far
01:40:25  INFO     [LU] +1 new articles saved
01:40:25  INFO     Scrape complete. 2110 new articles this run.
