08:12:02  INFO     Starting scrape: 27 countries, 5 queries each
/home/runner/work/EU_AI_News/EU_AI_News/eu_ai_news_scraper.py:230: DeprecationWarning: datetime.datetime.utcnow() is deprecated and scheduled for removal in a future version. Use timezone-aware objects to represent datetimes in UTC: datetime.datetime.now(datetime.UTC).
  "scraped_at":   datetime.utcnow().isoformat(),
08:12:02  INFO     [IT] 'artificial intelligence' → 102 entries, 35 kept so far
08:12:03  INFO     [DE] 'artificial intelligence' → 100 entries, 52 kept so far
08:12:03  INFO     [PL] 'artificial intelligence' → 100 entries, 16 kept so far
08:12:03  INFO     [FR] 'artificial intelligence' → 102 entries, 54 kept so far
08:12:03  INFO     [ES] 'artificial intelligence' → 100 entries, 61 kept so far
08:12:04  INFO     [IT] 'AI regulation' → 100 entries, 117 kept so far
08:12:04  INFO     [DE] 'AI regulation' → 92 entries, 125 kept so far
08:12:04  INFO     [PL] 'AI regulation' → 100 entries, 82 kept so far
08:12:04  INFO     [FR] 'AI regulation' → 100 entries, 130 kept so far
08:12:04  INFO     [ES] 'AI regulation' → 78 entries, 95 kept so far
08:12:06  INFO     [IT] 'machine learning' → 100 entries, 187 kept so far
08:12:06  INFO     [DE] 'machine learning' → 100 entries, 167 kept so far
08:12:06  INFO     [PL] 'machine learning' → 100 entries, 119 kept so far
08:12:06  INFO     [ES] 'machine learning' → 100 entries, 169 kept so far
08:12:06  INFO     [FR] 'machine learning' → 100 entries, 186 kept so far
08:12:07  INFO     [DE] 'EU AI Act' → 100 entries, 250 kept so far
08:12:07  INFO     [IT] 'EU AI Act' → 100 entries, 260 kept so far
08:12:07  INFO     [PL] 'EU AI Act' → 77 entries, 135 kept so far
08:12:08  INFO     [ES] 'EU AI Act' → 78 entries, 194 kept so far
08:12:08  INFO     [FR] 'EU AI Act' → 75 entries, 228 kept so far
08:12:09  INFO     [DE] 'generative AI' → 100 entries, 269 kept so far
08:12:09  INFO     [IT] 'generative AI' → 100 entries, 299 kept so far
08:12:09  INFO     [PL] 'generative AI' → 100 entries, 171 kept so far
08:12:09  INFO     [ES] 'generative AI' → 100 entries, 232 kept so far
08:12:09  INFO     [FR] 'generative AI' → 100 entries, 257 kept so far
08:12:10  INFO     [DE] +162 new articles saved
08:12:10  INFO     [IT] +150 new articles saved
08:12:10  INFO     [PL] +79 new articles saved
08:12:10  INFO     [NL] 'artificial intelligence' → 100 entries, 10 kept so far
08:12:10  INFO     [SE] 'artificial intelligence' → 100 entries, 8 kept so far
08:12:10  INFO     [BE] 'artificial intelligence' → 100 entries, 64 kept so far
08:12:10  INFO     [ES] +100 new articles saved
08:12:10  INFO     [FR] +123 new articles saved
08:12:11  INFO     [AT] 'artificial intelligence' → 100 entries, 48 kept so far
08:12:11  INFO     [DK] 'artificial intelligence' → 100 entries, 10 kept so far
08:12:12  INFO     [NL] 'AI regulation' → 79 entries, 47 kept so far
08:12:12  INFO     [SE] 'AI regulation' → 78 entries, 24 kept so far
08:12:12  INFO     [BE] 'AI regulation' → 100 entries, 149 kept so far
08:12:12  INFO     [DK] 'AI regulation' → 32 entries, 15 kept so far
08:12:12  INFO     [AT] 'AI regulation' → 94 entries, 119 kept so far
08:12:13  INFO     [NL] 'machine learning' → 100 entries, 101 kept so far
08:12:13  INFO     [SE] 'machine learning' → 72 entries, 47 kept so far
08:12:14  INFO     [BE] 'machine learning' → 100 entries, 204 kept so far
08:12:14  INFO     [DK] 'machine learning' → 82 entries, 40 kept so far
08:12:14  INFO     [AT] 'machine learning' → 100 entries, 165 kept so far
08:12:15  INFO     [NL] 'EU AI Act' → 100 entries, 129 kept so far
08:12:15  INFO     [SE] 'EU AI Act' → 77 entries, 54 kept so far
08:12:15  INFO     [BE] 'EU AI Act' → 78 entries, 234 kept so far
08:12:15  INFO     [DK] 'EU AI Act' → 77 entries, 57 kept so far
08:12:16  INFO     [AT] 'EU AI Act' → 100 entries, 253 kept so far
08:12:16  INFO     [NL] 'generative AI' → 100 entries, 157 kept so far
08:12:16  INFO     [SE] 'generative AI' → 76 entries, 65 kept so far
08:12:17  INFO     [BE] 'generative AI' → 100 entries, 258 kept so far
08:12:17  INFO     [DK] 'generative AI' → 100 entries, 89 kept so far
08:12:17  INFO     [AT] 'generative AI' → 100 entries, 272 kept so far
08:12:17  INFO     [NL] +52 new articles saved
08:12:17  INFO     [SE] +24 new articles saved
08:12:18  INFO     [FI] 'artificial intelligence' → 100 entries, 51 kept so far
08:12:18  INFO     [BE] +25 new articles saved
08:12:18  INFO     [PT] 'artificial intelligence' → 100 entries, 61 kept so far
08:12:18  INFO     [DK] +24 new articles saved
08:12:18  INFO     [AT] +27 new articles saved
08:12:18  INFO     [CZ] 'artificial intelligence' → 100 entries, 19 kept so far
08:12:19  INFO     [RO] 'artificial intelligence' → 100 entries, 39 kept so far
08:12:19  INFO     [HU] 'artificial intelligence' → 100 entries, 17 kept so far
08:12:19  INFO     [FI] 'AI regulation' → 49 entries, 64 kept so far
08:12:20  INFO     [PT] 'AI regulation' → 79 entries, 90 kept so far
08:12:20  INFO     [CZ] 'AI regulation' → 79 entries, 35 kept so far
08:12:20  INFO     [RO] 'AI regulation' → 75 entries, 50 kept so far
08:12:20  INFO     [HU] 'AI regulation' → 79 entries, 21 kept so far
08:12:21  INFO     [FI] 'machine learning' → 86 entries, 99 kept so far
08:12:21  INFO     [PT] 'machine learning' → 100 entries, 159 kept so far
08:12:21  INFO     [CZ] 'machine learning' → 78 entries, 54 kept so far
08:12:22  INFO     [RO] 'machine learning' → 100 entries, 97 kept so far
08:12:22  INFO     [HU] 'machine learning' → 70 entries, 45 kept so far
08:12:22  INFO     [FI] 'EU AI Act' → 75 entries, 139 kept so far
08:12:23  INFO     [PT] 'EU AI Act' → 46 entries, 166 kept so far
08:12:23  INFO     [CZ] 'EU AI Act' → 77 entries, 65 kept so far
08:12:23  INFO     [RO] 'EU AI Act' → 79 entries, 106 kept so far
08:12:23  INFO     [HU] 'EU AI Act' → 78 entries, 63 kept so far
08:12:24  INFO     [FI] 'generative AI' → 59 entries, 173 kept so far
08:12:24  INFO     [CZ] 'generative AI' → 83 entries, 81 kept so far
08:12:24  INFO     [PT] 'generative AI' → 100 entries, 196 kept so far
08:12:25  INFO     [RO] 'generative AI' → 80 entries, 126 kept so far
08:12:25  INFO     [HU] 'generative AI' → 71 entries, 88 kept so far
08:12:25  INFO     [FI] +78 new articles saved
08:12:25  INFO     [CZ] +44 new articles saved
08:12:25  INFO     [GR] 'artificial intelligence' → 100 entries, 48 kept so far
08:12:25  INFO     [PT] +86 new articles saved
08:12:26  INFO     [RO] +51 new articles saved
08:12:26  INFO     [HU] +40 new articles saved
08:12:26  INFO     [SK] 'artificial intelligence' → 100 entries, 24 kept so far
08:12:26  INFO     [HR] 'artificial intelligence' → 102 entries, 66 kept so far
08:12:26  INFO     [IE] 'artificial intelligence' → 100 entries, 66 kept so far
08:12:26  INFO     [BG] 'artificial intelligence' → 64 entries, 30 kept so far
08:12:27  INFO     [GR] 'AI regulation' → 59 entries, 99 kept so far
08:12:27  INFO     [SK] 'AI regulation' → 20 entries, 28 kept so far
08:12:28  INFO     [HR] 'AI regulation' → 100 entries, 110 kept so far
08:12:28  INFO     [BG] 'AI regulation' → 7 entries, 31 kept so far
08:12:28  INFO     [IE] 'AI regulation' → 100 entries, 111 kept so far
08:12:29  INFO     [GR] 'machine learning' → 87 entries, 133 kept so far
08:12:29  INFO     [SK] 'machine learning' → 68 entries, 46 kept so far
08:12:29  INFO     [BG] 'machine learning' → 58 entries, 41 kept so far
08:12:29  INFO     [HR] 'machine learning' → 100 entries, 179 kept so far
08:12:30  INFO     [IE] 'machine learning' → 100 entries, 181 kept so far
08:12:30  INFO     [GR] 'EU AI Act' → 58 entries, 151 kept so far
08:12:30  INFO     [BG] 'EU AI Act' → 8 entries, 43 kept so far
08:12:30  INFO     [SK] 'EU AI Act' → 64 entries, 63 kept so far
08:12:31  INFO     [HR] 'EU AI Act' → 100 entries, 263 kept so far
08:12:31  INFO     [IE] 'EU AI Act' → 100 entries, 255 kept so far
08:12:32  INFO     [BG] 'generative AI' → 30 entries, 51 kept so far
08:12:32  INFO     [GR] 'generative AI' → 100 entries, 194 kept so far
08:12:32  INFO     [SK] 'generative AI' → 47 entries, 73 kept so far
08:12:32  INFO     [HR] 'generative AI' → 100 entries, 329 kept so far
08:12:33  INFO     [BG] +27 new articles saved
08:12:33  INFO     [GR] +112 new articles saved
08:12:33  INFO     [SK] +32 new articles saved
08:12:33  INFO     [HR] +251 new articles saved
08:12:33  INFO     [IE] 'generative AI' → 100 entries, 321 kept so far
08:12:33  INFO     [LT] 'artificial intelligence' → 87 entries, 33 kept so far
08:12:33  INFO     [SI] 'artificial intelligence' → 100 entries, 47 kept so far
08:12:33  INFO     [LV] 'artificial intelligence' → 73 entries, 27 kept so far
08:12:33  INFO     [EE] 'artificial intelligence' → 100 entries, 46 kept so far
08:12:34  INFO     [IE] +88 new articles saved
08:12:34  INFO     [LT] 'AI regulation' → 8 entries, 33 kept so far
08:12:34  INFO     [CY] 'artificial intelligence' → 100 entries, 48 kept so far
08:12:35  INFO     [SI] 'AI regulation' → 5 entries, 47 kept so far
08:12:35  INFO     [LV] 'AI regulation' → 7 entries, 27 kept so far
08:12:35  INFO     [EE] 'AI regulation' → 9 entries, 48 kept so far
08:12:36  INFO     [LT] 'machine learning' → 32 entries, 37 kept so far
08:12:36  INFO     [LV] 'machine learning' → 11 entries, 29 kept so far
08:12:36  INFO     [SI] 'machine learning' → 24 entries, 50 kept so far
08:12:36  INFO     [CY] 'AI regulation' → 59 entries, 99 kept so far
08:12:36  INFO     [EE] 'machine learning' → 9 entries, 51 kept so far
08:12:37  INFO     [LT] 'EU AI Act' → 17 entries, 38 kept so far
08:12:37  INFO     [LV] 'EU AI Act' → 10 entries, 29 kept so far
08:12:37  INFO     [SI] 'EU AI Act' → 32 entries, 57 kept so far
08:12:37  INFO     [CY] 'machine learning' → 87 entries, 133 kept so far
08:12:38  INFO     [EE] 'EU AI Act' → 17 entries, 53 kept so far
08:12:38  INFO     [LT] 'generative AI' → 24 entries, 46 kept so far
08:12:38  INFO     [LV] 'generative AI' → 8 entries, 31 kept so far
08:12:39  INFO     [SI] 'generative AI' → 14 entries, 61 kept so far
08:12:39  INFO     [CY] 'EU AI Act' → 58 entries, 151 kept so far
08:12:39  INFO     [EE] 'generative AI' → 10 entries, 55 kept so far
08:12:39  INFO     [LT] +14 new articles saved
08:12:39  INFO     [LV] +14 new articles saved
08:12:40  INFO     [MT] 'artificial intelligence' → 102 entries, 66 kept so far
08:12:40  INFO     [SI] +21 new articles saved
08:12:40  INFO     [LU] 'artificial intelligence' → 100 entries, 52 kept so far
08:12:40  INFO     [EE] +22 new articles saved
08:12:40  INFO     [CY] 'generative AI' → 100 entries, 194 kept so far
08:12:41  INFO     [MT] 'AI regulation' → 100 entries, 110 kept so far
08:12:41  INFO     [LU] 'AI regulation' → 100 entries, 128 kept so far
08:12:41  INFO     [CY] +2 new articles saved
08:12:42  INFO     [MT] 'machine learning' → 100 entries, 179 kept so far
08:12:43  INFO     [LU] 'machine learning' → 100 entries, 184 kept so far
08:12:43  INFO     [MT] 'EU AI Act' → 100 entries, 263 kept so far
08:12:44  INFO     [MT] 'generative AI' → 100 entries, 329 kept so far
08:12:44  INFO     [LU] 'EU AI Act' → 75 entries, 226 kept so far
08:12:45  INFO     [MT] +0 new articles saved
08:12:46  INFO     [LU] 'generative AI' → 100 entries, 255 kept so far
08:12:47  INFO     [LU] +0 new articles saved
08:12:47  INFO     Scrape complete. 1648 new articles this run.
