06:53:28  INFO     Starting scrape: 27 countries, 5 queries each
/home/runner/work/EU_AI_News/EU_AI_News/eu_ai_news_scraper.py:230: DeprecationWarning: datetime.datetime.utcnow() is deprecated and scheduled for removal in a future version. Use timezone-aware objects to represent datetimes in UTC: datetime.datetime.now(datetime.UTC).
  "scraped_at":   datetime.utcnow().isoformat(),
06:53:29  INFO     [DE] 'artificial intelligence' → 100 entries, 58 kept so far
06:53:29  INFO     [FR] 'artificial intelligence' → 100 entries, 51 kept so far
06:53:29  INFO     [PL] 'artificial intelligence' → 100 entries, 17 kept so far
06:53:29  INFO     [IT] 'artificial intelligence' → 100 entries, 38 kept so far
06:53:29  INFO     [ES] 'artificial intelligence' → 100 entries, 65 kept so far
06:53:30  INFO     [DE] 'AI regulation' → 93 entries, 129 kept so far
06:53:31  INFO     [FR] 'AI regulation' → 100 entries, 134 kept so far
06:53:31  INFO     [PL] 'AI regulation' → 100 entries, 97 kept so far
06:53:31  INFO     [IT] 'AI regulation' → 100 entries, 125 kept so far
06:53:31  INFO     [ES] 'AI regulation' → 81 entries, 124 kept so far
06:53:32  INFO     [DE] 'machine learning' → 100 entries, 180 kept so far
06:53:32  INFO     [FR] 'machine learning' → 100 entries, 193 kept so far
06:53:32  INFO     [PL] 'machine learning' → 100 entries, 139 kept so far
06:53:32  INFO     [IT] 'machine learning' → 100 entries, 188 kept so far
06:53:33  INFO     [ES] 'machine learning' → 100 entries, 195 kept so far
06:53:34  INFO     [DE] 'EU AI Act' → 100 entries, 241 kept so far
06:53:34  INFO     [FR] 'EU AI Act' → 92 entries, 253 kept so far
06:53:34  INFO     [PL] 'EU AI Act' → 77 entries, 168 kept so far
06:53:34  INFO     [IT] 'EU AI Act' → 100 entries, 274 kept so far
06:53:34  INFO     [ES] 'EU AI Act' → 79 entries, 221 kept so far
06:53:35  INFO     [DE] 'generative AI' → 100 entries, 266 kept so far
06:53:35  INFO     [FR] 'generative AI' → 100 entries, 285 kept so far
06:53:36  INFO     [PL] 'generative AI' → 100 entries, 203 kept so far
06:53:36  INFO     [IT] 'generative AI' → 100 entries, 313 kept so far
06:53:36  INFO     [ES] 'generative AI' → 100 entries, 266 kept so far
06:53:36  INFO     [DE] +198 new articles saved
06:53:36  INFO     [FR] +163 new articles saved
06:53:37  INFO     [NL] 'artificial intelligence' → 100 entries, 14 kept so far
06:53:37  INFO     [BE] 'artificial intelligence' → 100 entries, 61 kept so far
06:53:37  INFO     [PL] +131 new articles saved
06:53:37  INFO     [IT] +198 new articles saved
06:53:37  INFO     [ES] +157 new articles saved
06:53:37  INFO     [SE] 'artificial intelligence' → 100 entries, 16 kept so far
06:53:37  INFO     [AT] 'artificial intelligence' → 100 entries, 56 kept so far
06:53:38  INFO     [DK] 'artificial intelligence' → 100 entries, 24 kept so far
06:53:39  INFO     [NL] 'AI regulation' → 75 entries, 60 kept so far
06:53:39  INFO     [BE] 'AI regulation' → 100 entries, 141 kept so far
06:53:39  INFO     [SE] 'AI regulation' → 78 entries, 31 kept so far
06:53:39  INFO     [DK] 'AI regulation' → 44 entries, 38 kept so far
06:53:39  INFO     [AT] 'AI regulation' → 0 entries, 56 kept so far
06:53:40  INFO     [SE] 'machine learning' → 79 entries, 52 kept so far
06:53:40  INFO     [NL] 'machine learning' → 100 entries, 112 kept so far
06:53:40  INFO     [BE] 'machine learning' → 100 entries, 198 kept so far
06:53:41  INFO     [DK] 'machine learning' → 86 entries, 60 kept so far
06:53:41  INFO     [AT] 'machine learning' → 100 entries, 117 kept so far
06:53:42  INFO     [SE] 'EU AI Act' → 66 entries, 55 kept so far
06:53:42  INFO     [NL] 'EU AI Act' → 100 entries, 135 kept so far
06:53:42  INFO     [BE] 'EU AI Act' → 94 entries, 255 kept so far
06:53:42  INFO     [DK] 'EU AI Act' → 75 entries, 75 kept so far
06:53:43  INFO     [AT] 'EU AI Act' → 100 entries, 203 kept so far
06:53:43  INFO     [SE] 'generative AI' → 72 entries, 63 kept so far
06:53:43  INFO     [NL] 'generative AI' → 100 entries, 160 kept so far
06:53:44  INFO     [BE] 'generative AI' → 100 entries, 284 kept so far
06:53:44  INFO     [DK] 'generative AI' → 91 entries, 105 kept so far
06:53:44  INFO     [SE] +25 new articles saved
06:53:44  INFO     [AT] 'generative AI' → 100 entries, 229 kept so far
06:53:44  INFO     [NL] +74 new articles saved
06:53:45  INFO     [FI] 'artificial intelligence' → 100 entries, 62 kept so far
06:53:45  INFO     [BE] +27 new articles saved
06:53:45  INFO     [PT] 'artificial intelligence' → 100 entries, 62 kept so far
06:53:45  INFO     [CZ] 'artificial intelligence' → 100 entries, 22 kept so far
06:53:45  INFO     [DK] +46 new articles saved
06:53:45  INFO     [AT] +64 new articles saved
06:53:46  INFO     [RO] 'artificial intelligence' → 100 entries, 45 kept so far
06:53:46  INFO     [HU] 'artificial intelligence' → 100 entries, 13 kept so far
06:53:46  INFO     [FI] 'AI regulation' → 64 entries, 83 kept so far
06:53:47  INFO     [CZ] 'AI regulation' → 78 entries, 53 kept so far
06:53:47  INFO     [PT] 'AI regulation' → 93 entries, 123 kept so far
06:53:47  INFO     [RO] 'AI regulation' → 76 entries, 53 kept so far
06:53:47  INFO     [HU] 'AI regulation' → 78 entries, 17 kept so far
06:53:48  INFO     [FI] 'machine learning' → 87 entries, 123 kept so far
06:53:48  INFO     [CZ] 'machine learning' → 86 entries, 72 kept so far
06:53:48  INFO     [PT] 'machine learning' → 100 entries, 202 kept so far
06:53:49  INFO     [RO] 'machine learning' → 100 entries, 107 kept so far
06:53:49  INFO     [HU] 'machine learning' → 72 entries, 46 kept so far
06:53:49  INFO     [FI] 'EU AI Act' → 71 entries, 161 kept so far
06:53:50  INFO     [CZ] 'EU AI Act' → 75 entries, 84 kept so far
06:53:50  INFO     [PT] 'EU AI Act' → 63 entries, 212 kept so far
06:53:50  INFO     [RO] 'EU AI Act' → 78 entries, 132 kept so far
06:53:50  INFO     [HU] 'EU AI Act' → 79 entries, 71 kept so far
06:53:51  INFO     [FI] 'generative AI' → 56 entries, 193 kept so far
06:53:51  INFO     [CZ] 'generative AI' → 80 entries, 102 kept so far
06:53:52  INFO     [PT] 'generative AI' → 100 entries, 244 kept so far
06:53:52  INFO     [RO] 'generative AI' → 87 entries, 156 kept so far
06:53:52  INFO     [FI] +99 new articles saved
06:53:52  INFO     [HU] 'generative AI' → 71 entries, 92 kept so far
06:53:52  INFO     [CZ] +68 new articles saved
06:53:52  INFO     [GR] 'artificial intelligence' → 100 entries, 46 kept so far
06:53:53  INFO     [PT] +157 new articles saved
06:53:53  INFO     [SK] 'artificial intelligence' → 100 entries, 22 kept so far
06:53:53  INFO     [RO] +81 new articles saved
06:53:53  INFO     [HR] 'artificial intelligence' → 100 entries, 52 kept so far
06:53:53  INFO     [HU] +46 new articles saved
06:53:53  INFO     [BG] 'artificial intelligence' → 80 entries, 37 kept so far
06:53:53  INFO     [IE] 'artificial intelligence' → 100 entries, 58 kept so far
06:53:54  INFO     [GR] 'AI regulation' → 64 entries, 103 kept so far
06:53:54  INFO     [SK] 'AI regulation' → 20 entries, 25 kept so far
06:53:54  INFO     [HR] 'AI regulation' → 100 entries, 95 kept so far
06:53:55  INFO     [BG] 'AI regulation' → 15 entries, 37 kept so far
06:53:55  INFO     [IE] 'AI regulation' → 100 entries, 102 kept so far
06:53:55  INFO     [GR] 'machine learning' → 91 entries, 140 kept so far
06:53:55  INFO     [SK] 'machine learning' → 59 entries, 38 kept so far
06:53:56  INFO     [HR] 'machine learning' → 100 entries, 162 kept so far
06:53:56  INFO     [BG] 'machine learning' → 55 entries, 46 kept so far
06:53:57  INFO     [IE] 'machine learning' → 100 entries, 168 kept so far
06:53:57  INFO     [GR] 'EU AI Act' → 60 entries, 158 kept so far
06:53:57  INFO     [SK] 'EU AI Act' → 59 entries, 50 kept so far
06:53:57  INFO     [BG] 'EU AI Act' → 16 entries, 50 kept so far
06:53:57  INFO     [HR] 'EU AI Act' → 100 entries, 242 kept so far
06:53:58  INFO     [SK] 'generative AI' → 40 entries, 57 kept so far
06:53:58  INFO     [GR] 'generative AI' → 100 entries, 200 kept so far
06:53:58  INFO     [IE] 'EU AI Act' → 100 entries, 240 kept so far
06:53:59  INFO     [BG] 'generative AI' → 30 entries, 55 kept so far
06:53:59  INFO     [HR] 'generative AI' → 100 entries, 303 kept so far
06:53:59  INFO     [SK] +25 new articles saved
06:53:59  INFO     [GR] +130 new articles saved
06:54:00  INFO     [LT] 'artificial intelligence' → 88 entries, 29 kept so far
06:54:00  INFO     [BG] +29 new articles saved
06:54:00  INFO     [SI] 'artificial intelligence' → 100 entries, 47 kept so far
06:54:00  INFO     [IE] 'generative AI' → 100 entries, 294 kept so far
06:54:00  INFO     [HR] +265 new articles saved
06:54:00  INFO     [LV] 'artificial intelligence' → 62 entries, 22 kept so far
06:54:01  INFO     [EE] 'artificial intelligence' → 100 entries, 44 kept so far
06:54:01  INFO     [LT] 'AI regulation' → 17 entries, 31 kept so far
06:54:01  INFO     [IE] +93 new articles saved
06:54:01  INFO     [SI] 'AI regulation' → 11 entries, 47 kept so far
06:54:01  INFO     [LV] 'AI regulation' → 9 entries, 22 kept so far
06:54:01  INFO     [CY] 'artificial intelligence' → 100 entries, 46 kept so far
06:54:02  INFO     [EE] 'AI regulation' → 8 entries, 44 kept so far
06:54:02  INFO     [LT] 'machine learning' → 32 entries, 35 kept so far
06:54:02  INFO     [SI] 'machine learning' → 22 entries, 50 kept so far
06:54:03  INFO     [LV] 'machine learning' → 10 entries, 24 kept so far
06:54:03  INFO     [CY] 'AI regulation' → 64 entries, 103 kept so far
06:54:03  INFO     [EE] 'machine learning' → 17 entries, 46 kept so far
06:54:04  INFO     [LT] 'EU AI Act' → 25 entries, 37 kept so far
06:54:04  INFO     [SI] 'EU AI Act' → 21 entries, 53 kept so far
06:54:04  INFO     [LV] 'EU AI Act' → 6 entries, 24 kept so far
06:54:04  INFO     [CY] 'machine learning' → 91 entries, 140 kept so far
06:54:05  INFO     [EE] 'EU AI Act' → 12 entries, 47 kept so far
06:54:05  INFO     [LT] 'generative AI' → 20 entries, 44 kept so far
06:54:05  INFO     [SI] 'generative AI' → 12 entries, 54 kept so far
06:54:05  INFO     [LV] 'generative AI' → 8 entries, 26 kept so far
06:54:06  INFO     [CY] 'EU AI Act' → 60 entries, 158 kept so far
06:54:06  INFO     [EE] 'generative AI' → 11 entries, 49 kept so far
06:54:06  INFO     [LT] +15 new articles saved
06:54:06  INFO     [SI] +19 new articles saved
06:54:06  INFO     [MT] 'artificial intelligence' → 100 entries, 52 kept so far
06:54:06  INFO     [LV] +11 new articles saved
06:54:06  INFO     [LU] 'artificial intelligence' → 100 entries, 51 kept so far
06:54:07  INFO     [EE] +22 new articles saved
06:54:07  INFO     [CY] 'generative AI' → 100 entries, 200 kept so far
06:54:07  INFO     [MT] 'AI regulation' → 100 entries, 95 kept so far
06:54:08  INFO     [LU] 'AI regulation' → 100 entries, 134 kept so far
06:54:08  INFO     [CY] +0 new articles saved
06:54:08  INFO     [MT] 'machine learning' → 100 entries, 162 kept so far
06:54:09  INFO     [LU] 'machine learning' → 100 entries, 193 kept so far
06:54:10  INFO     [MT] 'EU AI Act' → 100 entries, 242 kept so far
06:54:11  INFO     [LU] 'EU AI Act' → 92 entries, 253 kept so far
06:54:11  INFO     [MT] 'generative AI' → 100 entries, 303 kept so far
06:54:12  INFO     [MT] +0 new articles saved
06:54:12  INFO     [LU] 'generative AI' → 100 entries, 285 kept so far
06:54:13  INFO     [LU] +0 new articles saved
06:54:13  INFO     Scrape complete. 2143 new articles this run.
