13:12:39  INFO     Starting scrape: 27 countries, 5 queries each
/home/runner/work/EU_AI_News/EU_AI_News/eu_ai_news_scraper.py:230: DeprecationWarning: datetime.datetime.utcnow() is deprecated and scheduled for removal in a future version. Use timezone-aware objects to represent datetimes in UTC: datetime.datetime.now(datetime.UTC).
  "scraped_at":   datetime.utcnow().isoformat(),
13:12:40  INFO     [DE] 'artificial intelligence' → 100 entries, 49 kept so far
13:12:40  INFO     [PL] 'artificial intelligence' → 100 entries, 26 kept so far
13:12:40  INFO     [IT] 'artificial intelligence' → 100 entries, 33 kept so far
13:12:40  INFO     [ES] 'artificial intelligence' → 100 entries, 60 kept so far
13:12:40  INFO     [FR] 'artificial intelligence' → 100 entries, 56 kept so far
13:12:41  INFO     [DE] 'AI regulation' → 99 entries, 130 kept so far
13:12:41  INFO     [PL] 'AI regulation' → 100 entries, 88 kept so far
13:12:41  INFO     [ES] 'AI regulation' → 78 entries, 94 kept so far
13:12:41  INFO     [FR] 'AI regulation' → 100 entries, 137 kept so far
13:12:42  INFO     [IT] 'AI regulation' → 100 entries, 120 kept so far
13:12:43  INFO     [DE] 'machine learning' → 100 entries, 180 kept so far
13:12:43  INFO     [PL] 'machine learning' → 100 entries, 124 kept so far
13:12:43  INFO     [FR] 'machine learning' → 100 entries, 192 kept so far
13:12:43  INFO     [ES] 'machine learning' → 100 entries, 162 kept so far
13:12:43  INFO     [IT] 'machine learning' → 100 entries, 191 kept so far
13:12:44  INFO     [DE] 'EU AI Act' → 100 entries, 258 kept so far
13:12:44  INFO     [PL] 'EU AI Act' → 77 entries, 146 kept so far
13:12:45  INFO     [FR] 'EU AI Act' → 91 entries, 244 kept so far
13:12:45  INFO     [ES] 'EU AI Act' → 77 entries, 192 kept so far
13:12:45  INFO     [IT] 'EU AI Act' → 100 entries, 266 kept so far
13:12:46  INFO     [DE] 'generative AI' → 100 entries, 282 kept so far
13:12:46  INFO     [PL] 'generative AI' → 100 entries, 180 kept so far
13:12:46  INFO     [FR] 'generative AI' → 100 entries, 272 kept so far
13:12:46  INFO     [ES] 'generative AI' → 100 entries, 232 kept so far
13:12:46  INFO     [IT] 'generative AI' → 100 entries, 305 kept so far
13:12:47  INFO     [DE] +177 new articles saved
13:12:47  INFO     [PL] +103 new articles saved
13:12:47  INFO     [FR] +148 new articles saved
13:12:47  INFO     [NL] 'artificial intelligence' → 100 entries, 17 kept so far
13:12:47  INFO     [ES] +110 new articles saved
13:12:48  INFO     [IT] +190 new articles saved
13:12:48  INFO     [BE] 'artificial intelligence' → 100 entries, 66 kept so far
13:12:48  INFO     [SE] 'artificial intelligence' → 100 entries, 7 kept so far
13:12:48  INFO     [AT] 'artificial intelligence' → 100 entries, 52 kept so far
13:12:48  INFO     [DK] 'artificial intelligence' → 100 entries, 14 kept so far
13:12:49  INFO     [NL] 'AI regulation' → 75 entries, 59 kept so far
13:12:49  INFO     [SE] 'AI regulation' → 71 entries, 18 kept so far
13:12:49  INFO     [BE] 'AI regulation' → 100 entries, 153 kept so far
13:12:50  INFO     [DK] 'AI regulation' → 36 entries, 20 kept so far
13:12:50  INFO     [AT] 'AI regulation' → 99 entries, 131 kept so far
13:12:50  INFO     [NL] 'machine learning' → 100 entries, 110 kept so far
13:12:51  INFO     [SE] 'machine learning' → 75 entries, 43 kept so far
13:12:51  INFO     [BE] 'machine learning' → 100 entries, 210 kept so far
13:12:51  INFO     [DK] 'machine learning' → 81 entries, 42 kept so far
13:12:51  INFO     [AT] 'machine learning' → 100 entries, 181 kept so far
13:12:52  INFO     [NL] 'EU AI Act' → 100 entries, 137 kept so far
13:12:52  INFO     [SE] 'EU AI Act' → 54 entries, 50 kept so far
13:12:53  INFO     [BE] 'EU AI Act' → 96 entries, 257 kept so far
13:12:53  INFO     [DK] 'EU AI Act' → 70 entries, 56 kept so far
13:12:53  INFO     [AT] 'EU AI Act' → 100 entries, 259 kept so far
13:12:54  INFO     [NL] 'generative AI' → 100 entries, 162 kept so far
13:12:54  INFO     [SE] 'generative AI' → 74 entries, 56 kept so far
13:12:55  INFO     [DK] 'generative AI' → 100 entries, 89 kept so far
13:12:55  INFO     [AT] 'generative AI' → 100 entries, 279 kept so far
13:12:55  INFO     [BE] 'generative AI' → 100 entries, 281 kept so far
13:12:55  INFO     [NL] +61 new articles saved
13:12:55  INFO     [SE] +14 new articles saved
13:12:55  INFO     [FI] 'artificial intelligence' → 100 entries, 64 kept so far
13:12:56  INFO     [PT] 'artificial intelligence' → 100 entries, 60 kept so far
13:12:56  INFO     [DK] +29 new articles saved
13:12:56  INFO     [AT] +24 new articles saved
13:12:56  INFO     [BE] +32 new articles saved
13:12:56  INFO     [HU] 'artificial intelligence' → 100 entries, 14 kept so far
13:12:56  INFO     [CZ] 'artificial intelligence' → 100 entries, 16 kept so far
13:12:56  INFO     [RO] 'artificial intelligence' → 100 entries, 43 kept so far
13:12:57  INFO     [FI] 'AI regulation' → 48 entries, 77 kept so far
13:12:57  INFO     [PT] 'AI regulation' → 79 entries, 97 kept so far
13:12:58  INFO     [HU] 'AI regulation' → 79 entries, 18 kept so far
13:12:58  INFO     [CZ] 'AI regulation' → 76 entries, 34 kept so far
13:12:58  INFO     [RO] 'AI regulation' → 79 entries, 57 kept so far
13:12:59  INFO     [FI] 'machine learning' → 100 entries, 110 kept so far
13:12:59  INFO     [PT] 'machine learning' → 100 entries, 172 kept so far
13:12:59  INFO     [HU] 'machine learning' → 75 entries, 44 kept so far
13:12:59  INFO     [CZ] 'machine learning' → 82 entries, 50 kept so far
13:13:00  INFO     [RO] 'machine learning' → 100 entries, 111 kept so far
13:13:00  INFO     [FI] 'EU AI Act' → 65 entries, 141 kept so far
13:13:00  INFO     [PT] 'EU AI Act' → 51 entries, 182 kept so far
13:13:01  INFO     [HU] 'EU AI Act' → 76 entries, 76 kept so far
13:13:01  INFO     [CZ] 'EU AI Act' → 75 entries, 58 kept so far
13:13:01  INFO     [RO] 'EU AI Act' → 77 entries, 135 kept so far
13:13:02  INFO     [FI] 'generative AI' → 56 entries, 176 kept so far
13:13:02  INFO     [PT] 'generative AI' → 100 entries, 209 kept so far
13:13:02  INFO     [HU] 'generative AI' → 76 entries, 102 kept so far
13:13:02  INFO     [CZ] 'generative AI' → 90 entries, 81 kept so far
13:13:03  INFO     [RO] 'generative AI' → 85 entries, 164 kept so far
13:13:03  INFO     [FI] +84 new articles saved
13:13:03  INFO     [PT] +114 new articles saved
13:13:03  INFO     [GR] 'artificial intelligence' → 100 entries, 45 kept so far
13:13:03  INFO     [HU] +56 new articles saved
13:13:03  INFO     [CZ] +45 new articles saved
13:13:04  INFO     [SK] 'artificial intelligence' → 100 entries, 21 kept so far
13:13:04  INFO     [RO] +90 new articles saved
13:13:04  INFO     [HR] 'artificial intelligence' → 100 entries, 55 kept so far
13:13:04  INFO     [IE] 'artificial intelligence' → 102 entries, 54 kept so far
13:13:04  INFO     [BG] 'artificial intelligence' → 84 entries, 41 kept so far
13:13:05  INFO     [GR] 'AI regulation' → 63 entries, 96 kept so far
13:13:05  INFO     [SK] 'AI regulation' → 21 entries, 25 kept so far
13:13:06  INFO     [HR] 'AI regulation' → 100 entries, 84 kept so far
13:13:06  INFO     [IE] 'AI regulation' → 100 entries, 92 kept so far
13:13:06  INFO     [BG] 'AI regulation' → 7 entries, 42 kept so far
13:13:06  INFO     [GR] 'machine learning' → 99 entries, 128 kept so far
13:13:07  INFO     [SK] 'machine learning' → 58 entries, 37 kept so far
13:13:07  INFO     [HR] 'machine learning' → 100 entries, 146 kept so far
13:13:07  INFO     [BG] 'machine learning' → 53 entries, 49 kept so far
13:13:07  INFO     [IE] 'machine learning' → 100 entries, 153 kept so far
13:13:08  INFO     [GR] 'EU AI Act' → 57 entries, 144 kept so far
13:13:08  INFO     [SK] 'EU AI Act' → 70 entries, 51 kept so far
13:13:09  INFO     [BG] 'EU AI Act' → 17 entries, 53 kept so far
13:13:09  INFO     [HR] 'EU AI Act' → 100 entries, 221 kept so far
13:13:09  INFO     [IE] 'EU AI Act' → 100 entries, 215 kept so far
13:13:09  INFO     [SK] 'generative AI' → 41 entries, 58 kept so far
13:13:10  INFO     [GR] 'generative AI' → 100 entries, 187 kept so far
13:13:10  INFO     [BG] 'generative AI' → 30 entries, 57 kept so far
13:13:10  INFO     [HR] 'generative AI' → 102 entries, 286 kept so far
13:13:10  INFO     [SK] +26 new articles saved
13:13:11  INFO     [GR] +111 new articles saved
13:13:11  INFO     [IE] 'generative AI' → 100 entries, 270 kept so far
13:13:11  INFO     [LT] 'artificial intelligence' → 80 entries, 28 kept so far
13:13:11  INFO     [SI] 'artificial intelligence' → 97 entries, 47 kept so far
13:13:11  INFO     [BG] +32 new articles saved
13:13:11  INFO     [HR] +253 new articles saved
13:13:11  INFO     [LV] 'artificial intelligence' → 66 entries, 20 kept so far
13:13:12  INFO     [IE] +75 new articles saved
13:13:12  INFO     [EE] 'artificial intelligence' → 100 entries, 44 kept so far
13:13:12  INFO     [CY] 'artificial intelligence' → 100 entries, 45 kept so far
13:13:12  INFO     [LT] 'AI regulation' → 7 entries, 28 kept so far
13:13:12  INFO     [SI] 'AI regulation' → 6 entries, 47 kept so far
13:13:13  INFO     [LV] 'AI regulation' → 9 entries, 20 kept so far
13:13:13  INFO     [EE] 'AI regulation' → 6 entries, 45 kept so far
13:13:14  INFO     [LT] 'machine learning' → 29 entries, 32 kept so far
13:13:14  INFO     [CY] 'AI regulation' → 63 entries, 96 kept so far
13:13:14  INFO     [SI] 'machine learning' → 22 entries, 50 kept so far
13:13:14  INFO     [LV] 'machine learning' → 11 entries, 22 kept so far
13:13:15  INFO     [EE] 'machine learning' → 19 entries, 50 kept so far
13:13:15  INFO     [LT] 'EU AI Act' → 21 entries, 33 kept so far
13:13:15  INFO     [CY] 'machine learning' → 99 entries, 128 kept so far
13:13:15  INFO     [SI] 'EU AI Act' → 37 entries, 56 kept so far
13:13:15  INFO     [LV] 'EU AI Act' → 8 entries, 22 kept so far
13:13:16  INFO     [EE] 'EU AI Act' → 18 entries, 52 kept so far
13:13:16  INFO     [LT] 'generative AI' → 22 entries, 41 kept so far
13:13:17  INFO     [CY] 'EU AI Act' → 57 entries, 144 kept so far
13:13:17  INFO     [SI] 'generative AI' → 13 entries, 57 kept so far
13:13:17  INFO     [LV] 'generative AI' → 9 entries, 25 kept so far
13:13:17  INFO     [LT] +13 new articles saved
13:13:17  INFO     [EE] 'generative AI' → 11 entries, 53 kept so far
13:13:18  INFO     [SI] +21 new articles saved
13:13:18  INFO     [LU] 'artificial intelligence' → 100 entries, 56 kept so far
13:13:18  INFO     [LV] +10 new articles saved
13:13:18  INFO     [MT] 'artificial intelligence' → 100 entries, 55 kept so far
13:13:18  INFO     [CY] 'generative AI' → 100 entries, 187 kept so far
13:13:18  INFO     [EE] +22 new articles saved
13:13:19  INFO     [MT] 'AI regulation' → 100 entries, 84 kept so far
13:13:19  INFO     [CY] +0 new articles saved
13:13:19  INFO     [LU] 'AI regulation' → 100 entries, 136 kept so far
13:13:20  INFO     [MT] 'machine learning' → 100 entries, 146 kept so far
13:13:21  INFO     [LU] 'machine learning' → 100 entries, 190 kept so far
13:13:21  INFO     [MT] 'EU AI Act' → 100 entries, 221 kept so far
13:13:22  INFO     [LU] 'EU AI Act' → 91 entries, 241 kept so far
13:13:23  INFO     [MT] 'generative AI' → 102 entries, 286 kept so far
13:13:24  INFO     [MT] +0 new articles saved
13:13:24  INFO     [LU] 'generative AI' → 100 entries, 269 kept so far
13:13:25  INFO     [LU] +0 new articles saved
13:13:25  INFO     Scrape complete. 1840 new articles this run.
