20:22:12  INFO     Starting scrape: 27 countries, 5 queries each
20:22:12  INFO     [DE] 'artificial intelligence' → 100 entries, 41 kept so far
/home/runner/work/EU_AI_News/EU_AI_News/eu_ai_news_scraper.py:230: DeprecationWarning: datetime.datetime.utcnow() is deprecated and scheduled for removal in a future version. Use timezone-aware objects to represent datetimes in UTC: datetime.datetime.now(datetime.UTC).
  "scraped_at":   datetime.utcnow().isoformat(),
20:22:12  INFO     [FR] 'artificial intelligence' → 92 entries, 52 kept so far
20:22:12  INFO     [PL] 'artificial intelligence' → 100 entries, 16 kept so far
20:22:13  INFO     [ES] 'artificial intelligence' → 100 entries, 57 kept so far
20:22:13  INFO     [IT] 'artificial intelligence' → 102 entries, 30 kept so far
20:22:14  INFO     [DE] 'AI regulation' → 100 entries, 120 kept so far
20:22:14  INFO     [FR] 'AI regulation' → 99 entries, 142 kept so far
20:22:14  INFO     [PL] 'AI regulation' → 79 entries, 75 kept so far
20:22:14  INFO     [ES] 'AI regulation' → 78 entries, 99 kept so far
20:22:14  INFO     [IT] 'AI regulation' → 100 entries, 119 kept so far
20:22:16  INFO     [DE] 'machine learning' → 100 entries, 171 kept so far
20:22:16  INFO     [FR] 'machine learning' → 100 entries, 193 kept so far
20:22:16  INFO     [PL] 'machine learning' → 100 entries, 123 kept so far
20:22:16  INFO     [ES] 'machine learning' → 100 entries, 175 kept so far
20:22:16  INFO     [IT] 'machine learning' → 100 entries, 192 kept so far
20:22:17  INFO     [DE] 'EU AI Act' → 100 entries, 249 kept so far
20:22:17  INFO     [FR] 'EU AI Act' → 90 entries, 230 kept so far
20:22:17  INFO     [PL] 'EU AI Act' → 77 entries, 140 kept so far
20:22:18  INFO     [ES] 'EU AI Act' → 78 entries, 199 kept so far
20:22:18  INFO     [IT] 'EU AI Act' → 100 entries, 239 kept so far
20:22:19  INFO     [DE] 'generative AI' → 100 entries, 274 kept so far
20:22:19  INFO     [PL] 'generative AI' → 100 entries, 170 kept so far
20:22:19  INFO     [FR] 'generative AI' → 100 entries, 259 kept so far
20:22:19  INFO     [ES] 'generative AI' → 100 entries, 244 kept so far
20:22:19  INFO     [IT] 'generative AI' → 100 entries, 282 kept so far
20:22:20  INFO     [DE] +185 new articles saved
20:22:20  INFO     [PL] +92 new articles saved
20:22:20  INFO     [FR] +145 new articles saved
20:22:20  INFO     [NL] 'artificial intelligence' → 100 entries, 20 kept so far
20:22:20  INFO     [SE] 'artificial intelligence' → 100 entries, 10 kept so far
20:22:20  INFO     [BE] 'artificial intelligence' → 100 entries, 62 kept so far
20:22:20  INFO     [ES] +128 new articles saved
20:22:20  INFO     [IT] +189 new articles saved
20:22:21  INFO     [DK] 'artificial intelligence' → 100 entries, 15 kept so far
20:22:21  INFO     [AT] 'artificial intelligence' → 100 entries, 39 kept so far
20:22:22  INFO     [NL] 'AI regulation' → 78 entries, 67 kept so far
20:22:22  INFO     [SE] 'AI regulation' → 77 entries, 21 kept so far
20:22:22  INFO     [BE] 'AI regulation' → 97 entries, 150 kept so far
20:22:22  INFO     [DK] 'AI regulation' → 40 entries, 22 kept so far
20:22:23  INFO     [AT] 'AI regulation' → 100 entries, 113 kept so far
20:22:23  INFO     [NL] 'machine learning' → 100 entries, 112 kept so far
20:22:23  INFO     [SE] 'machine learning' → 81 entries, 48 kept so far
20:22:24  INFO     [BE] 'machine learning' → 100 entries, 202 kept so far
20:22:24  INFO     [DK] 'machine learning' → 80 entries, 39 kept so far
20:22:24  INFO     [AT] 'machine learning' → 100 entries, 163 kept so far
20:22:25  INFO     [NL] 'EU AI Act' → 100 entries, 142 kept so far
20:22:25  INFO     [SE] 'EU AI Act' → 64 entries, 55 kept so far
20:22:25  INFO     [BE] 'EU AI Act' → 94 entries, 243 kept so far
20:22:26  INFO     [DK] 'EU AI Act' → 76 entries, 57 kept so far
20:22:26  INFO     [AT] 'EU AI Act' → 100 entries, 248 kept so far
20:22:26  INFO     [SE] 'generative AI' → 69 entries, 64 kept so far
20:22:26  INFO     [NL] 'generative AI' → 100 entries, 173 kept so far
20:22:27  INFO     [BE] 'generative AI' → 100 entries, 268 kept so far
20:22:27  INFO     [SE] +32 new articles saved
20:22:27  INFO     [NL] +86 new articles saved
20:22:27  INFO     [DK] 'generative AI' → 92 entries, 86 kept so far
20:22:27  INFO     [AT] 'generative AI' → 100 entries, 275 kept so far
20:22:28  INFO     [FI] 'artificial intelligence' → 100 entries, 64 kept so far
20:22:28  INFO     [PT] 'artificial intelligence' → 100 entries, 58 kept so far
20:22:28  INFO     [BE] +31 new articles saved
20:22:28  INFO     [DK] +31 new articles saved
20:22:28  INFO     [AT] +61 new articles saved
20:22:29  INFO     [CZ] 'artificial intelligence' → 100 entries, 17 kept so far
20:22:29  INFO     [HU] 'artificial intelligence' → 100 entries, 26 kept so far
20:22:29  INFO     [RO] 'artificial intelligence' → 100 entries, 39 kept so far
20:22:29  INFO     [FI] 'AI regulation' → 53 entries, 74 kept so far
20:22:30  INFO     [PT] 'AI regulation' → 79 entries, 94 kept so far
20:22:30  INFO     [CZ] 'AI regulation' → 77 entries, 42 kept so far
20:22:30  INFO     [RO] 'AI regulation' → 79 entries, 49 kept so far
20:22:30  INFO     [HU] 'AI regulation' → 78 entries, 32 kept so far
20:22:31  INFO     [FI] 'machine learning' → 93 entries, 124 kept so far
20:22:31  INFO     [PT] 'machine learning' → 100 entries, 171 kept so far
20:22:32  INFO     [CZ] 'machine learning' → 80 entries, 62 kept so far
20:22:32  INFO     [HU] 'machine learning' → 76 entries, 57 kept so far
20:22:32  INFO     [RO] 'machine learning' → 100 entries, 105 kept so far
20:22:33  INFO     [FI] 'EU AI Act' → 66 entries, 166 kept so far
20:22:33  INFO     [PT] 'EU AI Act' → 59 entries, 184 kept so far
20:22:33  INFO     [CZ] 'EU AI Act' → 73 entries, 76 kept so far
20:22:34  INFO     [RO] 'EU AI Act' → 78 entries, 136 kept so far
20:22:34  INFO     [HU] 'EU AI Act' → 79 entries, 82 kept so far
20:22:34  INFO     [FI] 'generative AI' → 68 entries, 206 kept so far
20:22:34  INFO     [PT] 'generative AI' → 100 entries, 212 kept so far
20:22:35  INFO     [CZ] 'generative AI' → 78 entries, 99 kept so far
20:22:35  INFO     [FI] +110 new articles saved
20:22:35  INFO     [RO] 'generative AI' → 89 entries, 160 kept so far
20:22:35  INFO     [HU] 'generative AI' → 76 entries, 104 kept so far
20:22:35  INFO     [PT] +124 new articles saved
20:22:36  INFO     [GR] 'artificial intelligence' → 100 entries, 47 kept so far
20:22:36  INFO     [CZ] +64 new articles saved
20:22:36  INFO     [SK] 'artificial intelligence' → 100 entries, 23 kept so far
20:22:36  INFO     [RO] +93 new articles saved
20:22:36  INFO     [HR] 'artificial intelligence' → 100 entries, 46 kept so far
20:22:36  INFO     [HU] +64 new articles saved
20:22:37  INFO     [IE] 'artificial intelligence' → 100 entries, 44 kept so far
20:22:37  INFO     [BG] 'artificial intelligence' → 77 entries, 33 kept so far
20:22:37  INFO     [GR] 'AI regulation' → 68 entries, 95 kept so far
20:22:37  INFO     [SK] 'AI regulation' → 17 entries, 26 kept so far
20:22:38  INFO     [HR] 'AI regulation' → 101 entries, 81 kept so far
20:22:38  INFO     [BG] 'AI regulation' → 12 entries, 34 kept so far
20:22:38  INFO     [IE] 'AI regulation' → 100 entries, 80 kept so far
20:22:39  INFO     [GR] 'machine learning' → 100 entries, 134 kept so far
20:22:39  INFO     [SK] 'machine learning' → 57 entries, 39 kept so far
20:22:39  INFO     [HR] 'machine learning' → 100 entries, 150 kept so far
20:22:39  INFO     [BG] 'machine learning' → 58 entries, 42 kept so far
20:22:40  INFO     [IE] 'machine learning' → 100 entries, 162 kept so far
20:22:40  INFO     [GR] 'EU AI Act' → 56 entries, 153 kept so far
20:22:40  INFO     [SK] 'EU AI Act' → 68 entries, 48 kept so far
20:22:41  INFO     [HR] 'EU AI Act' → 100 entries, 231 kept so far
20:22:41  INFO     [BG] 'EU AI Act' → 17 entries, 45 kept so far
20:22:41  INFO     [GR] 'generative AI' → 100 entries, 200 kept so far
20:22:42  INFO     [IE] 'EU AI Act' → 100 entries, 231 kept so far
20:22:42  INFO     [SK] 'generative AI' → 45 entries, 57 kept so far
20:22:42  INFO     [BG] 'generative AI' → 29 entries, 51 kept so far
20:22:42  INFO     [HR] 'generative AI' → 100 entries, 296 kept so far
20:22:43  INFO     [GR] +129 new articles saved
20:22:43  INFO     [SK] +28 new articles saved
20:22:43  INFO     [LT] 'artificial intelligence' → 82 entries, 29 kept so far
20:22:43  INFO     [SI] 'artificial intelligence' → 100 entries, 55 kept so far
20:22:43  INFO     [IE] 'generative AI' → 100 entries, 293 kept so far
20:22:43  INFO     [BG] +28 new articles saved
20:22:43  INFO     [HR] +261 new articles saved
20:22:44  INFO     [LV] 'artificial intelligence' → 64 entries, 19 kept so far
20:22:44  INFO     [EE] 'artificial intelligence' → 98 entries, 54 kept so far
20:22:44  INFO     [LT] 'AI regulation' → 7 entries, 29 kept so far
20:22:44  INFO     [IE] +104 new articles saved
20:22:45  INFO     [SI] 'AI regulation' → 3 entries, 55 kept so far
20:22:45  INFO     [CY] 'artificial intelligence' → 100 entries, 47 kept so far
20:22:45  INFO     [LV] 'AI regulation' → 8 entries, 19 kept so far
20:22:46  INFO     [LT] 'machine learning' → 29 entries, 32 kept so far
20:22:46  INFO     [EE] 'AI regulation' → 5 entries, 55 kept so far
20:22:46  INFO     [SI] 'machine learning' → 20 entries, 56 kept so far
20:22:46  INFO     [CY] 'AI regulation' → 68 entries, 95 kept so far
20:22:46  INFO     [LV] 'machine learning' → 12 entries, 21 kept so far
20:22:47  INFO     [LT] 'EU AI Act' → 17 entries, 33 kept so far
20:22:47  INFO     [EE] 'machine learning' → 16 entries, 58 kept so far
20:22:47  INFO     [SI] 'EU AI Act' → 19 entries, 60 kept so far
20:22:47  INFO     [LV] 'EU AI Act' → 6 entries, 21 kept so far
20:22:48  INFO     [CY] 'machine learning' → 100 entries, 134 kept so far
20:22:48  INFO     [LT] 'generative AI' → 17 entries, 39 kept so far
20:22:48  INFO     [EE] 'EU AI Act' → 10 entries, 59 kept so far
20:22:49  INFO     [SI] 'generative AI' → 13 entries, 62 kept so far
20:22:49  INFO     [LV] 'generative AI' → 8 entries, 22 kept so far
20:22:49  INFO     [CY] 'EU AI Act' → 56 entries, 153 kept so far
20:22:49  INFO     [LT] +15 new articles saved
20:22:50  INFO     [LU] 'artificial intelligence' → 92 entries, 52 kept so far
20:22:50  INFO     [EE] 'generative AI' → 10 entries, 62 kept so far
20:22:50  INFO     [SI] +28 new articles saved
20:22:50  INFO     [LV] +8 new articles saved
20:22:50  INFO     [MT] 'artificial intelligence' → 100 entries, 46 kept so far
20:22:50  INFO     [CY] 'generative AI' → 100 entries, 200 kept so far
20:22:51  INFO     [EE] +34 new articles saved
20:22:51  INFO     [MT] 'AI regulation' → 101 entries, 81 kept so far
20:22:51  INFO     [LU] 'AI regulation' → 99 entries, 142 kept so far
20:22:51  INFO     [CY] +0 new articles saved
20:22:52  INFO     [MT] 'machine learning' → 100 entries, 150 kept so far
20:22:53  INFO     [LU] 'machine learning' → 100 entries, 193 kept so far
20:22:53  INFO     [MT] 'EU AI Act' → 100 entries, 231 kept so far
20:22:54  INFO     [LU] 'EU AI Act' → 90 entries, 230 kept so far
20:22:54  INFO     [MT] 'generative AI' → 100 entries, 296 kept so far
20:22:55  INFO     [MT] +0 new articles saved
20:22:56  INFO     [LU] 'generative AI' → 100 entries, 259 kept so far
20:22:57  INFO     [LU] +0 new articles saved
20:22:57  INFO     Scrape complete. 2070 new articles this run.
