16:19:16  INFO     Starting scrape: 27 countries, 5 queries each
/home/runner/work/EU_AI_News/EU_AI_News/eu_ai_news_scraper.py:230: DeprecationWarning: datetime.datetime.utcnow() is deprecated and scheduled for removal in a future version. Use timezone-aware objects to represent datetimes in UTC: datetime.datetime.now(datetime.UTC).
  "scraped_at":   datetime.utcnow().isoformat(),
16:19:17  INFO     [IT] 'artificial intelligence' → 100 entries, 35 kept so far
16:19:17  INFO     [DE] 'artificial intelligence' → 100 entries, 49 kept so far
16:19:17  INFO     [PL] 'artificial intelligence' → 100 entries, 13 kept so far
16:19:17  INFO     [ES] 'artificial intelligence' → 100 entries, 61 kept so far
16:19:17  INFO     [FR] 'artificial intelligence' → 100 entries, 43 kept so far
16:19:18  INFO     [IT] 'AI regulation' → 100 entries, 120 kept so far
16:19:18  INFO     [DE] 'AI regulation' → 100 entries, 127 kept so far
16:19:18  INFO     [PL] 'AI regulation' → 100 entries, 90 kept so far
16:19:19  INFO     [ES] 'AI regulation' → 81 entries, 115 kept so far
16:19:19  INFO     [FR] 'AI regulation' → 100 entries, 125 kept so far
16:19:20  INFO     [IT] 'machine learning' → 100 entries, 191 kept so far
16:19:20  INFO     [DE] 'machine learning' → 100 entries, 185 kept so far
16:19:20  INFO     [ES] 'machine learning' → 100 entries, 190 kept so far
16:19:20  INFO     [FR] 'machine learning' → 100 entries, 182 kept so far
16:19:20  INFO     [PL] 'machine learning' → 100 entries, 132 kept so far
16:19:22  INFO     [IT] 'EU AI Act' → 100 entries, 267 kept so far
16:19:22  INFO     [DE] 'EU AI Act' → 100 entries, 236 kept so far
16:19:22  INFO     [FR] 'EU AI Act' → 82 entries, 235 kept so far
16:19:22  INFO     [ES] 'EU AI Act' → 77 entries, 215 kept so far
16:19:22  INFO     [PL] 'EU AI Act' → 77 entries, 160 kept so far
16:19:23  INFO     [IT] 'generative AI' → 100 entries, 310 kept so far
16:19:23  INFO     [DE] 'generative AI' → 100 entries, 257 kept so far
16:19:23  INFO     [PL] 'generative AI' → 100 entries, 191 kept so far
16:19:24  INFO     [FR] 'generative AI' → 100 entries, 261 kept so far
16:19:24  INFO     [ES] 'generative AI' → 100 entries, 258 kept so far
16:19:24  INFO     [IT] +216 new articles saved
16:19:24  INFO     [DE] +189 new articles saved
16:19:24  INFO     [PL] +122 new articles saved
16:19:25  INFO     [FR] +154 new articles saved
16:19:25  INFO     [ES] +147 new articles saved
16:19:25  INFO     [NL] 'artificial intelligence' → 100 entries, 15 kept so far
16:19:25  INFO     [BE] 'artificial intelligence' → 100 entries, 43 kept so far
16:19:25  INFO     [SE] 'artificial intelligence' → 100 entries, 9 kept so far
16:19:25  INFO     [AT] 'artificial intelligence' → 100 entries, 48 kept so far
16:19:25  INFO     [DK] 'artificial intelligence' → 100 entries, 20 kept so far
16:19:27  INFO     [NL] 'AI regulation' → 78 entries, 67 kept so far
16:19:27  INFO     [BE] 'AI regulation' → 100 entries, 123 kept so far
16:19:27  INFO     [DK] 'AI regulation' → 43 entries, 32 kept so far
16:19:27  INFO     [SE] 'AI regulation' → 78 entries, 26 kept so far
16:19:27  INFO     [AT] 'AI regulation' → 100 entries, 127 kept so far
16:19:28  INFO     [NL] 'machine learning' → 100 entries, 122 kept so far
16:19:28  INFO     [SE] 'machine learning' → 80 entries, 46 kept so far
16:19:28  INFO     [DK] 'machine learning' → 81 entries, 54 kept so far
16:19:28  INFO     [BE] 'machine learning' → 100 entries, 180 kept so far
16:19:29  INFO     [AT] 'machine learning' → 100 entries, 180 kept so far
16:19:30  INFO     [NL] 'EU AI Act' → 96 entries, 148 kept so far
16:19:30  INFO     [SE] 'EU AI Act' → 75 entries, 48 kept so far
16:19:30  INFO     [BE] 'EU AI Act' → 87 entries, 224 kept so far
16:19:30  INFO     [DK] 'EU AI Act' → 76 entries, 70 kept so far
16:19:30  INFO     [AT] 'EU AI Act' → 100 entries, 248 kept so far
16:19:31  INFO     [NL] 'generative AI' → 100 entries, 175 kept so far
16:19:31  INFO     [SE] 'generative AI' → 73 entries, 57 kept so far
16:19:32  INFO     [AT] 'generative AI' → 100 entries, 272 kept so far
16:19:32  INFO     [DK] 'generative AI' → 93 entries, 96 kept so far
16:19:32  INFO     [BE] 'generative AI' → 100 entries, 249 kept so far
16:19:32  INFO     [NL] +86 new articles saved
16:19:32  INFO     [SE] +24 new articles saved
16:19:33  INFO     [AT] +56 new articles saved
16:19:33  INFO     [FI] 'artificial intelligence' → 100 entries, 66 kept so far
16:19:33  INFO     [DK] +33 new articles saved
16:19:33  INFO     [BE] +24 new articles saved
16:19:33  INFO     [PT] 'artificial intelligence' → 100 entries, 59 kept so far
16:19:33  INFO     [CZ] 'artificial intelligence' → 100 entries, 16 kept so far
16:19:33  INFO     [HU] 'artificial intelligence' → 100 entries, 15 kept so far
16:19:34  INFO     [RO] 'artificial intelligence' → 100 entries, 44 kept so far
16:19:35  INFO     [FI] 'AI regulation' → 54 entries, 77 kept so far
16:19:35  INFO     [PT] 'AI regulation' → 95 entries, 118 kept so far
16:19:35  INFO     [CZ] 'AI regulation' → 75 entries, 40 kept so far
16:19:35  INFO     [HU] 'AI regulation' → 78 entries, 21 kept so far
16:19:35  INFO     [RO] 'AI regulation' → 79 entries, 54 kept so far
16:19:36  INFO     [FI] 'machine learning' → 87 entries, 123 kept so far
16:19:36  INFO     [CZ] 'machine learning' → 76 entries, 59 kept so far
16:19:37  INFO     [PT] 'machine learning' → 100 entries, 189 kept so far
16:19:37  INFO     [RO] 'machine learning' → 100 entries, 104 kept so far
16:19:37  INFO     [HU] 'machine learning' → 70 entries, 47 kept so far
16:19:38  INFO     [FI] 'EU AI Act' → 74 entries, 163 kept so far
16:19:38  INFO     [CZ] 'EU AI Act' → 74 entries, 71 kept so far
16:19:38  INFO     [RO] 'EU AI Act' → 78 entries, 122 kept so far
16:19:38  INFO     [PT] 'EU AI Act' → 56 entries, 200 kept so far
16:19:38  INFO     [HU] 'EU AI Act' → 79 entries, 70 kept so far
16:19:39  INFO     [FI] 'generative AI' → 59 entries, 199 kept so far
16:19:39  INFO     [CZ] 'generative AI' → 75 entries, 85 kept so far
16:19:40  INFO     [RO] 'generative AI' → 77 entries, 144 kept so far
16:19:40  INFO     [HU] 'generative AI' → 71 entries, 91 kept so far
16:19:40  INFO     [PT] 'generative AI' → 100 entries, 233 kept so far
16:19:40  INFO     [FI] +97 new articles saved
16:19:40  INFO     [CZ] +56 new articles saved
16:19:41  INFO     [RO] +77 new articles saved
16:19:41  INFO     [HU] +51 new articles saved
16:19:41  INFO     [GR] 'artificial intelligence' → 100 entries, 39 kept so far
16:19:41  INFO     [SK] 'artificial intelligence' → 100 entries, 24 kept so far
16:19:41  INFO     [PT] +154 new articles saved
16:19:41  INFO     [HR] 'artificial intelligence' → 100 entries, 57 kept so far
16:19:42  INFO     [IE] 'artificial intelligence' → 100 entries, 61 kept so far
16:19:42  INFO     [BG] 'artificial intelligence' → 75 entries, 32 kept so far
16:19:42  INFO     [GR] 'AI regulation' → 62 entries, 93 kept so far
16:19:43  INFO     [SK] 'AI regulation' → 24 entries, 27 kept so far
16:19:43  INFO     [HR] 'AI regulation' → 100 entries, 103 kept so far
16:19:43  INFO     [BG] 'AI regulation' → 14 entries, 34 kept so far
16:19:43  INFO     [IE] 'AI regulation' → 100 entries, 107 kept so far
16:19:44  INFO     [SK] 'machine learning' → 56 entries, 40 kept so far
16:19:44  INFO     [GR] 'machine learning' → 100 entries, 132 kept so far
16:19:45  INFO     [BG] 'machine learning' → 55 entries, 41 kept so far
16:19:45  INFO     [HR] 'machine learning' → 100 entries, 176 kept so far
16:19:45  INFO     [IE] 'machine learning' → 100 entries, 177 kept so far
16:19:46  INFO     [SK] 'EU AI Act' → 57 entries, 51 kept so far
16:19:46  INFO     [GR] 'EU AI Act' → 56 entries, 154 kept so far
16:19:46  INFO     [BG] 'EU AI Act' → 13 entries, 44 kept so far
16:19:47  INFO     [HR] 'EU AI Act' → 100 entries, 258 kept so far
16:19:47  INFO     [IE] 'EU AI Act' → 100 entries, 249 kept so far
16:19:47  INFO     [SK] 'generative AI' → 45 entries, 61 kept so far
16:19:47  INFO     [GR] 'generative AI' → 100 entries, 195 kept so far
16:19:47  INFO     [BG] 'generative AI' → 30 entries, 49 kept so far
16:19:48  INFO     [HR] 'generative AI' → 100 entries, 310 kept so far
16:19:48  INFO     [SK] +29 new articles saved
16:19:48  INFO     [GR] +132 new articles saved
16:19:48  INFO     [BG] +25 new articles saved
16:19:49  INFO     [LT] 'artificial intelligence' → 86 entries, 28 kept so far
16:19:49  INFO     [IE] 'generative AI' → 100 entries, 300 kept so far
16:19:49  INFO     [SI] 'artificial intelligence' → 88 entries, 45 kept so far
16:19:49  INFO     [LV] 'artificial intelligence' → 68 entries, 22 kept so far
16:19:49  INFO     [HR] +254 new articles saved
16:19:50  INFO     [EE] 'artificial intelligence' → 100 entries, 51 kept so far
16:19:50  INFO     [IE] +110 new articles saved
16:19:50  INFO     [LT] 'AI regulation' → 20 entries, 29 kept so far
16:19:50  INFO     [SI] 'AI regulation' → 13 entries, 45 kept so far
16:19:50  INFO     [LV] 'AI regulation' → 7 entries, 23 kept so far
16:19:50  INFO     [CY] 'artificial intelligence' → 100 entries, 39 kept so far
16:19:51  INFO     [EE] 'AI regulation' → 4 entries, 51 kept so far
16:19:51  INFO     [LT] 'machine learning' → 32 entries, 33 kept so far
16:19:51  INFO     [LV] 'machine learning' → 12 entries, 24 kept so far
16:19:51  INFO     [SI] 'machine learning' → 22 entries, 47 kept so far
16:19:52  INFO     [CY] 'AI regulation' → 62 entries, 93 kept so far
16:19:53  INFO     [EE] 'machine learning' → 25 entries, 53 kept so far
16:19:53  INFO     [LV] 'EU AI Act' → 6 entries, 24 kept so far
16:19:53  INFO     [LT] 'EU AI Act' → 19 entries, 34 kept so far
16:19:53  INFO     [SI] 'EU AI Act' → 26 entries, 52 kept so far
16:19:53  INFO     [CY] 'machine learning' → 100 entries, 132 kept so far
16:19:54  INFO     [EE] 'EU AI Act' → 11 entries, 54 kept so far
16:19:54  INFO     [LV] 'generative AI' → 7 entries, 26 kept so far
16:19:54  INFO     [LT] 'generative AI' → 17 entries, 40 kept so far
16:19:54  INFO     [SI] 'generative AI' → 12 entries, 54 kept so far
16:19:55  INFO     [CY] 'EU AI Act' → 56 entries, 154 kept so far
16:19:55  INFO     [LV] +12 new articles saved
16:19:55  INFO     [LT] +14 new articles saved
16:19:55  INFO     [SI] +21 new articles saved
16:19:55  INFO     [MT] 'artificial intelligence' → 100 entries, 57 kept so far
16:19:55  INFO     [EE] 'generative AI' → 10 entries, 57 kept so far
16:19:56  INFO     [LU] 'artificial intelligence' → 100 entries, 44 kept so far
16:19:57  INFO     [CY] 'generative AI' → 100 entries, 195 kept so far
16:19:57  INFO     [EE] +27 new articles saved
16:19:57  INFO     [MT] 'AI regulation' → 100 entries, 103 kept so far
16:19:57  INFO     [LU] 'AI regulation' → 100 entries, 126 kept so far
16:19:58  INFO     [CY] +0 new articles saved
16:19:58  INFO     [MT] 'machine learning' → 100 entries, 176 kept so far
16:19:59  INFO     [LU] 'machine learning' → 100 entries, 183 kept so far
16:19:59  INFO     [MT] 'EU AI Act' → 100 entries, 258 kept so far
16:20:00  INFO     [MT] 'generative AI' → 100 entries, 310 kept so far
16:20:01  INFO     [LU] 'EU AI Act' → 82 entries, 236 kept so far
16:20:01  INFO     [MT] +0 new articles saved
16:20:02  INFO     [LU] 'generative AI' → 59 entries, 270 kept so far
16:20:03  INFO     [LU] +25 new articles saved
16:20:03  INFO     Scrape complete. 2135 new articles this run.
