19:14:38  INFO     Starting scrape: 27 countries, 5 queries each
19:14:39  INFO     [IT] 'artificial intelligence' → 100 entries, 40 kept so far
/home/runner/work/EU_AI_News/EU_AI_News/eu_ai_news_scraper.py:230: DeprecationWarning: datetime.datetime.utcnow() is deprecated and scheduled for removal in a future version. Use timezone-aware objects to represent datetimes in UTC: datetime.datetime.now(datetime.UTC).
  "scraped_at":   datetime.utcnow().isoformat(),
19:14:39  INFO     [DE] 'artificial intelligence' → 100 entries, 54 kept so far
19:14:39  INFO     [PL] 'artificial intelligence' → 100 entries, 16 kept so far
19:14:39  INFO     [FR] 'artificial intelligence' → 100 entries, 31 kept so far
19:14:39  INFO     [ES] 'artificial intelligence' → 100 entries, 64 kept so far
19:14:40  INFO     [DE] 'AI regulation' → 94 entries, 131 kept so far
19:14:41  INFO     [IT] 'AI regulation' → 100 entries, 120 kept so far
19:14:41  INFO     [PL] 'AI regulation' → 100 entries, 82 kept so far
19:14:41  INFO     [FR] 'AI regulation' → 100 entries, 105 kept so far
19:14:41  INFO     [ES] 'AI regulation' → 77 entries, 99 kept so far
19:14:42  INFO     [DE] 'machine learning' → 100 entries, 177 kept so far
19:14:42  INFO     [IT] 'machine learning' → 100 entries, 197 kept so far
19:14:42  INFO     [PL] 'machine learning' → 100 entries, 120 kept so far
19:14:42  INFO     [ES] 'machine learning' → 100 entries, 169 kept so far
19:14:42  INFO     [FR] 'machine learning' → 100 entries, 160 kept so far
19:14:44  INFO     [DE] 'EU AI Act' → 100 entries, 249 kept so far
19:14:44  INFO     [IT] 'EU AI Act' → 100 entries, 273 kept so far
19:14:44  INFO     [PL] 'EU AI Act' → 77 entries, 133 kept so far
19:14:44  INFO     [ES] 'EU AI Act' → 77 entries, 195 kept so far
19:14:44  INFO     [FR] 'EU AI Act' → 85 entries, 200 kept so far
19:14:45  INFO     [DE] 'generative AI' → 100 entries, 270 kept so far
19:14:45  INFO     [IT] 'generative AI' → 100 entries, 309 kept so far
19:14:45  INFO     [PL] 'generative AI' → 100 entries, 166 kept so far
19:14:46  INFO     [ES] 'generative AI' → 100 entries, 231 kept so far
19:14:46  INFO     [FR] 'generative AI' → 100 entries, 233 kept so far
19:14:46  INFO     [DE] +149 new articles saved
19:14:46  INFO     [IT] +176 new articles saved
19:14:46  INFO     [PL] +81 new articles saved
19:14:47  INFO     [NL] 'artificial intelligence' → 100 entries, 19 kept so far
19:14:47  INFO     [ES] +111 new articles saved
19:14:47  INFO     [FR] +96 new articles saved
19:14:47  INFO     [SE] 'artificial intelligence' → 100 entries, 8 kept so far
19:14:47  INFO     [BE] 'artificial intelligence' → 100 entries, 49 kept so far
19:14:47  INFO     [AT] 'artificial intelligence' → 100 entries, 55 kept so far
19:14:47  INFO     [DK] 'artificial intelligence' → 100 entries, 12 kept so far
19:14:48  INFO     [NL] 'AI regulation' → 76 entries, 57 kept so far
19:14:49  INFO     [SE] 'AI regulation' → 78 entries, 24 kept so far
19:14:49  INFO     [BE] 'AI regulation' → 100 entries, 133 kept so far
19:14:49  INFO     [AT] 'AI regulation' → 96 entries, 131 kept so far
19:14:49  INFO     [DK] 'AI regulation' → 34 entries, 17 kept so far
19:14:50  INFO     [NL] 'machine learning' → 100 entries, 116 kept so far
19:14:50  INFO     [SE] 'machine learning' → 73 entries, 48 kept so far
19:14:50  INFO     [BE] 'machine learning' → 100 entries, 189 kept so far
19:14:51  INFO     [DK] 'machine learning' → 85 entries, 42 kept so far
19:14:51  INFO     [AT] 'machine learning' → 100 entries, 179 kept so far
19:14:51  INFO     [NL] 'EU AI Act' → 100 entries, 143 kept so far
19:14:52  INFO     [SE] 'EU AI Act' → 74 entries, 56 kept so far
19:14:52  INFO     [DK] 'EU AI Act' → 76 entries, 58 kept so far
19:14:52  INFO     [BE] 'EU AI Act' → 88 entries, 231 kept so far
19:14:52  INFO     [AT] 'EU AI Act' → 100 entries, 255 kept so far
19:14:53  INFO     [NL] 'generative AI' → 100 entries, 169 kept so far
19:14:53  INFO     [SE] 'generative AI' → 70 entries, 66 kept so far
19:14:54  INFO     [DK] 'generative AI' → 100 entries, 94 kept so far
19:14:54  INFO     [BE] 'generative AI' → 100 entries, 256 kept so far
19:14:54  INFO     [AT] 'generative AI' → 100 entries, 273 kept so far
19:14:54  INFO     [NL] +65 new articles saved
19:14:54  INFO     [SE] +21 new articles saved
19:14:55  INFO     [FI] 'artificial intelligence' → 100 entries, 54 kept so far
19:14:55  INFO     [PT] 'artificial intelligence' → 100 entries, 67 kept so far
19:14:55  INFO     [DK] +30 new articles saved
19:14:55  INFO     [BE] +29 new articles saved
19:14:55  INFO     [AT] +34 new articles saved
19:14:55  INFO     [CZ] 'artificial intelligence' → 100 entries, 22 kept so far
19:14:55  INFO     [RO] 'artificial intelligence' → 100 entries, 42 kept so far
19:14:56  INFO     [HU] 'artificial intelligence' → 100 entries, 26 kept so far
19:14:56  INFO     [FI] 'AI regulation' → 43 entries, 64 kept so far
19:14:56  INFO     [PT] 'AI regulation' → 75 entries, 99 kept so far
19:14:57  INFO     [CZ] 'AI regulation' → 77 entries, 39 kept so far
19:14:57  INFO     [HU] 'AI regulation' → 79 entries, 28 kept so far
19:14:57  INFO     [RO] 'AI regulation' → 78 entries, 54 kept so far
19:14:58  INFO     [FI] 'machine learning' → 92 entries, 105 kept so far
19:14:58  INFO     [PT] 'machine learning' → 100 entries, 172 kept so far
19:14:58  INFO     [CZ] 'machine learning' → 70 entries, 56 kept so far
19:14:59  INFO     [HU] 'machine learning' → 77 entries, 53 kept so far
19:14:59  INFO     [RO] 'machine learning' → 100 entries, 107 kept so far
19:14:59  INFO     [FI] 'EU AI Act' → 62 entries, 137 kept so far
19:15:00  INFO     [PT] 'EU AI Act' → 51 entries, 180 kept so far
19:15:00  INFO     [CZ] 'EU AI Act' → 71 entries, 67 kept so far
19:15:00  INFO     [HU] 'EU AI Act' → 76 entries, 73 kept so far
19:15:00  INFO     [RO] 'EU AI Act' → 78 entries, 123 kept so far
19:15:01  INFO     [FI] 'generative AI' → 67 entries, 176 kept so far
19:15:01  INFO     [PT] 'generative AI' → 100 entries, 207 kept so far
19:15:01  INFO     [CZ] 'generative AI' → 81 entries, 83 kept so far
19:15:02  INFO     [HU] 'generative AI' → 72 entries, 97 kept so far
19:15:02  INFO     [FI] +89 new articles saved
19:15:02  INFO     [RO] 'generative AI' → 82 entries, 141 kept so far
19:15:02  INFO     [GR] 'artificial intelligence' → 100 entries, 47 kept so far
19:15:02  INFO     [PT] +95 new articles saved
19:15:02  INFO     [CZ] +50 new articles saved
19:15:03  INFO     [HU] +52 new articles saved
19:15:03  INFO     [HR] 'artificial intelligence' → 102 entries, 55 kept so far
19:15:03  INFO     [SK] 'artificial intelligence' → 100 entries, 21 kept so far
19:15:03  INFO     [RO] +61 new articles saved
19:15:03  INFO     [IE] 'artificial intelligence' → 100 entries, 67 kept so far
19:15:03  INFO     [BG] 'artificial intelligence' → 77 entries, 34 kept so far
19:15:04  INFO     [GR] 'AI regulation' → 63 entries, 98 kept so far
19:15:04  INFO     [HR] 'AI regulation' → 100 entries, 92 kept so far
19:15:04  INFO     [SK] 'AI regulation' → 16 entries, 24 kept so far
19:15:05  INFO     [BG] 'AI regulation' → 11 entries, 35 kept so far
19:15:05  INFO     [IE] 'AI regulation' → 100 entries, 113 kept so far
19:15:05  INFO     [GR] 'machine learning' → 95 entries, 134 kept so far
19:15:06  INFO     [SK] 'machine learning' → 63 entries, 39 kept so far
19:15:06  INFO     [HR] 'machine learning' → 100 entries, 169 kept so far
19:15:06  INFO     [BG] 'machine learning' → 58 entries, 45 kept so far
19:15:07  INFO     [IE] 'machine learning' → 100 entries, 192 kept so far
19:15:07  INFO     [GR] 'EU AI Act' → 61 entries, 153 kept so far
19:15:07  INFO     [SK] 'EU AI Act' → 71 entries, 55 kept so far
19:15:07  INFO     [HR] 'EU AI Act' → 100 entries, 242 kept so far
19:15:08  INFO     [BG] 'EU AI Act' → 16 entries, 49 kept so far
19:15:08  INFO     [IE] 'EU AI Act' → 100 entries, 251 kept so far
19:15:09  INFO     [GR] 'generative AI' → 100 entries, 197 kept so far
19:15:09  INFO     [SK] 'generative AI' → 49 entries, 63 kept so far
19:15:09  INFO     [HR] 'generative AI' → 100 entries, 304 kept so far
19:15:09  INFO     [BG] 'generative AI' → 32 entries, 55 kept so far
19:15:10  INFO     [GR] +120 new articles saved
19:15:10  INFO     [SK] +31 new articles saved
19:15:10  INFO     [HR] +264 new articles saved
19:15:10  INFO     [BG] +30 new articles saved
19:15:10  INFO     [IE] 'generative AI' → 100 entries, 317 kept so far
19:15:10  INFO     [LT] 'artificial intelligence' → 80 entries, 29 kept so far
19:15:10  INFO     [SI] 'artificial intelligence' → 100 entries, 47 kept so far
19:15:10  INFO     [LV] 'artificial intelligence' → 71 entries, 19 kept so far
19:15:11  INFO     [EE] 'artificial intelligence' → 100 entries, 46 kept so far
19:15:11  INFO     [IE] +98 new articles saved
19:15:11  INFO     [LT] 'AI regulation' → 15 entries, 30 kept so far
19:15:12  INFO     [SI] 'AI regulation' → 3 entries, 47 kept so far
19:15:12  INFO     [LV] 'AI regulation' → 6 entries, 20 kept so far
19:15:12  INFO     [CY] 'artificial intelligence' → 100 entries, 48 kept so far
19:15:12  INFO     [EE] 'AI regulation' → 9 entries, 48 kept so far
19:15:13  INFO     [LT] 'machine learning' → 29 entries, 32 kept so far
19:15:13  INFO     [SI] 'machine learning' → 20 entries, 49 kept so far
19:15:13  INFO     [LV] 'machine learning' → 9 entries, 21 kept so far
19:15:13  INFO     [CY] 'AI regulation' → 63 entries, 99 kept so far
19:15:13  INFO     [EE] 'machine learning' → 14 entries, 51 kept so far
19:15:14  INFO     [LT] 'EU AI Act' → 21 entries, 33 kept so far
19:15:14  INFO     [LV] 'EU AI Act' → 7 entries, 21 kept so far
19:15:14  INFO     [SI] 'EU AI Act' → 28 entries, 55 kept so far
19:15:15  INFO     [EE] 'EU AI Act' → 18 entries, 53 kept so far
19:15:15  INFO     [CY] 'machine learning' → 95 entries, 135 kept so far
19:15:16  INFO     [LV] 'generative AI' → 8 entries, 22 kept so far
19:15:16  INFO     [LT] 'generative AI' → 24 entries, 41 kept so far
19:15:16  INFO     [SI] 'generative AI' → 12 entries, 57 kept so far
19:15:16  INFO     [EE] 'generative AI' → 13 entries, 57 kept so far
19:15:16  INFO     [CY] 'EU AI Act' → 61 entries, 154 kept so far
19:15:17  INFO     [LV] +9 new articles saved
19:15:17  INFO     [LT] +10 new articles saved
19:15:17  INFO     [SI] +19 new articles saved
19:15:17  INFO     [MT] 'artificial intelligence' → 102 entries, 55 kept so far
19:15:17  INFO     [EE] +20 new articles saved
19:15:17  INFO     [LU] 'artificial intelligence' → 100 entries, 31 kept so far
19:15:18  INFO     [CY] 'generative AI' → 100 entries, 198 kept so far
19:15:18  INFO     [MT] 'AI regulation' → 100 entries, 92 kept so far
19:15:19  INFO     [LU] 'AI regulation' → 100 entries, 117 kept so far
19:15:19  INFO     [CY] +3 new articles saved
19:15:19  INFO     [MT] 'machine learning' → 100 entries, 169 kept so far
19:15:20  INFO     [MT] 'EU AI Act' → 100 entries, 242 kept so far
19:15:20  INFO     [LU] 'machine learning' → 100 entries, 171 kept so far
19:15:21  INFO     [MT] 'generative AI' → 100 entries, 304 kept so far
19:15:22  INFO     [LU] 'EU AI Act' → 85 entries, 208 kept so far
19:15:22  INFO     [MT] +0 new articles saved
19:15:24  INFO     [LU] 'generative AI' → 100 entries, 240 kept so far
19:15:25  INFO     [LU] +0 new articles saved
19:15:25  INFO     Scrape complete. 1743 new articles this run.
