02:01:05  INFO     Starting scrape: 27 countries, 5 queries each
02:01:06  INFO     [PL] 'artificial intelligence' → 100 entries, 21 kept so far
/home/runner/work/EU_AI_News/EU_AI_News/eu_ai_news_scraper.py:230: DeprecationWarning: datetime.datetime.utcnow() is deprecated and scheduled for removal in a future version. Use timezone-aware objects to represent datetimes in UTC: datetime.datetime.now(datetime.UTC).
  "scraped_at":   datetime.utcnow().isoformat(),
02:01:06  INFO     [FR] 'artificial intelligence' → 100 entries, 43 kept so far
02:01:06  INFO     [DE] 'artificial intelligence' → 100 entries, 50 kept so far
02:01:06  INFO     [IT] 'artificial intelligence' → 100 entries, 42 kept so far
02:01:06  INFO     [ES] 'artificial intelligence' → 100 entries, 59 kept so far
02:01:07  INFO     [DE] 'AI regulation' → 71 entries, 106 kept so far
02:01:07  INFO     [FR] 'AI regulation' → 100 entries, 123 kept so far
02:01:08  INFO     [PL] 'AI regulation' → 100 entries, 96 kept so far
02:01:08  INFO     [IT] 'AI regulation' → 100 entries, 132 kept so far
02:01:08  INFO     [ES] 'AI regulation' → 81 entries, 116 kept so far
02:01:09  INFO     [DE] 'machine learning' → 100 entries, 157 kept so far
02:01:09  INFO     [FR] 'machine learning' → 100 entries, 180 kept so far
02:01:09  INFO     [PL] 'machine learning' → 100 entries, 133 kept so far
02:01:09  INFO     [IT] 'machine learning' → 100 entries, 203 kept so far
02:01:09  INFO     [ES] 'machine learning' → 100 entries, 193 kept so far
02:01:11  INFO     [DE] 'EU AI Act' → 100 entries, 224 kept so far
02:01:11  INFO     [PL] 'EU AI Act' → 76 entries, 162 kept so far
02:01:11  INFO     [FR] 'EU AI Act' → 86 entries, 229 kept so far
02:01:11  INFO     [IT] 'EU AI Act' → 100 entries, 289 kept so far
02:01:11  INFO     [ES] 'EU AI Act' → 80 entries, 219 kept so far
02:01:12  INFO     [DE] 'generative AI' → 100 entries, 247 kept so far
02:01:12  INFO     [PL] 'generative AI' → 100 entries, 199 kept so far
02:01:12  INFO     [FR] 'generative AI' → 100 entries, 259 kept so far
02:01:13  INFO     [IT] 'generative AI' → 100 entries, 329 kept so far
02:01:13  INFO     [ES] 'generative AI' → 100 entries, 257 kept so far
02:01:13  INFO     [DE] +169 new articles saved
02:01:13  INFO     [PL] +132 new articles saved
02:01:13  INFO     [FR] +140 new articles saved
02:01:14  INFO     [IT] +197 new articles saved
02:01:14  INFO     [NL] 'artificial intelligence' → 100 entries, 16 kept so far
02:01:14  INFO     [ES] +133 new articles saved
02:01:14  INFO     [SE] 'artificial intelligence' → 100 entries, 9 kept so far
02:01:14  INFO     [BE] 'artificial intelligence' → 100 entries, 48 kept so far
02:01:14  INFO     [AT] 'artificial intelligence' → 100 entries, 52 kept so far
02:01:14  INFO     [DK] 'artificial intelligence' → 100 entries, 16 kept so far
02:01:15  INFO     [NL] 'AI regulation' → 78 entries, 69 kept so far
02:01:16  INFO     [SE] 'AI regulation' → 79 entries, 25 kept so far
02:01:16  INFO     [BE] 'AI regulation' → 100 entries, 126 kept so far
02:01:16  INFO     [DK] 'AI regulation' → 43 entries, 28 kept so far
02:01:16  INFO     [AT] 'AI regulation' → 78 entries, 112 kept so far
02:01:17  INFO     [NL] 'machine learning' → 100 entries, 119 kept so far
02:01:17  INFO     [SE] 'machine learning' → 75 entries, 47 kept so far
02:01:17  INFO     [DK] 'machine learning' → 79 entries, 50 kept so far
02:01:17  INFO     [BE] 'machine learning' → 100 entries, 182 kept so far
02:01:18  INFO     [AT] 'machine learning' → 100 entries, 159 kept so far
02:01:19  INFO     [SE] 'EU AI Act' → 71 entries, 50 kept so far
02:01:19  INFO     [NL] 'EU AI Act' → 100 entries, 144 kept so far
02:01:19  INFO     [DK] 'EU AI Act' → 74 entries, 64 kept so far
02:01:19  INFO     [BE] 'EU AI Act' → 91 entries, 232 kept so far
02:01:19  INFO     [AT] 'EU AI Act' → 100 entries, 234 kept so far
02:01:20  INFO     [SE] 'generative AI' → 70 entries, 57 kept so far
02:01:20  INFO     [NL] 'generative AI' → 100 entries, 170 kept so far
02:01:20  INFO     [DK] 'generative AI' → 100 entries, 99 kept so far
02:01:21  INFO     [BE] 'generative AI' → 100 entries, 259 kept so far
02:01:21  INFO     [AT] 'generative AI' → 100 entries, 253 kept so far
02:01:21  INFO     [SE] +20 new articles saved
02:01:21  INFO     [NL] +74 new articles saved
02:01:21  INFO     [DK] +39 new articles saved
02:01:22  INFO     [FI] 'artificial intelligence' → 100 entries, 68 kept so far
02:01:22  INFO     [BE] +19 new articles saved
02:01:22  INFO     [PT] 'artificial intelligence' → 100 entries, 63 kept so far
02:01:22  INFO     [AT] +38 new articles saved
02:01:22  INFO     [CZ] 'artificial intelligence' → 100 entries, 20 kept so far
02:01:22  INFO     [RO] 'artificial intelligence' → 100 entries, 45 kept so far
02:01:22  INFO     [HU] 'artificial intelligence' → 100 entries, 16 kept so far
02:01:23  INFO     [FI] 'AI regulation' → 56 entries, 81 kept so far
02:01:23  INFO     [PT] 'AI regulation' → 87 entries, 119 kept so far
02:01:24  INFO     [CZ] 'AI regulation' → 77 entries, 53 kept so far
02:01:24  INFO     [RO] 'AI regulation' → 77 entries, 57 kept so far
02:01:24  INFO     [HU] 'AI regulation' → 79 entries, 21 kept so far
02:01:25  INFO     [FI] 'machine learning' → 95 entries, 119 kept so far
02:01:25  INFO     [CZ] 'machine learning' → 85 entries, 72 kept so far
02:01:25  INFO     [PT] 'machine learning' → 100 entries, 197 kept so far
02:01:25  INFO     [RO] 'machine learning' → 100 entries, 109 kept so far
02:01:26  INFO     [HU] 'machine learning' → 70 entries, 46 kept so far
02:01:26  INFO     [FI] 'EU AI Act' → 59 entries, 149 kept so far
02:01:27  INFO     [CZ] 'EU AI Act' → 75 entries, 81 kept so far
02:01:27  INFO     [PT] 'EU AI Act' → 57 entries, 208 kept so far
02:01:27  INFO     [RO] 'EU AI Act' → 77 entries, 131 kept so far
02:01:27  INFO     [HU] 'EU AI Act' → 78 entries, 69 kept so far
02:01:28  INFO     [FI] 'generative AI' → 54 entries, 182 kept so far
02:01:28  INFO     [CZ] 'generative AI' → 91 entries, 104 kept so far
02:01:28  INFO     [RO] 'generative AI' → 83 entries, 160 kept so far
02:01:29  INFO     [PT] 'generative AI' → 100 entries, 239 kept so far
02:01:29  INFO     [HU] 'generative AI' → 72 entries, 92 kept so far
02:01:29  INFO     [FI] +88 new articles saved
02:01:29  INFO     [CZ] +66 new articles saved
02:01:29  INFO     [GR] 'artificial intelligence' → 100 entries, 50 kept so far
02:01:29  INFO     [RO] +88 new articles saved
02:01:30  INFO     [PT] +146 new articles saved
02:01:30  INFO     [HU] +49 new articles saved
02:01:30  INFO     [HR] 'artificial intelligence' → 100 entries, 52 kept so far
02:01:30  INFO     [SK] 'artificial intelligence' → 100 entries, 24 kept so far
02:01:30  INFO     [BG] 'artificial intelligence' → 83 entries, 38 kept so far
02:01:30  INFO     [IE] 'artificial intelligence' → 100 entries, 54 kept so far
02:01:31  INFO     [GR] 'AI regulation' → 60 entries, 103 kept so far
02:01:31  INFO     [SK] 'AI regulation' → 20 entries, 27 kept so far
02:01:31  INFO     [HR] 'AI regulation' → 100 entries, 93 kept so far
02:01:31  INFO     [BG] 'AI regulation' → 15 entries, 39 kept so far
02:01:32  INFO     [IE] 'AI regulation' → 100 entries, 99 kept so far
02:01:33  INFO     [GR] 'machine learning' → 95 entries, 139 kept so far
02:01:33  INFO     [SK] 'machine learning' → 57 entries, 38 kept so far
02:01:33  INFO     [HR] 'machine learning' → 100 entries, 166 kept so far
02:01:33  INFO     [BG] 'machine learning' → 56 entries, 48 kept so far
02:01:34  INFO     [IE] 'machine learning' → 100 entries, 174 kept so far
02:01:34  INFO     [GR] 'EU AI Act' → 60 entries, 156 kept so far
02:01:34  INFO     [BG] 'EU AI Act' → 14 entries, 52 kept so far
02:01:34  INFO     [SK] 'EU AI Act' → 61 entries, 52 kept so far
02:01:34  INFO     [HR] 'EU AI Act' → 100 entries, 246 kept so far
02:01:35  INFO     [IE] 'EU AI Act' → 100 entries, 248 kept so far
02:01:36  INFO     [BG] 'generative AI' → 27 entries, 55 kept so far
02:01:36  INFO     [GR] 'generative AI' → 100 entries, 197 kept so far
02:01:36  INFO     [SK] 'generative AI' → 42 entries, 59 kept so far
02:01:36  INFO     [HR] 'generative AI' → 100 entries, 304 kept so far
02:01:37  INFO     [BG] +30 new articles saved
02:01:37  INFO     [GR] +123 new articles saved
02:01:37  INFO     [SK] +28 new articles saved
02:01:37  INFO     [HR] +249 new articles saved
02:01:37  INFO     [LT] 'artificial intelligence' → 75 entries, 27 kept so far
02:01:37  INFO     [IE] 'generative AI' → 100 entries, 299 kept so far
02:01:37  INFO     [LV] 'artificial intelligence' → 62 entries, 23 kept so far
02:01:37  INFO     [SI] 'artificial intelligence' → 100 entries, 47 kept so far
02:01:38  INFO     [EE] 'artificial intelligence' → 100 entries, 45 kept so far
02:01:38  INFO     [IE] +89 new articles saved
02:01:38  INFO     [LT] 'AI regulation' → 16 entries, 28 kept so far
02:01:38  INFO     [LV] 'AI regulation' → 9 entries, 23 kept so far
02:01:39  INFO     [CY] 'artificial intelligence' → 100 entries, 50 kept so far
02:01:39  INFO     [SI] 'AI regulation' → 9 entries, 48 kept so far
02:01:39  INFO     [EE] 'AI regulation' → 11 entries, 45 kept so far
02:01:40  INFO     [LV] 'machine learning' → 10 entries, 24 kept so far
02:01:40  INFO     [LT] 'machine learning' → 28 entries, 32 kept so far
02:01:40  INFO     [SI] 'machine learning' → 23 entries, 51 kept so far
02:01:40  INFO     [CY] 'AI regulation' → 61 entries, 104 kept so far
02:01:40  INFO     [EE] 'machine learning' → 18 entries, 49 kept so far
02:01:41  INFO     [LV] 'EU AI Act' → 5 entries, 24 kept so far
02:01:41  INFO     [LT] 'EU AI Act' → 23 entries, 34 kept so far
02:01:41  INFO     [SI] 'EU AI Act' → 27 entries, 56 kept so far
02:01:42  INFO     [EE] 'EU AI Act' → 15 entries, 50 kept so far
02:01:42  INFO     [CY] 'machine learning' → 97 entries, 139 kept so far
02:01:42  INFO     [LV] 'generative AI' → 8 entries, 26 kept so far
02:01:42  INFO     [LT] 'generative AI' → 20 entries, 42 kept so far
02:01:43  INFO     [SI] 'generative AI' → 13 entries, 57 kept so far
02:01:43  INFO     [EE] 'generative AI' → 11 entries, 53 kept so far
02:01:43  INFO     [CY] 'EU AI Act' → 60 entries, 155 kept so far
02:01:43  INFO     [LV] +11 new articles saved
02:01:43  INFO     [LT] +16 new articles saved
02:01:44  INFO     [MT] 'artificial intelligence' → 100 entries, 52 kept so far
02:01:44  INFO     [SI] +16 new articles saved
02:01:44  INFO     [LU] 'artificial intelligence' → 100 entries, 43 kept so far
02:01:44  INFO     [EE] +20 new articles saved
02:01:45  INFO     [CY] 'generative AI' → 100 entries, 196 kept so far
02:01:45  INFO     [MT] 'AI regulation' → 100 entries, 93 kept so far
02:01:45  INFO     [LU] 'AI regulation' → 100 entries, 123 kept so far
02:01:46  INFO     [CY] +2 new articles saved
02:01:46  INFO     [MT] 'machine learning' → 100 entries, 166 kept so far
02:01:47  INFO     [LU] 'machine learning' → 100 entries, 180 kept so far
02:01:47  INFO     [MT] 'EU AI Act' → 100 entries, 246 kept so far
02:01:48  INFO     [MT] 'generative AI' → 100 entries, 304 kept so far
02:01:48  INFO     [LU] 'EU AI Act' → 86 entries, 229 kept so far
02:01:49  INFO     [MT] +0 new articles saved
02:01:50  INFO     [LU] 'generative AI' → 100 entries, 259 kept so far
02:01:51  INFO     [LU] +0 new articles saved
02:01:51  INFO     Scrape complete. 1982 new articles this run.
