15:58:40  INFO     Starting scrape: 27 countries, 5 queries each
/home/runner/work/EU_AI_News/EU_AI_News/eu_ai_news_scraper.py:230: DeprecationWarning: datetime.datetime.utcnow() is deprecated and scheduled for removal in a future version. Use timezone-aware objects to represent datetimes in UTC: datetime.datetime.now(datetime.UTC).
  "scraped_at":   datetime.utcnow().isoformat(),
15:58:40  INFO     [ES] 'artificial intelligence' → 100 entries, 60 kept so far
15:58:40  INFO     [PL] 'artificial intelligence' → 100 entries, 17 kept so far
15:58:41  INFO     [FR] 'artificial intelligence' → 100 entries, 52 kept so far
15:58:41  INFO     [IT] 'artificial intelligence' → 102 entries, 36 kept so far
15:58:41  INFO     [DE] 'artificial intelligence' → 102 entries, 45 kept so far
15:58:42  INFO     [ES] 'AI regulation' → 78 entries, 100 kept so far
15:58:42  INFO     [PL] 'AI regulation' → 78 entries, 78 kept so far
15:58:42  INFO     [FR] 'AI regulation' → 100 entries, 141 kept so far
15:58:42  INFO     [IT] 'AI regulation' → 100 entries, 126 kept so far
15:58:42  INFO     [DE] 'AI regulation' → 100 entries, 123 kept so far
15:58:44  INFO     [PL] 'machine learning' → 100 entries, 132 kept so far
15:58:44  INFO     [ES] 'machine learning' → 100 entries, 173 kept so far
15:58:44  INFO     [FR] 'machine learning' → 100 entries, 198 kept so far
15:58:44  INFO     [DE] 'machine learning' → 100 entries, 176 kept so far
15:58:44  INFO     [IT] 'machine learning' → 100 entries, 203 kept so far
15:58:45  INFO     [PL] 'EU AI Act' → 78 entries, 150 kept so far
15:58:46  INFO     [FR] 'EU AI Act' → 100 entries, 246 kept so far
15:58:46  INFO     [ES] 'EU AI Act' → 78 entries, 198 kept so far
15:58:46  INFO     [DE] 'EU AI Act' → 100 entries, 250 kept so far
15:58:46  INFO     [IT] 'EU AI Act' → 100 entries, 266 kept so far
15:58:47  INFO     [PL] 'generative AI' → 100 entries, 181 kept so far
15:58:47  INFO     [DE] 'generative AI' → 100 entries, 274 kept so far
15:58:47  INFO     [FR] 'generative AI' → 100 entries, 275 kept so far
15:58:47  INFO     [ES] 'generative AI' → 100 entries, 243 kept so far
15:58:47  INFO     [IT] 'generative AI' → 100 entries, 307 kept so far
15:58:48  INFO     [PL] +106 new articles saved
15:58:48  INFO     [DE] +191 new articles saved
15:58:48  INFO     [FR] +173 new articles saved
15:58:48  INFO     [ES] +156 new articles saved
15:58:48  INFO     [NL] 'artificial intelligence' → 100 entries, 16 kept so far
15:58:48  INFO     [IT] +208 new articles saved
15:58:49  INFO     [SE] 'artificial intelligence' → 100 entries, 10 kept so far
15:58:49  INFO     [BE] 'artificial intelligence' → 100 entries, 57 kept so far
15:58:49  INFO     [DK] 'artificial intelligence' → 100 entries, 21 kept so far
15:58:49  INFO     [AT] 'artificial intelligence' → 100 entries, 47 kept so far
15:58:50  INFO     [NL] 'AI regulation' → 79 entries, 62 kept so far
15:58:51  INFO     [SE] 'AI regulation' → 76 entries, 24 kept so far
15:58:51  INFO     [BE] 'AI regulation' → 100 entries, 146 kept so far
15:58:51  INFO     [DK] 'AI regulation' → 48 entries, 27 kept so far
15:58:51  INFO     [AT] 'AI regulation' → 100 entries, 122 kept so far
15:58:52  INFO     [NL] 'machine learning' → 100 entries, 112 kept so far
15:58:52  INFO     [SE] 'machine learning' → 79 entries, 42 kept so far
15:58:52  INFO     [DK] 'machine learning' → 80 entries, 49 kept so far
15:58:52  INFO     [BE] 'machine learning' → 100 entries, 203 kept so far
15:58:53  INFO     [AT] 'machine learning' → 100 entries, 174 kept so far
15:58:53  INFO     [SE] 'EU AI Act' → 71 entries, 50 kept so far
15:58:54  INFO     [NL] 'EU AI Act' → 100 entries, 143 kept so far
15:58:54  INFO     [DK] 'EU AI Act' → 75 entries, 69 kept so far
15:58:54  INFO     [BE] 'EU AI Act' → 100 entries, 244 kept so far
15:58:54  INFO     [AT] 'EU AI Act' → 100 entries, 252 kept so far
15:58:55  INFO     [SE] 'generative AI' → 79 entries, 63 kept so far
15:58:55  INFO     [NL] 'generative AI' → 100 entries, 175 kept so far
15:58:55  INFO     [DK] 'generative AI' → 100 entries, 103 kept so far
15:58:56  INFO     [BE] 'generative AI' → 100 entries, 270 kept so far
15:58:56  INFO     [AT] 'generative AI' → 100 entries, 279 kept so far
15:58:56  INFO     [SE] +36 new articles saved
15:58:56  INFO     [NL] +94 new articles saved
15:58:56  INFO     [DK] +54 new articles saved
15:58:57  INFO     [FI] 'artificial intelligence' → 100 entries, 59 kept so far
15:58:57  INFO     [BE] +33 new articles saved
15:58:57  INFO     [PT] 'artificial intelligence' → 100 entries, 51 kept so far
15:58:57  INFO     [AT] +42 new articles saved
15:58:57  INFO     [CZ] 'artificial intelligence' → 100 entries, 13 kept so far
15:58:57  INFO     [RO] 'artificial intelligence' → 100 entries, 35 kept so far
15:58:57  INFO     [HU] 'artificial intelligence' → 100 entries, 18 kept so far
15:58:58  INFO     [FI] 'AI regulation' → 63 entries, 73 kept so far
15:58:59  INFO     [CZ] 'AI regulation' → 77 entries, 36 kept so far
15:58:59  INFO     [PT] 'AI regulation' → 77 entries, 89 kept so far
15:58:59  INFO     [RO] 'AI regulation' → 79 entries, 44 kept so far
15:58:59  INFO     [HU] 'AI regulation' → 78 entries, 22 kept so far
15:59:00  INFO     [FI] 'machine learning' → 96 entries, 121 kept so far
15:59:00  INFO     [CZ] 'machine learning' → 82 entries, 55 kept so far
15:59:00  INFO     [PT] 'machine learning' → 100 entries, 166 kept so far
15:59:00  INFO     [HU] 'machine learning' → 67 entries, 42 kept so far
15:59:00  INFO     [RO] 'machine learning' → 100 entries, 99 kept so far
15:59:01  INFO     [FI] 'EU AI Act' → 67 entries, 161 kept so far
15:59:02  INFO     [CZ] 'EU AI Act' → 73 entries, 71 kept so far
15:59:02  INFO     [HU] 'EU AI Act' → 79 entries, 64 kept so far
15:59:02  INFO     [PT] 'EU AI Act' → 73 entries, 181 kept so far
15:59:02  INFO     [RO] 'EU AI Act' → 77 entries, 124 kept so far
15:59:03  INFO     [FI] 'generative AI' → 68 entries, 200 kept so far
15:59:03  INFO     [CZ] 'generative AI' → 76 entries, 88 kept so far
15:59:03  INFO     [HU] 'generative AI' → 66 entries, 82 kept so far
15:59:04  INFO     [RO] 'generative AI' → 90 entries, 148 kept so far
15:59:04  INFO     [PT] 'generative AI' → 100 entries, 210 kept so far
15:59:04  INFO     [FI] +115 new articles saved
15:59:04  INFO     [CZ] +58 new articles saved
15:59:04  INFO     [GR] 'artificial intelligence' → 100 entries, 37 kept so far
15:59:04  INFO     [HU] +48 new articles saved
15:59:05  INFO     [RO] +93 new articles saved
15:59:05  INFO     [PT] +143 new articles saved
15:59:05  INFO     [SK] 'artificial intelligence' → 100 entries, 25 kept so far
15:59:05  INFO     [BG] 'artificial intelligence' → 87 entries, 34 kept so far
15:59:05  INFO     [HR] 'artificial intelligence' → 100 entries, 62 kept so far
15:59:05  INFO     [IE] 'artificial intelligence' → 100 entries, 60 kept so far
15:59:06  INFO     [GR] 'AI regulation' → 68 entries, 90 kept so far
15:59:06  INFO     [SK] 'AI regulation' → 30 entries, 29 kept so far
15:59:06  INFO     [BG] 'AI regulation' → 15 entries, 34 kept so far
15:59:07  INFO     [HR] 'AI regulation' → 100 entries, 110 kept so far
15:59:07  INFO     [IE] 'AI regulation' → 100 entries, 110 kept so far
15:59:07  INFO     [GR] 'machine learning' → 100 entries, 133 kept so far
15:59:08  INFO     [SK] 'machine learning' → 62 entries, 45 kept so far
15:59:08  INFO     [BG] 'machine learning' → 53 entries, 44 kept so far
15:59:08  INFO     [HR] 'machine learning' → 100 entries, 181 kept so far
15:59:09  INFO     [IE] 'machine learning' → 100 entries, 189 kept so far
15:59:09  INFO     [GR] 'EU AI Act' → 60 entries, 151 kept so far
15:59:09  INFO     [SK] 'EU AI Act' → 64 entries, 52 kept so far
15:59:09  INFO     [BG] 'EU AI Act' → 17 entries, 47 kept so far
15:59:10  INFO     [HR] 'EU AI Act' → 100 entries, 272 kept so far
15:59:10  INFO     [BG] 'generative AI' → 32 entries, 54 kept so far
15:59:11  INFO     [GR] 'generative AI' → 100 entries, 189 kept so far
15:59:11  INFO     [IE] 'EU AI Act' → 100 entries, 268 kept so far
15:59:11  INFO     [SK] 'generative AI' → 54 entries, 62 kept so far
15:59:11  INFO     [BG] +32 new articles saved
15:59:12  INFO     [GR] +128 new articles saved
15:59:12  INFO     [HR] 'generative AI' → 100 entries, 335 kept so far
15:59:12  INFO     [SK] +35 new articles saved
15:59:12  INFO     [LT] 'artificial intelligence' → 90 entries, 29 kept so far
15:59:12  INFO     [SI] 'artificial intelligence' → 100 entries, 45 kept so far
15:59:12  INFO     [LV] 'artificial intelligence' → 74 entries, 22 kept so far
15:59:12  INFO     [IE] 'generative AI' → 100 entries, 329 kept so far
15:59:13  INFO     [HR] +304 new articles saved
15:59:13  INFO     [EE] 'artificial intelligence' → 100 entries, 45 kept so far
15:59:13  INFO     [IE] +124 new articles saved
15:59:13  INFO     [LT] 'AI regulation' → 5 entries, 29 kept so far
15:59:13  INFO     [SI] 'AI regulation' → 6 entries, 45 kept so far
15:59:13  INFO     [LV] 'AI regulation' → 2 entries, 22 kept so far
15:59:14  INFO     [CY] 'artificial intelligence' → 100 entries, 37 kept so far
15:59:15  INFO     [EE] 'AI regulation' → 8 entries, 45 kept so far
15:59:15  INFO     [LT] 'machine learning' → 40 entries, 33 kept so far
15:59:15  INFO     [SI] 'machine learning' → 21 entries, 48 kept so far
15:59:15  INFO     [LV] 'machine learning' → 17 entries, 25 kept so far
15:59:15  INFO     [CY] 'AI regulation' → 68 entries, 90 kept so far
15:59:16  INFO     [EE] 'machine learning' → 26 entries, 47 kept so far
15:59:16  INFO     [LT] 'EU AI Act' → 18 entries, 34 kept so far
15:59:16  INFO     [SI] 'EU AI Act' → 20 entries, 52 kept so far
15:59:16  INFO     [LV] 'EU AI Act' → 7 entries, 25 kept so far
15:59:17  INFO     [CY] 'machine learning' → 100 entries, 133 kept so far
15:59:17  INFO     [LT] 'generative AI' → 16 entries, 40 kept so far
15:59:17  INFO     [LV] 'generative AI' → 9 entries, 26 kept so far
15:59:17  INFO     [EE] 'EU AI Act' → 14 entries, 48 kept so far
15:59:17  INFO     [SI] 'generative AI' → 14 entries, 54 kept so far
15:59:18  INFO     [CY] 'EU AI Act' → 60 entries, 151 kept so far
15:59:18  INFO     [LT] +19 new articles saved
15:59:18  INFO     [LV] +13 new articles saved
15:59:18  INFO     [SI] +24 new articles saved
15:59:19  INFO     [MT] 'artificial intelligence' → 100 entries, 62 kept so far
15:59:19  INFO     [EE] 'generative AI' → 13 entries, 51 kept so far
15:59:19  INFO     [LU] 'artificial intelligence' → 100 entries, 52 kept so far
15:59:20  INFO     [CY] 'generative AI' → 100 entries, 189 kept so far
15:59:20  INFO     [MT] 'AI regulation' → 100 entries, 110 kept so far
15:59:20  INFO     [EE] +28 new articles saved
15:59:20  INFO     [LU] 'AI regulation' → 100 entries, 141 kept so far
15:59:21  INFO     [CY] +0 new articles saved
15:59:21  INFO     [MT] 'machine learning' → 100 entries, 181 kept so far
15:59:22  INFO     [LU] 'machine learning' → 100 entries, 198 kept so far
15:59:22  INFO     [MT] 'EU AI Act' → 100 entries, 272 kept so far
15:59:23  INFO     [MT] 'generative AI' → 100 entries, 335 kept so far
15:59:23  INFO     [LU] 'EU AI Act' → 100 entries, 246 kept so far
15:59:24  INFO     [MT] +0 new articles saved
15:59:25  INFO     [LU] 'generative AI' → 100 entries, 275 kept so far
15:59:26  INFO     [LU] +0 new articles saved
15:59:26  INFO     Scrape complete. 2257 new articles this run.
