03:22:21  INFO     Starting scrape: 27 countries, 5 queries each
/home/runner/work/EU_AI_News/EU_AI_News/eu_ai_news_scraper.py:230: DeprecationWarning: datetime.datetime.utcnow() is deprecated and scheduled for removal in a future version. Use timezone-aware objects to represent datetimes in UTC: datetime.datetime.now(datetime.UTC).
  "scraped_at":   datetime.utcnow().isoformat(),
03:22:22  INFO     [DE] 'artificial intelligence' → 100 entries, 52 kept so far
03:22:22  INFO     [PL] 'artificial intelligence' → 100 entries, 20 kept so far
03:22:22  INFO     [IT] 'artificial intelligence' → 100 entries, 43 kept so far
03:22:22  INFO     [FR] 'artificial intelligence' → 100 entries, 33 kept so far
03:22:22  INFO     [ES] 'artificial intelligence' → 100 entries, 62 kept so far
03:22:23  INFO     [DE] 'AI regulation' → 54 entries, 87 kept so far
03:22:24  INFO     [PL] 'AI regulation' → 100 entries, 83 kept so far
03:22:24  INFO     [IT] 'AI regulation' → 100 entries, 99 kept so far
03:22:24  INFO     [ES] 'AI regulation' → 73 entries, 83 kept so far
03:22:24  INFO     [FR] 'AI regulation' → 100 entries, 107 kept so far
03:22:25  INFO     [DE] 'machine learning' → 100 entries, 132 kept so far
03:22:25  INFO     [IT] 'machine learning' → 100 entries, 176 kept so far
03:22:25  INFO     [PL] 'machine learning' → 100 entries, 122 kept so far
03:22:26  INFO     [FR] 'machine learning' → 100 entries, 163 kept so far
03:22:26  INFO     [ES] 'machine learning' → 100 entries, 153 kept so far
03:22:27  INFO     [DE] 'EU AI Act' → 100 entries, 207 kept so far
03:22:27  INFO     [IT] 'EU AI Act' → 100 entries, 244 kept so far
03:22:27  INFO     [PL] 'EU AI Act' → 78 entries, 137 kept so far
03:22:27  INFO     [FR] 'EU AI Act' → 85 entries, 205 kept so far
03:22:27  INFO     [ES] 'EU AI Act' → 77 entries, 190 kept so far
03:22:28  INFO     [DE] 'generative AI' → 100 entries, 230 kept so far
03:22:29  INFO     [PL] 'generative AI' → 100 entries, 169 kept so far
03:22:29  INFO     [IT] 'generative AI' → 100 entries, 282 kept so far
03:22:29  INFO     [FR] 'generative AI' → 100 entries, 238 kept so far
03:22:29  INFO     [ES] 'generative AI' → 100 entries, 227 kept so far
03:22:29  INFO     [DE] +149 new articles saved
03:22:30  INFO     [PL] +85 new articles saved
03:22:30  INFO     [IT] +144 new articles saved
03:22:30  INFO     [NL] 'artificial intelligence' → 100 entries, 19 kept so far
03:22:30  INFO     [FR] +101 new articles saved
03:22:30  INFO     [ES] +110 new articles saved
03:22:30  INFO     [SE] 'artificial intelligence' → 100 entries, 8 kept so far
03:22:30  INFO     [BE] 'artificial intelligence' → 100 entries, 51 kept so far
03:22:30  INFO     [AT] 'artificial intelligence' → 100 entries, 53 kept so far
03:22:31  INFO     [DK] 'artificial intelligence' → 100 entries, 11 kept so far
03:22:31  INFO     [NL] 'AI regulation' → 75 entries, 61 kept so far
03:22:32  INFO     [SE] 'AI regulation' → 73 entries, 23 kept so far
03:22:32  INFO     [BE] 'AI regulation' → 100 entries, 125 kept so far
03:22:32  INFO     [AT] 'AI regulation' → 55 entries, 88 kept so far
03:22:32  INFO     [DK] 'AI regulation' → 28 entries, 14 kept so far
03:22:33  INFO     [NL] 'machine learning' → 100 entries, 120 kept so far
03:22:33  INFO     [SE] 'machine learning' → 73 entries, 47 kept so far
03:22:33  INFO     [BE] 'machine learning' → 100 entries, 180 kept so far
03:22:34  INFO     [AT] 'machine learning' → 100 entries, 136 kept so far
03:22:34  INFO     [DK] 'machine learning' → 83 entries, 37 kept so far
03:22:34  INFO     [NL] 'EU AI Act' → 100 entries, 147 kept so far
03:22:35  INFO     [SE] 'EU AI Act' → 74 entries, 53 kept so far
03:22:35  INFO     [BE] 'EU AI Act' → 88 entries, 221 kept so far
03:22:35  INFO     [AT] 'EU AI Act' → 100 entries, 213 kept so far
03:22:35  INFO     [DK] 'EU AI Act' → 76 entries, 55 kept so far
03:22:36  INFO     [NL] 'generative AI' → 100 entries, 173 kept so far
03:22:36  INFO     [SE] 'generative AI' → 72 entries, 63 kept so far
03:22:37  INFO     [BE] 'generative AI' → 100 entries, 247 kept so far
03:22:37  INFO     [AT] 'generative AI' → 100 entries, 233 kept so far
03:22:37  INFO     [DK] 'generative AI' → 100 entries, 92 kept so far
03:22:37  INFO     [NL] +69 new articles saved
03:22:37  INFO     [SE] +21 new articles saved
03:22:37  INFO     [FI] 'artificial intelligence' → 100 entries, 55 kept so far
03:22:38  INFO     [BE] +21 new articles saved
03:22:38  INFO     [AT] +32 new articles saved
03:22:38  INFO     [PT] 'artificial intelligence' → 100 entries, 65 kept so far
03:22:38  INFO     [DK] +29 new articles saved
03:22:38  INFO     [CZ] 'artificial intelligence' → 100 entries, 23 kept so far
03:22:38  INFO     [RO] 'artificial intelligence' → 100 entries, 43 kept so far
03:22:38  INFO     [HU] 'artificial intelligence' → 100 entries, 28 kept so far
03:22:39  INFO     [FI] 'AI regulation' → 42 entries, 65 kept so far
03:22:39  INFO     [PT] 'AI regulation' → 75 entries, 96 kept so far
03:22:40  INFO     [CZ] 'AI regulation' → 77 entries, 40 kept so far
03:22:40  INFO     [RO] 'AI regulation' → 22 entries, 49 kept so far
03:22:40  INFO     [HU] 'AI regulation' → 79 entries, 30 kept so far
03:22:40  INFO     [FI] 'machine learning' → 90 entries, 105 kept so far
03:22:41  INFO     [PT] 'machine learning' → 100 entries, 169 kept so far
03:22:41  INFO     [RO] 'machine learning' → 100 entries, 100 kept so far
03:22:41  INFO     [CZ] 'machine learning' → 71 entries, 57 kept so far
03:22:41  INFO     [HU] 'machine learning' → 78 entries, 54 kept so far
03:22:42  INFO     [FI] 'EU AI Act' → 66 entries, 138 kept so far
03:22:43  INFO     [PT] 'EU AI Act' → 48 entries, 176 kept so far
03:22:43  INFO     [RO] 'EU AI Act' → 78 entries, 116 kept so far
03:22:43  INFO     [CZ] 'EU AI Act' → 70 entries, 67 kept so far
03:22:43  INFO     [HU] 'EU AI Act' → 74 entries, 75 kept so far
03:22:44  INFO     [FI] 'generative AI' → 64 entries, 175 kept so far
03:22:44  INFO     [RO] 'generative AI' → 81 entries, 133 kept so far
03:22:44  INFO     [PT] 'generative AI' → 100 entries, 204 kept so far
03:22:44  INFO     [CZ] 'generative AI' → 81 entries, 83 kept so far
03:22:44  INFO     [HU] 'generative AI' → 71 entries, 98 kept so far
03:22:45  INFO     [FI] +83 new articles saved
03:22:45  INFO     [GR] 'artificial intelligence' → 100 entries, 48 kept so far
03:22:45  INFO     [RO] +60 new articles saved
03:22:45  INFO     [PT] +94 new articles saved
03:22:45  INFO     [CZ] +51 new articles saved
03:22:45  INFO     [HR] 'artificial intelligence' → 100 entries, 62 kept so far
03:22:45  INFO     [HU] +53 new articles saved
03:22:46  INFO     [SK] 'artificial intelligence' → 100 entries, 21 kept so far
03:22:46  INFO     [BG] 'artificial intelligence' → 77 entries, 34 kept so far
03:22:46  INFO     [IE] 'artificial intelligence' → 100 entries, 62 kept so far
03:22:47  INFO     [GR] 'AI regulation' → 62 entries, 97 kept so far
03:22:47  INFO     [HR] 'AI regulation' → 100 entries, 100 kept so far
03:22:47  INFO     [SK] 'AI regulation' → 15 entries, 24 kept so far
03:22:47  INFO     [BG] 'AI regulation' → 6 entries, 35 kept so far
03:22:48  INFO     [IE] 'AI regulation' → 100 entries, 109 kept so far
03:22:48  INFO     [HR] 'machine learning' → 100 entries, 177 kept so far
03:22:48  INFO     [GR] 'machine learning' → 96 entries, 134 kept so far
03:22:48  INFO     [SK] 'machine learning' → 60 entries, 39 kept so far
03:22:49  INFO     [BG] 'machine learning' → 57 entries, 45 kept so far
03:22:49  INFO     [IE] 'machine learning' → 100 entries, 187 kept so far
03:22:50  INFO     [GR] 'EU AI Act' → 61 entries, 153 kept so far
03:22:50  INFO     [HR] 'EU AI Act' → 100 entries, 249 kept so far
03:22:50  INFO     [SK] 'EU AI Act' → 70 entries, 53 kept so far
03:22:50  INFO     [BG] 'EU AI Act' → 16 entries, 49 kept so far
03:22:51  INFO     [GR] 'generative AI' → 100 entries, 198 kept so far
03:22:51  INFO     [HR] 'generative AI' → 100 entries, 311 kept so far
03:22:51  INFO     [BG] 'generative AI' → 33 entries, 55 kept so far
03:22:51  INFO     [SK] 'generative AI' → 50 entries, 61 kept so far
03:22:51  INFO     [IE] 'EU AI Act' → 100 entries, 245 kept so far
03:22:52  INFO     [GR] +121 new articles saved
03:22:52  INFO     [HR] +279 new articles saved
03:22:53  INFO     [BG] +29 new articles saved
03:22:53  INFO     [SK] +29 new articles saved
03:22:53  INFO     [LT] 'artificial intelligence' → 85 entries, 31 kept so far
03:22:53  INFO     [SI] 'artificial intelligence' → 100 entries, 46 kept so far
03:22:53  INFO     [LV] 'artificial intelligence' → 70 entries, 19 kept so far
03:22:53  INFO     [EE] 'artificial intelligence' → 100 entries, 47 kept so far
03:22:53  INFO     [IE] 'generative AI' → 100 entries, 300 kept so far
03:22:54  INFO     [LT] 'AI regulation' → 15 entries, 32 kept so far
03:22:54  INFO     [IE] +78 new articles saved
03:22:54  INFO     [SI] 'AI regulation' → 2 entries, 46 kept so far
03:22:54  INFO     [LV] 'AI regulation' → 6 entries, 19 kept so far
03:22:54  INFO     [EE] 'AI regulation' → 9 entries, 48 kept so far
03:22:55  INFO     [CY] 'artificial intelligence' → 100 entries, 48 kept so far
03:22:55  INFO     [LT] 'machine learning' → 29 entries, 34 kept so far
03:22:55  INFO     [LV] 'machine learning' → 10 entries, 21 kept so far
03:22:55  INFO     [SI] 'machine learning' → 21 entries, 48 kept so far
03:22:56  INFO     [EE] 'machine learning' → 12 entries, 50 kept so far
03:22:56  INFO     [CY] 'AI regulation' → 62 entries, 97 kept so far
03:22:57  INFO     [LV] 'EU AI Act' → 8 entries, 21 kept so far
03:22:57  INFO     [LT] 'EU AI Act' → 22 entries, 35 kept so far
03:22:57  INFO     [SI] 'EU AI Act' → 29 entries, 56 kept so far
03:22:57  INFO     [EE] 'EU AI Act' → 17 entries, 53 kept so far
03:22:58  INFO     [CY] 'machine learning' → 96 entries, 134 kept so far
03:22:58  INFO     [LV] 'generative AI' → 8 entries, 22 kept so far
03:22:58  INFO     [SI] 'generative AI' → 12 entries, 58 kept so far
03:22:58  INFO     [LT] 'generative AI' → 24 entries, 43 kept so far
03:22:58  INFO     [EE] 'generative AI' → 13 entries, 57 kept so far
03:22:59  INFO     [LV] +10 new articles saved
03:22:59  INFO     [CY] 'EU AI Act' → 61 entries, 153 kept so far
03:22:59  INFO     [SI] +20 new articles saved
03:22:59  INFO     [LT] +13 new articles saved
03:22:59  INFO     [MT] 'artificial intelligence' → 100 entries, 62 kept so far
03:22:59  INFO     [LU] 'artificial intelligence' → 100 entries, 33 kept so far
03:22:59  INFO     [EE] +21 new articles saved
03:23:00  INFO     [MT] 'AI regulation' → 100 entries, 100 kept so far
03:23:01  INFO     [CY] 'generative AI' → 100 entries, 198 kept so far
03:23:01  INFO     [LU] 'AI regulation' → 100 entries, 107 kept so far
03:23:02  INFO     [MT] 'machine learning' → 100 entries, 177 kept so far
03:23:02  INFO     [CY] +0 new articles saved
03:23:02  INFO     [LU] 'machine learning' → 100 entries, 163 kept so far
03:23:03  INFO     [MT] 'EU AI Act' → 100 entries, 249 kept so far
03:23:04  INFO     [LU] 'EU AI Act' → 85 entries, 205 kept so far
03:23:04  INFO     [MT] 'generative AI' → 100 entries, 311 kept so far
03:23:05  INFO     [MT] +0 new articles saved
03:23:05  INFO     [LU] 'generative AI' → 100 entries, 238 kept so far
03:23:06  INFO     [LU] +0 new articles saved
03:23:06  INFO     Scrape complete. 1702 new articles this run.
