20:33:08  INFO     Starting scrape: 27 countries, 5 queries each
/home/runner/work/EU_AI_News/EU_AI_News/eu_ai_news_scraper.py:230: DeprecationWarning: datetime.datetime.utcnow() is deprecated and scheduled for removal in a future version. Use timezone-aware objects to represent datetimes in UTC: datetime.datetime.now(datetime.UTC).
  "scraped_at":   datetime.utcnow().isoformat(),
20:33:08  INFO     [DE] 'artificial intelligence' → 100 entries, 42 kept so far
20:33:09  INFO     [PL] 'artificial intelligence' → 100 entries, 9 kept so far
20:33:09  INFO     [IT] 'artificial intelligence' → 102 entries, 29 kept so far
20:33:09  INFO     [ES] 'artificial intelligence' → 100 entries, 56 kept so far
20:33:09  INFO     [FR] 'artificial intelligence' → 102 entries, 61 kept so far
20:33:10  INFO     [DE] 'AI regulation' → 100 entries, 123 kept so far
20:33:10  INFO     [PL] 'AI regulation' → 78 entries, 68 kept so far
20:33:10  INFO     [IT] 'AI regulation' → 100 entries, 114 kept so far
20:33:10  INFO     [ES] 'AI regulation' → 77 entries, 93 kept so far
20:33:10  INFO     [FR] 'AI regulation' → 100 entries, 151 kept so far
20:33:12  INFO     [DE] 'machine learning' → 100 entries, 174 kept so far
20:33:12  INFO     [PL] 'machine learning' → 100 entries, 119 kept so far
20:33:12  INFO     [IT] 'machine learning' → 100 entries, 193 kept so far
20:33:12  INFO     [ES] 'machine learning' → 100 entries, 169 kept so far
20:33:13  INFO     [FR] 'machine learning' → 100 entries, 205 kept so far
20:33:13  INFO     [PL] 'EU AI Act' → 77 entries, 136 kept so far
20:33:14  INFO     [DE] 'EU AI Act' → 100 entries, 242 kept so far
20:33:14  INFO     [IT] 'EU AI Act' → 100 entries, 230 kept so far
20:33:14  INFO     [ES] 'EU AI Act' → 78 entries, 196 kept so far
20:33:15  INFO     [FR] 'EU AI Act' → 92 entries, 243 kept so far
20:33:15  INFO     [PL] 'generative AI' → 100 entries, 166 kept so far
20:33:15  INFO     [DE] 'generative AI' → 100 entries, 263 kept so far
20:33:15  INFO     [IT] 'generative AI' → 100 entries, 273 kept so far
20:33:16  INFO     [ES] 'generative AI' → 100 entries, 244 kept so far
20:33:16  INFO     [PL] +87 new articles saved
20:33:16  INFO     [FR] 'generative AI' → 100 entries, 274 kept so far
20:33:16  INFO     [DE] +177 new articles saved
20:33:16  INFO     [IT] +177 new articles saved
20:33:17  INFO     [ES] +142 new articles saved
20:33:17  INFO     [NL] 'artificial intelligence' → 100 entries, 19 kept so far
20:33:17  INFO     [BE] 'artificial intelligence' → 100 entries, 56 kept so far
20:33:17  INFO     [SE] 'artificial intelligence' → 100 entries, 13 kept so far
20:33:17  INFO     [FR] +159 new articles saved
20:33:17  INFO     [AT] 'artificial intelligence' → 100 entries, 42 kept so far
20:33:18  INFO     [DK] 'artificial intelligence' → 100 entries, 15 kept so far
20:33:18  INFO     [NL] 'AI regulation' → 76 entries, 66 kept so far
20:33:19  INFO     [BE] 'AI regulation' → 96 entries, 142 kept so far
20:33:19  INFO     [SE] 'AI regulation' → 75 entries, 23 kept so far
20:33:19  INFO     [AT] 'AI regulation' → 100 entries, 120 kept so far
20:33:20  INFO     [DK] 'AI regulation' → 51 entries, 23 kept so far
20:33:20  INFO     [NL] 'machine learning' → 100 entries, 116 kept so far
20:33:20  INFO     [BE] 'machine learning' → 100 entries, 196 kept so far
20:33:20  INFO     [SE] 'machine learning' → 81 entries, 45 kept so far
20:33:21  INFO     [AT] 'machine learning' → 100 entries, 173 kept so far
20:33:21  INFO     [DK] 'machine learning' → 79 entries, 47 kept so far
20:33:22  INFO     [NL] 'EU AI Act' → 100 entries, 148 kept so far
20:33:22  INFO     [BE] 'EU AI Act' → 94 entries, 235 kept so far
20:33:22  INFO     [SE] 'EU AI Act' → 73 entries, 54 kept so far
20:33:23  INFO     [AT] 'EU AI Act' → 100 entries, 250 kept so far
20:33:23  INFO     [DK] 'EU AI Act' → 74 entries, 59 kept so far
20:33:23  INFO     [NL] 'generative AI' → 100 entries, 180 kept so far
20:33:24  INFO     [SE] 'generative AI' → 71 entries, 65 kept so far
20:33:24  INFO     [BE] 'generative AI' → 100 entries, 259 kept so far
20:33:24  INFO     [AT] 'generative AI' → 100 entries, 273 kept so far
20:33:24  INFO     [NL] +83 new articles saved
20:33:25  INFO     [SE] +32 new articles saved
20:33:25  INFO     [BE] +27 new articles saved
20:33:25  INFO     [DK] 'generative AI' → 100 entries, 92 kept so far
20:33:25  INFO     [FI] 'artificial intelligence' → 100 entries, 58 kept so far
20:33:25  INFO     [CZ] 'artificial intelligence' → 100 entries, 15 kept so far
20:33:25  INFO     [PT] 'artificial intelligence' → 100 entries, 62 kept so far
20:33:25  INFO     [AT] +50 new articles saved
20:33:26  INFO     [DK] +41 new articles saved
20:33:26  INFO     [RO] 'artificial intelligence' → 100 entries, 44 kept so far
20:33:27  INFO     [HU] 'artificial intelligence' → 100 entries, 24 kept so far
20:33:27  INFO     [FI] 'AI regulation' → 63 entries, 72 kept so far
20:33:27  INFO     [CZ] 'AI regulation' → 75 entries, 38 kept so far
20:33:27  INFO     [PT] 'AI regulation' → 78 entries, 99 kept so far
20:33:27  INFO     [RO] 'AI regulation' → 77 entries, 54 kept so far
20:33:28  INFO     [HU] 'AI regulation' → 78 entries, 28 kept so far
20:33:28  INFO     [FI] 'machine learning' → 82 entries, 115 kept so far
20:33:28  INFO     [CZ] 'machine learning' → 75 entries, 55 kept so far
20:33:29  INFO     [PT] 'machine learning' → 100 entries, 176 kept so far
20:33:29  INFO     [RO] 'machine learning' → 100 entries, 107 kept so far
20:33:30  INFO     [HU] 'machine learning' → 66 entries, 50 kept so far
20:33:30  INFO     [FI] 'EU AI Act' → 69 entries, 157 kept so far
20:33:30  INFO     [CZ] 'EU AI Act' → 71 entries, 67 kept so far
20:33:30  INFO     [PT] 'EU AI Act' → 60 entries, 189 kept so far
20:33:31  INFO     [RO] 'EU AI Act' → 76 entries, 133 kept so far
20:33:31  INFO     [HU] 'EU AI Act' → 77 entries, 71 kept so far
20:33:31  INFO     [CZ] 'generative AI' → 72 entries, 88 kept so far
20:33:31  INFO     [FI] 'generative AI' → 63 entries, 196 kept so far
20:33:32  INFO     [RO] 'generative AI' → 96 entries, 161 kept so far
20:33:32  INFO     [PT] 'generative AI' → 100 entries, 221 kept so far
20:33:32  INFO     [CZ] +57 new articles saved
20:33:32  INFO     [FI] +106 new articles saved
20:33:33  INFO     [HU] 'generative AI' → 71 entries, 93 kept so far
20:33:33  INFO     [GR] 'artificial intelligence' → 100 entries, 37 kept so far
20:33:33  INFO     [SK] 'artificial intelligence' → 100 entries, 25 kept so far
20:33:33  INFO     [RO] +100 new articles saved
20:33:33  INFO     [PT] +143 new articles saved
20:33:34  INFO     [HU] +60 new articles saved
20:33:34  INFO     [HR] 'artificial intelligence' → 100 entries, 58 kept so far
20:33:34  INFO     [IE] 'artificial intelligence' → 102 entries, 65 kept so far
20:33:34  INFO     [BG] 'artificial intelligence' → 91 entries, 36 kept so far
20:33:35  INFO     [SK] 'AI regulation' → 26 entries, 28 kept so far
20:33:35  INFO     [GR] 'AI regulation' → 67 entries, 86 kept so far
20:33:36  INFO     [BG] 'AI regulation' → 21 entries, 38 kept so far
20:33:36  INFO     [HR] 'AI regulation' → 103 entries, 103 kept so far
20:33:36  INFO     [IE] 'AI regulation' → 100 entries, 108 kept so far
20:33:36  INFO     [GR] 'machine learning' → 100 entries, 129 kept so far
20:33:36  INFO     [SK] 'machine learning' → 58 entries, 42 kept so far
20:33:37  INFO     [BG] 'machine learning' → 58 entries, 47 kept so far
20:33:37  INFO     [HR] 'machine learning' → 100 entries, 180 kept so far
20:33:38  INFO     [IE] 'machine learning' → 100 entries, 188 kept so far
20:33:38  INFO     [GR] 'EU AI Act' → 55 entries, 143 kept so far
20:33:38  INFO     [SK] 'EU AI Act' → 65 entries, 50 kept so far
20:33:39  INFO     [BG] 'EU AI Act' → 21 entries, 49 kept so far
20:33:39  INFO     [GR] 'generative AI' → 100 entries, 184 kept so far
20:33:39  INFO     [HR] 'EU AI Act' → 100 entries, 260 kept so far
20:33:39  INFO     [SK] 'generative AI' → 48 entries, 60 kept so far
20:33:40  INFO     [IE] 'EU AI Act' → 100 entries, 257 kept so far
20:33:40  INFO     [BG] 'generative AI' → 38 entries, 56 kept so far
20:33:40  INFO     [GR] +122 new articles saved
20:33:40  INFO     [SK] +31 new articles saved
20:33:41  INFO     [LT] 'artificial intelligence' → 82 entries, 29 kept so far
20:33:41  INFO     [BG] +34 new articles saved
20:33:41  INFO     [HR] 'generative AI' → 100 entries, 327 kept so far
20:33:41  INFO     [SI] 'artificial intelligence' → 100 entries, 48 kept so far
20:33:41  INFO     [LV] 'artificial intelligence' → 62 entries, 21 kept so far
20:33:42  INFO     [IE] 'generative AI' → 100 entries, 321 kept so far
20:33:42  INFO     [HR] +302 new articles saved
20:33:42  INFO     [LT] 'AI regulation' → 8 entries, 29 kept so far
20:33:43  INFO     [SI] 'AI regulation' → 2 entries, 48 kept so far
20:33:43  INFO     [IE] +104 new articles saved
20:33:43  INFO     [EE] 'artificial intelligence' → 100 entries, 53 kept so far
20:33:43  INFO     [LV] 'AI regulation' → 6 entries, 21 kept so far
20:33:43  INFO     [CY] 'artificial intelligence' → 100 entries, 36 kept so far
20:33:44  INFO     [LT] 'machine learning' → 30 entries, 33 kept so far
20:33:44  INFO     [SI] 'machine learning' → 20 entries, 49 kept so far
20:33:44  INFO     [LV] 'machine learning' → 13 entries, 25 kept so far
20:33:44  INFO     [EE] 'AI regulation' → 3 entries, 53 kept so far
20:33:45  INFO     [CY] 'AI regulation' → 67 entries, 85 kept so far
20:33:45  INFO     [LT] 'EU AI Act' → 20 entries, 34 kept so far
20:33:45  INFO     [SI] 'EU AI Act' → 28 entries, 54 kept so far
20:33:46  INFO     [LV] 'EU AI Act' → 9 entries, 25 kept so far
20:33:46  INFO     [EE] 'machine learning' → 33 entries, 55 kept so far
20:33:46  INFO     [LT] 'generative AI' → 18 entries, 40 kept so far
20:33:46  INFO     [CY] 'machine learning' → 100 entries, 126 kept so far
20:33:47  INFO     [SI] 'generative AI' → 17 entries, 55 kept so far
20:33:47  INFO     [LV] 'generative AI' → 11 entries, 26 kept so far
20:33:47  INFO     [LT] +16 new articles saved
20:33:47  INFO     [EE] 'EU AI Act' → 8 entries, 55 kept so far
20:33:48  INFO     [SI] +23 new articles saved
20:33:48  INFO     [LU] 'artificial intelligence' → 102 entries, 61 kept so far
20:33:48  INFO     [MT] 'artificial intelligence' → 100 entries, 58 kept so far
20:33:48  INFO     [LV] +11 new articles saved
20:33:48  INFO     [CY] 'EU AI Act' → 55 entries, 140 kept so far
20:33:49  INFO     [EE] 'generative AI' → 11 entries, 57 kept so far
20:33:49  INFO     [MT] 'AI regulation' → 103 entries, 103 kept so far
20:33:50  INFO     [LU] 'AI regulation' → 100 entries, 151 kept so far
20:33:50  INFO     [CY] 'generative AI' → 100 entries, 183 kept so far
20:33:50  INFO     [EE] +28 new articles saved
20:33:51  INFO     [MT] 'machine learning' → 100 entries, 180 kept so far
20:33:51  INFO     [CY] +2 new articles saved
20:33:51  INFO     [LU] 'machine learning' → 100 entries, 205 kept so far
20:33:52  INFO     [MT] 'EU AI Act' → 100 entries, 260 kept so far
20:33:53  INFO     [LU] 'EU AI Act' → 92 entries, 243 kept so far
20:33:53  INFO     [MT] 'generative AI' → 100 entries, 327 kept so far
20:33:54  INFO     [MT] +0 new articles saved
20:33:54  INFO     [LU] 'generative AI' → 100 entries, 274 kept so far
20:33:55  INFO     [LU] +1 new articles saved
20:33:55  INFO     Scrape complete. 2115 new articles this run.
