05:24:57  INFO     Starting scrape: 27 countries, 5 queries each
/home/runner/work/EU_AI_News/EU_AI_News/eu_ai_news_scraper.py:230: DeprecationWarning: datetime.datetime.utcnow() is deprecated and scheduled for removal in a future version. Use timezone-aware objects to represent datetimes in UTC: datetime.datetime.now(datetime.UTC).
  "scraped_at":   datetime.utcnow().isoformat(),
05:24:57  INFO     [PL] 'artificial intelligence' → 100 entries, 17 kept so far
05:24:58  INFO     [DE] 'artificial intelligence' → 102 entries, 53 kept so far
05:24:58  INFO     [IT] 'artificial intelligence' → 100 entries, 38 kept so far
05:24:58  INFO     [ES] 'artificial intelligence' → 100 entries, 57 kept so far
05:24:58  INFO     [FR] 'artificial intelligence' → 102 entries, 61 kept so far
05:24:59  INFO     [PL] 'AI regulation' → 78 entries, 79 kept so far
05:24:59  INFO     [DE] 'AI regulation' → 100 entries, 133 kept so far
05:24:59  INFO     [IT] 'AI regulation' → 100 entries, 127 kept so far
05:24:59  INFO     [ES] 'AI regulation' → 77 entries, 100 kept so far
05:24:59  INFO     [FR] 'AI regulation' → 100 entries, 151 kept so far
05:25:01  INFO     [PL] 'machine learning' → 100 entries, 125 kept so far
05:25:01  INFO     [DE] 'machine learning' → 100 entries, 185 kept so far
05:25:01  INFO     [IT] 'machine learning' → 100 entries, 208 kept so far
05:25:01  INFO     [FR] 'machine learning' → 100 entries, 208 kept so far
05:25:01  INFO     [ES] 'machine learning' → 100 entries, 170 kept so far
05:25:02  INFO     [PL] 'EU AI Act' → 78 entries, 142 kept so far
05:25:02  INFO     [DE] 'EU AI Act' → 100 entries, 258 kept so far
05:25:03  INFO     [FR] 'EU AI Act' → 100 entries, 255 kept so far
05:25:03  INFO     [IT] 'EU AI Act' → 100 entries, 269 kept so far
05:25:03  INFO     [ES] 'EU AI Act' → 77 entries, 198 kept so far
05:25:04  INFO     [PL] 'generative AI' → 100 entries, 173 kept so far
05:25:04  INFO     [FR] 'generative AI' → 100 entries, 283 kept so far
05:25:04  INFO     [DE] 'generative AI' → 100 entries, 281 kept so far
05:25:04  INFO     [IT] 'generative AI' → 100 entries, 315 kept so far
05:25:04  INFO     [ES] 'generative AI' → 100 entries, 241 kept so far
05:25:05  INFO     [PL] +101 new articles saved
05:25:05  INFO     [FR] +185 new articles saved
05:25:05  INFO     [DE] +209 new articles saved
05:25:05  INFO     [IT] +220 new articles saved
05:25:05  INFO     [ES] +164 new articles saved
05:25:05  INFO     [NL] 'artificial intelligence' → 100 entries, 17 kept so far
05:25:06  INFO     [SE] 'artificial intelligence' → 100 entries, 8 kept so far
05:25:06  INFO     [BE] 'artificial intelligence' → 100 entries, 72 kept so far
05:25:06  INFO     [AT] 'artificial intelligence' → 100 entries, 50 kept so far
05:25:06  INFO     [DK] 'artificial intelligence' → 100 entries, 21 kept so far
05:25:07  INFO     [NL] 'AI regulation' → 79 entries, 65 kept so far
05:25:07  INFO     [SE] 'AI regulation' → 77 entries, 24 kept so far
05:25:07  INFO     [BE] 'AI regulation' → 100 entries, 161 kept so far
05:25:07  INFO     [AT] 'AI regulation' → 100 entries, 128 kept so far
05:25:08  INFO     [DK] 'AI regulation' → 45 entries, 27 kept so far
05:25:09  INFO     [NL] 'machine learning' → 100 entries, 109 kept so far
05:25:09  INFO     [SE] 'machine learning' → 87 entries, 45 kept so far
05:25:09  INFO     [BE] 'machine learning' → 100 entries, 219 kept so far
05:25:09  INFO     [AT] 'machine learning' → 100 entries, 183 kept so far
05:25:09  INFO     [DK] 'machine learning' → 79 entries, 46 kept so far
05:25:10  INFO     [NL] 'EU AI Act' → 100 entries, 142 kept so far
05:25:10  INFO     [SE] 'EU AI Act' → 67 entries, 54 kept so far
05:25:11  INFO     [BE] 'EU AI Act' → 100 entries, 265 kept so far
05:25:11  INFO     [AT] 'EU AI Act' → 100 entries, 258 kept so far
05:25:11  INFO     [DK] 'EU AI Act' → 75 entries, 61 kept so far
05:25:12  INFO     [SE] 'generative AI' → 78 entries, 68 kept so far
05:25:12  INFO     [NL] 'generative AI' → 100 entries, 174 kept so far
05:25:12  INFO     [BE] 'generative AI' → 100 entries, 294 kept so far
05:25:12  INFO     [AT] 'generative AI' → 100 entries, 284 kept so far
05:25:12  INFO     [DK] 'generative AI' → 90 entries, 89 kept so far
05:25:13  INFO     [SE] +40 new articles saved
05:25:13  INFO     [NL] +96 new articles saved
05:25:13  INFO     [BE] +33 new articles saved
05:25:13  INFO     [AT] +40 new articles saved
05:25:13  INFO     [FI] 'artificial intelligence' → 100 entries, 59 kept so far
05:25:13  INFO     [DK] +48 new articles saved
05:25:14  INFO     [PT] 'artificial intelligence' → 100 entries, 55 kept so far
05:25:14  INFO     [CZ] 'artificial intelligence' → 100 entries, 16 kept so far
05:25:14  INFO     [RO] 'artificial intelligence' → 100 entries, 41 kept so far
05:25:14  INFO     [HU] 'artificial intelligence' → 100 entries, 18 kept so far
05:25:15  INFO     [FI] 'AI regulation' → 61 entries, 74 kept so far
05:25:15  INFO     [PT] 'AI regulation' → 77 entries, 90 kept so far
05:25:15  INFO     [CZ] 'AI regulation' → 77 entries, 38 kept so far
05:25:15  INFO     [RO] 'AI regulation' → 77 entries, 51 kept so far
05:25:16  INFO     [HU] 'AI regulation' → 78 entries, 21 kept so far
05:25:17  INFO     [FI] 'machine learning' → 98 entries, 119 kept so far
05:25:17  INFO     [RO] 'machine learning' → 100 entries, 112 kept so far
05:25:17  INFO     [CZ] 'machine learning' → 78 entries, 59 kept so far
05:25:17  INFO     [PT] 'machine learning' → 100 entries, 163 kept so far
05:25:17  INFO     [HU] 'machine learning' → 74 entries, 42 kept so far
05:25:18  INFO     [FI] 'EU AI Act' → 63 entries, 155 kept so far
05:25:18  INFO     [RO] 'EU AI Act' → 78 entries, 136 kept so far
05:25:19  INFO     [CZ] 'EU AI Act' → 75 entries, 77 kept so far
05:25:19  INFO     [HU] 'EU AI Act' → 79 entries, 66 kept so far
05:25:19  INFO     [PT] 'EU AI Act' → 77 entries, 179 kept so far
05:25:20  INFO     [FI] 'generative AI' → 73 entries, 199 kept so far
05:25:20  INFO     [RO] 'generative AI' → 99 entries, 160 kept so far
05:25:20  INFO     [CZ] 'generative AI' → 76 entries, 98 kept so far
05:25:20  INFO     [HU] 'generative AI' → 70 entries, 89 kept so far
05:25:20  INFO     [PT] 'generative AI' → 100 entries, 215 kept so far
05:25:21  INFO     [FI] +120 new articles saved
05:25:21  INFO     [RO] +102 new articles saved
05:25:21  INFO     [CZ] +68 new articles saved
05:25:21  INFO     [HU] +52 new articles saved
05:25:21  INFO     [GR] 'artificial intelligence' → 100 entries, 42 kept so far
05:25:21  INFO     [PT] +147 new articles saved
05:25:22  INFO     [SK] 'artificial intelligence' → 100 entries, 23 kept so far
05:25:22  INFO     [IE] 'artificial intelligence' → 100 entries, 69 kept so far
05:25:22  INFO     [HR] 'artificial intelligence' → 99 entries, 70 kept so far
05:25:22  INFO     [BG] 'artificial intelligence' → 97 entries, 41 kept so far
05:25:23  INFO     [GR] 'AI regulation' → 72 entries, 92 kept so far
05:25:23  INFO     [SK] 'AI regulation' → 50 entries, 29 kept so far
05:25:23  INFO     [BG] 'AI regulation' → 11 entries, 41 kept so far
05:25:23  INFO     [HR] 'AI regulation' → 100 entries, 113 kept so far
05:25:24  INFO     [IE] 'AI regulation' → 100 entries, 113 kept so far
05:25:24  INFO     [GR] 'machine learning' → 100 entries, 131 kept so far
05:25:24  INFO     [SK] 'machine learning' → 58 entries, 42 kept so far
05:25:25  INFO     [BG] 'machine learning' → 56 entries, 49 kept so far
05:25:25  INFO     [HR] 'machine learning' → 100 entries, 168 kept so far
05:25:25  INFO     [IE] 'machine learning' → 100 entries, 177 kept so far
05:25:26  INFO     [SK] 'EU AI Act' → 61 entries, 53 kept so far
05:25:26  INFO     [GR] 'EU AI Act' → 64 entries, 149 kept so far
05:25:26  INFO     [BG] 'EU AI Act' → 17 entries, 54 kept so far
05:25:27  INFO     [HR] 'EU AI Act' → 100 entries, 256 kept so far
05:25:27  INFO     [IE] 'EU AI Act' → 100 entries, 258 kept so far
05:25:27  INFO     [SK] 'generative AI' → 47 entries, 64 kept so far
05:25:28  INFO     [BG] 'generative AI' → 38 entries, 60 kept so far
05:25:28  INFO     [GR] 'generative AI' → 100 entries, 197 kept so far
05:25:28  INFO     [SK] +38 new articles saved
05:25:29  INFO     [HR] 'generative AI' → 100 entries, 316 kept so far
05:25:29  INFO     [BG] +38 new articles saved
05:25:29  INFO     [GR] +138 new articles saved
05:25:29  INFO     [IE] 'generative AI' → 100 entries, 317 kept so far
05:25:29  INFO     [LT] 'artificial intelligence' → 89 entries, 28 kept so far
05:25:29  INFO     [SI] 'artificial intelligence' → 100 entries, 44 kept so far
05:25:29  INFO     [LV] 'artificial intelligence' → 64 entries, 24 kept so far
05:25:30  INFO     [HR] +306 new articles saved
05:25:30  INFO     [IE] +107 new articles saved
05:25:30  INFO     [EE] 'artificial intelligence' → 91 entries, 40 kept so far
05:25:30  INFO     [CY] 'artificial intelligence' → 100 entries, 42 kept so far
05:25:30  INFO     [LT] 'AI regulation' → 11 entries, 28 kept so far
05:25:30  INFO     [SI] 'AI regulation' → 6 entries, 44 kept so far
05:25:30  INFO     [LV] 'AI regulation' → 4 entries, 24 kept so far
05:25:32  INFO     [LT] 'machine learning' → 36 entries, 33 kept so far
05:25:32  INFO     [EE] 'AI regulation' → 7 entries, 40 kept so far
05:25:32  INFO     [CY] 'AI regulation' → 72 entries, 92 kept so far
05:25:32  INFO     [LV] 'machine learning' → 16 entries, 27 kept so far
05:25:32  INFO     [SI] 'machine learning' → 22 entries, 46 kept so far
05:25:33  INFO     [LT] 'EU AI Act' → 21 entries, 34 kept so far
05:25:33  INFO     [LV] 'EU AI Act' → 8 entries, 27 kept so far
05:25:33  INFO     [EE] 'machine learning' → 16 entries, 41 kept so far
05:25:33  INFO     [SI] 'EU AI Act' → 25 entries, 51 kept so far
05:25:33  INFO     [CY] 'machine learning' → 100 entries, 132 kept so far
05:25:34  INFO     [LT] 'generative AI' → 17 entries, 40 kept so far
05:25:34  INFO     [LV] 'generative AI' → 9 entries, 28 kept so far
05:25:34  INFO     [SI] 'generative AI' → 13 entries, 52 kept so far
05:25:35  INFO     [EE] 'EU AI Act' → 14 entries, 43 kept so far
05:25:35  INFO     [CY] 'EU AI Act' → 64 entries, 150 kept so far
05:25:35  INFO     [LT] +18 new articles saved
05:25:35  INFO     [LV] +15 new articles saved
05:25:35  INFO     [SI] +24 new articles saved
05:25:36  INFO     [MT] 'artificial intelligence' → 99 entries, 70 kept so far
05:25:36  INFO     [LU] 'artificial intelligence' → 102 entries, 61 kept so far
05:25:36  INFO     [EE] 'generative AI' → 12 entries, 44 kept so far
05:25:36  INFO     [CY] 'generative AI' → 100 entries, 198 kept so far
05:25:37  INFO     [MT] 'AI regulation' → 100 entries, 113 kept so far
05:25:37  INFO     [EE] +25 new articles saved
05:25:37  INFO     [CY] +0 new articles saved
05:25:38  INFO     [LU] 'AI regulation' → 100 entries, 151 kept so far
05:25:38  INFO     [MT] 'machine learning' → 100 entries, 168 kept so far
05:25:39  INFO     [LU] 'machine learning' → 100 entries, 208 kept so far
05:25:39  INFO     [MT] 'EU AI Act' → 100 entries, 256 kept so far
05:25:41  INFO     [MT] 'generative AI' → 100 entries, 316 kept so far
05:25:41  INFO     [LU] 'EU AI Act' → 100 entries, 256 kept so far
05:25:42  INFO     [MT] +0 new articles saved
05:25:42  INFO     [LU] 'generative AI' → 100 entries, 284 kept so far
05:25:43  INFO     [LU] +1 new articles saved
05:25:43  INFO     Scrape complete. 2335 new articles this run.
