10:52:44  INFO     Starting scrape: 27 countries, 5 queries each
/home/runner/work/EU_AI_News/EU_AI_News/eu_ai_news_scraper.py:230: DeprecationWarning: datetime.datetime.utcnow() is deprecated and scheduled for removal in a future version. Use timezone-aware objects to represent datetimes in UTC: datetime.datetime.now(datetime.UTC).
  "scraped_at":   datetime.utcnow().isoformat(),
10:52:44  INFO     [DE] 'artificial intelligence' → 100 entries, 38 kept so far
10:52:44  INFO     [FR] 'artificial intelligence' → 100 entries, 54 kept so far
10:52:44  INFO     [IT] 'artificial intelligence' → 100 entries, 19 kept so far
10:52:44  INFO     [ES] 'artificial intelligence' → 100 entries, 59 kept so far
10:52:44  INFO     [PL] 'artificial intelligence' → 100 entries, 11 kept so far
10:52:46  INFO     [DE] 'AI regulation' → 93 entries, 110 kept so far
10:52:46  INFO     [FR] 'AI regulation' → 81 entries, 128 kept so far
10:52:46  INFO     [IT] 'AI regulation' → 100 entries, 105 kept so far
10:52:46  INFO     [PL] 'AI regulation' → 77 entries, 70 kept so far
10:52:46  INFO     [ES] 'AI regulation' → 77 entries, 96 kept so far
10:52:47  INFO     [DE] 'machine learning' → 100 entries, 156 kept so far
10:52:47  INFO     [FR] 'machine learning' → 100 entries, 177 kept so far
10:52:47  INFO     [IT] 'machine learning' → 100 entries, 183 kept so far
10:52:48  INFO     [PL] 'machine learning' → 100 entries, 117 kept so far
10:52:48  INFO     [ES] 'machine learning' → 100 entries, 169 kept so far
10:52:49  INFO     [DE] 'EU AI Act' → 100 entries, 228 kept so far
10:52:49  INFO     [FR] 'EU AI Act' → 76 entries, 213 kept so far
10:52:49  INFO     [IT] 'EU AI Act' → 100 entries, 222 kept so far
10:52:49  INFO     [PL] 'EU AI Act' → 76 entries, 133 kept so far
10:52:49  INFO     [ES] 'EU AI Act' → 79 entries, 195 kept so far
10:52:50  INFO     [DE] 'generative AI' → 100 entries, 250 kept so far
10:52:51  INFO     [FR] 'generative AI' → 100 entries, 241 kept so far
10:52:51  INFO     [PL] 'generative AI' → 100 entries, 163 kept so far
10:52:51  INFO     [IT] 'generative AI' → 100 entries, 265 kept so far
10:52:51  INFO     [ES] 'generative AI' → 100 entries, 240 kept so far
10:52:51  INFO     [DE] +174 new articles saved
10:52:52  INFO     [FR] +146 new articles saved
10:52:52  INFO     [PL] +90 new articles saved
10:52:52  INFO     [IT] +171 new articles saved
10:52:52  INFO     [NL] 'artificial intelligence' → 100 entries, 11 kept so far
10:52:52  INFO     [ES] +134 new articles saved
10:52:52  INFO     [BE] 'artificial intelligence' → 100 entries, 52 kept so far
10:52:52  INFO     [SE] 'artificial intelligence' → 100 entries, 12 kept so far
10:52:52  INFO     [AT] 'artificial intelligence' → 100 entries, 37 kept so far
10:52:53  INFO     [DK] 'artificial intelligence' → 100 entries, 13 kept so far
10:52:54  INFO     [NL] 'AI regulation' → 75 entries, 54 kept so far
10:52:54  INFO     [SE] 'AI regulation' → 75 entries, 20 kept so far
10:52:54  INFO     [BE] 'AI regulation' → 82 entries, 127 kept so far
10:52:54  INFO     [AT] 'AI regulation' → 99 entries, 110 kept so far
10:52:54  INFO     [DK] 'AI regulation' → 36 entries, 19 kept so far
10:52:55  INFO     [NL] 'machine learning' → 100 entries, 102 kept so far
10:52:55  INFO     [SE] 'machine learning' → 82 entries, 43 kept so far
10:52:56  INFO     [BE] 'machine learning' → 100 entries, 177 kept so far
10:52:56  INFO     [DK] 'machine learning' → 84 entries, 44 kept so far
10:52:56  INFO     [AT] 'machine learning' → 100 entries, 158 kept so far
10:52:57  INFO     [SE] 'EU AI Act' → 72 entries, 52 kept so far
10:52:57  INFO     [NL] 'EU AI Act' → 100 entries, 133 kept so far
10:52:57  INFO     [BE] 'EU AI Act' → 78 entries, 214 kept so far
10:52:57  INFO     [DK] 'EU AI Act' → 72 entries, 59 kept so far
10:52:58  INFO     [AT] 'EU AI Act' → 100 entries, 238 kept so far
10:52:58  INFO     [SE] 'generative AI' → 70 entries, 63 kept so far
10:52:58  INFO     [NL] 'generative AI' → 100 entries, 166 kept so far
10:52:59  INFO     [DK] 'generative AI' → 89 entries, 89 kept so far
10:52:59  INFO     [BE] 'generative AI' → 100 entries, 238 kept so far
10:52:59  INFO     [AT] 'generative AI' → 100 entries, 261 kept so far
10:53:00  INFO     [SE] +32 new articles saved
10:53:00  INFO     [NL] +85 new articles saved
10:53:00  INFO     [DK] +40 new articles saved
10:53:00  INFO     [BE] +27 new articles saved
10:53:00  INFO     [PT] 'artificial intelligence' → 100 entries, 63 kept so far
10:53:00  INFO     [FI] 'artificial intelligence' → 100 entries, 51 kept so far
10:53:00  INFO     [CZ] 'artificial intelligence' → 100 entries, 16 kept so far
10:53:00  INFO     [AT] +58 new articles saved
10:53:01  INFO     [RO] 'artificial intelligence' → 100 entries, 42 kept so far
10:53:01  INFO     [HU] 'artificial intelligence' → 100 entries, 25 kept so far
10:53:02  INFO     [FI] 'AI regulation' → 64 entries, 64 kept so far
10:53:02  INFO     [PT] 'AI regulation' → 76 entries, 96 kept so far
10:53:02  INFO     [CZ] 'AI regulation' → 75 entries, 36 kept so far
10:53:02  INFO     [RO] 'AI regulation' → 76 entries, 51 kept so far
10:53:02  INFO     [HU] 'AI regulation' → 77 entries, 28 kept so far
10:53:03  INFO     [FI] 'machine learning' → 87 entries, 109 kept so far
10:53:03  INFO     [CZ] 'machine learning' → 70 entries, 54 kept so far
10:53:03  INFO     [PT] 'machine learning' → 100 entries, 171 kept so far
10:53:04  INFO     [RO] 'machine learning' → 98 entries, 103 kept so far
10:53:04  INFO     [HU] 'machine learning' → 75 entries, 51 kept so far
10:53:05  INFO     [CZ] 'EU AI Act' → 70 entries, 66 kept so far
10:53:05  INFO     [FI] 'EU AI Act' → 75 entries, 151 kept so far
10:53:05  INFO     [PT] 'EU AI Act' → 61 entries, 183 kept so far
10:53:06  INFO     [RO] 'EU AI Act' → 73 entries, 124 kept so far
10:53:06  INFO     [HU] 'EU AI Act' → 75 entries, 73 kept so far
10:53:06  INFO     [CZ] 'generative AI' → 73 entries, 83 kept so far
10:53:06  INFO     [FI] 'generative AI' → 62 entries, 191 kept so far
10:53:07  INFO     [PT] 'generative AI' → 100 entries, 212 kept so far
10:53:07  INFO     [RO] 'generative AI' → 93 entries, 147 kept so far
10:53:07  INFO     [HU] 'generative AI' → 68 entries, 92 kept so far
10:53:07  INFO     [CZ] +55 new articles saved
10:53:07  INFO     [FI] +102 new articles saved
10:53:08  INFO     [PT] +139 new articles saved
10:53:08  INFO     [GR] 'artificial intelligence' → 100 entries, 42 kept so far
10:53:08  INFO     [SK] 'artificial intelligence' → 100 entries, 24 kept so far
10:53:08  INFO     [RO] +92 new articles saved
10:53:08  INFO     [HU] +61 new articles saved
10:53:08  INFO     [IE] 'artificial intelligence' → 100 entries, 67 kept so far
10:53:09  INFO     [HR] 'artificial intelligence' → 102 entries, 59 kept so far
10:53:09  INFO     [BG] 'artificial intelligence' → 88 entries, 36 kept so far
10:53:09  INFO     [GR] 'AI regulation' → 67 entries, 88 kept so far
10:53:10  INFO     [SK] 'AI regulation' → 24 entries, 27 kept so far
10:53:10  INFO     [BG] 'AI regulation' → 21 entries, 38 kept so far
10:53:10  INFO     [IE] 'AI regulation' → 100 entries, 114 kept so far
10:53:10  INFO     [HR] 'AI regulation' → 98 entries, 104 kept so far
10:53:11  INFO     [SK] 'machine learning' → 56 entries, 43 kept so far
10:53:11  INFO     [GR] 'machine learning' → 100 entries, 131 kept so far
10:53:12  INFO     [BG] 'machine learning' → 59 entries, 46 kept so far
10:53:12  INFO     [HR] 'machine learning' → 100 entries, 171 kept so far
10:53:12  INFO     [IE] 'machine learning' → 100 entries, 183 kept so far
10:53:12  INFO     [SK] 'EU AI Act' → 70 entries, 49 kept so far
10:53:13  INFO     [GR] 'EU AI Act' → 58 entries, 149 kept so far
10:53:13  INFO     [BG] 'EU AI Act' → 18 entries, 49 kept so far
10:53:13  INFO     [HR] 'EU AI Act' → 100 entries, 251 kept so far
10:53:14  INFO     [IE] 'EU AI Act' → 100 entries, 253 kept so far
10:53:14  INFO     [SK] 'generative AI' → 42 entries, 59 kept so far
10:53:14  INFO     [GR] 'generative AI' → 100 entries, 189 kept so far
10:53:14  INFO     [BG] 'generative AI' → 36 entries, 57 kept so far
10:53:15  INFO     [HR] 'generative AI' → 100 entries, 315 kept so far
10:53:15  INFO     [SK] +30 new articles saved
10:53:15  INFO     [GR] +125 new articles saved
10:53:15  INFO     [IE] 'generative AI' → 100 entries, 314 kept so far
10:53:15  INFO     [LT] 'artificial intelligence' → 76 entries, 25 kept so far
10:53:15  INFO     [BG] +36 new articles saved
10:53:16  INFO     [SI] 'artificial intelligence' → 100 entries, 50 kept so far
10:53:16  INFO     [HR] +286 new articles saved
10:53:16  INFO     [LV] 'artificial intelligence' → 69 entries, 19 kept so far
10:53:16  INFO     [EE] 'artificial intelligence' → 98 entries, 52 kept so far
10:53:16  INFO     [IE] +118 new articles saved
10:53:17  INFO     [LT] 'AI regulation' → 8 entries, 25 kept so far
10:53:17  INFO     [CY] 'artificial intelligence' → 100 entries, 42 kept so far
10:53:17  INFO     [SI] 'AI regulation' → 2 entries, 50 kept so far
10:53:17  INFO     [LV] 'AI regulation' → 6 entries, 19 kept so far
10:53:18  INFO     [EE] 'AI regulation' → 7 entries, 53 kept so far
10:53:18  INFO     [CY] 'AI regulation' → 67 entries, 88 kept so far
10:53:18  INFO     [LT] 'machine learning' → 30 entries, 29 kept so far
10:53:19  INFO     [LV] 'machine learning' → 13 entries, 22 kept so far
10:53:19  INFO     [SI] 'machine learning' → 19 entries, 51 kept so far
10:53:19  INFO     [EE] 'machine learning' → 13 entries, 54 kept so far
10:53:20  INFO     [LT] 'EU AI Act' → 18 entries, 29 kept so far
10:53:20  INFO     [LV] 'EU AI Act' → 8 entries, 22 kept so far
10:53:20  INFO     [CY] 'machine learning' → 100 entries, 131 kept so far
10:53:20  INFO     [SI] 'EU AI Act' → 27 entries, 55 kept so far
10:53:20  INFO     [EE] 'EU AI Act' → 9 entries, 55 kept so far
10:53:21  INFO     [LT] 'generative AI' → 17 entries, 34 kept so far
10:53:21  INFO     [LV] 'generative AI' → 10 entries, 23 kept so far
10:53:21  INFO     [SI] 'generative AI' → 16 entries, 56 kept so far
10:53:21  INFO     [CY] 'EU AI Act' → 59 entries, 149 kept so far
10:53:22  INFO     [EE] 'generative AI' → 10 entries, 57 kept so far
10:53:22  INFO     [LT] +12 new articles saved
10:53:22  INFO     [LV] +10 new articles saved
10:53:22  INFO     [MT] 'artificial intelligence' → 102 entries, 59 kept so far
10:53:22  INFO     [SI] +23 new articles saved
10:53:23  INFO     [LU] 'artificial intelligence' → 100 entries, 54 kept so far
10:53:23  INFO     [EE] +29 new articles saved
10:53:23  INFO     [CY] 'generative AI' → 100 entries, 189 kept so far
10:53:23  INFO     [MT] 'AI regulation' → 98 entries, 104 kept so far
10:53:24  INFO     [LU] 'AI regulation' → 81 entries, 128 kept so far
10:53:24  INFO     [CY] +0 new articles saved
10:53:25  INFO     [MT] 'machine learning' → 100 entries, 171 kept so far
10:53:26  INFO     [LU] 'machine learning' → 100 entries, 177 kept so far
10:53:26  INFO     [MT] 'EU AI Act' → 100 entries, 251 kept so far
10:53:27  INFO     [MT] 'generative AI' → 100 entries, 315 kept so far
10:53:27  INFO     [LU] 'EU AI Act' → 76 entries, 213 kept so far
10:53:28  INFO     [MT] +0 new articles saved
10:53:29  INFO     [LU] 'generative AI' → 100 entries, 241 kept so far
10:53:30  INFO     [LU] +2 new articles saved
10:53:30  INFO     Scrape complete. 2077 new articles this run.
