13:14:43  INFO     Starting scrape: 27 countries, 5 queries each
/home/runner/work/EU_AI_News/EU_AI_News/eu_ai_news_scraper.py:230: DeprecationWarning: datetime.datetime.utcnow() is deprecated and scheduled for removal in a future version. Use timezone-aware objects to represent datetimes in UTC: datetime.datetime.now(datetime.UTC).
  "scraped_at":   datetime.utcnow().isoformat(),
13:14:43  INFO     [IT] 'artificial intelligence' → 100 entries, 41 kept so far
13:14:43  INFO     [FR] 'artificial intelligence' → 100 entries, 54 kept so far
13:14:44  INFO     [DE] 'artificial intelligence' → 100 entries, 49 kept so far
13:14:44  INFO     [ES] 'artificial intelligence' → 100 entries, 59 kept so far
13:14:44  INFO     [PL] 'artificial intelligence' → 100 entries, 12 kept so far
13:14:45  INFO     [FR] 'AI regulation' → 100 entries, 138 kept so far
13:14:45  INFO     [DE] 'AI regulation' → 83 entries, 113 kept so far
13:14:45  INFO     [IT] 'AI regulation' → 100 entries, 132 kept so far
13:14:45  INFO     [ES] 'AI regulation' → 80 entries, 114 kept so far
13:14:45  INFO     [PL] 'AI regulation' → 100 entries, 90 kept so far
13:14:47  INFO     [DE] 'machine learning' → 100 entries, 161 kept so far
13:14:47  INFO     [IT] 'machine learning' → 100 entries, 200 kept so far
13:14:47  INFO     [FR] 'machine learning' → 100 entries, 191 kept so far
13:14:47  INFO     [ES] 'machine learning' → 100 entries, 188 kept so far
13:14:47  INFO     [PL] 'machine learning' → 100 entries, 131 kept so far
13:14:49  INFO     [DE] 'EU AI Act' → 100 entries, 228 kept so far
13:14:49  INFO     [IT] 'EU AI Act' → 100 entries, 285 kept so far
13:14:49  INFO     [FR] 'EU AI Act' → 90 entries, 250 kept so far
13:14:49  INFO     [PL] 'EU AI Act' → 77 entries, 156 kept so far
13:14:49  INFO     [ES] 'EU AI Act' → 79 entries, 215 kept so far
13:14:50  INFO     [DE] 'generative AI' → 100 entries, 252 kept so far
13:14:50  INFO     [IT] 'generative AI' → 100 entries, 322 kept so far
13:14:51  INFO     [FR] 'generative AI' → 100 entries, 275 kept so far
13:14:51  INFO     [PL] 'generative AI' → 100 entries, 193 kept so far
13:14:51  INFO     [ES] 'generative AI' → 100 entries, 258 kept so far
13:14:51  INFO     [DE] +178 new articles saved
13:14:51  INFO     [IT] +196 new articles saved
13:14:52  INFO     [FR] +159 new articles saved
13:14:52  INFO     [PL] +124 new articles saved
13:14:52  INFO     [ES] +138 new articles saved
13:14:52  INFO     [NL] 'artificial intelligence' → 100 entries, 14 kept so far
13:14:52  INFO     [BE] 'artificial intelligence' → 100 entries, 56 kept so far
13:14:52  INFO     [SE] 'artificial intelligence' → 100 entries, 16 kept so far
13:14:52  INFO     [AT] 'artificial intelligence' → 100 entries, 52 kept so far
13:14:53  INFO     [DK] 'artificial intelligence' → 100 entries, 18 kept so far
13:14:54  INFO     [NL] 'AI regulation' → 78 entries, 66 kept so far
13:14:54  INFO     [SE] 'AI regulation' → 79 entries, 30 kept so far
13:14:54  INFO     [BE] 'AI regulation' → 100 entries, 139 kept so far
13:14:54  INFO     [AT] 'AI regulation' → 88 entries, 119 kept so far
13:14:54  INFO     [DK] 'AI regulation' → 47 entries, 32 kept so far
13:14:55  INFO     [NL] 'machine learning' → 100 entries, 125 kept so far
13:14:55  INFO     [SE] 'machine learning' → 73 entries, 52 kept so far
13:14:56  INFO     [BE] 'machine learning' → 100 entries, 194 kept so far
13:14:56  INFO     [AT] 'machine learning' → 100 entries, 168 kept so far
13:14:56  INFO     [DK] 'machine learning' → 80 entries, 55 kept so far
13:14:57  INFO     [NL] 'EU AI Act' → 100 entries, 148 kept so far
13:14:57  INFO     [SE] 'EU AI Act' → 58 entries, 55 kept so far
13:14:57  INFO     [BE] 'EU AI Act' → 95 entries, 253 kept so far
13:14:57  INFO     [AT] 'EU AI Act' → 100 entries, 247 kept so far
13:14:58  INFO     [DK] 'EU AI Act' → 77 entries, 72 kept so far
13:14:59  INFO     [NL] 'generative AI' → 100 entries, 175 kept so far
13:14:59  INFO     [SE] 'generative AI' → 74 entries, 63 kept so far
13:14:59  INFO     [BE] 'generative AI' → 100 entries, 280 kept so far
13:14:59  INFO     [AT] 'generative AI' → 100 entries, 271 kept so far
13:14:59  INFO     [DK] 'generative AI' → 100 entries, 105 kept so far
13:15:00  INFO     [NL] +80 new articles saved
13:15:00  INFO     [SE] +24 new articles saved
13:15:00  INFO     [BE] +31 new articles saved
13:15:00  INFO     [AT] +43 new articles saved
13:15:00  INFO     [FI] 'artificial intelligence' → 100 entries, 71 kept so far
13:15:00  INFO     [PT] 'artificial intelligence' → 100 entries, 66 kept so far
13:15:00  INFO     [DK] +39 new articles saved
13:15:01  INFO     [CZ] 'artificial intelligence' → 100 entries, 19 kept so far
13:15:01  INFO     [RO] 'artificial intelligence' → 100 entries, 42 kept so far
13:15:01  INFO     [HU] 'artificial intelligence' → 100 entries, 15 kept so far
13:15:02  INFO     [FI] 'AI regulation' → 60 entries, 87 kept so far
13:15:02  INFO     [CZ] 'AI regulation' → 78 entries, 53 kept so far
13:15:02  INFO     [RO] 'AI regulation' → 78 entries, 51 kept so far
13:15:02  INFO     [PT] 'AI regulation' → 95 entries, 130 kept so far
13:15:03  INFO     [HU] 'AI regulation' → 79 entries, 19 kept so far
13:15:04  INFO     [FI] 'machine learning' → 83 entries, 121 kept so far
13:15:04  INFO     [CZ] 'machine learning' → 77 entries, 74 kept so far
13:15:04  INFO     [RO] 'machine learning' → 100 entries, 106 kept so far
13:15:04  INFO     [PT] 'machine learning' → 100 entries, 209 kept so far
13:15:04  INFO     [HU] 'machine learning' → 67 entries, 46 kept so far
13:15:05  INFO     [CZ] 'EU AI Act' → 77 entries, 86 kept so far
13:15:05  INFO     [FI] 'EU AI Act' → 66 entries, 153 kept so far
13:15:06  INFO     [RO] 'EU AI Act' → 79 entries, 135 kept so far
13:15:06  INFO     [PT] 'EU AI Act' → 58 entries, 220 kept so far
13:15:06  INFO     [HU] 'EU AI Act' → 77 entries, 69 kept so far
13:15:07  INFO     [CZ] 'generative AI' → 88 entries, 106 kept so far
13:15:07  INFO     [FI] 'generative AI' → 57 entries, 186 kept so far
13:15:07  INFO     [RO] 'generative AI' → 89 entries, 161 kept so far
13:15:08  INFO     [PT] 'generative AI' → 100 entries, 252 kept so far
13:15:08  INFO     [HU] 'generative AI' → 76 entries, 93 kept so far
13:15:08  INFO     [CZ] +70 new articles saved
13:15:08  INFO     [FI] +92 new articles saved
13:15:08  INFO     [RO] +95 new articles saved
13:15:09  INFO     [GR] 'artificial intelligence' → 100 entries, 48 kept so far
13:15:09  INFO     [PT] +159 new articles saved
13:15:09  INFO     [HU] +48 new articles saved
13:15:09  INFO     [SK] 'artificial intelligence' → 100 entries, 25 kept so far
13:15:09  INFO     [HR] 'artificial intelligence' → 100 entries, 60 kept so far
13:15:09  INFO     [IE] 'artificial intelligence' → 100 entries, 61 kept so far
13:15:10  INFO     [BG] 'artificial intelligence' → 95 entries, 44 kept so far
13:15:10  INFO     [GR] 'AI regulation' → 63 entries, 105 kept so far
13:15:10  INFO     [SK] 'AI regulation' → 20 entries, 28 kept so far
13:15:11  INFO     [HR] 'AI regulation' → 100 entries, 102 kept so far
13:15:11  INFO     [BG] 'AI regulation' → 23 entries, 47 kept so far
13:15:11  INFO     [IE] 'AI regulation' → 100 entries, 108 kept so far
13:15:12  INFO     [GR] 'machine learning' → 93 entries, 140 kept so far
13:15:12  INFO     [SK] 'machine learning' → 59 entries, 43 kept so far
13:15:13  INFO     [BG] 'machine learning' → 56 entries, 53 kept so far
13:15:13  INFO     [HR] 'machine learning' → 100 entries, 170 kept so far
13:15:13  INFO     [IE] 'machine learning' → 100 entries, 165 kept so far
13:15:13  INFO     [GR] 'EU AI Act' → 64 entries, 160 kept so far
13:15:13  INFO     [SK] 'EU AI Act' → 57 entries, 56 kept so far
13:15:14  INFO     [BG] 'EU AI Act' → 20 entries, 58 kept so far
13:15:15  INFO     [HR] 'EU AI Act' → 100 entries, 250 kept so far
13:15:15  INFO     [IE] 'EU AI Act' → 100 entries, 237 kept so far
13:15:15  INFO     [SK] 'generative AI' → 45 entries, 65 kept so far
13:15:15  INFO     [GR] 'generative AI' → 100 entries, 205 kept so far
13:15:15  INFO     [BG] 'generative AI' → 26 entries, 61 kept so far
13:15:16  INFO     [SK] +30 new articles saved
13:15:16  INFO     [GR] +126 new articles saved
13:15:16  INFO     [HR] 'generative AI' → 100 entries, 305 kept so far
13:15:16  INFO     [BG] +36 new articles saved
13:15:17  INFO     [LT] 'artificial intelligence' → 82 entries, 31 kept so far
13:15:17  INFO     [IE] 'generative AI' → 100 entries, 284 kept so far
13:15:17  INFO     [SI] 'artificial intelligence' → 100 entries, 48 kept so far
13:15:17  INFO     [LV] 'artificial intelligence' → 66 entries, 25 kept so far
13:15:17  INFO     [HR] +281 new articles saved
13:15:18  INFO     [IE] +73 new articles saved
13:15:18  INFO     [EE] 'artificial intelligence' → 100 entries, 51 kept so far
13:15:18  INFO     [LT] 'AI regulation' → 18 entries, 32 kept so far
13:15:18  INFO     [LV] 'AI regulation' → 10 entries, 25 kept so far
13:15:18  INFO     [SI] 'AI regulation' → 9 entries, 48 kept so far
13:15:19  INFO     [CY] 'artificial intelligence' → 100 entries, 48 kept so far
13:15:19  INFO     [LT] 'machine learning' → 29 entries, 35 kept so far
13:15:20  INFO     [EE] 'AI regulation' → 9 entries, 51 kept so far
13:15:20  INFO     [LV] 'machine learning' → 8 entries, 26 kept so far
13:15:20  INFO     [SI] 'machine learning' → 23 entries, 50 kept so far
13:15:20  INFO     [CY] 'AI regulation' → 64 entries, 105 kept so far
13:15:21  INFO     [LV] 'EU AI Act' → 6 entries, 26 kept so far
13:15:21  INFO     [LT] 'EU AI Act' → 26 entries, 39 kept so far
13:15:21  INFO     [EE] 'machine learning' → 16 entries, 55 kept so far
13:15:21  INFO     [SI] 'EU AI Act' → 29 entries, 55 kept so far
13:15:22  INFO     [CY] 'machine learning' → 93 entries, 141 kept so far
13:15:22  INFO     [LV] 'generative AI' → 8 entries, 28 kept so far
13:15:22  INFO     [LT] 'generative AI' → 22 entries, 46 kept so far
13:15:23  INFO     [EE] 'EU AI Act' → 14 entries, 56 kept so far
13:15:23  INFO     [SI] 'generative AI' → 12 entries, 55 kept so far
13:15:23  INFO     [LV] +13 new articles saved
13:15:23  INFO     [LT] +15 new articles saved
13:15:24  INFO     [MT] 'artificial intelligence' → 100 entries, 60 kept so far
13:15:24  INFO     [CY] 'EU AI Act' → 64 entries, 160 kept so far
13:15:24  INFO     [SI] +18 new articles saved
13:15:24  INFO     [LU] 'artificial intelligence' → 100 entries, 54 kept so far
13:15:24  INFO     [EE] 'generative AI' → 10 entries, 58 kept so far
13:15:25  INFO     [MT] 'AI regulation' → 100 entries, 102 kept so far
13:15:25  INFO     [EE] +26 new articles saved
13:15:25  INFO     [CY] 'generative AI' → 100 entries, 204 kept so far
13:15:25  INFO     [LU] 'AI regulation' → 100 entries, 138 kept so far
13:15:26  INFO     [MT] 'machine learning' → 100 entries, 170 kept so far
13:15:26  INFO     [CY] +2 new articles saved
13:15:27  INFO     [LU] 'machine learning' → 100 entries, 191 kept so far
13:15:27  INFO     [MT] 'EU AI Act' → 100 entries, 250 kept so far
13:15:29  INFO     [LU] 'EU AI Act' → 88 entries, 248 kept so far
13:15:29  INFO     [MT] 'generative AI' → 100 entries, 305 kept so far
13:15:30  INFO     [MT] +0 new articles saved
13:15:30  INFO     [LU] 'generative AI' → 100 entries, 272 kept so far
13:15:31  INFO     [LU] +0 new articles saved
13:15:31  INFO     Scrape complete. 2096 new articles this run.
