01:35:27  INFO     Starting scrape: 27 countries, 5 queries each
/home/runner/work/EU_AI_News/EU_AI_News/eu_ai_news_scraper.py:230: DeprecationWarning: datetime.datetime.utcnow() is deprecated and scheduled for removal in a future version. Use timezone-aware objects to represent datetimes in UTC: datetime.datetime.now(datetime.UTC).
  "scraped_at":   datetime.utcnow().isoformat(),
01:35:28  INFO     [IT] 'artificial intelligence' → 100 entries, 45 kept so far
01:35:28  INFO     [DE] 'artificial intelligence' → 100 entries, 50 kept so far
01:35:28  INFO     [PL] 'artificial intelligence' → 100 entries, 15 kept so far
01:35:28  INFO     [FR] 'artificial intelligence' → 100 entries, 59 kept so far
01:35:28  INFO     [ES] 'artificial intelligence' → 100 entries, 66 kept so far
01:35:29  INFO     [IT] 'AI regulation' → 100 entries, 118 kept so far
01:35:29  INFO     [PL] 'AI regulation' → 100 entries, 93 kept so far
01:35:29  INFO     [DE] 'AI regulation' → 100 entries, 104 kept so far
01:35:30  INFO     [ES] 'AI regulation' → 66 entries, 88 kept so far
01:35:30  INFO     [FR] 'AI regulation' → 100 entries, 125 kept so far
01:35:31  INFO     [IT] 'machine learning' → 100 entries, 190 kept so far
01:35:31  INFO     [PL] 'machine learning' → 100 entries, 135 kept so far
01:35:31  INFO     [DE] 'machine learning' → 100 entries, 154 kept so far
01:35:31  INFO     [FR] 'machine learning' → 100 entries, 178 kept so far
01:35:31  INFO     [ES] 'machine learning' → 100 entries, 163 kept so far
01:35:32  INFO     [PL] 'EU AI Act' → 78 entries, 162 kept so far
01:35:33  INFO     [IT] 'EU AI Act' → 100 entries, 261 kept so far
01:35:33  INFO     [DE] 'EU AI Act' → 100 entries, 237 kept so far
01:35:33  INFO     [FR] 'EU AI Act' → 89 entries, 233 kept so far
01:35:33  INFO     [ES] 'EU AI Act' → 78 entries, 204 kept so far
01:35:34  INFO     [PL] 'generative AI' → 100 entries, 194 kept so far
01:35:34  INFO     [IT] 'generative AI' → 100 entries, 297 kept so far
01:35:34  INFO     [DE] 'generative AI' → 100 entries, 267 kept so far
01:35:34  INFO     [FR] 'generative AI' → 100 entries, 265 kept so far
01:35:34  INFO     [ES] 'generative AI' → 100 entries, 242 kept so far
01:35:35  INFO     [PL] +122 new articles saved
01:35:35  INFO     [IT] +158 new articles saved
01:35:35  INFO     [DE] +189 new articles saved
01:35:35  INFO     [FR] +138 new articles saved
01:35:36  INFO     [ES] +130 new articles saved
01:35:36  INFO     [NL] 'artificial intelligence' → 100 entries, 16 kept so far
01:35:36  INFO     [BE] 'artificial intelligence' → 100 entries, 69 kept so far
01:35:36  INFO     [SE] 'artificial intelligence' → 100 entries, 15 kept so far
01:35:36  INFO     [AT] 'artificial intelligence' → 100 entries, 56 kept so far
01:35:36  INFO     [DK] 'artificial intelligence' → 100 entries, 17 kept so far
01:35:37  INFO     [NL] 'AI regulation' → 77 entries, 68 kept so far
01:35:37  INFO     [SE] 'AI regulation' → 71 entries, 30 kept so far
01:35:37  INFO     [BE] 'AI regulation' → 100 entries, 133 kept so far
01:35:38  INFO     [AT] 'AI regulation' → 100 entries, 115 kept so far
01:35:38  INFO     [DK] 'AI regulation' → 33 entries, 22 kept so far
01:35:39  INFO     [NL] 'machine learning' → 100 entries, 123 kept so far
01:35:39  INFO     [SE] 'machine learning' → 75 entries, 50 kept so far
01:35:39  INFO     [BE] 'machine learning' → 100 entries, 186 kept so far
01:35:39  INFO     [DK] 'machine learning' → 86 entries, 44 kept so far
01:35:39  INFO     [AT] 'machine learning' → 100 entries, 167 kept so far
01:35:40  INFO     [SE] 'EU AI Act' → 66 entries, 53 kept so far
01:35:40  INFO     [NL] 'EU AI Act' → 98 entries, 149 kept so far
01:35:41  INFO     [BE] 'EU AI Act' → 93 entries, 242 kept so far
01:35:41  INFO     [DK] 'EU AI Act' → 77 entries, 65 kept so far
01:35:41  INFO     [AT] 'EU AI Act' → 100 entries, 250 kept so far
01:35:42  INFO     [SE] 'generative AI' → 75 entries, 63 kept so far
01:35:42  INFO     [NL] 'generative AI' → 100 entries, 175 kept so far
01:35:42  INFO     [BE] 'generative AI' → 100 entries, 270 kept so far
01:35:42  INFO     [DK] 'generative AI' → 98 entries, 98 kept so far
01:35:43  INFO     [AT] 'generative AI' → 100 entries, 280 kept so far
01:35:43  INFO     [SE] +25 new articles saved
01:35:43  INFO     [NL] +81 new articles saved
01:35:43  INFO     [FI] 'artificial intelligence' → 100 entries, 66 kept so far
01:35:43  INFO     [BE] +24 new articles saved
01:35:43  INFO     [DK] +40 new articles saved
01:35:44  INFO     [PT] 'artificial intelligence' → 100 entries, 61 kept so far
01:35:44  INFO     [AT] +67 new articles saved
01:35:44  INFO     [CZ] 'artificial intelligence' → 100 entries, 19 kept so far
01:35:44  INFO     [RO] 'artificial intelligence' → 100 entries, 43 kept so far
01:35:44  INFO     [HU] 'artificial intelligence' → 100 entries, 15 kept so far
01:35:45  INFO     [FI] 'AI regulation' → 44 entries, 76 kept so far
01:35:45  INFO     [PT] 'AI regulation' → 93 entries, 117 kept so far
01:35:45  INFO     [RO] 'AI regulation' → 28 entries, 49 kept so far
01:35:46  INFO     [CZ] 'AI regulation' → 77 entries, 48 kept so far
01:35:46  INFO     [HU] 'AI regulation' → 79 entries, 17 kept so far
01:35:46  INFO     [FI] 'machine learning' → 87 entries, 115 kept so far
01:35:47  INFO     [RO] 'machine learning' → 100 entries, 102 kept so far
01:35:47  INFO     [PT] 'machine learning' → 100 entries, 192 kept so far
01:35:47  INFO     [CZ] 'machine learning' → 83 entries, 65 kept so far
01:35:47  INFO     [HU] 'machine learning' → 67 entries, 43 kept so far
01:35:48  INFO     [FI] 'EU AI Act' → 60 entries, 147 kept so far
01:35:48  INFO     [RO] 'EU AI Act' → 78 entries, 128 kept so far
01:35:49  INFO     [CZ] 'EU AI Act' → 73 entries, 76 kept so far
01:35:49  INFO     [PT] 'EU AI Act' → 63 entries, 206 kept so far
01:35:49  INFO     [HU] 'EU AI Act' → 77 entries, 67 kept so far
01:35:49  INFO     [FI] 'generative AI' → 57 entries, 179 kept so far
01:35:50  INFO     [RO] 'generative AI' → 91 entries, 156 kept so far
01:35:50  INFO     [CZ] 'generative AI' → 84 entries, 95 kept so far
01:35:50  INFO     [PT] 'generative AI' → 100 entries, 238 kept so far
01:35:50  INFO     [HU] 'generative AI' → 77 entries, 89 kept so far
01:35:50  INFO     [FI] +82 new articles saved
01:35:51  INFO     [GR] 'artificial intelligence' → 100 entries, 45 kept so far
01:35:51  INFO     [RO] +86 new articles saved
01:35:51  INFO     [CZ] +61 new articles saved
01:35:51  INFO     [PT] +149 new articles saved
01:35:51  INFO     [HU] +48 new articles saved
01:35:52  INFO     [SK] 'artificial intelligence' → 100 entries, 26 kept so far
01:35:52  INFO     [BG] 'artificial intelligence' → 80 entries, 37 kept so far
01:35:52  INFO     [HR] 'artificial intelligence' → 100 entries, 56 kept so far
01:35:52  INFO     [IE] 'artificial intelligence' → 100 entries, 57 kept so far
01:35:53  INFO     [GR] 'AI regulation' → 62 entries, 103 kept so far
01:35:53  INFO     [SK] 'AI regulation' → 14 entries, 27 kept so far
01:35:53  INFO     [BG] 'AI regulation' → 17 entries, 38 kept so far
01:35:53  INFO     [HR] 'AI regulation' → 100 entries, 101 kept so far
01:35:54  INFO     [IE] 'AI regulation' → 100 entries, 105 kept so far
01:35:54  INFO     [GR] 'machine learning' → 91 entries, 141 kept so far
01:35:54  INFO     [SK] 'machine learning' → 57 entries, 42 kept so far
01:35:55  INFO     [BG] 'machine learning' → 52 entries, 44 kept so far
01:35:55  INFO     [HR] 'machine learning' → 100 entries, 180 kept so far
01:35:55  INFO     [IE] 'machine learning' → 100 entries, 184 kept so far
01:35:56  INFO     [GR] 'EU AI Act' → 60 entries, 158 kept so far
01:35:56  INFO     [SK] 'EU AI Act' → 62 entries, 54 kept so far
01:35:56  INFO     [BG] 'EU AI Act' → 18 entries, 50 kept so far
01:35:56  INFO     [HR] 'EU AI Act' → 100 entries, 259 kept so far
01:35:57  INFO     [IE] 'EU AI Act' → 100 entries, 257 kept so far
01:35:57  INFO     [GR] 'generative AI' → 100 entries, 199 kept so far
01:35:57  INFO     [BG] 'generative AI' → 28 entries, 54 kept so far
01:35:57  INFO     [SK] 'generative AI' → 44 entries, 63 kept so far
01:35:58  INFO     [HR] 'generative AI' → 100 entries, 321 kept so far
01:35:58  INFO     [GR] +128 new articles saved
01:35:58  INFO     [BG] +30 new articles saved
01:35:58  INFO     [SK] +27 new articles saved
01:35:59  INFO     [LV] 'artificial intelligence' → 63 entries, 23 kept so far
01:35:59  INFO     [LT] 'artificial intelligence' → 88 entries, 28 kept so far
01:35:59  INFO     [IE] 'generative AI' → 100 entries, 316 kept so far
01:35:59  INFO     [SI] 'artificial intelligence' → 100 entries, 50 kept so far
01:35:59  INFO     [HR] +272 new articles saved
01:36:00  INFO     [EE] 'artificial intelligence' → 100 entries, 49 kept so far
01:36:00  INFO     [IE] +108 new articles saved
01:36:00  INFO     [LV] 'AI regulation' → 7 entries, 23 kept so far
01:36:00  INFO     [LT] 'AI regulation' → 15 entries, 29 kept so far
01:36:00  INFO     [SI] 'AI regulation' → 7 entries, 50 kept so far
01:36:00  INFO     [CY] 'artificial intelligence' → 100 entries, 45 kept so far
01:36:01  INFO     [EE] 'AI regulation' → 8 entries, 49 kept so far
01:36:01  INFO     [LV] 'machine learning' → 9 entries, 24 kept so far
01:36:01  INFO     [LT] 'machine learning' → 29 entries, 31 kept so far
01:36:02  INFO     [SI] 'machine learning' → 21 entries, 52 kept so far
01:36:02  INFO     [CY] 'AI regulation' → 62 entries, 103 kept so far
01:36:02  INFO     [EE] 'machine learning' → 17 entries, 54 kept so far
01:36:02  INFO     [LV] 'EU AI Act' → 6 entries, 24 kept so far
01:36:03  INFO     [LT] 'EU AI Act' → 27 entries, 36 kept so far
01:36:03  INFO     [SI] 'EU AI Act' → 24 entries, 55 kept so far
01:36:03  INFO     [CY] 'machine learning' → 91 entries, 141 kept so far
01:36:04  INFO     [EE] 'EU AI Act' → 12 entries, 55 kept so far
01:36:04  INFO     [LV] 'generative AI' → 8 entries, 26 kept so far
01:36:04  INFO     [LT] 'generative AI' → 21 entries, 42 kept so far
01:36:04  INFO     [SI] 'generative AI' → 12 entries, 56 kept so far
01:36:05  INFO     [CY] 'EU AI Act' → 60 entries, 158 kept so far
01:36:05  INFO     [LV] +12 new articles saved
01:36:05  INFO     [EE] 'generative AI' → 10 entries, 56 kept so far
01:36:05  INFO     [LU] 'artificial intelligence' → 100 entries, 59 kept so far
01:36:05  INFO     [LT] +15 new articles saved
01:36:05  INFO     [SI] +19 new articles saved
01:36:05  INFO     [MT] 'artificial intelligence' → 100 entries, 56 kept so far
01:36:06  INFO     [EE] +28 new articles saved
01:36:06  INFO     [CY] 'generative AI' → 100 entries, 199 kept so far
01:36:06  INFO     [MT] 'AI regulation' → 100 entries, 101 kept so far
01:36:07  INFO     [LU] 'AI regulation' → 100 entries, 125 kept so far
01:36:07  INFO     [CY] +0 new articles saved
01:36:08  INFO     [MT] 'machine learning' → 100 entries, 180 kept so far
01:36:08  INFO     [LU] 'machine learning' → 100 entries, 178 kept so far
01:36:09  INFO     [MT] 'EU AI Act' → 100 entries, 259 kept so far
01:36:10  INFO     [LU] 'EU AI Act' → 89 entries, 233 kept so far
01:36:10  INFO     [MT] 'generative AI' → 100 entries, 321 kept so far
01:36:11  INFO     [MT] +0 new articles saved
01:36:11  INFO     [LU] 'generative AI' → 100 entries, 265 kept so far
01:36:12  INFO     [LU] +0 new articles saved
01:36:12  INFO     Scrape complete. 2039 new articles this run.
