20:50:53  INFO     Starting scrape: 27 countries, 5 queries each
/home/runner/work/EU_AI_News/EU_AI_News/eu_ai_news_scraper.py:230: DeprecationWarning: datetime.datetime.utcnow() is deprecated and scheduled for removal in a future version. Use timezone-aware objects to represent datetimes in UTC: datetime.datetime.now(datetime.UTC).
  "scraped_at":   datetime.utcnow().isoformat(),
20:50:53  INFO     [FR] 'artificial intelligence' → 102 entries, 64 kept so far
20:50:53  INFO     [IT] 'artificial intelligence' → 100 entries, 33 kept so far
20:50:53  INFO     [DE] 'artificial intelligence' → 100 entries, 43 kept so far
20:50:53  INFO     [PL] 'artificial intelligence' → 100 entries, 19 kept so far
20:50:53  INFO     [ES] 'artificial intelligence' → 100 entries, 54 kept so far
20:50:55  INFO     [FR] 'AI regulation' → 100 entries, 151 kept so far
20:50:55  INFO     [IT] 'AI regulation' → 100 entries, 125 kept so far
20:50:55  INFO     [PL] 'AI regulation' → 78 entries, 80 kept so far
20:50:55  INFO     [DE] 'AI regulation' → 100 entries, 121 kept so far
20:50:55  INFO     [ES] 'AI regulation' → 77 entries, 95 kept so far
20:50:57  INFO     [IT] 'machine learning' → 100 entries, 201 kept so far
20:50:57  INFO     [PL] 'machine learning' → 100 entries, 131 kept so far
20:50:57  INFO     [FR] 'machine learning' → 100 entries, 210 kept so far
20:50:57  INFO     [DE] 'machine learning' → 100 entries, 174 kept so far
20:50:57  INFO     [ES] 'machine learning' → 100 entries, 167 kept so far
20:50:58  INFO     [PL] 'EU AI Act' → 78 entries, 146 kept so far
20:50:58  INFO     [IT] 'EU AI Act' → 100 entries, 248 kept so far
20:50:58  INFO     [FR] 'EU AI Act' → 91 entries, 252 kept so far
20:50:58  INFO     [DE] 'EU AI Act' → 100 entries, 247 kept so far
20:50:59  INFO     [ES] 'EU AI Act' → 78 entries, 196 kept so far
20:51:00  INFO     [IT] 'generative AI' → 100 entries, 290 kept so far
20:51:00  INFO     [FR] 'generative AI' → 100 entries, 284 kept so far
20:51:00  INFO     [PL] 'generative AI' → 100 entries, 182 kept so far
20:51:00  INFO     [DE] 'generative AI' → 100 entries, 276 kept so far
20:51:00  INFO     [ES] 'generative AI' → 100 entries, 243 kept so far
20:51:01  INFO     [IT] +199 new articles saved
20:51:01  INFO     [FR] +180 new articles saved
20:51:01  INFO     [PL] +106 new articles saved
20:51:01  INFO     [DE] +201 new articles saved
20:51:01  INFO     [NL] 'artificial intelligence' → 100 entries, 12 kept so far
20:51:01  INFO     [BE] 'artificial intelligence' → 100 entries, 65 kept so far
20:51:01  INFO     [ES] +152 new articles saved
20:51:01  INFO     [SE] 'artificial intelligence' → 100 entries, 14 kept so far
20:51:02  INFO     [AT] 'artificial intelligence' → 100 entries, 45 kept so far
20:51:02  INFO     [DK] 'artificial intelligence' → 100 entries, 17 kept so far
20:51:03  INFO     [NL] 'AI regulation' → 77 entries, 57 kept so far
20:51:03  INFO     [BE] 'AI regulation' → 97 entries, 149 kept so far
20:51:03  INFO     [SE] 'AI regulation' → 75 entries, 29 kept so far
20:51:03  INFO     [AT] 'AI regulation' → 100 entries, 120 kept so far
20:51:04  INFO     [DK] 'AI regulation' → 49 entries, 25 kept so far
20:51:05  INFO     [NL] 'machine learning' → 100 entries, 113 kept so far
20:51:05  INFO     [SE] 'machine learning' → 81 entries, 51 kept so far
20:51:05  INFO     [BE] 'machine learning' → 100 entries, 204 kept so far
20:51:05  INFO     [AT] 'machine learning' → 100 entries, 170 kept so far
20:51:05  INFO     [DK] 'machine learning' → 78 entries, 47 kept so far
20:51:06  INFO     [NL] 'EU AI Act' → 100 entries, 145 kept so far
20:51:06  INFO     [SE] 'EU AI Act' → 64 entries, 58 kept so far
20:51:06  INFO     [BE] 'EU AI Act' → 100 entries, 250 kept so far
20:51:06  INFO     [AT] 'EU AI Act' → 100 entries, 246 kept so far
20:51:07  INFO     [DK] 'EU AI Act' → 76 entries, 64 kept so far
20:51:08  INFO     [SE] 'generative AI' → 73 entries, 68 kept so far
20:51:08  INFO     [NL] 'generative AI' → 100 entries, 177 kept so far
20:51:08  INFO     [BE] 'generative AI' → 100 entries, 278 kept so far
20:51:08  INFO     [AT] 'generative AI' → 100 entries, 279 kept so far
20:51:08  INFO     [DK] 'generative AI' → 100 entries, 100 kept so far
20:51:09  INFO     [SE] +38 new articles saved
20:51:09  INFO     [NL] +84 new articles saved
20:51:09  INFO     [BE] +32 new articles saved
20:51:09  INFO     [FI] 'artificial intelligence' → 100 entries, 65 kept so far
20:51:09  INFO     [AT] +54 new articles saved
20:51:09  INFO     [PT] 'artificial intelligence' → 100 entries, 62 kept so far
20:51:09  INFO     [DK] +49 new articles saved
20:51:09  INFO     [CZ] 'artificial intelligence' → 101 entries, 19 kept so far
20:51:10  INFO     [RO] 'artificial intelligence' → 100 entries, 38 kept so far
20:51:10  INFO     [HU] 'artificial intelligence' → 100 entries, 22 kept so far
20:51:11  INFO     [FI] 'AI regulation' → 59 entries, 76 kept so far
20:51:11  INFO     [PT] 'AI regulation' → 78 entries, 100 kept so far
20:51:11  INFO     [CZ] 'AI regulation' → 77 entries, 41 kept so far
20:51:11  INFO     [RO] 'AI regulation' → 77 entries, 48 kept so far
20:51:12  INFO     [HU] 'AI regulation' → 78 entries, 26 kept so far
20:51:12  INFO     [FI] 'machine learning' → 81 entries, 121 kept so far
20:51:12  INFO     [PT] 'machine learning' → 100 entries, 180 kept so far
20:51:13  INFO     [RO] 'machine learning' → 100 entries, 103 kept so far
20:51:13  INFO     [CZ] 'machine learning' → 80 entries, 64 kept so far
20:51:13  INFO     [HU] 'machine learning' → 64 entries, 50 kept so far
20:51:14  INFO     [FI] 'EU AI Act' → 69 entries, 161 kept so far
20:51:14  INFO     [PT] 'EU AI Act' → 62 entries, 193 kept so far
20:51:14  INFO     [RO] 'EU AI Act' → 73 entries, 131 kept so far
20:51:14  INFO     [CZ] 'EU AI Act' → 74 entries, 78 kept so far
20:51:15  INFO     [HU] 'EU AI Act' → 79 entries, 72 kept so far
20:51:15  INFO     [FI] 'generative AI' → 70 entries, 203 kept so far
20:51:16  INFO     [RO] 'generative AI' → 93 entries, 155 kept so far
20:51:16  INFO     [PT] 'generative AI' → 100 entries, 224 kept so far
20:51:16  INFO     [CZ] 'generative AI' → 77 entries, 95 kept so far
20:51:16  INFO     [HU] 'generative AI' → 68 entries, 92 kept so far
20:51:16  INFO     [FI] +110 new articles saved
20:51:17  INFO     [GR] 'artificial intelligence' → 100 entries, 43 kept so far
20:51:17  INFO     [RO] +97 new articles saved
20:51:17  INFO     [PT] +140 new articles saved
20:51:17  INFO     [CZ] +63 new articles saved
20:51:17  INFO     [HU] +57 new articles saved
20:51:17  INFO     [SK] 'artificial intelligence' → 100 entries, 24 kept so far
20:51:17  INFO     [HR] 'artificial intelligence' → 102 entries, 59 kept so far
20:51:17  INFO     [IE] 'artificial intelligence' → 100 entries, 57 kept so far
20:51:18  INFO     [BG] 'artificial intelligence' → 99 entries, 41 kept so far
20:51:18  INFO     [GR] 'AI regulation' → 66 entries, 95 kept so far
20:51:19  INFO     [SK] 'AI regulation' → 29 entries, 27 kept so far
20:51:19  INFO     [HR] 'AI regulation' → 100 entries, 107 kept so far
20:51:19  INFO     [IE] 'AI regulation' → 100 entries, 107 kept so far
20:51:19  INFO     [BG] 'AI regulation' → 25 entries, 45 kept so far
20:51:20  INFO     [GR] 'machine learning' → 100 entries, 132 kept so far
20:51:20  INFO     [SK] 'machine learning' → 61 entries, 41 kept so far
20:51:21  INFO     [HR] 'machine learning' → 100 entries, 185 kept so far
20:51:21  INFO     [BG] 'machine learning' → 54 entries, 56 kept so far
20:51:21  INFO     [IE] 'machine learning' → 100 entries, 183 kept so far
20:51:21  INFO     [GR] 'EU AI Act' → 64 entries, 149 kept so far
20:51:22  INFO     [SK] 'EU AI Act' → 59 entries, 51 kept so far
20:51:22  INFO     [BG] 'EU AI Act' → 21 entries, 58 kept so far
20:51:22  INFO     [HR] 'EU AI Act' → 100 entries, 269 kept so far
20:51:22  INFO     [IE] 'EU AI Act' → 100 entries, 258 kept so far
20:51:23  INFO     [GR] 'generative AI' → 100 entries, 195 kept so far
20:51:23  INFO     [SK] 'generative AI' → 49 entries, 64 kept so far
20:51:23  INFO     [BG] 'generative AI' → 36 entries, 64 kept so far
20:51:24  INFO     [GR] +133 new articles saved
20:51:24  INFO     [HR] 'generative AI' → 100 entries, 339 kept so far
20:51:24  INFO     [SK] +35 new articles saved
20:51:24  INFO     [IE] 'generative AI' → 100 entries, 332 kept so far
20:51:24  INFO     [LT] 'artificial intelligence' → 84 entries, 26 kept so far
20:51:24  INFO     [BG] +41 new articles saved
20:51:24  INFO     [SI] 'artificial intelligence' → 100 entries, 42 kept so far
20:51:25  INFO     [LV] 'artificial intelligence' → 68 entries, 23 kept so far
20:51:25  INFO     [HR] +305 new articles saved
20:51:25  INFO     [IE] +128 new articles saved
20:51:25  INFO     [EE] 'artificial intelligence' → 95 entries, 49 kept so far
20:51:26  INFO     [LT] 'AI regulation' → 8 entries, 26 kept so far
20:51:26  INFO     [CY] 'artificial intelligence' → 100 entries, 43 kept so far
20:51:26  INFO     [SI] 'AI regulation' → 5 entries, 42 kept so far
20:51:26  INFO     [LV] 'AI regulation' → 4 entries, 23 kept so far
20:51:27  INFO     [EE] 'AI regulation' → 3 entries, 49 kept so far
20:51:27  INFO     [LT] 'machine learning' → 36 entries, 29 kept so far
20:51:27  INFO     [CY] 'AI regulation' → 66 entries, 95 kept so far
20:51:27  INFO     [SI] 'machine learning' → 21 entries, 44 kept so far
20:51:27  INFO     [LV] 'machine learning' → 11 entries, 27 kept so far
20:51:28  INFO     [LT] 'EU AI Act' → 19 entries, 30 kept so far
20:51:28  INFO     [EE] 'machine learning' → 22 entries, 50 kept so far
20:51:29  INFO     [CY] 'machine learning' → 100 entries, 132 kept so far
20:51:29  INFO     [LV] 'EU AI Act' → 7 entries, 28 kept so far
20:51:29  INFO     [SI] 'EU AI Act' → 23 entries, 49 kept so far
20:51:30  INFO     [LT] 'generative AI' → 16 entries, 36 kept so far
20:51:30  INFO     [EE] 'EU AI Act' → 8 entries, 50 kept so far
20:51:30  INFO     [LV] 'generative AI' → 9 entries, 29 kept so far
20:51:30  INFO     [CY] 'EU AI Act' → 64 entries, 149 kept so far
20:51:30  INFO     [SI] 'generative AI' → 16 entries, 51 kept so far
20:51:31  INFO     [LT] +13 new articles saved
20:51:31  INFO     [LV] +14 new articles saved
20:51:31  INFO     [MT] 'artificial intelligence' → 102 entries, 59 kept so far
20:51:31  INFO     [SI] +20 new articles saved
20:51:31  INFO     [EE] 'generative AI' → 9 entries, 52 kept so far
20:51:31  INFO     [LU] 'artificial intelligence' → 102 entries, 65 kept so far
20:51:31  INFO     [CY] 'generative AI' → 100 entries, 195 kept so far
20:51:32  INFO     [EE] +29 new articles saved
20:51:32  INFO     [MT] 'AI regulation' → 100 entries, 107 kept so far
20:51:32  INFO     [CY] +0 new articles saved
20:51:33  INFO     [LU] 'AI regulation' → 100 entries, 152 kept so far
20:51:33  INFO     [MT] 'machine learning' → 100 entries, 185 kept so far
20:51:34  INFO     [LU] 'machine learning' → 100 entries, 211 kept so far
20:51:35  INFO     [MT] 'EU AI Act' → 100 entries, 269 kept so far
20:51:36  INFO     [MT] 'generative AI' → 100 entries, 339 kept so far
20:51:36  INFO     [LU] 'EU AI Act' → 91 entries, 253 kept so far
20:51:37  INFO     [MT] +0 new articles saved
20:51:37  INFO     [LU] 'generative AI' → 100 entries, 285 kept so far
20:51:38  INFO     [LU] +2 new articles saved
20:51:38  INFO     Scrape complete. 2282 new articles this run.
