02:06:02  INFO     Starting scrape: 27 countries, 5 queries each
/home/runner/work/EU_AI_News/EU_AI_News/eu_ai_news_scraper.py:230: DeprecationWarning: datetime.datetime.utcnow() is deprecated and scheduled for removal in a future version. Use timezone-aware objects to represent datetimes in UTC: datetime.datetime.now(datetime.UTC).
  "scraped_at":   datetime.utcnow().isoformat(),
02:06:02  INFO     [PL] 'artificial intelligence' → 100 entries, 26 kept so far
02:06:02  INFO     [FR] 'artificial intelligence' → 100 entries, 51 kept so far
02:06:02  INFO     [DE] 'artificial intelligence' → 100 entries, 51 kept so far
02:06:02  INFO     [IT] 'artificial intelligence' → 100 entries, 47 kept so far
02:06:03  INFO     [ES] 'artificial intelligence' → 100 entries, 62 kept so far
02:06:04  INFO     [FR] 'AI regulation' → 100 entries, 110 kept so far
02:06:04  INFO     [PL] 'AI regulation' → 100 entries, 98 kept so far
02:06:04  INFO     [DE] 'AI regulation' → 96 entries, 99 kept so far
02:06:04  INFO     [ES] 'AI regulation' → 70 entries, 82 kept so far
02:06:04  INFO     [IT] 'AI regulation' → 100 entries, 119 kept so far
02:06:05  INFO     [FR] 'machine learning' → 100 entries, 166 kept so far
02:06:06  INFO     [DE] 'machine learning' → 100 entries, 148 kept so far
02:06:06  INFO     [PL] 'machine learning' → 100 entries, 134 kept so far
02:06:06  INFO     [IT] 'machine learning' → 100 entries, 190 kept so far
02:06:06  INFO     [ES] 'machine learning' → 100 entries, 158 kept so far
02:06:07  INFO     [FR] 'EU AI Act' → 84 entries, 214 kept so far
02:06:07  INFO     [PL] 'EU AI Act' → 76 entries, 163 kept so far
02:06:07  INFO     [DE] 'EU AI Act' → 100 entries, 227 kept so far
02:06:07  INFO     [ES] 'EU AI Act' → 79 entries, 200 kept so far
02:06:08  INFO     [IT] 'EU AI Act' → 100 entries, 263 kept so far
02:06:09  INFO     [PL] 'generative AI' → 100 entries, 198 kept so far
02:06:09  INFO     [DE] 'generative AI' → 100 entries, 252 kept so far
02:06:09  INFO     [FR] 'generative AI' → 100 entries, 248 kept so far
02:06:09  INFO     [ES] 'generative AI' → 100 entries, 241 kept so far
02:06:09  INFO     [IT] 'generative AI' → 100 entries, 303 kept so far
02:06:10  INFO     [PL] +129 new articles saved
02:06:10  INFO     [DE] +181 new articles saved
02:06:10  INFO     [FR] +121 new articles saved
02:06:10  INFO     [ES] +116 new articles saved
02:06:10  INFO     [IT] +173 new articles saved
02:06:10  INFO     [NL] 'artificial intelligence' → 100 entries, 16 kept so far
02:06:10  INFO     [BE] 'artificial intelligence' → 100 entries, 54 kept so far
02:06:11  INFO     [SE] 'artificial intelligence' → 100 entries, 6 kept so far
02:06:11  INFO     [DK] 'artificial intelligence' → 100 entries, 12 kept so far
02:06:11  INFO     [AT] 'artificial intelligence' → 100 entries, 51 kept so far
02:06:12  INFO     [NL] 'AI regulation' → 77 entries, 73 kept so far
02:06:12  INFO     [SE] 'AI regulation' → 71 entries, 20 kept so far
02:06:12  INFO     [BE] 'AI regulation' → 100 entries, 133 kept so far
02:06:12  INFO     [DK] 'AI regulation' → 31 entries, 16 kept so far
02:06:12  INFO     [AT] 'AI regulation' → 100 entries, 108 kept so far
02:06:14  INFO     [NL] 'machine learning' → 100 entries, 126 kept so far
02:06:14  INFO     [SE] 'machine learning' → 73 entries, 44 kept so far
02:06:14  INFO     [DK] 'machine learning' → 79 entries, 39 kept so far
02:06:14  INFO     [BE] 'machine learning' → 100 entries, 190 kept so far
02:06:14  INFO     [AT] 'machine learning' → 100 entries, 158 kept so far
02:06:15  INFO     [NL] 'EU AI Act' → 100 entries, 151 kept so far
02:06:15  INFO     [SE] 'EU AI Act' → 62 entries, 49 kept so far
02:06:15  INFO     [DK] 'EU AI Act' → 75 entries, 55 kept so far
02:06:15  INFO     [BE] 'EU AI Act' → 87 entries, 226 kept so far
02:06:16  INFO     [AT] 'EU AI Act' → 100 entries, 237 kept so far
02:06:17  INFO     [NL] 'generative AI' → 100 entries, 177 kept so far
02:06:17  INFO     [SE] 'generative AI' → 72 entries, 55 kept so far
02:06:17  INFO     [DK] 'generative AI' → 100 entries, 89 kept so far
02:06:17  INFO     [BE] 'generative AI' → 100 entries, 256 kept so far
02:06:17  INFO     [AT] 'generative AI' → 100 entries, 258 kept so far
02:06:18  INFO     [NL] +79 new articles saved
02:06:18  INFO     [SE] +16 new articles saved
02:06:18  INFO     [DK] +30 new articles saved
02:06:18  INFO     [BE] +27 new articles saved
02:06:18  INFO     [FI] 'artificial intelligence' → 100 entries, 67 kept so far
02:06:18  INFO     [PT] 'artificial intelligence' → 100 entries, 65 kept so far
02:06:18  INFO     [CZ] 'artificial intelligence' → 100 entries, 17 kept so far
02:06:18  INFO     [AT] +40 new articles saved
02:06:19  INFO     [RO] 'artificial intelligence' → 100 entries, 41 kept so far
02:06:19  INFO     [HU] 'artificial intelligence' → 100 entries, 15 kept so far
02:06:20  INFO     [FI] 'AI regulation' → 50 entries, 77 kept so far
02:06:20  INFO     [CZ] 'AI regulation' → 76 entries, 48 kept so far
02:06:20  INFO     [RO] 'AI regulation' → 32 entries, 48 kept so far
02:06:20  INFO     [PT] 'AI regulation' → 92 entries, 121 kept so far
02:06:20  INFO     [HU] 'AI regulation' → 79 entries, 18 kept so far
02:06:21  INFO     [FI] 'machine learning' → 100 entries, 111 kept so far
02:06:22  INFO     [CZ] 'machine learning' → 83 entries, 65 kept so far
02:06:22  INFO     [RO] 'machine learning' → 100 entries, 102 kept so far
02:06:22  INFO     [PT] 'machine learning' → 100 entries, 198 kept so far
02:06:22  INFO     [HU] 'machine learning' → 68 entries, 43 kept so far
02:06:23  INFO     [FI] 'EU AI Act' → 56 entries, 139 kept so far
02:06:23  INFO     [CZ] 'EU AI Act' → 75 entries, 74 kept so far
02:06:23  INFO     [RO] 'EU AI Act' → 78 entries, 122 kept so far
02:06:23  INFO     [PT] 'EU AI Act' → 53 entries, 213 kept so far
02:06:23  INFO     [HU] 'EU AI Act' → 78 entries, 70 kept so far
02:06:24  INFO     [FI] 'generative AI' → 55 entries, 172 kept so far
02:06:25  INFO     [CZ] 'generative AI' → 91 entries, 98 kept so far
02:06:25  INFO     [RO] 'generative AI' → 82 entries, 152 kept so far
02:06:25  INFO     [HU] 'generative AI' → 74 entries, 94 kept so far
02:06:25  INFO     [PT] 'generative AI' → 100 entries, 241 kept so far
02:06:25  INFO     [FI] +81 new articles saved
02:06:26  INFO     [CZ] +59 new articles saved
02:06:26  INFO     [RO] +83 new articles saved
02:06:26  INFO     [GR] 'artificial intelligence' → 100 entries, 47 kept so far
02:06:26  INFO     [HU] +51 new articles saved
02:06:26  INFO     [SK] 'artificial intelligence' → 100 entries, 23 kept so far
02:06:26  INFO     [IE] 'artificial intelligence' → 100 entries, 68 kept so far
02:06:26  INFO     [PT] +147 new articles saved
02:06:27  INFO     [HR] 'artificial intelligence' → 100 entries, 64 kept so far
02:06:27  INFO     [BG] 'artificial intelligence' → 84 entries, 38 kept so far
02:06:27  INFO     [SK] 'AI regulation' → 17 entries, 26 kept so far
02:06:27  INFO     [GR] 'AI regulation' → 62 entries, 102 kept so far
02:06:28  INFO     [BG] 'AI regulation' → 11 entries, 39 kept so far
02:06:28  INFO     [HR] 'AI regulation' → 100 entries, 104 kept so far
02:06:28  INFO     [IE] 'AI regulation' → 100 entries, 109 kept so far
02:06:29  INFO     [SK] 'machine learning' → 57 entries, 37 kept so far
02:06:29  INFO     [GR] 'machine learning' → 95 entries, 132 kept so far
02:06:29  INFO     [BG] 'machine learning' → 56 entries, 46 kept so far
02:06:30  INFO     [HR] 'machine learning' → 100 entries, 185 kept so far
02:06:30  INFO     [IE] 'machine learning' → 100 entries, 191 kept so far
02:06:30  INFO     [SK] 'EU AI Act' → 63 entries, 52 kept so far
02:06:31  INFO     [BG] 'EU AI Act' → 14 entries, 50 kept so far
02:06:31  INFO     [GR] 'EU AI Act' → 61 entries, 151 kept so far
02:06:31  INFO     [HR] 'EU AI Act' → 100 entries, 263 kept so far
02:06:31  INFO     [IE] 'EU AI Act' → 100 entries, 263 kept so far
02:06:32  INFO     [SK] 'generative AI' → 41 entries, 59 kept so far
02:06:32  INFO     [BG] 'generative AI' → 28 entries, 54 kept so far
02:06:32  INFO     [GR] 'generative AI' → 100 entries, 195 kept so far
02:06:33  INFO     [SK] +28 new articles saved
02:06:33  INFO     [HR] 'generative AI' → 100 entries, 332 kept so far
02:06:33  INFO     [BG] +28 new articles saved
02:06:33  INFO     [IE] 'generative AI' → 100 entries, 329 kept so far
02:06:33  INFO     [GR] +124 new articles saved
02:06:33  INFO     [LT] 'artificial intelligence' → 73 entries, 26 kept so far
02:06:33  INFO     [SI] 'artificial intelligence' → 100 entries, 48 kept so far
02:06:34  INFO     [LV] 'artificial intelligence' → 65 entries, 21 kept so far
02:06:34  INFO     [HR] +279 new articles saved
02:06:34  INFO     [IE] +102 new articles saved
02:06:35  INFO     [EE] 'artificial intelligence' → 100 entries, 42 kept so far
02:06:35  INFO     [LT] 'AI regulation' → 17 entries, 27 kept so far
02:06:35  INFO     [CY] 'artificial intelligence' → 100 entries, 47 kept so far
02:06:35  INFO     [SI] 'AI regulation' → 7 entries, 48 kept so far
02:06:35  INFO     [LV] 'AI regulation' → 6 entries, 21 kept so far
02:06:36  INFO     [LT] 'machine learning' → 28 entries, 31 kept so far
02:06:36  INFO     [EE] 'AI regulation' → 10 entries, 42 kept so far
02:06:36  INFO     [SI] 'machine learning' → 23 entries, 51 kept so far
02:06:36  INFO     [CY] 'AI regulation' → 62 entries, 102 kept so far
02:06:36  INFO     [LV] 'machine learning' → 10 entries, 22 kept so far
02:06:37  INFO     [LT] 'EU AI Act' → 23 entries, 33 kept so far
02:06:37  INFO     [EE] 'machine learning' → 20 entries, 48 kept so far
02:06:37  INFO     [SI] 'EU AI Act' → 28 entries, 56 kept so far
02:06:37  INFO     [LV] 'EU AI Act' → 5 entries, 22 kept so far
02:06:38  INFO     [CY] 'machine learning' → 95 entries, 132 kept so far
02:06:39  INFO     [LT] 'generative AI' → 22 entries, 42 kept so far
02:06:39  INFO     [LV] 'generative AI' → 9 entries, 25 kept so far
02:06:39  INFO     [EE] 'EU AI Act' → 14 entries, 49 kept so far
02:06:39  INFO     [SI] 'generative AI' → 13 entries, 57 kept so far
02:06:39  INFO     [CY] 'EU AI Act' → 61 entries, 151 kept so far
02:06:40  INFO     [LT] +14 new articles saved
02:06:40  INFO     [LV] +10 new articles saved
02:06:40  INFO     [SI] +18 new articles saved
02:06:40  INFO     [MT] 'artificial intelligence' → 100 entries, 64 kept so far
02:06:40  INFO     [EE] 'generative AI' → 11 entries, 51 kept so far
02:06:40  INFO     [LU] 'artificial intelligence' → 100 entries, 51 kept so far
02:06:41  INFO     [CY] 'generative AI' → 100 entries, 195 kept so far
02:06:41  INFO     [MT] 'AI regulation' → 100 entries, 104 kept so far
02:06:41  INFO     [EE] +20 new articles saved
02:06:42  INFO     [CY] +1 new articles saved
02:06:42  INFO     [LU] 'AI regulation' → 100 entries, 109 kept so far
02:06:42  INFO     [MT] 'machine learning' → 100 entries, 185 kept so far
02:06:43  INFO     [MT] 'EU AI Act' → 100 entries, 263 kept so far
02:06:43  INFO     [LU] 'machine learning' → 100 entries, 165 kept so far
02:06:45  INFO     [MT] 'generative AI' → 100 entries, 332 kept so far
02:06:45  INFO     [LU] 'EU AI Act' → 84 entries, 213 kept so far
02:06:46  INFO     [MT] +0 new articles saved
02:06:47  INFO     [LU] 'generative AI' → 100 entries, 247 kept so far
02:06:48  INFO     [LU] +0 new articles saved
02:06:48  INFO     Scrape complete. 1957 new articles this run.
